Sender: LSF System <lsfadmin@xc05n03>
Subject: Job 116073: <fit_angm> in cluster <xdft1> Done

Job <fit_angm> was submitted from host <xc03n08> by user <symei> in cluster <xdft1> at Mon Sep 29 14:55:45 2025
Job was executed on host(s) <4*xc05n03>, in queue <small>, as user <symei> in cluster <xdft1> at Mon Sep 29 14:55:46 2025
</share/home/symei> was used as the home directory.
</share/home/symei/comp/pp-fit/fmin_rms/br-angm> was used as the working directory.
Started at Mon Sep 29 14:55:46 2025
Terminated at Mon Sep 29 15:01:06 2025
Results reported at Mon Sep 29 15:01:06 2025

Your job looked like:

------------------------------------------------------------
# LSBATCH: User input
#! /usr/bin/env bash

#BSUB -q small      # 替换为实际队列名（如 normal、cpu、gpu等）
#BSUB -J fit_angm         # 作业名称
#BSUB -n 4              # 申请 8 个 CPU 核心
#BSUB -R "span[ptile=16]" # 限制在单节点运行
#BSUB -o %J.out         # 输出日志文件
#BSUB -e %J.err         # 错误日志文件

export ROOT_PATH=/share/home/symei/pseudo_fitting
export FITTING_PATH=${ROOT_PATH}/DFT_Fit
export IGOR_MODULES_PATH=${ROOT_PATH}/Modules

nohup python $FITTING_PATH/DFT_Fit.py br-fitting.ctl

------------------------------------------------------------

Successfully completed.

Resource usage summary:

    CPU time :                                   1308.40 sec.
    Max Memory :                                 6172 MB
    Average Memory :                             2125.78 MB
    Total Requested Memory :                     -
    Delta Memory :                               -
    Max Swap :                                   2 MB
    Max Processes :                              7
    Max Threads :                                66
    Run time :                                   319 sec.
    Turnaround time :                            321 sec.

The output (if any) follows:

Error :: SCF doesn't sucess in br


PS:

Read file <116073.err> for stderr output of this job.

