Sender: LSF System <lsfadmin@xc03n06>
Subject: Job 116101: <fit_angm> in cluster <xdft1> Exited

Job <fit_angm> was submitted from host <xc03n08> by user <symei> in cluster <xdft1> at Mon Sep 29 15:23:57 2025
Job was executed on host(s) <4*xc03n06>, in queue <small>, as user <symei> in cluster <xdft1> at Mon Sep 29 15:23:58 2025
</share/home/symei> was used as the home directory.
</share/home/symei/comp/pp-fit/fmin_rms/br-angm> was used as the working directory.
Started at Mon Sep 29 15:23:58 2025
Terminated at Fri Oct  3 15:24:00 2025
Results reported at Fri Oct  3 15:24:00 2025

Your job looked like:

------------------------------------------------------------
# LSBATCH: User input
#! /usr/bin/env bash

#BSUB -q small      # 替换为实际队列名（如 normal、cpu、gpu等）
#BSUB -J fit_angm         # 作业名称
#BSUB -n 4              # 申请 8 个 CPU 核心
#BSUB -R "span[ptile=16]" # 限制在单节点运行
#BSUB -o %J.out         # 输出日志文件
#BSUB -e %J.err         # 错误日志文件

export ROOT_PATH=/share/home/symei/pseudo_fitting
export FITTING_PATH=${ROOT_PATH}/DFT_Fit
export IGOR_MODULES_PATH=${ROOT_PATH}/Modules

nohup python $FITTING_PATH/DFT_Fit.py br-fitting.ctl

------------------------------------------------------------

TERM_RUNLIMIT: job killed after reaching LSF run time limit.
Exited with exit code 140.

Resource usage summary:

    CPU time :                                   1436817.00 sec.
    Max Memory :                                 6189 MB
    Average Memory :                             2189.68 MB
    Total Requested Memory :                     -
    Delta Memory :                               -
    Max Swap :                                   17592186044415 MB
    Max Processes :                              8
    Max Threads :                                58
    Run time :                                   345602 sec.
    Turnaround time :                            345603 sec.

The output (if any) follows:



PS:

Read file <116101.err> for stderr output of this job.

