Sender: LSF System <lsfadmin@xc06n02>
Subject: Job 78939: <fit_angm> in cluster <xdft1> Done

Job <fit_angm> was submitted from host <xc03n08> by user <symei> in cluster <xdft1> at Thu Sep 18 16:51:20 2025
Job was executed on host(s) <4*xc06n02>, in queue <small>, as user <symei> in cluster <xdft1> at Thu Sep 18 16:51:20 2025
</share/home/symei> was used as the home directory.
</share/home/symei/comp/pp-fit/br-angm> was used as the working directory.
Started at Thu Sep 18 16:51:20 2025
Terminated at Thu Sep 18 16:56:13 2025
Results reported at Thu Sep 18 16:56:13 2025

Your job looked like:

------------------------------------------------------------
# LSBATCH: User input
#! /usr/bin/env bash

#BSUB -q small      # 替换为实际队列名（如 normal、cpu、gpu等）
#BSUB -J fit_angm         # 作业名称
#BSUB -n 4              # 申请 8 个 CPU 核心
#BSUB -R "span[ptile=16]" # 限制在单节点运行
#BSUB -o %J.out         # 输出日志文件
#BSUB -e %J.err         # 错误日志文件

export ROOT_PATH=/share/home/symei/pseudo_fitting
export FITTING_PATH=${ROOT_PATH}/DFT_Fit
export IGOR_MODULES_PATH=${ROOT_PATH}/Modules

nohup python $FITTING_PATH/DFT_Fit.py br-fitting.ctl

------------------------------------------------------------

Successfully completed.

Resource usage summary:

    CPU time :                                   1168.27 sec.
    Max Memory :                                 6008 MB
    Average Memory :                             2147.04 MB
    Total Requested Memory :                     -
    Delta Memory :                               -
    Max Swap :                                   17592186044415 MB
    Max Processes :                              8
    Max Threads :                                54
    Run time :                                   292 sec.
    Turnaround time :                            293 sec.

The output (if any) follows:

Error :: SCF doesn't sucess in br


PS:

Read file <78939.err> for stderr output of this job.

