=========================================================
Input parameters for the REST calculation
=========================================================
Calculation type: Single-point energy
The exchange-correlation method: xygjos
Print level:                3
The number of threads used for parallelism:      4
The spheric-GTO basis set is taken from /home/symei/def2-TZVPP
The pruning method is nwchem
The radial grid generation method is treutler
ERI Type: ri_v
Turn on the basis pair symmetry for RI 3D-tensors
The spheric-GTO auxiliary basis set is taken from /home/symei/def2-SV(P)-JKFIT
Spin polarization: On
Charge:   0; Spin:   2
min_num_angular_points: 110
max_num_angular_points: 590
hardness: 3
Grid generation level: 3
Even tempered basis generation: false
SCF convergency thresholds: 1e-8 for density matrix
                            1e-6 Ha. for sum of eigenvalues
                            1e-8 Ha. for total energy
Max. SCF cycle number:      100
The diis mixing with (param, max_vec_len) = (0.2, 8) is employed for the SCF procedure
Turn on the diis mixing after 1 step(s) of SCF iteractions with the linear mixing
The specified checkfile exists but is not loaded because the keyword 'external_init_guess' is specified
It will be updated after the SCF procedure 
(none)
Initial guess is prepared by (sad).
It is a finite cluster calculation
the scf functional for 'xygjos' contains
The density functional 'B3LYP' belongs to the 'Hybrid GGA' family and is defined in the reference(s):
(0): P. J. Stephens, F. J. Devlin, C. F. Chabalowski, and M. J. Frisch.,  J. Phys. Chem. 98, 11623 (1994)
the post-scf functional 'xygjos' is employed, which contains
The density functional 'Slater exchange' belongs to the 'LDA' family and is defined in the reference(s):
(0): P. A. M. Dirac.,  Math. Proc. Cambridge Philos. Soc. 26, 376 (1930)
(1): F. Bloch.,  Z. Phys. 57, 545 (1929)
The density functional 'Becke 88' belongs to the 'GGA' family and is defined in the reference(s):
(0): A. D. Becke.,  Phys. Rev. A 38, 3098 (1988)
The density functional 'Vosko, Wilk & Nusair (VWN5_RPA)' belongs to the 'LDA' family and is defined in the reference(s):
(0): S. H. Vosko, L. Wilk, and M. Nusair.,  Can. J. Phys. 58, 1200 (1980)
The density functional 'Lee, Yang & Parr' belongs to the 'GGA' family and is defined in the reference(s):
(0): C. Lee, W. Yang, and R. G. Parr.,  Phys. Rev. B 37, 785 (1988)
(1): B. Miehlich, A. Savin, H. Stoll, and H. Preuss.,  Chem. Phys. Lett. 157, 200 (1989)
For SCF calculation, no core orbital is frozen by effective core potential (ECP) approximation
Libxc version used in REST: 7.0.0
nbas: 12, natm: 1 for standard basis sets
First valence state for the frozen-core algorithm:     0
final nbas: 46,final natm: 2
numbasis: 32, num_auxbas: 112
Molecule_name: na
job_type = "SinglePoint"
print_level = 3
basis_path = "/home/symei/def2-TZVPP"
basis_type = "spheric"
auxbas_path = "/home/symei/def2-SV(P)-JKFIT"
auxbas_type = "spheric"
use_auxbas = true
even_tempered_basis = false
etb_start_atom_number = 1
etb_beta = 1.0
ri_k_only = false
auxbasis_response = false
use_isdf = false
isdf_k_only = false
isdf_k_mu = 8
isdf_new = false
eri_type = "ri_v"
use_ri_symm = true
xc = "xygjos"
post_xc = []
post_correlation = []
post_ai_correction = "none"
charge = 0.0
spin = 2.0
spin_channel = 2
spin_polarization = true
frozen_core_postscf = 0
frequency_points = 20
lambda_points = 20
freq_grid_type = 0
freq_cut_off = 10.0
radial_precision = 0.000000000001
min_num_angular_points = 110
max_num_angular_points = 590
grid_gen_level = 3
hardness = 3
pruning = "nwchem"
rad_grid_method = "treutler"
external_grids = "grids"
mixer = "diis"
mix_param = 0.2
num_max_diis = 8
start_diis_cycle = 1
start_check_oscillation = 20
max_scf_cycle = 100
scf_acc_rho = 0.00000001
scf_acc_eev = 0.000001
scf_acc_etot = 0.00000001
restart = false
chkfile = "none"
chkfile_type = "hdf5"
guessfile = "none"
guessfile_type = "none"
external_init_guess = false
initial_guess = "sad"
noiter = false
check_stab = false
use_dm_only = false
use_ri_vj = true
fciqmc_dump = false
outputs = []
cube_orb_setting = [3.0, 80.0]
cube_orb_indices = []
atom_sad = false
occupation_type = "INTEGER"
frac_tolerant = 0.001
deep_pot = false
bench_eps = false
num_threads = 4
batch_size = 64
nforce_displacement = 0.0013
force_state_occupation = []
auxiliary_reference_states = []
pt2_mpi_mode = 0

Unrestricted Hartree-Fock (or Kohn-Sham) algorithm is invoked.
Nuc_energy:       0.00000000 Hartree
no empirical dispersion correction is employed
No ghost effective potential
No ghost point charges
Detailed time report:
ri_v      |:    0.001 s for for RI dot aux_v^{-1/2}
prim ri   |:    0.004 s for for the pure three-center integrals
inv_sqrt  |:    0.022 s for for the sqrt inverse of aux_ij
all ri    |:    0.028 s for for the total evaluations of ri3fn
aux_ij    |:    0.001 s for for the coulomb matrix of auxiliary basis
Overlap matrix is nonsigular:
  Lowest eigenvalue:       0.10315853 with the total number of basis functions:     32
Grid size: 16888
Generate SAD of Na
the functional of 'hf' contains
For SCF calculation, no core orbital is frozen by effective core potential (ECP) approximation
Libxc version used in REST: 7.0.0
nbas: 12, natm: 1 for standard basis sets
First valence state for the frozen-core algorithm:     0
final nbas: 46,final natm: 2
numbasis: 32, num_auxbas: 112
Unrestricted Hartree-Fock (or Kohn-Sham) algorithm is invoked.
Nuc_energy:       0.00000000 Hartree
no empirical dispersion correction is employed
No ghost effective potential
No ghost point charges
Detailed time report:
aux_ij    |:    0.003 s for for the coulomb matrix of auxiliary basis
prim ri   |:    0.002 s for for the pure three-center integrals
ri_v      |:    0.001 s for for RI dot aux_v^{-1/2}
inv_sqrt  |:    0.003 s for for the sqrt inverse of aux_ij
all ri    |:    0.008 s for for the total evaluations of ri3fn
Overlap matrix is nonsigular:
  Lowest eigenvalue:       0.10315853 with the total number of basis functions:     32
Grid size: 16888
Initial guess from SAP
The evaluation of vmat costs             0.01 seconds
Detailed time report:
InitGuess |:    0.013 s for Prepare initial guess
DFT Grids |:    0.027 s for Initialization of the tabulated Grids and AOs
ISDF      |:    0.000 s for ISDF initialization
Overall   |:    0.049 s for SCF Preparation
CInt      |:    0.009 s for Two, Three, and Four-center integrals
Exc:       0.00000000, Vxc:       0.00000000
The total energy:      -175.5827006913 Ha by the initial guess
Exc:       0.00000000, Vxc:       0.00000000
Energy:    -176.2814036672 Ha with <S^2> =  5.750 and <2S+1> =  4.899 after    1 iterations (in       0.00 seconds).
Detailed timing info in this SCF step:
prepare_next_input:            0.00s
diagonalize_hamiltonian:       0.00s
generate_density_matrix:       0.00s
check_scf_convergence:         0.00s
scf_records.update:            0.00s
Exc:       0.00000000, Vxc:       0.00000000
SCF Change: DM (3.30745e-3, 0.00000e0); eev  1.34382e0 Ha; etot 3.91202e-2 Ha
Energy:    -176.2422834428 Ha with <S^2> =  5.750 and <2S+1> =  4.899 after    2 iterations (in       0.00 seconds).
Detailed timing info in this SCF step:
prepare_next_input:            0.00s
diagonalize_hamiltonian:       0.00s
generate_density_matrix:       0.00s
check_scf_convergence:         0.00s
scf_records.update:            0.00s
Exc:       0.00000000, Vxc:       0.00000000
SCF Change: DM (2.19159e-3, 0.00000e0); eev 1.38225e-1 Ha; etot 1.01860e-1 Ha
Energy:    -176.1404232892 Ha with <S^2> =  5.750 and <2S+1> =  4.899 after    3 iterations (in       0.00 seconds).
Detailed timing info in this SCF step:
prepare_next_input:            0.00s
diagonalize_hamiltonian:       0.00s
generate_density_matrix:       0.00s
check_scf_convergence:         0.00s
scf_records.update:            0.00s
Exc:       0.00000000, Vxc:       0.00000000
SCF Change: DM (3.09139e-4, 0.00000e0); eev 1.47965e-1 Ha; etot -1.11835e-2 Ha
Energy:    -176.1516067657 Ha with <S^2> =  5.750 and <2S+1> =  4.899 after    4 iterations (in       0.00 seconds).
Detailed timing info in this SCF step:
prepare_next_input:            0.00s
diagonalize_hamiltonian:       0.00s
generate_density_matrix:       0.00s
check_scf_convergence:         0.00s
scf_records.update:            0.00s
Exc:       0.00000000, Vxc:       0.00000000
SCF Change: DM (2.61816e-4, 0.00000e0); eev 6.18773e-2 Ha; etot -1.79745e-2 Ha
Energy:    -176.1695812461 Ha with <S^2> =  5.750 and <2S+1> =  4.899 after    5 iterations (in       0.00 seconds).
Detailed timing info in this SCF step:
prepare_next_input:            0.00s
diagonalize_hamiltonian:       0.00s
generate_density_matrix:       0.00s
check_scf_convergence:         0.00s
scf_records.update:            0.00s
Exc:       0.00000000, Vxc:       0.00000000
SCF Change: DM (9.26073e-5, 0.00000e0); eev 4.17358e-3 Ha; etot -3.86124e-3 Ha
Energy:    -176.1734424883 Ha with <S^2> =  5.750 and <2S+1> =  4.899 after    6 iterations (in       0.00 seconds).
Detailed timing info in this SCF step:
prepare_next_input:            0.00s
diagonalize_hamiltonian:       0.00s
generate_density_matrix:       0.00s
check_scf_convergence:         0.00s
scf_records.update:            0.00s
Exc:       0.00000000, Vxc:       0.00000000
SCF Change: DM (1.81044e-5, 0.00000e0); eev 9.76563e-3 Ha; etot 1.45329e-3 Ha
Energy:    -176.1719892024 Ha with <S^2> =  5.750 and <2S+1> =  4.899 after    7 iterations (in       0.00 seconds).
Detailed timing info in this SCF step:
prepare_next_input:            0.00s
diagonalize_hamiltonian:       0.00s
generate_density_matrix:       0.00s
check_scf_convergence:         0.00s
scf_records.update:            0.00s
Exc:       0.00000000, Vxc:       0.00000000
SCF Change: DM (1.74208e-5, 0.00000e0); eev 1.78242e-3 Ha; etot 8.73783e-4 Ha
Energy:    -176.1711154191 Ha with <S^2> =  5.750 and <2S+1> =  4.899 after    8 iterations (in       0.01 seconds).
Detailed timing info in this SCF step:
prepare_next_input:            0.01s
diagonalize_hamiltonian:       0.00s
generate_density_matrix:       0.00s
check_scf_convergence:         0.00s
scf_records.update:            0.00s
Exc:       0.00000000, Vxc:       0.00000000
SCF Change: DM (4.69939e-6, 0.00000e0); eev 1.12960e-3 Ha; etot -1.16321e-7 Ha
Energy:    -176.1711155355 Ha with <S^2> =  5.750 and <2S+1> =  4.899 after    9 iterations (in       0.00 seconds).
Detailed timing info in this SCF step:
prepare_next_input:            0.00s
diagonalize_hamiltonian:       0.00s
generate_density_matrix:       0.00s
check_scf_convergence:         0.00s
scf_records.update:            0.00s
Exc:       0.00000000, Vxc:       0.00000000
SCF Change: DM (1.28947e-6, 0.00000e0); eev 1.33914e-5 Ha; etot -2.55483e-9 Ha
Energy:    -176.1711155380 Ha with <S^2> =  5.750 and <2S+1> =  4.899 after   10 iterations (in       0.00 seconds).
Detailed timing info in this SCF step:
prepare_next_input:            0.00s
diagonalize_hamiltonian:       0.00s
generate_density_matrix:       0.00s
check_scf_convergence:         0.00s
scf_records.update:            0.00s
Exc:       0.00000000, Vxc:       0.00000000
SCF Change: DM (6.71159e-7, 0.00000e0); eev 1.01825e-5 Ha; etot -4.30305e-11 Ha
Energy:    -176.1711155381 Ha with <S^2> =  5.750 and <2S+1> =  4.899 after   11 iterations (in       0.00 seconds).
Detailed timing info in this SCF step:
prepare_next_input:            0.00s
diagonalize_hamiltonian:       0.00s
generate_density_matrix:       0.00s
check_scf_convergence:         0.00s
scf_records.update:            0.00s
Exc:       0.00000000, Vxc:       0.00000000
SCF Change: DM (4.13876e-7, 0.00000e0); eev 6.80279e-6 Ha; etot -9.63496e-12 Ha
Energy:    -176.1711155381 Ha with <S^2> =  5.750 and <2S+1> =  4.899 after   12 iterations (in       0.00 seconds).
Detailed timing info in this SCF step:
prepare_next_input:            0.00s
diagonalize_hamiltonian:       0.00s
generate_density_matrix:       0.00s
check_scf_convergence:         0.00s
scf_records.update:            0.00s
Exc:       0.00000000, Vxc:       0.00000000
SCF Change: DM (2.55449e-8, 0.00000e0); eev 3.94560e-7 Ha; etot -1.73372e-12 Ha
Energy:    -176.1711155381 Ha with <S^2> =  5.750 and <2S+1> =  4.899 after   13 iterations (in       0.00 seconds).
Detailed timing info in this SCF step:
prepare_next_input:            0.00s
diagonalize_hamiltonian:       0.00s
generate_density_matrix:       0.00s
check_scf_convergence:         0.00s
scf_records.update:            0.00s
Exc:       0.00000000, Vxc:       0.00000000
SCF Change: DM (7.32990e-10, 0.00000e0); eev 1.08967e-8 Ha; etot -8.52651e-14 Ha
Energy:    -176.1711155381 Ha with <S^2> =  5.750 and <2S+1> =  4.899 after   14 iterations (in       0.00 seconds).
Detailed timing info in this SCF step:
prepare_next_input:            0.00s
diagonalize_hamiltonian:       0.00s
generate_density_matrix:       0.00s
check_scf_convergence:         0.00s
scf_records.update:            0.00s
Exc:       0.00000000, Vxc:       0.00000000
SCF Change: DM (5.33664e-12, 0.00000e0); eev 8.49035e-11 Ha; etot 2.84217e-14 Ha
Energy:    -176.1711155381 Ha with <S^2> =  5.750 and <2S+1> =  4.899 after   15 iterations (in       0.00 seconds).
Detailed timing info in this SCF step:
prepare_next_input:            0.00s
diagonalize_hamiltonian:       0.00s
generate_density_matrix:       0.00s
check_scf_convergence:         0.00s
scf_records.update:            0.00s
SCF is converged after   15 iterations.
Spin-up eigenvalues
 
   State    Occupation        Eigenvalue
       0       2.00000        -46.440325
       1       2.00000         -4.527228
       2       2.00000         -2.936614
       3       2.00000         -2.936614
       4       2.00000         -2.936614
       5       1.00000         -0.188736
       6       0.00000          0.032300
       7       0.00000          0.032300
       8       0.00000          0.032300
 
Spin-down eigenvalues
 
   State    Occupation        Eigenvalue
the number of eigenvalues in 1 spin channel is 6
the job spends             0.11 seconds
electron number in alpha-channel:  10.99999985
electron number in beta-channel:    0.00000000
The evaluation of Vj, Vk and Vxc matrices cost       0.00,       0.00 and       0.02 seconds, respectively
Exc:     -14.51875181, Vxc:      -9.44248989
Initial guess HF energy:    -167.0676296250500172
Initial density matrix by Atom SAD:
                 0,           1,           2,           3,           4
    0     1.058591,    0.079040,   -0.187169,    0.033528,    0.009891
    1     0.079040,    0.141333,   -0.273345,    0.049457,    0.015754
    2    -0.187169,   -0.273345,    0.544250,   -0.192372,   -0.061465
    3     0.033528,    0.049457,   -0.192372,    0.663099,    0.212643
    4     0.009891,    0.015754,   -0.061465,    0.212643,    0.068191
    5     0.000000,    0.000000,    0.000000,   -0.000000,    0.000000
    6     0.000000,    0.000000,    0.000000,    0.000000,   -0.000000
    7     0.000000,    0.000000,    0.000000,    0.000000,   -0.000000
    8    -0.000000,    0.000000,   -0.000000,   -0.000000,    0.000000
    9    -0.000000,   -0.000000,    0.000000,   -0.000000,   -0.000000
   10    -0.000000,    0.000000,    0.000000,   -0.000000,   -0.000000
   11    -0.000000,   -0.000000,    0.000000,   -0.000000,   -0.000000
   12    -0.000000,   -0.000000,    0.000000,   -0.000000,   -0.000000
   13    -0.000000,   -0.000000,    0.000000,   -0.000000,   -0.000000
   14     0.000000,    0.000000,   -0.000000,    0.000000,    0.000000
   15     0.000000,    0.000000,   -0.000000,    0.000000,    0.000000
   16     0.000000,    0.000000,   -0.000000,    0.000000,    0.000000
   17     0.000000,    0.000000,   -0.000000,    0.000000,    0.000000
   18     0.000000,    0.000000,   -0.000000,    0.000000,    0.000000
   19    -0.000000,   -0.000000,    0.000000,   -0.000000,   -0.000000
   20     0.000000,    0.000000,   -0.000000,    0.000000,    0.000000
   21     0.000000,    0.000000,   -0.000000,    0.000000,    0.000000
   22    -0.000000,    0.000000,   -0.000000,    0.000000,    0.000000
   23    -0.000000,   -0.000000,    0.000000,   -0.000000,   -0.000000
   24     0.000000,    0.000000,   -0.000000,    0.000000,    0.000000
   25    -0.000000,   -0.000000,    0.000000,   -0.000000,   -0.000000
   26     0.000000,    0.000000,   -0.000000,   -0.000000,   -0.000000
   27     0.000000,   -0.000000,    0.000000,    0.000000,    0.000000
   28     0.000000,    0.000000,   -0.000000,    0.000000,    0.000000
   29    -0.000000,   -0.000000,   -0.000000,    0.000000,    0.000000
   30     0.000000,    0.000000,   -0.000000,    0.000000,    0.000000
   31     0.000000,    0.000000,   -0.000000,    0.000000,    0.000000
                 5,           6,           7,           8,           9
    0     0.000000,    0.000000,    0.000000,   -0.000000,   -0.000000
    1     0.000000,    0.000000,    0.000000,    0.000000,   -0.000000
    2     0.000000,    0.000000,    0.000000,   -0.000000,    0.000000
    3    -0.000000,    0.000000,    0.000000,   -0.000000,   -0.000000
    4     0.000000,   -0.000000,   -0.000000,    0.000000,   -0.000000
    5     0.752319,    0.000000,    0.000000,    0.190142,    0.000000
    6     0.000000,    0.752319,    0.000000,   -0.000000,    0.190142
    7     0.000000,    0.000000,    0.752319,   -0.000000,    0.000000
    8     0.190142,   -0.000000,   -0.000000,    0.048057,   -0.000000
    9     0.000000,    0.190142,    0.000000,   -0.000000,    0.048057
   10    -0.000000,   -0.000000,    0.190142,   -0.000000,   -0.000000
   11    -0.001616,    0.000000,    0.000000,   -0.000408,    0.000000
   12     0.000000,   -0.001616,   -0.000000,    0.000000,   -0.000408
   13     0.000000,   -0.000000,   -0.001616,    0.000000,   -0.000000
   14     0.009910,   -0.000000,   -0.000000,    0.002505,   -0.000000
   15    -0.000000,    0.009910,   -0.000000,   -0.000000,    0.002505
   16     0.000000,    0.000000,    0.009910,    0.000000,    0.000000
   17     0.000000,    0.000000,   -0.000000,    0.000000,    0.000000
   18     0.000000,   -0.000000,   -0.000000,    0.000000,   -0.000000
   19     0.000000,   -0.000000,   -0.000000,    0.000000,   -0.000000
   20    -0.000000,    0.000000,    0.000000,   -0.000000,    0.000000
   21     0.000000,   -0.000000,    0.000000,    0.000000,   -0.000000
   22     0.000000,   -0.000000,    0.000000,    0.000000,   -0.000000
   23    -0.000000,   -0.000000,    0.000000,   -0.000000,   -0.000000
   24    -0.000000,    0.000000,   -0.000000,   -0.000000,    0.000000
   25     0.000000,    0.000000,   -0.000000,    0.000000,    0.000000
   26     0.000000,   -0.000000,    0.000000,    0.000000,   -0.000000
   27    -0.000000,    0.000000,    0.000000,   -0.000000,    0.000000
   28     0.000000,    0.000000,   -0.000000,    0.000000,    0.000000
   29     0.000000,   -0.000000,    0.000000,    0.000000,   -0.000000
   30    -0.000000,   -0.000000,    0.000000,   -0.000000,   -0.000000
   31    -0.000000,    0.000000,   -0.000000,   -0.000000,    0.000000
                10,          11,          12,          13,          14
    0    -0.000000,   -0.000000,   -0.000000,   -0.000000,    0.000000
    1     0.000000,   -0.000000,   -0.000000,   -0.000000,    0.000000
    2     0.000000,    0.000000,    0.000000,    0.000000,   -0.000000
    3    -0.000000,   -0.000000,   -0.000000,   -0.000000,    0.000000
    4    -0.000000,   -0.000000,   -0.000000,   -0.000000,    0.000000
    5    -0.000000,   -0.001616,    0.000000,    0.000000,    0.009910
    6    -0.000000,    0.000000,   -0.001616,   -0.000000,   -0.000000
    7     0.190142,    0.000000,   -0.000000,   -0.001616,   -0.000000
    8    -0.000000,   -0.000408,    0.000000,    0.000000,    0.002505
    9    -0.000000,    0.000000,   -0.000408,   -0.000000,   -0.000000
   10     0.048057,    0.000000,   -0.000000,   -0.000408,   -0.000000
   11     0.000000,    0.000003,   -0.000000,   -0.000000,   -0.000021
   12    -0.000000,   -0.000000,    0.000003,    0.000000,    0.000000
   13    -0.000408,   -0.000000,    0.000000,    0.000003,    0.000000
   14    -0.000000,   -0.000021,    0.000000,    0.000000,    0.000131
   15    -0.000000,    0.000000,   -0.000021,   -0.000000,   -0.000000
   16     0.002505,    0.000000,   -0.000000,   -0.000021,   -0.000000
   17    -0.000000,   -0.000000,   -0.000000,    0.000000,    0.000000
   18    -0.000000,   -0.000000,    0.000000,    0.000000,    0.000000
   19    -0.000000,   -0.000000,    0.000000,    0.000000,    0.000000
   20     0.000000,    0.000000,   -0.000000,   -0.000000,   -0.000000
   21     0.000000,   -0.000000,    0.000000,   -0.000000,    0.000000
   22     0.000000,   -0.000000,    0.000000,   -0.000000,    0.000000
   23     0.000000,    0.000000,    0.000000,   -0.000000,   -0.000000
   24    -0.000000,    0.000000,   -0.000000,    0.000000,   -0.000000
   25    -0.000000,   -0.000000,   -0.000000,    0.000000,    0.000000
   26     0.000000,   -0.000000,    0.000000,   -0.000000,    0.000000
   27     0.000000,    0.000000,   -0.000000,   -0.000000,   -0.000000
   28    -0.000000,   -0.000000,   -0.000000,    0.000000,    0.000000
   29     0.000000,   -0.000000,    0.000000,   -0.000000,    0.000000
   30     0.000000,    0.000000,    0.000000,   -0.000000,   -0.000000
   31    -0.000000,    0.000000,   -0.000000,    0.000000,   -0.000000
                15,          16,          17,          18,          19
    0     0.000000,    0.000000,    0.000000,    0.000000,   -0.000000
    1     0.000000,    0.000000,    0.000000,    0.000000,   -0.000000
    2    -0.000000,   -0.000000,   -0.000000,   -0.000000,    0.000000
    3     0.000000,    0.000000,    0.000000,    0.000000,   -0.000000
    4     0.000000,    0.000000,    0.000000,    0.000000,   -0.000000
    5    -0.000000,    0.000000,    0.000000,    0.000000,    0.000000
    6     0.009910,    0.000000,    0.000000,   -0.000000,   -0.000000
    7    -0.000000,    0.009910,   -0.000000,   -0.000000,   -0.000000
    8    -0.000000,    0.000000,    0.000000,    0.000000,    0.000000
    9     0.002505,    0.000000,    0.000000,   -0.000000,   -0.000000
   10    -0.000000,    0.002505,   -0.000000,   -0.000000,   -0.000000
   11     0.000000,    0.000000,   -0.000000,   -0.000000,   -0.000000
   12    -0.000021,   -0.000000,   -0.000000,    0.000000,    0.000000
   13    -0.000000,   -0.000021,    0.000000,    0.000000,    0.000000
   14    -0.000000,   -0.000000,    0.000000,    0.000000,    0.000000
   15     0.000131,   -0.000000,    0.000000,   -0.000000,   -0.000000
   16    -0.000000,    0.000131,   -0.000000,   -0.000000,   -0.000000
   17     0.000000,   -0.000000,    0.000000,    0.000000,    0.000000
   18    -0.000000,   -0.000000,    0.000000,    0.000000,   -0.000000
   19    -0.000000,   -0.000000,    0.000000,   -0.000000,    0.000000
   20     0.000000,    0.000000,   -0.000000,   -0.000000,   -0.000000
   21    -0.000000,    0.000000,   -0.000000,   -0.000000,   -0.000000
   22    -0.000000,    0.000000,    0.000000,   -0.000000,   -0.000000
   23    -0.000000,    0.000000,   -0.000000,   -0.000000,   -0.000000
   24     0.000000,   -0.000000,    0.000000,    0.000000,   -0.000000
   25     0.000000,   -0.000000,    0.000000,    0.000000,    0.000000
   26    -0.000000,    0.000000,    0.000000,   -0.000000,   -0.000000
   27     0.000000,    0.000000,   -0.000000,   -0.000000,   -0.000000
   28     0.000000,   -0.000000,    0.000000,    0.000000,    0.000000
   29    -0.000000,    0.000000,    0.000000,   -0.000000,   -0.000000
   30    -0.000000,    0.000000,   -0.000000,   -0.000000,   -0.000000
   31     0.000000,   -0.000000,    0.000000,    0.000000,   -0.000000
                20,          21,          22,          23,          24
    0     0.000000,    0.000000,   -0.000000,   -0.000000,    0.000000
    1     0.000000,    0.000000,    0.000000,   -0.000000,    0.000000
    2    -0.000000,   -0.000000,   -0.000000,    0.000000,   -0.000000
    3     0.000000,    0.000000,    0.000000,   -0.000000,    0.000000
    4     0.000000,    0.000000,    0.000000,   -0.000000,    0.000000
    5    -0.000000,    0.000000,    0.000000,   -0.000000,   -0.000000
    6     0.000000,   -0.000000,   -0.000000,   -0.000000,    0.000000
    7     0.000000,    0.000000,    0.000000,    0.000000,   -0.000000
    8    -0.000000,    0.000000,    0.000000,   -0.000000,   -0.000000
    9     0.000000,   -0.000000,   -0.000000,   -0.000000,    0.000000
   10     0.000000,    0.000000,    0.000000,    0.000000,   -0.000000
   11     0.000000,   -0.000000,   -0.000000,    0.000000,    0.000000
   12    -0.000000,    0.000000,    0.000000,    0.000000,   -0.000000
   13    -0.000000,   -0.000000,   -0.000000,   -0.000000,    0.000000
   14    -0.000000,    0.000000,    0.000000,   -0.000000,   -0.000000
   15     0.000000,   -0.000000,   -0.000000,   -0.000000,    0.000000
   16     0.000000,    0.000000,    0.000000,    0.000000,   -0.000000
   17    -0.000000,   -0.000000,    0.000000,   -0.000000,    0.000000
   18    -0.000000,   -0.000000,   -0.000000,   -0.000000,    0.000000
   19    -0.000000,   -0.000000,   -0.000000,   -0.000000,   -0.000000
   20     0.000000,    0.000000,    0.000000,    0.000000,   -0.000000
   21     0.000000,    0.000000,    0.000000,    0.000000,   -0.000000
   22     0.000000,    0.000000,    0.000000,    0.000000,   -0.000000
   23     0.000000,    0.000000,    0.000000,    0.000000,   -0.000000
   24    -0.000000,   -0.000000,   -0.000000,   -0.000000,    0.000000
   25    -0.000000,   -0.000000,   -0.000000,   -0.000000,    0.000000
   26     0.000000,    0.000000,    0.000000,    0.000000,   -0.000000
   27     0.000000,    0.000000,   -0.000000,   -0.000000,    0.000000
   28    -0.000000,   -0.000000,   -0.000000,   -0.000000,    0.000000
   29     0.000000,    0.000000,    0.000000,    0.000000,   -0.000000
   30     0.000000,    0.000000,    0.000000,    0.000000,   -0.000000
   31    -0.000000,   -0.000000,   -0.000000,   -0.000000,    0.000000
                25,          26,          27,          28,          29
    0    -0.000000,    0.000000,    0.000000,    0.000000,   -0.000000
    1    -0.000000,    0.000000,   -0.000000,    0.000000,   -0.000000
    2     0.000000,   -0.000000,    0.000000,   -0.000000,   -0.000000
    3    -0.000000,   -0.000000,    0.000000,    0.000000,    0.000000
    4    -0.000000,   -0.000000,    0.000000,    0.000000,    0.000000
    5     0.000000,    0.000000,   -0.000000,    0.000000,    0.000000
    6     0.000000,   -0.000000,    0.000000,    0.000000,   -0.000000
    7    -0.000000,    0.000000,    0.000000,   -0.000000,    0.000000
    8     0.000000,    0.000000,   -0.000000,    0.000000,    0.000000
    9     0.000000,   -0.000000,    0.000000,    0.000000,   -0.000000
   10    -0.000000,    0.000000,    0.000000,   -0.000000,    0.000000
   11    -0.000000,   -0.000000,    0.000000,   -0.000000,   -0.000000
   12    -0.000000,    0.000000,   -0.000000,   -0.000000,    0.000000
   13     0.000000,   -0.000000,   -0.000000,    0.000000,   -0.000000
   14     0.000000,    0.000000,   -0.000000,    0.000000,    0.000000
   15     0.000000,   -0.000000,    0.000000,    0.000000,   -0.000000
   16    -0.000000,    0.000000,    0.000000,   -0.000000,    0.000000
   17     0.000000,    0.000000,   -0.000000,    0.000000,    0.000000
   18     0.000000,   -0.000000,   -0.000000,    0.000000,   -0.000000
   19     0.000000,   -0.000000,   -0.000000,    0.000000,   -0.000000
   20    -0.000000,    0.000000,    0.000000,   -0.000000,    0.000000
   21    -0.000000,    0.000000,    0.000000,   -0.000000,    0.000000
   22    -0.000000,    0.000000,   -0.000000,   -0.000000,    0.000000
   23    -0.000000,    0.000000,   -0.000000,   -0.000000,    0.000000
   24     0.000000,   -0.000000,    0.000000,    0.000000,   -0.000000
   25     0.000000,   -0.000000,   -0.000000,    0.000000,   -0.000000
   26    -0.000000,    0.000000,   -0.000000,   -0.000000,    0.000000
   27    -0.000000,   -0.000000,    0.000000,    0.000000,    0.000000
   28     0.000000,   -0.000000,    0.000000,    0.000000,    0.000000
   29    -0.000000,    0.000000,    0.000000,    0.000000,    0.000000
   30    -0.000000,    0.000000,    0.000000,   -0.000000,    0.000000
   31     0.000000,   -0.000000,    0.000000,    0.000000,    0.000000
                30,          31
    0     0.000000,    0.000000
    1     0.000000,    0.000000
    2    -0.000000,   -0.000000
    3     0.000000,    0.000000
    4     0.000000,    0.000000
    5    -0.000000,   -0.000000
    6    -0.000000,    0.000000
    7     0.000000,   -0.000000
    8    -0.000000,   -0.000000
    9    -0.000000,    0.000000
   10     0.000000,   -0.000000
   11     0.000000,    0.000000
   12     0.000000,   -0.000000
   13    -0.000000,    0.000000
   14    -0.000000,   -0.000000
   15    -0.000000,    0.000000
   16     0.000000,   -0.000000
   17    -0.000000,    0.000000
   18    -0.000000,    0.000000
   19    -0.000000,   -0.000000
   20     0.000000,   -0.000000
   21     0.000000,   -0.000000
   22     0.000000,   -0.000000
   23     0.000000,   -0.000000
   24    -0.000000,    0.000000
   25    -0.000000,    0.000000
   26     0.000000,   -0.000000
   27     0.000000,    0.000000
   28    -0.000000,    0.000000
   29     0.000000,    0.000000
   30     0.000000,   -0.000000
   31    -0.000000,    0.000000
Detailed time report:
InitGuess |:    0.149 s for Prepare initial guess
DFT Grids |:    0.106 s for Initialization of the tabulated Grids and AOs
Overall   |:    0.287 s for SCF Preparation
ISDF      |:    0.000 s for ISDF initialization
CInt      |:    0.032 s for Two, Three, and Four-center integrals
electron number in alpha-channel:   5.99999978
electron number in beta-channel:    4.99999995
The evaluation of Vj, Vk and Vxc matrices cost       0.00,       0.00 and       0.01 seconds, respectively
Exc:     -10.14808841, Vxc:      -6.50599772
The total energy:      -159.4570853903 Ha by the initial guess
electron number in alpha-channel:   5.99999966
electron number in beta-channel:    5.00000000
The evaluation of Vj, Vk and Vxc matrices cost       0.00,       0.00 and       0.01 seconds, respectively
Exc:     -12.48049750, Vxc:      -8.03067896
Hamiltonian: generation by       0.02s and DIIS extrapolation by       0.00s
Energy:    -161.5141173049 Ha with <S^2> =  0.750 and <2S+1> =  2.000 after    1 iterations (in       0.02 seconds).
Detailed timing info in this SCF step:
prepare_next_input:            0.02s
diagonalize_hamiltonian:       0.00s
generate_density_matrix:       0.00s
check_scf_convergence:         0.00s
scf_records.update:            0.00s
electron number in alpha-channel:   5.99999973
electron number in beta-channel:    5.00000000
The evaluation of Vj, Vk and Vxc matrices cost       0.00,       0.00 and       0.01 seconds, respectively
Exc:     -10.86113823, Vxc:      -6.96919902
Hamiltonian: generation by       0.02s and DIIS extrapolation by       0.00s
SCF Change: DM (1.64791e-2,1.35564e-2); eev  2.97843e0 Ha; etot -1.84257e-1 Ha
Energy:    -161.6983742532 Ha with <S^2> =  0.750 and <2S+1> =  2.000 after    2 iterations (in       0.02 seconds).
Detailed timing info in this SCF step:
prepare_next_input:            0.02s
diagonalize_hamiltonian:       0.00s
generate_density_matrix:       0.00s
check_scf_convergence:         0.00s
scf_records.update:            0.00s
electron number in alpha-channel:   5.99999994
electron number in beta-channel:    5.00000000
The evaluation of Vj, Vk and Vxc matrices cost       0.00,       0.00 and       0.01 seconds, respectively
Exc:     -11.57916705, Vxc:      -7.43926552
Hamiltonian: generation by       0.02s and DIIS extrapolation by       0.00s
SCF Change: DM (2.94624e-3,1.35209e-3); eev 2.61633e-1 Ha; etot -5.89816e-1 Ha
Energy:    -162.2881902935 Ha with <S^2> =  0.750 and <2S+1> =  2.000 after    3 iterations (in       0.02 seconds).
Detailed timing info in this SCF step:
prepare_next_input:            0.02s
diagonalize_hamiltonian:       0.00s
generate_density_matrix:       0.00s
check_scf_convergence:         0.00s
scf_records.update:            0.00s
electron number in alpha-channel:   5.99999990
electron number in beta-channel:    5.00000000
The evaluation of Vj, Vk and Vxc matrices cost       0.00,       0.00 and       0.01 seconds, respectively
Exc:     -11.62973596, Vxc:      -7.47247842
Hamiltonian: generation by       0.02s and DIIS extrapolation by       0.00s
SCF Change: DM (6.31255e-4,7.42010e-5); eev 3.59720e-2 Ha; etot -3.08048e-3 Ha
Energy:    -162.2912707699 Ha with <S^2> =  0.750 and <2S+1> =  2.000 after    4 iterations (in       0.02 seconds).
Detailed timing info in this SCF step:
prepare_next_input:            0.02s
diagonalize_hamiltonian:       0.00s
generate_density_matrix:       0.00s
check_scf_convergence:         0.00s
scf_records.update:            0.00s
electron number in alpha-channel:   5.99999989
electron number in beta-channel:    5.00000000
The evaluation of Vj, Vk and Vxc matrices cost       0.00,       0.00 and       0.01 seconds, respectively
Exc:     -11.63011566, Vxc:      -7.47273916
Hamiltonian: generation by       0.02s and DIIS extrapolation by       0.00s
SCF Change: DM (1.08810e-5,7.30914e-7); eev 4.97759e-4 Ha; etot -7.91691e-6 Ha
Energy:    -162.2912786868 Ha with <S^2> =  0.750 and <2S+1> =  2.000 after    5 iterations (in       0.02 seconds).
Detailed timing info in this SCF step:
prepare_next_input:            0.02s
diagonalize_hamiltonian:       0.00s
generate_density_matrix:       0.00s
check_scf_convergence:         0.00s
scf_records.update:            0.00s
electron number in alpha-channel:   5.99999989
electron number in beta-channel:    5.00000000
The evaluation of Vj, Vk and Vxc matrices cost       0.00,       0.00 and       0.01 seconds, respectively
Exc:     -11.62999452, Vxc:      -7.47265990
Hamiltonian: generation by       0.02s and DIIS extrapolation by       0.00s
SCF Change: DM (4.05058e-6,8.17606e-8); eev 1.91279e-4 Ha; etot -2.53332e-8 Ha
Energy:    -162.2912787121 Ha with <S^2> =  0.750 and <2S+1> =  2.000 after    6 iterations (in       0.02 seconds).
Detailed timing info in this SCF step:
prepare_next_input:            0.02s
diagonalize_hamiltonian:       0.00s
generate_density_matrix:       0.00s
check_scf_convergence:         0.00s
scf_records.update:            0.00s
electron number in alpha-channel:   5.99999989
electron number in beta-channel:    5.00000000
The evaluation of Vj, Vk and Vxc matrices cost       0.00,       0.00 and       0.01 seconds, respectively
Exc:     -11.62999708, Vxc:      -7.47266152
Hamiltonian: generation by       0.02s and DIIS extrapolation by       0.00s
SCF Change: DM (3.21457e-7,8.58136e-9); eev 1.61094e-5 Ha; etot -1.77408e-10 Ha
Energy:    -162.2912787123 Ha with <S^2> =  0.750 and <2S+1> =  2.000 after    7 iterations (in       0.02 seconds).
Detailed timing info in this SCF step:
prepare_next_input:            0.02s
diagonalize_hamiltonian:       0.00s
generate_density_matrix:       0.00s
check_scf_convergence:         0.00s
scf_records.update:            0.00s
electron number in alpha-channel:   5.99999989
electron number in beta-channel:    5.00000000
The evaluation of Vj, Vk and Vxc matrices cost       0.00,       0.00 and       0.01 seconds, respectively
Exc:     -11.62999692, Vxc:      -7.47266141
Hamiltonian: generation by       0.02s and DIIS extrapolation by       0.00s
SCF Change: DM (7.60353e-9,2.73803e-10); eev 4.02515e-7 Ha; etot -1.36424e-12 Ha
Energy:    -162.2912787123 Ha with <S^2> =  0.750 and <2S+1> =  2.000 after    8 iterations (in       0.02 seconds).
Detailed timing info in this SCF step:
prepare_next_input:            0.02s
diagonalize_hamiltonian:       0.00s
generate_density_matrix:       0.00s
check_scf_convergence:         0.00s
scf_records.update:            0.00s
SCF is converged after    8 iterations.
Spin-up eigenvalues
 
   State    Occupation        Eigenvalue
       0       1.00000        -38.490648
       1       1.00000         -2.227167
       2       1.00000         -1.158243
       3       1.00000         -1.158243
       4       1.00000         -1.158243
       5       1.00000         -0.128304
       6       0.00000         -0.018634
       7       0.00000         -0.018634
       8       0.00000         -0.018634
 
Spin-down eigenvalues
 
   State    Occupation        Eigenvalue
       0       1.00000        -38.488916
       1       1.00000         -2.223765
       2       1.00000         -1.155994
       3       1.00000         -1.155994
       4       1.00000         -1.155994
       5       0.00000         -0.064716
       6       0.00000          0.007691
       7       0.00000          0.007691
       8       0.00000          0.007691
==========================================
Now evaluate the    PT2 correlation energy
==========================================
generate RI3MO only for occ_range:0..6, vir_range:5..32
Finish the RI3MO generation
Exc_scf: (-11.629996908405396,0.2),Exc_pos: (-3.244715522941286,0.7731)
----------------------------------------------------------------------
Methods         :       Total Corr,          OS Corr,          SS Corr
----------------------------------------------------------------------
PT2             :      -0.20362283,      -0.14584386,      -0.05777897
----------------------------------------------------------------------
Fifth-rung correlation energy :      -0.063646259253 Ha
E[XYGJOS]=:    -161.98446811 Ha, Ex[HF]:     -13.98503669 Ha, Ec[PT2  ]:      -0.20362283 Ha
Detailed time report:
xc_energy |:    0.054 s for for x_hf, xc_scf, xc_xdh
ao2mo     |:    0.001 s for for the generation of RI3MO
c_r5dft   |:    0.002 s for for advanced correlations
Mulliken population:
 0-Na-S-0              2.00034
 0-Na-S-0              0.66273
 0-Na-S-0              1.32712
 0-Na-S-0              0.84676
 0-Na-S-0              0.16304
 0-Na-P-0              1.68492
 0-Na-P-1              1.68492
 0-Na-P-2              1.68492
 0-Na-P-0              0.30503
 0-Na-P-1              0.30503
 0-Na-P-2              0.30503
 0-Na-P-0             -0.00095
 0-Na-P-1             -0.00095
 0-Na-P-2             -0.00095
 0-Na-P-0              0.01101
 0-Na-P-1              0.01101
 0-Na-P-2              0.01101
 0-Na-D-0              0.00000
 0-Na-D-1              0.00000
 0-Na-D-2              0.00000
 0-Na-D-3              0.00000
 0-Na-D-4              0.00000
 0-Na-D-0              0.00000
 0-Na-D-1              0.00000
 0-Na-D-2              0.00000
 0-Na-D-3              0.00000
 0-Na-D-4              0.00000
 0-Na-D-0             -0.00000
 0-Na-D-1              0.00000
 0-Na-D-2              0.00000
 0-Na-D-3             -0.00000
 0-Na-D-4              0.00000
Mulliken population analysis:
  0-Na :  -0.000000

====================================================
              REST: Mission accomplished
====================================================
The SCF energy        :    -162.2912787123 Ha
The (R)-xDH energy    :    -161.9844681112 Ha
Detailed time report:
SCF       |:    0.459 s for the scf procedure
Overall   |:    0.959 s for the whole job
PT2       |:    0.058 s for the PT2 evaluation
