=========================================================
Input parameters for the REST calculation
=========================================================
Calculation type: Single-point energy
The exchange-correlation method: xygjos
Print level:                3
The number of threads used for parallelism:      4
The spheric-GTO basis set is taken from /home/symei/def2-TZVPP-ECP28MWB
The pruning method is nwchem
The radial grid generation method is treutler
ERI Type: ri_v
Turn on the basis pair symmetry for RI 3D-tensors
The spheric-GTO auxiliary basis set is taken from /home/symei/def2-SV(P)-JKFIT
Spin polarization: On
Charge:   0; Spin:   2
min_num_angular_points: 110
max_num_angular_points: 590
hardness: 3
Grid generation level: 3
Even tempered basis generation: false
SCF convergency thresholds: 1e-8 for density matrix
                            1e-6 Ha. for sum of eigenvalues
                            1e-8 Ha. for total energy
Max. SCF cycle number:      100
The diis mixing with (param, max_vec_len) = (0.2, 8) is employed for the SCF procedure
Turn on the diis mixing after 1 step(s) of SCF iteractions with the linear mixing
The specified checkfile exists but is not loaded because the keyword 'external_init_guess' is specified
It will be updated after the SCF procedure 
(none)
Initial guess is prepared by (sad).
It is a finite cluster calculation
the scf functional for 'xygjos' contains
The density functional 'B3LYP' belongs to the 'Hybrid GGA' family and is defined in the reference(s):
(0): P. J. Stephens, F. J. Devlin, C. F. Chabalowski, and M. J. Frisch.,  J. Phys. Chem. 98, 11623 (1994)
the post-scf functional 'xygjos' is employed, which contains
The density functional 'Slater exchange' belongs to the 'LDA' family and is defined in the reference(s):
(0): P. A. M. Dirac.,  Math. Proc. Cambridge Philos. Soc. 26, 376 (1930)
(1): F. Bloch.,  Z. Phys. 57, 545 (1929)
The density functional 'Becke 88' belongs to the 'GGA' family and is defined in the reference(s):
(0): A. D. Becke.,  Phys. Rev. A 38, 3098 (1988)
The density functional 'Vosko, Wilk & Nusair (VWN5_RPA)' belongs to the 'LDA' family and is defined in the reference(s):
(0): S. H. Vosko, L. Wilk, and M. Nusair.,  Can. J. Phys. 58, 1200 (1980)
The density functional 'Lee, Yang & Parr' belongs to the 'GGA' family and is defined in the reference(s):
(0): C. Lee, W. Yang, and R. G. Parr.,  Phys. Rev. B 37, 785 (1988)
(1): B. Miehlich, A. Savin, H. Stoll, and H. Preuss.,  Chem. Phys. Lett. 157, 200 (1989)
<start_mo> for the frozen-core post-SCF methods 5 is smaller than the number of ecp orbitals 14. Set <start_mo> = 0
Libxc version used in REST: 7.0.0
nbas: 16, natm: 1 for standard basis sets
First valence state for the frozen-core algorithm:     0
final nbas: 76,final natm: 2
numbasis: 48, num_auxbas: 266
Molecule_name: br
job_type = "SinglePoint"
print_level = 3
basis_path = "/home/symei/def2-TZVPP-ECP28MWB"
basis_type = "spheric"
auxbas_path = "/home/symei/def2-SV(P)-JKFIT"
auxbas_type = "spheric"
use_auxbas = true
even_tempered_basis = false
etb_start_atom_number = 1
etb_beta = 1.0
ri_k_only = false
auxbasis_response = false
use_isdf = false
isdf_k_only = false
isdf_k_mu = 8
isdf_new = false
eri_type = "ri_v"
use_ri_symm = true
xc = "xygjos"
post_xc = []
post_correlation = []
post_ai_correction = "none"
charge = 0.0
spin = 2.0
spin_channel = 2
spin_polarization = true
frozen_core_postscf = 2
frequency_points = 20
lambda_points = 20
freq_grid_type = 0
freq_cut_off = 10.0
radial_precision = 0.000000000001
min_num_angular_points = 110
max_num_angular_points = 590
grid_gen_level = 3
hardness = 3
pruning = "nwchem"
rad_grid_method = "treutler"
external_grids = "grids"
mixer = "diis"
mix_param = 0.2
num_max_diis = 8
start_diis_cycle = 1
start_check_oscillation = 20
max_scf_cycle = 100
scf_acc_rho = 0.00000001
scf_acc_eev = 0.000001
scf_acc_etot = 0.00000001
restart = false
chkfile = "none"
chkfile_type = "hdf5"
guessfile = "none"
guessfile_type = "none"
external_init_guess = false
initial_guess = "sad"
noiter = false
check_stab = false
use_dm_only = false
use_ri_vj = true
fciqmc_dump = false
outputs = []
cube_orb_setting = [3.0, 80.0]
cube_orb_indices = []
atom_sad = false
occupation_type = "INTEGER"
frac_tolerant = 0.001
deep_pot = false
bench_eps = false
num_threads = 4
batch_size = 64
nforce_displacement = 0.0013
force_state_occupation = []
auxiliary_reference_states = []
pt2_mpi_mode = 0

Unrestricted Hartree-Fock (or Kohn-Sham) algorithm is invoked.
Nuc_energy:       0.00000000 Hartree
no empirical dispersion correction is employed
No ghost effective potential
No ghost point charges
Detailed time report:
aux_ij    |:    0.003 s for for the coulomb matrix of auxiliary basis
ri_v      |:    0.003 s for for RI dot aux_v^{-1/2}
all ri    |:    0.057 s for for the total evaluations of ri3fn
inv_sqrt  |:    0.030 s for for the sqrt inverse of aux_ij
prim ri   |:    0.020 s for for the pure three-center integrals
Overlap matrix is nonsigular:
  Lowest eigenvalue:       0.02573177 with the total number of basis functions:     48
Grid size: 20904
Generate SAD of Br
the functional of 'hf' contains
<start_mo> for the frozen-core post-SCF methods 0 is smaller than the number of ecp orbitals 14. Set <start_mo> = 0
Libxc version used in REST: 7.0.0
nbas: 16, natm: 1 for standard basis sets
First valence state for the frozen-core algorithm:     0
final nbas: 76,final natm: 2
numbasis: 48, num_auxbas: 266
Restricted Hartree-Fock (or Kohn-Sham) algorithm is invoked.
Nuc_energy:       0.00000000 Hartree
no empirical dispersion correction is employed
No ghost effective potential
No ghost point charges
Detailed time report:
inv_sqrt  |:    0.013 s for for the sqrt inverse of aux_ij
aux_ij    |:    0.002 s for for the coulomb matrix of auxiliary basis
ri_v      |:    0.004 s for for RI dot aux_v^{-1/2}
all ri    |:    0.032 s for for the total evaluations of ri3fn
prim ri   |:    0.012 s for for the pure three-center integrals
Overlap matrix is nonsigular:
  Lowest eigenvalue:       0.02573177 with the total number of basis functions:     48
Grid size: 20904
Initial guess from SAP
The evaluation of vmat costs             0.02 seconds
Detailed time report:
CInt      |:    0.046 s for Two, Three, and Four-center integrals
DFT Grids |:    0.054 s for Initialization of the tabulated Grids and AOs
ISDF      |:    0.000 s for ISDF initialization
Overall   |:    0.125 s for SCF Preparation
InitGuess |:    0.025 s for Prepare initial guess
Exc:       0.00000000, Vxc:       0.00000000
The total energy:      1518.2453524047 Ha by the initial guess
Exc:       0.00000000, Vxc:       0.00000000
Energy:     576.5550265900 Ha after    1 iterations (in       0.00 seconds).
Detailed timing info in this SCF step:
prepare_next_input:            0.00s
diagonalize_hamiltonian:       0.00s
generate_density_matrix:       0.00s
check_scf_convergence:         0.00s
scf_records.update:            0.00s
Exc:       0.00000000, Vxc:       0.00000000
SCF Change: DM 5.72721e-2; eev  4.44662e1 Ha; etot -5.88122e2 Ha
Energy:     -11.5665529343 Ha after    2 iterations (in       0.00 seconds).
Detailed timing info in this SCF step:
prepare_next_input:            0.00s
diagonalize_hamiltonian:       0.00s
generate_density_matrix:       0.00s
check_scf_convergence:         0.00s
scf_records.update:            0.00s
Exc:       0.00000000, Vxc:       0.00000000
SCF Change: DM 7.25587e-3; eev  5.59459e0 Ha; etot -1.99317e0 Ha
Energy:     -13.5597247486 Ha after    3 iterations (in       0.00 seconds).
Detailed timing info in this SCF step:
prepare_next_input:            0.00s
diagonalize_hamiltonian:       0.00s
generate_density_matrix:       0.00s
check_scf_convergence:         0.00s
scf_records.update:            0.00s
Exc:       0.00000000, Vxc:       0.00000000
SCF Change: DM 1.61709e-2; eev  1.74924e0 Ha; etot -3.16857e-2 Ha
Energy:     -13.5914104712 Ha after    4 iterations (in       0.00 seconds).
Detailed timing info in this SCF step:
prepare_next_input:            0.00s
diagonalize_hamiltonian:       0.00s
generate_density_matrix:       0.00s
check_scf_convergence:         0.00s
scf_records.update:            0.00s
Exc:       0.00000000, Vxc:       0.00000000
SCF Change: DM 9.00742e-4; eev  1.12698e0 Ha; etot -7.26769e-2 Ha
Energy:     -13.6640873517 Ha after    5 iterations (in       0.00 seconds).
Detailed timing info in this SCF step:
prepare_next_input:            0.00s
diagonalize_hamiltonian:       0.00s
generate_density_matrix:       0.00s
check_scf_convergence:         0.00s
scf_records.update:            0.00s
Exc:       0.00000000, Vxc:       0.00000000
SCF Change: DM 4.22679e-3; eev 5.26666e-1 Ha; etot -6.47387e-2 Ha
Energy:     -13.7288260609 Ha after    6 iterations (in       0.00 seconds).
Detailed timing info in this SCF step:
prepare_next_input:            0.00s
diagonalize_hamiltonian:       0.00s
generate_density_matrix:       0.00s
check_scf_convergence:         0.00s
scf_records.update:            0.00s
Exc:       0.00000000, Vxc:       0.00000000
SCF Change: DM 4.25560e-4; eev 2.56107e-1 Ha; etot -1.43728e-2 Ha
Energy:     -13.7431988356 Ha after    7 iterations (in       0.00 seconds).
Detailed timing info in this SCF step:
prepare_next_input:            0.00s
diagonalize_hamiltonian:       0.00s
generate_density_matrix:       0.00s
check_scf_convergence:         0.00s
scf_records.update:            0.00s
Exc:       0.00000000, Vxc:       0.00000000
SCF Change: DM 1.11464e-3; eev 1.65631e-1 Ha; etot 1.02339e-2 Ha
Energy:     -13.7329649525 Ha after    8 iterations (in       0.01 seconds).
Detailed timing info in this SCF step:
prepare_next_input:            0.01s
diagonalize_hamiltonian:       0.00s
generate_density_matrix:       0.00s
check_scf_convergence:         0.00s
scf_records.update:            0.00s
Exc:       0.00000000, Vxc:       0.00000000
SCF Change: DM 1.36993e-4; eev 8.24133e-2 Ha; etot -4.14099e-4 Ha
Energy:     -13.7333790516 Ha after    9 iterations (in       0.00 seconds).
Detailed timing info in this SCF step:
prepare_next_input:            0.00s
diagonalize_hamiltonian:       0.00s
generate_density_matrix:       0.00s
check_scf_convergence:         0.00s
scf_records.update:            0.00s
Exc:       0.00000000, Vxc:       0.00000000
SCF Change: DM 7.64060e-6; eev 2.34120e-3 Ha; etot -1.43071e-5 Ha
Energy:     -13.7333933587 Ha after   10 iterations (in       0.00 seconds).
Detailed timing info in this SCF step:
prepare_next_input:            0.00s
diagonalize_hamiltonian:       0.00s
generate_density_matrix:       0.00s
check_scf_convergence:         0.00s
scf_records.update:            0.00s
Exc:       0.00000000, Vxc:       0.00000000
SCF Change: DM 3.07933e-7; eev 2.75159e-5 Ha; etot -1.52036e-8 Ha
Energy:     -13.7333933739 Ha after   11 iterations (in       0.00 seconds).
Detailed timing info in this SCF step:
prepare_next_input:            0.00s
diagonalize_hamiltonian:       0.00s
generate_density_matrix:       0.00s
check_scf_convergence:         0.00s
scf_records.update:            0.00s
Exc:       0.00000000, Vxc:       0.00000000
SCF Change: DM 1.96373e-8; eev 3.71799e-6 Ha; etot -1.74296e-11 Ha
Energy:     -13.7333933739 Ha after   12 iterations (in       0.00 seconds).
Detailed timing info in this SCF step:
prepare_next_input:            0.00s
diagonalize_hamiltonian:       0.00s
generate_density_matrix:       0.00s
check_scf_convergence:         0.00s
scf_records.update:            0.00s
Exc:       0.00000000, Vxc:       0.00000000
SCF Change: DM 3.41656e-10; eev 7.30668e-9 Ha; etot -4.44089e-14 Ha
Energy:     -13.7333933739 Ha after   13 iterations (in       0.00 seconds).
Detailed timing info in this SCF step:
prepare_next_input:            0.00s
diagonalize_hamiltonian:       0.00s
generate_density_matrix:       0.00s
check_scf_convergence:         0.00s
scf_records.update:            0.00s
SCF is converged after   13 iterations.
   State    Occupation        Eigenvalue
       0       2.00000         -1.148338
       1       1.66667         -0.401641
       2       1.66667         -0.401641
       3       1.66667         -0.401641
       4       0.00000          0.342927
       5       0.00000          0.342927
       6       0.00000          0.342927
the job spends             0.18 seconds
electron number in alpha-channel:   3.50000000
electron number in beta-channel:    3.50000000
The evaluation of Vj, Vk and Vxc matrices cost       0.00,       0.01 and       0.04 seconds, respectively
Exc:      -2.14213429, Vxc:      -1.38024502
Initial guess HF energy:     -14.0870369455767488
Initial density matrix by Atom SAD:
                 0,           1,           2,           3,           4
    0     0.000000,   -0.000000,   -0.000005,   -0.000049,    0.000134
    1    -0.000000,    0.000001,    0.000028,    0.000263,   -0.000712
    2    -0.000005,    0.000028,    0.001309,    0.012218,   -0.033132
    3    -0.000049,    0.000263,    0.012218,    0.114007,   -0.309147
    4     0.000134,   -0.000712,   -0.033132,   -0.309147,    0.838299
    5     0.000048,   -0.000253,   -0.011770,   -0.109826,    0.297811
    6    -0.000000,    0.000000,    0.000000,    0.000000,   -0.000000
    7     0.000000,    0.000000,    0.000000,   -0.000000,    0.000000
    8     0.000000,   -0.000000,   -0.000000,   -0.000000,    0.000000
    9    -0.000000,   -0.000000,   -0.000000,   -0.000000,    0.000000
   10    -0.000000,   -0.000000,   -0.000000,   -0.000000,    0.000000
   11     0.000000,    0.000000,    0.000000,   -0.000000,    0.000000
   12     0.000000,    0.000000,    0.000000,   -0.000000,    0.000000
   13     0.000000,    0.000000,    0.000000,    0.000000,   -0.000000
   14    -0.000000,   -0.000000,   -0.000000,    0.000000,   -0.000000
   15     0.000000,    0.000000,   -0.000000,   -0.000000,    0.000000
   16     0.000000,    0.000000,    0.000000,   -0.000000,    0.000000
   17    -0.000000,   -0.000000,   -0.000000,   -0.000000,    0.000000
   18     0.000000,    0.000000,    0.000000,    0.000000,   -0.000000
   19     0.000000,    0.000000,    0.000000,    0.000000,   -0.000000
   20    -0.000000,   -0.000000,   -0.000000,    0.000000,   -0.000000
   21     0.000000,   -0.000000,   -0.000000,   -0.000000,    0.000000
   22    -0.000000,    0.000000,    0.000000,    0.000000,   -0.000000
   23     0.000000,   -0.000000,   -0.000000,   -0.000000,    0.000000
   24    -0.000000,    0.000000,    0.000000,    0.000000,   -0.000000
   25     0.000000,   -0.000000,   -0.000000,   -0.000000,    0.000000
   26    -0.000000,    0.000000,    0.000000,    0.000000,   -0.000000
   27    -0.000000,    0.000000,    0.000000,    0.000000,   -0.000000
   28    -0.000000,    0.000000,    0.000000,    0.000000,   -0.000000
   29     0.000000,   -0.000000,   -0.000000,   -0.000000,    0.000000
   30    -0.000000,    0.000000,    0.000000,    0.000000,   -0.000000
   31     0.000000,   -0.000000,   -0.000000,   -0.000000,    0.000000
   32    -0.000000,    0.000000,    0.000000,    0.000000,   -0.000000
   33    -0.000000,    0.000000,    0.000000,    0.000000,   -0.000000
   34     0.000000,   -0.000000,   -0.000000,   -0.000000,    0.000000
   35    -0.000000,    0.000000,    0.000000,    0.000000,   -0.000000
   36     0.000000,   -0.000000,   -0.000000,   -0.000000,    0.000000
   37     0.000000,   -0.000000,   -0.000000,   -0.000000,    0.000000
   38    -0.000000,    0.000000,    0.000000,    0.000000,   -0.000000
   39    -0.000000,    0.000000,    0.000000,    0.000000,   -0.000000
   40    -0.000000,    0.000000,    0.000000,    0.000000,   -0.000000
   41     0.000000,   -0.000000,   -0.000000,   -0.000000,    0.000000
   42    -0.000000,    0.000000,    0.000000,    0.000000,   -0.000000
   43    -0.000000,    0.000000,    0.000000,    0.000000,   -0.000000
   44    -0.000000,    0.000000,    0.000000,    0.000000,   -0.000000
   45    -0.000000,    0.000000,    0.000000,    0.000000,   -0.000000
   46    -0.000000,    0.000000,    0.000000,    0.000000,   -0.000000
   47    -0.000000,    0.000000,    0.000000,    0.000000,   -0.000000
                 5,           6,           7,           8,           9
    0     0.000048,   -0.000000,    0.000000,    0.000000,   -0.000000
    1    -0.000253,    0.000000,    0.000000,   -0.000000,   -0.000000
    2    -0.011770,    0.000000,    0.000000,   -0.000000,   -0.000000
    3    -0.109826,    0.000000,   -0.000000,   -0.000000,   -0.000000
    4     0.297811,   -0.000000,    0.000000,    0.000000,    0.000000
    5     0.105799,   -0.000000,    0.000000,    0.000000,    0.000000
    6    -0.000000,    0.000007,    0.000000,    0.000000,   -0.000154
    7     0.000000,    0.000000,    0.000007,    0.000000,   -0.000000
    8     0.000000,    0.000000,    0.000000,    0.000007,    0.000000
    9     0.000000,   -0.000154,   -0.000000,    0.000000,    0.003595
   10     0.000000,   -0.000000,   -0.000154,   -0.000000,    0.000000
   11     0.000000,    0.000000,   -0.000000,   -0.000154,   -0.000000
   12    -0.000000,    0.000806,    0.000000,   -0.000000,   -0.018825
   13    -0.000000,    0.000000,    0.000806,    0.000000,   -0.000000
   14    -0.000000,   -0.000000,    0.000000,    0.000806,    0.000000
   15    -0.000000,    0.001445,   -0.000000,    0.000000,   -0.033750
   16     0.000000,    0.000000,    0.001445,   -0.000000,   -0.000000
   17     0.000000,   -0.000000,   -0.000000,    0.001445,    0.000000
   18    -0.000000,    0.000656,   -0.000000,   -0.000000,   -0.015329
   19    -0.000000,   -0.000000,    0.000656,    0.000000,    0.000000
   20    -0.000000,    0.000000,    0.000000,    0.000656,    0.000000
   21     0.000000,   -0.000000,   -0.000000,    0.000000,    0.000000
   22    -0.000000,   -0.000000,   -0.000000,    0.000000,    0.000000
   23     0.000000,   -0.000000,   -0.000000,   -0.000000,    0.000000
   24    -0.000000,    0.000000,    0.000000,   -0.000000,   -0.000000
   25     0.000000,   -0.000000,   -0.000000,   -0.000000,    0.000000
   26    -0.000000,    0.000000,    0.000000,    0.000000,   -0.000000
   27    -0.000000,    0.000000,    0.000000,    0.000000,   -0.000000
   28    -0.000000,    0.000000,    0.000000,   -0.000000,   -0.000000
   29     0.000000,   -0.000000,   -0.000000,   -0.000000,    0.000000
   30    -0.000000,   -0.000000,    0.000000,    0.000000,    0.000000
   31     0.000000,   -0.000000,   -0.000000,   -0.000000,    0.000000
   32    -0.000000,   -0.000000,   -0.000000,   -0.000000,    0.000000
   33    -0.000000,   -0.000000,   -0.000000,    0.000000,    0.000000
   34     0.000000,    0.000000,    0.000000,    0.000000,   -0.000000
   35    -0.000000,    0.000000,   -0.000000,   -0.000000,   -0.000000
   36     0.000000,    0.000000,    0.000000,    0.000000,   -0.000000
   37     0.000000,    0.000000,    0.000000,    0.000000,   -0.000000
   38    -0.000000,   -0.000000,    0.000000,   -0.000000,    0.000000
   39    -0.000000,   -0.000000,   -0.000000,   -0.000000,    0.000000
   40    -0.000000,    0.000000,    0.000000,    0.000000,   -0.000000
   41     0.000000,    0.000000,   -0.000000,    0.000000,   -0.000000
   42    -0.000000,    0.000000,    0.000000,   -0.000000,   -0.000000
   43    -0.000000,   -0.000000,   -0.000000,    0.000000,    0.000000
   44    -0.000000,   -0.000000,    0.000000,   -0.000000,    0.000000
   45    -0.000000,   -0.000000,    0.000000,    0.000000,    0.000000
   46    -0.000000,   -0.000000,    0.000000,   -0.000000,    0.000000
   47    -0.000000,   -0.000000,   -0.000000,   -0.000000,    0.000000
                10,          11,          12,          13,          14
    0    -0.000000,    0.000000,    0.000000,    0.000000,   -0.000000
    1    -0.000000,    0.000000,    0.000000,    0.000000,   -0.000000
    2    -0.000000,    0.000000,    0.000000,    0.000000,   -0.000000
    3    -0.000000,   -0.000000,   -0.000000,    0.000000,    0.000000
    4     0.000000,    0.000000,    0.000000,   -0.000000,   -0.000000
    5     0.000000,    0.000000,   -0.000000,   -0.000000,   -0.000000
    6    -0.000000,    0.000000,    0.000806,    0.000000,   -0.000000
    7    -0.000154,   -0.000000,    0.000000,    0.000806,    0.000000
    8    -0.000000,   -0.000154,   -0.000000,    0.000000,    0.000806
    9     0.000000,   -0.000000,   -0.018825,   -0.000000,    0.000000
   10     0.003595,    0.000000,   -0.000000,   -0.018825,   -0.000000
   11     0.000000,    0.003595,    0.000000,   -0.000000,   -0.018825
   12    -0.000000,    0.000000,    0.098585,    0.000000,   -0.000000
   13    -0.018825,   -0.000000,    0.000000,    0.098585,    0.000000
   14    -0.000000,   -0.018825,   -0.000000,    0.000000,    0.098585
   15    -0.000000,   -0.000000,    0.176742,   -0.000000,    0.000000
   16    -0.033750,    0.000000,    0.000000,    0.176742,    0.000000
   17     0.000000,   -0.033750,   -0.000000,   -0.000000,    0.176742
   18     0.000000,    0.000000,    0.080276,   -0.000000,   -0.000000
   19    -0.015329,   -0.000000,    0.000000,    0.080276,    0.000000
   20    -0.000000,   -0.015329,   -0.000000,    0.000000,    0.080276
   21     0.000000,   -0.000000,   -0.000000,   -0.000000,    0.000000
   22     0.000000,   -0.000000,   -0.000000,   -0.000000,    0.000000
   23     0.000000,    0.000000,   -0.000000,   -0.000000,   -0.000000
   24    -0.000000,    0.000000,    0.000000,    0.000000,   -0.000000
   25     0.000000,    0.000000,   -0.000000,   -0.000000,   -0.000000
   26    -0.000000,   -0.000000,    0.000000,    0.000000,    0.000000
   27    -0.000000,   -0.000000,    0.000000,    0.000000,    0.000000
   28    -0.000000,    0.000000,    0.000000,    0.000000,   -0.000000
   29     0.000000,    0.000000,   -0.000000,   -0.000000,   -0.000000
   30    -0.000000,   -0.000000,   -0.000000,    0.000000,    0.000000
   31     0.000000,    0.000000,   -0.000000,   -0.000000,   -0.000000
   32     0.000000,    0.000000,   -0.000000,   -0.000000,   -0.000000
   33     0.000000,   -0.000000,   -0.000000,   -0.000000,    0.000000
   34    -0.000000,   -0.000000,    0.000000,    0.000000,    0.000000
   35     0.000000,    0.000000,    0.000000,   -0.000000,   -0.000000
   36    -0.000000,   -0.000000,    0.000000,    0.000000,    0.000000
   37    -0.000000,   -0.000000,    0.000000,    0.000000,    0.000000
   38    -0.000000,    0.000000,   -0.000000,    0.000000,   -0.000000
   39     0.000000,    0.000000,   -0.000000,   -0.000000,   -0.000000
   40    -0.000000,   -0.000000,    0.000000,    0.000000,    0.000000
   41     0.000000,   -0.000000,    0.000000,   -0.000000,    0.000000
   42    -0.000000,    0.000000,    0.000000,    0.000000,   -0.000000
   43     0.000000,   -0.000000,   -0.000000,   -0.000000,    0.000000
   44    -0.000000,    0.000000,   -0.000000,    0.000000,   -0.000000
   45    -0.000000,   -0.000000,   -0.000000,    0.000000,    0.000000
   46    -0.000000,    0.000000,   -0.000000,    0.000000,   -0.000000
   47     0.000000,    0.000000,   -0.000000,   -0.000000,   -0.000000
                15,          16,          17,          18,          19
    0     0.000000,    0.000000,   -0.000000,    0.000000,    0.000000
    1     0.000000,    0.000000,   -0.000000,    0.000000,    0.000000
    2    -0.000000,    0.000000,   -0.000000,    0.000000,    0.000000
    3    -0.000000,   -0.000000,   -0.000000,    0.000000,    0.000000
    4     0.000000,    0.000000,    0.000000,   -0.000000,   -0.000000
    5    -0.000000,    0.000000,    0.000000,   -0.000000,   -0.000000
    6     0.001445,    0.000000,   -0.000000,    0.000656,   -0.000000
    7    -0.000000,    0.001445,   -0.000000,   -0.000000,    0.000656
    8     0.000000,   -0.000000,    0.001445,   -0.000000,    0.000000
    9    -0.033750,   -0.000000,    0.000000,   -0.015329,    0.000000
   10    -0.000000,   -0.033750,    0.000000,    0.000000,   -0.015329
   11    -0.000000,    0.000000,   -0.033750,    0.000000,   -0.000000
   12     0.176742,    0.000000,   -0.000000,    0.080276,    0.000000
   13    -0.000000,    0.176742,   -0.000000,   -0.000000,    0.080276
   14     0.000000,    0.000000,    0.176742,   -0.000000,    0.000000
   15     0.316861,    0.000000,    0.000000,    0.143917,   -0.000000
   16     0.000000,    0.316861,   -0.000000,   -0.000000,    0.143917
   17     0.000000,   -0.000000,    0.316861,   -0.000000,    0.000000
   18     0.143917,   -0.000000,   -0.000000,    0.065367,   -0.000000
   19    -0.000000,    0.143917,    0.000000,   -0.000000,    0.065367
   20     0.000000,   -0.000000,    0.143917,   -0.000000,    0.000000
   21    -0.000000,   -0.000000,    0.000000,   -0.000000,   -0.000000
   22    -0.000000,   -0.000000,    0.000000,   -0.000000,   -0.000000
   23    -0.000000,   -0.000000,   -0.000000,   -0.000000,   -0.000000
   24     0.000000,    0.000000,   -0.000000,    0.000000,    0.000000
   25    -0.000000,   -0.000000,   -0.000000,   -0.000000,   -0.000000
   26     0.000000,    0.000000,    0.000000,    0.000000,    0.000000
   27     0.000000,    0.000000,    0.000000,    0.000000,    0.000000
   28     0.000000,    0.000000,   -0.000000,    0.000000,    0.000000
   29    -0.000000,   -0.000000,   -0.000000,   -0.000000,   -0.000000
   30    -0.000000,    0.000000,    0.000000,   -0.000000,    0.000000
   31    -0.000000,   -0.000000,   -0.000000,   -0.000000,   -0.000000
   32    -0.000000,   -0.000000,   -0.000000,   -0.000000,   -0.000000
   33    -0.000000,   -0.000000,    0.000000,   -0.000000,   -0.000000
   34     0.000000,    0.000000,    0.000000,    0.000000,    0.000000
   35     0.000000,   -0.000000,   -0.000000,    0.000000,   -0.000000
   36     0.000000,    0.000000,    0.000000,    0.000000,    0.000000
   37     0.000000,    0.000000,    0.000000,    0.000000,    0.000000
   38    -0.000000,    0.000000,   -0.000000,   -0.000000,    0.000000
   39    -0.000000,   -0.000000,   -0.000000,   -0.000000,   -0.000000
   40     0.000000,    0.000000,    0.000000,    0.000000,    0.000000
   41     0.000000,   -0.000000,    0.000000,    0.000000,   -0.000000
   42     0.000000,    0.000000,   -0.000000,    0.000000,    0.000000
   43    -0.000000,   -0.000000,    0.000000,   -0.000000,   -0.000000
   44    -0.000000,    0.000000,   -0.000000,   -0.000000,    0.000000
   45    -0.000000,    0.000000,    0.000000,   -0.000000,    0.000000
   46    -0.000000,    0.000000,   -0.000000,   -0.000000,    0.000000
   47    -0.000000,   -0.000000,   -0.000000,   -0.000000,   -0.000000
                20,          21,          22,          23,          24
    0    -0.000000,    0.000000,   -0.000000,    0.000000,   -0.000000
    1    -0.000000,   -0.000000,    0.000000,   -0.000000,    0.000000
    2    -0.000000,   -0.000000,    0.000000,   -0.000000,    0.000000
    3     0.000000,   -0.000000,    0.000000,   -0.000000,    0.000000
    4    -0.000000,    0.000000,   -0.000000,    0.000000,   -0.000000
    5    -0.000000,    0.000000,   -0.000000,    0.000000,   -0.000000
    6     0.000000,   -0.000000,   -0.000000,   -0.000000,    0.000000
    7     0.000000,   -0.000000,   -0.000000,   -0.000000,    0.000000
    8     0.000656,    0.000000,    0.000000,   -0.000000,   -0.000000
    9     0.000000,    0.000000,    0.000000,    0.000000,   -0.000000
   10    -0.000000,    0.000000,    0.000000,    0.000000,   -0.000000
   11    -0.015329,   -0.000000,   -0.000000,    0.000000,    0.000000
   12    -0.000000,   -0.000000,   -0.000000,   -0.000000,    0.000000
   13     0.000000,   -0.000000,   -0.000000,   -0.000000,    0.000000
   14     0.080276,    0.000000,    0.000000,   -0.000000,   -0.000000
   15     0.000000,   -0.000000,   -0.000000,   -0.000000,    0.000000
   16    -0.000000,   -0.000000,   -0.000000,   -0.000000,    0.000000
   17     0.143917,    0.000000,    0.000000,   -0.000000,   -0.000000
   18    -0.000000,   -0.000000,   -0.000000,   -0.000000,    0.000000
   19     0.000000,   -0.000000,   -0.000000,   -0.000000,    0.000000
   20     0.065367,    0.000000,    0.000000,   -0.000000,   -0.000000
   21     0.000000,    0.000000,    0.000000,    0.000000,   -0.000000
   22     0.000000,    0.000000,    0.000000,    0.000000,   -0.000000
   23    -0.000000,    0.000000,    0.000000,    0.000000,   -0.000000
   24    -0.000000,   -0.000000,   -0.000000,   -0.000000,    0.000000
   25    -0.000000,    0.000000,   -0.000000,    0.000000,   -0.000000
   26     0.000000,   -0.000000,   -0.000000,   -0.000000,    0.000000
   27     0.000000,   -0.000000,   -0.000000,   -0.000000,    0.000000
   28    -0.000000,   -0.000000,   -0.000000,   -0.000000,    0.000000
   29    -0.000000,    0.000000,    0.000000,    0.000000,   -0.000000
   30     0.000000,    0.000000,    0.000000,   -0.000000,    0.000000
   31    -0.000000,    0.000000,    0.000000,    0.000000,   -0.000000
   32    -0.000000,    0.000000,    0.000000,    0.000000,   -0.000000
   33     0.000000,    0.000000,    0.000000,   -0.000000,   -0.000000
   34     0.000000,   -0.000000,   -0.000000,   -0.000000,    0.000000
   35    -0.000000,   -0.000000,   -0.000000,   -0.000000,    0.000000
   36     0.000000,   -0.000000,   -0.000000,   -0.000000,    0.000000
   37     0.000000,   -0.000000,   -0.000000,   -0.000000,    0.000000
   38    -0.000000,    0.000000,    0.000000,   -0.000000,   -0.000000
   39    -0.000000,    0.000000,    0.000000,    0.000000,   -0.000000
   40     0.000000,   -0.000000,   -0.000000,   -0.000000,    0.000000
   41     0.000000,    0.000000,    0.000000,    0.000000,   -0.000000
   42    -0.000000,   -0.000000,   -0.000000,   -0.000000,    0.000000
   43     0.000000,    0.000000,    0.000000,    0.000000,   -0.000000
   44    -0.000000,   -0.000000,   -0.000000,    0.000000,    0.000000
   45     0.000000,    0.000000,    0.000000,    0.000000,   -0.000000
   46    -0.000000,   -0.000000,   -0.000000,    0.000000,    0.000000
   47    -0.000000,    0.000000,    0.000000,    0.000000,   -0.000000
                25,          26,          27,          28,          29
    0     0.000000,   -0.000000,   -0.000000,   -0.000000,    0.000000
    1    -0.000000,    0.000000,    0.000000,    0.000000,   -0.000000
    2    -0.000000,    0.000000,    0.000000,    0.000000,   -0.000000
    3    -0.000000,    0.000000,    0.000000,    0.000000,   -0.000000
    4     0.000000,   -0.000000,   -0.000000,   -0.000000,    0.000000
    5     0.000000,   -0.000000,   -0.000000,   -0.000000,    0.000000
    6    -0.000000,    0.000000,    0.000000,    0.000000,   -0.000000
    7    -0.000000,    0.000000,    0.000000,    0.000000,   -0.000000
    8    -0.000000,    0.000000,    0.000000,   -0.000000,   -0.000000
    9     0.000000,   -0.000000,   -0.000000,   -0.000000,    0.000000
   10     0.000000,   -0.000000,   -0.000000,   -0.000000,    0.000000
   11     0.000000,   -0.000000,   -0.000000,    0.000000,    0.000000
   12    -0.000000,    0.000000,    0.000000,    0.000000,   -0.000000
   13    -0.000000,    0.000000,    0.000000,    0.000000,   -0.000000
   14    -0.000000,    0.000000,    0.000000,   -0.000000,   -0.000000
   15    -0.000000,    0.000000,    0.000000,    0.000000,   -0.000000
   16    -0.000000,    0.000000,    0.000000,    0.000000,   -0.000000
   17    -0.000000,    0.000000,    0.000000,   -0.000000,   -0.000000
   18    -0.000000,    0.000000,    0.000000,    0.000000,   -0.000000
   19    -0.000000,    0.000000,    0.000000,    0.000000,   -0.000000
   20    -0.000000,    0.000000,    0.000000,   -0.000000,   -0.000000
   21     0.000000,   -0.000000,   -0.000000,   -0.000000,    0.000000
   22    -0.000000,   -0.000000,   -0.000000,   -0.000000,    0.000000
   23     0.000000,   -0.000000,   -0.000000,   -0.000000,    0.000000
   24    -0.000000,    0.000000,    0.000000,    0.000000,   -0.000000
   25     0.000000,   -0.000000,   -0.000000,   -0.000000,    0.000000
   26    -0.000000,    0.000000,    0.000000,    0.000000,   -0.000000
   27    -0.000000,    0.000000,    0.000000,    0.000000,   -0.000000
   28    -0.000000,    0.000000,    0.000000,    0.000000,   -0.000000
   29     0.000000,   -0.000000,   -0.000000,   -0.000000,    0.000000
   30    -0.000000,    0.000000,    0.000000,    0.000000,   -0.000000
   31     0.000000,   -0.000000,   -0.000000,   -0.000000,    0.000000
   32     0.000000,   -0.000000,   -0.000000,   -0.000000,    0.000000
   33    -0.000000,   -0.000000,   -0.000000,    0.000000,    0.000000
   34    -0.000000,    0.000000,    0.000000,   -0.000000,   -0.000000
   35    -0.000000,    0.000000,    0.000000,    0.000000,   -0.000000
   36    -0.000000,    0.000000,    0.000000,   -0.000000,   -0.000000
   37    -0.000000,    0.000000,    0.000000,    0.000000,   -0.000000
   38    -0.000000,   -0.000000,   -0.000000,    0.000000,    0.000000
   39     0.000000,   -0.000000,   -0.000000,    0.000000,    0.000000
   40    -0.000000,    0.000000,    0.000000,    0.000000,   -0.000000
   41     0.000000,   -0.000000,   -0.000000,   -0.000000,    0.000000
   42    -0.000000,   -0.000000,    0.000000,    0.000000,    0.000000
   43     0.000000,   -0.000000,   -0.000000,   -0.000000,    0.000000
   44     0.000000,   -0.000000,   -0.000000,    0.000000,    0.000000
   45     0.000000,   -0.000000,   -0.000000,   -0.000000,    0.000000
   46     0.000000,   -0.000000,   -0.000000,    0.000000,    0.000000
   47     0.000000,   -0.000000,   -0.000000,   -0.000000,    0.000000
                30,          31,          32,          33,          34
    0    -0.000000,    0.000000,   -0.000000,   -0.000000,    0.000000
    1     0.000000,   -0.000000,    0.000000,    0.000000,   -0.000000
    2     0.000000,   -0.000000,    0.000000,    0.000000,   -0.000000
    3     0.000000,   -0.000000,    0.000000,    0.000000,   -0.000000
    4    -0.000000,    0.000000,   -0.000000,   -0.000000,    0.000000
    5    -0.000000,    0.000000,   -0.000000,   -0.000000,    0.000000
    6    -0.000000,   -0.000000,   -0.000000,   -0.000000,    0.000000
    7     0.000000,   -0.000000,   -0.000000,   -0.000000,    0.000000
    8     0.000000,   -0.000000,   -0.000000,    0.000000,    0.000000
    9     0.000000,    0.000000,    0.000000,    0.000000,   -0.000000
   10    -0.000000,    0.000000,    0.000000,    0.000000,   -0.000000
   11    -0.000000,    0.000000,    0.000000,   -0.000000,   -0.000000
   12    -0.000000,   -0.000000,   -0.000000,   -0.000000,    0.000000
   13     0.000000,   -0.000000,   -0.000000,   -0.000000,    0.000000
   14     0.000000,   -0.000000,   -0.000000,    0.000000,    0.000000
   15    -0.000000,   -0.000000,   -0.000000,   -0.000000,    0.000000
   16     0.000000,   -0.000000,   -0.000000,   -0.000000,    0.000000
   17     0.000000,   -0.000000,   -0.000000,    0.000000,    0.000000
   18    -0.000000,   -0.000000,   -0.000000,   -0.000000,    0.000000
   19     0.000000,   -0.000000,   -0.000000,   -0.000000,    0.000000
   20     0.000000,   -0.000000,   -0.000000,    0.000000,    0.000000
   21     0.000000,    0.000000,    0.000000,    0.000000,   -0.000000
   22     0.000000,    0.000000,    0.000000,    0.000000,   -0.000000
   23    -0.000000,    0.000000,    0.000000,   -0.000000,   -0.000000
   24     0.000000,   -0.000000,   -0.000000,   -0.000000,    0.000000
   25    -0.000000,    0.000000,    0.000000,   -0.000000,   -0.000000
   26     0.000000,   -0.000000,   -0.000000,   -0.000000,    0.000000
   27     0.000000,   -0.000000,   -0.000000,   -0.000000,    0.000000
   28     0.000000,   -0.000000,   -0.000000,    0.000000,   -0.000000
   29    -0.000000,    0.000000,    0.000000,    0.000000,   -0.000000
   30     0.000000,   -0.000000,   -0.000000,    0.000000,   -0.000000
   31    -0.000000,    0.000000,    0.000000,   -0.000000,   -0.000000
   32    -0.000000,    0.000000,    0.000000,    0.000000,   -0.000000
   33     0.000000,   -0.000000,    0.000000,    0.000000,   -0.000000
   34    -0.000000,   -0.000000,   -0.000000,   -0.000000,    0.000000
   35     0.000000,    0.000000,    0.000000,    0.000000,   -0.000000
   36     0.000000,   -0.000000,   -0.000000,   -0.000000,    0.000000
   37     0.000000,   -0.000000,   -0.000000,    0.000000,    0.000000
   38     0.000000,    0.000000,    0.000000,    0.000000,   -0.000000
   39     0.000000,    0.000000,    0.000000,    0.000000,   -0.000000
   40     0.000000,   -0.000000,    0.000000,    0.000000,   -0.000000
   41    -0.000000,    0.000000,    0.000000,    0.000000,   -0.000000
   42     0.000000,    0.000000,    0.000000,    0.000000,   -0.000000
   43    -0.000000,    0.000000,    0.000000,    0.000000,   -0.000000
   44    -0.000000,    0.000000,    0.000000,   -0.000000,   -0.000000
   45     0.000000,    0.000000,    0.000000,    0.000000,   -0.000000
   46    -0.000000,    0.000000,    0.000000,   -0.000000,   -0.000000
   47     0.000000,    0.000000,    0.000000,    0.000000,   -0.000000
                35,          36,          37,          38,          39
    0    -0.000000,    0.000000,    0.000000,   -0.000000,   -0.000000
    1     0.000000,   -0.000000,   -0.000000,    0.000000,    0.000000
    2     0.000000,   -0.000000,   -0.000000,    0.000000,    0.000000
    3     0.000000,   -0.000000,   -0.000000,    0.000000,    0.000000
    4    -0.000000,    0.000000,    0.000000,   -0.000000,   -0.000000
    5    -0.000000,    0.000000,    0.000000,   -0.000000,   -0.000000
    6     0.000000,    0.000000,    0.000000,   -0.000000,   -0.000000
    7    -0.000000,    0.000000,    0.000000,    0.000000,   -0.000000
    8    -0.000000,    0.000000,    0.000000,   -0.000000,   -0.000000
    9    -0.000000,   -0.000000,   -0.000000,    0.000000,    0.000000
   10     0.000000,   -0.000000,   -0.000000,   -0.000000,    0.000000
   11     0.000000,   -0.000000,   -0.000000,    0.000000,    0.000000
   12     0.000000,    0.000000,    0.000000,   -0.000000,   -0.000000
   13    -0.000000,    0.000000,    0.000000,    0.000000,   -0.000000
   14    -0.000000,    0.000000,    0.000000,   -0.000000,   -0.000000
   15     0.000000,    0.000000,    0.000000,   -0.000000,   -0.000000
   16    -0.000000,    0.000000,    0.000000,    0.000000,   -0.000000
   17    -0.000000,    0.000000,    0.000000,   -0.000000,   -0.000000
   18     0.000000,    0.000000,    0.000000,   -0.000000,   -0.000000
   19    -0.000000,    0.000000,    0.000000,    0.000000,   -0.000000
   20    -0.000000,    0.000000,    0.000000,   -0.000000,   -0.000000
   21    -0.000000,   -0.000000,   -0.000000,    0.000000,    0.000000
   22    -0.000000,   -0.000000,   -0.000000,    0.000000,    0.000000
   23    -0.000000,   -0.000000,   -0.000000,   -0.000000,    0.000000
   24     0.000000,    0.000000,    0.000000,   -0.000000,   -0.000000
   25    -0.000000,   -0.000000,   -0.000000,   -0.000000,    0.000000
   26     0.000000,    0.000000,    0.000000,   -0.000000,   -0.000000
   27     0.000000,    0.000000,    0.000000,   -0.000000,   -0.000000
   28     0.000000,   -0.000000,    0.000000,    0.000000,    0.000000
   29    -0.000000,   -0.000000,   -0.000000,    0.000000,    0.000000
   30     0.000000,    0.000000,    0.000000,    0.000000,    0.000000
   31     0.000000,   -0.000000,   -0.000000,    0.000000,    0.000000
   32     0.000000,   -0.000000,   -0.000000,    0.000000,    0.000000
   33     0.000000,   -0.000000,    0.000000,    0.000000,    0.000000
   34    -0.000000,    0.000000,    0.000000,   -0.000000,   -0.000000
   35     0.000000,   -0.000000,   -0.000000,    0.000000,    0.000000
   36    -0.000000,    0.000000,    0.000000,   -0.000000,   -0.000000
   37    -0.000000,    0.000000,    0.000000,   -0.000000,   -0.000000
   38     0.000000,   -0.000000,   -0.000000,    0.000000,    0.000000
   39     0.000000,   -0.000000,   -0.000000,    0.000000,    0.000000
   40     0.000000,   -0.000000,    0.000000,    0.000000,    0.000000
   41     0.000000,   -0.000000,   -0.000000,   -0.000000,    0.000000
   42     0.000000,   -0.000000,   -0.000000,    0.000000,    0.000000
   43     0.000000,   -0.000000,   -0.000000,   -0.000000,    0.000000
   44     0.000000,   -0.000000,   -0.000000,    0.000000,    0.000000
   45    -0.000000,   -0.000000,   -0.000000,    0.000000,    0.000000
   46     0.000000,   -0.000000,   -0.000000,    0.000000,    0.000000
   47    -0.000000,   -0.000000,   -0.000000,    0.000000,    0.000000
                40,          41,          42,          43,          44
    0    -0.000000,    0.000000,   -0.000000,   -0.000000,   -0.000000
    1     0.000000,   -0.000000,    0.000000,    0.000000,    0.000000
    2     0.000000,   -0.000000,    0.000000,    0.000000,    0.000000
    3     0.000000,   -0.000000,    0.000000,    0.000000,    0.000000
    4    -0.000000,    0.000000,   -0.000000,   -0.000000,   -0.000000
    5    -0.000000,    0.000000,   -0.000000,   -0.000000,   -0.000000
    6     0.000000,    0.000000,    0.000000,   -0.000000,   -0.000000
    7     0.000000,   -0.000000,    0.000000,   -0.000000,    0.000000
    8     0.000000,    0.000000,   -0.000000,    0.000000,   -0.000000
    9    -0.000000,   -0.000000,   -0.000000,    0.000000,    0.000000
   10    -0.000000,    0.000000,   -0.000000,    0.000000,   -0.000000
   11    -0.000000,   -0.000000,    0.000000,   -0.000000,    0.000000
   12     0.000000,    0.000000,    0.000000,   -0.000000,   -0.000000
   13     0.000000,   -0.000000,    0.000000,   -0.000000,    0.000000
   14     0.000000,    0.000000,   -0.000000,    0.000000,   -0.000000
   15     0.000000,    0.000000,    0.000000,   -0.000000,   -0.000000
   16     0.000000,   -0.000000,    0.000000,   -0.000000,    0.000000
   17     0.000000,    0.000000,   -0.000000,    0.000000,   -0.000000
   18     0.000000,    0.000000,    0.000000,   -0.000000,   -0.000000
   19     0.000000,   -0.000000,    0.000000,   -0.000000,    0.000000
   20     0.000000,    0.000000,   -0.000000,    0.000000,   -0.000000
   21    -0.000000,    0.000000,   -0.000000,    0.000000,   -0.000000
   22    -0.000000,    0.000000,   -0.000000,    0.000000,   -0.000000
   23    -0.000000,    0.000000,   -0.000000,    0.000000,    0.000000
   24     0.000000,   -0.000000,    0.000000,   -0.000000,    0.000000
   25    -0.000000,    0.000000,   -0.000000,    0.000000,    0.000000
   26     0.000000,   -0.000000,   -0.000000,   -0.000000,   -0.000000
   27     0.000000,   -0.000000,    0.000000,   -0.000000,   -0.000000
   28     0.000000,   -0.000000,    0.000000,   -0.000000,    0.000000
   29    -0.000000,    0.000000,    0.000000,    0.000000,    0.000000
   30     0.000000,   -0.000000,    0.000000,   -0.000000,   -0.000000
   31    -0.000000,    0.000000,    0.000000,    0.000000,    0.000000
   32     0.000000,    0.000000,    0.000000,    0.000000,    0.000000
   33     0.000000,    0.000000,    0.000000,    0.000000,   -0.000000
   34    -0.000000,   -0.000000,   -0.000000,   -0.000000,   -0.000000
   35     0.000000,    0.000000,    0.000000,    0.000000,    0.000000
   36    -0.000000,   -0.000000,   -0.000000,   -0.000000,   -0.000000
   37     0.000000,   -0.000000,   -0.000000,   -0.000000,   -0.000000
   38     0.000000,   -0.000000,    0.000000,   -0.000000,    0.000000
   39     0.000000,    0.000000,    0.000000,    0.000000,    0.000000
   40     0.000000,   -0.000000,    0.000000,   -0.000000,   -0.000000
   41    -0.000000,    0.000000,   -0.000000,    0.000000,   -0.000000
   42     0.000000,   -0.000000,    0.000000,   -0.000000,    0.000000
   43    -0.000000,    0.000000,   -0.000000,    0.000000,   -0.000000
   44    -0.000000,   -0.000000,    0.000000,   -0.000000,    0.000000
   45    -0.000000,   -0.000000,   -0.000000,   -0.000000,   -0.000000
   46    -0.000000,   -0.000000,    0.000000,   -0.000000,    0.000000
   47    -0.000000,    0.000000,   -0.000000,    0.000000,    0.000000
                45,          46,          47
    0    -0.000000,   -0.000000,   -0.000000
    1     0.000000,    0.000000,    0.000000
    2     0.000000,    0.000000,    0.000000
    3     0.000000,    0.000000,    0.000000
    4    -0.000000,   -0.000000,   -0.000000
    5    -0.000000,   -0.000000,   -0.000000
    6    -0.000000,   -0.000000,   -0.000000
    7     0.000000,    0.000000,   -0.000000
    8     0.000000,   -0.000000,   -0.000000
    9     0.000000,    0.000000,    0.000000
   10    -0.000000,   -0.000000,    0.000000
   11    -0.000000,    0.000000,    0.000000
   12    -0.000000,   -0.000000,   -0.000000
   13     0.000000,    0.000000,   -0.000000
   14     0.000000,   -0.000000,   -0.000000
   15    -0.000000,   -0.000000,   -0.000000
   16     0.000000,    0.000000,   -0.000000
   17     0.000000,   -0.000000,   -0.000000
   18    -0.000000,   -0.000000,   -0.000000
   19     0.000000,    0.000000,   -0.000000
   20     0.000000,   -0.000000,   -0.000000
   21     0.000000,   -0.000000,    0.000000
   22     0.000000,   -0.000000,    0.000000
   23     0.000000,    0.000000,    0.000000
   24    -0.000000,    0.000000,   -0.000000
   25     0.000000,    0.000000,    0.000000
   26    -0.000000,   -0.000000,   -0.000000
   27    -0.000000,   -0.000000,   -0.000000
   28    -0.000000,    0.000000,   -0.000000
   29     0.000000,    0.000000,    0.000000
   30     0.000000,   -0.000000,    0.000000
   31     0.000000,    0.000000,    0.000000
   32     0.000000,    0.000000,    0.000000
   33     0.000000,   -0.000000,    0.000000
   34    -0.000000,   -0.000000,   -0.000000
   35    -0.000000,    0.000000,   -0.000000
   36    -0.000000,   -0.000000,   -0.000000
   37    -0.000000,   -0.000000,   -0.000000
   38     0.000000,    0.000000,    0.000000
   39     0.000000,    0.000000,    0.000000
   40    -0.000000,   -0.000000,   -0.000000
   41    -0.000000,   -0.000000,    0.000000
   42    -0.000000,    0.000000,   -0.000000
   43    -0.000000,   -0.000000,    0.000000
   44    -0.000000,    0.000000,    0.000000
   45     0.000000,   -0.000000,    0.000000
   46    -0.000000,    0.000000,    0.000000
   47     0.000000,    0.000000,    0.000000
Detailed time report:
CInt      |:    0.080 s for Two, Three, and Four-center integrals
InitGuess |:    0.243 s for Prepare initial guess
Overall   |:    0.547 s for SCF Preparation
DFT Grids |:    0.224 s for Initialization of the tabulated Grids and AOs
ISDF      |:    0.000 s for ISDF initialization
electron number in alpha-channel:   4.00000000
electron number in beta-channel:    3.00000000
The evaluation of Vj, Vk and Vxc matrices cost       0.00,       0.00 and       0.03 seconds, respectively
Exc:      -2.18513526, Vxc:      -1.40787519
The total energy:       -14.1286348086 Ha by the initial guess
electron number in alpha-channel:   4.00000000
electron number in beta-channel:    3.00000000
The evaluation of Vj, Vk and Vxc matrices cost       0.00,       0.00 and       0.03 seconds, respectively
Exc:      -2.17777083, Vxc:      -1.40306603
Hamiltonian: generation by       0.03s and DIIS extrapolation by       0.00s
Energy:     -14.1318442809 Ha with <S^2> =  0.752 and <2S+1> =  2.002 after    1 iterations (in       0.04 seconds).
Detailed timing info in this SCF step:
prepare_next_input:            0.03s
diagonalize_hamiltonian:       0.00s
generate_density_matrix:       0.00s
check_scf_convergence:         0.00s
scf_records.update:            0.00s
electron number in alpha-channel:   4.00000000
electron number in beta-channel:    3.00000000
The evaluation of Vj, Vk and Vxc matrices cost       0.00,       0.00 and       0.03 seconds, respectively
Exc:      -2.18370894, Vxc:      -1.40690191
Hamiltonian: generation by       0.03s and DIIS extrapolation by       0.00s
SCF Change: DM (1.15851e-4,1.35643e-4); eev 5.08428e-2 Ha; etot -9.83130e-5 Ha
Energy:     -14.1319425939 Ha with <S^2> =  0.752 and <2S+1> =  2.002 after    2 iterations (in       0.04 seconds).
Detailed timing info in this SCF step:
prepare_next_input:            0.03s
diagonalize_hamiltonian:       0.00s
generate_density_matrix:       0.00s
check_scf_convergence:         0.00s
scf_records.update:            0.00s
electron number in alpha-channel:   4.00000000
electron number in beta-channel:    3.00000000
The evaluation of Vj, Vk and Vxc matrices cost       0.00,       0.00 and       0.03 seconds, respectively
Exc:      -2.18103243, Vxc:      -1.40516298
Hamiltonian: generation by       0.03s and DIIS extrapolation by       0.00s
SCF Change: DM (4.30208e-5,3.60803e-5); eev 1.67782e-2 Ha; etot -1.05260e-5 Ha
Energy:     -14.1319531198 Ha with <S^2> =  0.752 and <2S+1> =  2.002 after    3 iterations (in       0.04 seconds).
Detailed timing info in this SCF step:
prepare_next_input:            0.03s
diagonalize_hamiltonian:       0.00s
generate_density_matrix:       0.00s
check_scf_convergence:         0.00s
scf_records.update:            0.00s
electron number in alpha-channel:   4.00000000
electron number in beta-channel:    3.00000000
The evaluation of Vj, Vk and Vxc matrices cost       0.00,       0.00 and       0.03 seconds, respectively
Exc:      -2.18198263, Vxc:      -1.40577864
Hamiltonian: generation by       0.03s and DIIS extrapolation by       0.00s
SCF Change: DM (1.38761e-6,1.55021e-6); eev 8.66284e-4 Ha; etot -2.49833e-6 Ha
Energy:     -14.1319556181 Ha with <S^2> =  0.752 and <2S+1> =  2.002 after    4 iterations (in       0.04 seconds).
Detailed timing info in this SCF step:
prepare_next_input:            0.03s
diagonalize_hamiltonian:       0.00s
generate_density_matrix:       0.00s
check_scf_convergence:         0.00s
scf_records.update:            0.00s
electron number in alpha-channel:   4.00000000
electron number in beta-channel:    3.00000000
The evaluation of Vj, Vk and Vxc matrices cost       0.00,       0.00 and       0.04 seconds, respectively
Exc:      -2.18195788, Vxc:      -1.40576249
Hamiltonian: generation by       0.04s and DIIS extrapolation by       0.00s
SCF Change: DM (9.93171e-8,9.98357e-8); eev 9.89372e-5 Ha; etot -3.72892e-9 Ha
Energy:     -14.1319556219 Ha with <S^2> =  0.752 and <2S+1> =  2.002 after    5 iterations (in       0.05 seconds).
Detailed timing info in this SCF step:
prepare_next_input:            0.05s
diagonalize_hamiltonian:       0.00s
generate_density_matrix:       0.00s
check_scf_convergence:         0.00s
scf_records.update:            0.00s
electron number in alpha-channel:   4.00000000
electron number in beta-channel:    3.00000000
The evaluation of Vj, Vk and Vxc matrices cost       0.00,       0.01 and       0.04 seconds, respectively
Exc:      -2.18195793, Vxc:      -1.40576252
Hamiltonian: generation by       0.05s and DIIS extrapolation by       0.00s
SCF Change: DM (1.40594e-8,3.01596e-8); eev 5.39815e-6 Ha; etot -1.00808e-11 Ha
Energy:     -14.1319556219 Ha with <S^2> =  0.752 and <2S+1> =  2.002 after    6 iterations (in       0.05 seconds).
Detailed timing info in this SCF step:
prepare_next_input:            0.05s
diagonalize_hamiltonian:       0.00s
generate_density_matrix:       0.00s
check_scf_convergence:         0.00s
scf_records.update:            0.00s
electron number in alpha-channel:   4.00000000
electron number in beta-channel:    3.00000000
The evaluation of Vj, Vk and Vxc matrices cost       0.00,       0.00 and       0.03 seconds, respectively
Exc:      -2.18195791, Vxc:      -1.40576250
Hamiltonian: generation by       0.04s and DIIS extrapolation by       0.00s
SCF Change: DM (3.48654e-9,2.28904e-8); eev 1.18323e-6 Ha; etot -6.78568e-13 Ha
Energy:     -14.1319556219 Ha with <S^2> =  0.752 and <2S+1> =  2.002 after    7 iterations (in       0.04 seconds).
Detailed timing info in this SCF step:
prepare_next_input:            0.04s
diagonalize_hamiltonian:       0.00s
generate_density_matrix:       0.00s
check_scf_convergence:         0.00s
scf_records.update:            0.00s
electron number in alpha-channel:   4.00000000
electron number in beta-channel:    3.00000000
The evaluation of Vj, Vk and Vxc matrices cost       0.00,       0.00 and       0.03 seconds, respectively
Exc:      -2.18195791, Vxc:      -1.40576250
Hamiltonian: generation by       0.04s and DIIS extrapolation by       0.00s
SCF Change: DM (1.75605e-10,1.15646e-9); eev 2.25663e-9 Ha; etot -4.70735e-13 Ha
Energy:     -14.1319556219 Ha with <S^2> =  0.752 and <2S+1> =  2.002 after    8 iterations (in       0.04 seconds).
Detailed timing info in this SCF step:
prepare_next_input:            0.04s
diagonalize_hamiltonian:       0.00s
generate_density_matrix:       0.00s
check_scf_convergence:         0.00s
scf_records.update:            0.00s
SCF is converged after    8 iterations.
Spin-up eigenvalues
 
   State    Occupation        Eigenvalue
       0       1.00000         -0.928905
       1       1.00000         -0.380710
       2       1.00000         -0.328708
       3       1.00000         -0.328708
       4       0.00000          0.210362
       5       0.00000          0.227514
       6       0.00000          0.227514
 
Spin-down eigenvalues
 
   State    Occupation        Eigenvalue
       0       1.00000         -0.876585
       1       1.00000         -0.314732
       2       1.00000         -0.314732
       3       0.00000         -0.227472
       4       0.00000          0.230357
       5       0.00000          0.230357
       6       0.00000          0.235289
==========================================
Now evaluate the    PT2 correlation energy
==========================================
generate RI3MO only for occ_range:0..4, vir_range:3..48
Finish the RI3MO generation
Exc_scf: (-2.1819579103075637,0.2),Exc_pos: (-0.6671763364754073,0.7731)
----------------------------------------------------------------------
Methods         :       Total Corr,          OS Corr,          SS Corr
----------------------------------------------------------------------
PT2             :      -0.19765304,      -0.15228656,      -0.04536648
----------------------------------------------------------------------
Fifth-rung correlation energy :      -0.066457855107 Ha
E[XYGJOS]=:     -14.09154683 Ha, Ex[HF]:      -2.45666537 Ha, Ec[PT2  ]:      -0.19765304 Ha
Detailed time report:
xc_energy |:    0.081 s for for x_hf, xc_scf, xc_xdh
c_r5dft   |:    0.003 s for for advanced correlations
ao2mo     |:    0.007 s for for the generation of RI3MO
Mulliken population:
 0-Br-S-0              0.00000
 0-Br-S-0             -0.00003
 0-Br-S-0             -0.01550
 0-Br-S-0             -0.28626
 0-Br-S-0              1.67788
 0-Br-S-0              0.62297
 0-Br-P-0              0.00004
 0-Br-P-1              0.00002
 0-Br-P-2              0.00004
 0-Br-P-0             -0.02768
 0-Br-P-1             -0.01459
 0-Br-P-2             -0.02768
 0-Br-P-0              0.50658
 0-Br-P-1              0.26380
 0-Br-P-2              0.50663
 0-Br-P-0              1.09721
 0-Br-P-1              0.58186
 0-Br-P-2              1.09730
 0-Br-P-0              0.42337
 0-Br-P-1              0.16889
 0-Br-P-2              0.42341
 0-Br-D-0             -0.00000
 0-Br-D-1             -0.00000
 0-Br-D-2             -0.00000
 0-Br-D-3             -0.00000
 0-Br-D-4             -0.00000
 0-Br-D-0              0.00000
 0-Br-D-1              0.00000
 0-Br-D-2              0.00002
 0-Br-D-3              0.00000
 0-Br-D-4              0.00005
 0-Br-D-0              0.00000
 0-Br-D-1              0.00000
 0-Br-D-2              0.00016
 0-Br-D-3              0.00000
 0-Br-D-4              0.00047
 0-Br-D-0              0.00000
 0-Br-D-1              0.00000
 0-Br-D-2              0.00006
 0-Br-D-3              0.00000
 0-Br-D-4              0.00018
 0-Br-F-0              0.00021
 0-Br-F-1              0.00000
 0-Br-F-2              0.00013
 0-Br-F-3              0.00009
 0-Br-F-4              0.00001
 0-Br-F-5              0.00015
 0-Br-F-6              0.00022
Mulliken population analysis:
  0-Br :   0.000000

====================================================
              REST: Mission accomplished
====================================================
The SCF energy        :     -14.1319556219 Ha
The (R)-xDH energy    :     -14.0915468272 Ha
Detailed time report:
Overall   |:    1.495 s for the whole job
SCF       |:    0.916 s for the scf procedure
PT2       |:    0.091 s for the PT2 evaluation
