=========================================================
Input parameters for the REST calculation
=========================================================
Calculation type: Single-point energy
The exchange-correlation method: xygjos
Print level:                3
The number of threads used for parallelism:      4
The spheric-GTO basis set is taken from /home/symei/def2-TZVPP-ECP28MWB
The pruning method is nwchem
The radial grid generation method is treutler
ERI Type: ri_v
Turn on the basis pair symmetry for RI 3D-tensors
The spheric-GTO auxiliary basis set is taken from /home/symei/def2-SV(P)-JKFIT
Spin polarization: Off
Charge:   0; Spin:   1
min_num_angular_points: 110
max_num_angular_points: 590
hardness: 3
Grid generation level: 3
Even tempered basis generation: false
SCF convergency thresholds: 1e-8 for density matrix
                            1e-6 Ha. for sum of eigenvalues
                            1e-8 Ha. for total energy
Max. SCF cycle number:      100
The diis mixing with (param, max_vec_len) = (0.2, 8) is employed for the SCF procedure
Turn on the diis mixing after 1 step(s) of SCF iteractions with the linear mixing
The specified checkfile exists but is not loaded because the keyword 'external_init_guess' is specified
It will be updated after the SCF procedure 
(none)
Initial guess is prepared by (sad).
It is a finite cluster calculation
the scf functional for 'xygjos' contains
The density functional 'B3LYP' belongs to the 'Hybrid GGA' family and is defined in the reference(s):
(0): P. J. Stephens, F. J. Devlin, C. F. Chabalowski, and M. J. Frisch.,  J. Phys. Chem. 98, 11623 (1994)
the post-scf functional 'xygjos' is employed, which contains
The density functional 'Slater exchange' belongs to the 'LDA' family and is defined in the reference(s):
(0): P. A. M. Dirac.,  Math. Proc. Cambridge Philos. Soc. 26, 376 (1930)
(1): F. Bloch.,  Z. Phys. 57, 545 (1929)
The density functional 'Becke 88' belongs to the 'GGA' family and is defined in the reference(s):
(0): A. D. Becke.,  Phys. Rev. A 38, 3098 (1988)
The density functional 'Vosko, Wilk & Nusair (VWN5_RPA)' belongs to the 'LDA' family and is defined in the reference(s):
(0): S. H. Vosko, L. Wilk, and M. Nusair.,  Can. J. Phys. 58, 1200 (1980)
The density functional 'Lee, Yang & Parr' belongs to the 'GGA' family and is defined in the reference(s):
(0): C. Lee, W. Yang, and R. G. Parr.,  Phys. Rev. B 37, 785 (1988)
(1): B. Miehlich, A. Savin, H. Stoll, and H. Preuss.,  Chem. Phys. Lett. 157, 200 (1989)
<start_mo> for the frozen-core post-SCF methods 5 is smaller than the number of ecp orbitals 14. Set <start_mo> = 0
Libxc version used in REST: 7.0.0
nbas: 22, natm: 2 for standard basis sets
First valence state for the frozen-core algorithm:     0
final nbas: 88,final natm: 4
numbasis: 62, num_auxbas: 284
Molecule_name: hbr
job_type = "SinglePoint"
print_level = 3
basis_path = "/home/symei/def2-TZVPP-ECP28MWB"
basis_type = "spheric"
auxbas_path = "/home/symei/def2-SV(P)-JKFIT"
auxbas_type = "spheric"
use_auxbas = true
even_tempered_basis = false
etb_start_atom_number = 1
etb_beta = 1.0
ri_k_only = false
auxbasis_response = false
use_isdf = false
isdf_k_only = false
isdf_k_mu = 8
isdf_new = false
eri_type = "ri_v"
use_ri_symm = true
xc = "xygjos"
post_xc = []
post_correlation = []
post_ai_correction = "none"
charge = 0.0
spin = 1.0
spin_channel = 1
spin_polarization = false
frozen_core_postscf = 2
frequency_points = 20
lambda_points = 20
freq_grid_type = 0
freq_cut_off = 10.0
radial_precision = 0.000000000001
min_num_angular_points = 110
max_num_angular_points = 590
grid_gen_level = 3
hardness = 3
pruning = "nwchem"
rad_grid_method = "treutler"
external_grids = "grids"
mixer = "diis"
mix_param = 0.2
num_max_diis = 8
start_diis_cycle = 1
start_check_oscillation = 20
max_scf_cycle = 100
scf_acc_rho = 0.00000001
scf_acc_eev = 0.000001
scf_acc_etot = 0.00000001
restart = false
chkfile = "none"
chkfile_type = "hdf5"
guessfile = "none"
guessfile_type = "none"
external_init_guess = false
initial_guess = "sad"
noiter = false
check_stab = false
use_dm_only = false
use_ri_vj = true
fciqmc_dump = false
outputs = []
cube_orb_setting = [3.0, 80.0]
cube_orb_indices = []
atom_sad = false
occupation_type = "INTEGER"
frac_tolerant = 0.001
deep_pot = false
bench_eps = false
num_threads = 4
batch_size = 64
nforce_displacement = 0.0013
force_state_occupation = []
auxiliary_reference_states = []
pt2_mpi_mode = 0

Restricted Hartree-Fock (or Kohn-Sham) algorithm is invoked.
Nuc_energy:       2.60098377 Hartree
no empirical dispersion correction is employed
No ghost effective potential
No ghost point charges
Detailed time report:
aux_ij    |:    0.004 s for for the coulomb matrix of auxiliary basis
inv_sqrt  |:    0.048 s for for the sqrt inverse of aux_ij
prim ri   |:    0.027 s for for the pure three-center integrals
ri_v      |:    0.006 s for for RI dot aux_v^{-1/2}
all ri    |:    0.084 s for for the total evaluations of ri3fn
Overlap matrix is nonsigular:
  Lowest eigenvalue:       0.00486027 with the total number of basis functions:     62
Grid size: 30928
Generate SAD of Br
the functional of 'hf' contains
<start_mo> for the frozen-core post-SCF methods 0 is smaller than the number of ecp orbitals 14. Set <start_mo> = 0
Libxc version used in REST: 7.0.0
nbas: 16, natm: 1 for standard basis sets
First valence state for the frozen-core algorithm:     0
final nbas: 76,final natm: 2
numbasis: 48, num_auxbas: 266
Restricted Hartree-Fock (or Kohn-Sham) algorithm is invoked.
Nuc_energy:       0.00000000 Hartree
no empirical dispersion correction is employed
No ghost effective potential
No ghost point charges
Detailed time report:
ri_v      |:    0.004 s for for RI dot aux_v^{-1/2}
prim ri   |:    0.016 s for for the pure three-center integrals
all ri    |:    0.038 s for for the total evaluations of ri3fn
aux_ij    |:    0.004 s for for the coulomb matrix of auxiliary basis
inv_sqrt  |:    0.014 s for for the sqrt inverse of aux_ij
Overlap matrix is nonsigular:
  Lowest eigenvalue:       0.02573177 with the total number of basis functions:     48
Grid size: 20904
Initial guess from SAP
The evaluation of vmat costs             0.02 seconds
Detailed time report:
CInt      |:    0.057 s for Two, Three, and Four-center integrals
Overall   |:    0.148 s for SCF Preparation
DFT Grids |:    0.066 s for Initialization of the tabulated Grids and AOs
ISDF      |:    0.000 s for ISDF initialization
InitGuess |:    0.025 s for Prepare initial guess
Exc:       0.00000000, Vxc:       0.00000000
The total energy:      1518.2453524047 Ha by the initial guess
Exc:       0.00000000, Vxc:       0.00000000
Energy:     576.5550265900 Ha after    1 iterations (in       0.00 seconds).
Detailed timing info in this SCF step:
prepare_next_input:            0.00s
diagonalize_hamiltonian:       0.00s
generate_density_matrix:       0.00s
check_scf_convergence:         0.00s
scf_records.update:            0.00s
Exc:       0.00000000, Vxc:       0.00000000
SCF Change: DM 5.72721e-2; eev  4.44662e1 Ha; etot -5.88122e2 Ha
Energy:     -11.5665529343 Ha after    2 iterations (in       0.00 seconds).
Detailed timing info in this SCF step:
prepare_next_input:            0.00s
diagonalize_hamiltonian:       0.00s
generate_density_matrix:       0.00s
check_scf_convergence:         0.00s
scf_records.update:            0.00s
Exc:       0.00000000, Vxc:       0.00000000
SCF Change: DM 7.25587e-3; eev  5.59459e0 Ha; etot -1.99317e0 Ha
Energy:     -13.5597247486 Ha after    3 iterations (in       0.00 seconds).
Detailed timing info in this SCF step:
prepare_next_input:            0.00s
diagonalize_hamiltonian:       0.00s
generate_density_matrix:       0.00s
check_scf_convergence:         0.00s
scf_records.update:            0.00s
Exc:       0.00000000, Vxc:       0.00000000
SCF Change: DM 1.61709e-2; eev  1.74924e0 Ha; etot -3.16857e-2 Ha
Energy:     -13.5914104712 Ha after    4 iterations (in       0.00 seconds).
Detailed timing info in this SCF step:
prepare_next_input:            0.00s
diagonalize_hamiltonian:       0.00s
generate_density_matrix:       0.00s
check_scf_convergence:         0.00s
scf_records.update:            0.00s
Exc:       0.00000000, Vxc:       0.00000000
SCF Change: DM 9.00742e-4; eev  1.12698e0 Ha; etot -7.26769e-2 Ha
Energy:     -13.6640873517 Ha after    5 iterations (in       0.00 seconds).
Detailed timing info in this SCF step:
prepare_next_input:            0.00s
diagonalize_hamiltonian:       0.00s
generate_density_matrix:       0.00s
check_scf_convergence:         0.00s
scf_records.update:            0.00s
Exc:       0.00000000, Vxc:       0.00000000
SCF Change: DM 4.22679e-3; eev 5.26666e-1 Ha; etot -6.47387e-2 Ha
Energy:     -13.7288260609 Ha after    6 iterations (in       0.00 seconds).
Detailed timing info in this SCF step:
prepare_next_input:            0.00s
diagonalize_hamiltonian:       0.00s
generate_density_matrix:       0.00s
check_scf_convergence:         0.00s
scf_records.update:            0.00s
Exc:       0.00000000, Vxc:       0.00000000
SCF Change: DM 4.25560e-4; eev 2.56107e-1 Ha; etot -1.43728e-2 Ha
Energy:     -13.7431988356 Ha after    7 iterations (in       0.00 seconds).
Detailed timing info in this SCF step:
prepare_next_input:            0.00s
diagonalize_hamiltonian:       0.00s
generate_density_matrix:       0.00s
check_scf_convergence:         0.00s
scf_records.update:            0.00s
Exc:       0.00000000, Vxc:       0.00000000
SCF Change: DM 1.11464e-3; eev 1.65631e-1 Ha; etot 1.02339e-2 Ha
Energy:     -13.7329649525 Ha after    8 iterations (in       0.01 seconds).
Detailed timing info in this SCF step:
prepare_next_input:            0.01s
diagonalize_hamiltonian:       0.00s
generate_density_matrix:       0.00s
check_scf_convergence:         0.00s
scf_records.update:            0.00s
Exc:       0.00000000, Vxc:       0.00000000
SCF Change: DM 1.36993e-4; eev 8.24133e-2 Ha; etot -4.14099e-4 Ha
Energy:     -13.7333790516 Ha after    9 iterations (in       0.00 seconds).
Detailed timing info in this SCF step:
prepare_next_input:            0.00s
diagonalize_hamiltonian:       0.00s
generate_density_matrix:       0.00s
check_scf_convergence:         0.00s
scf_records.update:            0.00s
Exc:       0.00000000, Vxc:       0.00000000
SCF Change: DM 7.64060e-6; eev 2.34120e-3 Ha; etot -1.43071e-5 Ha
Energy:     -13.7333933587 Ha after   10 iterations (in       0.00 seconds).
Detailed timing info in this SCF step:
prepare_next_input:            0.00s
diagonalize_hamiltonian:       0.00s
generate_density_matrix:       0.00s
check_scf_convergence:         0.00s
scf_records.update:            0.00s
Exc:       0.00000000, Vxc:       0.00000000
SCF Change: DM 3.07933e-7; eev 2.75159e-5 Ha; etot -1.52036e-8 Ha
Energy:     -13.7333933739 Ha after   11 iterations (in       0.00 seconds).
Detailed timing info in this SCF step:
prepare_next_input:            0.00s
diagonalize_hamiltonian:       0.00s
generate_density_matrix:       0.00s
check_scf_convergence:         0.00s
scf_records.update:            0.00s
Exc:       0.00000000, Vxc:       0.00000000
SCF Change: DM 1.96373e-8; eev 3.71799e-6 Ha; etot -1.74349e-11 Ha
Energy:     -13.7333933739 Ha after   12 iterations (in       0.00 seconds).
Detailed timing info in this SCF step:
prepare_next_input:            0.00s
diagonalize_hamiltonian:       0.00s
generate_density_matrix:       0.00s
check_scf_convergence:         0.00s
scf_records.update:            0.00s
Exc:       0.00000000, Vxc:       0.00000000
SCF Change: DM 3.41655e-10; eev 7.30681e-9 Ha; etot -4.97380e-14 Ha
Energy:     -13.7333933739 Ha after   13 iterations (in       0.00 seconds).
Detailed timing info in this SCF step:
prepare_next_input:            0.00s
diagonalize_hamiltonian:       0.00s
generate_density_matrix:       0.00s
check_scf_convergence:         0.00s
scf_records.update:            0.00s
SCF is converged after   13 iterations.
   State    Occupation        Eigenvalue
       0       2.00000         -1.148338
       1       1.66667         -0.401641
       2       1.66667         -0.401641
       3       1.66667         -0.401641
       4       0.00000          0.342927
       5       0.00000          0.342927
       6       0.00000          0.342927
the job spends             0.21 seconds
Generate SAD of H
the functional of 'hf' contains
For SCF calculation, no core orbital is frozen by effective core potential (ECP) approximation
Libxc version used in REST: 7.0.0
nbas: 6, natm: 1 for standard basis sets
First valence state for the frozen-core algorithm:     0
final nbas: 12,final natm: 2
numbasis: 14, num_auxbas: 18
Unrestricted Hartree-Fock (or Kohn-Sham) algorithm is invoked.
Nuc_energy:       0.00000000 Hartree
no empirical dispersion correction is employed
No ghost effective potential
No ghost point charges
Detailed time report:
all ri    |:    0.000 s for for the total evaluations of ri3fn
ri_v      |:    0.000 s for for RI dot aux_v^{-1/2}
inv_sqrt  |:    0.000 s for for the sqrt inverse of aux_ij
prim ri   |:    0.000 s for for the pure three-center integrals
aux_ij    |:    0.000 s for for the coulomb matrix of auxiliary basis
Overlap matrix is nonsigular:
  Lowest eigenvalue:       0.10940728 with the total number of basis functions:     14
Grid size: 10024
Initial guess from SAP
The evaluation of vmat costs             0.00 seconds
Detailed time report:
Overall   |:    0.010 s for SCF Preparation
InitGuess |:    0.004 s for Prepare initial guess
ISDF      |:    0.000 s for ISDF initialization
DFT Grids |:    0.005 s for Initialization of the tabulated Grids and AOs
CInt      |:    0.001 s for Two, Three, and Four-center integrals
Exc:       0.00000000, Vxc:       0.00000000
The total energy:        -0.4746750264 Ha by the initial guess
Exc:       0.00000000, Vxc:       0.00000000
Energy:      -0.4947605578 Ha with <S^2> =  0.750 and <2S+1> =  2.000 after    1 iterations (in       0.00 seconds).
Detailed timing info in this SCF step:
prepare_next_input:            0.00s
diagonalize_hamiltonian:       0.00s
generate_density_matrix:       0.00s
check_scf_convergence:         0.00s
scf_records.update:            0.00s
Exc:       0.00000000, Vxc:       0.00000000
SCF Change: DM (2.42831e-3, 0.00000e0); eev 1.75389e-1 Ha; etot -7.45427e-3 Ha
Energy:      -0.5022148265 Ha with <S^2> =  0.750 and <2S+1> =  2.000 after    2 iterations (in       0.00 seconds).
Detailed timing info in this SCF step:
prepare_next_input:            0.00s
diagonalize_hamiltonian:       0.00s
generate_density_matrix:       0.00s
check_scf_convergence:         0.00s
scf_records.update:            0.00s
Exc:       0.00000000, Vxc:       0.00000000
SCF Change: DM (4.89184e-4, 0.00000e0); eev 6.79785e-2 Ha; etot 1.31784e-3 Ha
Energy:      -0.5008969838 Ha with <S^2> =  0.750 and <2S+1> =  2.000 after    3 iterations (in       0.00 seconds).
Detailed timing info in this SCF step:
prepare_next_input:            0.00s
diagonalize_hamiltonian:       0.00s
generate_density_matrix:       0.00s
check_scf_convergence:         0.00s
scf_records.update:            0.00s
Exc:       0.00000000, Vxc:       0.00000000
SCF Change: DM (6.14473e-5, 0.00000e0); eev 1.58155e-2 Ha; etot 9.31515e-4 Ha
Energy:      -0.4999654685 Ha with <S^2> =  0.750 and <2S+1> =  2.000 after    4 iterations (in       0.00 seconds).
Detailed timing info in this SCF step:
prepare_next_input:            0.00s
diagonalize_hamiltonian:       0.00s
generate_density_matrix:       0.00s
check_scf_convergence:         0.00s
scf_records.update:            0.00s
Exc:       0.00000000, Vxc:       0.00000000
SCF Change: DM (3.39240e-5, 0.00000e0); eev 1.39012e-3 Ha; etot 1.87791e-4 Ha
Energy:      -0.4997776776 Ha with <S^2> =  0.750 and <2S+1> =  2.000 after    5 iterations (in       0.00 seconds).
Detailed timing info in this SCF step:
prepare_next_input:            0.00s
diagonalize_hamiltonian:       0.00s
generate_density_matrix:       0.00s
check_scf_convergence:         0.00s
scf_records.update:            0.00s
Exc:       0.00000000, Vxc:       0.00000000
SCF Change: DM (1.39081e-5, 0.00000e0); eev 7.49941e-4 Ha; etot -4.66356e-6 Ha
Energy:      -0.4997823411 Ha with <S^2> =  0.750 and <2S+1> =  2.000 after    6 iterations (in       0.00 seconds).
Detailed timing info in this SCF step:
prepare_next_input:            0.00s
diagonalize_hamiltonian:       0.00s
generate_density_matrix:       0.00s
check_scf_convergence:         0.00s
scf_records.update:            0.00s
Exc:       0.00000000, Vxc:       0.00000000
SCF Change: DM (3.24050e-6, 0.00000e0); eev 4.38958e-4 Ha; etot -1.82058e-5 Ha
Energy:      -0.4998005469 Ha with <S^2> =  0.750 and <2S+1> =  2.000 after    7 iterations (in       0.00 seconds).
Detailed timing info in this SCF step:
prepare_next_input:            0.00s
diagonalize_hamiltonian:       0.00s
generate_density_matrix:       0.00s
check_scf_convergence:         0.00s
scf_records.update:            0.00s
Exc:       0.00000000, Vxc:       0.00000000
SCF Change: DM (3.23524e-7, 0.00000e0); eev 1.46853e-4 Ha; etot -9.28526e-6 Ha
Energy:      -0.4998098322 Ha with <S^2> =  0.750 and <2S+1> =  2.000 after    8 iterations (in       0.00 seconds).
Detailed timing info in this SCF step:
prepare_next_input:            0.00s
diagonalize_hamiltonian:       0.00s
generate_density_matrix:       0.00s
check_scf_convergence:         0.00s
scf_records.update:            0.00s
Exc:       0.00000000, Vxc:       0.00000000
SCF Change: DM (1.39114e-7, 0.00000e0); eev 8.51566e-6 Ha; etot -2.91849e-11 Ha
Energy:      -0.4998098322 Ha with <S^2> =  0.750 and <2S+1> =  2.000 after    9 iterations (in       0.00 seconds).
Detailed timing info in this SCF step:
prepare_next_input:            0.00s
diagonalize_hamiltonian:       0.00s
generate_density_matrix:       0.00s
check_scf_convergence:         0.00s
scf_records.update:            0.00s
Exc:       0.00000000, Vxc:       0.00000000
SCF Change: DM (4.82128e-8, 0.00000e0); eev 1.22527e-6 Ha; etot -2.64549e-12 Ha
Energy:      -0.4998098322 Ha with <S^2> =  0.750 and <2S+1> =  2.000 after   10 iterations (in       0.00 seconds).
Detailed timing info in this SCF step:
prepare_next_input:            0.00s
diagonalize_hamiltonian:       0.00s
generate_density_matrix:       0.00s
check_scf_convergence:         0.00s
scf_records.update:            0.00s
Exc:       0.00000000, Vxc:       0.00000000
SCF Change: DM (4.02634e-14, 0.00000e0); eev 2.49980e-12 Ha; etot -5.85643e-14 Ha
Energy:      -0.4998098322 Ha with <S^2> =  0.750 and <2S+1> =  2.000 after   11 iterations (in       0.00 seconds).
Detailed timing info in this SCF step:
prepare_next_input:            0.00s
diagonalize_hamiltonian:       0.00s
generate_density_matrix:       0.00s
check_scf_convergence:         0.00s
scf_records.update:            0.00s
SCF is converged after   11 iterations.
Spin-up eigenvalues
 
   State    Occupation        Eigenvalue
       0       1.00000         -0.499810
       1       0.00000          0.354348
       2       0.00000          0.738499
       3       0.00000          0.738499
 
Spin-down eigenvalues
 
   State    Occupation        Eigenvalue
the number of eigenvalues in 1 spin channel is 1
the job spends             0.02 seconds
total electron number:       8.00000003
The evaluation of Vj, Vk and Vxc matrices cost       0.00,       0.01 and       0.04 seconds, respectively
Exc:      -2.43320234, Vxc:      -1.56783780
Initial guess HF energy:     -14.6909591782448246
Initial density matrix by Atom SAD:
                 0,           1,           2,           3,           4
    0     0.000000,    0.000000,   -0.000014,   -0.000144,    0.000386
    1     0.000000,    0.000001,    0.000003,    0.000010,   -0.000044
    2    -0.000014,    0.000003,    0.002264,    0.023058,   -0.062047
    3    -0.000144,    0.000010,    0.023058,    0.235511,   -0.633142
    4     0.000386,   -0.000044,   -0.062047,   -0.633142,    1.702665
    5     0.000130,   -0.000067,   -0.021756,   -0.220301,    0.593994
    6     0.000000,    0.000000,   -0.000000,   -0.000000,    0.000000
    7    -0.000000,    0.000000,    0.000000,    0.000000,   -0.000000
    8    -0.000000,   -0.000002,   -0.000023,   -0.000156,    0.000488
    9    -0.000000,   -0.000000,   -0.000000,   -0.000000,    0.000000
   10    -0.000000,   -0.000000,   -0.000000,   -0.000000,    0.000000
   11     0.000002,    0.000054,    0.000539,    0.003741,   -0.011662
   12     0.000000,    0.000000,    0.000000,    0.000000,   -0.000000
   13     0.000000,    0.000000,    0.000000,   -0.000000,    0.000000
   14    -0.000007,   -0.000275,   -0.003079,   -0.022416,    0.068482
   15     0.000000,    0.000000,    0.000000,    0.000000,   -0.000000
   16     0.000000,    0.000000,    0.000000,    0.000000,   -0.000000
   17    -0.000025,   -0.000477,   -0.003429,   -0.019352,    0.066294
   18     0.000000,    0.000000,    0.000000,    0.000000,   -0.000000
   19     0.000000,    0.000000,    0.000000,    0.000000,   -0.000000
   20     0.000008,   -0.000140,   -0.003417,   -0.030346,    0.085731
   21     0.000000,   -0.000000,   -0.000000,   -0.000000,    0.000000
   22     0.000000,    0.000000,    0.000000,   -0.000000,    0.000000
   23     0.000000,   -0.000000,   -0.000012,   -0.000116,    0.000315
   24     0.000000,   -0.000000,   -0.000000,   -0.000000,    0.000000
   25     0.000000,   -0.000000,   -0.000000,   -0.000000,    0.000000
   26     0.000000,    0.000000,    0.000000,    0.000000,   -0.000000
   27    -0.000000,   -0.000000,   -0.000000,   -0.000000,    0.000000
   28    -0.000003,    0.000002,    0.000490,    0.004950,   -0.013362
   29    -0.000000,    0.000000,    0.000000,    0.000000,   -0.000000
   30    -0.000000,    0.000000,    0.000000,    0.000000,   -0.000000
   31    -0.000000,   -0.000000,    0.000000,    0.000000,   -0.000000
   32     0.000000,    0.000000,    0.000000,    0.000000,   -0.000000
   33     0.000012,    0.000029,   -0.001450,   -0.015785,    0.041549
   34     0.000000,   -0.000000,   -0.000000,   -0.000000,    0.000000
   35    -0.000000,    0.000000,    0.000000,    0.000000,   -0.000000
   36     0.000000,   -0.000000,   -0.000000,   -0.000000,    0.000000
   37    -0.000000,   -0.000000,   -0.000000,   -0.000000,    0.000000
   38     0.000001,    0.000034,    0.000355,    0.002518,   -0.007777
   39    -0.000000,   -0.000000,    0.000000,    0.000000,   -0.000000
   40    -0.000000,    0.000000,    0.000000,    0.000000,   -0.000000
   41    -0.000000,    0.000000,    0.000000,    0.000000,   -0.000000
   42    -0.000000,   -0.000000,    0.000000,    0.000000,   -0.000000
   43     0.000000,    0.000000,    0.000000,   -0.000000,    0.000000
   44    -0.000005,   -0.000015,    0.000493,    0.005532,   -0.014418
   45     0.000000,    0.000000,    0.000000,    0.000000,   -0.000000
   46     0.000000,    0.000000,    0.000000,    0.000000,   -0.000000
   47    -0.000000,    0.000000,    0.000000,    0.000000,   -0.000000
   48     0.000024,    0.000180,   -0.001081,   -0.016990,    0.040261
   49     0.000011,    0.000250,    0.002154,    0.013803,   -0.044574
   50     0.000012,    0.000096,   -0.000375,   -0.006987,    0.015911
   51     0.000000,   -0.000000,   -0.000000,   -0.000000,    0.000000
   52     0.000000,    0.000000,    0.000000,    0.000000,   -0.000000
   53     0.000002,    0.000012,   -0.000204,   -0.002467,    0.006279
   54     0.000000,    0.000000,    0.000000,    0.000000,   -0.000000
   55     0.000000,    0.000000,    0.000000,    0.000000,    0.000000
   56    -0.000005,    0.000011,    0.001003,    0.009889,   -0.026906
   57    -0.000000,   -0.000000,    0.000000,    0.000000,   -0.000000
   58     0.000000,    0.000000,    0.000000,    0.000000,   -0.000000
   59    -0.000003,    0.000008,    0.000517,    0.005036,   -0.013765
   60     0.000000,   -0.000000,   -0.000000,   -0.000000,    0.000000
   61     0.000000,   -0.000000,   -0.000000,   -0.000000,    0.000000
                 5,           6,           7,           8,           9
    0     0.000130,    0.000000,   -0.000000,   -0.000000,   -0.000000
    1    -0.000067,    0.000000,    0.000000,   -0.000002,   -0.000000
    2    -0.021756,   -0.000000,    0.000000,   -0.000023,   -0.000000
    3    -0.220301,   -0.000000,    0.000000,   -0.000156,   -0.000000
    4     0.593994,    0.000000,   -0.000000,    0.000488,    0.000000
    5     0.211695,    0.000000,   -0.000000,    0.000369,    0.000000
    6     0.000000,    0.000013,   -0.000000,   -0.000000,   -0.000307
    7    -0.000000,   -0.000000,    0.000013,   -0.000000,    0.000000
    8     0.000369,   -0.000000,   -0.000000,    0.000009,    0.000000
    9     0.000000,   -0.000307,    0.000000,    0.000000,    0.007169
   10     0.000000,   -0.000000,   -0.000307,    0.000000,   -0.000000
   11    -0.008679,    0.000000,    0.000000,   -0.000208,   -0.000000
   12     0.000000,    0.001607,   -0.000000,   -0.000000,   -0.037520
   13    -0.000000,    0.000000,    0.001607,    0.000000,    0.000000
   14     0.047516,   -0.000000,   -0.000000,    0.001070,    0.000000
   15     0.000000,    0.002882,   -0.000000,    0.000000,   -0.067297
   16    -0.000000,    0.000000,    0.002882,    0.000000,   -0.000000
   17     0.064185,   -0.000000,   -0.000000,    0.001844,    0.000000
   18     0.000000,    0.001280,    0.000000,   -0.000000,   -0.029885
   19    -0.000000,   -0.000000,    0.001280,    0.000000,    0.000000
   20     0.041791,    0.000000,   -0.000000,    0.000553,   -0.000000
   21     0.000000,   -0.000000,    0.000000,    0.000000,    0.000000
   22    -0.000000,   -0.000000,    0.000000,   -0.000000,    0.000000
   23     0.000123,   -0.000000,   -0.000000,    0.000001,    0.000000
   24     0.000000,    0.000000,    0.000000,    0.000000,   -0.000004
   25     0.000000,   -0.000000,   -0.000000,    0.000000,    0.000000
   26    -0.000000,    0.000000,    0.000000,   -0.000000,   -0.000000
   27     0.000000,    0.000000,   -0.000002,    0.000000,   -0.000000
   28    -0.004805,   -0.000000,    0.000000,   -0.000010,   -0.000000
   29    -0.000000,   -0.000002,    0.000000,   -0.000000,    0.000044
   30    -0.000000,   -0.000000,    0.000000,   -0.000000,    0.000000
   31    -0.000000,   -0.000000,   -0.000000,    0.000000,    0.000000
   32    -0.000000,    0.000000,   -0.000030,   -0.000000,   -0.000000
   33     0.011905,    0.000000,   -0.000000,   -0.000103,   -0.000000
   34     0.000000,   -0.000030,   -0.000000,    0.000000,    0.000697
   35    -0.000000,    0.000000,    0.000000,   -0.000000,   -0.000000
   36     0.000000,   -0.000000,   -0.000000,    0.000000,    0.000000
   37     0.000000,    0.000000,   -0.000059,    0.000000,   -0.000000
   38    -0.005605,    0.000000,   -0.000000,   -0.000131,   -0.000000
   39    -0.000000,   -0.000059,    0.000000,   -0.000000,    0.001372
   40    -0.000000,   -0.000000,    0.000000,   -0.000000,    0.000000
   41    -0.000000,   -0.000000,    0.000000,   -0.000000,    0.000000
   42    -0.000000,    0.000000,   -0.000000,    0.000000,   -0.000000
   43    -0.000000,   -0.000000,    0.000024,    0.000000,    0.000000
   44    -0.003705,   -0.000000,    0.000000,    0.000055,    0.000000
   45    -0.000000,    0.000024,   -0.000000,   -0.000000,   -0.000554
   46    -0.000000,    0.000000,   -0.000000,   -0.000000,   -0.000000
   47    -0.000000,   -0.000000,    0.000000,   -0.000000,    0.000000
   48    -0.001594,    0.000000,    0.000000,   -0.000683,   -0.000000
   49    -0.037026,    0.000000,    0.000000,   -0.000967,   -0.000000
   50    -0.002740,    0.000000,    0.000000,   -0.000364,   -0.000000
   51     0.000000,    0.000025,    0.000000,    0.000000,   -0.000585
   52    -0.000000,   -0.000000,    0.000025,   -0.000000,    0.000000
   53     0.001166,    0.000000,   -0.000000,   -0.000044,    0.000000
   54    -0.000000,    0.000085,   -0.000000,   -0.000000,   -0.001980
   55    -0.000000,    0.000000,    0.000085,    0.000000,   -0.000000
   56    -0.010288,   -0.000000,    0.000000,   -0.000048,   -0.000000
   57    -0.000000,   -0.000000,   -0.000000,    0.000000,    0.000000
   58    -0.000000,   -0.000000,    0.000012,   -0.000000,    0.000000
   59    -0.005441,   -0.000000,    0.000000,   -0.000032,   -0.000000
   60     0.000000,    0.000012,    0.000000,    0.000000,   -0.000281
   61     0.000000,    0.000000,    0.000000,    0.000000,   -0.000000
                10,          11,          12,          13,          14
    0    -0.000000,    0.000002,    0.000000,    0.000000,   -0.000007
    1    -0.000000,    0.000054,    0.000000,    0.000000,   -0.000275
    2    -0.000000,    0.000539,    0.000000,    0.000000,   -0.003079
    3    -0.000000,    0.003741,    0.000000,   -0.000000,   -0.022416
    4     0.000000,   -0.011662,   -0.000000,    0.000000,    0.068482
    5     0.000000,   -0.008679,    0.000000,   -0.000000,    0.047516
    6    -0.000000,    0.000000,    0.001607,    0.000000,   -0.000000
    7    -0.000307,    0.000000,   -0.000000,    0.001607,   -0.000000
    8     0.000000,   -0.000208,   -0.000000,    0.000000,    0.001070
    9    -0.000000,   -0.000000,   -0.037520,    0.000000,    0.000000
   10     0.007169,   -0.000000,    0.000000,   -0.037520,    0.000000
   11    -0.000000,    0.004831,    0.000000,   -0.000000,   -0.024817
   12     0.000000,    0.000000,    0.196358,   -0.000000,    0.000000
   13    -0.037520,   -0.000000,   -0.000000,    0.196358,    0.000000
   14     0.000000,   -0.024817,    0.000000,    0.000000,    0.127525
   15     0.000000,   -0.000000,    0.352197,   -0.000000,    0.000000
   16    -0.067297,   -0.000000,    0.000000,    0.352197,    0.000000
   17     0.000000,   -0.042767,   -0.000000,    0.000000,    0.219502
   18    -0.000000,    0.000000,    0.156403,    0.000000,    0.000000
   19    -0.029885,   -0.000000,   -0.000000,    0.156403,    0.000000
   20     0.000000,   -0.012834,    0.000000,    0.000000,    0.066205
   21    -0.000000,   -0.000000,   -0.000000,    0.000000,    0.000000
   22    -0.000004,    0.000000,   -0.000000,    0.000021,   -0.000000
   23     0.000000,   -0.000016,   -0.000000,   -0.000000,    0.000083
   24    -0.000000,   -0.000000,    0.000021,    0.000000,    0.000000
   25     0.000000,   -0.000000,   -0.000000,   -0.000000,    0.000000
   26    -0.000000,    0.000000,    0.000000,    0.000000,   -0.000000
   27     0.000044,   -0.000000,    0.000000,   -0.000229,    0.000000
   28    -0.000000,    0.000239,    0.000000,    0.000000,   -0.001294
   29    -0.000000,    0.000000,   -0.000229,    0.000000,   -0.000000
   30    -0.000000,    0.000000,   -0.000000,    0.000000,   -0.000000
   31     0.000000,   -0.000000,   -0.000000,   -0.000000,    0.000000
   32     0.000697,    0.000000,    0.000000,   -0.003647,   -0.000000
   33     0.000000,    0.002385,    0.000000,   -0.000000,   -0.012007
   34     0.000000,   -0.000000,   -0.003647,   -0.000000,    0.000000
   35    -0.000000,    0.000000,    0.000000,    0.000000,   -0.000000
   36     0.000000,   -0.000000,   -0.000000,   -0.000000,    0.000000
   37     0.001372,   -0.000000,    0.000000,   -0.007179,    0.000000
   38     0.000000,    0.003034,    0.000000,   -0.000000,   -0.015588
   39     0.000000,    0.000000,   -0.007179,   -0.000000,   -0.000000
   40    -0.000000,    0.000000,   -0.000000,    0.000000,   -0.000000
   41    -0.000000,    0.000000,   -0.000000,    0.000000,   -0.000000
   42     0.000000,   -0.000000,    0.000000,   -0.000000,    0.000000
   43    -0.000554,   -0.000000,   -0.000000,    0.002898,    0.000000
   44     0.000000,   -0.001266,   -0.000000,    0.000000,    0.006414
   45    -0.000000,    0.000000,    0.002898,    0.000000,   -0.000000
   46     0.000000,    0.000000,    0.000000,   -0.000000,   -0.000000
   47    -0.000000,    0.000000,   -0.000000,    0.000000,   -0.000000
   48    -0.000000,    0.015842,    0.000000,    0.000000,   -0.080977
   49    -0.000000,    0.022438,    0.000000,    0.000000,   -0.115213
   50    -0.000000,    0.008435,    0.000000,    0.000000,   -0.043145
   51    -0.000000,   -0.000000,    0.003060,    0.000000,    0.000000
   52    -0.000585,    0.000000,   -0.000000,    0.003060,   -0.000000
   53     0.000000,    0.001013,   -0.000000,   -0.000000,   -0.005157
   54     0.000000,    0.000000,    0.010361,   -0.000000,   -0.000000
   55    -0.001980,   -0.000000,    0.000000,    0.010361,    0.000000
   56    -0.000000,    0.001114,    0.000000,    0.000000,   -0.005844
   57     0.000000,   -0.000000,   -0.000000,   -0.000000,    0.000000
   58    -0.000281,    0.000000,   -0.000000,    0.001470,    0.000000
   59    -0.000000,    0.000753,    0.000000,   -0.000000,   -0.003927
   60    -0.000000,   -0.000000,    0.001470,    0.000000,    0.000000
   61    -0.000000,   -0.000000,    0.000000,    0.000000,    0.000000
                15,          16,          17,          18,          19
    0     0.000000,    0.000000,   -0.000025,    0.000000,    0.000000
    1     0.000000,    0.000000,   -0.000477,    0.000000,    0.000000
    2     0.000000,    0.000000,   -0.003429,    0.000000,    0.000000
    3     0.000000,    0.000000,   -0.019352,    0.000000,    0.000000
    4    -0.000000,   -0.000000,    0.066294,   -0.000000,   -0.000000
    5     0.000000,   -0.000000,    0.064185,    0.000000,   -0.000000
    6     0.002882,    0.000000,   -0.000000,    0.001280,   -0.000000
    7    -0.000000,    0.002882,   -0.000000,    0.000000,    0.001280
    8     0.000000,    0.000000,    0.001844,   -0.000000,    0.000000
    9    -0.067297,   -0.000000,    0.000000,   -0.029885,    0.000000
   10     0.000000,   -0.067297,    0.000000,   -0.000000,   -0.029885
   11    -0.000000,   -0.000000,   -0.042767,    0.000000,   -0.000000
   12     0.352197,    0.000000,   -0.000000,    0.156403,   -0.000000
   13    -0.000000,    0.352197,    0.000000,    0.000000,    0.156403
   14     0.000000,    0.000000,    0.219502,    0.000000,    0.000000
   15     0.631719,    0.000000,   -0.000000,    0.280533,   -0.000000
   16     0.000000,    0.631719,    0.000000,    0.000000,    0.280533
   17    -0.000000,    0.000000,    0.379411,   -0.000000,    0.000000
   18     0.280533,    0.000000,   -0.000000,    0.124579,   -0.000000
   19    -0.000000,    0.280533,    0.000000,   -0.000000,    0.124579
   20     0.000000,   -0.000000,    0.112401,    0.000000,   -0.000000
   21    -0.000000,    0.000000,    0.000000,   -0.000000,    0.000000
   22    -0.000000,    0.000038,   -0.000000,   -0.000000,    0.000017
   23    -0.000000,   -0.000000,    0.000135,   -0.000000,   -0.000000
   24     0.000038,    0.000000,    0.000000,    0.000017,    0.000000
   25    -0.000000,   -0.000000,    0.000000,   -0.000000,   -0.000000
   26     0.000000,    0.000000,   -0.000000,    0.000000,    0.000000
   27     0.000000,   -0.000412,    0.000000,    0.000000,   -0.000183
   28     0.000000,    0.000000,   -0.001836,    0.000000,    0.000000
   29    -0.000412,    0.000000,   -0.000000,   -0.000183,    0.000000
   30    -0.000000,    0.000000,   -0.000000,   -0.000000,    0.000000
   31    -0.000000,   -0.000000,    0.000000,   -0.000000,   -0.000000
   32     0.000000,   -0.006541,   -0.000000,    0.000000,   -0.002905
   33     0.000000,   -0.000000,   -0.022153,    0.000000,   -0.000000
   34    -0.006541,   -0.000000,    0.000000,   -0.002905,   -0.000000
   35     0.000000,    0.000000,   -0.000000,    0.000000,    0.000000
   36    -0.000000,   -0.000000,    0.000000,   -0.000000,   -0.000000
   37     0.000000,   -0.012877,    0.000000,    0.000000,   -0.005718
   38     0.000000,   -0.000000,   -0.026850,    0.000000,   -0.000000
   39    -0.012877,   -0.000000,   -0.000000,   -0.005718,    0.000000
   40    -0.000000,    0.000000,   -0.000000,   -0.000000,    0.000000
   41    -0.000000,    0.000000,   -0.000000,   -0.000000,    0.000000
   42     0.000000,   -0.000000,    0.000000,    0.000000,   -0.000000
   43    -0.000000,    0.005198,    0.000000,    0.000000,    0.002308
   44    -0.000000,    0.000000,    0.011593,   -0.000000,    0.000000
   45     0.005198,    0.000000,   -0.000000,    0.002308,   -0.000000
   46     0.000000,   -0.000000,   -0.000000,    0.000000,   -0.000000
   47    -0.000000,    0.000000,   -0.000000,   -0.000000,    0.000000
   48     0.000000,    0.000000,   -0.141973,    0.000000,    0.000000
   49     0.000000,    0.000000,   -0.198845,    0.000000,    0.000000
   50     0.000000,    0.000000,   -0.075473,    0.000000,    0.000000
   51     0.005489,    0.000000,    0.000000,    0.002438,   -0.000000
   52    -0.000000,    0.005489,   -0.000000,    0.000000,    0.002438
   53    -0.000000,   -0.000000,   -0.009157,   -0.000000,   -0.000000
   54     0.018584,   -0.000000,   -0.000000,    0.008253,   -0.000000
   55     0.000000,    0.018584,    0.000000,    0.000000,    0.008253
   56     0.000000,    0.000000,   -0.009323,    0.000000,    0.000000
   57    -0.000000,   -0.000000,    0.000000,   -0.000000,   -0.000000
   58    -0.000000,    0.002637,    0.000000,   -0.000000,    0.001171
   59     0.000000,   -0.000000,   -0.006398,    0.000000,    0.000000
   60     0.002637,    0.000000,    0.000000,    0.001171,    0.000000
   61     0.000000,    0.000000,    0.000000,    0.000000,    0.000000
                20,          21,          22,          23,          24
    0     0.000008,    0.000000,    0.000000,    0.000000,    0.000000
    1    -0.000140,   -0.000000,    0.000000,   -0.000000,   -0.000000
    2    -0.003417,   -0.000000,    0.000000,   -0.000012,   -0.000000
    3    -0.030346,   -0.000000,   -0.000000,   -0.000116,   -0.000000
    4     0.085731,    0.000000,    0.000000,    0.000315,    0.000000
    5     0.041791,    0.000000,   -0.000000,    0.000123,    0.000000
    6     0.000000,   -0.000000,   -0.000000,   -0.000000,    0.000000
    7    -0.000000,    0.000000,    0.000000,   -0.000000,    0.000000
    8     0.000553,    0.000000,   -0.000000,    0.000001,    0.000000
    9    -0.000000,    0.000000,    0.000000,    0.000000,   -0.000004
   10     0.000000,   -0.000000,   -0.000004,    0.000000,   -0.000000
   11    -0.012834,   -0.000000,    0.000000,   -0.000016,   -0.000000
   12     0.000000,   -0.000000,   -0.000000,   -0.000000,    0.000021
   13     0.000000,    0.000000,    0.000021,   -0.000000,    0.000000
   14     0.066205,    0.000000,   -0.000000,    0.000083,    0.000000
   15     0.000000,   -0.000000,   -0.000000,   -0.000000,    0.000038
   16    -0.000000,    0.000000,    0.000038,   -0.000000,    0.000000
   17     0.112401,    0.000000,   -0.000000,    0.000135,    0.000000
   18     0.000000,   -0.000000,   -0.000000,   -0.000000,    0.000017
   19    -0.000000,    0.000000,    0.000017,   -0.000000,    0.000000
   20     0.035882,    0.000000,   -0.000000,    0.000051,    0.000000
   21     0.000000,    0.000000,    0.000000,    0.000000,   -0.000000
   22    -0.000000,    0.000000,    0.000000,   -0.000000,   -0.000000
   23     0.000051,    0.000000,   -0.000000,    0.000000,    0.000000
   24     0.000000,   -0.000000,   -0.000000,    0.000000,    0.000000
   25     0.000000,    0.000000,   -0.000000,    0.000000,   -0.000000
   26    -0.000000,   -0.000000,    0.000000,   -0.000000,    0.000000
   27     0.000000,   -0.000000,   -0.000000,    0.000000,    0.000000
   28    -0.001053,   -0.000000,    0.000000,   -0.000003,   -0.000000
   29    -0.000000,    0.000000,    0.000000,   -0.000000,   -0.000000
   30    -0.000000,   -0.000000,    0.000000,   -0.000000,   -0.000000
   31     0.000000,    0.000000,   -0.000000,    0.000000,   -0.000000
   32    -0.000000,   -0.000000,   -0.000000,   -0.000000,   -0.000000
   33    -0.004788,   -0.000000,    0.000000,   -0.000000,   -0.000000
   34     0.000000,    0.000000,    0.000000,    0.000000,   -0.000000
   35    -0.000000,   -0.000000,    0.000000,   -0.000000,    0.000000
   36     0.000000,   -0.000000,   -0.000000,    0.000000,   -0.000000
   37     0.000000,   -0.000000,   -0.000001,    0.000000,   -0.000000
   38    -0.008075,   -0.000000,    0.000000,   -0.000010,   -0.000000
   39    -0.000000,    0.000000,    0.000000,    0.000000,   -0.000001
   40    -0.000000,   -0.000000,    0.000000,   -0.000000,   -0.000000
   41    -0.000000,    0.000000,    0.000000,   -0.000000,   -0.000000
   42    -0.000000,   -0.000000,   -0.000000,   -0.000000,    0.000000
   43     0.000000,    0.000000,    0.000000,   -0.000000,    0.000000
   44     0.002792,    0.000000,   -0.000000,    0.000001,    0.000000
   45    -0.000000,   -0.000000,   -0.000000,   -0.000000,    0.000000
   46    -0.000000,   -0.000000,   -0.000000,   -0.000000,    0.000000
   47    -0.000000,    0.000000,    0.000000,   -0.000000,   -0.000000
   48    -0.039517,   -0.000000,    0.000000,   -0.000039,   -0.000000
   49    -0.059292,   -0.000000,    0.000000,   -0.000072,   -0.000000
   50    -0.021222,   -0.000000,    0.000000,   -0.000022,   -0.000000
   51     0.000000,   -0.000000,   -0.000000,    0.000000,    0.000000
   52    -0.000000,    0.000000,    0.000000,   -0.000000,    0.000000
   53    -0.002405,   -0.000000,    0.000000,   -0.000002,   -0.000000
   54     0.000000,   -0.000000,   -0.000000,   -0.000000,    0.000001
   55     0.000000,    0.000000,    0.000001,   -0.000000,    0.000000
   56    -0.003750,   -0.000000,    0.000000,   -0.000008,   -0.000000
   57    -0.000000,   -0.000000,   -0.000000,   -0.000000,   -0.000000
   58    -0.000000,    0.000000,    0.000000,   -0.000000,    0.000000
   59    -0.002390,   -0.000000,    0.000000,   -0.000004,   -0.000000
   60     0.000000,   -0.000000,   -0.000000,    0.000000,    0.000000
   61     0.000000,    0.000000,    0.000000,    0.000000,    0.000000
                25,          26,          27,          28,          29
    0     0.000000,    0.000000,   -0.000000,   -0.000003,   -0.000000
    1    -0.000000,    0.000000,   -0.000000,    0.000002,    0.000000
    2    -0.000000,    0.000000,   -0.000000,    0.000490,    0.000000
    3    -0.000000,    0.000000,   -0.000000,    0.004950,    0.000000
    4     0.000000,   -0.000000,    0.000000,   -0.013362,   -0.000000
    5     0.000000,   -0.000000,    0.000000,   -0.004805,   -0.000000
    6    -0.000000,    0.000000,    0.000000,   -0.000000,   -0.000002
    7    -0.000000,    0.000000,   -0.000002,    0.000000,    0.000000
    8     0.000000,   -0.000000,    0.000000,   -0.000010,   -0.000000
    9     0.000000,   -0.000000,   -0.000000,   -0.000000,    0.000044
   10     0.000000,   -0.000000,    0.000044,   -0.000000,   -0.000000
   11    -0.000000,    0.000000,   -0.000000,    0.000239,    0.000000
   12    -0.000000,    0.000000,    0.000000,    0.000000,   -0.000229
   13    -0.000000,    0.000000,   -0.000229,    0.000000,    0.000000
   14     0.000000,   -0.000000,    0.000000,   -0.001294,   -0.000000
   15    -0.000000,    0.000000,    0.000000,    0.000000,   -0.000412
   16    -0.000000,    0.000000,   -0.000412,    0.000000,    0.000000
   17     0.000000,   -0.000000,    0.000000,   -0.001836,   -0.000000
   18    -0.000000,    0.000000,    0.000000,    0.000000,   -0.000183
   19    -0.000000,    0.000000,   -0.000183,    0.000000,    0.000000
   20     0.000000,   -0.000000,    0.000000,   -0.001053,   -0.000000
   21     0.000000,   -0.000000,   -0.000000,   -0.000000,    0.000000
   22    -0.000000,    0.000000,   -0.000000,    0.000000,    0.000000
   23     0.000000,   -0.000000,    0.000000,   -0.000003,   -0.000000
   24    -0.000000,    0.000000,    0.000000,   -0.000000,   -0.000000
   25     0.000000,   -0.000000,    0.000000,   -0.000000,    0.000000
   26    -0.000000,    0.000000,   -0.000000,    0.000000,   -0.000000
   27     0.000000,   -0.000000,    0.000000,   -0.000000,   -0.000000
   28    -0.000000,    0.000000,   -0.000000,    0.000109,    0.000000
   29     0.000000,   -0.000000,   -0.000000,    0.000000,    0.000000
   30    -0.000000,    0.000000,   -0.000000,    0.000000,    0.000000
   31    -0.000000,   -0.000000,    0.000000,    0.000000,    0.000000
   32     0.000000,   -0.000000,    0.000004,   -0.000000,   -0.000000
   33     0.000000,    0.000000,   -0.000000,   -0.000243,    0.000000
   34     0.000000,   -0.000000,   -0.000000,   -0.000000,    0.000004
   35    -0.000000,    0.000000,   -0.000000,    0.000000,   -0.000000
   36     0.000000,   -0.000000,    0.000000,   -0.000000,    0.000000
   37     0.000000,   -0.000000,    0.000008,   -0.000000,   -0.000000
   38    -0.000000,    0.000000,   -0.000000,    0.000154,    0.000000
   39     0.000000,   -0.000000,   -0.000000,   -0.000000,    0.000008
   40    -0.000000,    0.000000,   -0.000000,    0.000000,    0.000000
   41    -0.000000,    0.000000,   -0.000000,    0.000000,    0.000000
   42    -0.000000,    0.000000,    0.000000,    0.000000,   -0.000000
   43    -0.000000,    0.000000,   -0.000003,    0.000000,    0.000000
   44    -0.000000,   -0.000000,    0.000000,    0.000071,   -0.000000
   45    -0.000000,    0.000000,    0.000000,    0.000000,   -0.000003
   46    -0.000000,    0.000000,    0.000000,    0.000000,   -0.000000
   47     0.000000,   -0.000000,   -0.000000,    0.000000,    0.000000
   48     0.000000,    0.000000,   -0.000000,    0.000185,    0.000000
   49    -0.000000,    0.000000,   -0.000000,    0.001038,    0.000000
   50     0.000000,    0.000000,   -0.000000,    0.000141,    0.000000
   51    -0.000000,    0.000000,    0.000000,   -0.000000,   -0.000004
   52    -0.000000,    0.000000,   -0.000004,    0.000000,    0.000000
   53     0.000000,    0.000000,   -0.000000,   -0.000016,    0.000000
   54    -0.000000,    0.000000,    0.000000,    0.000000,   -0.000012
   55    -0.000000,    0.000000,   -0.000012,    0.000000,    0.000000
   56    -0.000000,    0.000000,   -0.000000,    0.000240,    0.000000
   57    -0.000000,   -0.000000,    0.000000,    0.000000,    0.000000
   58    -0.000000,    0.000000,   -0.000002,    0.000000,    0.000000
   59    -0.000000,    0.000000,   -0.000000,    0.000128,    0.000000
   60    -0.000000,    0.000000,    0.000000,   -0.000000,   -0.000002
   61     0.000000,   -0.000000,   -0.000000,   -0.000000,   -0.000000
                30,          31,          32,          33,          34
    0    -0.000000,   -0.000000,    0.000000,    0.000012,    0.000000
    1     0.000000,   -0.000000,    0.000000,    0.000029,   -0.000000
    2     0.000000,    0.000000,    0.000000,   -0.001450,   -0.000000
    3     0.000000,    0.000000,    0.000000,   -0.015785,   -0.000000
    4    -0.000000,   -0.000000,   -0.000000,    0.041549,    0.000000
    5    -0.000000,   -0.000000,   -0.000000,    0.011905,    0.000000
    6    -0.000000,   -0.000000,    0.000000,    0.000000,   -0.000030
    7     0.000000,   -0.000000,   -0.000030,   -0.000000,   -0.000000
    8    -0.000000,    0.000000,   -0.000000,   -0.000103,    0.000000
    9     0.000000,    0.000000,   -0.000000,   -0.000000,    0.000697
   10    -0.000000,    0.000000,    0.000697,    0.000000,    0.000000
   11     0.000000,   -0.000000,    0.000000,    0.002385,   -0.000000
   12    -0.000000,   -0.000000,    0.000000,    0.000000,   -0.003647
   13     0.000000,   -0.000000,   -0.003647,   -0.000000,   -0.000000
   14    -0.000000,    0.000000,   -0.000000,   -0.012007,    0.000000
   15    -0.000000,   -0.000000,    0.000000,    0.000000,   -0.006541
   16     0.000000,   -0.000000,   -0.006541,   -0.000000,   -0.000000
   17    -0.000000,    0.000000,   -0.000000,   -0.022153,    0.000000
   18    -0.000000,   -0.000000,    0.000000,    0.000000,   -0.002905
   19     0.000000,   -0.000000,   -0.002905,   -0.000000,   -0.000000
   20    -0.000000,    0.000000,   -0.000000,   -0.004788,    0.000000
   21    -0.000000,    0.000000,   -0.000000,   -0.000000,    0.000000
   22     0.000000,   -0.000000,   -0.000000,    0.000000,    0.000000
   23    -0.000000,    0.000000,   -0.000000,   -0.000000,    0.000000
   24    -0.000000,   -0.000000,   -0.000000,   -0.000000,   -0.000000
   25    -0.000000,   -0.000000,    0.000000,    0.000000,    0.000000
   26     0.000000,   -0.000000,   -0.000000,    0.000000,   -0.000000
   27    -0.000000,    0.000000,    0.000004,   -0.000000,   -0.000000
   28     0.000000,    0.000000,   -0.000000,   -0.000243,   -0.000000
   29     0.000000,    0.000000,   -0.000000,    0.000000,    0.000004
   30     0.000000,    0.000000,   -0.000000,   -0.000000,    0.000000
   31     0.000000,    0.000000,    0.000000,   -0.000000,    0.000000
   32    -0.000000,    0.000000,    0.000068,    0.000000,    0.000000
   33    -0.000000,   -0.000000,    0.000000,    0.002513,   -0.000000
   34     0.000000,    0.000000,    0.000000,   -0.000000,    0.000068
   35     0.000000,    0.000000,   -0.000000,   -0.000000,   -0.000000
   36    -0.000000,    0.000000,    0.000000,    0.000000,    0.000000
   37    -0.000000,    0.000000,    0.000133,    0.000000,    0.000000
   38     0.000000,   -0.000000,    0.000000,    0.001485,   -0.000000
   39     0.000000,    0.000000,   -0.000000,    0.000000,    0.000133
   40     0.000000,    0.000000,   -0.000000,   -0.000000,    0.000000
   41     0.000000,   -0.000000,   -0.000000,   -0.000000,    0.000000
   42     0.000000,   -0.000000,    0.000000,   -0.000000,   -0.000000
   43     0.000000,   -0.000000,   -0.000054,   -0.000000,   -0.000000
   44     0.000000,    0.000000,   -0.000000,   -0.001119,    0.000000
   45    -0.000000,   -0.000000,    0.000000,    0.000000,   -0.000054
   46     0.000000,   -0.000000,    0.000000,    0.000000,   -0.000000
   47     0.000000,    0.000000,   -0.000000,   -0.000000,    0.000000
   48    -0.000000,   -0.000000,    0.000000,    0.010037,   -0.000000
   49     0.000000,   -0.000000,    0.000000,    0.011346,   -0.000000
   50    -0.000000,   -0.000000,    0.000000,    0.005188,   -0.000000
   51    -0.000000,   -0.000000,    0.000000,   -0.000000,   -0.000057
   52     0.000000,   -0.000000,   -0.000057,    0.000000,   -0.000000
   53    -0.000000,   -0.000000,    0.000000,    0.000746,   -0.000000
   54    -0.000000,   -0.000000,    0.000000,    0.000000,   -0.000192
   55     0.000000,   -0.000000,   -0.000192,   -0.000000,   -0.000000
   56     0.000000,   -0.000000,   -0.000000,   -0.000135,   -0.000000
   57     0.000000,    0.000000,    0.000000,   -0.000000,    0.000000
   58     0.000000,   -0.000000,   -0.000027,   -0.000000,   -0.000000
   59     0.000000,   -0.000000,    0.000000,    0.000034,   -0.000000
   60    -0.000000,   -0.000000,    0.000000,   -0.000000,   -0.000027
   61    -0.000000,    0.000000,   -0.000000,   -0.000000,   -0.000000
                35,          36,          37,          38,          39
    0    -0.000000,    0.000000,   -0.000000,    0.000001,   -0.000000
    1     0.000000,   -0.000000,   -0.000000,    0.000034,   -0.000000
    2     0.000000,   -0.000000,   -0.000000,    0.000355,    0.000000
    3     0.000000,   -0.000000,   -0.000000,    0.002518,    0.000000
    4    -0.000000,    0.000000,    0.000000,   -0.007777,   -0.000000
    5    -0.000000,    0.000000,    0.000000,   -0.005605,   -0.000000
    6     0.000000,   -0.000000,    0.000000,    0.000000,   -0.000059
    7     0.000000,   -0.000000,   -0.000059,   -0.000000,    0.000000
    8    -0.000000,    0.000000,    0.000000,   -0.000131,   -0.000000
    9    -0.000000,    0.000000,   -0.000000,   -0.000000,    0.001372
   10    -0.000000,    0.000000,    0.001372,    0.000000,    0.000000
   11     0.000000,   -0.000000,   -0.000000,    0.003034,    0.000000
   12     0.000000,   -0.000000,    0.000000,    0.000000,   -0.007179
   13     0.000000,   -0.000000,   -0.007179,   -0.000000,   -0.000000
   14    -0.000000,    0.000000,    0.000000,   -0.015588,   -0.000000
   15     0.000000,   -0.000000,    0.000000,    0.000000,   -0.012877
   16     0.000000,   -0.000000,   -0.012877,   -0.000000,   -0.000000
   17    -0.000000,    0.000000,    0.000000,   -0.026850,   -0.000000
   18     0.000000,   -0.000000,    0.000000,    0.000000,   -0.005718
   19     0.000000,   -0.000000,   -0.005718,   -0.000000,    0.000000
   20    -0.000000,    0.000000,    0.000000,   -0.008075,   -0.000000
   21    -0.000000,   -0.000000,   -0.000000,   -0.000000,    0.000000
   22     0.000000,   -0.000000,   -0.000001,    0.000000,    0.000000
   23    -0.000000,    0.000000,    0.000000,   -0.000010,    0.000000
   24     0.000000,   -0.000000,   -0.000000,   -0.000000,   -0.000001
   25    -0.000000,    0.000000,    0.000000,   -0.000000,    0.000000
   26     0.000000,   -0.000000,   -0.000000,    0.000000,   -0.000000
   27    -0.000000,    0.000000,    0.000008,   -0.000000,   -0.000000
   28     0.000000,   -0.000000,   -0.000000,    0.000154,   -0.000000
   29    -0.000000,    0.000000,   -0.000000,    0.000000,    0.000008
   30     0.000000,   -0.000000,   -0.000000,    0.000000,    0.000000
   31     0.000000,    0.000000,    0.000000,   -0.000000,    0.000000
   32    -0.000000,    0.000000,    0.000133,    0.000000,   -0.000000
   33    -0.000000,    0.000000,    0.000000,    0.001485,    0.000000
   34    -0.000000,    0.000000,    0.000000,   -0.000000,    0.000133
   35     0.000000,   -0.000000,   -0.000000,    0.000000,   -0.000000
   36    -0.000000,    0.000000,    0.000000,   -0.000000,    0.000000
   37    -0.000000,    0.000000,    0.000262,    0.000000,   -0.000000
   38     0.000000,   -0.000000,    0.000000,    0.001906,   -0.000000
   39    -0.000000,    0.000000,   -0.000000,   -0.000000,    0.000262
   40     0.000000,   -0.000000,   -0.000000,    0.000000,    0.000000
   41     0.000000,   -0.000000,   -0.000000,    0.000000,    0.000000
   42     0.000000,   -0.000000,    0.000000,   -0.000000,   -0.000000
   43     0.000000,   -0.000000,   -0.000106,   -0.000000,    0.000000
   44     0.000000,   -0.000000,    0.000000,   -0.000790,   -0.000000
   45     0.000000,   -0.000000,    0.000000,    0.000000,   -0.000106
   46     0.000000,   -0.000000,    0.000000,    0.000000,   -0.000000
   47    -0.000000,    0.000000,   -0.000000,    0.000000,    0.000000
   48    -0.000000,    0.000000,   -0.000000,    0.009928,    0.000000
   49     0.000000,   -0.000000,   -0.000000,    0.014089,    0.000000
   50    -0.000000,    0.000000,   -0.000000,    0.005288,    0.000000
   51     0.000000,   -0.000000,    0.000000,   -0.000000,   -0.000112
   52     0.000000,   -0.000000,   -0.000112,   -0.000000,    0.000000
   53    -0.000000,    0.000000,    0.000000,    0.000634,    0.000000
   54     0.000000,   -0.000000,    0.000000,    0.000000,   -0.000379
   55     0.000000,   -0.000000,   -0.000379,   -0.000000,   -0.000000
   56     0.000000,   -0.000000,   -0.000000,    0.000706,    0.000000
   57     0.000000,    0.000000,    0.000000,   -0.000000,    0.000000
   58     0.000000,   -0.000000,   -0.000054,   -0.000000,    0.000000
   59     0.000000,   -0.000000,   -0.000000,    0.000476,    0.000000
   60     0.000000,   -0.000000,   -0.000000,   -0.000000,   -0.000054
   61    -0.000000,    0.000000,   -0.000000,   -0.000000,   -0.000000
                40,          41,          42,          43,          44
    0    -0.000000,   -0.000000,   -0.000000,    0.000000,   -0.000005
    1     0.000000,    0.000000,   -0.000000,    0.000000,   -0.000015
    2     0.000000,    0.000000,    0.000000,    0.000000,    0.000493
    3     0.000000,    0.000000,    0.000000,   -0.000000,    0.005532
    4    -0.000000,   -0.000000,   -0.000000,    0.000000,   -0.014418
    5    -0.000000,   -0.000000,   -0.000000,   -0.000000,   -0.003705
    6    -0.000000,   -0.000000,    0.000000,   -0.000000,   -0.000000
    7     0.000000,    0.000000,   -0.000000,    0.000024,    0.000000
    8    -0.000000,   -0.000000,    0.000000,    0.000000,    0.000055
    9     0.000000,    0.000000,   -0.000000,    0.000000,    0.000000
   10    -0.000000,   -0.000000,    0.000000,   -0.000554,    0.000000
   11     0.000000,    0.000000,   -0.000000,   -0.000000,   -0.001266
   12    -0.000000,   -0.000000,    0.000000,   -0.000000,   -0.000000
   13     0.000000,    0.000000,   -0.000000,    0.002898,    0.000000
   14    -0.000000,   -0.000000,    0.000000,    0.000000,    0.006414
   15    -0.000000,   -0.000000,    0.000000,   -0.000000,   -0.000000
   16     0.000000,    0.000000,   -0.000000,    0.005198,    0.000000
   17    -0.000000,   -0.000000,    0.000000,    0.000000,    0.011593
   18    -0.000000,   -0.000000,    0.000000,    0.000000,   -0.000000
   19     0.000000,    0.000000,   -0.000000,    0.002308,    0.000000
   20    -0.000000,   -0.000000,   -0.000000,    0.000000,    0.002792
   21    -0.000000,    0.000000,   -0.000000,    0.000000,    0.000000
   22     0.000000,    0.000000,   -0.000000,    0.000000,   -0.000000
   23    -0.000000,   -0.000000,   -0.000000,   -0.000000,    0.000001
   24    -0.000000,   -0.000000,    0.000000,    0.000000,    0.000000
   25    -0.000000,   -0.000000,   -0.000000,   -0.000000,   -0.000000
   26     0.000000,    0.000000,    0.000000,    0.000000,   -0.000000
   27    -0.000000,   -0.000000,    0.000000,   -0.000003,    0.000000
   28     0.000000,    0.000000,    0.000000,    0.000000,    0.000071
   29     0.000000,    0.000000,   -0.000000,    0.000000,   -0.000000
   30     0.000000,    0.000000,    0.000000,    0.000000,    0.000000
   31     0.000000,   -0.000000,   -0.000000,   -0.000000,    0.000000
   32    -0.000000,   -0.000000,    0.000000,   -0.000054,   -0.000000
   33    -0.000000,   -0.000000,   -0.000000,   -0.000000,   -0.001119
   34     0.000000,    0.000000,   -0.000000,   -0.000000,    0.000000
   35     0.000000,    0.000000,    0.000000,    0.000000,    0.000000
   36    -0.000000,   -0.000000,   -0.000000,   -0.000000,   -0.000000
   37    -0.000000,   -0.000000,    0.000000,   -0.000106,    0.000000
   38     0.000000,    0.000000,   -0.000000,   -0.000000,   -0.000790
   39     0.000000,    0.000000,   -0.000000,    0.000000,   -0.000000
   40     0.000000,    0.000000,    0.000000,    0.000000,    0.000000
   41     0.000000,    0.000000,   -0.000000,    0.000000,    0.000000
   42     0.000000,   -0.000000,    0.000000,   -0.000000,    0.000000
   43     0.000000,    0.000000,   -0.000000,    0.000043,    0.000000
   44     0.000000,    0.000000,    0.000000,    0.000000,    0.000514
   45    -0.000000,   -0.000000,    0.000000,   -0.000000,   -0.000000
   46     0.000000,   -0.000000,   -0.000000,   -0.000000,   -0.000000
   47     0.000000,    0.000000,   -0.000000,    0.000000,    0.000000
   48    -0.000000,    0.000000,   -0.000000,   -0.000000,   -0.004971
   49     0.000000,    0.000000,   -0.000000,    0.000000,   -0.005980
   50     0.000000,    0.000000,   -0.000000,    0.000000,   -0.002589
   51    -0.000000,   -0.000000,    0.000000,   -0.000000,    0.000000
   52     0.000000,    0.000000,   -0.000000,    0.000045,   -0.000000
   53    -0.000000,   -0.000000,   -0.000000,   -0.000000,   -0.000356
   54    -0.000000,   -0.000000,    0.000000,   -0.000000,   -0.000000
   55     0.000000,    0.000000,   -0.000000,    0.000153,    0.000000
   56     0.000000,    0.000000,    0.000000,    0.000000,   -0.000039
   57     0.000000,   -0.000000,   -0.000000,   -0.000000,    0.000000
   58     0.000000,    0.000000,   -0.000000,    0.000022,    0.000000
   59     0.000000,    0.000000,    0.000000,   -0.000000,   -0.000073
   60    -0.000000,   -0.000000,    0.000000,    0.000000,    0.000000
   61    -0.000000,    0.000000,   -0.000000,    0.000000,    0.000000
                45,          46,          47,          48,          49
    0     0.000000,    0.000000,   -0.000000,    0.000024,    0.000011
    1     0.000000,    0.000000,    0.000000,    0.000180,    0.000250
    2     0.000000,    0.000000,    0.000000,   -0.001081,    0.002154
    3     0.000000,    0.000000,    0.000000,   -0.016990,    0.013803
    4    -0.000000,   -0.000000,   -0.000000,    0.040261,   -0.044574
    5    -0.000000,   -0.000000,   -0.000000,   -0.001594,   -0.037026
    6     0.000024,    0.000000,   -0.000000,    0.000000,    0.000000
    7    -0.000000,   -0.000000,    0.000000,    0.000000,    0.000000
    8    -0.000000,   -0.000000,   -0.000000,   -0.000683,   -0.000967
    9    -0.000554,   -0.000000,    0.000000,   -0.000000,   -0.000000
   10    -0.000000,    0.000000,   -0.000000,   -0.000000,   -0.000000
   11     0.000000,    0.000000,    0.000000,    0.015842,    0.022438
   12     0.002898,    0.000000,   -0.000000,    0.000000,    0.000000
   13     0.000000,   -0.000000,    0.000000,    0.000000,    0.000000
   14    -0.000000,   -0.000000,   -0.000000,   -0.080977,   -0.115213
   15     0.005198,    0.000000,   -0.000000,    0.000000,    0.000000
   16     0.000000,   -0.000000,    0.000000,    0.000000,    0.000000
   17    -0.000000,   -0.000000,   -0.000000,   -0.141973,   -0.198845
   18     0.002308,    0.000000,   -0.000000,    0.000000,    0.000000
   19    -0.000000,   -0.000000,    0.000000,    0.000000,    0.000000
   20    -0.000000,   -0.000000,   -0.000000,   -0.039517,   -0.059292
   21    -0.000000,   -0.000000,    0.000000,   -0.000000,   -0.000000
   22    -0.000000,   -0.000000,    0.000000,    0.000000,    0.000000
   23    -0.000000,   -0.000000,   -0.000000,   -0.000039,   -0.000072
   24     0.000000,    0.000000,   -0.000000,   -0.000000,   -0.000000
   25    -0.000000,   -0.000000,    0.000000,    0.000000,   -0.000000
   26     0.000000,    0.000000,   -0.000000,    0.000000,    0.000000
   27     0.000000,    0.000000,   -0.000000,   -0.000000,   -0.000000
   28     0.000000,    0.000000,    0.000000,    0.000185,    0.001038
   29    -0.000003,   -0.000000,    0.000000,    0.000000,    0.000000
   30    -0.000000,    0.000000,    0.000000,   -0.000000,    0.000000
   31    -0.000000,   -0.000000,    0.000000,   -0.000000,   -0.000000
   32     0.000000,    0.000000,   -0.000000,    0.000000,    0.000000
   33     0.000000,    0.000000,   -0.000000,    0.010037,    0.011346
   34    -0.000054,   -0.000000,    0.000000,   -0.000000,   -0.000000
   35     0.000000,    0.000000,   -0.000000,   -0.000000,    0.000000
   36    -0.000000,   -0.000000,    0.000000,    0.000000,   -0.000000
   37     0.000000,    0.000000,   -0.000000,   -0.000000,   -0.000000
   38     0.000000,    0.000000,    0.000000,    0.009928,    0.014089
   39    -0.000106,   -0.000000,    0.000000,    0.000000,    0.000000
   40    -0.000000,    0.000000,    0.000000,   -0.000000,    0.000000
   41    -0.000000,   -0.000000,    0.000000,    0.000000,    0.000000
   42     0.000000,   -0.000000,   -0.000000,   -0.000000,   -0.000000
   43    -0.000000,   -0.000000,    0.000000,   -0.000000,    0.000000
   44    -0.000000,   -0.000000,    0.000000,   -0.004971,   -0.005980
   45     0.000043,    0.000000,   -0.000000,    0.000000,    0.000000
   46     0.000000,    0.000000,   -0.000000,    0.000000,    0.000000
   47    -0.000000,   -0.000000,    0.000000,    0.000000,    0.000000
   48     0.000000,    0.000000,    0.000000,    0.055629,    0.074028
   49     0.000000,    0.000000,    0.000000,    0.074028,    0.104270
   50     0.000000,    0.000000,    0.000000,    0.029361,    0.039386
   51     0.000045,    0.000000,   -0.000000,   -0.000000,   -0.000000
   52    -0.000000,   -0.000000,    0.000000,    0.000000,    0.000000
   53     0.000000,    0.000000,    0.000000,    0.003730,    0.004753
   54     0.000153,    0.000000,   -0.000000,    0.000000,    0.000000
   55     0.000000,   -0.000000,    0.000000,    0.000000,    0.000000
   56     0.000000,    0.000000,    0.000000,    0.002516,    0.005033
   57    -0.000000,   -0.000000,    0.000000,   -0.000000,   -0.000000
   58    -0.000000,   -0.000000,    0.000000,    0.000000,    0.000000
   59     0.000000,    0.000000,    0.000000,    0.001908,    0.003427
   60     0.000022,    0.000000,   -0.000000,   -0.000000,   -0.000000
   61     0.000000,   -0.000000,   -0.000000,   -0.000000,   -0.000000
                50,          51,          52,          53,          54
    0     0.000012,    0.000000,    0.000000,    0.000002,    0.000000
    1     0.000096,   -0.000000,    0.000000,    0.000012,    0.000000
    2    -0.000375,   -0.000000,    0.000000,   -0.000204,    0.000000
    3    -0.006987,   -0.000000,    0.000000,   -0.002467,    0.000000
    4     0.015911,    0.000000,   -0.000000,    0.006279,   -0.000000
    5    -0.002740,    0.000000,   -0.000000,    0.001166,   -0.000000
    6     0.000000,    0.000025,   -0.000000,    0.000000,    0.000085
    7     0.000000,    0.000000,    0.000025,   -0.000000,   -0.000000
    8    -0.000364,    0.000000,   -0.000000,   -0.000044,   -0.000000
    9    -0.000000,   -0.000585,    0.000000,    0.000000,   -0.001980
   10    -0.000000,   -0.000000,   -0.000585,    0.000000,    0.000000
   11     0.008435,   -0.000000,    0.000000,    0.001013,    0.000000
   12     0.000000,    0.003060,   -0.000000,   -0.000000,    0.010361
   13     0.000000,    0.000000,    0.003060,   -0.000000,   -0.000000
   14    -0.043145,    0.000000,   -0.000000,   -0.005157,   -0.000000
   15     0.000000,    0.005489,   -0.000000,   -0.000000,    0.018584
   16     0.000000,    0.000000,    0.005489,   -0.000000,   -0.000000
   17    -0.075473,    0.000000,   -0.000000,   -0.009157,   -0.000000
   18     0.000000,    0.002438,    0.000000,   -0.000000,    0.008253
   19     0.000000,   -0.000000,    0.002438,   -0.000000,   -0.000000
   20    -0.021222,    0.000000,   -0.000000,   -0.002405,    0.000000
   21    -0.000000,   -0.000000,    0.000000,   -0.000000,   -0.000000
   22     0.000000,   -0.000000,    0.000000,    0.000000,   -0.000000
   23    -0.000022,    0.000000,   -0.000000,   -0.000002,   -0.000000
   24    -0.000000,    0.000000,    0.000000,   -0.000000,    0.000001
   25     0.000000,   -0.000000,   -0.000000,    0.000000,   -0.000000
   26     0.000000,    0.000000,    0.000000,    0.000000,    0.000000
   27    -0.000000,    0.000000,   -0.000004,   -0.000000,    0.000000
   28     0.000141,   -0.000000,    0.000000,   -0.000016,    0.000000
   29     0.000000,   -0.000004,    0.000000,    0.000000,   -0.000012
   30    -0.000000,   -0.000000,    0.000000,   -0.000000,   -0.000000
   31    -0.000000,   -0.000000,   -0.000000,   -0.000000,   -0.000000
   32     0.000000,    0.000000,   -0.000057,    0.000000,    0.000000
   33     0.005188,   -0.000000,    0.000000,    0.000746,    0.000000
   34    -0.000000,   -0.000057,   -0.000000,   -0.000000,   -0.000192
   35    -0.000000,    0.000000,    0.000000,   -0.000000,    0.000000
   36     0.000000,   -0.000000,   -0.000000,    0.000000,   -0.000000
   37    -0.000000,    0.000000,   -0.000112,    0.000000,    0.000000
   38     0.005288,   -0.000000,   -0.000000,    0.000634,    0.000000
   39     0.000000,   -0.000112,    0.000000,    0.000000,   -0.000379
   40     0.000000,   -0.000000,    0.000000,   -0.000000,   -0.000000
   41     0.000000,   -0.000000,    0.000000,   -0.000000,   -0.000000
   42    -0.000000,    0.000000,   -0.000000,   -0.000000,    0.000000
   43     0.000000,   -0.000000,    0.000045,   -0.000000,   -0.000000
   44    -0.002589,    0.000000,   -0.000000,   -0.000356,   -0.000000
   45     0.000000,    0.000045,   -0.000000,    0.000000,    0.000153
   46     0.000000,    0.000000,   -0.000000,    0.000000,    0.000000
   47     0.000000,   -0.000000,    0.000000,    0.000000,   -0.000000
   48     0.029361,   -0.000000,    0.000000,    0.003730,    0.000000
   49     0.039386,   -0.000000,    0.000000,    0.004753,    0.000000
   50     0.015514,   -0.000000,    0.000000,    0.001957,    0.000000
   51    -0.000000,    0.000048,   -0.000000,   -0.000000,    0.000161
   52     0.000000,   -0.000000,    0.000048,   -0.000000,   -0.000000
   53     0.001957,   -0.000000,   -0.000000,    0.000258,   -0.000000
   54     0.000000,    0.000161,   -0.000000,   -0.000000,    0.000547
   55     0.000000,    0.000000,    0.000161,   -0.000000,   -0.000000
   56     0.001420,   -0.000000,    0.000000,    0.000107,    0.000000
   57    -0.000000,   -0.000000,   -0.000000,   -0.000000,   -0.000000
   58     0.000000,   -0.000000,    0.000023,   -0.000000,   -0.000000
   59     0.001055,   -0.000000,    0.000000,    0.000095,    0.000000
   60    -0.000000,    0.000023,    0.000000,   -0.000000,    0.000078
   61    -0.000000,    0.000000,    0.000000,   -0.000000,    0.000000
                55,          56,          57,          58,          59
    0     0.000000,   -0.000005,   -0.000000,    0.000000,   -0.000003
    1     0.000000,    0.000011,   -0.000000,    0.000000,    0.000008
    2     0.000000,    0.001003,    0.000000,    0.000000,    0.000517
    3     0.000000,    0.009889,    0.000000,    0.000000,    0.005036
    4     0.000000,   -0.026906,   -0.000000,   -0.000000,   -0.013765
    5    -0.000000,   -0.010288,   -0.000000,   -0.000000,   -0.005441
    6     0.000000,   -0.000000,   -0.000000,   -0.000000,   -0.000000
    7     0.000085,    0.000000,   -0.000000,    0.000012,    0.000000
    8     0.000000,   -0.000048,    0.000000,   -0.000000,   -0.000032
    9    -0.000000,   -0.000000,    0.000000,    0.000000,   -0.000000
   10    -0.001980,   -0.000000,    0.000000,   -0.000281,   -0.000000
   11    -0.000000,    0.001114,   -0.000000,    0.000000,    0.000753
   12     0.000000,    0.000000,   -0.000000,   -0.000000,    0.000000
   13     0.010361,    0.000000,   -0.000000,    0.001470,   -0.000000
   14     0.000000,   -0.005844,    0.000000,    0.000000,   -0.003927
   15     0.000000,    0.000000,   -0.000000,   -0.000000,    0.000000
   16     0.018584,    0.000000,   -0.000000,    0.002637,   -0.000000
   17     0.000000,   -0.009323,    0.000000,    0.000000,   -0.006398
   18     0.000000,    0.000000,   -0.000000,   -0.000000,    0.000000
   19     0.008253,    0.000000,   -0.000000,    0.001171,    0.000000
   20     0.000000,   -0.003750,   -0.000000,   -0.000000,   -0.002390
   21     0.000000,   -0.000000,   -0.000000,    0.000000,   -0.000000
   22     0.000001,    0.000000,   -0.000000,    0.000000,    0.000000
   23    -0.000000,   -0.000008,   -0.000000,   -0.000000,   -0.000004
   24     0.000000,   -0.000000,   -0.000000,    0.000000,   -0.000000
   25    -0.000000,   -0.000000,   -0.000000,   -0.000000,   -0.000000
   26     0.000000,    0.000000,   -0.000000,    0.000000,    0.000000
   27    -0.000012,   -0.000000,    0.000000,   -0.000002,   -0.000000
   28     0.000000,    0.000240,    0.000000,    0.000000,    0.000128
   29     0.000000,    0.000000,    0.000000,    0.000000,    0.000000
   30     0.000000,    0.000000,    0.000000,    0.000000,    0.000000
   31    -0.000000,   -0.000000,    0.000000,   -0.000000,   -0.000000
   32    -0.000192,   -0.000000,    0.000000,   -0.000027,    0.000000
   33    -0.000000,   -0.000135,   -0.000000,   -0.000000,    0.000034
   34    -0.000000,   -0.000000,    0.000000,   -0.000000,   -0.000000
   35     0.000000,    0.000000,    0.000000,    0.000000,    0.000000
   36    -0.000000,   -0.000000,    0.000000,   -0.000000,   -0.000000
   37    -0.000379,   -0.000000,    0.000000,   -0.000054,   -0.000000
   38    -0.000000,    0.000706,   -0.000000,   -0.000000,    0.000476
   39    -0.000000,    0.000000,    0.000000,    0.000000,    0.000000
   40     0.000000,    0.000000,    0.000000,    0.000000,    0.000000
   41     0.000000,    0.000000,   -0.000000,    0.000000,    0.000000
   42    -0.000000,    0.000000,   -0.000000,   -0.000000,    0.000000
   43     0.000153,    0.000000,   -0.000000,    0.000022,   -0.000000
   44     0.000000,   -0.000039,    0.000000,    0.000000,   -0.000073
   45     0.000000,    0.000000,   -0.000000,   -0.000000,    0.000000
   46    -0.000000,    0.000000,   -0.000000,   -0.000000,    0.000000
   47     0.000000,    0.000000,    0.000000,    0.000000,    0.000000
   48     0.000000,    0.002516,   -0.000000,    0.000000,    0.001908
   49     0.000000,    0.005033,   -0.000000,    0.000000,    0.003427
   50     0.000000,    0.001420,   -0.000000,    0.000000,    0.001055
   51     0.000000,   -0.000000,   -0.000000,   -0.000000,   -0.000000
   52     0.000161,    0.000000,   -0.000000,    0.000023,    0.000000
   53    -0.000000,    0.000107,   -0.000000,   -0.000000,    0.000095
   54    -0.000000,    0.000000,   -0.000000,   -0.000000,    0.000000
   55     0.000547,    0.000000,   -0.000000,    0.000078,   -0.000000
   56     0.000000,    0.000607,    0.000000,    0.000000,    0.000346
   57    -0.000000,    0.000000,    0.000000,   -0.000000,    0.000000
   58     0.000078,    0.000000,   -0.000000,    0.000011,    0.000000
   59    -0.000000,    0.000346,    0.000000,    0.000000,    0.000202
   60     0.000000,   -0.000000,   -0.000000,   -0.000000,   -0.000000
   61     0.000000,   -0.000000,   -0.000000,    0.000000,   -0.000000
                60,          61
    0     0.000000,    0.000000
    1    -0.000000,   -0.000000
    2    -0.000000,   -0.000000
    3    -0.000000,   -0.000000
    4     0.000000,    0.000000
    5     0.000000,    0.000000
    6     0.000012,    0.000000
    7     0.000000,    0.000000
    8     0.000000,    0.000000
    9    -0.000281,   -0.000000
   10    -0.000000,   -0.000000
   11    -0.000000,   -0.000000
   12     0.001470,    0.000000
   13     0.000000,    0.000000
   14     0.000000,    0.000000
   15     0.002637,    0.000000
   16     0.000000,    0.000000
   17     0.000000,    0.000000
   18     0.001171,    0.000000
   19     0.000000,    0.000000
   20     0.000000,    0.000000
   21    -0.000000,    0.000000
   22    -0.000000,    0.000000
   23     0.000000,    0.000000
   24     0.000000,    0.000000
   25    -0.000000,    0.000000
   26     0.000000,   -0.000000
   27     0.000000,   -0.000000
   28    -0.000000,   -0.000000
   29    -0.000002,   -0.000000
   30    -0.000000,   -0.000000
   31    -0.000000,    0.000000
   32     0.000000,   -0.000000
   33    -0.000000,   -0.000000
   34    -0.000027,   -0.000000
   35     0.000000,   -0.000000
   36    -0.000000,    0.000000
   37    -0.000000,   -0.000000
   38    -0.000000,   -0.000000
   39    -0.000054,   -0.000000
   40    -0.000000,   -0.000000
   41    -0.000000,    0.000000
   42     0.000000,   -0.000000
   43     0.000000,    0.000000
   44     0.000000,    0.000000
   45     0.000022,    0.000000
   46     0.000000,   -0.000000
   47    -0.000000,   -0.000000
   48    -0.000000,   -0.000000
   49    -0.000000,   -0.000000
   50    -0.000000,   -0.000000
   51     0.000023,    0.000000
   52     0.000000,    0.000000
   53    -0.000000,   -0.000000
   54     0.000078,    0.000000
   55     0.000000,    0.000000
   56    -0.000000,   -0.000000
   57    -0.000000,   -0.000000
   58    -0.000000,    0.000000
   59    -0.000000,   -0.000000
   60     0.000011,    0.000000
   61     0.000000,    0.000000
Detailed time report:
DFT Grids |:    0.369 s for Initialization of the tabulated Grids and AOs
CInt      |:    0.118 s for Two, Three, and Four-center integrals
InitGuess |:    0.295 s for Prepare initial guess
Overall   |:    0.782 s for SCF Preparation
ISDF      |:    0.000 s for ISDF initialization
total electron number:       8.00000005
The evaluation of Vj, Vk and Vxc matrices cost       0.00,       0.00 and       0.04 seconds, respectively
Exc:      -2.51518954, Vxc:      -1.62135015
The total energy:       -14.7725126449 Ha by the initial guess
total electron number:       8.00000006
The evaluation of Vj, Vk and Vxc matrices cost       0.00,       0.00 and       0.04 seconds, respectively
Exc:      -2.45762066, Vxc:      -1.58366835
Hamiltonian: generation by       0.04s and DIIS extrapolation by       0.00s
Energy:     -14.7732381749 Ha after    1 iterations (in       0.05 seconds).
Detailed timing info in this SCF step:
prepare_next_input:            0.04s
diagonalize_hamiltonian:       0.00s
generate_density_matrix:       0.00s
check_scf_convergence:         0.00s
scf_records.update:            0.00s
total electron number:       8.00000005
The evaluation of Vj, Vk and Vxc matrices cost       0.00,       0.00 and       0.03 seconds, respectively
Exc:      -2.51063420, Vxc:      -1.61831334
Hamiltonian: generation by       0.03s and DIIS extrapolation by       0.00s
SCF Change: DM 1.97559e-3; eev 2.40747e-1 Ha; etot 5.70672e-4 Ha
Energy:     -14.7726675029 Ha after    2 iterations (in       0.04 seconds).
Detailed timing info in this SCF step:
prepare_next_input:            0.03s
diagonalize_hamiltonian:       0.00s
generate_density_matrix:       0.00s
check_scf_convergence:         0.00s
scf_records.update:            0.00s
total electron number:       8.00000005
The evaluation of Vj, Vk and Vxc matrices cost       0.00,       0.00 and       0.03 seconds, respectively
Exc:      -2.48713913, Vxc:      -1.60295818
Hamiltonian: generation by       0.03s and DIIS extrapolation by       0.00s
SCF Change: DM 1.46927e-4; eev 2.28880e-2 Ha; etot -7.40199e-3 Ha
Energy:     -14.7800694960 Ha after    3 iterations (in       0.03 seconds).
Detailed timing info in this SCF step:
prepare_next_input:            0.03s
diagonalize_hamiltonian:       0.00s
generate_density_matrix:       0.00s
check_scf_convergence:         0.00s
scf_records.update:            0.00s
total electron number:       8.00000005
The evaluation of Vj, Vk and Vxc matrices cost       0.00,       0.00 and       0.02 seconds, respectively
Exc:      -2.48489436, Vxc:      -1.60149460
Hamiltonian: generation by       0.03s and DIIS extrapolation by       0.00s
SCF Change: DM 1.56650e-5; eev 3.27830e-3 Ha; etot -2.21142e-5 Ha
Energy:     -14.7800916102 Ha after    4 iterations (in       0.03 seconds).
Detailed timing info in this SCF step:
prepare_next_input:            0.03s
diagonalize_hamiltonian:       0.00s
generate_density_matrix:       0.00s
check_scf_convergence:         0.00s
scf_records.update:            0.00s
total electron number:       8.00000005
The evaluation of Vj, Vk and Vxc matrices cost       0.00,       0.00 and       0.03 seconds, respectively
Exc:      -2.48510644, Vxc:      -1.60163174
Hamiltonian: generation by       0.03s and DIIS extrapolation by       0.00s
SCF Change: DM 2.82059e-6; eev 6.90327e-4 Ha; etot -2.24598e-7 Ha
Energy:     -14.7800918348 Ha after    5 iterations (in       0.03 seconds).
Detailed timing info in this SCF step:
prepare_next_input:            0.03s
diagonalize_hamiltonian:       0.00s
generate_density_matrix:       0.00s
check_scf_convergence:         0.00s
scf_records.update:            0.00s
total electron number:       8.00000005
The evaluation of Vj, Vk and Vxc matrices cost       0.00,       0.00 and       0.02 seconds, respectively
Exc:      -2.48506059, Vxc:      -1.60160198
Hamiltonian: generation by       0.03s and DIIS extrapolation by       0.00s
SCF Change: DM 5.28851e-8; eev 4.00958e-5 Ha; etot -6.18695e-9 Ha
Energy:     -14.7800918410 Ha after    6 iterations (in       0.03 seconds).
Detailed timing info in this SCF step:
prepare_next_input:            0.03s
diagonalize_hamiltonian:       0.00s
generate_density_matrix:       0.00s
check_scf_convergence:         0.00s
scf_records.update:            0.00s
total electron number:       8.00000005
The evaluation of Vj, Vk and Vxc matrices cost       0.00,       0.00 and       0.03 seconds, respectively
Exc:      -2.48506092, Vxc:      -1.60160219
Hamiltonian: generation by       0.03s and DIIS extrapolation by       0.00s
SCF Change: DM 8.71627e-9; eev 3.69661e-6 Ha; etot -2.78177e-12 Ha
Energy:     -14.7800918410 Ha after    7 iterations (in       0.03 seconds).
Detailed timing info in this SCF step:
prepare_next_input:            0.03s
diagonalize_hamiltonian:       0.00s
generate_density_matrix:       0.00s
check_scf_convergence:         0.00s
scf_records.update:            0.00s
total electron number:       8.00000005
The evaluation of Vj, Vk and Vxc matrices cost       0.00,       0.00 and       0.03 seconds, respectively
Exc:      -2.48506101, Vxc:      -1.60160225
Hamiltonian: generation by       0.03s and DIIS extrapolation by       0.00s
SCF Change: DM 5.54336e-10; eev 1.38307e-7 Ha; etot -5.50671e-14 Ha
Energy:     -14.7800918410 Ha after    8 iterations (in       0.03 seconds).
Detailed timing info in this SCF step:
prepare_next_input:            0.03s
diagonalize_hamiltonian:       0.00s
generate_density_matrix:       0.00s
check_scf_convergence:         0.00s
scf_records.update:            0.00s
SCF is converged after    8 iterations.
   State    Occupation        Eigenvalue
       0       2.00000         -0.912408
       1       2.00000         -0.452409
       2       2.00000         -0.312413
       3       2.00000         -0.312413
       4       0.00000         -0.031093
       5       0.00000          0.172505
       6       0.00000          0.221190
==========================================
Now evaluate the    PT2 correlation energy
==========================================
generate RI3MO only for occ_range:0..4, vir_range:4..62
Finish the RI3MO generation
Exc_scf: (-2.485061008900204,0.2),Exc_pos: (-0.7641453572639993,0.7731)
----------------------------------------------------------------------
Methods         :       Total Corr,          OS Corr,          SS Corr
----------------------------------------------------------------------
PT2             :      -0.25910278,      -0.19957709,      -0.05952569
----------------------------------------------------------------------
Fifth-rung correlation energy :      -0.087095440875 Ha
E[XYGJOS]=:     -14.73719885 Ha, Ex[HF]:      -2.77600283 Ha, Ec[PT2  ]:      -0.25910278 Ha
Detailed time report:
xc_energy |:    0.055 s for for x_hf, xc_scf, xc_xdh
ao2mo     |:    0.005 s for for the generation of RI3MO
c_r5dft   |:    0.002 s for for advanced correlations
Mulliken population:
 0-Br-S-0              0.00000
 0-Br-S-0              0.00001
 0-Br-S-0             -0.01406
 0-Br-S-0             -0.28774
 0-Br-S-0              1.66584
 0-Br-S-0              0.60794
 0-Br-P-0              0.00004
 0-Br-P-1              0.00004
 0-Br-P-2              0.00002
 0-Br-P-0             -0.02692
 0-Br-P-1             -0.02692
 0-Br-P-2             -0.01719
 0-Br-P-0              0.49277
 0-Br-P-1              0.49277
 0-Br-P-2              0.32528
 0-Br-P-0              1.07496
 0-Br-P-1              1.07496
 0-Br-P-2              0.73933
 0-Br-P-0              0.44200
 0-Br-P-1              0.44200
 0-Br-P-2              0.18883
 0-Br-D-0             -0.00000
 0-Br-D-1             -0.00000
 0-Br-D-2             -0.00000
 0-Br-D-3             -0.00000
 0-Br-D-4             -0.00000
 0-Br-D-0              0.00000
 0-Br-D-1              0.00002
 0-Br-D-2              0.00026
 0-Br-D-3              0.00002
 0-Br-D-4              0.00000
 0-Br-D-0              0.00000
 0-Br-D-1              0.00017
 0-Br-D-2              0.01043
 0-Br-D-3              0.00017
 0-Br-D-4              0.00000
 0-Br-D-0              0.00000
 0-Br-D-1              0.00070
 0-Br-D-2              0.01701
 0-Br-D-3              0.00070
 0-Br-D-4              0.00000
 0-Br-F-0              0.00000
 0-Br-F-1              0.00000
 0-Br-F-2              0.00027
 0-Br-F-3              0.00428
 0-Br-F-4              0.00027
 0-Br-F-5              0.00000
 0-Br-F-6              0.00000
 1-H-S-0              0.21632
 1-H-S-0              0.41492
 1-H-S-0              0.12808
 1-H-P-0              0.00103
 1-H-P-1              0.00103
 1-H-P-2              0.00426
 1-H-P-0              0.01433
 1-H-P-1              0.01433
 1-H-P-2             -0.00356
 1-H-D-0              0.00000
 1-H-D-1              0.00063
 1-H-D-2             -0.00026
 1-H-D-3              0.00063
 1-H-D-4              0.00000
Mulliken population analysis:
  0-Br :  -0.208256
  1-H  :   0.208256

====================================================
              REST: Mission accomplished
====================================================
The SCF energy        :     -14.7800918410 Ha
The (R)-xDH energy    :     -14.7371988529 Ha
Detailed time report:
Overall   |:    1.639 s for the whole job
SCF       |:    1.107 s for the scf procedure
PT2       |:    0.062 s for the PT2 evaluation
