Use the default path (/opt/rest_workspace/rest/basis-set-pool/) as rest_basis_dir.
The specified path for the basis sets: /home/symei/def2-TZVPP-new-mixed
The specified path for the basis sets: /home/symei/def2-SV(P)-JKFIT
=========================================================
      Input parameters for the REST calculation
=========================================================
Calculation type: Single-point energy
Cube output: wavefunction
The exchange-correlation method: xygjos
Print level:                1
The number of threads used for parallelism:      8
The spheric-GTO basis set is taken from /home/symei/def2-TZVPP-new-mixed
The spheric-GTO auxiliary basis set is taken from /home/symei/def2-SV(P)-JKFIT
Charge:   0; Spin:   2
Spin polarization: On
Input molecular structure (in Angstrom): ----------
Br       0.00000000      0.00000000      0.00000000
End of molecular structure ------------------------
ERI Type: ri_v
SCF convergency thresholds: 1e-8 for density matrix
                            1e-8 Ha. for sum of eigenvalues
                            1e-8 Ha. for total energy
Max. SCF cycle number:      250
It is a finite cluster calculation
The specified checkfile exists but is not loaded because the keyword 'external_init_guess' is specified
It will be updated after the SCF procedure 
(none)
=========================================================
the scf functional for 'xygjos' contains
The density functional 'B3LYP' belongs to the 'Hybrid GGA' family and is defined in the reference(s):
(0): P. J. Stephens, F. J. Devlin, C. F. Chabalowski, and M. J. Frisch.,  J. Phys. Chem. 98, 11623 (1994)
the post-scf functional 'xygjos' is employed, which contains
The density functional 'Slater exchange' belongs to the 'LDA' family and is defined in the reference(s):
(0): P. A. M. Dirac.,  Math. Proc. Cambridge Philos. Soc. 26, 376 (1930)
(1): F. Bloch.,  Z. Phys. 57, 545 (1929)
The density functional 'Becke 88' belongs to the 'GGA' family and is defined in the reference(s):
(0): A. D. Becke.,  Phys. Rev. A 38, 3098 (1988)
The density functional 'Vosko, Wilk & Nusair (VWN5_RPA)' belongs to the 'LDA' family and is defined in the reference(s):
(0): S. H. Vosko, L. Wilk, and M. Nusair.,  Can. J. Phys. 58, 1200 (1980)
The density functional 'Lee, Yang & Parr' belongs to the 'GGA' family and is defined in the reference(s):
(0): C. Lee, W. Yang, and R. G. Parr.,  Phys. Rev. B 37, 785 (1988)
(1): B. Miehlich, A. Savin, H. Stoll, and H. Preuss.,  Chem. Phys. Lett. 157, 200 (1989)
<start_mo> for the frozen-core post-SCF methods 0 is smaller than the number of ecp orbitals 14. Set <start_mo> = 0
Libxc version used in REST: 7.0.0
nbas: 13, natm: 1 for standard basis sets
First valence state for the frozen-core algorithm:     0
final nbas: 73,final natm: 2
numbasis: 43, num_auxbas: 266
Molecule_name: br
Unrestricted Hartree-Fock (or Kohn-Sham) algorithm is invoked.
Nuc_energy:       0.00000000 Hartree
No ghost effective potential
No ghost point charges
Overlap matrix is nonsigular:
  Lowest eigenvalue:       0.03199238 with the total number of basis functions:     43
Grid size: 20904

=======================
Generating SAD for atom: Br
=======================
SAD generation for Br complete.
Initial guess energy using single atom density (SAD):     -13.3544041371992641
The total energy:       -13.3944120363 Ha by the initial guess
Energy:     -13.3975499977 Ha with <S^2> =  0.752 and <2S+1> =  2.002 after    1 iterations (in       0.01 seconds).
SCF Change: DM (1.39553e-4,1.57004e-4); eev 4.63045e-2 Ha; etot -1.02813e-4 Ha
Energy:     -13.3976528107 Ha with <S^2> =  0.753 and <2S+1> =  2.003 after    2 iterations (in       0.01 seconds).
SCF Change: DM (4.87635e-5,3.95801e-5); eev 1.37500e-2 Ha; etot -1.28675e-5 Ha
Energy:     -13.3976656782 Ha with <S^2> =  0.753 and <2S+1> =  2.003 after    3 iterations (in       0.01 seconds).
SCF Change: DM (1.31724e-6,1.66713e-6); eev 4.55430e-4 Ha; etot -2.48814e-6 Ha
Energy:     -13.3976681663 Ha with <S^2> =  0.753 and <2S+1> =  2.003 after    4 iterations (in       0.01 seconds).
SCF Change: DM (9.24181e-8,8.90098e-8); eev 1.64625e-5 Ha; etot -3.12227e-9 Ha
Energy:     -13.3976681694 Ha with <S^2> =  0.753 and <2S+1> =  2.003 after    5 iterations (in       0.02 seconds).
SCF Change: DM (7.33428e-9,3.75026e-8); eev 5.10972e-7 Ha; etot -4.48885e-12 Ha
Energy:     -13.3976681694 Ha with <S^2> =  0.753 and <2S+1> =  2.003 after    6 iterations (in       0.02 seconds).
SCF Change: DM (5.97508e-9,3.97609e-8); eev 5.97055e-8 Ha; etot -8.10019e-13 Ha
Energy:     -13.3976681694 Ha with <S^2> =  0.753 and <2S+1> =  2.003 after    7 iterations (in       0.03 seconds).
SCF Change: DM (7.81977e-9,5.22474e-8); eev 4.49650e-9 Ha; etot -8.49099e-13 Ha
Energy:     -13.3976681694 Ha with <S^2> =  0.753 and <2S+1> =  2.003 after    8 iterations (in       0.03 seconds).
SCF Change: DM (1.72371e-6,1.15170e-5); eev 1.34844e-7 Ha; etot -1.13154e-12 Ha
Energy:     -13.3976681694 Ha with <S^2> =  0.753 and <2S+1> =  2.003 after    9 iterations (in       0.02 seconds).
SCF Change: DM (6.68739e-7,4.46819e-6); eev 5.24398e-8 Ha; etot -2.45633e-10 Ha
Energy:     -13.3976681697 Ha with <S^2> =  0.753 and <2S+1> =  2.003 after   10 iterations (in       0.02 seconds).
SCF Change: DM (1.64241e-6,1.09736e-5); eev 8.13451e-7 Ha; etot -9.41665e-11 Ha
Energy:     -13.3976681698 Ha with <S^2> =  0.753 and <2S+1> =  2.003 after   11 iterations (in       0.02 seconds).
SCF Change: DM (6.30830e-5,4.21047e-4); eev 1.53783e-4 Ha; etot -2.28466e-10 Ha
Energy:     -13.3976681700 Ha with <S^2> =  0.753 and <2S+1> =  2.003 after   12 iterations (in       0.02 seconds).
SCF Change: DM (1.96996e-5,1.31344e-4); eev 8.36580e-5 Ha; etot -1.20634e-9 Ha
Energy:     -13.3976681712 Ha with <S^2> =  0.753 and <2S+1> =  2.003 after   13 iterations (in       0.02 seconds).
SCF Change: DM (1.59142e-6,1.06242e-5); eev 2.79622e-6 Ha; etot -2.44330e-9 Ha
Energy:     -13.3976681736 Ha with <S^2> =  0.753 and <2S+1> =  2.003 after   14 iterations (in       0.02 seconds).
SCF Change: DM (1.61357e-6,1.06908e-5); eev 1.79039e-5 Ha; etot 1.93676e-10 Ha
Energy:     -13.3976681734 Ha with <S^2> =  0.753 and <2S+1> =  2.003 after   15 iterations (in       0.02 seconds).
SCF Change: DM (1.05140e-5,7.01165e-5); eev 5.28044e-5 Ha; etot -5.55453e-10 Ha
Energy:     -13.3976681740 Ha with <S^2> =  0.753 and <2S+1> =  2.003 after   16 iterations (in       0.02 seconds).
SCF Change: DM (6.63892e-7,4.43170e-6); eev 2.49242e-6 Ha; etot -1.25129e-9 Ha
Energy:     -13.3976681753 Ha with <S^2> =  0.753 and <2S+1> =  2.003 after   17 iterations (in       0.02 seconds).
SCF Change: DM (7.24541e-7,4.79058e-6); eev 8.35754e-6 Ha; etot -3.41771e-11 Ha
Energy:     -13.3976681753 Ha with <S^2> =  0.753 and <2S+1> =  2.003 after   18 iterations (in       0.02 seconds).
SCF Change: DM (1.69681e-7,1.13342e-6); eev 3.78699e-7 Ha; etot -3.76144e-11 Ha
Energy:     -13.3976681753 Ha with <S^2> =  0.753 and <2S+1> =  2.003 after   19 iterations (in       0.02 seconds).
SCF Change: DM (1.10869e-6,7.39050e-6); eev 6.34331e-6 Ha; etot -8.42881e-12 Ha
Energy:     -13.3976681753 Ha with <S^2> =  0.753 and <2S+1> =  2.003 after   20 iterations (in       0.02 seconds).
SCF Change: DM (4.43486e-7,2.96281e-6); eev 5.62583e-7 Ha; etot -6.39258e-11 Ha
Energy:     -13.3976681754 Ha with <S^2> =  0.753 and <2S+1> =  2.003 after   21 iterations (in       0.02 seconds).
SCF Change: DM (4.44529e-7,2.97011e-6); eev 6.11589e-8 Ha; etot -2.30571e-11 Ha
Energy:     -13.3976681754 Ha with <S^2> =  0.753 and <2S+1> =  2.003 after   22 iterations (in       0.01 seconds).
Energy increase is detected. Turn on the linear mixing algorithm with (H[DIIS, i-1] + H[DIIS, i+1]).
Prev_Energies: (    -13.39766818,     -13.39766818)
Energy increase is detected. Turn on the linear mixing algorithm with (H[DIIS, i-1] + H[DIIS, i+1]).
Prev_Energies: (    -13.39766818,     -13.39766818)
SCF Change: DM (6.24003e-7,4.16922e-6); eev 2.49046e-7 Ha; etot 2.22435e-11 Ha
Energy:     -13.3976681754 Ha with <S^2> =  0.753 and <2S+1> =  2.003 after   23 iterations (in       0.02 seconds).
SCF Change: DM (1.01365e-5,6.77250e-5); eev 4.58684e-6 Ha; etot -3.17222e-11 Ha
Energy:     -13.3976681754 Ha with <S^2> =  0.753 and <2S+1> =  2.003 after   24 iterations (in       0.01 seconds).
SCF Change: DM (5.91930e-6,3.95381e-5); eev 1.18236e-5 Ha; etot -4.34994e-10 Ha
Energy:     -13.3976681759 Ha with <S^2> =  0.753 and <2S+1> =  2.003 after   25 iterations (in       0.02 seconds).
Energy increase is detected. Turn on the linear mixing algorithm with (H[DIIS, i-1] + H[DIIS, i+1]).
Prev_Energies: (    -13.39766818,     -13.39766818)
Energy increase is detected. Turn on the linear mixing algorithm with (H[DIIS, i-1] + H[DIIS, i+1]).
Prev_Energies: (    -13.39766818,     -13.39766818)
SCF Change: DM (5.21760e-6,3.48540e-5); eev 9.40798e-6 Ha; etot 2.51614e-10 Ha
Energy:     -13.3976681756 Ha with <S^2> =  0.753 and <2S+1> =  2.003 after   26 iterations (in       0.02 seconds).
SCF Change: DM (3.17892e-6,2.12313e-5); eev 7.52929e-6 Ha; etot -2.27457e-10 Ha
Energy:     -13.3976681758 Ha with <S^2> =  0.753 and <2S+1> =  2.003 after   27 iterations (in       0.01 seconds).
Energy increase is detected. Turn on the linear mixing algorithm with (H[DIIS, i-1] + H[DIIS, i+1]).
Prev_Energies: (    -13.39766818,     -13.39766818)
Energy increase is detected. Turn on the linear mixing algorithm with (H[DIIS, i-1] + H[DIIS, i+1]).
Prev_Energies: (    -13.39766818,     -13.39766818)
SCF Change: DM (1.75766e-6,1.17327e-5); eev 6.43916e-6 Ha; etot 1.36312e-10 Ha
Energy:     -13.3976681757 Ha with <S^2> =  0.753 and <2S+1> =  2.003 after   28 iterations (in       0.02 seconds).
SCF Change: DM (7.61616e-6,5.08873e-5); eev 1.80763e-7 Ha; etot -8.33360e-11 Ha
Energy:     -13.3976681758 Ha with <S^2> =  0.753 and <2S+1> =  2.003 after   29 iterations (in       0.01 seconds).
Energy increase is detected. Turn on the linear mixing algorithm with (H[DIIS, i-1] + H[DIIS, i+1]).
Prev_Energies: (    -13.39766818,     -13.39766818)
Energy increase is detected. Turn on the linear mixing algorithm with (H[DIIS, i-1] + H[DIIS, i+1]).
Prev_Energies: (    -13.39766818,     -13.39766818)
SCF Change: DM (6.08848e-6,4.06796e-5); eev 4.34327e-6 Ha; etot 3.28782e-10 Ha
Energy:     -13.3976681755 Ha with <S^2> =  0.753 and <2S+1> =  2.003 after   30 iterations (in       0.02 seconds).
SCF Change: DM (3.32320e-5,2.22027e-4); eev 3.23106e-5 Ha; etot -2.81771e-10 Ha
Energy:     -13.3976681757 Ha with <S^2> =  0.753 and <2S+1> =  2.003 after   31 iterations (in       0.02 seconds).
SCF Change: DM (3.98131e-5,2.66020e-4); eev 2.74703e-5 Ha; etot -1.36638e-9 Ha
Energy:     -13.3976681771 Ha with <S^2> =  0.753 and <2S+1> =  2.003 after   32 iterations (in       0.01 seconds).
Energy increase is detected. Turn on the linear mixing algorithm with (H[DIIS, i-1] + H[DIIS, i+1]).
Prev_Energies: (    -13.39766818,     -13.39766818)
Energy increase is detected. Turn on the linear mixing algorithm with (H[DIIS, i-1] + H[DIIS, i+1]).
Prev_Energies: (    -13.39766818,     -13.39766818)
SCF Change: DM (3.42270e-5,2.28704e-4); eev 2.40437e-5 Ha; etot 1.84418e-9 Ha
Energy:     -13.3976681753 Ha with <S^2> =  0.753 and <2S+1> =  2.003 after   33 iterations (in       0.02 seconds).
SCF Change: DM (3.31427e-5,2.21426e-4); eev 3.54160e-5 Ha; etot -1.68200e-9 Ha
Energy:     -13.3976681769 Ha with <S^2> =  0.753 and <2S+1> =  2.003 after   34 iterations (in       0.01 seconds).
Energy increase is detected. Turn on the linear mixing algorithm with (H[DIIS, i-1] + H[DIIS, i+1]).
Prev_Energies: (    -13.39766818,     -13.39766818)
Energy increase is detected. Turn on the linear mixing algorithm with (H[DIIS, i-1] + H[DIIS, i+1]).
Prev_Energies: (    -13.39766818,     -13.39766818)
SCF Change: DM (2.65672e-5,1.77497e-4); eev 3.10120e-5 Ha; etot 1.58120e-9 Ha
Energy:     -13.3976681754 Ha with <S^2> =  0.753 and <2S+1> =  2.003 after   35 iterations (in       0.01 seconds).
SCF Change: DM (2.22633e-5,1.48735e-4); eev 3.06274e-5 Ha; etot -1.40254e-9 Ha
Energy:     -13.3976681768 Ha with <S^2> =  0.753 and <2S+1> =  2.003 after   36 iterations (in       0.02 seconds).
Energy increase is detected. Turn on the linear mixing algorithm with (H[DIIS, i-1] + H[DIIS, i+1]).
Prev_Energies: (    -13.39766818,     -13.39766818)
Energy increase is detected. Turn on the linear mixing algorithm with (H[DIIS, i-1] + H[DIIS, i+1]).
Prev_Energies: (    -13.39766818,     -13.39766818)
SCF Change: DM (1.79191e-5,1.19711e-4); eev 2.61084e-5 Ha; etot 1.09864e-9 Ha
Energy:     -13.3976681757 Ha with <S^2> =  0.753 and <2S+1> =  2.003 after   37 iterations (in       0.01 seconds).
SCF Change: DM (2.23384e-5,1.49087e-4); eev 8.02822e-5 Ha; etot -9.48251e-10 Ha
Energy:     -13.3976681766 Ha with <S^2> =  0.753 and <2S+1> =  2.003 after   38 iterations (in       0.01 seconds).
SCF Change: DM (1.52947e-5,1.02110e-4); eev 4.04100e-5 Ha; etot -2.84572e-11 Ha
Energy:     -13.3976681766 Ha with <S^2> =  0.753 and <2S+1> =  2.003 after   39 iterations (in       0.02 seconds).
SCF Change: DM (4.27046e-5,2.84953e-4); eev 1.26278e-4 Ha; etot -1.18076e-10 Ha
Energy:     -13.3976681768 Ha with <S^2> =  0.753 and <2S+1> =  2.003 after   40 iterations (in       0.01 seconds).
Energy increase is detected. Turn on the linear mixing algorithm with (H[DIIS, i-1] + H[DIIS, i+1]).
Prev_Energies: (    -13.39766818,     -13.39766817)
Energy increase is detected. Turn on the linear mixing algorithm with (H[DIIS, i-1] + H[DIIS, i+1]).
Prev_Energies: (    -13.39766818,     -13.39766817)
SCF Change: DM (3.81709e-5,2.54672e-4); eev 1.21797e-4 Ha; etot 3.38379e-9 Ha
Energy:     -13.3976681734 Ha with <S^2> =  0.753 and <2S+1> =  2.003 after   41 iterations (in       0.01 seconds).
SCF Change: DM (1.29237e-5,8.63105e-5); eev 2.84687e-5 Ha; etot -3.56560e-9 Ha
Energy:     -13.3976681769 Ha with <S^2> =  0.753 and <2S+1> =  2.003 after   42 iterations (in       0.01 seconds).
Energy increase is detected. Turn on the linear mixing algorithm with (H[DIIS, i-1] + H[DIIS, i+1]).
Prev_Energies: (    -13.39766818,     -13.39766818)
Energy increase is detected. Turn on the linear mixing algorithm with (H[DIIS, i-1] + H[DIIS, i+1]).
Prev_Energies: (    -13.39766818,     -13.39766818)
SCF Change: DM (1.97586e-5,1.31961e-4); eev 3.88051e-5 Ha; etot 3.63807e-10 Ha
Energy:     -13.3976681766 Ha with <S^2> =  0.753 and <2S+1> =  2.003 after   43 iterations (in       0.02 seconds).
SCF Change: DM (1.89937e-5,1.26790e-4); eev 4.51605e-5 Ha; etot -4.95444e-10 Ha
Energy:     -13.3976681771 Ha with <S^2> =  0.753 and <2S+1> =  2.003 after   44 iterations (in       0.01 seconds).
Energy increase is detected. Turn on the linear mixing algorithm with (H[DIIS, i-1] + H[DIIS, i+1]).
Prev_Energies: (    -13.39766818,     -13.39766818)
Energy increase is detected. Turn on the linear mixing algorithm with (H[DIIS, i-1] + H[DIIS, i+1]).
Prev_Energies: (    -13.39766818,     -13.39766818)
SCF Change: DM (2.38547e-5,1.59249e-4); eev 5.61782e-5 Ha; etot 6.81764e-10 Ha
Energy:     -13.3976681764 Ha with <S^2> =  0.753 and <2S+1> =  2.003 after   45 iterations (in       0.01 seconds).
SCF Change: DM (1.44514e-5,9.65338e-5); eev 1.35391e-5 Ha; etot -6.62563e-10 Ha
Energy:     -13.3976681771 Ha with <S^2> =  0.753 and <2S+1> =  2.003 after   46 iterations (in       0.01 seconds).
Energy increase is detected. Turn on the linear mixing algorithm with (H[DIIS, i-1] + H[DIIS, i+1]).
Prev_Energies: (    -13.39766818,     -13.39766818)
Energy increase is detected. Turn on the linear mixing algorithm with (H[DIIS, i-1] + H[DIIS, i+1]).
Prev_Energies: (    -13.39766818,     -13.39766818)
SCF Change: DM (1.17243e-5,7.83201e-5); eev 8.84932e-6 Ha; etot 4.43587e-10 Ha
Energy:     -13.3976681766 Ha with <S^2> =  0.753 and <2S+1> =  2.003 after   47 iterations (in       0.01 seconds).
SCF Change: DM (1.61179e-5,1.07667e-4); eev 2.25781e-5 Ha; etot -3.88814e-10 Ha
Energy:     -13.3976681770 Ha with <S^2> =  0.753 and <2S+1> =  2.003 after   48 iterations (in       0.01 seconds).
Energy increase is detected. Turn on the linear mixing algorithm with (H[DIIS, i-1] + H[DIIS, i+1]).
Prev_Energies: (    -13.39766818,     -13.39766818)
Energy increase is detected. Turn on the linear mixing algorithm with (H[DIIS, i-1] + H[DIIS, i+1]).
Prev_Energies: (    -13.39766818,     -13.39766818)
SCF Change: DM (1.35703e-5,9.06542e-5); eev 1.67843e-5 Ha; etot 6.35595e-10 Ha
Energy:     -13.3976681764 Ha with <S^2> =  0.753 and <2S+1> =  2.003 after   49 iterations (in       0.02 seconds).
SCF Change: DM (1.23858e-5,8.27340e-5); eev 2.15919e-5 Ha; etot -5.65262e-10 Ha
Energy:     -13.3976681769 Ha with <S^2> =  0.753 and <2S+1> =  2.003 after   50 iterations (in       0.01 seconds).
Energy increase is detected. Turn on the linear mixing algorithm with (H[DIIS, i-1] + H[DIIS, i+1]).
Prev_Energies: (    -13.39766818,     -13.39766818)
Energy increase is detected. Turn on the linear mixing algorithm with (H[DIIS, i-1] + H[DIIS, i+1]).
Prev_Energies: (    -13.39766818,     -13.39766818)
SCF Change: DM (9.97750e-6,6.66494e-5); eev 1.65198e-5 Ha; etot 5.77982e-10 Ha
Energy:     -13.3976681764 Ha with <S^2> =  0.753 and <2S+1> =  2.003 after   51 iterations (in       0.01 seconds).
SCF Change: DM (1.44216e-6,9.58503e-6); eev 1.11962e-5 Ha; etot -4.99666e-10 Ha
Energy:     -13.3976681769 Ha with <S^2> =  0.753 and <2S+1> =  2.003 after   52 iterations (in       0.01 seconds).
SCF Change: DM (2.21932e-5,1.48287e-4); eev 4.98559e-6 Ha; etot -4.81482e-11 Ha
Energy:     -13.3976681769 Ha with <S^2> =  0.753 and <2S+1> =  2.003 after   53 iterations (in       0.01 seconds).
Energy increase is detected. Turn on the linear mixing algorithm with (H[DIIS, i-1] + H[DIIS, i+1]).
Prev_Energies: (    -13.39766818,     -13.39766818)
Energy increase is detected. Turn on the linear mixing algorithm with (H[DIIS, i-1] + H[DIIS, i+1]).
Prev_Energies: (    -13.39766818,     -13.39766818)
SCF Change: DM (1.70554e-5,1.13960e-4); eev 1.64859e-6 Ha; etot 1.04515e-9 Ha
Energy:     -13.3976681759 Ha with <S^2> =  0.753 and <2S+1> =  2.003 after   54 iterations (in       0.01 seconds).
SCF Change: DM (1.73273e-5,1.15769e-4); eev 7.53576e-6 Ha; etot -8.45695e-10 Ha
Energy:     -13.3976681767 Ha with <S^2> =  0.753 and <2S+1> =  2.003 after   55 iterations (in       0.01 seconds).
Energy increase is detected. Turn on the linear mixing algorithm with (H[DIIS, i-1] + H[DIIS, i+1]).
Prev_Energies: (    -13.39766818,     -13.39766818)
Energy increase is detected. Turn on the linear mixing algorithm with (H[DIIS, i-1] + H[DIIS, i+1]).
Prev_Energies: (    -13.39766818,     -13.39766818)
SCF Change: DM (1.40128e-5,9.36228e-5); eev 7.20602e-6 Ha; etot 8.29749e-10 Ha
Energy:     -13.3976681759 Ha with <S^2> =  0.753 and <2S+1> =  2.003 after   56 iterations (in       0.01 seconds).
SCF Change: DM (1.79839e-5,1.20159e-4); eev 4.53979e-6 Ha; etot -6.98105e-10 Ha
Energy:     -13.3976681766 Ha with <S^2> =  0.753 and <2S+1> =  2.003 after   57 iterations (in       0.01 seconds).
Energy increase is detected. Turn on the linear mixing algorithm with (H[DIIS, i-1] + H[DIIS, i+1]).
Prev_Energies: (    -13.39766818,     -13.39766818)
Energy increase is detected. Turn on the linear mixing algorithm with (H[DIIS, i-1] + H[DIIS, i+1]).
Prev_Energies: (    -13.39766818,     -13.39766818)
SCF Change: DM (1.78450e-5,1.19229e-4); eev 2.25727e-6 Ha; etot 9.91401e-10 Ha
Energy:     -13.3976681756 Ha with <S^2> =  0.753 and <2S+1> =  2.003 after   58 iterations (in       0.02 seconds).
SCF Change: DM (7.26246e-6,4.84624e-5); eev 3.08604e-5 Ha; etot -1.03123e-9 Ha
Energy:     -13.3976681766 Ha with <S^2> =  0.753 and <2S+1> =  2.003 after   59 iterations (in       0.01 seconds).
Energy increase is detected. Turn on the linear mixing algorithm with (H[DIIS, i-1] + H[DIIS, i+1]).
Prev_Energies: (    -13.39766818,     -13.39766818)
Energy increase is detected. Turn on the linear mixing algorithm with (H[DIIS, i-1] + H[DIIS, i+1]).
Prev_Energies: (    -13.39766818,     -13.39766818)
SCF Change: DM (7.48502e-6,4.99538e-5); eev 3.02951e-5 Ha; etot 1.49470e-10 Ha
Energy:     -13.3976681765 Ha with <S^2> =  0.753 and <2S+1> =  2.003 after   60 iterations (in       0.01 seconds).
SCF Change: DM (1.42820e-5,9.53917e-5); eev 2.44324e-5 Ha; etot -7.32125e-11 Ha
Energy:     -13.3976681765 Ha with <S^2> =  0.753 and <2S+1> =  2.003 after   61 iterations (in       0.02 seconds).
SCF Change: DM (4.93350e-6,3.29334e-5); eev 1.53252e-5 Ha; etot -2.94316e-10 Ha
Energy:     -13.3976681768 Ha with <S^2> =  0.753 and <2S+1> =  2.003 after   62 iterations (in       0.02 seconds).
Energy increase is detected. Turn on the linear mixing algorithm with (H[DIIS, i-1] + H[DIIS, i+1]).
Prev_Energies: (    -13.39766818,     -13.39766818)
Energy increase is detected. Turn on the linear mixing algorithm with (H[DIIS, i-1] + H[DIIS, i+1]).
Prev_Energies: (    -13.39766818,     -13.39766818)
SCF Change: DM (7.17118e-6,4.78736e-5); eev 2.14567e-5 Ha; etot 2.71729e-11 Ha
Energy:     -13.3976681768 Ha with <S^2> =  0.753 and <2S+1> =  2.003 after   63 iterations (in       0.02 seconds).
SCF Change: DM (5.34124e-6,3.56601e-5); eev 1.72403e-5 Ha; etot -1.47757e-11 Ha
Energy:     -13.3976681768 Ha with <S^2> =  0.753 and <2S+1> =  2.003 after   64 iterations (in       0.01 seconds).
Energy increase is detected. Turn on the linear mixing algorithm with (H[DIIS, i-1] + H[DIIS, i+1]).
Prev_Energies: (    -13.39766818,     -13.39766818)
Energy increase is detected. Turn on the linear mixing algorithm with (H[DIIS, i-1] + H[DIIS, i+1]).
Prev_Energies: (    -13.39766818,     -13.39766818)
SCF Change: DM (6.39442e-6,4.26938e-5); eev 1.96518e-5 Ha; etot 1.69406e-10 Ha
Energy:     -13.3976681766 Ha with <S^2> =  0.753 and <2S+1> =  2.003 after   65 iterations (in       0.02 seconds).
SCF Change: DM (1.82787e-5,1.22096e-4); eev 2.79402e-5 Ha; etot -1.99666e-10 Ha
Energy:     -13.3976681768 Ha with <S^2> =  0.753 and <2S+1> =  2.003 after   66 iterations (in       0.02 seconds).
Energy increase is detected. Turn on the linear mixing algorithm with (H[DIIS, i-1] + H[DIIS, i+1]).
Prev_Energies: (    -13.39766818,     -13.39766818)
Energy increase is detected. Turn on the linear mixing algorithm with (H[DIIS, i-1] + H[DIIS, i+1]).
Prev_Energies: (    -13.39766818,     -13.39766818)
SCF Change: DM (1.49588e-5,9.99257e-5); eev 2.09601e-5 Ha; etot 5.37403e-10 Ha
Energy:     -13.3976681763 Ha with <S^2> =  0.753 and <2S+1> =  2.003 after   67 iterations (in       0.02 seconds).
SCF Change: DM (8.20243e-6,5.47894e-5); eev 1.10109e-5 Ha; etot -5.50486e-10 Ha
Energy:     -13.3976681769 Ha with <S^2> =  0.753 and <2S+1> =  2.003 after   68 iterations (in       0.01 seconds).
Energy increase is detected. Turn on the linear mixing algorithm with (H[DIIS, i-1] + H[DIIS, i+1]).
Prev_Energies: (    -13.39766818,     -13.39766818)
Energy increase is detected. Turn on the linear mixing algorithm with (H[DIIS, i-1] + H[DIIS, i+1]).
Prev_Energies: (    -13.39766818,     -13.39766818)
SCF Change: DM (8.07335e-6,5.39319e-5); eev 6.69600e-6 Ha; etot 2.55351e-11 Ha
Energy:     -13.3976681768 Ha with <S^2> =  0.753 and <2S+1> =  2.003 after   69 iterations (in       0.02 seconds).
Energy increase is detected. Turn on the linear mixing algorithm with (H[DIIS, i-1] + H[DIIS, i+1]).
Prev_Energies: (    -13.39766818,     -13.39766818)
Energy increase is detected. Turn on the linear mixing algorithm with (H[DIIS, i-1] + H[DIIS, i+1]).
Prev_Energies: (    -13.39766818,     -13.39766818)
SCF Change: DM (5.61979e-6,3.75362e-5); eev 9.40088e-6 Ha; etot 3.04077e-11 Ha
Energy:     -13.3976681768 Ha with <S^2> =  0.753 and <2S+1> =  2.003 after   70 iterations (in       0.02 seconds).
SCF Change: DM (1.11912e-5,7.47679e-5); eev 5.08570e-6 Ha; etot -1.66231e-11 Ha
Energy:     -13.3976681768 Ha with <S^2> =  0.753 and <2S+1> =  2.003 after   71 iterations (in       0.01 seconds).
SCF Change: DM (3.49416e-5,2.33360e-4); eev 5.97315e-5 Ha; etot -8.52189e-11 Ha
Energy:     -13.3976681769 Ha with <S^2> =  0.753 and <2S+1> =  2.003 after   72 iterations (in       0.01 seconds).
SCF Change: DM (1.65211e-5,1.10315e-4); eev 3.70599e-5 Ha; etot -2.53408e-10 Ha
Energy:     -13.3976681772 Ha with <S^2> =  0.753 and <2S+1> =  2.003 after   73 iterations (in       0.01 seconds).
SCF Change: DM (3.99284e-6,2.66728e-5); eev 2.71601e-6 Ha; etot -2.35445e-10 Ha
Energy:     -13.3976681774 Ha with <S^2> =  0.753 and <2S+1> =  2.003 after   74 iterations (in       0.01 seconds).
SCF Change: DM (2.97294e-6,1.97969e-5); eev 1.99760e-5 Ha; etot -1.44230e-10 Ha
Energy:     -13.3976681775 Ha with <S^2> =  0.753 and <2S+1> =  2.003 after   75 iterations (in       0.01 seconds).
SCF Change: DM (4.92028e-6,3.28727e-5); eev 5.75109e-6 Ha; etot -9.23297e-11 Ha
Energy:     -13.3976681776 Ha with <S^2> =  0.753 and <2S+1> =  2.003 after   76 iterations (in       0.01 seconds).
Energy increase is detected. Turn on the linear mixing algorithm with (H[DIIS, i-1] + H[DIIS, i+1]).
Prev_Energies: (    -13.39766818,     -13.39766818)
Energy increase is detected. Turn on the linear mixing algorithm with (H[DIIS, i-1] + H[DIIS, i+1]).
Prev_Energies: (    -13.39766818,     -13.39766818)
SCF Change: DM (4.89829e-6,3.27252e-5); eev 6.05780e-6 Ha; etot 1.43075e-10 Ha
Energy:     -13.3976681775 Ha with <S^2> =  0.753 and <2S+1> =  2.003 after   77 iterations (in       0.01 seconds).
SCF Change: DM (2.83519e-6,1.89426e-5); eev 1.37943e-6 Ha; etot -1.43819e-10 Ha
Energy:     -13.3976681776 Ha with <S^2> =  0.753 and <2S+1> =  2.003 after   78 iterations (in       0.02 seconds).
Energy increase is detected. Turn on the linear mixing algorithm with (H[DIIS, i-1] + H[DIIS, i+1]).
Prev_Energies: (    -13.39766818,     -13.39766818)
Energy increase is detected. Turn on the linear mixing algorithm with (H[DIIS, i-1] + H[DIIS, i+1]).
Prev_Energies: (    -13.39766818,     -13.39766818)
SCF Change: DM (3.03826e-6,2.02990e-5); eev 1.47619e-6 Ha; etot 3.85612e-11 Ha
Energy:     -13.3976681776 Ha with <S^2> =  0.753 and <2S+1> =  2.003 after   79 iterations (in       0.02 seconds).
SCF Change: DM (8.62761e-6,5.76446e-5); eev 1.39331e-6 Ha; etot -2.85336e-11 Ha
Energy:     -13.3976681776 Ha with <S^2> =  0.753 and <2S+1> =  2.003 after   80 iterations (in       0.02 seconds).
SCF Change: DM (2.67434e-6,1.78620e-5); eev 6.06354e-6 Ha; etot -8.04761e-11 Ha
Energy:     -13.3976681777 Ha with <S^2> =  0.753 and <2S+1> =  2.003 after   81 iterations (in       0.02 seconds).
SCF Change: DM (3.07426e-6,2.05158e-5); eev 1.28444e-5 Ha; etot -6.18705e-12 Ha
Energy:     -13.3976681777 Ha with <S^2> =  0.753 and <2S+1> =  2.003 after   82 iterations (in       0.02 seconds).
Energy increase is detected. Turn on the linear mixing algorithm with (H[DIIS, i-1] + H[DIIS, i+1]).
Prev_Energies: (    -13.39766818,     -13.39766818)
Energy increase is detected. Turn on the linear mixing algorithm with (H[DIIS, i-1] + H[DIIS, i+1]).
Prev_Energies: (    -13.39766818,     -13.39766818)
SCF Change: DM (2.67439e-6,1.78518e-5); eev 9.96720e-6 Ha; etot 1.16778e-11 Ha
Energy:     -13.3976681777 Ha with <S^2> =  0.753 and <2S+1> =  2.003 after   83 iterations (in       0.02 seconds).
SCF Change: DM (5.62802e-7,3.73608e-6); eev 5.66791e-6 Ha; etot -1.76996e-11 Ha
Energy:     -13.3976681777 Ha with <S^2> =  0.753 and <2S+1> =  2.003 after   84 iterations (in       0.01 seconds).
SCF Change: DM (5.90677e-6,3.94661e-5); eev 9.31066e-7 Ha; etot -1.00524e-11 Ha
Energy:     -13.3976681777 Ha with <S^2> =  0.753 and <2S+1> =  2.003 after   85 iterations (in       0.01 seconds).
Energy increase is detected. Turn on the linear mixing algorithm with (H[DIIS, i-1] + H[DIIS, i+1]).
Prev_Energies: (    -13.39766818,     -13.39766818)
Energy increase is detected. Turn on the linear mixing algorithm with (H[DIIS, i-1] + H[DIIS, i+1]).
Prev_Energies: (    -13.39766818,     -13.39766818)
SCF Change: DM (4.25565e-6,2.84341e-5); eev 1.72282e-6 Ha; etot 3.99218e-11 Ha
Energy:     -13.3976681777 Ha with <S^2> =  0.753 and <2S+1> =  2.003 after   86 iterations (in       0.02 seconds).
SCF Change: DM (1.11473e-5,7.44757e-5); eev 7.05825e-6 Ha; etot -3.85771e-11 Ha
Energy:     -13.3976681777 Ha with <S^2> =  0.753 and <2S+1> =  2.003 after   87 iterations (in       0.01 seconds).
SCF Change: DM (1.48562e-5,9.92591e-5); eev 3.44776e-6 Ha; etot -1.55300e-10 Ha
Energy:     -13.3976681779 Ha with <S^2> =  0.753 and <2S+1> =  2.003 after   88 iterations (in       0.01 seconds).
Energy increase is detected. Turn on the linear mixing algorithm with (H[DIIS, i-1] + H[DIIS, i+1]).
Prev_Energies: (    -13.39766818,     -13.39766818)
Energy increase is detected. Turn on the linear mixing algorithm with (H[DIIS, i-1] + H[DIIS, i+1]).
Prev_Energies: (    -13.39766818,     -13.39766818)
SCF Change: DM (1.45207e-5,9.70180e-5); eev 1.42798e-6 Ha; etot 2.15266e-10 Ha
Energy:     -13.3976681777 Ha with <S^2> =  0.753 and <2S+1> =  2.003 after   89 iterations (in       0.02 seconds).
SCF Change: DM (7.06451e-6,4.71989e-5); eev 5.79639e-6 Ha; etot -2.18005e-10 Ha
Energy:     -13.3976681779 Ha with <S^2> =  0.753 and <2S+1> =  2.003 after   90 iterations (in       0.01 seconds).
SCF Change: DM (2.51480e-6,1.67902e-5); eev 8.39952e-6 Ha; etot -1.32001e-11 Ha
Energy:     -13.3976681779 Ha with <S^2> =  0.753 and <2S+1> =  2.003 after   91 iterations (in       0.01 seconds).
Energy increase is detected. Turn on the linear mixing algorithm with (H[DIIS, i-1] + H[DIIS, i+1]).
Prev_Energies: (    -13.39766818,     -13.39766818)
Energy increase is detected. Turn on the linear mixing algorithm with (H[DIIS, i-1] + H[DIIS, i+1]).
Prev_Energies: (    -13.39766818,     -13.39766818)
SCF Change: DM (2.00904e-6,1.34113e-5); eev 7.32693e-6 Ha; etot 2.08544e-11 Ha
Energy:     -13.3976681779 Ha with <S^2> =  0.753 and <2S+1> =  2.003 after   92 iterations (in       0.01 seconds).
SCF Change: DM (1.55904e-6,1.04131e-5); eev 2.80839e-6 Ha; etot -2.20570e-11 Ha
Energy:     -13.3976681779 Ha with <S^2> =  0.753 and <2S+1> =  2.003 after   93 iterations (in       0.02 seconds).
SCF Change: DM (1.71184e-6,1.14319e-5); eev 4.45570e-6 Ha; etot -4.46043e-12 Ha
Energy:     -13.3976681779 Ha with <S^2> =  0.753 and <2S+1> =  2.003 after   94 iterations (in       0.02 seconds).
Energy increase is detected. Turn on the linear mixing algorithm with (H[DIIS, i-1] + H[DIIS, i+1]).
Prev_Energies: (    -13.39766818,     -13.39766818)
Energy increase is detected. Turn on the linear mixing algorithm with (H[DIIS, i-1] + H[DIIS, i+1]).
Prev_Energies: (    -13.39766818,     -13.39766818)
SCF Change: DM (1.38659e-6,9.26206e-6); eev 2.72304e-6 Ha; etot 2.14406e-12 Ha
Energy:     -13.3976681779 Ha with <S^2> =  0.753 and <2S+1> =  2.003 after   95 iterations (in       0.02 seconds).
SCF Change: DM (2.61332e-6,1.74537e-5); eev 6.05455e-6 Ha; etot -2.32347e-12 Ha
Energy:     -13.3976681779 Ha with <S^2> =  0.753 and <2S+1> =  2.003 after   96 iterations (in       0.02 seconds).
Energy increase is detected. Turn on the linear mixing algorithm with (H[DIIS, i-1] + H[DIIS, i+1]).
Prev_Energies: (    -13.39766818,     -13.39766818)
Energy increase is detected. Turn on the linear mixing algorithm with (H[DIIS, i-1] + H[DIIS, i+1]).
Prev_Energies: (    -13.39766818,     -13.39766818)
SCF Change: DM (2.00288e-6,1.33742e-5); eev 5.69707e-6 Ha; etot 2.02434e-11 Ha
Energy:     -13.3976681779 Ha with <S^2> =  0.753 and <2S+1> =  2.003 after   97 iterations (in       0.02 seconds).
SCF Change: DM (2.48816e-6,1.66236e-5); eev 1.65592e-6 Ha; etot -1.84439e-11 Ha
Energy:     -13.3976681779 Ha with <S^2> =  0.753 and <2S+1> =  2.003 after   98 iterations (in       0.02 seconds).
Energy increase is detected. Turn on the linear mixing algorithm with (H[DIIS, i-1] + H[DIIS, i+1]).
Prev_Energies: (    -13.39766818,     -13.39766818)
Energy increase is detected. Turn on the linear mixing algorithm with (H[DIIS, i-1] + H[DIIS, i+1]).
Prev_Energies: (    -13.39766818,     -13.39766818)
SCF Change: DM (2.16430e-6,1.44600e-5); eev 1.17775e-6 Ha; etot 1.51239e-11 Ha
Energy:     -13.3976681779 Ha with <S^2> =  0.753 and <2S+1> =  2.003 after   99 iterations (in       0.02 seconds).
SCF Change: DM (1.89578e-6,1.26664e-5); eev 1.09272e-6 Ha; etot -1.45821e-11 Ha
Energy:     -13.3976681779 Ha with <S^2> =  0.753 and <2S+1> =  2.003 after  100 iterations (in       0.01 seconds).
SCF Change: DM (1.63925e-6,1.09526e-5); eev 6.54688e-7 Ha; etot -4.65405e-13 Ha
Energy:     -13.3976681779 Ha with <S^2> =  0.753 and <2S+1> =  2.003 after  101 iterations (in       0.02 seconds).
SCF Change: DM (6.03471e-7,4.03196e-6); eev 3.91392e-7 Ha; etot -3.91331e-12 Ha
Energy:     -13.3976681779 Ha with <S^2> =  0.753 and <2S+1> =  2.003 after  102 iterations (in       0.02 seconds).
SCF Change: DM (4.50480e-7,3.00987e-6); eev 2.06142e-7 Ha; etot -5.98632e-13 Ha
Energy:     -13.3976681779 Ha with <S^2> =  0.753 and <2S+1> =  2.003 after  103 iterations (in       0.02 seconds).
SCF Change: DM (4.15663e-8,2.77600e-7); eev 1.00128e-7 Ha; etot -1.27898e-13 Ha
Energy:     -13.3976681779 Ha with <S^2> =  0.753 and <2S+1> =  2.003 after  104 iterations (in       0.02 seconds).
SCF Change: DM (2.73682e-8,1.82850e-7); eev 1.85277e-8 Ha; etot -1.77636e-14 Ha
Energy:     -13.3976681779 Ha with <S^2> =  0.753 and <2S+1> =  2.003 after  105 iterations (in       0.02 seconds).
Energy increase is detected. Turn on the linear mixing algorithm with (H[DIIS, i-1] + H[DIIS, i+1]).
Prev_Energies: (    -13.39766818,     -13.39766818)
Energy increase is detected. Turn on the linear mixing algorithm with (H[DIIS, i-1] + H[DIIS, i+1]).
Prev_Energies: (    -13.39766818,     -13.39766818)
SCF Change: DM (2.28066e-8,1.52366e-7); eev 2.62238e-8 Ha; etot 1.06581e-14 Ha
Energy:     -13.3976681779 Ha with <S^2> =  0.753 and <2S+1> =  2.003 after  106 iterations (in       0.02 seconds).
SCF Change: DM (1.66615e-8,1.11321e-7); eev 8.93671e-9 Ha; etot -1.24345e-14 Ha
Energy:     -13.3976681779 Ha with <S^2> =  0.753 and <2S+1> =  2.003 after  107 iterations (in       0.02 seconds).
Energy increase is detected. Turn on the linear mixing algorithm with (H[DIIS, i-1] + H[DIIS, i+1]).
Prev_Energies: (    -13.39766818,     -13.39766818)
Energy increase is detected. Turn on the linear mixing algorithm with (H[DIIS, i-1] + H[DIIS, i+1]).
Prev_Energies: (    -13.39766818,     -13.39766818)
SCF Change: DM (1.44679e-8,9.66652e-8); eev 7.06279e-9 Ha; etot 1.77636e-15 Ha
Energy:     -13.3976681779 Ha with <S^2> =  0.753 and <2S+1> =  2.003 after  108 iterations (in       0.02 seconds).
SCF Change: DM (9.69783e-9,6.47915e-8); eev 7.46572e-9 Ha; etot -1.77636e-15 Ha
Energy:     -13.3976681779 Ha with <S^2> =  0.753 and <2S+1> =  2.003 after  109 iterations (in       0.02 seconds).
Energy increase is detected. Turn on the linear mixing algorithm with (H[DIIS, i-1] + H[DIIS, i+1]).
Prev_Energies: (    -13.39766818,     -13.39766818)
Energy increase is detected. Turn on the linear mixing algorithm with (H[DIIS, i-1] + H[DIIS, i+1]).
Prev_Energies: (    -13.39766818,     -13.39766818)
SCF Change: DM (7.64546e-9,5.10794e-8); eev 5.96679e-9 Ha; etot 5.32907e-15 Ha
Energy:     -13.3976681779 Ha with <S^2> =  0.753 and <2S+1> =  2.003 after  110 iterations (in       0.02 seconds).
Energy increase is detected. Turn on the linear mixing algorithm with (H[DIIS, i-1] + H[DIIS, i+1]).
Prev_Energies: (    -13.39766818,     -13.39766818)
Energy increase is detected. Turn on the linear mixing algorithm with (H[DIIS, i-1] + H[DIIS, i+1]).
Prev_Energies: (    -13.39766818,     -13.39766818)
SCF Change: DM (7.77191e-9,5.19244e-8); eev 5.96019e-9 Ha; etot 1.06581e-14 Ha
Energy:     -13.3976681779 Ha with <S^2> =  0.753 and <2S+1> =  2.003 after  111 iterations (in       0.02 seconds).
SCF Change: DM (5.17889e-10,3.46030e-9); eev 3.67948e-11 Ha; etot -1.24345e-14 Ha
Energy:     -13.3976681779 Ha with <S^2> =  0.753 and <2S+1> =  2.003 after  112 iterations (in       0.02 seconds).
SCF is converged after  112 iterations.
==========================================
Now evaluate the    PT2 correlation energy
==========================================
----------------------------------------------------------------------
Methods         :       Total Corr,          OS Corr,          SS Corr
----------------------------------------------------------------------
PT2             :      -0.18494139,      -0.14347676,      -0.04146462
----------------------------------------------------------------------
Fifth-rung correlation energy :      -0.062613260051 Ha
E[XYGJOS]=:     -13.36490741 Ha, Ex[HF]:      -2.35060997 Ha, Ec[PT2  ]:      -0.18494139 Ha
Mulliken population analysis:
  0-Br :   0.000000

====================================================
              REST: Mission accomplished
====================================================
The SCF energy        :     -13.3976681779 Ha
The (R)-xDH energy    :     -13.3649074115 Ha
Detailed time report:
Overall   |:    2.295 s for the whole job
SCF       |:    2.202 s for the scf procedure
PT2       |:    0.093 s for the PT2 evaluation
