Use the default path (/opt/rest_workspace/rest/basis-set-pool/) as rest_basis_dir.
The specified path for the basis sets: /home/symei/def2-TZVPP-new-mixed
The specified path for the basis sets: /home/symei/def2-SV(P)-JKFIT
=========================================================
      Input parameters for the REST calculation
=========================================================
Calculation type: Single-point energy
Cube output: wavefunction
The exchange-correlation method: xygjos
Print level:                1
The number of threads used for parallelism:      8
The spheric-GTO basis set is taken from /home/symei/def2-TZVPP-new-mixed
The spheric-GTO auxiliary basis set is taken from /home/symei/def2-SV(P)-JKFIT
Charge:   0; Spin:   1
Spin polarization: Off
Input molecular structure (in Angstrom): ----------
Br       0.00000000      0.00000000      1.15797900
Br       0.00000000      0.00000000     -1.15797900
End of molecular structure ------------------------
ERI Type: ri_v
SCF convergency thresholds: 1e-8 for density matrix
                            1e-8 Ha. for sum of eigenvalues
                            1e-8 Ha. for total energy
Max. SCF cycle number:      250
It is a finite cluster calculation
The specified checkfile exists but is not loaded because the keyword 'external_init_guess' is specified
It will be updated after the SCF procedure 
(none)
=========================================================
the scf functional for 'xygjos' contains
The density functional 'B3LYP' belongs to the 'Hybrid GGA' family and is defined in the reference(s):
(0): P. J. Stephens, F. J. Devlin, C. F. Chabalowski, and M. J. Frisch.,  J. Phys. Chem. 98, 11623 (1994)
the post-scf functional 'xygjos' is employed, which contains
The density functional 'Slater exchange' belongs to the 'LDA' family and is defined in the reference(s):
(0): P. A. M. Dirac.,  Math. Proc. Cambridge Philos. Soc. 26, 376 (1930)
(1): F. Bloch.,  Z. Phys. 57, 545 (1929)
The density functional 'Becke 88' belongs to the 'GGA' family and is defined in the reference(s):
(0): A. D. Becke.,  Phys. Rev. A 38, 3098 (1988)
The density functional 'Vosko, Wilk & Nusair (VWN5_RPA)' belongs to the 'LDA' family and is defined in the reference(s):
(0): S. H. Vosko, L. Wilk, and M. Nusair.,  Can. J. Phys. 58, 1200 (1980)
The density functional 'Lee, Yang & Parr' belongs to the 'GGA' family and is defined in the reference(s):
(0): C. Lee, W. Yang, and R. G. Parr.,  Phys. Rev. B 37, 785 (1988)
(1): B. Miehlich, A. Savin, H. Stoll, and H. Preuss.,  Chem. Phys. Lett. 157, 200 (1989)
<start_mo> for the frozen-core post-SCF methods 0 is smaller than the number of ecp orbitals 28. Set <start_mo> = 0
Libxc version used in REST: 7.0.0
nbas: 26, natm: 2 for standard basis sets
First valence state for the frozen-core algorithm:     0
final nbas: 146,final natm: 4
numbasis: 86, num_auxbas: 532
Molecule_name: br2
Restricted Hartree-Fock (or Kohn-Sham) algorithm is invoked.
Nuc_energy:      11.19609389 Hartree
No ghost effective potential
No ghost point charges
Overlap matrix is nonsigular:
  Lowest eigenvalue:       0.00931489 with the total number of basis functions:     86
Grid size: 41808

=======================
Generating SAD for atom: Br
=======================
SAD generation for Br complete.
Initial guess energy using single atom density (SAD):     -26.9020446447303279
The total energy:       -26.8684291543 Ha by the initial guess
Energy:     -26.8707140596 Ha after    1 iterations (in       0.03 seconds).
SCF Change: DM 4.32223e-4; eev 3.60783e-2 Ha; etot -1.69123e-5 Ha
Energy:     -26.8707309719 Ha after    2 iterations (in       0.03 seconds).
SCF Change: DM 4.66568e-5; eev 1.08771e-2 Ha; etot -8.01953e-4 Ha
Energy:     -26.8715329247 Ha after    3 iterations (in       0.03 seconds).
SCF Change: DM 8.11874e-6; eev 1.87640e-3 Ha; etot -2.24825e-6 Ha
Energy:     -26.8715351730 Ha after    4 iterations (in       0.03 seconds).
SCF Change: DM 1.25490e-7; eev 7.10963e-6 Ha; etot -7.75614e-8 Ha
Energy:     -26.8715352505 Ha after    5 iterations (in       0.03 seconds).
SCF Change: DM 3.15096e-9; eev 5.12961e-7 Ha; etot -5.53833e-11 Ha
Energy:     -26.8715352506 Ha after    6 iterations (in       0.03 seconds).
SCF Change: DM 1.50904e-10; eev 2.71091e-8 Ha; etot -1.77636e-14 Ha
Energy:     -26.8715352506 Ha after    7 iterations (in       0.03 seconds).
SCF Change: DM 1.11919e-11; eev 2.07521e-9 Ha; etot -1.20792e-13 Ha
Energy:     -26.8715352506 Ha after    8 iterations (in       0.03 seconds).
SCF is converged after    8 iterations.
==========================================
Now evaluate the    PT2 correlation energy
==========================================
----------------------------------------------------------------------
Methods         :       Total Corr,          OS Corr,          SS Corr
----------------------------------------------------------------------
PT2             :      -0.45609283,      -0.34633730,      -0.10975553
----------------------------------------------------------------------
Fifth-rung correlation energy :      -0.151141597869 Ha
E[XYGJOS]=:     -26.80821586 Ha, Ex[HF]:      -4.68756478 Ha, Ec[PT2  ]:      -0.45609283 Ha
Mulliken population analysis:
  0-Br :   0.000000
  1-Br :  -0.000000

====================================================
              REST: Mission accomplished
====================================================
The SCF energy        :     -26.8715352506 Ha
The (R)-xDH energy    :     -26.8082158646 Ha
Detailed time report:
Overall   |:    1.214 s for the whole job
SCF       |:    1.118 s for the scf procedure
PT2       |:    0.095 s for the PT2 evaluation
