Use the default path (/opt/rest_workspace/rest/basis-set-pool/) as rest_basis_dir.
The specified path for the basis sets: /home/symei/def2-TZVPP-new-mixed
The specified path for the basis sets: /home/symei/def2-SV(P)-JKFIT
=========================================================
      Input parameters for the REST calculation
=========================================================
Calculation type: Single-point energy
Cube output: wavefunction
The exchange-correlation method: xygjos
Print level:                1
The number of threads used for parallelism:      8
The spheric-GTO basis set is taken from /home/symei/def2-TZVPP-new-mixed
The spheric-GTO auxiliary basis set is taken from /home/symei/def2-SV(P)-JKFIT
Charge:   0; Spin:   1
Spin polarization: Off
Input molecular structure (in Angstrom): ----------
C       -1.62790100      2.06937900     -0.07906700
H       -1.15134300      3.01327200     -0.35545900
H       -1.90332300      2.11727300      0.97438900
H       -2.53807200      1.96174200     -0.66533600
C       -0.67251700      0.91724100     -0.34940200
H       -0.43286500      0.84870600     -1.40648100
C        0.58971400      1.04261400      0.47514000
H        0.40689400      0.86475400      1.53014800
H        1.01545200      2.03454700      0.34010600
Br       2.01711200     -0.19871800     -0.05377900
Br      -1.59232700     -0.80173000      0.03385400
End of molecular structure ------------------------
ERI Type: ri_v
SCF convergency thresholds: 1e-8 for density matrix
                            1e-8 Ha. for sum of eigenvalues
                            1e-8 Ha. for total energy
Max. SCF cycle number:      250
It is a finite cluster calculation
The specified checkfile exists but is not loaded because the keyword 'external_init_guess' is specified
It will be updated after the SCF procedure 
(none)
=========================================================
the scf functional for 'xygjos' contains
The density functional 'B3LYP' belongs to the 'Hybrid GGA' family and is defined in the reference(s):
(0): P. J. Stephens, F. J. Devlin, C. F. Chabalowski, and M. J. Frisch.,  J. Phys. Chem. 98, 11623 (1994)
the post-scf functional 'xygjos' is employed, which contains
The density functional 'Slater exchange' belongs to the 'LDA' family and is defined in the reference(s):
(0): P. A. M. Dirac.,  Math. Proc. Cambridge Philos. Soc. 26, 376 (1930)
(1): F. Bloch.,  Z. Phys. 57, 545 (1929)
The density functional 'Becke 88' belongs to the 'GGA' family and is defined in the reference(s):
(0): A. D. Becke.,  Phys. Rev. A 38, 3098 (1988)
The density functional 'Vosko, Wilk & Nusair (VWN5_RPA)' belongs to the 'LDA' family and is defined in the reference(s):
(0): S. H. Vosko, L. Wilk, and M. Nusair.,  Can. J. Phys. 58, 1200 (1980)
The density functional 'Lee, Yang & Parr' belongs to the 'GGA' family and is defined in the reference(s):
(0): C. Lee, W. Yang, and R. G. Parr.,  Phys. Rev. B 37, 785 (1988)
(1): B. Miehlich, A. Savin, H. Stoll, and H. Preuss.,  Chem. Phys. Lett. 157, 200 (1989)
<start_mo> for the frozen-core post-SCF methods 0 is smaller than the number of ecp orbitals 28. Set <start_mo> = 0
Libxc version used in REST: 7.0.0
nbas: 95, natm: 11 for standard basis sets
First valence state for the frozen-core algorithm:     0
final nbas: 326,final natm: 22
numbasis: 263, num_auxbas: 865
Molecule_name: c-cbrcbr
Restricted Hartree-Fock (or Kohn-Sham) algorithm is invoked.
Nuc_energy:     140.66498059 Hartree
No ghost effective potential
No ghost point charges
Overlap matrix is nonsigular:
  Lowest eigenvalue:       0.00024680 with the total number of basis functions:    263
Grid size: 143658

=======================
Generating SAD for atom: C
=======================
SAD generation for C complete.

=======================
Generating SAD for atom: H
=======================
SAD generation for H complete.

=======================
Generating SAD for atom: Br
=======================
SAD generation for Br complete.
Initial guess energy using single atom density (SAD):    -145.4781041201861456
The total energy:      -144.5700106630 Ha by the initial guess
Energy:    -144.1361840945 Ha after    1 iterations (in       0.42 seconds).
SCF Change: DM 1.12942e-2; eev  3.59361e0 Ha; etot  2.33666e0 Ha
Energy:    -141.7995202053 Ha after    2 iterations (in       0.39 seconds).
SCF Change: DM 1.73343e-3; eev 5.05288e-1 Ha; etot -3.04171e0 Ha
Energy:    -144.8412312533 Ha after    3 iterations (in       0.36 seconds).
SCF Change: DM 6.07072e-4; eev 1.83681e-1 Ha; etot -1.52663e-2 Ha
Energy:    -144.8564975558 Ha after    4 iterations (in       0.66 seconds).
SCF Change: DM 1.90890e-4; eev 6.92339e-2 Ha; etot -1.52566e-2 Ha
Energy:    -144.8717541841 Ha after    5 iterations (in       0.58 seconds).
SCF Change: DM 2.13164e-5; eev 6.74832e-3 Ha; etot -3.00037e-4 Ha
Energy:    -144.8720542215 Ha after    6 iterations (in       0.49 seconds).
SCF Change: DM 6.63359e-6; eev 1.55505e-3 Ha; etot -6.52360e-6 Ha
Energy:    -144.8720607451 Ha after    7 iterations (in       0.51 seconds).
SCF Change: DM 2.42683e-6; eev 5.14478e-4 Ha; etot -7.91136e-7 Ha
Energy:    -144.8720615362 Ha after    8 iterations (in       0.45 seconds).
SCF Change: DM 6.38572e-7; eev 1.62527e-4 Ha; etot -9.43373e-8 Ha
Energy:    -144.8720616306 Ha after    9 iterations (in       0.43 seconds).
SCF Change: DM 1.33914e-7; eev 5.40237e-5 Ha; etot -7.11046e-9 Ha
Energy:    -144.8720616377 Ha after   10 iterations (in       0.60 seconds).
SCF Change: DM 2.62316e-8; eev 4.94105e-6 Ha; etot -2.57188e-10 Ha
Energy:    -144.8720616379 Ha after   11 iterations (in       0.57 seconds).
SCF Change: DM 7.41830e-9; eev 9.69903e-7 Ha; etot -4.40536e-12 Ha
Energy:    -144.8720616379 Ha after   12 iterations (in       0.42 seconds).
SCF Change: DM 1.24288e-9; eev 1.06610e-7 Ha; etot 1.50635e-12 Ha
Energy:    -144.8720616379 Ha after   13 iterations (in       0.40 seconds).
SCF Change: DM 3.88614e-10; eev 5.57805e-8 Ha; etot -7.95808e-13 Ha
Energy:    -144.8720616379 Ha after   14 iterations (in       0.46 seconds).
SCF Change: DM 1.12873e-10; eev 3.24357e-8 Ha; etot 8.52651e-13 Ha
Energy:    -144.8720616379 Ha after   15 iterations (in       0.39 seconds).
SCF Change: DM 2.15645e-11; eev 6.29659e-9 Ha; etot 2.38742e-12 Ha
Energy:    -144.8720616379 Ha after   16 iterations (in       0.39 seconds).
SCF is converged after   16 iterations.
==========================================
Now evaluate the    PT2 correlation energy
==========================================
----------------------------------------------------------------------
Methods         :       Total Corr,          OS Corr,          SS Corr
----------------------------------------------------------------------
PT2             :      -1.26643544,      -0.96841197,      -0.29802347
----------------------------------------------------------------------
Fifth-rung correlation energy :      -0.422614984671 Ha
E[XYGJOS]=:    -144.48530367 Ha, Ex[HF]:     -22.39517188 Ha, Ec[PT2  ]:      -1.26643544 Ha
Mulliken population analysis:
  0-C  :  -0.294750
  1-H  :   0.088645
  2-H  :   0.096057
  3-H  :   0.108944
  4-C  :   0.341783
  5-H  :   0.101927
  6-C  :   0.125437
  7-H  :   0.123632
  8-H  :   0.121979
  9-Br :  -0.386597
 10-Br :  -0.427058

====================================================
              REST: Mission accomplished
====================================================
The SCF energy        :    -144.8720616379 Ha
The (R)-xDH energy    :    -144.4853036676 Ha
Detailed time report:
PT2       |:    0.761 s for the PT2 evaluation
Overall   |:   14.516 s for the whole job
SCF       |:   13.739 s for the scf procedure
