Use the default path (/opt/rest_workspace/rest/basis-set-pool/) as rest_basis_dir.
The specified path for the basis sets: /home/symei/def2-TZVPP-new-mixed
The specified path for the basis sets: /home/symei/def2-SV(P)-JKFIT
=========================================================
      Input parameters for the REST calculation
=========================================================
Calculation type: Single-point energy
Cube output: wavefunction
The exchange-correlation method: xygjos
Print level:                1
The number of threads used for parallelism:      8
The spheric-GTO basis set is taken from /home/symei/def2-TZVPP-new-mixed
The spheric-GTO auxiliary basis set is taken from /home/symei/def2-SV(P)-JKFIT
Charge:   0; Spin:   1
Spin polarization: Off
Input molecular structure (in Angstrom): ----------
C       -0.18653200     -0.73886500     -0.02580000
H        0.19521800     -1.20401300     -0.92804000
C        0.18653200      0.73886500     -0.02580000
H       -0.19521800      1.20401300     -0.92804000
C        0.18653200     -1.54131200      1.20333900
C       -0.18653200      1.54131200      1.20333900
H        0.08998800      2.58529600      1.07252400
H       -1.26605400      1.48824200      1.35564900
H        0.30968600      1.16784600      2.09710400
H        1.26605400     -1.48824200      1.35564900
H       -0.30968600     -1.16784600      2.09710400
H       -0.08998800     -2.58529600      1.07252400
Br       2.17502400      0.84308500     -0.30464200
Br      -2.17502400     -0.84308500     -0.30464200
End of molecular structure ------------------------
ERI Type: ri_v
SCF convergency thresholds: 1e-8 for density matrix
                            1e-8 Ha. for sum of eigenvalues
                            1e-8 Ha. for total energy
Max. SCF cycle number:      250
It is a finite cluster calculation
The specified checkfile exists but is not loaded because the keyword 'external_init_guess' is specified
It will be updated after the SCF procedure 
(none)
=========================================================
the scf functional for 'xygjos' contains
The density functional 'B3LYP' belongs to the 'Hybrid GGA' family and is defined in the reference(s):
(0): P. J. Stephens, F. J. Devlin, C. F. Chabalowski, and M. J. Frisch.,  J. Phys. Chem. 98, 11623 (1994)
the post-scf functional 'xygjos' is employed, which contains
The density functional 'Slater exchange' belongs to the 'LDA' family and is defined in the reference(s):
(0): P. A. M. Dirac.,  Math. Proc. Cambridge Philos. Soc. 26, 376 (1930)
(1): F. Bloch.,  Z. Phys. 57, 545 (1929)
The density functional 'Becke 88' belongs to the 'GGA' family and is defined in the reference(s):
(0): A. D. Becke.,  Phys. Rev. A 38, 3098 (1988)
The density functional 'Vosko, Wilk & Nusair (VWN5_RPA)' belongs to the 'LDA' family and is defined in the reference(s):
(0): S. H. Vosko, L. Wilk, and M. Nusair.,  Can. J. Phys. 58, 1200 (1980)
The density functional 'Lee, Yang & Parr' belongs to the 'GGA' family and is defined in the reference(s):
(0): C. Lee, W. Yang, and R. G. Parr.,  Phys. Rev. B 37, 785 (1988)
(1): B. Miehlich, A. Savin, H. Stoll, and H. Preuss.,  Chem. Phys. Lett. 157, 200 (1989)
<start_mo> for the frozen-core post-SCF methods 0 is smaller than the number of ecp orbitals 28. Set <start_mo> = 0
Libxc version used in REST: 7.0.0
nbas: 118, natm: 14 for standard basis sets
First valence state for the frozen-core algorithm:     0
final nbas: 386,final natm: 28
numbasis: 322, num_auxbas: 976
Molecule_name: c-cbrcbr-c
Restricted Hartree-Fock (or Kohn-Sham) algorithm is invoked.
Nuc_energy:     205.48088420 Hartree
No ghost effective potential
No ghost point charges
Overlap matrix is nonsigular:
  Lowest eigenvalue:       0.00016170 with the total number of basis functions:    322
Grid size: 177608

=======================
Generating SAD for atom: C
=======================
SAD generation for C complete.

=======================
Generating SAD for atom: H
=======================
SAD generation for H complete.

=======================
Generating SAD for atom: Br
=======================
SAD generation for Br complete.
Initial guess energy using single atom density (SAD):    -185.0364886933580237
The total energy:      -183.7952032861 Ha by the initial guess
Energy:    -183.2285763626 Ha after    1 iterations (in       0.62 seconds).
SCF Change: DM 1.26765e-2; eev  4.33311e0 Ha; etot  2.69063e0 Ha
Energy:    -180.5379500741 Ha after    2 iterations (in       0.66 seconds).
SCF Change: DM 1.69495e-3; eev 5.15811e-1 Ha; etot -3.60405e0 Ha
Energy:    -184.1420035726 Ha after    3 iterations (in       0.64 seconds).
SCF Change: DM 6.21059e-4; eev 2.06083e-1 Ha; etot -4.35922e-2 Ha
Energy:    -184.1855957843 Ha after    4 iterations (in       0.63 seconds).
SCF Change: DM 1.71819e-4; eev 8.03332e-2 Ha; etot -2.02395e-2 Ha
Energy:    -184.2058352767 Ha after    5 iterations (in       0.60 seconds).
SCF Change: DM 2.18671e-5; eev 8.60192e-3 Ha; etot -3.32306e-4 Ha
Energy:    -184.2061675827 Ha after    6 iterations (in       0.67 seconds).
SCF Change: DM 4.15850e-6; eev 9.37946e-4 Ha; etot -6.32492e-6 Ha
Energy:    -184.2061739076 Ha after    7 iterations (in       0.69 seconds).
SCF Change: DM 1.27239e-6; eev 4.59436e-4 Ha; etot -2.92778e-7 Ha
Energy:    -184.2061742004 Ha after    8 iterations (in       0.66 seconds).
SCF Change: DM 2.10120e-7; eev 6.52445e-5 Ha; etot -3.43505e-8 Ha
Energy:    -184.2061742347 Ha after    9 iterations (in       0.62 seconds).
SCF Change: DM 4.94104e-8; eev 2.41620e-5 Ha; etot -4.71971e-10 Ha
Energy:    -184.2061742352 Ha after   10 iterations (in       0.60 seconds).
SCF Change: DM 6.73768e-9; eev 2.12887e-6 Ha; etot -1.35856e-11 Ha
Energy:    -184.2061742352 Ha after   11 iterations (in       0.58 seconds).
SCF Change: DM 1.93423e-9; eev 4.07505e-7 Ha; etot -1.13118e-11 Ha
Energy:    -184.2061742352 Ha after   12 iterations (in       0.59 seconds).
SCF Change: DM 4.53836e-10; eev 1.27461e-7 Ha; etot -8.18545e-12 Ha
Energy:    -184.2061742352 Ha after   13 iterations (in       0.64 seconds).
SCF Change: DM 1.08677e-10; eev 3.80947e-8 Ha; etot 2.18847e-11 Ha
Energy:    -184.2061742352 Ha after   14 iterations (in       0.65 seconds).
SCF Change: DM 3.51659e-11; eev 1.38407e-8 Ha; etot -3.58114e-12 Ha
Energy:    -184.2061742352 Ha after   15 iterations (in       0.61 seconds).
SCF Change: DM 9.08399e-12; eev 3.79160e-9 Ha; etot -7.67386e-12 Ha
Energy:    -184.2061742352 Ha after   16 iterations (in       0.58 seconds).
SCF is converged after   16 iterations.
==========================================
Now evaluate the    PT2 correlation energy
==========================================
----------------------------------------------------------------------
Methods         :       Total Corr,          OS Corr,          SS Corr
----------------------------------------------------------------------
PT2             :      -1.54067395,      -1.17851280,      -0.36216115
----------------------------------------------------------------------
Fifth-rung correlation energy :      -0.514302985837 Ha
E[XYGJOS]=:    -183.71179983 Ha, Ex[HF]:     -28.29892503 Ha, Ec[PT2  ]:      -1.54067395 Ha
Mulliken population analysis:
  0-C  :   0.376799
  1-H  :   0.129514
  2-C  :   0.376799
  3-H  :   0.129514
  4-C  :  -0.343969
  5-C  :  -0.343969
  6-H  :   0.103991
  7-H  :   0.100348
  8-H  :   0.098111
  9-H  :   0.100348
 10-H  :   0.098111
 11-H  :   0.103991
 12-Br :  -0.464795
 13-Br :  -0.464795

====================================================
              REST: Mission accomplished
====================================================
The SCF energy        :    -184.2061742352 Ha
The (R)-xDH energy    :    -183.7117998263 Ha
Detailed time report:
PT2       |:    1.118 s for the PT2 evaluation
SCF       |:   18.068 s for the scf procedure
Overall   |:   19.189 s for the whole job
