Use the default path (/opt/rest_workspace/rest/basis-set-pool/) as rest_basis_dir.
The specified path for the basis sets: /home/symei/def2-TZVPP-new-mixed
The specified path for the basis sets: /home/symei/def2-SV(P)-JKFIT
=========================================================
      Input parameters for the REST calculation
=========================================================
Calculation type: Single-point energy
Cube output: wavefunction
The exchange-correlation method: xygjos
Print level:                1
The number of threads used for parallelism:      8
The spheric-GTO basis set is taken from /home/symei/def2-TZVPP-new-mixed
The spheric-GTO auxiliary basis set is taken from /home/symei/def2-SV(P)-JKFIT
Charge:   0; Spin:   1
Spin polarization: Off
Input molecular structure (in Angstrom): ----------
C       -0.00000000     -0.00000400     -0.00000500
Br       0.00579400      1.79880600      0.76886500
Br      -1.59789300     -0.23190000     -1.10448200
Br       1.59667200     -0.24239800     -1.10399300
Br      -0.00457300     -1.32450800      1.43961000
End of molecular structure ------------------------
ERI Type: ri_v
SCF convergency thresholds: 1e-8 for density matrix
                            1e-8 Ha. for sum of eigenvalues
                            1e-8 Ha. for total energy
Max. SCF cycle number:      250
It is a finite cluster calculation
The specified checkfile exists but is not loaded because the keyword 'external_init_guess' is specified
It will be updated after the SCF procedure 
(none)
=========================================================
the scf functional for 'xygjos' contains
The density functional 'B3LYP' belongs to the 'Hybrid GGA' family and is defined in the reference(s):
(0): P. J. Stephens, F. J. Devlin, C. F. Chabalowski, and M. J. Frisch.,  J. Phys. Chem. 98, 11623 (1994)
the post-scf functional 'xygjos' is employed, which contains
The density functional 'Slater exchange' belongs to the 'LDA' family and is defined in the reference(s):
(0): P. A. M. Dirac.,  Math. Proc. Cambridge Philos. Soc. 26, 376 (1930)
(1): F. Bloch.,  Z. Phys. 57, 545 (1929)
The density functional 'Becke 88' belongs to the 'GGA' family and is defined in the reference(s):
(0): A. D. Becke.,  Phys. Rev. A 38, 3098 (1988)
The density functional 'Vosko, Wilk & Nusair (VWN5_RPA)' belongs to the 'LDA' family and is defined in the reference(s):
(0): S. H. Vosko, L. Wilk, and M. Nusair.,  Can. J. Phys. 58, 1200 (1980)
The density functional 'Lee, Yang & Parr' belongs to the 'GGA' family and is defined in the reference(s):
(0): C. Lee, W. Yang, and R. G. Parr.,  Phys. Rev. B 37, 785 (1988)
(1): B. Miehlich, A. Savin, H. Stoll, and H. Preuss.,  Chem. Phys. Lett. 157, 200 (1989)
<start_mo> for the frozen-core post-SCF methods 0 is smaller than the number of ecp orbitals 56. Set <start_mo> = 0
Libxc version used in REST: 7.0.0
nbas: 63, natm: 5 for standard basis sets
First valence state for the frozen-core algorithm:     0
final nbas: 328,final natm: 10
numbasis: 203, num_auxbas: 1139
Molecule_name: cbr4
Restricted Hartree-Fock (or Kohn-Sham) algorithm is invoked.
Nuc_energy:      94.14653564 Hartree
No ghost effective potential
No ghost point charges
Overlap matrix is nonsigular:
  Lowest eigenvalue:       0.00333035 with the total number of basis functions:    203
Grid size: 97518

=======================
Generating SAD for atom: C
=======================
SAD generation for C complete.

=======================
Generating SAD for atom: Br
=======================
SAD generation for Br complete.
Initial guess energy using single atom density (SAD):     -92.2684978101761146
The total energy:       -91.8439973935 Ha by the initial guess
Energy:     -91.8448900261 Ha after    1 iterations (in       0.19 seconds).
SCF Change: DM 8.78827e-4; eev 2.41836e-1 Ha; etot 1.95756e-2 Ha
Energy:     -91.8253144673 Ha after    2 iterations (in       0.19 seconds).
SCF Change: DM 1.07482e-4; eev 5.66013e-2 Ha; etot -2.40447e-2 Ha
Energy:     -91.8493592084 Ha after    3 iterations (in       0.20 seconds).
SCF Change: DM 9.28978e-6; eev 3.53314e-3 Ha; etot -9.88897e-5 Ha
Energy:     -91.8494580981 Ha after    4 iterations (in       0.22 seconds).
SCF Change: DM 2.84980e-6; eev 1.49298e-3 Ha; etot -9.06278e-7 Ha
Energy:     -91.8494590044 Ha after    5 iterations (in       0.23 seconds).
SCF Change: DM 1.52464e-7; eev 2.40221e-5 Ha; etot -6.51836e-8 Ha
Energy:     -91.8494590696 Ha after    6 iterations (in       0.24 seconds).
SCF Change: DM 1.80130e-8; eev 3.12118e-6 Ha; etot -4.07780e-10 Ha
Energy:     -91.8494590700 Ha after    7 iterations (in       0.23 seconds).
SCF Change: DM 2.95532e-9; eev 3.84095e-7 Ha; etot -7.27596e-12 Ha
Energy:     -91.8494590700 Ha after    8 iterations (in       0.23 seconds).
SCF Change: DM 6.86087e-10; eev 2.45924e-7 Ha; etot 8.66862e-13 Ha
Energy:     -91.8494590700 Ha after    9 iterations (in       0.28 seconds).
SCF Change: DM 4.31431e-11; eev 1.84874e-8 Ha; etot -5.68434e-14 Ha
Energy:     -91.8494590700 Ha after   10 iterations (in       0.22 seconds).
SCF Change: DM 1.23014e-11; eev 2.37274e-9 Ha; etot -8.52651e-13 Ha
Energy:     -91.8494590700 Ha after   11 iterations (in       0.23 seconds).
SCF is converged after   11 iterations.
==========================================
Now evaluate the    PT2 correlation energy
==========================================
----------------------------------------------------------------------
Methods         :       Total Corr,          OS Corr,          SS Corr
----------------------------------------------------------------------
PT2             :      -1.21457458,      -0.89826744,      -0.31630714
----------------------------------------------------------------------
Fifth-rung correlation energy :      -0.392003911203 Ha
E[XYGJOS]=:     -91.63152108 Ha, Ex[HF]:     -14.52646299 Ha, Ec[PT2  ]:      -1.21457458 Ha
Mulliken population analysis:
  0-C  :   1.118060
  1-Br :  -0.279524
  2-Br :  -0.279516
  3-Br :  -0.279517
  4-Br :  -0.279503

====================================================
              REST: Mission accomplished
====================================================
The SCF energy        :     -91.8494590700 Ha
The (R)-xDH energy    :     -91.6315210846 Ha
Detailed time report:
SCF       |:    6.095 s for the scf procedure
Overall   |:    6.578 s for the whole job
PT2       |:    0.481 s for the PT2 evaluation
