Use the default path (/opt/rest_workspace/rest/basis-set-pool/) as rest_basis_dir.
The specified path for the basis sets: /home/symei/def2-TZVPP-new-mixed
The specified path for the basis sets: /home/symei/def2-SV(P)-JKFIT
=========================================================
      Input parameters for the REST calculation
=========================================================
Calculation type: Single-point energy
Cube output: wavefunction
The exchange-correlation method: xygjos
Print level:                1
The number of threads used for parallelism:      8
The spheric-GTO basis set is taken from /home/symei/def2-TZVPP-new-mixed
The spheric-GTO auxiliary basis set is taken from /home/symei/def2-SV(P)-JKFIT
Charge:   0; Spin:   1
Spin polarization: Off
Input molecular structure (in Angstrom): ----------
C        0.49336000      0.56750800     -0.00000000
H        1.11293600      0.58026500      0.88942600
H        1.11293600      0.58026500     -0.88942600
C       -0.49336000     -0.56750800      0.00000000
H       -1.11293600     -0.58026500      0.88942600
H       -1.11293600     -0.58026500     -0.88942600
Br      -0.49336000      2.28204400     -0.00000000
Br       0.49336000     -2.28204400      0.00000000
End of molecular structure ------------------------
ERI Type: ri_v
SCF convergency thresholds: 1e-8 for density matrix
                            1e-8 Ha. for sum of eigenvalues
                            1e-8 Ha. for total energy
Max. SCF cycle number:      250
It is a finite cluster calculation
The specified checkfile exists but is not loaded because the keyword 'external_init_guess' is specified
It will be updated after the SCF procedure 
(none)
=========================================================
the scf functional for 'xygjos' contains
The density functional 'B3LYP' belongs to the 'Hybrid GGA' family and is defined in the reference(s):
(0): P. J. Stephens, F. J. Devlin, C. F. Chabalowski, and M. J. Frisch.,  J. Phys. Chem. 98, 11623 (1994)
the post-scf functional 'xygjos' is employed, which contains
The density functional 'Slater exchange' belongs to the 'LDA' family and is defined in the reference(s):
(0): P. A. M. Dirac.,  Math. Proc. Cambridge Philos. Soc. 26, 376 (1930)
(1): F. Bloch.,  Z. Phys. 57, 545 (1929)
The density functional 'Becke 88' belongs to the 'GGA' family and is defined in the reference(s):
(0): A. D. Becke.,  Phys. Rev. A 38, 3098 (1988)
The density functional 'Vosko, Wilk & Nusair (VWN5_RPA)' belongs to the 'LDA' family and is defined in the reference(s):
(0): S. H. Vosko, L. Wilk, and M. Nusair.,  Can. J. Phys. 58, 1200 (1980)
The density functional 'Lee, Yang & Parr' belongs to the 'GGA' family and is defined in the reference(s):
(0): C. Lee, W. Yang, and R. G. Parr.,  Phys. Rev. B 37, 785 (1988)
(1): B. Miehlich, A. Savin, H. Stoll, and H. Preuss.,  Chem. Phys. Lett. 157, 200 (1989)
<start_mo> for the frozen-core post-SCF methods 0 is smaller than the number of ecp orbitals 28. Set <start_mo> = 0
Libxc version used in REST: 7.0.0
nbas: 72, natm: 8 for standard basis sets
First valence state for the frozen-core algorithm:     0
final nbas: 266,final natm: 16
numbasis: 204, num_auxbas: 754
Molecule_name: cbrcbr
Restricted Hartree-Fock (or Kohn-Sham) algorithm is invoked.
Nuc_energy:      85.99082700 Hartree
No ghost effective potential
No ghost point charges
Overlap matrix is nonsigular:
  Lowest eigenvalue:       0.00035741 with the total number of basis functions:    204
Grid size: 109708

=======================
Generating SAD for atom: C
=======================
SAD generation for C complete.

=======================
Generating SAD for atom: H
=======================
SAD generation for H complete.

=======================
Generating SAD for atom: Br
=======================
SAD generation for Br complete.
Initial guess energy using single atom density (SAD):    -105.9021726455077470
The total energy:      -105.3584175551 Ha by the initial guess
Energy:    -105.0884851381 Ha after    1 iterations (in       0.23 seconds).
SCF Change: DM 8.56832e-3; eev  2.69258e0 Ha; etot  1.19115e0 Ha
Energy:    -103.8973316420 Ha after    2 iterations (in       0.30 seconds).
SCF Change: DM 9.32916e-4; eev 2.82892e-1 Ha; etot -1.64025e0 Ha
Energy:    -105.5375865049 Ha after    3 iterations (in       0.20 seconds).
SCF Change: DM 3.48311e-4; eev 1.24621e-1 Ha; etot -5.42686e-3 Ha
Energy:    -105.5430133657 Ha after    4 iterations (in       0.20 seconds).
SCF Change: DM 2.58303e-5; eev 8.95920e-3 Ha; etot -9.00059e-4 Ha
Energy:    -105.5439134245 Ha after    5 iterations (in       0.28 seconds).
SCF Change: DM 2.72436e-6; eev 7.05645e-4 Ha; etot -7.32683e-6 Ha
Energy:    -105.5439207513 Ha after    6 iterations (in       0.23 seconds).
SCF Change: DM 7.32337e-7; eev 2.91595e-4 Ha; etot -6.92412e-8 Ha
Energy:    -105.5439208205 Ha after    7 iterations (in       0.28 seconds).
SCF Change: DM 1.89494e-7; eev 3.71158e-5 Ha; etot -3.51820e-9 Ha
Energy:    -105.5439208240 Ha after    8 iterations (in       0.23 seconds).
SCF Change: DM 2.26928e-8; eev 3.15595e-6 Ha; etot -2.40817e-10 Ha
Energy:    -105.5439208243 Ha after    9 iterations (in       0.23 seconds).
SCF Change: DM 3.47796e-9; eev 7.53198e-7 Ha; etot -4.71800e-12 Ha
Energy:    -105.5439208243 Ha after   10 iterations (in       0.25 seconds).
SCF Change: DM 1.15769e-9; eev 3.54320e-7 Ha; etot 2.27374e-12 Ha
Energy:    -105.5439208243 Ha after   11 iterations (in       0.25 seconds).
SCF Change: DM 2.24002e-10; eev 8.96293e-8 Ha; etot -2.48690e-12 Ha
Energy:    -105.5439208243 Ha after   12 iterations (in       0.27 seconds).
SCF Change: DM 3.14517e-11; eev 8.39792e-9 Ha; etot 3.12639e-13 Ha
Energy:    -105.5439208243 Ha after   13 iterations (in       0.26 seconds).
SCF is converged after   13 iterations.
==========================================
Now evaluate the    PT2 correlation energy
==========================================
----------------------------------------------------------------------
Methods         :       Total Corr,          OS Corr,          SS Corr
----------------------------------------------------------------------
PT2             :      -0.99265614,      -0.75832947,      -0.23432668
----------------------------------------------------------------------
Fifth-rung correlation energy :      -0.330934979225 Ha
E[XYGJOS]=:    -105.26388802 Ha, Ex[HF]:     -16.48893571 Ha, Ec[PT2  ]:      -0.99265614 Ha
Mulliken population analysis:
  0-C  :   0.107079
  1-H  :   0.129327
  2-H  :   0.129327
  3-C  :   0.107079
  4-H  :   0.129327
  5-H  :   0.129327
  6-Br :  -0.365732
  7-Br :  -0.365732

====================================================
              REST: Mission accomplished
====================================================
The SCF energy        :    -105.5439208243 Ha
The (R)-xDH energy    :    -105.2638880198 Ha
Detailed time report:
Overall   |:    7.080 s for the whole job
PT2       |:    0.419 s for the PT2 evaluation
SCF       |:    6.658 s for the scf procedure
