Use the default path (/opt/rest_workspace/rest/basis-set-pool/) as rest_basis_dir.
The specified path for the basis sets: /home/symei/def2-TZVPP-new-mixed
The specified path for the basis sets: /home/symei/def2-SV(P)-JKFIT
=========================================================
      Input parameters for the REST calculation
=========================================================
Calculation type: Single-point energy
Cube output: wavefunction
The exchange-correlation method: xygjos
Print level:                1
The number of threads used for parallelism:      8
The spheric-GTO basis set is taken from /home/symei/def2-TZVPP-new-mixed
The spheric-GTO auxiliary basis set is taken from /home/symei/def2-SV(P)-JKFIT
Charge:   0; Spin:   1
Spin polarization: Off
Input molecular structure (in Angstrom): ----------
C       -0.00000000      0.00000000      0.93299600
H       -0.89803500      0.00000000      1.53422900
H        0.89803500     -0.00000000      1.53422900
Br       0.00000000     -1.63201600     -0.12380600
Br      -0.00000000      1.63201600     -0.12380600
End of molecular structure ------------------------
ERI Type: ri_v
SCF convergency thresholds: 1e-8 for density matrix
                            1e-8 Ha. for sum of eigenvalues
                            1e-8 Ha. for total energy
Max. SCF cycle number:      250
It is a finite cluster calculation
The specified checkfile exists but is not loaded because the keyword 'external_init_guess' is specified
It will be updated after the SCF procedure 
(none)
=========================================================
the scf functional for 'xygjos' contains
The density functional 'B3LYP' belongs to the 'Hybrid GGA' family and is defined in the reference(s):
(0): P. J. Stephens, F. J. Devlin, C. F. Chabalowski, and M. J. Frisch.,  J. Phys. Chem. 98, 11623 (1994)
the post-scf functional 'xygjos' is employed, which contains
The density functional 'Slater exchange' belongs to the 'LDA' family and is defined in the reference(s):
(0): P. A. M. Dirac.,  Math. Proc. Cambridge Philos. Soc. 26, 376 (1930)
(1): F. Bloch.,  Z. Phys. 57, 545 (1929)
The density functional 'Becke 88' belongs to the 'GGA' family and is defined in the reference(s):
(0): A. D. Becke.,  Phys. Rev. A 38, 3098 (1988)
The density functional 'Vosko, Wilk & Nusair (VWN5_RPA)' belongs to the 'LDA' family and is defined in the reference(s):
(0): S. H. Vosko, L. Wilk, and M. Nusair.,  Can. J. Phys. 58, 1200 (1980)
The density functional 'Lee, Yang & Parr' belongs to the 'GGA' family and is defined in the reference(s):
(0): C. Lee, W. Yang, and R. G. Parr.,  Phys. Rev. B 37, 785 (1988)
(1): B. Miehlich, A. Savin, H. Stoll, and H. Preuss.,  Chem. Phys. Lett. 157, 200 (1989)
<start_mo> for the frozen-core post-SCF methods 0 is smaller than the number of ecp orbitals 28. Set <start_mo> = 0
Libxc version used in REST: 7.0.0
nbas: 49, natm: 5 for standard basis sets
First valence state for the frozen-core algorithm:     0
final nbas: 206,final natm: 10
numbasis: 145, num_auxbas: 643
Molecule_name: ch2br2
Restricted Hartree-Fock (or Kohn-Sham) algorithm is invoked.
Nuc_energy:      42.91821290 Hartree
No ghost effective potential
No ghost point charges
Overlap matrix is nonsigular:
  Lowest eigenvalue:       0.00058121 with the total number of basis functions:    145
Grid size: 75758

=======================
Generating SAD for atom: C
=======================
SAD generation for C complete.

=======================
Generating SAD for atom: H
=======================
SAD generation for H complete.

=======================
Generating SAD for atom: Br
=======================
SAD generation for Br complete.
Initial guess energy using single atom density (SAD):     -66.3566071218185556
The total energy:       -66.1447347845 Ha by the initial guess
Energy:     -66.0545759364 Ha after    1 iterations (in       0.10 seconds).
SCF Change: DM 6.42290e-3; eev  1.33231e0 Ha; etot 4.31118e-1 Ha
Energy:     -65.6234582940 Ha after    2 iterations (in       0.11 seconds).
SCF Change: DM 4.77819e-4; eev 1.20705e-1 Ha; etot -5.80052e-1 Ha
Energy:     -66.2035098522 Ha after    3 iterations (in       0.11 seconds).
SCF Change: DM 1.65001e-4; eev 5.27995e-2 Ha; etot -1.18950e-3 Ha
Energy:     -66.2046993492 Ha after    4 iterations (in       0.14 seconds).
SCF Change: DM 1.94547e-5; eev 3.98064e-3 Ha; etot -9.77042e-5 Ha
Energy:     -66.2047970535 Ha after    5 iterations (in       0.13 seconds).
SCF Change: DM 3.61573e-6; eev 3.17227e-4 Ha; etot -2.11453e-6 Ha
Energy:     -66.2047991680 Ha after    6 iterations (in       0.15 seconds).
SCF Change: DM 5.88243e-7; eev 9.70106e-5 Ha; etot -8.51348e-8 Ha
Energy:     -66.2047992531 Ha after    7 iterations (in       0.14 seconds).
SCF Change: DM 6.22962e-8; eev 6.37158e-6 Ha; etot -2.44053e-9 Ha
Energy:     -66.2047992556 Ha after    8 iterations (in       0.13 seconds).
SCF Change: DM 1.11126e-8; eev 3.61277e-6 Ha; etot -1.29177e-11 Ha
Energy:     -66.2047992556 Ha after    9 iterations (in       0.12 seconds).
SCF Change: DM 2.90578e-9; eev 9.30208e-7 Ha; etot -1.15108e-12 Ha
Energy:     -66.2047992556 Ha after   10 iterations (in       0.10 seconds).
SCF Change: DM 3.85891e-10; eev 9.83760e-8 Ha; etot 4.54747e-13 Ha
Energy:     -66.2047992556 Ha after   11 iterations (in       0.10 seconds).
SCF Change: DM 8.85713e-11; eev 2.94073e-8 Ha; etot 4.97380e-13 Ha
Energy:     -66.2047992556 Ha after   12 iterations (in       0.10 seconds).
SCF Change: DM 4.42104e-12; eev 8.44558e-10 Ha; etot -3.55271e-13 Ha
Energy:     -66.2047992556 Ha after   13 iterations (in       0.10 seconds).
SCF is converged after   13 iterations.
==========================================
Now evaluate the    PT2 correlation energy
==========================================
----------------------------------------------------------------------
Methods         :       Total Corr,          OS Corr,          SS Corr
----------------------------------------------------------------------
PT2             :      -0.73148211,      -0.55568538,      -0.17579672
----------------------------------------------------------------------
Fifth-rung correlation energy :      -0.242501101766 Ha
E[XYGJOS]=:     -66.03357204 Ha, Ex[HF]:     -10.57641925 Ha, Ec[PT2  ]:      -0.73148211 Ha
Mulliken population analysis:
  0-C  :   0.264561
  1-H  :   0.161634
  2-H  :   0.161634
  3-Br :  -0.293914
  4-Br :  -0.293914

====================================================
              REST: Mission accomplished
====================================================
The SCF energy        :     -66.2047992556 Ha
The (R)-xDH energy    :     -66.0335720432 Ha
Detailed time report:
SCF       |:    3.426 s for the scf procedure
PT2       |:    0.190 s for the PT2 evaluation
Overall   |:    3.617 s for the whole job
