Use the default path (/opt/rest_workspace/rest/basis-set-pool/) as rest_basis_dir.
The specified path for the basis sets: /home/symei/def2-TZVPP-new-mixed
The specified path for the basis sets: /home/symei/def2-SV(P)-JKFIT
=========================================================
      Input parameters for the REST calculation
=========================================================
Calculation type: Single-point energy
Cube output: wavefunction
The exchange-correlation method: xygjos
Print level:                1
The number of threads used for parallelism:      8
The spheric-GTO basis set is taken from /home/symei/def2-TZVPP-new-mixed
The spheric-GTO auxiliary basis set is taken from /home/symei/def2-SV(P)-JKFIT
Charge:   0; Spin:   1
Spin polarization: Off
Input molecular structure (in Angstrom): ----------
C       -0.00000000     -0.00000000     -1.53495100
H       -0.00000000      1.03254200     -1.86426500
H        0.89420800     -0.51627100     -1.86426500
H       -0.89420800     -0.51627100     -1.86426500
Br       0.00000000      0.00000000      0.42292900
End of molecular structure ------------------------
ERI Type: ri_v
SCF convergency thresholds: 1e-8 for density matrix
                            1e-8 Ha. for sum of eigenvalues
                            1e-8 Ha. for total energy
Max. SCF cycle number:      250
It is a finite cluster calculation
The specified checkfile exists but is not loaded because the keyword 'external_init_guess' is specified
It will be updated after the SCF procedure 
(none)
=========================================================
the scf functional for 'xygjos' contains
The density functional 'B3LYP' belongs to the 'Hybrid GGA' family and is defined in the reference(s):
(0): P. J. Stephens, F. J. Devlin, C. F. Chabalowski, and M. J. Frisch.,  J. Phys. Chem. 98, 11623 (1994)
the post-scf functional 'xygjos' is employed, which contains
The density functional 'Slater exchange' belongs to the 'LDA' family and is defined in the reference(s):
(0): P. A. M. Dirac.,  Math. Proc. Cambridge Philos. Soc. 26, 376 (1930)
(1): F. Bloch.,  Z. Phys. 57, 545 (1929)
The density functional 'Becke 88' belongs to the 'GGA' family and is defined in the reference(s):
(0): A. D. Becke.,  Phys. Rev. A 38, 3098 (1988)
The density functional 'Vosko, Wilk & Nusair (VWN5_RPA)' belongs to the 'LDA' family and is defined in the reference(s):
(0): S. H. Vosko, L. Wilk, and M. Nusair.,  Can. J. Phys. 58, 1200 (1980)
The density functional 'Lee, Yang & Parr' belongs to the 'GGA' family and is defined in the reference(s):
(0): C. Lee, W. Yang, and R. G. Parr.,  Phys. Rev. B 37, 785 (1988)
(1): B. Miehlich, A. Savin, H. Stoll, and H. Preuss.,  Chem. Phys. Lett. 157, 200 (1989)
<start_mo> for the frozen-core post-SCF methods 0 is smaller than the number of ecp orbitals 14. Set <start_mo> = 0
Libxc version used in REST: 7.0.0
nbas: 42, natm: 5 for standard basis sets
First valence state for the frozen-core algorithm:     0
final nbas: 145,final natm: 10
numbasis: 116, num_auxbas: 395
Molecule_name: ch3br
Restricted Hartree-Fock (or Kohn-Sham) algorithm is invoked.
Nuc_energy:      25.45660701 Hartree
No ghost effective potential
No ghost point charges
Overlap matrix is nonsigular:
  Lowest eigenvalue:       0.00057456 with the total number of basis functions:    116
Grid size: 64878

=======================
Generating SAD for atom: C
=======================
SAD generation for C complete.

=======================
Generating SAD for atom: H
=======================
SAD generation for H complete.

=======================
Generating SAD for atom: Br
=======================
SAD generation for Br complete.
Initial guess energy using single atom density (SAD):     -53.3821856409800120
The total energy:       -53.2672396072 Ha by the initial guess
Energy:     -53.1763732064 Ha after    1 iterations (in       0.06 seconds).
SCF Change: DM 7.69473e-3; eev  1.51052e0 Ha; etot 3.19442e-1 Ha
Energy:     -52.8569308465 Ha after    2 iterations (in       0.06 seconds).
SCF Change: DM 9.02706e-4; eev 1.81544e-1 Ha; etot -5.14343e-1 Ha
Energy:     -53.3712738642 Ha after    3 iterations (in       0.06 seconds).
SCF Change: DM 3.15002e-4; eev 7.20627e-2 Ha; etot -1.87965e-3 Ha
Energy:     -53.3731535154 Ha after    4 iterations (in       0.06 seconds).
SCF Change: DM 3.06166e-5; eev 6.82511e-3 Ha; etot -2.75463e-4 Ha
Energy:     -53.3734289786 Ha after    5 iterations (in       0.19 seconds).
SCF Change: DM 4.58755e-6; eev 1.01196e-3 Ha; etot -3.21192e-6 Ha
Energy:     -53.3734321905 Ha after    6 iterations (in       0.09 seconds).
SCF Change: DM 1.19082e-6; eev 3.27570e-4 Ha; etot -9.50253e-8 Ha
Energy:     -53.3734322856 Ha after    7 iterations (in       0.08 seconds).
SCF Change: DM 9.31515e-8; eev 1.63442e-5 Ha; etot -4.20976e-9 Ha
Energy:     -53.3734322898 Ha after    8 iterations (in       0.06 seconds).
SCF Change: DM 8.68752e-9; eev 3.35225e-6 Ha; etot -4.07852e-11 Ha
Energy:     -53.3734322898 Ha after    9 iterations (in       0.07 seconds).
SCF Change: DM 7.64824e-10; eev 1.82252e-7 Ha; etot -4.83169e-13 Ha
Energy:     -53.3734322898 Ha after   10 iterations (in       0.07 seconds).
SCF Change: DM 4.61655e-11; eev 7.21179e-9 Ha; etot 3.26850e-13 Ha
Energy:     -53.3734322898 Ha after   11 iterations (in       0.06 seconds).
SCF is converged after   11 iterations.
==========================================
Now evaluate the    PT2 correlation energy
==========================================
----------------------------------------------------------------------
Methods         :       Total Corr,          OS Corr,          SS Corr
----------------------------------------------------------------------
PT2             :      -0.50646672,      -0.39425341,      -0.11221330
----------------------------------------------------------------------
Fifth-rung correlation energy :      -0.172052190105 Ha
E[XYGJOS]=:     -53.22743379 Ha, Ex[HF]:      -8.58610396 Ha, Ec[PT2  ]:      -0.50646672 Ha
Mulliken population analysis:
  0-C  :  -0.076284
  1-H  :   0.140481
  2-H  :   0.140499
  3-H  :   0.140499
  4-Br :  -0.345194

====================================================
              REST: Mission accomplished
====================================================
The SCF energy        :     -53.3734322898 Ha
The (R)-xDH energy    :     -53.2274337885 Ha
Detailed time report:
PT2       |:    0.121 s for the PT2 evaluation
Overall   |:    2.288 s for the whole job
SCF       |:    2.166 s for the scf procedure
