Use the default path (/opt/rest_workspace/rest/basis-set-pool/) as rest_basis_dir.
The specified path for the basis sets: /home/symei/def2-TZVPP-new-mixed
The specified path for the basis sets: /home/symei/def2-SV(P)-JKFIT
=========================================================
      Input parameters for the REST calculation
=========================================================
Calculation type: Single-point energy
Cube output: wavefunction
The exchange-correlation method: xygjos
Print level:                1
The number of threads used for parallelism:      8
The spheric-GTO basis set is taken from /home/symei/def2-TZVPP-new-mixed
The spheric-GTO auxiliary basis set is taken from /home/symei/def2-SV(P)-JKFIT
Charge:   0; Spin:   1
Spin polarization: Off
Input molecular structure (in Angstrom): ----------
C        0.00000000      0.00000000      0.00000000
H        0.62824500      0.62824500      0.62824500
H       -0.62824500     -0.62824500      0.62824500
H       -0.62824500      0.62824500     -0.62824500
H        0.62824500     -0.62824500     -0.62824500
End of molecular structure ------------------------
ERI Type: ri_v
SCF convergency thresholds: 1e-8 for density matrix
                            1e-8 Ha. for sum of eigenvalues
                            1e-8 Ha. for total energy
Max. SCF cycle number:      250
It is a finite cluster calculation
The specified checkfile exists but is not loaded because the keyword 'external_init_guess' is specified
It will be updated after the SCF procedure 
(none)
=========================================================
the scf functional for 'xygjos' contains
The density functional 'B3LYP' belongs to the 'Hybrid GGA' family and is defined in the reference(s):
(0): P. J. Stephens, F. J. Devlin, C. F. Chabalowski, and M. J. Frisch.,  J. Phys. Chem. 98, 11623 (1994)
the post-scf functional 'xygjos' is employed, which contains
The density functional 'Slater exchange' belongs to the 'LDA' family and is defined in the reference(s):
(0): P. A. M. Dirac.,  Math. Proc. Cambridge Philos. Soc. 26, 376 (1930)
(1): F. Bloch.,  Z. Phys. 57, 545 (1929)
The density functional 'Becke 88' belongs to the 'GGA' family and is defined in the reference(s):
(0): A. D. Becke.,  Phys. Rev. A 38, 3098 (1988)
The density functional 'Vosko, Wilk & Nusair (VWN5_RPA)' belongs to the 'LDA' family and is defined in the reference(s):
(0): S. H. Vosko, L. Wilk, and M. Nusair.,  Can. J. Phys. 58, 1200 (1980)
The density functional 'Lee, Yang & Parr' belongs to the 'GGA' family and is defined in the reference(s):
(0): C. Lee, W. Yang, and R. G. Parr.,  Phys. Rev. B 37, 785 (1988)
(1): B. Miehlich, A. Savin, H. Stoll, and H. Preuss.,  Chem. Phys. Lett. 157, 200 (1989)
For SCF calculation, no core orbital is frozen by effective core potential (ECP) approximation
Libxc version used in REST: 7.0.0
nbas: 35, natm: 5 for standard basis sets
First valence state for the frozen-core algorithm:     0
final nbas: 84,final natm: 10
numbasis: 87, num_auxbas: 147
Molecule_name: ch4
Restricted Hartree-Fock (or Kohn-Sham) algorithm is invoked.
Nuc_energy:      13.45820319 Hartree
No ghost effective potential
No ghost point charges
Overlap matrix is nonsigular:
  Lowest eigenvalue:       0.00053263 with the total number of basis functions:     87
Grid size: 53998

=======================
Generating SAD for atom: C
=======================
SAD generation for C complete.

=======================
Generating SAD for atom: H
=======================
SAD generation for H complete.
Initial guess energy using single atom density (SAD):     -40.4215992619799636
The total energy:       -40.3814495772 Ha by the initial guess
Energy:     -40.3199689506 Ha after    1 iterations (in       0.04 seconds).
SCF Change: DM 6.63763e-3; eev  1.50590e0 Ha; etot 9.13726e-2 Ha
Energy:     -40.2285963321 Ha after    2 iterations (in       0.04 seconds).
SCF Change: DM 2.64440e-4; eev 9.57330e-2 Ha; etot -3.10447e-1 Ha
Energy:     -40.5390434678 Ha after    3 iterations (in       0.04 seconds).
SCF Change: DM 9.17471e-6; eev 3.79912e-3 Ha; etot -1.31871e-4 Ha
Energy:     -40.5391753393 Ha after    4 iterations (in       0.05 seconds).
SCF Change: DM 1.30006e-6; eev 2.36750e-4 Ha; etot -2.04849e-7 Ha
Energy:     -40.5391755441 Ha after    5 iterations (in       0.04 seconds).
SCF Change: DM 9.49122e-8; eev 9.81869e-6 Ha; etot -2.43028e-9 Ha
Energy:     -40.5391755465 Ha after    6 iterations (in       0.04 seconds).
SCF Change: DM 6.08261e-9; eev 1.60667e-6 Ha; etot -3.03260e-11 Ha
Energy:     -40.5391755466 Ha after    7 iterations (in       0.03 seconds).
SCF Change: DM 3.60796e-10; eev 5.06700e-8 Ha; etot -7.60281e-13 Ha
Energy:     -40.5391755466 Ha after    8 iterations (in       0.04 seconds).
SCF Change: DM 2.33292e-11; eev 9.90466e-10 Ha; etot -4.05009e-13 Ha
Energy:     -40.5391755466 Ha after    9 iterations (in       0.06 seconds).
SCF is converged after    9 iterations.
==========================================
Now evaluate the    PT2 correlation energy
==========================================
----------------------------------------------------------------------
Methods         :       Total Corr,          OS Corr,          SS Corr
----------------------------------------------------------------------
PT2             :      -0.29529898,      -0.24026904,      -0.05502994
----------------------------------------------------------------------
Fifth-rung correlation energy :      -0.104853409519 Ha
E[XYGJOS]=:     -40.41838019 Ha, Ex[HF]:      -6.58297264 Ha, Ec[PT2  ]:      -0.29529898 Ha
Mulliken population analysis:
  0-C  :  -0.396237
  1-H  :   0.099059
  2-H  :   0.099059
  3-H  :   0.099059
  4-H  :   0.099059

====================================================
              REST: Mission accomplished
====================================================
The SCF energy        :     -40.5391755466 Ha
The (R)-xDH energy    :     -40.4183801944 Ha
Detailed time report:
PT2       |:    0.082 s for the PT2 evaluation
SCF       |:    1.127 s for the scf procedure
Overall   |:    1.210 s for the whole job
