Use the default path (/opt/rest_workspace/rest/basis-set-pool/) as rest_basis_dir.
The specified path for the basis sets: /home/symei/def2-TZVPP-new-mixed
The specified path for the basis sets: /home/symei/def2-SV(P)-JKFIT
=========================================================
      Input parameters for the REST calculation
=========================================================
Calculation type: Single-point energy
Cube output: wavefunction
The exchange-correlation method: xygjos
Print level:                1
The number of threads used for parallelism:      8
The spheric-GTO basis set is taken from /home/symei/def2-TZVPP-new-mixed
The spheric-GTO auxiliary basis set is taken from /home/symei/def2-SV(P)-JKFIT
Charge:   0; Spin:   1
Spin polarization: Off
Input molecular structure (in Angstrom): ----------
C       -0.00000000      0.00000000      0.51920700
H       -0.00000000      0.00000000      1.59804200
Br       0.00000000      1.86116900     -0.04488800
Br      -1.61182000     -0.93058500     -0.04488800
Br       1.61182000     -0.93058500     -0.04488800
End of molecular structure ------------------------
ERI Type: ri_v
SCF convergency thresholds: 1e-8 for density matrix
                            1e-8 Ha. for sum of eigenvalues
                            1e-8 Ha. for total energy
Max. SCF cycle number:      250
It is a finite cluster calculation
The specified checkfile exists but is not loaded because the keyword 'external_init_guess' is specified
It will be updated after the SCF procedure 
(none)
=========================================================
the scf functional for 'xygjos' contains
The density functional 'B3LYP' belongs to the 'Hybrid GGA' family and is defined in the reference(s):
(0): P. J. Stephens, F. J. Devlin, C. F. Chabalowski, and M. J. Frisch.,  J. Phys. Chem. 98, 11623 (1994)
the post-scf functional 'xygjos' is employed, which contains
The density functional 'Slater exchange' belongs to the 'LDA' family and is defined in the reference(s):
(0): P. A. M. Dirac.,  Math. Proc. Cambridge Philos. Soc. 26, 376 (1930)
(1): F. Bloch.,  Z. Phys. 57, 545 (1929)
The density functional 'Becke 88' belongs to the 'GGA' family and is defined in the reference(s):
(0): A. D. Becke.,  Phys. Rev. A 38, 3098 (1988)
The density functional 'Vosko, Wilk & Nusair (VWN5_RPA)' belongs to the 'LDA' family and is defined in the reference(s):
(0): S. H. Vosko, L. Wilk, and M. Nusair.,  Can. J. Phys. 58, 1200 (1980)
The density functional 'Lee, Yang & Parr' belongs to the 'GGA' family and is defined in the reference(s):
(0): C. Lee, W. Yang, and R. G. Parr.,  Phys. Rev. B 37, 785 (1988)
(1): B. Miehlich, A. Savin, H. Stoll, and H. Preuss.,  Chem. Phys. Lett. 157, 200 (1989)
<start_mo> for the frozen-core post-SCF methods 0 is smaller than the number of ecp orbitals 42. Set <start_mo> = 0
Libxc version used in REST: 7.0.0
nbas: 56, natm: 5 for standard basis sets
First valence state for the frozen-core algorithm:     0
final nbas: 267,final natm: 10
numbasis: 174, num_auxbas: 891
Molecule_name: chbr3
Restricted Hartree-Fock (or Kohn-Sham) algorithm is invoked.
Nuc_energy:      65.83498434 Hartree
No ghost effective potential
No ghost point charges
Overlap matrix is nonsigular:
  Lowest eigenvalue:       0.00057172 with the total number of basis functions:    174
Grid size: 86638

=======================
Generating SAD for atom: C
=======================
SAD generation for C complete.

=======================
Generating SAD for atom: H
=======================
SAD generation for H complete.

=======================
Generating SAD for atom: Br
=======================
SAD generation for Br complete.
Initial guess energy using single atom density (SAD):     -79.3235749415757141
The total energy:       -79.0065966398 Ha by the initial guess
Energy:     -78.9567514720 Ha after    1 iterations (in       0.15 seconds).
SCF Change: DM 4.18057e-3; eev 9.47494e-1 Ha; etot 3.07750e-1 Ha
Energy:     -78.6490014524 Ha after    2 iterations (in       0.15 seconds).
SCF Change: DM 2.32268e-4; eev 8.97324e-2 Ha; etot -3.81554e-1 Ha
Energy:     -79.0305555210 Ha after    3 iterations (in       0.15 seconds).
SCF Change: DM 8.05718e-5; eev 3.58733e-2 Ha; etot -3.04185e-4 Ha
Energy:     -79.0308597056 Ha after    4 iterations (in       0.15 seconds).
SCF Change: DM 8.86524e-6; eev 1.62342e-3 Ha; etot -3.53204e-5 Ha
Energy:     -79.0308950261 Ha after    5 iterations (in       0.14 seconds).
SCF Change: DM 1.85832e-6; eev 4.02985e-4 Ha; etot -8.74080e-7 Ha
Energy:     -79.0308959001 Ha after    6 iterations (in       0.15 seconds).
SCF Change: DM 2.87853e-7; eev 7.76098e-5 Ha; etot -3.23256e-8 Ha
Energy:     -79.0308959325 Ha after    7 iterations (in       0.15 seconds).
SCF Change: DM 7.43946e-8; eev 1.23632e-5 Ha; etot -8.87127e-10 Ha
Energy:     -79.0308959333 Ha after    8 iterations (in       0.15 seconds).
SCF Change: DM 1.51406e-8; eev 2.14397e-6 Ha; etot -4.40252e-11 Ha
Energy:     -79.0308959334 Ha after    9 iterations (in       0.15 seconds).
SCF Change: DM 2.25643e-9; eev 2.71183e-7 Ha; etot -1.30740e-12 Ha
Energy:     -79.0308959334 Ha after   10 iterations (in       0.19 seconds).
SCF Change: DM 1.67789e-10; eev 1.58658e-8 Ha; etot 2.10321e-12 Ha
Energy:     -79.0308959334 Ha after   11 iterations (in       0.18 seconds).
SCF Change: DM 4.61686e-11; eev 5.21552e-9 Ha; etot -1.53477e-12 Ha
Energy:     -79.0308959334 Ha after   12 iterations (in       0.15 seconds).
SCF is converged after   12 iterations.
==========================================
Now evaluate the    PT2 correlation energy
==========================================
----------------------------------------------------------------------
Methods         :       Total Corr,          OS Corr,          SS Corr
----------------------------------------------------------------------
PT2             :      -0.96808769,      -0.72386299,      -0.24422470
----------------------------------------------------------------------
Fifth-rung correlation energy :      -0.315893810263 Ha
E[XYGJOS]=:     -78.83541974 Ha, Ex[HF]:     -12.55596329 Ha, Ec[PT2  ]:      -0.96808769 Ha
Mulliken population analysis:
  0-C  :   0.633293
  1-H  :   0.172002
  2-Br :  -0.268429
  3-Br :  -0.268433
  4-Br :  -0.268433

====================================================
              REST: Mission accomplished
====================================================
The SCF energy        :     -79.0308959334 Ha
The (R)-xDH energy    :     -78.8354197406 Ha
Detailed time report:
SCF       |:    4.709 s for the scf procedure
Overall   |:    5.027 s for the whole job
PT2       |:    0.316 s for the PT2 evaluation
