Use the default path (/opt/rest_workspace/rest/basis-set-pool/) as rest_basis_dir.
The specified path for the basis sets: /home/symei/def2-TZVPP-new-mixed
The specified path for the basis sets: /home/symei/def2-SV(P)-JKFIT
=========================================================
      Input parameters for the REST calculation
=========================================================
Calculation type: Single-point energy
Cube output: wavefunction
The exchange-correlation method: xygjos
Print level:                1
The number of threads used for parallelism:      8
The spheric-GTO basis set is taken from /home/symei/def2-TZVPP-new-mixed
The spheric-GTO auxiliary basis set is taken from /home/symei/def2-SV(P)-JKFIT
Charge:   0; Spin:   2
Spin polarization: On
Input molecular structure (in Angstrom): ----------
Cl       0.00000000      0.00000000      0.00000000
End of molecular structure ------------------------
ERI Type: ri_v
SCF convergency thresholds: 1e-8 for density matrix
                            1e-8 Ha. for sum of eigenvalues
                            1e-8 Ha. for total energy
Max. SCF cycle number:      250
It is a finite cluster calculation
The specified checkfile exists but is not loaded because the keyword 'external_init_guess' is specified
It will be updated after the SCF procedure 
(none)
=========================================================
the scf functional for 'xygjos' contains
The density functional 'B3LYP' belongs to the 'Hybrid GGA' family and is defined in the reference(s):
(0): P. J. Stephens, F. J. Devlin, C. F. Chabalowski, and M. J. Frisch.,  J. Phys. Chem. 98, 11623 (1994)
the post-scf functional 'xygjos' is employed, which contains
The density functional 'Slater exchange' belongs to the 'LDA' family and is defined in the reference(s):
(0): P. A. M. Dirac.,  Math. Proc. Cambridge Philos. Soc. 26, 376 (1930)
(1): F. Bloch.,  Z. Phys. 57, 545 (1929)
The density functional 'Becke 88' belongs to the 'GGA' family and is defined in the reference(s):
(0): A. D. Becke.,  Phys. Rev. A 38, 3098 (1988)
The density functional 'Vosko, Wilk & Nusair (VWN5_RPA)' belongs to the 'LDA' family and is defined in the reference(s):
(0): S. H. Vosko, L. Wilk, and M. Nusair.,  Can. J. Phys. 58, 1200 (1980)
The density functional 'Lee, Yang & Parr' belongs to the 'GGA' family and is defined in the reference(s):
(0): C. Lee, W. Yang, and R. G. Parr.,  Phys. Rev. B 37, 785 (1988)
(1): B. Miehlich, A. Savin, H. Stoll, and H. Preuss.,  Chem. Phys. Lett. 157, 200 (1989)
For SCF calculation, no core orbital is frozen by effective core potential (ECP) approximation
Libxc version used in REST: 7.0.0
nbas: 14, natm: 1 for standard basis sets
First valence state for the frozen-core algorithm:     0
final nbas: 52,final natm: 2
numbasis: 42, num_auxbas: 128
Molecule_name: cl
Unrestricted Hartree-Fock (or Kohn-Sham) algorithm is invoked.
Nuc_energy:       0.00000000 Hartree
No ghost effective potential
No ghost point charges
Overlap matrix is nonsigular:
  Lowest eigenvalue:       0.04652848 with the total number of basis functions:     42
Grid size: 18880

=======================
Generating SAD for atom: Cl
=======================
SAD generation for Cl complete.
Initial guess energy using single atom density (SAD):    -460.1123502313076870
The total energy:      -460.1630183093 Ha by the initial guess
Energy:    -460.1666502272 Ha with <S^2> =  0.753 and <2S+1> =  2.003 after    1 iterations (in       0.01 seconds).
SCF Change: DM (3.57298e-4,3.71222e-4); eev 1.20875e-1 Ha; etot -2.27102e-4 Ha
Energy:    -460.1668773296 Ha with <S^2> =  0.753 and <2S+1> =  2.003 after    2 iterations (in       0.01 seconds).
SCF Change: DM (4.22650e-5,2.15627e-5); eev 9.48407e-3 Ha; etot -1.46261e-4 Ha
Energy:    -460.1670235902 Ha with <S^2> =  0.753 and <2S+1> =  2.003 after    3 iterations (in       0.01 seconds).
SCF Change: DM (3.15795e-6,2.56862e-6); eev 5.49588e-4 Ha; etot -2.12576e-6 Ha
Energy:    -460.1670257160 Ha with <S^2> =  0.753 and <2S+1> =  2.003 after    4 iterations (in       0.01 seconds).
SCF Change: DM (5.57056e-7,3.83110e-7); eev 1.30001e-4 Ha; etot -1.11499e-8 Ha
Energy:    -460.1670257271 Ha with <S^2> =  0.753 and <2S+1> =  2.003 after    5 iterations (in       0.01 seconds).
SCF Change: DM (4.16628e-8,7.01183e-8); eev 4.74492e-6 Ha; etot -2.55170e-10 Ha
Energy:    -460.1670257274 Ha with <S^2> =  0.753 and <2S+1> =  2.003 after    6 iterations (in       0.02 seconds).
SCF Change: DM (7.67770e-9,6.24128e-9); eev 4.03150e-7 Ha; etot -1.25056e-12 Ha
Energy:    -460.1670257274 Ha with <S^2> =  0.753 and <2S+1> =  2.003 after    7 iterations (in       0.02 seconds).
SCF Change: DM (3.80240e-10,2.65234e-9); eev 2.74542e-8 Ha; etot -1.25056e-12 Ha
Energy:    -460.1670257274 Ha with <S^2> =  0.753 and <2S+1> =  2.003 after    8 iterations (in       0.02 seconds).
SCF Change: DM (3.47973e-10,2.53378e-9); eev 2.37621e-9 Ha; etot -1.13687e-13 Ha
Energy:    -460.1670257274 Ha with <S^2> =  0.753 and <2S+1> =  2.003 after    9 iterations (in       0.02 seconds).
SCF is converged after    9 iterations.
==========================================
Now evaluate the    PT2 correlation energy
==========================================
----------------------------------------------------------------------
Methods         :       Total Corr,          OS Corr,          SS Corr
----------------------------------------------------------------------
PT2             :      -0.41155551,      -0.29947802,      -0.11207750
----------------------------------------------------------------------
Fifth-rung correlation energy :      -0.130692206211 Ha
E[XYGJOS]=:    -459.68834072 Ha, Ex[HF]:     -27.52315985 Ha, Ec[PT2  ]:      -0.41155551 Ha
Mulliken population analysis:
  0-Cl :  -0.000000

====================================================
              REST: Mission accomplished
====================================================
The SCF energy        :    -460.1670257274 Ha
The (R)-xDH energy    :    -459.6883407213 Ha
Detailed time report:
PT2       |:    0.178 s for the PT2 evaluation
Overall   |:    0.895 s for the whole job
SCF       |:    0.717 s for the scf procedure
