Use the default path (/opt/rest_workspace/rest/basis-set-pool/) as rest_basis_dir.
The specified path for the basis sets: /home/symei/def2-TZVPP-new-mixed
The specified path for the basis sets: /home/symei/def2-SV(P)-JKFIT
=========================================================
      Input parameters for the REST calculation
=========================================================
Calculation type: Single-point energy
Cube output: wavefunction
The exchange-correlation method: xygjos
Print level:                1
The number of threads used for parallelism:      8
The spheric-GTO basis set is taken from /home/symei/def2-TZVPP-new-mixed
The spheric-GTO auxiliary basis set is taken from /home/symei/def2-SV(P)-JKFIT
Charge:   0; Spin:   1
Spin polarization: Off
Input molecular structure (in Angstrom): ----------
Br       0.00000000      0.00000000      0.03956000
H        0.00000000      0.00000000     -1.38460900
End of molecular structure ------------------------
ERI Type: ri_v
SCF convergency thresholds: 1e-8 for density matrix
                            1e-8 Ha. for sum of eigenvalues
                            1e-8 Ha. for total energy
Max. SCF cycle number:      250
It is a finite cluster calculation
The specified checkfile exists but is not loaded because the keyword 'external_init_guess' is specified
It will be updated after the SCF procedure 
(none)
=========================================================
the scf functional for 'xygjos' contains
The density functional 'B3LYP' belongs to the 'Hybrid GGA' family and is defined in the reference(s):
(0): P. J. Stephens, F. J. Devlin, C. F. Chabalowski, and M. J. Frisch.,  J. Phys. Chem. 98, 11623 (1994)
the post-scf functional 'xygjos' is employed, which contains
The density functional 'Slater exchange' belongs to the 'LDA' family and is defined in the reference(s):
(0): P. A. M. Dirac.,  Math. Proc. Cambridge Philos. Soc. 26, 376 (1930)
(1): F. Bloch.,  Z. Phys. 57, 545 (1929)
The density functional 'Becke 88' belongs to the 'GGA' family and is defined in the reference(s):
(0): A. D. Becke.,  Phys. Rev. A 38, 3098 (1988)
The density functional 'Vosko, Wilk & Nusair (VWN5_RPA)' belongs to the 'LDA' family and is defined in the reference(s):
(0): S. H. Vosko, L. Wilk, and M. Nusair.,  Can. J. Phys. 58, 1200 (1980)
The density functional 'Lee, Yang & Parr' belongs to the 'GGA' family and is defined in the reference(s):
(0): C. Lee, W. Yang, and R. G. Parr.,  Phys. Rev. B 37, 785 (1988)
(1): B. Miehlich, A. Savin, H. Stoll, and H. Preuss.,  Chem. Phys. Lett. 157, 200 (1989)
<start_mo> for the frozen-core post-SCF methods 0 is smaller than the number of ecp orbitals 14. Set <start_mo> = 0
Libxc version used in REST: 7.0.0
nbas: 19, natm: 2 for standard basis sets
First valence state for the frozen-core algorithm:     0
final nbas: 85,final natm: 4
numbasis: 57, num_auxbas: 284
Molecule_name: hbr
Restricted Hartree-Fock (or Kohn-Sham) algorithm is invoked.
Nuc_energy:       2.60098377 Hartree
No ghost effective potential
No ghost point charges
Overlap matrix is nonsigular:
  Lowest eigenvalue:       0.00488812 with the total number of basis functions:     57
Grid size: 30928

=======================
Generating SAD for atom: Br
=======================
SAD generation for Br complete.

=======================
Generating SAD for atom: H
=======================
SAD generation for H complete.
Initial guess energy using single atom density (SAD):     -13.9693253859103308
The total energy:       -14.0394390513 Ha by the initial guess
Energy:     -14.0405396982 Ha after    1 iterations (in       0.06 seconds).
SCF Change: DM 2.02720e-3; eev 1.94892e-1 Ha; etot -1.16415e-4 Ha
Energy:     -14.0406561129 Ha after    2 iterations (in       0.02 seconds).
SCF Change: DM 1.28131e-4; eev 1.72638e-2 Ha; etot -5.96998e-3 Ha
Energy:     -14.0466260947 Ha after    3 iterations (in       0.01 seconds).
SCF Change: DM 1.46836e-5; eev 2.32261e-3 Ha; etot -1.39082e-5 Ha
Energy:     -14.0466400029 Ha after    4 iterations (in       0.02 seconds).
SCF Change: DM 2.58578e-6; eev 4.69945e-4 Ha; etot -1.91101e-7 Ha
Energy:     -14.0466401940 Ha after    5 iterations (in       0.01 seconds).
SCF Change: DM 4.44252e-8; eev 5.72069e-6 Ha; etot -4.68827e-9 Ha
Energy:     -14.0466401987 Ha after    6 iterations (in       0.01 seconds).
SCF Change: DM 8.38698e-9; eev 1.10774e-6 Ha; etot -1.48326e-12 Ha
Energy:     -14.0466401987 Ha after    7 iterations (in       0.01 seconds).
SCF Change: DM 4.92482e-10; eev 6.22436e-8 Ha; etot -8.34888e-14 Ha
Energy:     -14.0466401987 Ha after    8 iterations (in       0.01 seconds).
SCF Change: DM 1.50348e-11; eev 1.62026e-9 Ha; etot 3.01981e-14 Ha
Energy:     -14.0466401987 Ha after    9 iterations (in       0.02 seconds).
SCF is converged after    9 iterations.
==========================================
Now evaluate the    PT2 correlation energy
==========================================
----------------------------------------------------------------------
Methods         :       Total Corr,          OS Corr,          SS Corr
----------------------------------------------------------------------
PT2             :      -0.24210511,      -0.18740156,      -0.05470355
----------------------------------------------------------------------
Fifth-rung correlation energy :      -0.081782039465 Ha
E[XYGJOS]=:     -14.01170226 Ha, Ex[HF]:      -2.68213806 Ha, Ec[PT2  ]:      -0.24210511 Ha
Mulliken population analysis:
  0-Br :  -0.162348
  1-H  :   0.162348

====================================================
              REST: Mission accomplished
====================================================
The SCF energy        :     -14.0466401987 Ha
The (R)-xDH energy    :     -14.0117022575 Ha
Detailed time report:
Overall   |:    0.732 s for the whole job
SCF       |:    0.698 s for the scf procedure
PT2       |:    0.034 s for the PT2 evaluation
