Use the default path (/opt/rest_workspace/rest/basis-set-pool/) as rest_basis_dir.
The specified path for the basis sets: /home/symei/def2-TZVPP-new-mixed
The specified path for the basis sets: /home/symei/def2-SV(P)-JKFIT
=========================================================
      Input parameters for the REST calculation
=========================================================
Calculation type: Single-point energy
Cube output: wavefunction
The exchange-correlation method: xygjos
Print level:                1
The number of threads used for parallelism:      8
The spheric-GTO basis set is taken from /home/symei/def2-TZVPP-new-mixed
The spheric-GTO auxiliary basis set is taken from /home/symei/def2-SV(P)-JKFIT
Charge:   0; Spin:   1
Spin polarization: Off
Input molecular structure (in Angstrom): ----------
O        0.02133700      1.45939800      0.00000000
H       -0.91748000      1.68554500      0.00000000
Br       0.02133700     -0.38173500     -0.00000000
End of molecular structure ------------------------
ERI Type: ri_v
SCF convergency thresholds: 1e-8 for density matrix
                            1e-8 Ha. for sum of eigenvalues
                            1e-8 Ha. for total energy
Max. SCF cycle number:      250
It is a finite cluster calculation
The specified checkfile exists but is not loaded because the keyword 'external_init_guess' is specified
It will be updated after the SCF procedure 
(none)
=========================================================
the scf functional for 'xygjos' contains
The density functional 'B3LYP' belongs to the 'Hybrid GGA' family and is defined in the reference(s):
(0): P. J. Stephens, F. J. Devlin, C. F. Chabalowski, and M. J. Frisch.,  J. Phys. Chem. 98, 11623 (1994)
the post-scf functional 'xygjos' is employed, which contains
The density functional 'Slater exchange' belongs to the 'LDA' family and is defined in the reference(s):
(0): P. A. M. Dirac.,  Math. Proc. Cambridge Philos. Soc. 26, 376 (1930)
(1): F. Bloch.,  Z. Phys. 57, 545 (1929)
The density functional 'Becke 88' belongs to the 'GGA' family and is defined in the reference(s):
(0): A. D. Becke.,  Phys. Rev. A 38, 3098 (1988)
The density functional 'Vosko, Wilk & Nusair (VWN5_RPA)' belongs to the 'LDA' family and is defined in the reference(s):
(0): S. H. Vosko, L. Wilk, and M. Nusair.,  Can. J. Phys. 58, 1200 (1980)
The density functional 'Lee, Yang & Parr' belongs to the 'GGA' family and is defined in the reference(s):
(0): C. Lee, W. Yang, and R. G. Parr.,  Phys. Rev. B 37, 785 (1988)
(1): B. Miehlich, A. Savin, H. Stoll, and H. Preuss.,  Chem. Phys. Lett. 157, 200 (1989)
<start_mo> for the frozen-core post-SCF methods 0 is smaller than the number of ecp orbitals 14. Set <start_mo> = 0
Libxc version used in REST: 7.0.0
nbas: 30, natm: 3 for standard basis sets
First valence state for the frozen-core algorithm:     0
final nbas: 121,final natm: 6
numbasis: 88, num_auxbas: 361
Molecule_name: hobr
Restricted Hartree-Fock (or Kohn-Sham) algorithm is invoked.
Nuc_energy:      22.11088467 Hartree
No ghost effective potential
No ghost point charges
Overlap matrix is nonsigular:
  Lowest eigenvalue:       0.00274688 with the total number of basis functions:     88
Grid size: 45190

=======================
Generating SAD for atom: O
=======================
SAD generation for O complete.

=======================
Generating SAD for atom: H
=======================
SAD generation for H complete.

=======================
Generating SAD for atom: Br
=======================
SAD generation for Br complete.
Initial guess energy using single atom density (SAD):     -89.3278058891784639
The total energy:       -89.1244982561 Ha by the initial guess
Energy:     -88.6595813059 Ha after    1 iterations (in       0.05 seconds).
SCF Change: DM 1.72494e-2; eev  2.86196e0 Ha; etot  1.12332e0 Ha
Energy:     -87.5362590802 Ha after    2 iterations (in       0.06 seconds).
SCF Change: DM 1.23287e-3; eev 1.21429e-1 Ha; etot -1.70801e0 Ha
Energy:     -89.2442714403 Ha after    3 iterations (in       0.04 seconds).
SCF Change: DM 6.58156e-4; eev 7.99288e-2 Ha; etot -4.44491e-3 Ha
Energy:     -89.2487163522 Ha after    4 iterations (in       0.13 seconds).
SCF Change: DM 1.14534e-4; eev 2.40340e-2 Ha; etot -1.29274e-3 Ha
Energy:     -89.2500090930 Ha after    5 iterations (in       0.09 seconds).
SCF Change: DM 1.99756e-5; eev 2.96754e-3 Ha; etot -4.06691e-5 Ha
Energy:     -89.2500497622 Ha after    6 iterations (in       0.19 seconds).
SCF Change: DM 3.11642e-6; eev 3.68033e-4 Ha; etot -1.18694e-6 Ha
Energy:     -89.2500509491 Ha after    7 iterations (in       0.14 seconds).
SCF Change: DM 1.05986e-6; eev 5.72559e-5 Ha; etot -1.89733e-8 Ha
Energy:     -89.2500509681 Ha after    8 iterations (in       0.07 seconds).
SCF Change: DM 2.07883e-7; eev 2.75139e-5 Ha; etot -2.47462e-9 Ha
Energy:     -89.2500509705 Ha after    9 iterations (in       0.06 seconds).
SCF Change: DM 5.15672e-8; eev 7.64756e-6 Ha; etot -1.73088e-10 Ha
Energy:     -89.2500509707 Ha after   10 iterations (in       0.07 seconds).
SCF Change: DM 1.77402e-8; eev 2.62581e-6 Ha; etot -5.69855e-12 Ha
Energy:     -89.2500509707 Ha after   11 iterations (in       0.17 seconds).
SCF Change: DM 2.32401e-9; eev 3.49637e-7 Ha; etot 1.56319e-13 Ha
Energy:     -89.2500509707 Ha after   12 iterations (in       0.06 seconds).
SCF Change: DM 3.89046e-10; eev 9.22013e-8 Ha; etot -8.81073e-13 Ha
Energy:     -89.2500509707 Ha after   13 iterations (in       0.07 seconds).
SCF Change: DM 1.04409e-10; eev 1.23739e-8 Ha; etot -1.98952e-13 Ha
Energy:     -89.2500509707 Ha after   14 iterations (in       0.08 seconds).
SCF Change: DM 6.98952e-12; eev 1.39755e-9 Ha; etot -4.26326e-14 Ha
Energy:     -89.2500509707 Ha after   15 iterations (in       0.07 seconds).
SCF is converged after   15 iterations.
==========================================
Now evaluate the    PT2 correlation energy
==========================================
----------------------------------------------------------------------
Methods         :       Total Corr,          OS Corr,          SS Corr
----------------------------------------------------------------------
PT2             :      -0.60907862,      -0.46037795,      -0.14870067
----------------------------------------------------------------------
Fifth-rung correlation energy :      -0.200908936613 Ha
E[XYGJOS]=:     -89.04206675 Ha, Ex[HF]:     -10.88332210 Ha, Ec[PT2  ]:      -0.60907862 Ha
Mulliken population analysis:
  0-O  :  -0.191568
  1-H  :   0.213427
  2-Br :  -0.021859

====================================================
              REST: Mission accomplished
====================================================
The SCF energy        :     -89.2500509707 Ha
The (R)-xDH energy    :     -89.0420667521 Ha
Detailed time report:
SCF       |:    2.940 s for the scf procedure
PT2       |:    0.250 s for the PT2 evaluation
Overall   |:    3.190 s for the whole job
