Use the default path (/opt/rest_workspace/rest/basis-set-pool/) as rest_basis_dir.
The specified path for the basis sets: /home/symei/def2-TZVPP-new-mixed
The specified path for the basis sets: /home/symei/def2-SV(P)-JKFIT
=========================================================
      Input parameters for the REST calculation
=========================================================
Calculation type: Single-point energy
Cube output: wavefunction
The exchange-correlation method: xygjos
Print level:                1
The number of threads used for parallelism:      8
The spheric-GTO basis set is taken from /home/symei/def2-TZVPP-new-mixed
The spheric-GTO auxiliary basis set is taken from /home/symei/def2-SV(P)-JKFIT
Charge:   0; Spin:   1
Spin polarization: Off
Input molecular structure (in Angstrom): ----------
Na       0.00000000      0.00000000     -1.91269200
Br       0.00000000      0.00000000      0.60113200
End of molecular structure ------------------------
ERI Type: ri_v
SCF convergency thresholds: 1e-8 for density matrix
                            1e-8 Ha. for sum of eigenvalues
                            1e-8 Ha. for total energy
Max. SCF cycle number:      250
It is a finite cluster calculation
The specified checkfile exists but is not loaded because the keyword 'external_init_guess' is specified
It will be updated after the SCF procedure 
(none)
=========================================================
the scf functional for 'xygjos' contains
The density functional 'B3LYP' belongs to the 'Hybrid GGA' family and is defined in the reference(s):
(0): P. J. Stephens, F. J. Devlin, C. F. Chabalowski, and M. J. Frisch.,  J. Phys. Chem. 98, 11623 (1994)
the post-scf functional 'xygjos' is employed, which contains
The density functional 'Slater exchange' belongs to the 'LDA' family and is defined in the reference(s):
(0): P. A. M. Dirac.,  Math. Proc. Cambridge Philos. Soc. 26, 376 (1930)
(1): F. Bloch.,  Z. Phys. 57, 545 (1929)
The density functional 'Becke 88' belongs to the 'GGA' family and is defined in the reference(s):
(0): A. D. Becke.,  Phys. Rev. A 38, 3098 (1988)
The density functional 'Vosko, Wilk & Nusair (VWN5_RPA)' belongs to the 'LDA' family and is defined in the reference(s):
(0): S. H. Vosko, L. Wilk, and M. Nusair.,  Can. J. Phys. 58, 1200 (1980)
The density functional 'Lee, Yang & Parr' belongs to the 'GGA' family and is defined in the reference(s):
(0): C. Lee, W. Yang, and R. G. Parr.,  Phys. Rev. B 37, 785 (1988)
(1): B. Miehlich, A. Savin, H. Stoll, and H. Preuss.,  Chem. Phys. Lett. 157, 200 (1989)
<start_mo> for the frozen-core post-SCF methods 0 is smaller than the number of ecp orbitals 14. Set <start_mo> = 0
Libxc version used in REST: 7.0.0
nbas: 25, natm: 2 for standard basis sets
First valence state for the frozen-core algorithm:     0
final nbas: 119,final natm: 4
numbasis: 75, num_auxbas: 378
Molecule_name: nabr
Restricted Hartree-Fock (or Kohn-Sham) algorithm is invoked.
Nuc_energy:      16.20902857 Hartree
No ghost effective potential
No ghost point charges
Overlap matrix is nonsigular:
  Lowest eigenvalue:       0.01240312 with the total number of basis functions:     75
Grid size: 37792

=======================
Generating SAD for atom: Na
=======================
SAD generation for Na complete.

=======================
Generating SAD for atom: Br
=======================
SAD generation for Br complete.
Initial guess energy using single atom density (SAD):    -175.2822615672023403
The total energy:      -175.4822157648 Ha by the initial guess
Energy:    -175.5436713324 Ha after    1 iterations (in       0.04 seconds).
SCF Change: DM 9.73785e-3; eev  1.66353e0 Ha; etot -6.21788e-2 Ha
Energy:    -175.6058501580 Ha after    2 iterations (in       0.04 seconds).
SCF Change: DM 1.19522e-3; eev 1.64839e-1 Ha; etot -2.17804e-1 Ha
Energy:    -175.8236546397 Ha after    3 iterations (in       0.04 seconds).
SCF Change: DM 2.71442e-4; eev 4.32435e-2 Ha; etot -1.03099e-3 Ha
Energy:    -175.8246856288 Ha after    4 iterations (in       0.05 seconds).
SCF Change: DM 4.01015e-5; eev 8.67650e-3 Ha; etot -8.83269e-5 Ha
Energy:    -175.8247739557 Ha after    5 iterations (in       0.05 seconds).
SCF Change: DM 9.47355e-6; eev 8.84791e-4 Ha; etot -2.31315e-6 Ha
Energy:    -175.8247762689 Ha after    6 iterations (in       0.04 seconds).
SCF Change: DM 1.39642e-6; eev 1.02044e-4 Ha; etot -7.49646e-8 Ha
Energy:    -175.8247763438 Ha after    7 iterations (in       0.03 seconds).
SCF Change: DM 3.65084e-7; eev 3.82171e-5 Ha; etot -5.31898e-9 Ha
Energy:    -175.8247763492 Ha after    8 iterations (in       0.05 seconds).
SCF Change: DM 3.77312e-8; eev 5.47269e-6 Ha; etot -1.53904e-10 Ha
Energy:    -175.8247763493 Ha after    9 iterations (in       0.04 seconds).
SCF Change: DM 2.67780e-9; eev 3.99117e-7 Ha; etot -2.16005e-12 Ha
Energy:    -175.8247763493 Ha after   10 iterations (in       0.04 seconds).
SCF Change: DM 2.60949e-10; eev 2.83429e-8 Ha; etot 2.27374e-13 Ha
Energy:    -175.8247763493 Ha after   11 iterations (in       0.04 seconds).
SCF Change: DM 2.09733e-11; eev 1.93816e-9 Ha; etot 5.68434e-14 Ha
Energy:    -175.8247763493 Ha after   12 iterations (in       0.04 seconds).
SCF is converged after   12 iterations.
==========================================
Now evaluate the    PT2 correlation energy
==========================================
----------------------------------------------------------------------
Methods         :       Total Corr,          OS Corr,          SS Corr
----------------------------------------------------------------------
PT2             :      -0.43797926,      -0.32269777,      -0.11528149
----------------------------------------------------------------------
Fifth-rung correlation energy :      -0.140825304924 Ha
E[XYGJOS]=:    -175.48917454 Ha, Ex[HF]:     -16.44394860 Ha, Ec[PT2  ]:      -0.43797926 Ha
Mulliken population analysis:
  0-Na :   0.707864
  1-Br :  -0.707864

====================================================
              REST: Mission accomplished
====================================================
The SCF energy        :    -175.8247763493 Ha
The (R)-xDH energy    :    -175.4891745450 Ha
Detailed time report:
Overall   |:    1.493 s for the whole job
SCF       |:    1.428 s for the scf procedure
PT2       |:    0.065 s for the PT2 evaluation
