Use the default path (/opt/rest_workspace/rest/basis-set-pool/) as rest_basis_dir.
The specified path for the basis sets: /home/symei/def2-TZVPP-new-mixed
The specified path for the basis sets: /home/symei/def2-SV(P)-JKFIT
=========================================================
      Input parameters for the REST calculation
=========================================================
Calculation type: Single-point energy
Cube output: wavefunction
The exchange-correlation method: xygjos
Print level:                1
The number of threads used for parallelism:      8
The spheric-GTO basis set is taken from /home/symei/def2-TZVPP-new-mixed
The spheric-GTO auxiliary basis set is taken from /home/symei/def2-SV(P)-JKFIT
Charge:   0; Spin:   1
Spin polarization: Off
Input molecular structure (in Angstrom): ----------
P        0.00000000      0.00000000      0.87352300
Br       0.00000000      2.01954900     -0.12478900
Br       1.74898100     -1.00977500     -0.12478900
Br      -1.74898100     -1.00977500     -0.12478900
End of molecular structure ------------------------
ERI Type: ri_v
SCF convergency thresholds: 1e-8 for density matrix
                            1e-8 Ha. for sum of eigenvalues
                            1e-8 Ha. for total energy
Max. SCF cycle number:      250
It is a finite cluster calculation
The specified checkfile exists but is not loaded because the keyword 'external_init_guess' is specified
It will be updated after the SCF procedure 
(none)
=========================================================
the scf functional for 'xygjos' contains
The density functional 'B3LYP' belongs to the 'Hybrid GGA' family and is defined in the reference(s):
(0): P. J. Stephens, F. J. Devlin, C. F. Chabalowski, and M. J. Frisch.,  J. Phys. Chem. 98, 11623 (1994)
the post-scf functional 'xygjos' is employed, which contains
The density functional 'Slater exchange' belongs to the 'LDA' family and is defined in the reference(s):
(0): P. A. M. Dirac.,  Math. Proc. Cambridge Philos. Soc. 26, 376 (1930)
(1): F. Bloch.,  Z. Phys. 57, 545 (1929)
The density functional 'Becke 88' belongs to the 'GGA' family and is defined in the reference(s):
(0): A. D. Becke.,  Phys. Rev. A 38, 3098 (1988)
The density functional 'Vosko, Wilk & Nusair (VWN5_RPA)' belongs to the 'LDA' family and is defined in the reference(s):
(0): S. H. Vosko, L. Wilk, and M. Nusair.,  Can. J. Phys. 58, 1200 (1980)
The density functional 'Lee, Yang & Parr' belongs to the 'GGA' family and is defined in the reference(s):
(0): C. Lee, W. Yang, and R. G. Parr.,  Phys. Rev. B 37, 785 (1988)
(1): B. Miehlich, A. Savin, H. Stoll, and H. Preuss.,  Chem. Phys. Lett. 157, 200 (1989)
<start_mo> for the frozen-core post-SCF methods 0 is smaller than the number of ecp orbitals 42. Set <start_mo> = 0
Libxc version used in REST: 7.0.0
nbas: 53, natm: 4 for standard basis sets
First valence state for the frozen-core algorithm:     0
final nbas: 271,final natm: 8
numbasis: 171, num_auxbas: 926
Molecule_name: pbr3
Restricted Hartree-Fock (or Kohn-Sham) algorithm is invoked.
Nuc_energy:      96.23040328 Hartree
No ghost effective potential
No ghost point charges
Overlap matrix is nonsigular:
  Lowest eigenvalue:       0.00451614 with the total number of basis functions:    171
Grid size: 81592

=======================
Generating SAD for atom: P
=======================
SAD generation for P complete.

=======================
Generating SAD for atom: Br
=======================
SAD generation for Br complete.
Initial guess energy using single atom density (SAD):    -381.9716469327742630
The total energy:      -381.7603729643 Ha by the initial guess
Energy:    -381.7184714364 Ha after    1 iterations (in       0.38 seconds).
SCF Change: DM 4.64520e-3; eev 8.64156e-1 Ha; etot 1.39184e-1 Ha
Energy:    -381.5792876591 Ha after    2 iterations (in       0.23 seconds).
SCF Change: DM 2.59694e-4; eev 7.64674e-2 Ha; etot -2.00549e-1 Ha
Energy:    -381.7798369664 Ha after    3 iterations (in       0.25 seconds).
SCF Change: DM 7.67841e-5; eev 2.39054e-2 Ha; etot -1.95995e-4 Ha
Energy:    -381.7800329611 Ha after    4 iterations (in       0.50 seconds).
SCF Change: DM 1.70542e-5; eev 1.76641e-3 Ha; etot -3.18911e-5 Ha
Energy:    -381.7800648522 Ha after    5 iterations (in       0.20 seconds).
SCF Change: DM 2.64203e-6; eev 3.19738e-4 Ha; etot -1.75475e-6 Ha
Energy:    -381.7800666069 Ha after    6 iterations (in       0.17 seconds).
SCF Change: DM 9.42276e-7; eev 1.12953e-4 Ha; etot -7.80166e-8 Ha
Energy:    -381.7800666849 Ha after    7 iterations (in       0.17 seconds).
SCF Change: DM 8.86224e-8; eev 1.46175e-5 Ha; etot -3.36115e-9 Ha
Energy:    -381.7800666883 Ha after    8 iterations (in       0.14 seconds).
SCF Change: DM 2.00051e-8; eev 3.67265e-6 Ha; etot -2.17142e-11 Ha
Energy:    -381.7800666883 Ha after    9 iterations (in       0.24 seconds).
SCF Change: DM 2.86183e-9; eev 5.43738e-7 Ha; etot -1.25056e-12 Ha
Energy:    -381.7800666883 Ha after   10 iterations (in       0.20 seconds).
SCF Change: DM 4.70034e-10; eev 8.99268e-8 Ha; etot -6.76437e-12 Ha
Energy:    -381.7800666883 Ha after   11 iterations (in       0.17 seconds).
SCF Change: DM 1.92525e-10; eev 1.83565e-8 Ha; etot -1.64846e-12 Ha
Energy:    -381.7800666883 Ha after   12 iterations (in       0.17 seconds).
SCF Change: DM 4.51120e-11; eev 1.68970e-8 Ha; etot 1.70530e-12 Ha
Energy:    -381.7800666883 Ha after   13 iterations (in       0.24 seconds).
SCF Change: DM 1.09825e-11; eev 3.53622e-9 Ha; etot 2.72848e-12 Ha
Energy:    -381.7800666883 Ha after   14 iterations (in       0.16 seconds).
SCF is converged after   14 iterations.
==========================================
Now evaluate the    PT2 correlation energy
==========================================
----------------------------------------------------------------------
Methods         :       Total Corr,          OS Corr,          SS Corr
----------------------------------------------------------------------
PT2             :      -1.10182553,      -0.80685156,      -0.29497396
----------------------------------------------------------------------
Fifth-rung correlation energy :      -0.352110021293 Ha
E[XYGJOS]=:    -381.27113431 Ha, Ex[HF]:     -29.68503404 Ha, Ec[PT2  ]:      -1.10182553 Ha
Mulliken population analysis:
  0-P  :   0.932555
  1-Br :  -0.310856
  2-Br :  -0.310849
  3-Br :  -0.310849

====================================================
              REST: Mission accomplished
====================================================
The SCF energy        :    -381.7800666883 Ha
The (R)-xDH energy    :    -381.2711343091 Ha
Detailed time report:
SCF       |:    6.688 s for the scf procedure
PT2       |:    0.327 s for the PT2 evaluation
Overall   |:    7.035 s for the whole job
