=========================================================
Input parameters for the REST calculation
=========================================================
Calculation type: Single-point energy
The exchange-correlation method: xygjos
Print level:                1
The number of threads used for parallelism:      8
The spheric-GTO basis set is taken from /home/symei/TZVPP-28-o-all
The pruning method is nwchem
The radial grid generation method is treutler
ERI Type: ri_v
Turn on the basis pair symmetry for RI 3D-tensors
The spheric-GTO auxiliary basis set is taken from /home/symei/def2-SV(P)-JKFIT
Spin polarization: On
Charge:   0; Spin:   2
min_num_angular_points: 110
max_num_angular_points: 590
hardness: 3
Grid generation level: 3
Even tempered basis generation: false
SCF convergency thresholds: 1e-8 for density matrix
                            1e-8 Ha. for sum of eigenvalues
                            1e-8 Ha. for total energy
Max. SCF cycle number:      250
The diis mixing with (param, max_vec_len) = (0.2, 8) is employed for the SCF procedure
Turn on the diis mixing after 1 step(s) of SCF iteractions with the linear mixing
The specified checkfile exists but is not loaded because the keyword 'external_init_guess' is specified
It will be updated after the SCF procedure 
(none)
Initial guess is prepared by (sad).
It is a finite cluster calculation
the scf functional for 'xygjos' contains
The density functional 'B3LYP' belongs to the 'Hybrid GGA' family and is defined in the reference(s):
(0): P. J. Stephens, F. J. Devlin, C. F. Chabalowski, and M. J. Frisch.,  J. Phys. Chem. 98, 11623 (1994)
the post-scf functional 'xygjos' is employed, which contains
The density functional 'Slater exchange' belongs to the 'LDA' family and is defined in the reference(s):
(0): P. A. M. Dirac.,  Math. Proc. Cambridge Philos. Soc. 26, 376 (1930)
(1): F. Bloch.,  Z. Phys. 57, 545 (1929)
The density functional 'Becke 88' belongs to the 'GGA' family and is defined in the reference(s):
(0): A. D. Becke.,  Phys. Rev. A 38, 3098 (1988)
The density functional 'Vosko, Wilk & Nusair (VWN5_RPA)' belongs to the 'LDA' family and is defined in the reference(s):
(0): S. H. Vosko, L. Wilk, and M. Nusair.,  Can. J. Phys. 58, 1200 (1980)
The density functional 'Lee, Yang & Parr' belongs to the 'GGA' family and is defined in the reference(s):
(0): C. Lee, W. Yang, and R. G. Parr.,  Phys. Rev. B 37, 785 (1988)
(1): B. Miehlich, A. Savin, H. Stoll, and H. Preuss.,  Chem. Phys. Lett. 157, 200 (1989)
<start_mo> for the frozen-core post-SCF methods 5 is larger than the number of ecp orbitals 5. Take the <start_mo> -= ecp_orbitals
Libxc version used in REST: 7.0.0
nbas: 16, natm: 1 for standard basis sets
First valence state for the frozen-core algorithm:     0
final nbas: 76,final natm: 2
numbasis: 48, num_auxbas: 266
Molecule_name: br
Unrestricted Hartree-Fock (or Kohn-Sham) algorithm is invoked.
Nuc_energy:       0.00000000 Hartree
No ghost effective potential
No ghost point charges
Overlap matrix is nonsigular:
  Lowest eigenvalue:       0.02573177 with the total number of basis functions:     48
Grid size: 20904
Generate SAD of Br
Initial guess HF energy:    -459.8775682728334004
The total energy:      -459.9597028932 Ha by the initial guess
Energy:    -459.8511983240 Ha with <S^2> =  0.751 and <2S+1> =  2.001 after    1 iterations (in       0.03 seconds).
SCF Change: DM (1.03843e-2,1.01584e-2); eev  2.94794e0 Ha; etot 6.38298e-1 Ha
Energy:    -459.2129008215 Ha with <S^2> =  0.751 and <2S+1> =  2.001 after    2 iterations (in       0.03 seconds).
SCF Change: DM (7.48897e-4,7.93254e-4); eev 1.54683e-1 Ha; etot -7.66375e-1 Ha
Energy:    -459.9792754853 Ha with <S^2> =  0.751 and <2S+1> =  2.001 after    3 iterations (in       0.03 seconds).
SCF Change: DM (1.04521e-4,7.56323e-5); eev 1.80780e-2 Ha; etot -1.87566e-3 Ha
Energy:    -459.9811511479 Ha with <S^2> =  0.751 and <2S+1> =  2.001 after    4 iterations (in       0.03 seconds).
SCF Change: DM (1.87680e-5,7.36075e-6); eev 2.69638e-3 Ha; etot -5.34427e-5 Ha
Energy:    -459.9812045906 Ha with <S^2> =  0.751 and <2S+1> =  2.001 after    5 iterations (in       0.03 seconds).
SCF Change: DM (2.49721e-6,5.36220e-6); eev 2.79836e-4 Ha; etot -5.81233e-7 Ha
Energy:    -459.9812051718 Ha with <S^2> =  0.751 and <2S+1> =  2.001 after    6 iterations (in       0.03 seconds).
SCF Change: DM (2.34240e-7,2.22109e-6); eev 5.19756e-5 Ha; etot -2.34206e-8 Ha
Energy:    -459.9812051952 Ha with <S^2> =  0.751 and <2S+1> =  2.001 after    7 iterations (in       0.03 seconds).
SCF Change: DM (1.79378e-7,2.47441e-6); eev 7.66112e-6 Ha; etot -4.98807e-9 Ha
Energy:    -459.9812052002 Ha with <S^2> =  0.751 and <2S+1> =  2.001 after    8 iterations (in       0.03 seconds).
SCF Change: DM (4.56610e-7,6.76694e-6); eev 3.79149e-6 Ha; etot -5.43253e-9 Ha
Energy:    -459.9812052056 Ha with <S^2> =  0.751 and <2S+1> =  2.001 after    9 iterations (in       0.03 seconds).
SCF Change: DM (6.31702e-6,9.35780e-5); eev 5.32243e-5 Ha; etot -1.48345e-8 Ha
Energy:    -459.9812052205 Ha with <S^2> =  0.751 and <2S+1> =  2.001 after   10 iterations (in       0.03 seconds).
SCF Change: DM (2.03867e-6,3.00975e-5); eev 1.95324e-5 Ha; etot -2.03129e-7 Ha
Energy:    -459.9812054236 Ha with <S^2> =  0.751 and <2S+1> =  2.001 after   11 iterations (in       0.03 seconds).
SCF Change: DM (4.45523e-6,6.55247e-5); eev 4.46550e-5 Ha; etot -6.45429e-8 Ha
Energy:    -459.9812054882 Ha with <S^2> =  0.751 and <2S+1> =  2.001 after   12 iterations (in       0.03 seconds).
SCF Change: DM (2.61313e-7,3.78370e-6); eev 8.26079e-6 Ha; etot -1.39283e-7 Ha
Energy:    -459.9812056274 Ha with <S^2> =  0.751 and <2S+1> =  2.001 after   13 iterations (in       0.03 seconds).
SCF Change: DM (1.19676e-6,1.77281e-5); eev 3.75451e-5 Ha; etot -7.59860e-9 Ha
Energy:    -459.9812056350 Ha with <S^2> =  0.751 and <2S+1> =  2.001 after   14 iterations (in       0.03 seconds).
SCF Change: DM (1.98798e-5,2.99488e-4); eev 9.38390e-5 Ha; etot 3.69863e-8 Ha
Energy:    -459.9812055980 Ha with <S^2> =  0.751 and <2S+1> =  2.001 after   15 iterations (in       0.03 seconds).
SCF Change: DM (5.33472e-5,7.99328e-4); eev 6.80807e-4 Ha; etot -5.91000e-7 Ha
Energy:    -459.9812061890 Ha with <S^2> =  0.751 and <2S+1> =  2.001 after   16 iterations (in       0.03 seconds).
SCF Change: DM (3.26713e-6,4.81860e-5); eev 1.13628e-4 Ha; etot -1.15214e-6 Ha
Energy:    -459.9812073412 Ha with <S^2> =  0.751 and <2S+1> =  2.001 after   17 iterations (in       0.03 seconds).
SCF Change: DM (3.43431e-5,5.11192e-4); eev 1.58990e-4 Ha; etot -3.63823e-8 Ha
Energy:    -459.9812073776 Ha with <S^2> =  0.751 and <2S+1> =  2.001 after   18 iterations (in       0.03 seconds).
SCF Change: DM (2.75167e-5,4.03612e-4); eev 9.44777e-4 Ha; etot -3.56704e-7 Ha
Energy:    -459.9812077343 Ha with <S^2> =  0.751 and <2S+1> =  2.001 after   19 iterations (in       0.03 seconds).
SCF Change: DM (7.94173e-6,1.05278e-4); eev 7.02191e-4 Ha; etot 1.55735e-7 Ha
Energy:    -459.9812075785 Ha with <S^2> =  0.751 and <2S+1> =  2.001 after   20 iterations (in       0.03 seconds).
SCF Change: DM (4.42015e-6,4.03356e-5); eev 6.46723e-4 Ha; etot -1.87893e-7 Ha
Energy:    -459.9812077664 Ha with <S^2> =  0.751 and <2S+1> =  2.001 after   21 iterations (in       0.03 seconds).
SCF Change: DM (5.08766e-6,7.07656e-5); eev 3.89442e-4 Ha; etot -9.77658e-8 Ha
Energy:    -459.9812078642 Ha with <S^2> =  0.751 and <2S+1> =  2.001 after   22 iterations (in       0.03 seconds).
SCF Change: DM (3.03363e-6,4.32938e-5); eev 8.73853e-5 Ha; etot -1.47709e-8 Ha
Energy:    -459.9812078790 Ha with <S^2> =  0.751 and <2S+1> =  2.001 after   23 iterations (in       0.03 seconds).
SCF Change: DM (2.41689e-6,1.38958e-5); eev 3.25297e-4 Ha; etot -4.03406e-9 Ha
Energy:    -459.9812078830 Ha with <S^2> =  0.751 and <2S+1> =  2.001 after   24 iterations (in       0.03 seconds).
SCF Change: DM (4.40171e-6,6.35021e-5); eev 1.15432e-4 Ha; etot -9.22341e-9 Ha
Energy:    -459.9812078922 Ha with <S^2> =  0.751 and <2S+1> =  2.001 after   25 iterations (in       0.03 seconds).
SCF Change: DM (9.73083e-7,1.13347e-5); eev 6.76278e-5 Ha; etot -6.56405e-9 Ha
Energy:    -459.9812078988 Ha with <S^2> =  0.751 and <2S+1> =  2.001 after   26 iterations (in       0.03 seconds).
SCF Change: DM (5.73976e-7,8.72173e-6); eev 1.12490e-5 Ha; etot -1.50840e-9 Ha
Energy:    -459.9812079003 Ha with <S^2> =  0.751 and <2S+1> =  2.001 after   27 iterations (in       0.03 seconds).
Energy increase is detected. Turn on the linear mixing algorithm with (H[DIIS, i-1] + H[DIIS, i+1]).
Prev_Energies: (   -459.98120790,    -459.98120790)
Energy increase is detected. Turn on the linear mixing algorithm with (H[DIIS, i-1] + H[DIIS, i+1]).
Prev_Energies: (   -459.98120790,    -459.98120790)
SCF Change: DM (4.74194e-7,7.20905e-6); eev 9.21780e-6 Ha; etot 3.32761e-10 Ha
Energy:    -459.9812079000 Ha with <S^2> =  0.751 and <2S+1> =  2.001 after   28 iterations (in       0.03 seconds).
SCF Change: DM (4.94580e-7,6.96414e-6); eev 4.90513e-6 Ha; etot -2.91607e-10 Ha
Energy:    -459.9812079003 Ha with <S^2> =  0.751 and <2S+1> =  2.001 after   29 iterations (in       0.04 seconds).
SCF Change: DM (7.65569e-7,1.09034e-5); eev 7.99742e-7 Ha; etot -4.79702e-10 Ha
Energy:    -459.9812079007 Ha with <S^2> =  0.751 and <2S+1> =  2.001 after   30 iterations (in       0.03 seconds).
SCF Change: DM (4.83491e-8,7.49388e-7); eev 6.41189e-7 Ha; etot -6.09873e-10 Ha
Energy:    -459.9812079013 Ha with <S^2> =  0.751 and <2S+1> =  2.001 after   31 iterations (in       0.03 seconds).
Energy increase is detected. Turn on the linear mixing algorithm with (H[DIIS, i-1] + H[DIIS, i+1]).
Prev_Energies: (   -459.98120790,    -459.98120790)
Energy increase is detected. Turn on the linear mixing algorithm with (H[DIIS, i-1] + H[DIIS, i+1]).
Prev_Energies: (   -459.98120790,    -459.98120790)
SCF Change: DM (5.17307e-8,8.39696e-7); eev 2.44338e-7 Ha; etot 5.04770e-11 Ha
Energy:    -459.9812079013 Ha with <S^2> =  0.751 and <2S+1> =  2.001 after   32 iterations (in       0.03 seconds).
SCF Change: DM (2.57598e-7,3.85011e-6); eev 1.38598e-6 Ha; etot -4.43379e-12 Ha
Energy:    -459.9812079013 Ha with <S^2> =  0.751 and <2S+1> =  2.001 after   33 iterations (in       0.03 seconds).
SCF Change: DM (1.20982e-7,1.11824e-6); eev 3.91456e-7 Ha; etot -1.12493e-10 Ha
Energy:    -459.9812079014 Ha with <S^2> =  0.751 and <2S+1> =  2.001 after   34 iterations (in       0.03 seconds).
Energy increase is detected. Turn on the linear mixing algorithm with (H[DIIS, i-1] + H[DIIS, i+1]).
Prev_Energies: (   -459.98120790,    -459.98120790)
Energy increase is detected. Turn on the linear mixing algorithm with (H[DIIS, i-1] + H[DIIS, i+1]).
Prev_Energies: (   -459.98120790,    -459.98120790)
SCF Change: DM (2.73114e-7,1.60867e-6); eev 2.96874e-7 Ha; etot 1.73884e-10 Ha
Energy:    -459.9812079012 Ha with <S^2> =  0.751 and <2S+1> =  2.001 after   35 iterations (in       0.03 seconds).
SCF Change: DM (1.12839e-5,6.41075e-5); eev 5.49435e-6 Ha; etot -4.88228e-10 Ha
Energy:    -459.9812079017 Ha with <S^2> =  0.751 and <2S+1> =  2.001 after   36 iterations (in       0.03 seconds).
SCF Change: DM (3.16164e-7,3.49743e-6); eev 2.84728e-6 Ha; etot -2.04166e-8 Ha
Energy:    -459.9812079221 Ha with <S^2> =  0.751 and <2S+1> =  2.001 after   37 iterations (in       0.03 seconds).
Energy increase is detected. Turn on the linear mixing algorithm with (H[DIIS, i-1] + H[DIIS, i+1]).
Prev_Energies: (   -459.98120792,    -459.98120792)
Energy increase is detected. Turn on the linear mixing algorithm with (H[DIIS, i-1] + H[DIIS, i+1]).
Prev_Energies: (   -459.98120792,    -459.98120792)
SCF Change: DM (6.33394e-6,3.59950e-5); eev 4.55743e-6 Ha; etot 3.40947e-10 Ha
Energy:    -459.9812079218 Ha with <S^2> =  0.751 and <2S+1> =  2.001 after   38 iterations (in       0.03 seconds).
SCF Change: DM (3.00886e-5,1.70930e-4); eev 5.71066e-5 Ha; etot -1.12213e-8 Ha
Energy:    -459.9812079330 Ha with <S^2> =  0.751 and <2S+1> =  2.001 after   39 iterations (in       0.03 seconds).
SCF Change: DM (1.10402e-4,6.26791e-4); eev 6.63778e-4 Ha; etot -5.12313e-8 Ha
Energy:    -459.9812079843 Ha with <S^2> =  0.751 and <2S+1> =  2.001 after   40 iterations (in       0.03 seconds).
SCF Change: DM (2.08351e-5,1.17655e-4); eev 1.91182e-4 Ha; etot -1.20941e-7 Ha
Energy:    -459.9812081052 Ha with <S^2> =  0.751 and <2S+1> =  2.001 after   41 iterations (in       0.03 seconds).
SCF Change: DM (3.46813e-5,1.94819e-4); eev 3.43702e-4 Ha; etot -1.70530e-9 Ha
Energy:    -459.9812081069 Ha with <S^2> =  0.751 and <2S+1> =  2.001 after   42 iterations (in       0.03 seconds).
Energy increase is detected. Turn on the linear mixing algorithm with (H[DIIS, i-1] + H[DIIS, i+1]).
Prev_Energies: (   -459.98120811,    -459.98120810)
Energy increase is detected. Turn on the linear mixing algorithm with (H[DIIS, i-1] + H[DIIS, i+1]).
Prev_Energies: (   -459.98120811,    -459.98120810)
SCF Change: DM (2.70195e-5,1.51795e-4); eev 2.60597e-4 Ha; etot 5.80991e-9 Ha
Energy:    -459.9812081011 Ha with <S^2> =  0.751 and <2S+1> =  2.001 after   43 iterations (in       0.03 seconds).
SCF Change: DM (7.35068e-5,4.09105e-4); eev 9.34859e-4 Ha; etot -7.03500e-9 Ha
Energy:    -459.9812081081 Ha with <S^2> =  0.751 and <2S+1> =  2.001 after   44 iterations (in       0.03 seconds).
Energy increase is detected. Turn on the linear mixing algorithm with (H[DIIS, i-1] + H[DIIS, i+1]).
Prev_Energies: (   -459.98120811,    -459.98120802)
Energy increase is detected. Turn on the linear mixing algorithm with (H[DIIS, i-1] + H[DIIS, i+1]).
Prev_Energies: (   -459.98120811,    -459.98120802)
SCF Change: DM (6.61915e-5,3.68185e-4); eev 8.46381e-4 Ha; etot 8.60133e-8 Ha
Energy:    -459.9812080221 Ha with <S^2> =  0.751 and <2S+1> =  2.001 after   45 iterations (in       0.03 seconds).
SCF Change: DM (1.94764e-5,1.09373e-4); eev 1.56660e-4 Ha; etot -8.52821e-8 Ha
Energy:    -459.9812081074 Ha with <S^2> =  0.751 and <2S+1> =  2.001 after   46 iterations (in       0.03 seconds).
Energy increase is detected. Turn on the linear mixing algorithm with (H[DIIS, i-1] + H[DIIS, i+1]).
Prev_Energies: (   -459.98120811,    -459.98120810)
Energy increase is detected. Turn on the linear mixing algorithm with (H[DIIS, i-1] + H[DIIS, i+1]).
Prev_Energies: (   -459.98120811,    -459.98120810)
SCF Change: DM (8.79663e-6,4.97696e-5); eev 1.23215e-4 Ha; etot 3.32295e-9 Ha
Energy:    -459.9812081041 Ha with <S^2> =  0.751 and <2S+1> =  2.001 after   47 iterations (in       0.03 seconds).
Energy increase is detected. Turn on the linear mixing algorithm with (H[DIIS, i-1] + H[DIIS, i+1]).
Prev_Energies: (   -459.98120810,    -459.98120810)
Energy increase is detected. Turn on the linear mixing algorithm with (H[DIIS, i-1] + H[DIIS, i+1]).
Prev_Energies: (   -459.98120810,    -459.98120810)
SCF Change: DM (1.01186e-5,5.70763e-5); eev 5.85844e-5 Ha; etot 1.28750e-10 Ha
Energy:    -459.9812081039 Ha with <S^2> =  0.751 and <2S+1> =  2.001 after   48 iterations (in       0.03 seconds).
Energy increase is detected. Turn on the linear mixing algorithm with (H[DIIS, i-1] + H[DIIS, i+1]).
Prev_Energies: (   -459.98120810,    -459.98120810)
Energy increase is detected. Turn on the linear mixing algorithm with (H[DIIS, i-1] + H[DIIS, i+1]).
Prev_Energies: (   -459.98120810,    -459.98120810)
SCF Change: DM (7.12719e-6,4.03549e-5); eev 9.42284e-5 Ha; etot 6.95599e-9 Ha
Energy:    -459.9812080970 Ha with <S^2> =  0.751 and <2S+1> =  2.001 after   49 iterations (in       0.03 seconds).
Energy increase is detected. Turn on the linear mixing algorithm with (H[DIIS, i-1] + H[DIIS, i+1]).
Prev_Energies: (   -459.98120810,    -459.98120809)
Energy increase is detected. Turn on the linear mixing algorithm with (H[DIIS, i-1] + H[DIIS, i+1]).
Prev_Energies: (   -459.98120810,    -459.98120809)
SCF Change: DM (7.75439e-6,4.38086e-5); eev 4.29484e-5 Ha; etot 2.95239e-9 Ha
Energy:    -459.9812080940 Ha with <S^2> =  0.751 and <2S+1> =  2.001 after   50 iterations (in       0.03 seconds).
Energy increase is detected. Turn on the linear mixing algorithm with (H[DIIS, i-1] + H[DIIS, i+1]).
Prev_Energies: (   -459.98120809,    -459.98120809)
Energy increase is detected. Turn on the linear mixing algorithm with (H[DIIS, i-1] + H[DIIS, i+1]).
Prev_Energies: (   -459.98120809,    -459.98120809)
SCF Change: DM (4.50943e-6,2.54278e-5); eev 7.98637e-5 Ha; etot 6.96286e-9 Ha
Energy:    -459.9812080871 Ha with <S^2> =  0.751 and <2S+1> =  2.001 after   51 iterations (in       0.03 seconds).
Energy increase is detected. Turn on the linear mixing algorithm with (H[DIIS, i-1] + H[DIIS, i+1]).
Prev_Energies: (   -459.98120809,    -459.98120809)
Energy increase is detected. Turn on the linear mixing algorithm with (H[DIIS, i-1] + H[DIIS, i+1]).
Prev_Energies: (   -459.98120809,    -459.98120809)
SCF Change: DM (7.54977e-6,4.35250e-5); eev 3.06154e-5 Ha; etot 1.93546e-9 Ha
Energy:    -459.9812080851 Ha with <S^2> =  0.751 and <2S+1> =  2.001 after   52 iterations (in       0.03 seconds).
SCF Change: DM (6.29694e-5,3.59314e-4); eev 1.65347e-4 Ha; etot -1.16673e-8 Ha
Energy:    -459.9812080968 Ha with <S^2> =  0.751 and <2S+1> =  2.001 after   53 iterations (in       0.03 seconds).
SCF Change: DM (2.49076e-6,1.41854e-5); eev 1.01760e-5 Ha; etot -8.07820e-8 Ha
Energy:    -459.9812081776 Ha with <S^2> =  0.751 and <2S+1> =  2.001 after   54 iterations (in       0.03 seconds).
Energy increase is detected. Turn on the linear mixing algorithm with (H[DIIS, i-1] + H[DIIS, i+1]).
Prev_Energies: (   -459.98120818,    -459.98120817)
Energy increase is detected. Turn on the linear mixing algorithm with (H[DIIS, i-1] + H[DIIS, i+1]).
Prev_Energies: (   -459.98120818,    -459.98120817)
SCF Change: DM (1.53933e-5,8.72697e-5); eev 3.05353e-5 Ha; etot 3.14304e-9 Ha
Energy:    -459.9812081744 Ha with <S^2> =  0.751 and <2S+1> =  2.001 after   55 iterations (in       0.03 seconds).
SCF Change: DM (4.32155e-5,2.45585e-4); eev 2.30421e-4 Ha; etot -1.57577e-8 Ha
Energy:    -459.9812081902 Ha with <S^2> =  0.751 and <2S+1> =  2.001 after   56 iterations (in       0.03 seconds).
Energy increase is detected. Turn on the linear mixing algorithm with (H[DIIS, i-1] + H[DIIS, i+1]).
Prev_Energies: (   -459.98120819,    -459.98120815)
Energy increase is detected. Turn on the linear mixing algorithm with (H[DIIS, i-1] + H[DIIS, i+1]).
Prev_Energies: (   -459.98120819,    -459.98120815)
SCF Change: DM (4.15431e-5,2.36068e-4); eev 2.04859e-4 Ha; etot 4.40168e-8 Ha
Energy:    -459.9812081462 Ha with <S^2> =  0.751 and <2S+1> =  2.001 after   57 iterations (in       0.03 seconds).
SCF Change: DM (1.55203e-5,8.80102e-5); eev 1.01110e-4 Ha; etot -4.32800e-8 Ha
Energy:    -459.9812081895 Ha with <S^2> =  0.751 and <2S+1> =  2.001 after   58 iterations (in       0.03 seconds).
SCF Change: DM (5.99290e-6,3.42987e-5); eev 5.30130e-5 Ha; etot -1.86797e-8 Ha
Energy:    -459.9812082081 Ha with <S^2> =  0.751 and <2S+1> =  2.001 after   59 iterations (in       0.03 seconds).
SCF Change: DM (5.21003e-6,2.95861e-5); eev 6.12409e-6 Ha; etot -6.34907e-9 Ha
Energy:    -459.9812082145 Ha with <S^2> =  0.751 and <2S+1> =  2.001 after   60 iterations (in       0.03 seconds).
SCF Change: DM (9.00926e-6,5.13047e-5); eev 3.14214e-5 Ha; etot -5.13177e-9 Ha
Energy:    -459.9812082196 Ha with <S^2> =  0.751 and <2S+1> =  2.001 after   61 iterations (in       0.03 seconds).
Energy increase is detected. Turn on the linear mixing algorithm with (H[DIIS, i-1] + H[DIIS, i+1]).
Prev_Energies: (   -459.98120822,    -459.98120821)
Energy increase is detected. Turn on the linear mixing algorithm with (H[DIIS, i-1] + H[DIIS, i+1]).
Prev_Energies: (   -459.98120822,    -459.98120821)
SCF Change: DM (7.75814e-6,4.42006e-5); eev 3.17184e-5 Ha; etot 8.71620e-9 Ha
Energy:    -459.9812082109 Ha with <S^2> =  0.751 and <2S+1> =  2.001 after   62 iterations (in       0.03 seconds).
SCF Change: DM (9.59410e-6,5.44483e-5); eev 2.10503e-5 Ha; etot -7.51550e-9 Ha
Energy:    -459.9812082184 Ha with <S^2> =  0.751 and <2S+1> =  2.001 after   63 iterations (in       0.03 seconds).
SCF Change: DM (6.06250e-5,3.44445e-4); eev 3.25317e-5 Ha; etot -9.03697e-9 Ha
Energy:    -459.9812082275 Ha with <S^2> =  0.751 and <2S+1> =  2.001 after   64 iterations (in       0.03 seconds).
SCF Change: DM (1.24002e-5,7.03531e-5); eev 1.06645e-4 Ha; etot -5.01460e-8 Ha
Energy:    -459.9812082776 Ha with <S^2> =  0.751 and <2S+1> =  2.001 after   65 iterations (in       0.03 seconds).
SCF Change: DM (5.26383e-5,2.97209e-4); eev 3.64784e-4 Ha; etot -7.19365e-9 Ha
Energy:    -459.9812082848 Ha with <S^2> =  0.751 and <2S+1> =  2.001 after   66 iterations (in       0.03 seconds).
SCF Change: DM (1.59390e-5,9.05242e-5); eev 2.93782e-5 Ha; etot -1.46068e-8 Ha
Energy:    -459.9812082994 Ha with <S^2> =  0.751 and <2S+1> =  2.001 after   67 iterations (in       0.03 seconds).
SCF Change: DM (5.53071e-6,3.10151e-5); eev 9.67745e-5 Ha; etot -1.07912e-8 Ha
Energy:    -459.9812083102 Ha with <S^2> =  0.751 and <2S+1> =  2.001 after   68 iterations (in       0.03 seconds).
Energy increase is detected. Turn on the linear mixing algorithm with (H[DIIS, i-1] + H[DIIS, i+1]).
Prev_Energies: (   -459.98120831,    -459.98120830)
Energy increase is detected. Turn on the linear mixing algorithm with (H[DIIS, i-1] + H[DIIS, i+1]).
Prev_Energies: (   -459.98120831,    -459.98120830)
SCF Change: DM (4.19330e-5,2.36411e-4); eev 3.43944e-4 Ha; etot 5.88568e-9 Ha
Energy:    -459.9812083043 Ha with <S^2> =  0.751 and <2S+1> =  2.001 after   69 iterations (in       0.03 seconds).
Energy increase is detected. Turn on the linear mixing algorithm with (H[DIIS, i-1] + H[DIIS, i+1]).
Prev_Energies: (   -459.98120830,    -459.98120830)
Energy increase is detected. Turn on the linear mixing algorithm with (H[DIIS, i-1] + H[DIIS, i+1]).
Prev_Energies: (   -459.98120830,    -459.98120830)
SCF Change: DM (7.50152e-6,4.22507e-5); eev 9.25524e-5 Ha; etot 1.44865e-9 Ha
Energy:    -459.9812083029 Ha with <S^2> =  0.751 and <2S+1> =  2.001 after   70 iterations (in       0.03 seconds).
SCF Change: DM (1.06838e-4,6.05631e-4); eev 4.10604e-4 Ha; etot -2.55795e-12 Ha
Energy:    -459.9812083029 Ha with <S^2> =  0.751 and <2S+1> =  2.001 after   71 iterations (in       0.03 seconds).
Energy increase is detected. Turn on the linear mixing algorithm with (H[DIIS, i-1] + H[DIIS, i+1]).
Prev_Energies: (   -459.98120830,    -459.98120823)
Energy increase is detected. Turn on the linear mixing algorithm with (H[DIIS, i-1] + H[DIIS, i+1]).
Prev_Energies: (   -459.98120830,    -459.98120823)
SCF Change: DM (9.54677e-5,5.41503e-4); eev 3.18989e-4 Ha; etot 7.05650e-8 Ha
Energy:    -459.9812082323 Ha with <S^2> =  0.751 and <2S+1> =  2.001 after   72 iterations (in       0.03 seconds).
SCF Change: DM (5.56222e-6,3.03659e-5); eev 2.00080e-4 Ha; etot -6.76957e-8 Ha
Energy:    -459.9812083000 Ha with <S^2> =  0.751 and <2S+1> =  2.001 after   73 iterations (in       0.03 seconds).
SCF Change: DM (7.91551e-5,4.47200e-4); eev 4.91209e-4 Ha; etot -1.21071e-9 Ha
Energy:    -459.9812083012 Ha with <S^2> =  0.751 and <2S+1> =  2.001 after   74 iterations (in       0.03 seconds).
SCF Change: DM (2.54167e-6,1.27395e-5); eev 1.92073e-4 Ha; etot -1.85995e-8 Ha
Energy:    -459.9812083198 Ha with <S^2> =  0.751 and <2S+1> =  2.001 after   75 iterations (in       0.03 seconds).
SCF Change: DM (6.92790e-5,3.91667e-4); eev 4.63295e-4 Ha; etot -1.17486e-8 Ha
Energy:    -459.9812083316 Ha with <S^2> =  0.751 and <2S+1> =  2.001 after   76 iterations (in       0.03 seconds).
Energy increase is detected. Turn on the linear mixing algorithm with (H[DIIS, i-1] + H[DIIS, i+1]).
Prev_Energies: (   -459.98120833,    -459.98120831)
Energy increase is detected. Turn on the linear mixing algorithm with (H[DIIS, i-1] + H[DIIS, i+1]).
Prev_Energies: (   -459.98120833,    -459.98120831)
SCF Change: DM (8.71866e-5,4.92783e-4); eev 5.71748e-4 Ha; etot 2.51276e-8 Ha
Energy:    -459.9812083064 Ha with <S^2> =  0.751 and <2S+1> =  2.001 after   77 iterations (in       0.03 seconds).
SCF Change: DM (7.99912e-5,4.48749e-4); eev 7.39555e-4 Ha; etot -2.50701e-8 Ha
Energy:    -459.9812083315 Ha with <S^2> =  0.751 and <2S+1> =  2.001 after   78 iterations (in       0.03 seconds).
Energy increase is detected. Turn on the linear mixing algorithm with (H[DIIS, i-1] + H[DIIS, i+1]).
Prev_Energies: (   -459.98120833,    -459.98120826)
Energy increase is detected. Turn on the linear mixing algorithm with (H[DIIS, i-1] + H[DIIS, i+1]).
Prev_Energies: (   -459.98120833,    -459.98120826)
SCF Change: DM (6.41169e-5,3.59331e-4); eev 6.21649e-4 Ha; etot 6.84532e-8 Ha
Energy:    -459.9812082630 Ha with <S^2> =  0.751 and <2S+1> =  2.001 after   79 iterations (in       0.03 seconds).
SCF Change: DM (8.17933e-6,3.74769e-5); eev 6.15650e-4 Ha; etot -6.46717e-8 Ha
Energy:    -459.9812083277 Ha with <S^2> =  0.751 and <2S+1> =  2.001 after   80 iterations (in       0.03 seconds).
SCF Change: DM (9.09675e-6,5.15682e-5); eev 6.10433e-6 Ha; etot -2.44838e-8 Ha
Energy:    -459.9812083522 Ha with <S^2> =  0.751 and <2S+1> =  2.001 after   81 iterations (in       0.03 seconds).
SCF Change: DM (3.79278e-5,2.14805e-4); eev 1.30014e-4 Ha; etot -2.74326e-9 Ha
Energy:    -459.9812083549 Ha with <S^2> =  0.751 and <2S+1> =  2.001 after   82 iterations (in       0.03 seconds).
SCF Change: DM (1.96804e-6,8.69052e-6); eev 1.48485e-4 Ha; etot -7.84007e-9 Ha
Energy:    -459.9812083628 Ha with <S^2> =  0.751 and <2S+1> =  2.001 after   83 iterations (in       0.03 seconds).
SCF Change: DM (2.27794e-5,1.29202e-4); eev 8.48272e-5 Ha; etot -1.17950e-9 Ha
Energy:    -459.9812083640 Ha with <S^2> =  0.751 and <2S+1> =  2.001 after   84 iterations (in       0.03 seconds).
SCF Change: DM (2.78869e-5,1.58655e-4); eev 8.18172e-5 Ha; etot -3.46427e-9 Ha
Energy:    -459.9812083674 Ha with <S^2> =  0.751 and <2S+1> =  2.001 after   85 iterations (in       0.03 seconds).
SCF Change: DM (1.91136e-5,1.08176e-4); eev 1.18741e-4 Ha; etot -2.98019e-9 Ha
Energy:    -459.9812083704 Ha with <S^2> =  0.751 and <2S+1> =  2.001 after   86 iterations (in       0.03 seconds).
SCF Change: DM (4.39566e-7,2.34542e-6); eev 1.88138e-5 Ha; etot -9.24842e-11 Ha
Energy:    -459.9812083705 Ha with <S^2> =  0.751 and <2S+1> =  2.001 after   87 iterations (in       0.03 seconds).
Energy increase is detected. Turn on the linear mixing algorithm with (H[DIIS, i-1] + H[DIIS, i+1]).
Prev_Energies: (   -459.98120837,    -459.98120837)
Energy increase is detected. Turn on the linear mixing algorithm with (H[DIIS, i-1] + H[DIIS, i+1]).
Prev_Energies: (   -459.98120837,    -459.98120837)
SCF Change: DM (7.73112e-7,4.02062e-6); eev 4.30936e-5 Ha; etot 2.89447e-10 Ha
Energy:    -459.9812083702 Ha with <S^2> =  0.751 and <2S+1> =  2.001 after   88 iterations (in       0.03 seconds).
SCF Change: DM (3.10137e-6,1.76327e-5); eev 1.53696e-5 Ha; etot -6.20844e-10 Ha
Energy:    -459.9812083708 Ha with <S^2> =  0.751 and <2S+1> =  2.001 after   89 iterations (in       0.03 seconds).
SCF Change: DM (2.16210e-6,1.19604e-5); eev 5.58739e-5 Ha; etot -1.98554e-10 Ha
Energy:    -459.9812083710 Ha with <S^2> =  0.751 and <2S+1> =  2.001 after   90 iterations (in       0.03 seconds).
SCF Change: DM (1.28879e-7,8.11896e-7); eev 5.70266e-6 Ha; etot -2.47894e-10 Ha
Energy:    -459.9812083713 Ha with <S^2> =  0.751 and <2S+1> =  2.001 after   91 iterations (in       0.03 seconds).
Energy increase is detected. Turn on the linear mixing algorithm with (H[DIIS, i-1] + H[DIIS, i+1]).
Prev_Energies: (   -459.98120837,    -459.98120837)
Energy increase is detected. Turn on the linear mixing algorithm with (H[DIIS, i-1] + H[DIIS, i+1]).
Prev_Energies: (   -459.98120837,    -459.98120837)
SCF Change: DM (1.02416e-7,5.78959e-7); eev 5.57083e-6 Ha; etot 2.04636e-12 Ha
Energy:    -459.9812083713 Ha with <S^2> =  0.751 and <2S+1> =  2.001 after   92 iterations (in       0.03 seconds).
SCF Change: DM (1.24797e-6,7.14465e-6); eev 1.54448e-6 Ha; etot -2.78533e-12 Ha
Energy:    -459.9812083713 Ha with <S^2> =  0.751 and <2S+1> =  2.001 after   93 iterations (in       0.03 seconds).
SCF Change: DM (1.10938e-6,6.30815e-6); eev 2.06558e-7 Ha; etot -9.26548e-12 Ha
Energy:    -459.9812083713 Ha with <S^2> =  0.751 and <2S+1> =  2.001 after   94 iterations (in       0.03 seconds).
Energy increase is detected. Turn on the linear mixing algorithm with (H[DIIS, i-1] + H[DIIS, i+1]).
Prev_Energies: (   -459.98120837,    -459.98120837)
Energy increase is detected. Turn on the linear mixing algorithm with (H[DIIS, i-1] + H[DIIS, i+1]).
Prev_Energies: (   -459.98120837,    -459.98120837)
SCF Change: DM (3.10834e-7,1.76900e-6); eev 1.84065e-7 Ha; etot 1.01750e-11 Ha
Energy:    -459.9812083713 Ha with <S^2> =  0.751 and <2S+1> =  2.001 after   95 iterations (in       0.03 seconds).
SCF Change: DM (3.25303e-6,1.84890e-5); eev 2.88839e-7 Ha; etot -2.89901e-12 Ha
Energy:    -459.9812083713 Ha with <S^2> =  0.751 and <2S+1> =  2.001 after   96 iterations (in       0.03 seconds).
Energy increase is detected. Turn on the linear mixing algorithm with (H[DIIS, i-1] + H[DIIS, i+1]).
Prev_Energies: (   -459.98120837,    -459.98120837)
Energy increase is detected. Turn on the linear mixing algorithm with (H[DIIS, i-1] + H[DIIS, i+1]).
Prev_Energies: (   -459.98120837,    -459.98120837)
SCF Change: DM (2.54558e-6,1.44681e-5); eev 2.81725e-7 Ha; etot 4.63842e-11 Ha
Energy:    -459.9812083712 Ha with <S^2> =  0.751 and <2S+1> =  2.001 after   97 iterations (in       0.03 seconds).
SCF Change: DM (2.35265e-6,1.33742e-5); eev 2.55640e-6 Ha; etot -3.85398e-11 Ha
Energy:    -459.9812083713 Ha with <S^2> =  0.751 and <2S+1> =  2.001 after   98 iterations (in       0.03 seconds).
Energy increase is detected. Turn on the linear mixing algorithm with (H[DIIS, i-1] + H[DIIS, i+1]).
Prev_Energies: (   -459.98120837,    -459.98120837)
Energy increase is detected. Turn on the linear mixing algorithm with (H[DIIS, i-1] + H[DIIS, i+1]).
Prev_Energies: (   -459.98120837,    -459.98120837)
SCF Change: DM (1.85196e-6,1.05272e-5); eev 2.22381e-6 Ha; etot 3.71756e-11 Ha
Energy:    -459.9812083712 Ha with <S^2> =  0.751 and <2S+1> =  2.001 after   99 iterations (in       0.03 seconds).
SCF Change: DM (2.14188e-6,1.21742e-5); eev 1.03982e-6 Ha; etot -3.03544e-11 Ha
Energy:    -459.9812083713 Ha with <S^2> =  0.751 and <2S+1> =  2.001 after  100 iterations (in       0.03 seconds).
Energy increase is detected. Turn on the linear mixing algorithm with (H[DIIS, i-1] + H[DIIS, i+1]).
Prev_Energies: (   -459.98120837,    -459.98120837)
Energy increase is detected. Turn on the linear mixing algorithm with (H[DIIS, i-1] + H[DIIS, i+1]).
Prev_Energies: (   -459.98120837,    -459.98120837)
SCF Change: DM (1.75212e-6,9.95727e-6); eev 7.13076e-7 Ha; etot 3.58114e-11 Ha
Energy:    -459.9812083712 Ha with <S^2> =  0.751 and <2S+1> =  2.001 after  101 iterations (in       0.03 seconds).
SCF Change: DM (4.82273e-7,3.26850e-6); eev 5.62177e-6 Ha; etot -2.96723e-11 Ha
Energy:    -459.9812083713 Ha with <S^2> =  0.751 and <2S+1> =  2.001 after  102 iterations (in       0.03 seconds).
Energy increase is detected. Turn on the linear mixing algorithm with (H[DIIS, i-1] + H[DIIS, i+1]).
Prev_Energies: (   -459.98120837,    -459.98120837)
Energy increase is detected. Turn on the linear mixing algorithm with (H[DIIS, i-1] + H[DIIS, i+1]).
Prev_Energies: (   -459.98120837,    -459.98120837)
SCF Change: DM (2.62275e-7,1.94220e-6); eev 5.14283e-6 Ha; etot 3.13776e-11 Ha
Energy:    -459.9812083712 Ha with <S^2> =  0.751 and <2S+1> =  2.001 after  103 iterations (in       0.03 seconds).
SCF Change: DM (5.29194e-7,4.17737e-6); eev 1.20318e-6 Ha; etot -2.01794e-11 Ha
Energy:    -459.9812083712 Ha with <S^2> =  0.751 and <2S+1> =  2.001 after  104 iterations (in       0.03 seconds).
Energy increase is detected. Turn on the linear mixing algorithm with (H[DIIS, i-1] + H[DIIS, i+1]).
Prev_Energies: (   -459.98120837,    -459.98120837)
Energy increase is detected. Turn on the linear mixing algorithm with (H[DIIS, i-1] + H[DIIS, i+1]).
Prev_Energies: (   -459.98120837,    -459.98120837)
SCF Change: DM (4.30948e-7,3.26438e-6); eev 9.53917e-7 Ha; etot 3.60387e-11 Ha
Energy:    -459.9812083712 Ha with <S^2> =  0.751 and <2S+1> =  2.001 after  105 iterations (in       0.03 seconds).
SCF Change: DM (4.87942e-6,2.79296e-5); eev 1.64255e-7 Ha; etot -2.62048e-11 Ha
Energy:    -459.9812083712 Ha with <S^2> =  0.751 and <2S+1> =  2.001 after  106 iterations (in       0.03 seconds).
Energy increase is detected. Turn on the linear mixing algorithm with (H[DIIS, i-1] + H[DIIS, i+1]).
Prev_Energies: (   -459.98120837,    -459.98120837)
Energy increase is detected. Turn on the linear mixing algorithm with (H[DIIS, i-1] + H[DIIS, i+1]).
Prev_Energies: (   -459.98120837,    -459.98120837)
SCF Change: DM (4.21866e-6,2.41164e-5); eev 1.49972e-7 Ha; etot 2.59206e-11 Ha
Energy:    -459.9812083712 Ha with <S^2> =  0.751 and <2S+1> =  2.001 after  107 iterations (in       0.03 seconds).
SCF Change: DM (1.64600e-6,9.73944e-6); eev 1.41931e-6 Ha; etot -2.36469e-11 Ha
Energy:    -459.9812083712 Ha with <S^2> =  0.751 and <2S+1> =  2.001 after  108 iterations (in       0.03 seconds).
Energy increase is detected. Turn on the linear mixing algorithm with (H[DIIS, i-1] + H[DIIS, i+1]).
Prev_Energies: (   -459.98120837,    -459.98120837)
Energy increase is detected. Turn on the linear mixing algorithm with (H[DIIS, i-1] + H[DIIS, i+1]).
Prev_Energies: (   -459.98120837,    -459.98120837)
SCF Change: DM (8.75705e-7,5.42116e-6); eev 1.18048e-6 Ha; etot 3.01839e-11 Ha
Energy:    -459.9812083712 Ha with <S^2> =  0.751 and <2S+1> =  2.001 after  109 iterations (in       0.03 seconds).
SCF Change: DM (4.75470e-6,2.70902e-5); eev 8.82643e-7 Ha; etot -2.94449e-11 Ha
Energy:    -459.9812083712 Ha with <S^2> =  0.751 and <2S+1> =  2.001 after  110 iterations (in       0.03 seconds).
Energy increase is detected. Turn on the linear mixing algorithm with (H[DIIS, i-1] + H[DIIS, i+1]).
Prev_Energies: (   -459.98120837,    -459.98120837)
Energy increase is detected. Turn on the linear mixing algorithm with (H[DIIS, i-1] + H[DIIS, i+1]).
Prev_Energies: (   -459.98120837,    -459.98120837)
SCF Change: DM (3.64686e-6,2.07864e-5); eev 5.15243e-7 Ha; etot 2.22258e-11 Ha
Energy:    -459.9812083712 Ha with <S^2> =  0.751 and <2S+1> =  2.001 after  111 iterations (in       0.03 seconds).
SCF Change: DM (4.69707e-6,2.67081e-5); eev 3.92778e-7 Ha; etot -2.45564e-11 Ha
Energy:    -459.9812083712 Ha with <S^2> =  0.751 and <2S+1> =  2.001 after  112 iterations (in       0.03 seconds).
Energy increase is detected. Turn on the linear mixing algorithm with (H[DIIS, i-1] + H[DIIS, i+1]).
Prev_Energies: (   -459.98120837,    -459.98120837)
Energy increase is detected. Turn on the linear mixing algorithm with (H[DIIS, i-1] + H[DIIS, i+1]).
Prev_Energies: (   -459.98120837,    -459.98120837)
SCF Change: DM (3.74981e-6,2.13217e-5); eev 2.02232e-7 Ha; etot 2.16005e-11 Ha
Energy:    -459.9812083712 Ha with <S^2> =  0.751 and <2S+1> =  2.001 after  113 iterations (in       0.03 seconds).
SCF Change: DM (2.61538e-6,1.49201e-5); eev 2.69443e-7 Ha; etot -2.21689e-11 Ha
Energy:    -459.9812083712 Ha with <S^2> =  0.751 and <2S+1> =  2.001 after  114 iterations (in       0.03 seconds).
Energy increase is detected. Turn on the linear mixing algorithm with (H[DIIS, i-1] + H[DIIS, i+1]).
Prev_Energies: (   -459.98120837,    -459.98120837)
Energy increase is detected. Turn on the linear mixing algorithm with (H[DIIS, i-1] + H[DIIS, i+1]).
Prev_Energies: (   -459.98120837,    -459.98120837)
SCF Change: DM (2.21769e-6,1.26432e-5); eev 1.76658e-7 Ha; etot 2.35900e-11 Ha
Energy:    -459.9812083712 Ha with <S^2> =  0.751 and <2S+1> =  2.001 after  115 iterations (in       0.03 seconds).
SCF Change: DM (1.73237e-6,9.90897e-6); eev 2.59096e-7 Ha; etot -1.97815e-11 Ha
Energy:    -459.9812083712 Ha with <S^2> =  0.751 and <2S+1> =  2.001 after  116 iterations (in       0.03 seconds).
Energy increase is detected. Turn on the linear mixing algorithm with (H[DIIS, i-1] + H[DIIS, i+1]).
Prev_Energies: (   -459.98120837,    -459.98120837)
Energy increase is detected. Turn on the linear mixing algorithm with (H[DIIS, i-1] + H[DIIS, i+1]).
Prev_Energies: (   -459.98120837,    -459.98120837)
SCF Change: DM (1.29082e-6,7.39543e-6); eev 1.95745e-7 Ha; etot 1.95541e-11 Ha
Energy:    -459.9812083712 Ha with <S^2> =  0.751 and <2S+1> =  2.001 after  117 iterations (in       0.04 seconds).
SCF Change: DM (1.78820e-6,1.01910e-5); eev 1.95542e-7 Ha; etot -1.74509e-11 Ha
Energy:    -459.9812083712 Ha with <S^2> =  0.751 and <2S+1> =  2.001 after  118 iterations (in       0.03 seconds).
Energy increase is detected. Turn on the linear mixing algorithm with (H[DIIS, i-1] + H[DIIS, i+1]).
Prev_Energies: (   -459.98120837,    -459.98120837)
Energy increase is detected. Turn on the linear mixing algorithm with (H[DIIS, i-1] + H[DIIS, i+1]).
Prev_Energies: (   -459.98120837,    -459.98120837)
SCF Change: DM (1.44324e-6,8.22644e-6); eev 1.35921e-7 Ha; etot 1.67120e-11 Ha
Energy:    -459.9812083712 Ha with <S^2> =  0.751 and <2S+1> =  2.001 after  119 iterations (in       0.03 seconds).
SCF Change: DM (2.25386e-6,1.28051e-5); eev 2.40960e-7 Ha; etot -1.35856e-11 Ha
Energy:    -459.9812083712 Ha with <S^2> =  0.751 and <2S+1> =  2.001 after  120 iterations (in       0.03 seconds).
Energy increase is detected. Turn on the linear mixing algorithm with (H[DIIS, i-1] + H[DIIS, i+1]).
Prev_Energies: (   -459.98120837,    -459.98120837)
Energy increase is detected. Turn on the linear mixing algorithm with (H[DIIS, i-1] + H[DIIS, i+1]).
Prev_Energies: (   -459.98120837,    -459.98120837)
SCF Change: DM (1.80947e-6,1.02810e-5); eev 2.76075e-7 Ha; etot 9.32232e-12 Ha
Energy:    -459.9812083712 Ha with <S^2> =  0.751 and <2S+1> =  2.001 after  121 iterations (in       0.03 seconds).
SCF Change: DM (1.41826e-6,8.05903e-6); eev 7.56712e-8 Ha; etot -8.98126e-12 Ha
Energy:    -459.9812083712 Ha with <S^2> =  0.751 and <2S+1> =  2.001 after  122 iterations (in       0.03 seconds).
Energy increase is detected. Turn on the linear mixing algorithm with (H[DIIS, i-1] + H[DIIS, i+1]).
Prev_Energies: (   -459.98120837,    -459.98120837)
Energy increase is detected. Turn on the linear mixing algorithm with (H[DIIS, i-1] + H[DIIS, i+1]).
Prev_Energies: (   -459.98120837,    -459.98120837)
SCF Change: DM (1.16371e-6,6.61182e-6); eev 2.36228e-8 Ha; etot 7.38964e-12 Ha
Energy:    -459.9812083712 Ha with <S^2> =  0.751 and <2S+1> =  2.001 after  123 iterations (in       0.03 seconds).
SCF Change: DM (8.67847e-7,4.92978e-6); eev 6.69321e-7 Ha; etot -6.42331e-12 Ha
Energy:    -459.9812083712 Ha with <S^2> =  0.751 and <2S+1> =  2.001 after  124 iterations (in       0.03 seconds).
SCF Change: DM (2.02593e-7,1.14912e-6); eev 1.05853e-6 Ha; etot -5.91172e-12 Ha
Energy:    -459.9812083712 Ha with <S^2> =  0.751 and <2S+1> =  2.001 after  125 iterations (in       0.03 seconds).
Energy increase is detected. Turn on the linear mixing algorithm with (H[DIIS, i-1] + H[DIIS, i+1]).
Prev_Energies: (   -459.98120837,    -459.98120837)
Energy increase is detected. Turn on the linear mixing algorithm with (H[DIIS, i-1] + H[DIIS, i+1]).
Prev_Energies: (   -459.98120837,    -459.98120837)
SCF Change: DM (1.49186e-7,8.45097e-7); eev 8.30220e-7 Ha; etot 1.42109e-11 Ha
Energy:    -459.9812083712 Ha with <S^2> =  0.751 and <2S+1> =  2.001 after  126 iterations (in       0.03 seconds).
SCF Change: DM (5.88607e-7,3.35527e-6); eev 8.55187e-7 Ha; etot -1.24487e-11 Ha
Energy:    -459.9812083712 Ha with <S^2> =  0.751 and <2S+1> =  2.001 after  127 iterations (in       0.03 seconds).
Energy increase is detected. Turn on the linear mixing algorithm with (H[DIIS, i-1] + H[DIIS, i+1]).
Prev_Energies: (   -459.98120837,    -459.98120837)
Energy increase is detected. Turn on the linear mixing algorithm with (H[DIIS, i-1] + H[DIIS, i+1]).
Prev_Energies: (   -459.98120837,    -459.98120837)
SCF Change: DM (6.38244e-7,3.63184e-6); eev 7.17467e-7 Ha; etot 6.87805e-12 Ha
Energy:    -459.9812083712 Ha with <S^2> =  0.751 and <2S+1> =  2.001 after  128 iterations (in       0.03 seconds).
SCF Change: DM (1.42197e-6,8.08015e-6); eev 5.61267e-7 Ha; etot -5.62750e-12 Ha
Energy:    -459.9812083712 Ha with <S^2> =  0.751 and <2S+1> =  2.001 after  129 iterations (in       0.03 seconds).
SCF Change: DM (1.62694e-6,9.24237e-6); eev 1.63092e-7 Ha; etot -1.21645e-11 Ha
Energy:    -459.9812083712 Ha with <S^2> =  0.751 and <2S+1> =  2.001 after  130 iterations (in       0.03 seconds).
SCF Change: DM (4.03508e-7,2.29254e-6); eev 1.63333e-7 Ha; etot -2.93880e-11 Ha
Energy:    -459.9812083713 Ha with <S^2> =  0.751 and <2S+1> =  2.001 after  131 iterations (in       0.03 seconds).
SCF Change: DM (6.61585e-6,3.75789e-5); eev 1.70118e-6 Ha; etot -1.68257e-11 Ha
Energy:    -459.9812083713 Ha with <S^2> =  0.751 and <2S+1> =  2.001 after  132 iterations (in       0.03 seconds).
SCF Change: DM (1.20106e-6,6.83736e-6); eev 6.74210e-7 Ha; etot -1.89232e-10 Ha
Energy:    -459.9812083715 Ha with <S^2> =  0.751 and <2S+1> =  2.001 after  133 iterations (in       0.03 seconds).
Energy increase is detected. Turn on the linear mixing algorithm with (H[DIIS, i-1] + H[DIIS, i+1]).
Prev_Energies: (   -459.98120837,    -459.98120837)
Energy increase is detected. Turn on the linear mixing algorithm with (H[DIIS, i-1] + H[DIIS, i+1]).
Prev_Energies: (   -459.98120837,    -459.98120837)
SCF Change: DM (2.00475e-6,1.13921e-5); eev 5.08936e-7 Ha; etot 1.47793e-12 Ha
Energy:    -459.9812083715 Ha with <S^2> =  0.751 and <2S+1> =  2.001 after  134 iterations (in       0.03 seconds).
SCF Change: DM (4.85415e-6,2.75729e-5); eev 1.22785e-6 Ha; etot -1.28296e-10 Ha
Energy:    -459.9812083716 Ha with <S^2> =  0.751 and <2S+1> =  2.001 after  135 iterations (in       0.03 seconds).
SCF Change: DM (8.93585e-6,5.07542e-5); eev 8.06126e-6 Ha; etot -4.74984e-10 Ha
Energy:    -459.9812083721 Ha with <S^2> =  0.751 and <2S+1> =  2.001 after  136 iterations (in       0.03 seconds).
Energy increase is detected. Turn on the linear mixing algorithm with (H[DIIS, i-1] + H[DIIS, i+1]).
Prev_Energies: (   -459.98120837,    -459.98120837)
Energy increase is detected. Turn on the linear mixing algorithm with (H[DIIS, i-1] + H[DIIS, i+1]).
Prev_Energies: (   -459.98120837,    -459.98120837)
SCF Change: DM (7.82486e-6,4.44447e-5); eev 7.42124e-6 Ha; etot 2.82512e-11 Ha
Energy:    -459.9812083720 Ha with <S^2> =  0.751 and <2S+1> =  2.001 after  137 iterations (in       0.03 seconds).
SCF Change: DM (7.85695e-6,4.46318e-5); eev 2.59666e-6 Ha; etot -2.92744e-11 Ha
Energy:    -459.9812083721 Ha with <S^2> =  0.751 and <2S+1> =  2.001 after  138 iterations (in       0.03 seconds).
SCF Change: DM (1.59327e-5,9.04924e-5); eev 1.59769e-5 Ha; etot -3.64366e-10 Ha
Energy:    -459.9812083724 Ha with <S^2> =  0.751 and <2S+1> =  2.001 after  139 iterations (in       0.03 seconds).
SCF Change: DM (3.35920e-6,1.90970e-5); eev 1.92059e-6 Ha; etot -9.50536e-10 Ha
Energy:    -459.9812083734 Ha with <S^2> =  0.751 and <2S+1> =  2.001 after  140 iterations (in       0.03 seconds).
SCF Change: DM (1.76541e-5,1.00256e-4); eev 1.67265e-5 Ha; etot -1.43984e-10 Ha
Energy:    -459.9812083735 Ha with <S^2> =  0.751 and <2S+1> =  2.001 after  141 iterations (in       0.03 seconds).
Energy increase is detected. Turn on the linear mixing algorithm with (H[DIIS, i-1] + H[DIIS, i+1]).
Prev_Energies: (   -459.98120837,    -459.98120837)
Energy increase is detected. Turn on the linear mixing algorithm with (H[DIIS, i-1] + H[DIIS, i+1]).
Prev_Energies: (   -459.98120837,    -459.98120837)
SCF Change: DM (1.70479e-5,9.68118e-5); eev 1.59097e-5 Ha; etot 1.10663e-9 Ha
Energy:    -459.9812083724 Ha with <S^2> =  0.751 and <2S+1> =  2.001 after  142 iterations (in       0.03 seconds).
SCF Change: DM (1.99105e-5,1.13075e-4); eev 1.71428e-5 Ha; etot -1.11197e-9 Ha
Energy:    -459.9812083735 Ha with <S^2> =  0.751 and <2S+1> =  2.001 after  143 iterations (in       0.03 seconds).
Energy increase is detected. Turn on the linear mixing algorithm with (H[DIIS, i-1] + H[DIIS, i+1]).
Prev_Energies: (   -459.98120837,    -459.98120837)
Energy increase is detected. Turn on the linear mixing algorithm with (H[DIIS, i-1] + H[DIIS, i+1]).
Prev_Energies: (   -459.98120837,    -459.98120837)
SCF Change: DM (1.64052e-5,9.31693e-5); eev 1.22747e-5 Ha; etot 1.44831e-9 Ha
Energy:    -459.9812083721 Ha with <S^2> =  0.751 and <2S+1> =  2.001 after  144 iterations (in       0.03 seconds).
SCF Change: DM (1.37118e-5,7.78930e-5); eev 7.92132e-6 Ha; etot -1.23850e-9 Ha
Energy:    -459.9812083733 Ha with <S^2> =  0.751 and <2S+1> =  2.001 after  145 iterations (in       0.03 seconds).
Energy increase is detected. Turn on the linear mixing algorithm with (H[DIIS, i-1] + H[DIIS, i+1]).
Prev_Energies: (   -459.98120837,    -459.98120837)
Energy increase is detected. Turn on the linear mixing algorithm with (H[DIIS, i-1] + H[DIIS, i+1]).
Prev_Energies: (   -459.98120837,    -459.98120837)
SCF Change: DM (1.09012e-5,6.19276e-5); eev 5.35686e-6 Ha; etot 1.05894e-9 Ha
Energy:    -459.9812083723 Ha with <S^2> =  0.751 and <2S+1> =  2.001 after  146 iterations (in       0.03 seconds).
SCF Change: DM (1.05164e-5,5.97414e-5); eev 6.62769e-6 Ha; etot -8.78458e-10 Ha
Energy:    -459.9812083732 Ha with <S^2> =  0.751 and <2S+1> =  2.001 after  147 iterations (in       0.03 seconds).
Energy increase is detected. Turn on the linear mixing algorithm with (H[DIIS, i-1] + H[DIIS, i+1]).
Prev_Energies: (   -459.98120837,    -459.98120837)
Energy increase is detected. Turn on the linear mixing algorithm with (H[DIIS, i-1] + H[DIIS, i+1]).
Prev_Energies: (   -459.98120837,    -459.98120837)
SCF Change: DM (8.95914e-6,5.08948e-5); eev 5.88624e-6 Ha; etot 8.68624e-10 Ha
Energy:    -459.9812083723 Ha with <S^2> =  0.751 and <2S+1> =  2.001 after  148 iterations (in       0.03 seconds).
SCF Change: DM (7.57490e-6,4.30326e-5); eev 3.98887e-6 Ha; etot -7.63350e-10 Ha
Energy:    -459.9812083730 Ha with <S^2> =  0.751 and <2S+1> =  2.001 after  149 iterations (in       0.03 seconds).
Energy increase is detected. Turn on the linear mixing algorithm with (H[DIIS, i-1] + H[DIIS, i+1]).
Prev_Energies: (   -459.98120837,    -459.98120837)
Energy increase is detected. Turn on the linear mixing algorithm with (H[DIIS, i-1] + H[DIIS, i+1]).
Prev_Energies: (   -459.98120837,    -459.98120837)
SCF Change: DM (6.27160e-6,3.56266e-5); eev 3.38994e-6 Ha; etot 6.20162e-10 Ha
Energy:    -459.9812083724 Ha with <S^2> =  0.751 and <2S+1> =  2.001 after  150 iterations (in       0.03 seconds).
SCF Change: DM (1.11438e-5,6.33151e-5); eev 8.90247e-6 Ha; etot -5.30747e-10 Ha
Energy:    -459.9812083730 Ha with <S^2> =  0.751 and <2S+1> =  2.001 after  151 iterations (in       0.03 seconds).
Energy increase is detected. Turn on the linear mixing algorithm with (H[DIIS, i-1] + H[DIIS, i+1]).
Prev_Energies: (   -459.98120837,    -459.98120837)
Energy increase is detected. Turn on the linear mixing algorithm with (H[DIIS, i-1] + H[DIIS, i+1]).
Prev_Energies: (   -459.98120837,    -459.98120837)
SCF Change: DM (8.83473e-6,5.01933e-5); eev 6.34841e-6 Ha; etot 8.22638e-10 Ha
Energy:    -459.9812083721 Ha with <S^2> =  0.751 and <2S+1> =  2.001 after  152 iterations (in       0.03 seconds).
SCF Change: DM (5.77219e-6,3.28937e-5); eev 3.70389e-6 Ha; etot -6.88033e-10 Ha
Energy:    -459.9812083728 Ha with <S^2> =  0.751 and <2S+1> =  2.001 after  153 iterations (in       0.03 seconds).
Energy increase is detected. Turn on the linear mixing algorithm with (H[DIIS, i-1] + H[DIIS, i+1]).
Prev_Energies: (   -459.98120837,    -459.98120837)
Energy increase is detected. Turn on the linear mixing algorithm with (H[DIIS, i-1] + H[DIIS, i+1]).
Prev_Energies: (   -459.98120837,    -459.98120837)
SCF Change: DM (4.94027e-6,2.81228e-5); eev 3.10140e-6 Ha; etot 3.40833e-10 Ha
Energy:    -459.9812083725 Ha with <S^2> =  0.751 and <2S+1> =  2.001 after  154 iterations (in       0.03 seconds).
SCF Change: DM (6.23621e-6,3.54538e-5); eev 4.12784e-6 Ha; etot -4.09443e-10 Ha
Energy:    -459.9812083729 Ha with <S^2> =  0.751 and <2S+1> =  2.001 after  155 iterations (in       0.03 seconds).
Energy increase is detected. Turn on the linear mixing algorithm with (H[DIIS, i-1] + H[DIIS, i+1]).
Prev_Energies: (   -459.98120837,    -459.98120837)
Energy increase is detected. Turn on the linear mixing algorithm with (H[DIIS, i-1] + H[DIIS, i+1]).
Prev_Energies: (   -459.98120837,    -459.98120837)
SCF Change: DM (5.01040e-6,2.84842e-5); eev 3.04615e-6 Ha; etot 5.40126e-10 Ha
Energy:    -459.9812083724 Ha with <S^2> =  0.751 and <2S+1> =  2.001 after  156 iterations (in       0.03 seconds).
SCF Change: DM (2.22888e-6,1.26954e-5); eev 1.48101e-6 Ha; etot -4.42071e-10 Ha
Energy:    -459.9812083728 Ha with <S^2> =  0.751 and <2S+1> =  2.001 after  157 iterations (in       0.03 seconds).
Energy increase is detected. Turn on the linear mixing algorithm with (H[DIIS, i-1] + H[DIIS, i+1]).
Prev_Energies: (   -459.98120837,    -459.98120837)
Energy increase is detected. Turn on the linear mixing algorithm with (H[DIIS, i-1] + H[DIIS, i+1]).
Prev_Energies: (   -459.98120837,    -459.98120837)
SCF Change: DM (1.91598e-6,1.09001e-5); eev 1.43344e-6 Ha; etot 1.21986e-10 Ha
Energy:    -459.9812083727 Ha with <S^2> =  0.751 and <2S+1> =  2.001 after  158 iterations (in       0.03 seconds).
SCF Change: DM (2.57887e-6,1.46754e-5); eev 1.03999e-6 Ha; etot -1.35856e-10 Ha
Energy:    -459.9812083728 Ha with <S^2> =  0.751 and <2S+1> =  2.001 after  159 iterations (in       0.03 seconds).
Energy increase is detected. Turn on the linear mixing algorithm with (H[DIIS, i-1] + H[DIIS, i+1]).
Prev_Energies: (   -459.98120837,    -459.98120837)
Energy increase is detected. Turn on the linear mixing algorithm with (H[DIIS, i-1] + H[DIIS, i+1]).
Prev_Energies: (   -459.98120837,    -459.98120837)
SCF Change: DM (2.15153e-6,1.22484e-5); eev 8.75237e-7 Ha; etot 1.10731e-10 Ha
Energy:    -459.9812083727 Ha with <S^2> =  0.751 and <2S+1> =  2.001 after  160 iterations (in       0.03 seconds).
SCF Change: DM (1.86766e-6,1.06178e-5); eev 4.72629e-7 Ha; etot -9.35074e-11 Ha
Energy:    -459.9812083728 Ha with <S^2> =  0.751 and <2S+1> =  2.001 after  161 iterations (in       0.03 seconds).
SCF Change: DM (1.35275e-6,7.80503e-6); eev 7.28002e-7 Ha; etot -2.04636e-11 Ha
Energy:    -459.9812083728 Ha with <S^2> =  0.751 and <2S+1> =  2.001 after  162 iterations (in       0.03 seconds).
SCF Change: DM (8.59148e-6,4.88110e-5); eev 3.91972e-6 Ha; etot -9.63496e-11 Ha
Energy:    -459.9812083729 Ha with <S^2> =  0.751 and <2S+1> =  2.001 after  163 iterations (in       0.04 seconds).
Energy increase is detected. Turn on the linear mixing algorithm with (H[DIIS, i-1] + H[DIIS, i+1]).
Prev_Energies: (   -459.98120837,    -459.98120837)
Energy increase is detected. Turn on the linear mixing algorithm with (H[DIIS, i-1] + H[DIIS, i+1]).
Prev_Energies: (   -459.98120837,    -459.98120837)
SCF Change: DM (6.92628e-6,3.93486e-5); eev 2.77102e-6 Ha; etot 7.36691e-10 Ha
Energy:    -459.9812083722 Ha with <S^2> =  0.751 and <2S+1> =  2.001 after  164 iterations (in       0.03 seconds).
SCF Change: DM (5.39104e-6,3.06686e-5); eev 4.66252e-6 Ha; etot -6.04643e-10 Ha
Energy:    -459.9812083728 Ha with <S^2> =  0.751 and <2S+1> =  2.001 after  165 iterations (in       0.03 seconds).
SCF Change: DM (1.31165e-5,7.45166e-5); eev 1.76147e-5 Ha; etot -3.40094e-10 Ha
Energy:    -459.9812083731 Ha with <S^2> =  0.751 and <2S+1> =  2.001 after  166 iterations (in       0.03 seconds).
SCF Change: DM (8.98940e-6,5.11469e-5); eev 1.35373e-5 Ha; etot -5.37568e-10 Ha
Energy:    -459.9812083737 Ha with <S^2> =  0.751 and <2S+1> =  2.001 after  167 iterations (in       0.03 seconds).
Energy increase is detected. Turn on the linear mixing algorithm with (H[DIIS, i-1] + H[DIIS, i+1]).
Prev_Energies: (   -459.98120837,    -459.98120837)
Energy increase is detected. Turn on the linear mixing algorithm with (H[DIIS, i-1] + H[DIIS, i+1]).
Prev_Energies: (   -459.98120837,    -459.98120837)
SCF Change: DM (6.59598e-6,3.75320e-5); eev 9.39387e-6 Ha; etot 3.81874e-10 Ha
Energy:    -459.9812083733 Ha with <S^2> =  0.751 and <2S+1> =  2.001 after  168 iterations (in       0.03 seconds).
SCF Change: DM (9.07097e-6,5.15872e-5); eev 1.26684e-5 Ha; etot -3.07523e-10 Ha
Energy:    -459.9812083736 Ha with <S^2> =  0.751 and <2S+1> =  2.001 after  169 iterations (in       0.03 seconds).
Energy increase is detected. Turn on the linear mixing algorithm with (H[DIIS, i-1] + H[DIIS, i+1]).
Prev_Energies: (   -459.98120837,    -459.98120837)
Energy increase is detected. Turn on the linear mixing algorithm with (H[DIIS, i-1] + H[DIIS, i+1]).
Prev_Energies: (   -459.98120837,    -459.98120837)
SCF Change: DM (7.36217e-6,4.18680e-5); eev 9.95443e-6 Ha; etot 4.45709e-10 Ha
Energy:    -459.9812083731 Ha with <S^2> =  0.751 and <2S+1> =  2.001 after  170 iterations (in       0.03 seconds).
SCF Change: DM (1.88656e-5,1.07190e-4); eev 1.61406e-5 Ha; etot -3.82101e-10 Ha
Energy:    -459.9812083735 Ha with <S^2> =  0.751 and <2S+1> =  2.001 after  171 iterations (in       0.03 seconds).
Energy increase is detected. Turn on the linear mixing algorithm with (H[DIIS, i-1] + H[DIIS, i+1]).
Prev_Energies: (   -459.98120837,    -459.98120837)
Energy increase is detected. Turn on the linear mixing algorithm with (H[DIIS, i-1] + H[DIIS, i+1]).
Prev_Energies: (   -459.98120837,    -459.98120837)
SCF Change: DM (1.53151e-5,8.70198e-5); eev 1.12964e-5 Ha; etot 1.08906e-9 Ha
Energy:    -459.9812083724 Ha with <S^2> =  0.751 and <2S+1> =  2.001 after  172 iterations (in       0.03 seconds).
SCF Change: DM (1.36606e-5,7.76219e-5); eev 9.69863e-6 Ha; etot -9.56845e-10 Ha
Energy:    -459.9812083734 Ha with <S^2> =  0.751 and <2S+1> =  2.001 after  173 iterations (in       0.04 seconds).
Energy increase is detected. Turn on the linear mixing algorithm with (H[DIIS, i-1] + H[DIIS, i+1]).
Prev_Energies: (   -459.98120837,    -459.98120837)
Energy increase is detected. Turn on the linear mixing algorithm with (H[DIIS, i-1] + H[DIIS, i+1]).
Prev_Energies: (   -459.98120837,    -459.98120837)
SCF Change: DM (1.09486e-5,6.22118e-5); eev 7.11294e-6 Ha; etot 7.96604e-10 Ha
Energy:    -459.9812083726 Ha with <S^2> =  0.751 and <2S+1> =  2.001 after  174 iterations (in       0.03 seconds).
SCF Change: DM (1.21603e-5,6.91643e-5); eev 2.39422e-6 Ha; etot -6.83201e-10 Ha
Energy:    -459.9812083733 Ha with <S^2> =  0.751 and <2S+1> =  2.001 after  175 iterations (in       0.03 seconds).
Energy increase is detected. Turn on the linear mixing algorithm with (H[DIIS, i-1] + H[DIIS, i+1]).
Prev_Energies: (   -459.98120837,    -459.98120837)
Energy increase is detected. Turn on the linear mixing algorithm with (H[DIIS, i-1] + H[DIIS, i+1]).
Prev_Energies: (   -459.98120837,    -459.98120837)
SCF Change: DM (1.05988e-5,6.02664e-5); eev 1.96971e-6 Ha; etot 7.37543e-10 Ha
Energy:    -459.9812083725 Ha with <S^2> =  0.751 and <2S+1> =  2.001 after  176 iterations (in       0.04 seconds).
SCF Change: DM (7.92738e-6,4.50399e-5); eev 6.98590e-6 Ha; etot -6.54495e-10 Ha
Energy:    -459.9812083732 Ha with <S^2> =  0.751 and <2S+1> =  2.001 after  177 iterations (in       0.03 seconds).
Energy increase is detected. Turn on the linear mixing algorithm with (H[DIIS, i-1] + H[DIIS, i+1]).
Prev_Energies: (   -459.98120837,    -459.98120837)
Energy increase is detected. Turn on the linear mixing algorithm with (H[DIIS, i-1] + H[DIIS, i+1]).
Prev_Energies: (   -459.98120837,    -459.98120837)
SCF Change: DM (6.30839e-6,3.58412e-5); eev 5.19179e-6 Ha; etot 5.38705e-10 Ha
Energy:    -459.9812083726 Ha with <S^2> =  0.751 and <2S+1> =  2.001 after  178 iterations (in       0.03 seconds).
SCF Change: DM (3.06793e-6,1.74391e-5); eev 1.89433e-6 Ha; etot -4.39798e-10 Ha
Energy:    -459.9812083731 Ha with <S^2> =  0.751 and <2S+1> =  2.001 after  179 iterations (in       0.03 seconds).
SCF Change: DM (7.35483e-6,4.17712e-5); eev 8.08412e-6 Ha; etot -3.19460e-11 Ha
Energy:    -459.9812083731 Ha with <S^2> =  0.751 and <2S+1> =  2.001 after  180 iterations (in       0.03 seconds).
Energy increase is detected. Turn on the linear mixing algorithm with (H[DIIS, i-1] + H[DIIS, i+1]).
Prev_Energies: (   -459.98120837,    -459.98120837)
Energy increase is detected. Turn on the linear mixing algorithm with (H[DIIS, i-1] + H[DIIS, i+1]).
Prev_Energies: (   -459.98120837,    -459.98120837)
SCF Change: DM (5.88244e-6,3.34094e-5); eev 5.96929e-6 Ha; etot 4.74188e-10 Ha
Energy:    -459.9812083726 Ha with <S^2> =  0.751 and <2S+1> =  2.001 after  181 iterations (in       0.03 seconds).
SCF Change: DM (6.48266e-6,3.68188e-5); eev 7.36768e-6 Ha; etot -3.80965e-10 Ha
Energy:    -459.9812083730 Ha with <S^2> =  0.751 and <2S+1> =  2.001 after  182 iterations (in       0.03 seconds).
Energy increase is detected. Turn on the linear mixing algorithm with (H[DIIS, i-1] + H[DIIS, i+1]).
Prev_Energies: (   -459.98120837,    -459.98120837)
Energy increase is detected. Turn on the linear mixing algorithm with (H[DIIS, i-1] + H[DIIS, i+1]).
Prev_Energies: (   -459.98120837,    -459.98120837)
SCF Change: DM (6.78754e-6,3.85544e-5); eev 6.79317e-6 Ha; etot 4.63729e-10 Ha
Energy:    -459.9812083726 Ha with <S^2> =  0.751 and <2S+1> =  2.001 after  183 iterations (in       0.03 seconds).
SCF Change: DM (6.38226e-7,4.17862e-6); eev 4.36830e-6 Ha; etot -4.68560e-10 Ha
Energy:    -459.9812083730 Ha with <S^2> =  0.751 and <2S+1> =  2.001 after  184 iterations (in       0.03 seconds).
Energy increase is detected. Turn on the linear mixing algorithm with (H[DIIS, i-1] + H[DIIS, i+1]).
Prev_Energies: (   -459.98120837,    -459.98120837)
Energy increase is detected. Turn on the linear mixing algorithm with (H[DIIS, i-1] + H[DIIS, i+1]).
Prev_Energies: (   -459.98120837,    -459.98120837)
SCF Change: DM (6.52708e-7,4.05508e-6); eev 3.64786e-6 Ha; etot 1.14255e-11 Ha
Energy:    -459.9812083730 Ha with <S^2> =  0.751 and <2S+1> =  2.001 after  185 iterations (in       0.03 seconds).
SCF Change: DM (1.85080e-6,1.05484e-5); eev 2.20712e-6 Ha; etot -1.89289e-11 Ha
Energy:    -459.9812083730 Ha with <S^2> =  0.751 and <2S+1> =  2.001 after  186 iterations (in       0.03 seconds).
Energy increase is detected. Turn on the linear mixing algorithm with (H[DIIS, i-1] + H[DIIS, i+1]).
Prev_Energies: (   -459.98120837,    -459.98120837)
Energy increase is detected. Turn on the linear mixing algorithm with (H[DIIS, i-1] + H[DIIS, i+1]).
Prev_Energies: (   -459.98120837,    -459.98120837)
SCF Change: DM (1.62833e-6,9.27333e-6); eev 1.69183e-6 Ha; etot 3.06386e-11 Ha
Energy:    -459.9812083730 Ha with <S^2> =  0.751 and <2S+1> =  2.001 after  187 iterations (in       0.03 seconds).
SCF Change: DM (7.69967e-6,4.37283e-5); eev 7.18006e-6 Ha; etot -2.10321e-11 Ha
Energy:    -459.9812083730 Ha with <S^2> =  0.751 and <2S+1> =  2.001 after  188 iterations (in       0.03 seconds).
Energy increase is detected. Turn on the linear mixing algorithm with (H[DIIS, i-1] + H[DIIS, i+1]).
Prev_Energies: (   -459.98120837,    -459.98120837)
Energy increase is detected. Turn on the linear mixing algorithm with (H[DIIS, i-1] + H[DIIS, i+1]).
Prev_Energies: (   -459.98120837,    -459.98120837)
SCF Change: DM (6.38953e-6,3.62887e-5); eev 5.40190e-6 Ha; etot 6.02370e-10 Ha
Energy:    -459.9812083724 Ha with <S^2> =  0.751 and <2S+1> =  2.001 after  189 iterations (in       0.03 seconds).
SCF Change: DM (2.32056e-6,1.32432e-5); eev 1.95590e-6 Ha; etot -5.05338e-10 Ha
Energy:    -459.9812083729 Ha with <S^2> =  0.751 and <2S+1> =  2.001 after  190 iterations (in       0.03 seconds).
SCF Change: DM (4.50169e-6,2.55837e-5); eev 2.65371e-6 Ha; etot -1.67745e-10 Ha
Energy:    -459.9812083731 Ha with <S^2> =  0.751 and <2S+1> =  2.001 after  191 iterations (in       0.03 seconds).
Energy increase is detected. Turn on the linear mixing algorithm with (H[DIIS, i-1] + H[DIIS, i+1]).
Prev_Energies: (   -459.98120837,    -459.98120837)
Energy increase is detected. Turn on the linear mixing algorithm with (H[DIIS, i-1] + H[DIIS, i+1]).
Prev_Energies: (   -459.98120837,    -459.98120837)
SCF Change: DM (3.89003e-6,2.21107e-5); eev 2.21490e-6 Ha; etot 3.46063e-10 Ha
Energy:    -459.9812083728 Ha with <S^2> =  0.751 and <2S+1> =  2.001 after  192 iterations (in       0.03 seconds).
SCF Change: DM (4.01094e-6,2.27957e-5); eev 1.74042e-6 Ha; etot -3.03544e-10 Ha
Energy:    -459.9812083731 Ha with <S^2> =  0.751 and <2S+1> =  2.001 after  193 iterations (in       0.03 seconds).
Energy increase is detected. Turn on the linear mixing algorithm with (H[DIIS, i-1] + H[DIIS, i+1]).
Prev_Energies: (   -459.98120837,    -459.98120837)
Energy increase is detected. Turn on the linear mixing algorithm with (H[DIIS, i-1] + H[DIIS, i+1]).
Prev_Energies: (   -459.98120837,    -459.98120837)
SCF Change: DM (2.93131e-6,1.66626e-5); eev 1.13910e-6 Ha; etot 2.98144e-10 Ha
Energy:    -459.9812083728 Ha with <S^2> =  0.751 and <2S+1> =  2.001 after  194 iterations (in       0.04 seconds).
SCF Change: DM (4.01935e-6,2.28639e-5); eev 2.75019e-6 Ha; etot -2.17256e-10 Ha
Energy:    -459.9812083730 Ha with <S^2> =  0.751 and <2S+1> =  2.001 after  195 iterations (in       0.03 seconds).
Energy increase is detected. Turn on the linear mixing algorithm with (H[DIIS, i-1] + H[DIIS, i+1]).
Prev_Energies: (   -459.98120837,    -459.98120837)
Energy increase is detected. Turn on the linear mixing algorithm with (H[DIIS, i-1] + H[DIIS, i+1]).
Prev_Energies: (   -459.98120837,    -459.98120837)
SCF Change: DM (3.50416e-6,1.99340e-5); eev 2.10827e-6 Ha; etot 2.76486e-10 Ha
Energy:    -459.9812083727 Ha with <S^2> =  0.751 and <2S+1> =  2.001 after  196 iterations (in       0.03 seconds).
SCF Change: DM (4.03573e-6,2.30350e-5); eev 1.42088e-6 Ha; etot -2.34877e-10 Ha
Energy:    -459.9812083729 Ha with <S^2> =  0.751 and <2S+1> =  2.001 after  197 iterations (in       0.03 seconds).
Energy increase is detected. Turn on the linear mixing algorithm with (H[DIIS, i-1] + H[DIIS, i+1]).
Prev_Energies: (   -459.98120837,    -459.98120837)
Energy increase is detected. Turn on the linear mixing algorithm with (H[DIIS, i-1] + H[DIIS, i+1]).
Prev_Energies: (   -459.98120837,    -459.98120837)
SCF Change: DM (3.14866e-6,1.79740e-5); eev 1.05930e-6 Ha; etot 5.79803e-11 Ha
Energy:    -459.9812083729 Ha with <S^2> =  0.751 and <2S+1> =  2.001 after  198 iterations (in       0.03 seconds).
SCF Change: DM (2.40358e-6,1.37495e-5); eev 1.76838e-6 Ha; etot -4.51337e-11 Ha
Energy:    -459.9812083729 Ha with <S^2> =  0.751 and <2S+1> =  2.001 after  199 iterations (in       0.03 seconds).
Energy increase is detected. Turn on the linear mixing algorithm with (H[DIIS, i-1] + H[DIIS, i+1]).
Prev_Energies: (   -459.98120837,    -459.98120837)
Energy increase is detected. Turn on the linear mixing algorithm with (H[DIIS, i-1] + H[DIIS, i+1]).
Prev_Energies: (   -459.98120837,    -459.98120837)
SCF Change: DM (2.33491e-6,1.33390e-5); eev 1.09660e-6 Ha; etot 1.03796e-10 Ha
Energy:    -459.9812083728 Ha with <S^2> =  0.751 and <2S+1> =  2.001 after  200 iterations (in       0.03 seconds).
SCF Change: DM (1.74475e-6,9.92145e-6); eev 1.96950e-6 Ha; etot -6.82689e-11 Ha
Energy:    -459.9812083729 Ha with <S^2> =  0.751 and <2S+1> =  2.001 after  201 iterations (in       0.03 seconds).
Energy increase is detected. Turn on the linear mixing algorithm with (H[DIIS, i-1] + H[DIIS, i+1]).
Prev_Energies: (   -459.98120837,    -459.98120837)
Energy increase is detected. Turn on the linear mixing algorithm with (H[DIIS, i-1] + H[DIIS, i+1]).
Prev_Energies: (   -459.98120837,    -459.98120837)
SCF Change: DM (1.21459e-6,6.91073e-6); eev 1.47087e-6 Ha; etot 4.14389e-11 Ha
Energy:    -459.9812083728 Ha with <S^2> =  0.751 and <2S+1> =  2.001 after  202 iterations (in       0.03 seconds).
SCF Change: DM (5.38196e-6,3.05645e-5); eev 1.06473e-6 Ha; etot -4.13252e-11 Ha
Energy:    -459.9812083729 Ha with <S^2> =  0.751 and <2S+1> =  2.001 after  203 iterations (in       0.03 seconds).
SCF Change: DM (4.74115e-7,2.69340e-6); eev 7.61703e-8 Ha; etot -5.04201e-11 Ha
Energy:    -459.9812083729 Ha with <S^2> =  0.751 and <2S+1> =  2.001 after  204 iterations (in       0.03 seconds).
Energy increase is detected. Turn on the linear mixing algorithm with (H[DIIS, i-1] + H[DIIS, i+1]).
Prev_Energies: (   -459.98120837,    -459.98120837)
Energy increase is detected. Turn on the linear mixing algorithm with (H[DIIS, i-1] + H[DIIS, i+1]).
Prev_Energies: (   -459.98120837,    -459.98120837)
SCF Change: DM (6.01726e-7,3.42016e-6); eev 8.91618e-8 Ha; etot 3.10365e-11 Ha
Energy:    -459.9812083729 Ha with <S^2> =  0.751 and <2S+1> =  2.001 after  205 iterations (in       0.03 seconds).
SCF Change: DM (1.74132e-6,9.93073e-6); eev 4.22720e-7 Ha; etot -4.32578e-11 Ha
Energy:    -459.9812083729 Ha with <S^2> =  0.751 and <2S+1> =  2.001 after  206 iterations (in       0.04 seconds).
SCF Change: DM (2.20375e-7,1.25184e-6); eev 6.54765e-8 Ha; etot -9.29390e-11 Ha
Energy:    -459.9812083730 Ha with <S^2> =  0.751 and <2S+1> =  2.001 after  207 iterations (in       0.03 seconds).
Energy increase is detected. Turn on the linear mixing algorithm with (H[DIIS, i-1] + H[DIIS, i+1]).
Prev_Energies: (   -459.98120837,    -459.98120837)
Energy increase is detected. Turn on the linear mixing algorithm with (H[DIIS, i-1] + H[DIIS, i+1]).
Prev_Energies: (   -459.98120837,    -459.98120837)
SCF Change: DM (1.97845e-7,1.12654e-6); eev 5.74942e-8 Ha; etot 1.11413e-11 Ha
Energy:    -459.9812083730 Ha with <S^2> =  0.751 and <2S+1> =  2.001 after  208 iterations (in       0.03 seconds).
SCF Change: DM (1.51552e-6,8.61433e-6); eev 1.14373e-7 Ha; etot -1.38698e-11 Ha
Energy:    -459.9812083730 Ha with <S^2> =  0.751 and <2S+1> =  2.001 after  209 iterations (in       0.03 seconds).
Energy increase is detected. Turn on the linear mixing algorithm with (H[DIIS, i-1] + H[DIIS, i+1]).
Prev_Energies: (   -459.98120837,    -459.98120837)
Energy increase is detected. Turn on the linear mixing algorithm with (H[DIIS, i-1] + H[DIIS, i+1]).
Prev_Energies: (   -459.98120837,    -459.98120837)
SCF Change: DM (8.91534e-7,5.07101e-6); eev 1.23857e-7 Ha; etot 1.57456e-11 Ha
Energy:    -459.9812083730 Ha with <S^2> =  0.751 and <2S+1> =  2.001 after  210 iterations (in       0.04 seconds).
SCF Change: DM (2.64213e-7,1.50486e-6); eev 1.49215e-7 Ha; etot -2.41016e-11 Ha
Energy:    -459.9812083731 Ha with <S^2> =  0.751 and <2S+1> =  2.001 after  211 iterations (in       0.04 seconds).
Energy increase is detected. Turn on the linear mixing algorithm with (H[DIIS, i-1] + H[DIIS, i+1]).
Prev_Energies: (   -459.98120837,    -459.98120837)
Energy increase is detected. Turn on the linear mixing algorithm with (H[DIIS, i-1] + H[DIIS, i+1]).
Prev_Energies: (   -459.98120837,    -459.98120837)
SCF Change: DM (1.81900e-7,1.03525e-6); eev 7.13162e-8 Ha; etot 6.76437e-12 Ha
Energy:    -459.9812083730 Ha with <S^2> =  0.751 and <2S+1> =  2.001 after  212 iterations (in       0.04 seconds).
SCF Change: DM (2.05550e-6,1.17295e-5); eev 5.71308e-7 Ha; etot -8.12861e-12 Ha
Energy:    -459.9812083731 Ha with <S^2> =  0.751 and <2S+1> =  2.001 after  213 iterations (in       0.04 seconds).
Energy increase is detected. Turn on the linear mixing algorithm with (H[DIIS, i-1] + H[DIIS, i+1]).
Prev_Energies: (   -459.98120837,    -459.98120837)
Energy increase is detected. Turn on the linear mixing algorithm with (H[DIIS, i-1] + H[DIIS, i+1]).
Prev_Energies: (   -459.98120837,    -459.98120837)
SCF Change: DM (1.46126e-6,8.34863e-6); eev 4.03206e-7 Ha; etot 1.01636e-10 Ha
Energy:    -459.9812083730 Ha with <S^2> =  0.751 and <2S+1> =  2.001 after  214 iterations (in       0.03 seconds).
SCF Change: DM (2.02858e-6,1.15762e-5); eev 5.25934e-7 Ha; etot -9.20863e-11 Ha
Energy:    -459.9812083730 Ha with <S^2> =  0.751 and <2S+1> =  2.001 after  215 iterations (in       0.03 seconds).
Energy increase is detected. Turn on the linear mixing algorithm with (H[DIIS, i-1] + H[DIIS, i+1]).
Prev_Energies: (   -459.98120837,    -459.98120837)
Energy increase is detected. Turn on the linear mixing algorithm with (H[DIIS, i-1] + H[DIIS, i+1]).
Prev_Energies: (   -459.98120837,    -459.98120837)
SCF Change: DM (1.70605e-6,9.73835e-6); eev 4.13821e-7 Ha; etot 1.03739e-10 Ha
Energy:    -459.9812083729 Ha with <S^2> =  0.751 and <2S+1> =  2.001 after  216 iterations (in       0.04 seconds).
SCF Change: DM (3.47781e-6,1.97702e-5); eev 6.11597e-7 Ha; etot -9.58948e-11 Ha
Energy:    -459.9812083730 Ha with <S^2> =  0.751 and <2S+1> =  2.001 after  217 iterations (in       0.04 seconds).
Energy increase is detected. Turn on the linear mixing algorithm with (H[DIIS, i-1] + H[DIIS, i+1]).
Prev_Energies: (   -459.98120837,    -459.98120837)
Energy increase is detected. Turn on the linear mixing algorithm with (H[DIIS, i-1] + H[DIIS, i+1]).
Prev_Energies: (   -459.98120837,    -459.98120837)
SCF Change: DM (3.12816e-6,1.77795e-5); eev 5.15883e-7 Ha; etot 2.13163e-11 Ha
Energy:    -459.9812083730 Ha with <S^2> =  0.751 and <2S+1> =  2.001 after  218 iterations (in       0.04 seconds).
SCF Change: DM (1.87367e-6,1.06598e-5); eev 4.80936e-7 Ha; etot -1.09708e-11 Ha
Energy:    -459.9812083730 Ha with <S^2> =  0.751 and <2S+1> =  2.001 after  219 iterations (in       0.04 seconds).
Energy increase is detected. Turn on the linear mixing algorithm with (H[DIIS, i-1] + H[DIIS, i+1]).
Prev_Energies: (   -459.98120837,    -459.98120837)
Energy increase is detected. Turn on the linear mixing algorithm with (H[DIIS, i-1] + H[DIIS, i+1]).
Prev_Energies: (   -459.98120837,    -459.98120837)
SCF Change: DM (1.55726e-6,8.85857e-6); eev 4.04787e-7 Ha; etot 3.00133e-11 Ha
Energy:    -459.9812083730 Ha with <S^2> =  0.751 and <2S+1> =  2.001 after  220 iterations (in       0.03 seconds).
SCF Change: DM (1.56845e-6,8.91626e-6); eev 4.65816e-7 Ha; etot -2.56932e-11 Ha
Energy:    -459.9812083730 Ha with <S^2> =  0.751 and <2S+1> =  2.001 after  221 iterations (in       0.03 seconds).
SCF Change: DM (9.03894e-6,5.13494e-5); eev 2.85722e-6 Ha; etot -2.81375e-11 Ha
Energy:    -459.9812083731 Ha with <S^2> =  0.751 and <2S+1> =  2.001 after  222 iterations (in       0.03 seconds).
SCF Change: DM (3.02650e-6,1.71984e-5); eev 1.97415e-6 Ha; etot -3.20426e-10 Ha
Energy:    -459.9812083734 Ha with <S^2> =  0.751 and <2S+1> =  2.001 after  223 iterations (in       0.03 seconds).
SCF Change: DM (1.05144e-5,5.97450e-5); eev 4.99633e-6 Ha; etot -1.38698e-10 Ha
Energy:    -459.9812083735 Ha with <S^2> =  0.751 and <2S+1> =  2.001 after  224 iterations (in       0.03 seconds).
Energy increase is detected. Turn on the linear mixing algorithm with (H[DIIS, i-1] + H[DIIS, i+1]).
Prev_Energies: (   -459.98120837,    -459.98120837)
Energy increase is detected. Turn on the linear mixing algorithm with (H[DIIS, i-1] + H[DIIS, i+1]).
Prev_Energies: (   -459.98120837,    -459.98120837)
SCF Change: DM (8.37824e-6,4.76053e-5); eev 3.45164e-6 Ha; etot 4.54406e-10 Ha
Energy:    -459.9812083731 Ha with <S^2> =  0.751 and <2S+1> =  2.001 after  225 iterations (in       0.03 seconds).
SCF Change: DM (7.48856e-6,4.25577e-5); eev 3.23233e-6 Ha; etot -3.80908e-10 Ha
Energy:    -459.9812083734 Ha with <S^2> =  0.751 and <2S+1> =  2.001 after  226 iterations (in       0.03 seconds).
Energy increase is detected. Turn on the linear mixing algorithm with (H[DIIS, i-1] + H[DIIS, i+1]).
Prev_Energies: (   -459.98120837,    -459.98120837)
Energy increase is detected. Turn on the linear mixing algorithm with (H[DIIS, i-1] + H[DIIS, i+1]).
Prev_Energies: (   -459.98120837,    -459.98120837)
SCF Change: DM (6.24602e-6,3.54988e-5); eev 2.37427e-6 Ha; etot 3.40833e-10 Ha
Energy:    -459.9812083731 Ha with <S^2> =  0.751 and <2S+1> =  2.001 after  227 iterations (in       0.03 seconds).
SCF Change: DM (4.44522e-6,2.52644e-5); eev 7.40889e-7 Ha; etot -3.11047e-10 Ha
Energy:    -459.9812083734 Ha with <S^2> =  0.751 and <2S+1> =  2.001 after  228 iterations (in       0.03 seconds).
SCF Change: DM (1.20843e-6,6.86380e-6); eev 7.28115e-7 Ha; etot -2.21917e-10 Ha
Energy:    -459.9812083736 Ha with <S^2> =  0.751 and <2S+1> =  2.001 after  229 iterations (in       0.03 seconds).
SCF Change: DM (1.13549e-6,6.45193e-6); eev 8.58252e-7 Ha; etot -7.10543e-12 Ha
Energy:    -459.9812083736 Ha with <S^2> =  0.751 and <2S+1> =  2.001 after  230 iterations (in       0.03 seconds).
SCF Change: DM (5.68707e-7,3.26596e-6); eev 9.33376e-7 Ha; etot -4.16662e-11 Ha
Energy:    -459.9812083737 Ha with <S^2> =  0.751 and <2S+1> =  2.001 after  231 iterations (in       0.03 seconds).
Energy increase is detected. Turn on the linear mixing algorithm with (H[DIIS, i-1] + H[DIIS, i+1]).
Prev_Energies: (   -459.98120837,    -459.98120837)
Energy increase is detected. Turn on the linear mixing algorithm with (H[DIIS, i-1] + H[DIIS, i+1]).
Prev_Energies: (   -459.98120837,    -459.98120837)
SCF Change: DM (7.45803e-7,4.25429e-6); eev 1.05264e-6 Ha; etot 1.83036e-11 Ha
Energy:    -459.9812083737 Ha with <S^2> =  0.751 and <2S+1> =  2.001 after  232 iterations (in       0.03 seconds).
SCF Change: DM (3.35267e-6,1.90572e-5); eev 2.10359e-6 Ha; etot -8.81073e-12 Ha
Energy:    -459.9812083737 Ha with <S^2> =  0.751 and <2S+1> =  2.001 after  233 iterations (in       0.03 seconds).
Energy increase is detected. Turn on the linear mixing algorithm with (H[DIIS, i-1] + H[DIIS, i+1]).
Prev_Energies: (   -459.98120837,    -459.98120837)
Energy increase is detected. Turn on the linear mixing algorithm with (H[DIIS, i-1] + H[DIIS, i+1]).
Prev_Energies: (   -459.98120837,    -459.98120837)
SCF Change: DM (1.96594e-6,1.11704e-5); eev 1.10503e-6 Ha; etot 1.02489e-10 Ha
Energy:    -459.9812083736 Ha with <S^2> =  0.751 and <2S+1> =  2.001 after  234 iterations (in       0.03 seconds).
SCF Change: DM (4.71576e-6,2.67980e-5); eev 2.37934e-6 Ha; etot -4.27463e-11 Ha
Energy:    -459.9812083736 Ha with <S^2> =  0.751 and <2S+1> =  2.001 after  235 iterations (in       0.03 seconds).
Energy increase is detected. Turn on the linear mixing algorithm with (H[DIIS, i-1] + H[DIIS, i+1]).
Prev_Energies: (   -459.98120837,    -459.98120837)
Energy increase is detected. Turn on the linear mixing algorithm with (H[DIIS, i-1] + H[DIIS, i+1]).
Prev_Energies: (   -459.98120837,    -459.98120837)
SCF Change: DM (3.54899e-6,2.01674e-5); eev 1.64318e-6 Ha; etot 1.61492e-10 Ha
Energy:    -459.9812083734 Ha with <S^2> =  0.751 and <2S+1> =  2.001 after  236 iterations (in       0.03 seconds).
SCF Change: DM (1.81169e-6,1.02905e-5); eev 7.76989e-7 Ha; etot -1.22157e-10 Ha
Energy:    -459.9812083736 Ha with <S^2> =  0.751 and <2S+1> =  2.001 after  237 iterations (in       0.03 seconds).
Energy increase is detected. Turn on the linear mixing algorithm with (H[DIIS, i-1] + H[DIIS, i+1]).
Prev_Energies: (   -459.98120837,    -459.98120837)
Energy increase is detected. Turn on the linear mixing algorithm with (H[DIIS, i-1] + H[DIIS, i+1]).
Prev_Energies: (   -459.98120837,    -459.98120837)
SCF Change: DM (1.48330e-6,8.42559e-6); eev 6.16665e-7 Ha; etot 3.26850e-11 Ha
Energy:    -459.9812083735 Ha with <S^2> =  0.751 and <2S+1> =  2.001 after  238 iterations (in       0.03 seconds).
SCF Change: DM (1.63565e-7,9.29492e-7); eev 1.23874e-7 Ha; etot -3.02407e-11 Ha
Energy:    -459.9812083736 Ha with <S^2> =  0.751 and <2S+1> =  2.001 after  239 iterations (in       0.04 seconds).
Energy increase is detected. Turn on the linear mixing algorithm with (H[DIIS, i-1] + H[DIIS, i+1]).
Prev_Energies: (   -459.98120837,    -459.98120837)
Energy increase is detected. Turn on the linear mixing algorithm with (H[DIIS, i-1] + H[DIIS, i+1]).
Prev_Energies: (   -459.98120837,    -459.98120837)
SCF Change: DM (2.75765e-7,1.57225e-6); eev 6.08958e-8 Ha; etot 3.86535e-12 Ha
Energy:    -459.9812083736 Ha with <S^2> =  0.751 and <2S+1> =  2.001 after  240 iterations (in       0.03 seconds).
SCF Change: DM (1.23377e-6,7.03962e-6); eev 5.90880e-7 Ha; etot -1.38698e-11 Ha
Energy:    -459.9812083736 Ha with <S^2> =  0.751 and <2S+1> =  2.001 after  241 iterations (in       0.03 seconds).
SCF Change: DM (2.23130e-6,1.26720e-5); eev 1.34610e-6 Ha; etot -1.96110e-11 Ha
Energy:    -459.9812083736 Ha with <S^2> =  0.751 and <2S+1> =  2.001 after  242 iterations (in       0.03 seconds).
SCF Change: DM (5.16833e-6,2.93490e-5); eev 2.71526e-6 Ha; etot -1.34719e-11 Ha
Energy:    -459.9812083736 Ha with <S^2> =  0.751 and <2S+1> =  2.001 after  243 iterations (in       0.03 seconds).
Energy increase is detected. Turn on the linear mixing algorithm with (H[DIIS, i-1] + H[DIIS, i+1]).
Prev_Energies: (   -459.98120837,    -459.98120837)
Energy increase is detected. Turn on the linear mixing algorithm with (H[DIIS, i-1] + H[DIIS, i+1]).
Prev_Energies: (   -459.98120837,    -459.98120837)
SCF Change: DM (4.04019e-6,2.29428e-5); eev 1.99219e-6 Ha; etot 7.33280e-11 Ha
Energy:    -459.9812083735 Ha with <S^2> =  0.751 and <2S+1> =  2.001 after  244 iterations (in       0.03 seconds).
SCF Change: DM (3.24896e-6,1.84496e-5); eev 1.54701e-6 Ha; etot -6.44604e-11 Ha
Energy:    -459.9812083736 Ha with <S^2> =  0.751 and <2S+1> =  2.001 after  245 iterations (in       0.03 seconds).
Energy increase is detected. Turn on the linear mixing algorithm with (H[DIIS, i-1] + H[DIIS, i+1]).
Prev_Energies: (   -459.98120837,    -459.98120837)
Energy increase is detected. Turn on the linear mixing algorithm with (H[DIIS, i-1] + H[DIIS, i+1]).
Prev_Energies: (   -459.98120837,    -459.98120837)
SCF Change: DM (2.70184e-6,1.53435e-5); eev 1.32232e-6 Ha; etot 4.87717e-11 Ha
Energy:    -459.9812083736 Ha with <S^2> =  0.751 and <2S+1> =  2.001 after  246 iterations (in       0.03 seconds).
SCF Change: DM (2.94356e-6,1.67142e-5); eev 1.03083e-6 Ha; etot -5.37739e-11 Ha
Energy:    -459.9812083736 Ha with <S^2> =  0.751 and <2S+1> =  2.001 after  247 iterations (in       0.03 seconds).
Energy increase is detected. Turn on the linear mixing algorithm with (H[DIIS, i-1] + H[DIIS, i+1]).
Prev_Energies: (   -459.98120837,    -459.98120837)
Energy increase is detected. Turn on the linear mixing algorithm with (H[DIIS, i-1] + H[DIIS, i+1]).
Prev_Energies: (   -459.98120837,    -459.98120837)
SCF Change: DM (2.51086e-6,1.42579e-5); eev 9.09583e-7 Ha; etot 5.22959e-12 Ha
Energy:    -459.9812083736 Ha with <S^2> =  0.751 and <2S+1> =  2.001 after  248 iterations (in       0.04 seconds).
SCF Change: DM (2.07945e-6,1.18092e-5); eev 5.38916e-7 Ha; etot -1.20508e-11 Ha
Energy:    -459.9812083736 Ha with <S^2> =  0.751 and <2S+1> =  2.001 after  249 iterations (in       0.03 seconds).
SCF Change: DM (2.10193e-7,1.21208e-6); eev 1.17359e-7 Ha; etot -1.46656e-11 Ha
Energy:    -459.9812083736 Ha with <S^2> =  0.751 and <2S+1> =  2.001 after  250 iterations (in       0.03 seconds).
SCF does not converge within 251 iterations
==========================================
Now evaluate the    PT2 correlation energy
==========================================
----------------------------------------------------------------------
Methods         :       Total Corr,          OS Corr,          SS Corr
----------------------------------------------------------------------
PT2             :      -1.05163765,      -0.70497556,      -0.34666209
----------------------------------------------------------------------
Fifth-rung correlation energy :      -0.307651335563 Ha
E[XYGJOS]=:    -458.01138904 Ha, Ex[HF]:     -32.38097398 Ha, Ec[PT2  ]:      -1.05163765 Ha
Mulliken population analysis:
  0-Br :   0.000000

====================================================
              REST: Mission accomplished
====================================================
The SCF energy        :    -459.9812083736 Ha
The (R)-xDH energy    :    -458.0113890383 Ha
Detailed time report:
SCF       |:    7.945 s for the scf procedure
Overall   |:    8.517 s for the whole job
PT2       |:    0.102 s for the PT2 evaluation
