=========================================================
Input parameters for the REST calculation
=========================================================
Calculation type: Single-point energy
The exchange-correlation method: xygjos
Print level:                1
The number of threads used for parallelism:      8
The spheric-GTO basis set is taken from /home/symei/TZVPP-28-o-all
The pruning method is nwchem
The radial grid generation method is treutler
ERI Type: ri_v
Turn on the basis pair symmetry for RI 3D-tensors
The spheric-GTO auxiliary basis set is taken from /home/symei/def2-SV(P)-JKFIT
Spin polarization: Off
Charge:   0; Spin:   1
min_num_angular_points: 110
max_num_angular_points: 590
hardness: 3
Grid generation level: 3
Even tempered basis generation: false
SCF convergency thresholds: 1e-8 for density matrix
                            1e-8 Ha. for sum of eigenvalues
                            1e-8 Ha. for total energy
Max. SCF cycle number:      250
The diis mixing with (param, max_vec_len) = (0.2, 8) is employed for the SCF procedure
Turn on the diis mixing after 1 step(s) of SCF iteractions with the linear mixing
The specified checkfile exists but is not loaded because the keyword 'external_init_guess' is specified
It will be updated after the SCF procedure 
(none)
Initial guess is prepared by (sad).
It is a finite cluster calculation
the scf functional for 'xygjos' contains
The density functional 'B3LYP' belongs to the 'Hybrid GGA' family and is defined in the reference(s):
(0): P. J. Stephens, F. J. Devlin, C. F. Chabalowski, and M. J. Frisch.,  J. Phys. Chem. 98, 11623 (1994)
the post-scf functional 'xygjos' is employed, which contains
The density functional 'Slater exchange' belongs to the 'LDA' family and is defined in the reference(s):
(0): P. A. M. Dirac.,  Math. Proc. Cambridge Philos. Soc. 26, 376 (1930)
(1): F. Bloch.,  Z. Phys. 57, 545 (1929)
The density functional 'Becke 88' belongs to the 'GGA' family and is defined in the reference(s):
(0): A. D. Becke.,  Phys. Rev. A 38, 3098 (1988)
The density functional 'Vosko, Wilk & Nusair (VWN5_RPA)' belongs to the 'LDA' family and is defined in the reference(s):
(0): S. H. Vosko, L. Wilk, and M. Nusair.,  Can. J. Phys. 58, 1200 (1980)
The density functional 'Lee, Yang & Parr' belongs to the 'GGA' family and is defined in the reference(s):
(0): C. Lee, W. Yang, and R. G. Parr.,  Phys. Rev. B 37, 785 (1988)
(1): B. Miehlich, A. Savin, H. Stoll, and H. Preuss.,  Chem. Phys. Lett. 157, 200 (1989)
<start_mo> for the frozen-core post-SCF methods 10 is larger than the number of ecp orbitals 10. Take the <start_mo> -= ecp_orbitals
Libxc version used in REST: 7.0.0
nbas: 32, natm: 2 for standard basis sets
First valence state for the frozen-core algorithm:     0
final nbas: 152,final natm: 4
numbasis: 96, num_auxbas: 532
Molecule_name: br2
Restricted Hartree-Fock (or Kohn-Sham) algorithm is invoked.
Nuc_energy:     142.80731999 Hartree
No ghost effective potential
No ghost point charges
Overlap matrix is nonsigular:
  Lowest eigenvalue:       0.00835797 with the total number of basis functions:     96
Grid size: 41808
Generate SAD of Br
Initial guess HF energy:    -919.7530629216435045
The total energy:      -919.9285146930 Ha by the initial guess
Energy:    -919.6532057689 Ha after    1 iterations (in       0.07 seconds).
SCF Change: DM 1.72634e-2; eev  3.35066e0 Ha; etot  1.51061e0 Ha
Energy:    -918.1425933896 Ha after    2 iterations (in       0.06 seconds).
SCF Change: DM 1.49506e-3; eev 2.19926e-1 Ha; etot -1.83661e0 Ha
Energy:    -919.9792046028 Ha after    3 iterations (in       0.06 seconds).
SCF Change: DM 1.68768e-4; eev 2.08735e-2 Ha; etot -6.70540e-3 Ha
Energy:    -919.9859100004 Ha after    4 iterations (in       0.06 seconds).
SCF Change: DM 4.99022e-5; eev 3.88519e-3 Ha; etot -1.41420e-4 Ha
Energy:    -919.9860514207 Ha after    5 iterations (in       0.06 seconds).
SCF Change: DM 2.72504e-5; eev 4.80317e-4 Ha; etot -3.70490e-6 Ha
Energy:    -919.9860551256 Ha after    6 iterations (in       0.06 seconds).
SCF Change: DM 4.05347e-5; eev 4.77935e-4 Ha; etot -9.20811e-7 Ha
Energy:    -919.9860560464 Ha after    7 iterations (in       0.06 seconds).
SCF Change: DM 2.42502e-6; eev 2.67984e-5 Ha; etot -5.23280e-7 Ha
Energy:    -919.9860565697 Ha after    8 iterations (in       0.06 seconds).
SCF Change: DM 1.58753e-6; eev 1.15211e-5 Ha; etot 1.17649e-8 Ha
Energy:    -919.9860565579 Ha after    9 iterations (in       0.07 seconds).
SCF Change: DM 2.39607e-7; eev 9.49427e-6 Ha; etot -1.52762e-8 Ha
Energy:    -919.9860565732 Ha after   10 iterations (in       0.06 seconds).
SCF Change: DM 1.09955e-7; eev 3.92679e-6 Ha; etot -8.45830e-11 Ha
Energy:    -919.9860565733 Ha after   11 iterations (in       0.06 seconds).
SCF Change: DM 3.77061e-8; eev 2.12686e-6 Ha; etot -2.06910e-11 Ha
Energy:    -919.9860565733 Ha after   12 iterations (in       0.06 seconds).
SCF Change: DM 5.36795e-9; eev 1.15425e-7 Ha; etot -2.61480e-12 Ha
Energy:    -919.9860565733 Ha after   13 iterations (in       0.06 seconds).
SCF Change: DM 9.66596e-10; eev 9.67859e-8 Ha; etot 6.13909e-12 Ha
Energy:    -919.9860565733 Ha after   14 iterations (in       0.06 seconds).
SCF Change: DM 1.12746e-10; eev 4.62717e-9 Ha; etot -5.00222e-12 Ha
Energy:    -919.9860565733 Ha after   15 iterations (in       0.06 seconds).
SCF is converged after   15 iterations.
==========================================
Now evaluate the    PT2 correlation energy
==========================================
----------------------------------------------------------------------
Methods         :       Total Corr,          OS Corr,          SS Corr
----------------------------------------------------------------------
PT2             :      -2.57927750,      -1.73876843,      -0.84050907
----------------------------------------------------------------------
Fifth-rung correlation energy :      -0.758798543734 Ha
E[XYGJOS]=:    -916.11087515 Ha, Ex[HF]:     -64.68906527 Ha, Ec[PT2  ]:      -2.57927750 Ha
Mulliken population analysis:
  0-Br :  -0.000000
  1-Br :   0.000000

====================================================
              REST: Mission accomplished
====================================================
The SCF energy        :    -919.9860565733 Ha
The (R)-xDH energy    :    -916.1108751452 Ha
Detailed time report:
SCF       |:    2.101 s for the scf procedure
PT2       |:    0.188 s for the PT2 evaluation
Overall   |:    2.770 s for the whole job
