=========================================================
Input parameters for the REST calculation
=========================================================
Calculation type: Single-point energy
The exchange-correlation method: xygjos
Print level:                1
The number of threads used for parallelism:      8
The spheric-GTO basis set is taken from /home/symei/TZVPP-28-o-all
The pruning method is nwchem
The radial grid generation method is treutler
ERI Type: ri_v
Turn on the basis pair symmetry for RI 3D-tensors
The spheric-GTO auxiliary basis set is taken from /home/symei/def2-SV(P)-JKFIT
Spin polarization: Off
Charge:   0; Spin:   1
min_num_angular_points: 110
max_num_angular_points: 590
hardness: 3
Grid generation level: 3
Even tempered basis generation: false
SCF convergency thresholds: 1e-8 for density matrix
                            1e-8 Ha. for sum of eigenvalues
                            1e-8 Ha. for total energy
Max. SCF cycle number:      250
The diis mixing with (param, max_vec_len) = (0.2, 8) is employed for the SCF procedure
Turn on the diis mixing after 1 step(s) of SCF iteractions with the linear mixing
The specified checkfile exists but is not loaded because the keyword 'external_init_guess' is specified
It will be updated after the SCF procedure 
(none)
Initial guess is prepared by (sad).
It is a finite cluster calculation
the scf functional for 'xygjos' contains
The density functional 'B3LYP' belongs to the 'Hybrid GGA' family and is defined in the reference(s):
(0): P. J. Stephens, F. J. Devlin, C. F. Chabalowski, and M. J. Frisch.,  J. Phys. Chem. 98, 11623 (1994)
the post-scf functional 'xygjos' is employed, which contains
The density functional 'Slater exchange' belongs to the 'LDA' family and is defined in the reference(s):
(0): P. A. M. Dirac.,  Math. Proc. Cambridge Philos. Soc. 26, 376 (1930)
(1): F. Bloch.,  Z. Phys. 57, 545 (1929)
The density functional 'Becke 88' belongs to the 'GGA' family and is defined in the reference(s):
(0): A. D. Becke.,  Phys. Rev. A 38, 3098 (1988)
The density functional 'Vosko, Wilk & Nusair (VWN5_RPA)' belongs to the 'LDA' family and is defined in the reference(s):
(0): S. H. Vosko, L. Wilk, and M. Nusair.,  Can. J. Phys. 58, 1200 (1980)
The density functional 'Lee, Yang & Parr' belongs to the 'GGA' family and is defined in the reference(s):
(0): C. Lee, W. Yang, and R. G. Parr.,  Phys. Rev. B 37, 785 (1988)
(1): B. Miehlich, A. Savin, H. Stoll, and H. Preuss.,  Chem. Phys. Lett. 157, 200 (1989)
<start_mo> for the frozen-core post-SCF methods 6 is larger than the number of ecp orbitals 5. Take the <start_mo> -= ecp_orbitals
Libxc version used in REST: 7.0.0
nbas: 30, natm: 2 for standard basis sets
First valence state for the frozen-core algorithm:     1
final nbas: 128,final natm: 4
numbasis: 90, num_auxbas: 394
Molecule_name: brcl
Restricted Hartree-Fock (or Kohn-Sham) algorithm is invoked.
Nuc_energy:     103.86163079 Hartree
No ghost effective potential
No ghost point charges
Overlap matrix is nonsigular:
  Lowest eigenvalue:       0.00912335 with the total number of basis functions:     90
Grid size: 39784
Generate SAD of Br
Generate SAD of Cl
Initial guess HF energy:    -920.1342176988104029
The total energy:      -920.0903455867 Ha by the initial guess
Energy:    -919.2489332323 Ha after    1 iterations (in       0.07 seconds).
SCF Change: DM 9.89430e-2; eev  4.20534e0 Ha; etot  2.54329e1 Ha
Energy:    -893.8160299173 Ha after    2 iterations (in       0.06 seconds).
SCF Change: DM 6.11405e-3; eev 8.19445e-1 Ha; etot -2.61424e1 Ha
Energy:    -919.9584798701 Ha after    3 iterations (in       0.06 seconds).
SCF Change: DM 3.80526e-3; eev 6.18166e-1 Ha; etot -1.63449e-1 Ha
Energy:    -920.1219284012 Ha after    4 iterations (in       0.06 seconds).
SCF Change: DM 2.07554e-3; eev 2.62278e-1 Ha; etot -5.55177e-2 Ha
Energy:    -920.1774461277 Ha after    5 iterations (in       0.07 seconds).
SCF Change: DM 4.21198e-4; eev 9.42576e-2 Ha; etot -1.86354e-2 Ha
Energy:    -920.1960815347 Ha after    6 iterations (in       0.06 seconds).
SCF Change: DM 7.81185e-5; eev 1.29805e-2 Ha; etot -2.59160e-4 Ha
Energy:    -920.1963406950 Ha after    7 iterations (in       0.05 seconds).
SCF Change: DM 3.59752e-5; eev 3.90423e-3 Ha; etot -1.01905e-5 Ha
Energy:    -920.1963508855 Ha after    8 iterations (in       0.06 seconds).
SCF Change: DM 1.90856e-5; eev 1.05212e-3 Ha; etot -7.28075e-6 Ha
Energy:    -920.1963581662 Ha after    9 iterations (in       0.07 seconds).
SCF Change: DM 1.35471e-5; eev 4.68381e-4 Ha; etot -7.30777e-7 Ha
Energy:    -920.1963588970 Ha after   10 iterations (in       0.07 seconds).
SCF Change: DM 1.55291e-5; eev 1.48627e-4 Ha; etot -1.58590e-7 Ha
Energy:    -920.1963590556 Ha after   11 iterations (in       0.06 seconds).
SCF Change: DM 5.40836e-6; eev 7.57914e-5 Ha; etot -8.18683e-8 Ha
Energy:    -920.1963591375 Ha after   12 iterations (in       0.05 seconds).
SCF Change: DM 1.58184e-7; eev 1.09207e-5 Ha; etot -6.95297e-9 Ha
Energy:    -920.1963591444 Ha after   13 iterations (in       0.05 seconds).
SCF Change: DM 9.94911e-8; eev 3.31032e-6 Ha; etot -4.75211e-11 Ha
Energy:    -920.1963591445 Ha after   14 iterations (in       0.05 seconds).
SCF Change: DM 2.87301e-8; eev 2.32972e-6 Ha; etot -3.06954e-12 Ha
Energy:    -920.1963591445 Ha after   15 iterations (in       0.05 seconds).
SCF Change: DM 2.91510e-8; eev 4.31920e-7 Ha; etot 2.50111e-12 Ha
Energy:    -920.1963591445 Ha after   16 iterations (in       0.06 seconds).
SCF Change: DM 2.82041e-8; eev 1.81446e-7 Ha; etot -3.06954e-12 Ha
Energy:    -920.1963591445 Ha after   17 iterations (in       0.05 seconds).
SCF Change: DM 4.53175e-9; eev 7.57944e-8 Ha; etot -1.02318e-12 Ha
Energy:    -920.1963591445 Ha after   18 iterations (in       0.05 seconds).
SCF Change: DM 2.97024e-10; eev 1.52491e-8 Ha; etot -1.02318e-12 Ha
Energy:    -920.1963591445 Ha after   19 iterations (in       0.06 seconds).
SCF Change: DM 1.40794e-10; eev 1.33427e-8 Ha; etot -1.36424e-12 Ha
Energy:    -920.1963591445 Ha after   20 iterations (in       0.06 seconds).
Energy increase is detected. Turn on the linear mixing algorithm with (H[DIIS, i-1] + H[DIIS, i+1]).
Prev_Energies: (   -920.19635914,    -920.19635914)
SCF Change: DM 1.10609e-10; eev 1.08418e-8 Ha; etot 3.75167e-12 Ha
Energy:    -920.1963591445 Ha after   21 iterations (in       0.07 seconds).
SCF Change: DM 1.57599e-10; eev 9.91093e-9 Ha; etot -1.36424e-12 Ha
Energy:    -920.1963591445 Ha after   22 iterations (in       0.06 seconds).
SCF is converged after   22 iterations.
==========================================
Now evaluate the    PT2 correlation energy
==========================================
----------------------------------------------------------------------
Methods         :       Total Corr,          OS Corr,          SS Corr
----------------------------------------------------------------------
PT2             :      -1.63635059,      -1.12168867,      -0.51466192
----------------------------------------------------------------------
Fifth-rung correlation energy :      -0.489504936591 Ha
E[XYGJOS]=:    -917.76115180 Ha, Ex[HF]:     -59.90502453 Ha, Ec[PT2  ]:      -1.63635059 Ha
Mulliken population analysis:
  0-Br :   0.458340
  1-Cl :  -0.458340

====================================================
              REST: Mission accomplished
====================================================
The SCF energy        :    -920.1963591445 Ha
The (R)-xDH energy    :    -917.7611517963 Ha
Detailed time report:
SCF       |:    2.310 s for the scf procedure
PT2       |:    0.119 s for the PT2 evaluation
Overall   |:    2.974 s for the whole job
