=========================================================
Input parameters for the REST calculation
=========================================================
Calculation type: Single-point energy
The exchange-correlation method: xygjos
Print level:                1
The number of threads used for parallelism:      8
The spheric-GTO basis set is taken from /home/symei/TZVPP-28-o-all
The pruning method is nwchem
The radial grid generation method is treutler
ERI Type: ri_v
Turn on the basis pair symmetry for RI 3D-tensors
The spheric-GTO auxiliary basis set is taken from /home/symei/def2-SV(P)-JKFIT
Spin polarization: Off
Charge:   0; Spin:   1
min_num_angular_points: 110
max_num_angular_points: 590
hardness: 3
Grid generation level: 3
Even tempered basis generation: false
SCF convergency thresholds: 1e-8 for density matrix
                            1e-8 Ha. for sum of eigenvalues
                            1e-8 Ha. for total energy
Max. SCF cycle number:      250
The diis mixing with (param, max_vec_len) = (0.2, 8) is employed for the SCF procedure
Turn on the diis mixing after 1 step(s) of SCF iteractions with the linear mixing
The specified checkfile exists but is not loaded because the keyword 'external_init_guess' is specified
It will be updated after the SCF procedure 
(none)
Initial guess is prepared by (sad).
It is a finite cluster calculation
the scf functional for 'xygjos' contains
The density functional 'B3LYP' belongs to the 'Hybrid GGA' family and is defined in the reference(s):
(0): P. J. Stephens, F. J. Devlin, C. F. Chabalowski, and M. J. Frisch.,  J. Phys. Chem. 98, 11623 (1994)
the post-scf functional 'xygjos' is employed, which contains
The density functional 'Slater exchange' belongs to the 'LDA' family and is defined in the reference(s):
(0): P. A. M. Dirac.,  Math. Proc. Cambridge Philos. Soc. 26, 376 (1930)
(1): F. Bloch.,  Z. Phys. 57, 545 (1929)
The density functional 'Becke 88' belongs to the 'GGA' family and is defined in the reference(s):
(0): A. D. Becke.,  Phys. Rev. A 38, 3098 (1988)
The density functional 'Vosko, Wilk & Nusair (VWN5_RPA)' belongs to the 'LDA' family and is defined in the reference(s):
(0): S. H. Vosko, L. Wilk, and M. Nusair.,  Can. J. Phys. 58, 1200 (1980)
The density functional 'Lee, Yang & Parr' belongs to the 'GGA' family and is defined in the reference(s):
(0): C. Lee, W. Yang, and R. G. Parr.,  Phys. Rev. B 37, 785 (1988)
(1): B. Miehlich, A. Savin, H. Stoll, and H. Preuss.,  Chem. Phys. Lett. 157, 200 (1989)
<start_mo> for the frozen-core post-SCF methods 10 is larger than the number of ecp orbitals 10. Take the <start_mo> -= ecp_orbitals
Libxc version used in REST: 7.0.0
nbas: 78, natm: 8 for standard basis sets
First valence state for the frozen-core algorithm:     0
final nbas: 272,final natm: 16
numbasis: 214, num_auxbas: 754
Molecule_name: cbrcbr
Restricted Hartree-Fock (or Kohn-Sham) algorithm is invoked.
Nuc_energy:     276.82755254 Hartree
No ghost effective potential
No ghost point charges
Overlap matrix is nonsigular:
  Lowest eigenvalue:       0.00035717 with the total number of basis functions:    214
Grid size: 109708
Generate SAD of C
Generate SAD of H
Generate SAD of Br
Initial guess HF energy:    -998.5240282264130656
The total energy:      -998.1194223646 Ha by the initial guess
Energy:    -996.3449026380 Ha after    1 iterations (in       0.46 seconds).
SCF Change: DM 8.58319e-2; eev  6.15380e0 Ha; etot  5.17023e1 Ha
Energy:    -944.6426380089 Ha after    2 iterations (in       0.43 seconds).
SCF Change: DM 2.92181e-2; eev  3.75369e0 Ha; etot -5.35014e1 Ha
Energy:    -998.1440047448 Ha after    3 iterations (in       0.42 seconds).
SCF Change: DM 1.58623e-2; eev  2.24084e0 Ha; etot 9.52301e-2 Ha
Energy:    -998.0487746608 Ha after    4 iterations (in       0.42 seconds).
SCF Change: DM 1.49999e-3; eev 3.56042e-1 Ha; etot -6.13070e-1 Ha
Energy:    -998.6618446355 Ha after    5 iterations (in       0.40 seconds).
SCF Change: DM 1.82910e-4; eev 4.33197e-2 Ha; etot -8.60865e-3 Ha
Energy:    -998.6704532821 Ha after    6 iterations (in       0.48 seconds).
SCF Change: DM 1.96526e-4; eev 1.06844e-2 Ha; etot -2.36399e-4 Ha
Energy:    -998.6706896808 Ha after    7 iterations (in       0.48 seconds).
SCF Change: DM 3.36564e-4; eev 2.05848e-2 Ha; etot -2.40585e-4 Ha
Energy:    -998.6709302660 Ha after    8 iterations (in       0.45 seconds).
SCF Change: DM 3.66125e-5; eev 1.48459e-3 Ha; etot -1.70689e-4 Ha
Energy:    -998.6711009554 Ha after    9 iterations (in       0.43 seconds).
SCF Change: DM 4.87519e-6; eev 5.05662e-4 Ha; etot -1.94089e-6 Ha
Energy:    -998.6711028963 Ha after   10 iterations (in       0.42 seconds).
SCF Change: DM 7.38705e-7; eev 7.87883e-5 Ha; etot -3.56903e-8 Ha
Energy:    -998.6711029320 Ha after   11 iterations (in       0.42 seconds).
SCF Change: DM 2.95705e-7; eev 8.21671e-6 Ha; etot -2.54124e-9 Ha
Energy:    -998.6711029345 Ha after   12 iterations (in       0.38 seconds).
SCF Change: DM 1.21541e-7; eev 1.72591e-6 Ha; etot -1.71212e-10 Ha
Energy:    -998.6711029347 Ha after   13 iterations (in       0.40 seconds).
SCF Change: DM 1.37677e-7; eev 1.84179e-6 Ha; etot -1.06866e-11 Ha
Energy:    -998.6711029347 Ha after   14 iterations (in       0.39 seconds).
SCF Change: DM 5.47038e-8; eev 7.05757e-7 Ha; etot -3.02407e-11 Ha
Energy:    -998.6711029347 Ha after   15 iterations (in       0.38 seconds).
SCF Change: DM 8.06956e-9; eev 4.86446e-7 Ha; etot -1.22782e-11 Ha
Energy:    -998.6711029347 Ha after   16 iterations (in       0.37 seconds).
SCF Change: DM 2.40837e-9; eev 1.18514e-7 Ha; etot 2.31921e-11 Ha
Energy:    -998.6711029347 Ha after   17 iterations (in       0.36 seconds).
SCF Change: DM 1.37922e-9; eev 2.82910e-8 Ha; etot -1.46656e-11 Ha
Energy:    -998.6711029347 Ha after   18 iterations (in       0.36 seconds).
SCF Change: DM 2.61888e-10; eev 1.40262e-8 Ha; etot 6.25278e-12 Ha
Energy:    -998.6711029347 Ha after   19 iterations (in       0.35 seconds).
SCF Change: DM 3.32712e-11; eev 2.84932e-9 Ha; etot -8.64020e-12 Ha
Energy:    -998.6711029347 Ha after   20 iterations (in       0.39 seconds).
SCF is converged after   20 iterations.
==========================================
Now evaluate the    PT2 correlation energy
==========================================
----------------------------------------------------------------------
Methods         :       Total Corr,          OS Corr,          SS Corr
----------------------------------------------------------------------
PT2             :      -3.13008536,      -2.14016508,      -0.98992029
----------------------------------------------------------------------
Fifth-rung correlation energy :      -0.933968040385 Ha
E[XYGJOS]=:    -994.55666897 Ha, Ex[HF]:     -76.45301338 Ha, Ec[PT2  ]:      -3.13008536 Ha
Mulliken population analysis:
  0-C  :  -0.709641
  1-H  :   0.155294
  2-H  :   0.155294
  3-C  :  -0.709641
  4-H  :   0.155294
  5-H  :   0.155294
  6-Br :   0.399054
  7-Br :   0.399054

====================================================
              REST: Mission accomplished
====================================================
The SCF energy        :    -998.6711029347 Ha
The (R)-xDH energy    :    -994.5566689657 Ha
Detailed time report:
SCF       |:   12.881 s for the scf procedure
Overall   |:   14.132 s for the whole job
PT2       |:    0.798 s for the PT2 evaluation
