=========================================================
Input parameters for the REST calculation
=========================================================
Calculation type: Single-point energy
The exchange-correlation method: xygjos
Print level:                1
The number of threads used for parallelism:      8
The spheric-GTO basis set is taken from /home/symei/TZVPP-28-o-all
The pruning method is nwchem
The radial grid generation method is treutler
ERI Type: ri_v
Turn on the basis pair symmetry for RI 3D-tensors
The spheric-GTO auxiliary basis set is taken from /home/symei/def2-SV(P)-JKFIT
Spin polarization: Off
Charge:   0; Spin:   1
min_num_angular_points: 110
max_num_angular_points: 590
hardness: 3
Grid generation level: 3
Even tempered basis generation: false
SCF convergency thresholds: 1e-8 for density matrix
                            1e-8 Ha. for sum of eigenvalues
                            1e-8 Ha. for total energy
Max. SCF cycle number:      250
The diis mixing with (param, max_vec_len) = (0.2, 8) is employed for the SCF procedure
Turn on the diis mixing after 1 step(s) of SCF iteractions with the linear mixing
The specified checkfile exists but is not loaded because the keyword 'external_init_guess' is specified
It will be updated after the SCF procedure 
(none)
Initial guess is prepared by (sad).
It is a finite cluster calculation
the scf functional for 'xygjos' contains
The density functional 'B3LYP' belongs to the 'Hybrid GGA' family and is defined in the reference(s):
(0): P. J. Stephens, F. J. Devlin, C. F. Chabalowski, and M. J. Frisch.,  J. Phys. Chem. 98, 11623 (1994)
the post-scf functional 'xygjos' is employed, which contains
The density functional 'Slater exchange' belongs to the 'LDA' family and is defined in the reference(s):
(0): P. A. M. Dirac.,  Math. Proc. Cambridge Philos. Soc. 26, 376 (1930)
(1): F. Bloch.,  Z. Phys. 57, 545 (1929)
The density functional 'Becke 88' belongs to the 'GGA' family and is defined in the reference(s):
(0): A. D. Becke.,  Phys. Rev. A 38, 3098 (1988)
The density functional 'Vosko, Wilk & Nusair (VWN5_RPA)' belongs to the 'LDA' family and is defined in the reference(s):
(0): S. H. Vosko, L. Wilk, and M. Nusair.,  Can. J. Phys. 58, 1200 (1980)
The density functional 'Lee, Yang & Parr' belongs to the 'GGA' family and is defined in the reference(s):
(0): C. Lee, W. Yang, and R. G. Parr.,  Phys. Rev. B 37, 785 (1988)
(1): B. Miehlich, A. Savin, H. Stoll, and H. Preuss.,  Chem. Phys. Lett. 157, 200 (1989)
<start_mo> for the frozen-core post-SCF methods 5 is larger than the number of ecp orbitals 5. Take the <start_mo> -= ecp_orbitals
Libxc version used in REST: 7.0.0
nbas: 91, natm: 11 for standard basis sets
First valence state for the frozen-core algorithm:     0
final nbas: 268,final natm: 22
numbasis: 239, num_auxbas: 617
Molecule_name: cccbr1
Restricted Hartree-Fock (or Kohn-Sham) algorithm is invoked.
Nuc_energy:     189.58800727 Hartree
No ghost effective potential
No ghost point charges
Overlap matrix is nonsigular:
  Lowest eigenvalue:       0.00026850 with the total number of basis functions:    239
Grid size: 132778
Generate SAD of C
Generate SAD of H
Generate SAD of Br
Initial guess HF energy:    -578.7964249460969768
The total energy:      -578.0199450896 Ha by the initial guess
Energy:    -576.5320764232 Ha after    1 iterations (in       0.45 seconds).
SCF Change: DM 5.20531e-2; eev  7.32001e0 Ha; etot  3.18838e1 Ha
Energy:    -544.6483188306 Ha after    2 iterations (in       0.48 seconds).
SCF Change: DM 7.53825e-3; eev  2.33146e0 Ha; etot -3.20450e1 Ha
Energy:    -576.6933272294 Ha after    3 iterations (in       0.48 seconds).
SCF Change: DM 1.42569e-2; eev  1.17896e0 Ha; etot -1.55509e0 Ha
Energy:    -578.2484198243 Ha after    4 iterations (in       0.45 seconds).
SCF Change: DM 4.95713e-3; eev 3.68950e-1 Ha; etot -3.18547e-1 Ha
Energy:    -578.5669669224 Ha after    5 iterations (in       0.44 seconds).
SCF Change: DM 1.66547e-3; eev 1.69567e-1 Ha; etot -1.03348e-2 Ha
Energy:    -578.5773017152 Ha after    6 iterations (in       0.45 seconds).
SCF Change: DM 4.30067e-4; eev 5.00997e-2 Ha; etot -2.42345e-2 Ha
Energy:    -578.6015362322 Ha after    7 iterations (in       0.45 seconds).
SCF Change: DM 3.29159e-4; eev 2.25951e-2 Ha; etot 1.04765e-4 Ha
Energy:    -578.6014314668 Ha after    8 iterations (in       0.44 seconds).
SCF Change: DM 8.12851e-5; eev 8.16097e-3 Ha; etot -5.02278e-4 Ha
Energy:    -578.6019337450 Ha after    9 iterations (in       0.45 seconds).
SCF Change: DM 2.02311e-5; eev 1.96154e-3 Ha; etot -2.40301e-5 Ha
Energy:    -578.6019577750 Ha after   10 iterations (in       0.46 seconds).
SCF Change: DM 2.46000e-6; eev 5.55767e-4 Ha; etot -1.35550e-6 Ha
Energy:    -578.6019591305 Ha after   11 iterations (in       0.46 seconds).
SCF Change: DM 3.14732e-6; eev 2.24035e-4 Ha; etot -1.09092e-7 Ha
Energy:    -578.6019592396 Ha after   12 iterations (in       0.47 seconds).
SCF Change: DM 8.07550e-7; eev 3.62041e-5 Ha; etot -1.62704e-8 Ha
Energy:    -578.6019592559 Ha after   13 iterations (in       0.47 seconds).
SCF Change: DM 2.14083e-7; eev 1.36836e-5 Ha; etot -8.43443e-10 Ha
Energy:    -578.6019592567 Ha after   14 iterations (in       0.46 seconds).
SCF Change: DM 5.83671e-8; eev 3.63941e-6 Ha; etot -1.35174e-10 Ha
Energy:    -578.6019592569 Ha after   15 iterations (in       0.46 seconds).
SCF Change: DM 2.06082e-8; eev 1.64424e-6 Ha; etot -1.15961e-11 Ha
Energy:    -578.6019592569 Ha after   16 iterations (in       0.49 seconds).
SCF Change: DM 1.27030e-8; eev 5.98427e-7 Ha; etot -7.95808e-13 Ha
Energy:    -578.6019592569 Ha after   17 iterations (in       0.48 seconds).
SCF Change: DM 3.18213e-9; eev 1.78277e-7 Ha; etot 1.04592e-11 Ha
Energy:    -578.6019592569 Ha after   18 iterations (in       0.52 seconds).
SCF Change: DM 4.95850e-10; eev 4.51296e-8 Ha; etot -6.48015e-12 Ha
Energy:    -578.6019592569 Ha after   19 iterations (in       0.49 seconds).
SCF Change: DM 3.03983e-10; eev 1.32985e-8 Ha; etot 3.41061e-12 Ha
Energy:    -578.6019592569 Ha after   20 iterations (in       0.53 seconds).
Energy increase is detected. Turn on the linear mixing algorithm with (H[DIIS, i-1] + H[DIIS, i+1]).
Prev_Energies: (   -578.60195926,    -578.60195926)
SCF Change: DM 1.95688e-10; eev 1.17876e-8 Ha; etot 3.29692e-12 Ha
Energy:    -578.6019592569 Ha after   21 iterations (in       0.51 seconds).
SCF Change: DM 5.66225e-10; eev 9.70541e-9 Ha; etot -9.43601e-12 Ha
Energy:    -578.6019592569 Ha after   22 iterations (in       0.54 seconds).
SCF is converged after   22 iterations.
==========================================
Now evaluate the    PT2 correlation energy
==========================================
----------------------------------------------------------------------
Methods         :       Total Corr,          OS Corr,          SS Corr
----------------------------------------------------------------------
PT2             :      -2.09967271,      -1.49325419,      -0.60641852
----------------------------------------------------------------------
Fifth-rung correlation energy :      -0.651656129375 Ha
E[XYGJOS]=:    -576.31929729 Ha, Ex[HF]:     -50.38376180 Ha, Ec[PT2  ]:      -2.09967271 Ha
Mulliken population analysis:
  0-C  :  -0.346331
  1-H  :   0.088448
  2-H  :   0.088448
  3-H  :   0.088670
  4-C  :  -0.006460
  5-H  :   0.092757
  6-H  :   0.092757
  7-C  :  -0.742843
  8-H  :   0.110991
  9-H  :   0.110991
 10-Br :   0.422572

====================================================
              REST: Mission accomplished
====================================================
The SCF energy        :    -578.6019592569 Ha
The (R)-xDH energy    :    -576.3192972876 Ha
Detailed time report:
PT2       |:    0.781 s for the PT2 evaluation
Overall   |:   16.595 s for the whole job
SCF       |:   15.361 s for the scf procedure
