=========================================================
Input parameters for the REST calculation
=========================================================
Calculation type: Single-point energy
The exchange-correlation method: xygjos
Print level:                1
The number of threads used for parallelism:      8
The spheric-GTO basis set is taken from /home/symei/TZVPP-28-o-all
The pruning method is nwchem
The radial grid generation method is treutler
ERI Type: ri_v
Turn on the basis pair symmetry for RI 3D-tensors
The spheric-GTO auxiliary basis set is taken from /home/symei/def2-SV(P)-JKFIT
Spin polarization: Off
Charge:   0; Spin:   1
min_num_angular_points: 110
max_num_angular_points: 590
hardness: 3
Grid generation level: 3
Even tempered basis generation: false
SCF convergency thresholds: 1e-8 for density matrix
                            1e-8 Ha. for sum of eigenvalues
                            1e-8 Ha. for total energy
Max. SCF cycle number:      250
The diis mixing with (param, max_vec_len) = (0.2, 8) is employed for the SCF procedure
Turn on the diis mixing after 1 step(s) of SCF iteractions with the linear mixing
The specified checkfile exists but is not loaded because the keyword 'external_init_guess' is specified
It will be updated after the SCF procedure 
(none)
Initial guess is prepared by (sad).
It is a finite cluster calculation
the scf functional for 'xygjos' contains
The density functional 'B3LYP' belongs to the 'Hybrid GGA' family and is defined in the reference(s):
(0): P. J. Stephens, F. J. Devlin, C. F. Chabalowski, and M. J. Frisch.,  J. Phys. Chem. 98, 11623 (1994)
the post-scf functional 'xygjos' is employed, which contains
The density functional 'Slater exchange' belongs to the 'LDA' family and is defined in the reference(s):
(0): P. A. M. Dirac.,  Math. Proc. Cambridge Philos. Soc. 26, 376 (1930)
(1): F. Bloch.,  Z. Phys. 57, 545 (1929)
The density functional 'Becke 88' belongs to the 'GGA' family and is defined in the reference(s):
(0): A. D. Becke.,  Phys. Rev. A 38, 3098 (1988)
The density functional 'Vosko, Wilk & Nusair (VWN5_RPA)' belongs to the 'LDA' family and is defined in the reference(s):
(0): S. H. Vosko, L. Wilk, and M. Nusair.,  Can. J. Phys. 58, 1200 (1980)
The density functional 'Lee, Yang & Parr' belongs to the 'GGA' family and is defined in the reference(s):
(0): C. Lee, W. Yang, and R. G. Parr.,  Phys. Rev. B 37, 785 (1988)
(1): B. Miehlich, A. Savin, H. Stoll, and H. Preuss.,  Chem. Phys. Lett. 157, 200 (1989)
For SCF calculation, no core orbital is frozen by effective core potential (ECP) approximation
Libxc version used in REST: 7.0.0
nbas: 35, natm: 5 for standard basis sets
First valence state for the frozen-core algorithm:     0
final nbas: 84,final natm: 10
numbasis: 87, num_auxbas: 147
Molecule_name: ch4
Restricted Hartree-Fock (or Kohn-Sham) algorithm is invoked.
Nuc_energy:      13.45820319 Hartree
No ghost effective potential
No ghost point charges
Overlap matrix is nonsigular:
  Lowest eigenvalue:       0.00053263 with the total number of basis functions:     87
Grid size: 53998
Generate SAD of C
Generate SAD of H
Initial guess HF energy:     -40.4215992619796651
The total energy:       -40.3814495772 Ha by the initial guess
Energy:     -40.3199689506 Ha after    1 iterations (in       0.04 seconds).
SCF Change: DM 6.63763e-3; eev  1.50590e0 Ha; etot 9.13726e-2 Ha
Energy:     -40.2285963321 Ha after    2 iterations (in       0.05 seconds).
SCF Change: DM 2.64440e-4; eev 9.57330e-2 Ha; etot -3.10447e-1 Ha
Energy:     -40.5390434678 Ha after    3 iterations (in       0.05 seconds).
SCF Change: DM 9.17471e-6; eev 3.79912e-3 Ha; etot -1.31871e-4 Ha
Energy:     -40.5391753393 Ha after    4 iterations (in       0.04 seconds).
SCF Change: DM 1.30006e-6; eev 2.36750e-4 Ha; etot -2.04849e-7 Ha
Energy:     -40.5391755441 Ha after    5 iterations (in       0.04 seconds).
SCF Change: DM 9.49122e-8; eev 9.81869e-6 Ha; etot -2.43067e-9 Ha
Energy:     -40.5391755465 Ha after    6 iterations (in       0.04 seconds).
SCF Change: DM 6.08264e-9; eev 1.60667e-6 Ha; etot -3.05960e-11 Ha
Energy:     -40.5391755466 Ha after    7 iterations (in       0.05 seconds).
SCF Change: DM 3.60786e-10; eev 5.06693e-8 Ha; etot -5.47118e-13 Ha
Energy:     -40.5391755466 Ha after    8 iterations (in       0.05 seconds).
SCF Change: DM 2.33278e-11; eev 9.90396e-10 Ha; etot 2.13163e-14 Ha
Energy:     -40.5391755466 Ha after    9 iterations (in       0.04 seconds).
SCF is converged after    9 iterations.
==========================================
Now evaluate the    PT2 correlation energy
==========================================
----------------------------------------------------------------------
Methods         :       Total Corr,          OS Corr,          SS Corr
----------------------------------------------------------------------
PT2             :      -0.29529898,      -0.24026904,      -0.05502994
----------------------------------------------------------------------
Fifth-rung correlation energy :      -0.104853409518 Ha
E[XYGJOS]=:     -40.41838019 Ha, Ex[HF]:      -6.58297264 Ha, Ec[PT2  ]:      -0.29529898 Ha
Mulliken population analysis:
  0-C  :  -0.396237
  1-H  :   0.099059
  2-H  :   0.099059
  3-H  :   0.099059
  4-H  :   0.099059

====================================================
              REST: Mission accomplished
====================================================
The SCF energy        :     -40.5391755466 Ha
The (R)-xDH energy    :     -40.4183801944 Ha
Detailed time report:
SCF       |:    1.102 s for the scf procedure
PT2       |:    0.099 s for the PT2 evaluation
Overall   |:    1.668 s for the whole job
