=========================================================
Input parameters for the REST calculation
=========================================================
Calculation type: Single-point energy
The exchange-correlation method: xygjos
Print level:                1
The number of threads used for parallelism:      8
The spheric-GTO basis set is taken from /home/symei/TZVPP-28-o-all
The pruning method is nwchem
The radial grid generation method is treutler
ERI Type: ri_v
Turn on the basis pair symmetry for RI 3D-tensors
The spheric-GTO auxiliary basis set is taken from /home/symei/def2-SV(P)-JKFIT
Spin polarization: Off
Charge:   0; Spin:   1
min_num_angular_points: 110
max_num_angular_points: 590
hardness: 3
Grid generation level: 3
Even tempered basis generation: false
SCF convergency thresholds: 1e-8 for density matrix
                            1e-8 Ha. for sum of eigenvalues
                            1e-8 Ha. for total energy
Max. SCF cycle number:      250
The diis mixing with (param, max_vec_len) = (0.2, 8) is employed for the SCF procedure
Turn on the diis mixing after 1 step(s) of SCF iteractions with the linear mixing
The specified checkfile exists but is not loaded because the keyword 'external_init_guess' is specified
It will be updated after the SCF procedure 
(none)
Initial guess is prepared by (sad).
It is a finite cluster calculation
the scf functional for 'xygjos' contains
The density functional 'B3LYP' belongs to the 'Hybrid GGA' family and is defined in the reference(s):
(0): P. J. Stephens, F. J. Devlin, C. F. Chabalowski, and M. J. Frisch.,  J. Phys. Chem. 98, 11623 (1994)
the post-scf functional 'xygjos' is employed, which contains
The density functional 'Slater exchange' belongs to the 'LDA' family and is defined in the reference(s):
(0): P. A. M. Dirac.,  Math. Proc. Cambridge Philos. Soc. 26, 376 (1930)
(1): F. Bloch.,  Z. Phys. 57, 545 (1929)
The density functional 'Becke 88' belongs to the 'GGA' family and is defined in the reference(s):
(0): A. D. Becke.,  Phys. Rev. A 38, 3098 (1988)
The density functional 'Vosko, Wilk & Nusair (VWN5_RPA)' belongs to the 'LDA' family and is defined in the reference(s):
(0): S. H. Vosko, L. Wilk, and M. Nusair.,  Can. J. Phys. 58, 1200 (1980)
The density functional 'Lee, Yang & Parr' belongs to the 'GGA' family and is defined in the reference(s):
(0): C. Lee, W. Yang, and R. G. Parr.,  Phys. Rev. B 37, 785 (1988)
(1): B. Miehlich, A. Savin, H. Stoll, and H. Preuss.,  Chem. Phys. Lett. 157, 200 (1989)
<start_mo> for the frozen-core post-SCF methods 15 is larger than the number of ecp orbitals 15. Take the <start_mo> -= ecp_orbitals
Libxc version used in REST: 7.0.0
nbas: 65, natm: 5 for standard basis sets
First valence state for the frozen-core algorithm:     0
final nbas: 276,final natm: 10
numbasis: 189, num_auxbas: 891
Molecule_name: chbr3
Restricted Hartree-Fock (or Kohn-Sham) algorithm is invoked.
Nuc_energy:     449.16660610 Hartree
No ghost effective potential
No ghost point charges
Overlap matrix is nonsigular:
  Lowest eigenvalue:       0.00057163 with the total number of basis functions:    189
Grid size: 86638
Generate SAD of C
Generate SAD of H
Generate SAD of Br
Initial guess HF energy:   -1418.2946210545760550
The total energy:     -1418.4248954732 Ha by the initial guess
Energy:   -1417.5135876172 Ha after    1 iterations (in       0.34 seconds).
SCF Change: DM 2.69831e-2; eev  3.05153e0 Ha; etot  1.12870e1 Ha
Energy:   -1406.2266236710 Ha after    2 iterations (in       0.33 seconds).
SCF Change: DM 9.37965e-3; eev  2.55937e0 Ha; etot -1.20758e1 Ha
Energy:   -1418.3024236704 Ha after    3 iterations (in       0.34 seconds).
SCF Change: DM 4.55509e-3; eev 9.47359e-1 Ha; etot -2.40488e-1 Ha
Energy:   -1418.5429120184 Ha after    4 iterations (in       0.32 seconds).
SCF Change: DM 1.94310e-3; eev 1.26463e-1 Ha; etot -1.09733e-1 Ha
Energy:   -1418.6526445862 Ha after    5 iterations (in       0.32 seconds).
SCF Change: DM 7.33863e-4; eev 1.32675e-1 Ha; etot -3.61867e-2 Ha
Energy:   -1418.6888313351 Ha after    6 iterations (in       0.34 seconds).
SCF Change: DM 4.29494e-4; eev 2.92311e-2 Ha; etot -8.18117e-3 Ha
Energy:   -1418.6970125054 Ha after    7 iterations (in       0.34 seconds).
SCF Change: DM 3.23372e-4; eev 2.95647e-2 Ha; etot 7.58087e-4 Ha
Energy:   -1418.6962544187 Ha after    8 iterations (in       0.33 seconds).
SCF Change: DM 4.53330e-5; eev 3.07671e-3 Ha; etot -1.65937e-3 Ha
Energy:   -1418.6979137859 Ha after    9 iterations (in       0.31 seconds).
SCF Change: DM 8.72814e-6; eev 1.31891e-3 Ha; etot -2.07109e-5 Ha
Energy:   -1418.6979344969 Ha after   10 iterations (in       0.33 seconds).
SCF Change: DM 1.65421e-6; eev 2.02318e-4 Ha; etot -1.60257e-6 Ha
Energy:   -1418.6979360994 Ha after   11 iterations (in       0.36 seconds).
SCF Change: DM 4.73089e-7; eev 3.64971e-5 Ha; etot -1.46865e-8 Ha
Energy:   -1418.6979361141 Ha after   12 iterations (in       0.32 seconds).
SCF Change: DM 1.93490e-7; eev 1.04577e-5 Ha; etot -1.09731e-9 Ha
Energy:   -1418.6979361152 Ha after   13 iterations (in       0.31 seconds).
SCF Change: DM 8.92503e-8; eev 8.66882e-6 Ha; etot -7.36691e-11 Ha
Energy:   -1418.6979361153 Ha after   14 iterations (in       0.31 seconds).
SCF Change: DM 3.87914e-8; eev 9.96936e-7 Ha; etot -5.75255e-11 Ha
Energy:   -1418.6979361154 Ha after   15 iterations (in       0.33 seconds).
SCF Change: DM 1.00931e-8; eev 5.61002e-7 Ha; etot 1.06866e-11 Ha
Energy:   -1418.6979361153 Ha after   16 iterations (in       0.34 seconds).
SCF Change: DM 5.13417e-9; eev 3.43668e-7 Ha; etot -2.20552e-11 Ha
Energy:   -1418.6979361154 Ha after   17 iterations (in       0.33 seconds).
SCF Change: DM 5.19070e-9; eev 2.59512e-7 Ha; etot 1.40972e-11 Ha
Energy:   -1418.6979361154 Ha after   18 iterations (in       0.32 seconds).
SCF Change: DM 1.32270e-9; eev 8.76430e-8 Ha; etot -1.81899e-11 Ha
Energy:   -1418.6979361154 Ha after   19 iterations (in       0.34 seconds).
SCF Change: DM 4.32911e-10; eev 3.06579e-8 Ha; etot -2.04636e-12 Ha
Energy:   -1418.6979361154 Ha after   20 iterations (in       0.32 seconds).
Energy increase is detected. Turn on the linear mixing algorithm with (H[DIIS, i-1] + H[DIIS, i+1]).
Prev_Energies: (  -1418.69793612,   -1418.69793612)
SCF Change: DM 3.30268e-10; eev 2.89921e-8 Ha; etot 1.84173e-11 Ha
Energy:   -1418.6979361154 Ha after   21 iterations (in       0.33 seconds).
SCF Change: DM 6.68456e-10; eev 1.22123e-8 Ha; etot -1.15961e-11 Ha
Energy:   -1418.6979361154 Ha after   22 iterations (in       0.34 seconds).
SCF Change: DM 3.33990e-11; eev 2.49577e-9 Ha; etot -7.73070e-12 Ha
Energy:   -1418.6979361154 Ha after   23 iterations (in       0.32 seconds).
SCF is converged after   23 iterations.
==========================================
Now evaluate the    PT2 correlation energy
==========================================
----------------------------------------------------------------------
Methods         :       Total Corr,          OS Corr,          SS Corr
----------------------------------------------------------------------
PT2             :      -4.41808353,      -2.93063637,      -1.48744716
----------------------------------------------------------------------
Fifth-rung correlation energy :      -1.278929709919 Ha
E[XYGJOS]=:   -1412.78750019 Ha, Ex[HF]:    -102.43830610 Ha, Ec[PT2  ]:      -4.41808353 Ha
Mulliken population analysis:
  0-C  :  -1.382780
  1-H  :   0.166912
  2-Br :   0.405287
  3-Br :   0.405290
  4-Br :   0.405290

====================================================
              REST: Mission accomplished
====================================================
The SCF energy        :   -1418.6979361154 Ha
The (R)-xDH energy    :   -1412.7875001891 Ha
Detailed time report:
Overall   |:   12.388 s for the whole job
SCF       |:   11.162 s for the scf procedure
PT2       |:    0.794 s for the PT2 evaluation
