=========================================================
Input parameters for the REST calculation
=========================================================
Calculation type: Single-point energy
The exchange-correlation method: xygjos
Print level:                1
The number of threads used for parallelism:      8
The spheric-GTO basis set is taken from /home/symei/TZVPP-28-o-all
The pruning method is nwchem
The radial grid generation method is treutler
ERI Type: ri_v
Turn on the basis pair symmetry for RI 3D-tensors
The spheric-GTO auxiliary basis set is taken from /home/symei/def2-SV(P)-JKFIT
Spin polarization: Off
Charge:   0; Spin:   1
min_num_angular_points: 110
max_num_angular_points: 590
hardness: 3
Grid generation level: 3
Even tempered basis generation: false
SCF convergency thresholds: 1e-8 for density matrix
                            1e-8 Ha. for sum of eigenvalues
                            1e-8 Ha. for total energy
Max. SCF cycle number:      250
The diis mixing with (param, max_vec_len) = (0.2, 8) is employed for the SCF procedure
Turn on the diis mixing after 1 step(s) of SCF iteractions with the linear mixing
The specified checkfile exists but is not loaded because the keyword 'external_init_guess' is specified
It will be updated after the SCF procedure 
(none)
Initial guess is prepared by (sad).
It is a finite cluster calculation
the scf functional for 'xygjos' contains
The density functional 'B3LYP' belongs to the 'Hybrid GGA' family and is defined in the reference(s):
(0): P. J. Stephens, F. J. Devlin, C. F. Chabalowski, and M. J. Frisch.,  J. Phys. Chem. 98, 11623 (1994)
the post-scf functional 'xygjos' is employed, which contains
The density functional 'Slater exchange' belongs to the 'LDA' family and is defined in the reference(s):
(0): P. A. M. Dirac.,  Math. Proc. Cambridge Philos. Soc. 26, 376 (1930)
(1): F. Bloch.,  Z. Phys. 57, 545 (1929)
The density functional 'Becke 88' belongs to the 'GGA' family and is defined in the reference(s):
(0): A. D. Becke.,  Phys. Rev. A 38, 3098 (1988)
The density functional 'Vosko, Wilk & Nusair (VWN5_RPA)' belongs to the 'LDA' family and is defined in the reference(s):
(0): S. H. Vosko, L. Wilk, and M. Nusair.,  Can. J. Phys. 58, 1200 (1980)
The density functional 'Lee, Yang & Parr' belongs to the 'GGA' family and is defined in the reference(s):
(0): C. Lee, W. Yang, and R. G. Parr.,  Phys. Rev. B 37, 785 (1988)
(1): B. Miehlich, A. Savin, H. Stoll, and H. Preuss.,  Chem. Phys. Lett. 157, 200 (1989)
<start_mo> for the frozen-core post-SCF methods 5 is larger than the number of ecp orbitals 5. Take the <start_mo> -= ecp_orbitals
Libxc version used in REST: 7.0.0
nbas: 33, natm: 3 for standard basis sets
First valence state for the frozen-core algorithm:     0
final nbas: 124,final natm: 6
numbasis: 93, num_auxbas: 361
Molecule_name: hobr
Restricted Hartree-Fock (or Kohn-Sham) algorithm is invoked.
Nuc_energy:      67.69452211 Hartree
No ghost effective potential
No ghost point charges
Overlap matrix is nonsigular:
  Lowest eigenvalue:       0.00274634 with the total number of basis functions:     93
Grid size: 45190
Generate SAD of O
Generate SAD of H
Generate SAD of Br
Initial guess HF energy:    -535.7443353366367091
The total energy:      -535.5204106967 Ha by the initial guess
Energy:    -533.6887280264 Ha after    1 iterations (in       0.06 seconds).
SCF Change: DM 1.49254e-1; eev  6.75922e0 Ha; etot  2.57712e1 Ha
Energy:    -507.9174986199 Ha after    2 iterations (in       0.06 seconds).
SCF Change: DM 9.36537e-3; eev  2.10560e0 Ha; etot -2.57630e1 Ha
Energy:    -533.6804620236 Ha after    3 iterations (in       0.05 seconds).
SCF Change: DM 1.28307e-2; eev  1.36054e0 Ha; etot -1.12856e0 Ha
Energy:    -534.8090172627 Ha after    4 iterations (in       0.07 seconds).
SCF Change: DM 3.86174e-3; eev 6.21754e-1 Ha; etot -9.53817e-1 Ha
Energy:    -535.7628347197 Ha after    5 iterations (in       0.05 seconds).
SCF Change: DM 1.15326e-3; eev 1.01227e-1 Ha; etot -4.69287e-2 Ha
Energy:    -535.8097633747 Ha after    6 iterations (in       0.06 seconds).
SCF Change: DM 3.89946e-4; eev 3.81467e-2 Ha; etot -2.64102e-3 Ha
Energy:    -535.8124043971 Ha after    7 iterations (in       0.05 seconds).
SCF Change: DM 1.19461e-4; eev 8.57170e-3 Ha; etot -6.94492e-4 Ha
Energy:    -535.8130988886 Ha after    8 iterations (in       0.05 seconds).
SCF Change: DM 3.00150e-5; eev 1.63004e-3 Ha; etot -4.23337e-5 Ha
Energy:    -535.8131412223 Ha after    9 iterations (in       0.06 seconds).
SCF Change: DM 1.88079e-5; eev 1.48669e-3 Ha; etot -8.39743e-7 Ha
Energy:    -535.8131420621 Ha after   10 iterations (in       0.07 seconds).
SCF Change: DM 7.94945e-6; eev 2.35030e-4 Ha; etot -1.18171e-6 Ha
Energy:    -535.8131432438 Ha after   11 iterations (in       0.05 seconds).
SCF Change: DM 3.74208e-6; eev 9.29634e-5 Ha; etot -7.34616e-8 Ha
Energy:    -535.8131433172 Ha after   12 iterations (in       0.06 seconds).
SCF Change: DM 1.41548e-6; eev 4.63364e-5 Ha; etot -1.32535e-8 Ha
Energy:    -535.8131433305 Ha after   13 iterations (in       0.05 seconds).
SCF Change: DM 6.52170e-7; eev 1.58134e-5 Ha; etot -1.80125e-9 Ha
Energy:    -535.8131433323 Ha after   14 iterations (in       0.06 seconds).
SCF Change: DM 9.83158e-8; eev 2.32130e-6 Ha; etot -2.41130e-10 Ha
Energy:    -535.8131433325 Ha after   15 iterations (in       0.05 seconds).
SCF Change: DM 1.59875e-8; eev 1.11541e-6 Ha; etot -1.36424e-12 Ha
Energy:    -535.8131433325 Ha after   16 iterations (in       0.06 seconds).
SCF Change: DM 8.32904e-9; eev 1.24339e-7 Ha; etot -3.06954e-12 Ha
Energy:    -535.8131433325 Ha after   17 iterations (in       0.05 seconds).
SCF Change: DM 2.97920e-9; eev 7.03401e-8 Ha; etot -3.41061e-13 Ha
Energy:    -535.8131433325 Ha after   18 iterations (in       0.05 seconds).
SCF Change: DM 2.64928e-9; eev 3.51621e-8 Ha; etot 3.29692e-12 Ha
Energy:    -535.8131433325 Ha after   19 iterations (in       0.05 seconds).
SCF Change: DM 3.92628e-10; eev 1.35111e-8 Ha; etot -3.06954e-12 Ha
Energy:    -535.8131433325 Ha after   20 iterations (in       0.05 seconds).
Energy increase is detected. Turn on the linear mixing algorithm with (H[DIIS, i-1] + H[DIIS, i+1]).
Prev_Energies: (   -535.81314333,    -535.81314333)
SCF Change: DM 3.09593e-10; eev 1.13960e-8 Ha; etot 4.54747e-13 Ha
Energy:    -535.8131433325 Ha after   21 iterations (in       0.05 seconds).
Energy increase is detected. Turn on the linear mixing algorithm with (H[DIIS, i-1] + H[DIIS, i+1]).
Prev_Energies: (   -535.81314333,    -535.81314333)
SCF Change: DM 3.18262e-10; eev 1.07619e-8 Ha; etot 1.13687e-12 Ha
Energy:    -535.8131433325 Ha after   22 iterations (in       0.07 seconds).
SCF Change: DM 1.54138e-10; eev 3.21872e-9 Ha; etot -2.27374e-13 Ha
Energy:    -535.8131433325 Ha after   23 iterations (in       0.06 seconds).
SCF is converged after   23 iterations.
==========================================
Now evaluate the    PT2 correlation energy
==========================================
----------------------------------------------------------------------
Methods         :       Total Corr,          OS Corr,          SS Corr
----------------------------------------------------------------------
PT2             :      -1.54963328,      -1.07385360,      -0.47577968
----------------------------------------------------------------------
Fifth-rung correlation energy :      -0.468629710754 Ha
E[XYGJOS]=:    -533.67923038 Ha, Ex[HF]:     -40.93104407 Ha, Ec[PT2  ]:      -1.54963328 Ha
Mulliken population analysis:
  0-O  :  -0.610954
  1-H  :   0.152335
  2-Br :   0.458619

====================================================
              REST: Mission accomplished
====================================================
The SCF energy        :    -535.8131433325 Ha
The (R)-xDH energy    :    -533.6792303796 Ha
Detailed time report:
PT2       |:    0.117 s for the PT2 evaluation
Overall   |:    2.927 s for the whole job
SCF       |:    2.344 s for the scf procedure
