=========================================================
Input parameters for the REST calculation
=========================================================
Calculation type: Single-point energy
The exchange-correlation method: xygjos
Print level:                1
The number of threads used for parallelism:      8
The spheric-GTO basis set is taken from /home/symei/TZVPP-28-o-all
The pruning method is nwchem
The radial grid generation method is treutler
ERI Type: ri_v
Turn on the basis pair symmetry for RI 3D-tensors
The spheric-GTO auxiliary basis set is taken from /home/symei/def2-SV(P)-JKFIT
Spin polarization: Off
Charge:   0; Spin:   1
min_num_angular_points: 110
max_num_angular_points: 590
hardness: 3
Grid generation level: 3
Even tempered basis generation: false
SCF convergency thresholds: 1e-8 for density matrix
                            1e-8 Ha. for sum of eigenvalues
                            1e-8 Ha. for total energy
Max. SCF cycle number:      250
The diis mixing with (param, max_vec_len) = (0.2, 8) is employed for the SCF procedure
Turn on the diis mixing after 1 step(s) of SCF iteractions with the linear mixing
The specified checkfile exists but is not loaded because the keyword 'external_init_guess' is specified
It will be updated after the SCF procedure 
(none)
Initial guess is prepared by (sad).
It is a finite cluster calculation
the scf functional for 'xygjos' contains
The density functional 'B3LYP' belongs to the 'Hybrid GGA' family and is defined in the reference(s):
(0): P. J. Stephens, F. J. Devlin, C. F. Chabalowski, and M. J. Frisch.,  J. Phys. Chem. 98, 11623 (1994)
the post-scf functional 'xygjos' is employed, which contains
The density functional 'Slater exchange' belongs to the 'LDA' family and is defined in the reference(s):
(0): P. A. M. Dirac.,  Math. Proc. Cambridge Philos. Soc. 26, 376 (1930)
(1): F. Bloch.,  Z. Phys. 57, 545 (1929)
The density functional 'Becke 88' belongs to the 'GGA' family and is defined in the reference(s):
(0): A. D. Becke.,  Phys. Rev. A 38, 3098 (1988)
The density functional 'Vosko, Wilk & Nusair (VWN5_RPA)' belongs to the 'LDA' family and is defined in the reference(s):
(0): S. H. Vosko, L. Wilk, and M. Nusair.,  Can. J. Phys. 58, 1200 (1980)
The density functional 'Lee, Yang & Parr' belongs to the 'GGA' family and is defined in the reference(s):
(0): C. Lee, W. Yang, and R. G. Parr.,  Phys. Rev. B 37, 785 (1988)
(1): B. Miehlich, A. Savin, H. Stoll, and H. Preuss.,  Chem. Phys. Lett. 157, 200 (1989)
<start_mo> for the frozen-core post-SCF methods 16 is larger than the number of ecp orbitals 15. Take the <start_mo> -= ecp_orbitals
Libxc version used in REST: 7.0.0
nbas: 62, natm: 4 for standard basis sets
First valence state for the frozen-core algorithm:     1
final nbas: 280,final natm: 8
numbasis: 186, num_auxbas: 926
Molecule_name: pbr3
Restricted Hartree-Fock (or Kohn-Sham) algorithm is invoked.
Nuc_energy:     547.91013936 Hartree
No ghost effective potential
No ghost point charges
Overlap matrix is nonsigular:
  Lowest eigenvalue:       0.00424592 with the total number of basis functions:    186
Grid size: 81592
Generate SAD of P
Generate SAD of Br
Initial guess HF energy:   -1720.9866128348746770
The total energy:     -1721.3089398066 Ha by the initial guess
Energy:   -1721.1259789259 Ha after    1 iterations (in       0.31 seconds).
SCF Change: DM 1.12961e-2; eev  1.50630e0 Ha; etot  3.16958e0 Ha
Energy:   -1717.9563962567 Ha after    2 iterations (in       0.32 seconds).
SCF Change: DM 6.16938e-3; eev 6.67448e-1 Ha; etot -3.13375e0 Ha
Energy:   -1721.0901504596 Ha after    3 iterations (in       0.34 seconds).
SCF Change: DM 3.90261e-3; eev 5.81697e-1 Ha; etot 1.31988e-2 Ha
Energy:   -1721.0769516524 Ha after    4 iterations (in       0.31 seconds).
SCF Change: DM 1.27658e-3; eev 1.10652e-1 Ha; etot -3.05327e-1 Ha
Energy:   -1721.3822787412 Ha after    5 iterations (in       0.32 seconds).
SCF Change: DM 8.20461e-4; eev 8.91974e-2 Ha; etot -2.69259e-4 Ha
Energy:   -1721.3825479998 Ha after    6 iterations (in       0.32 seconds).
SCF Change: DM 4.03840e-4; eev 9.20637e-2 Ha; etot -1.65481e-2 Ha
Energy:   -1721.3990961041 Ha after    7 iterations (in       0.33 seconds).
SCF Change: DM 8.91435e-5; eev 9.93742e-3 Ha; etot -2.22033e-3 Ha
Energy:   -1721.4013164373 Ha after    8 iterations (in       0.34 seconds).
SCF Change: DM 3.88384e-5; eev 1.87983e-3 Ha; etot -8.73047e-5 Ha
Energy:   -1721.4014037420 Ha after    9 iterations (in       0.33 seconds).
SCF Change: DM 6.48346e-6; eev 6.05951e-4 Ha; etot -2.20520e-5 Ha
Energy:   -1721.4014257939 Ha after   10 iterations (in       0.33 seconds).
SCF Change: DM 3.73325e-6; eev 1.16762e-4 Ha; etot -4.34540e-7 Ha
Energy:   -1721.4014262285 Ha after   11 iterations (in       0.32 seconds).
SCF Change: DM 3.06776e-6; eev 1.15026e-4 Ha; etot -6.94349e-8 Ha
Energy:   -1721.4014262979 Ha after   12 iterations (in       0.33 seconds).
SCF Change: DM 5.83294e-7; eev 1.99491e-5 Ha; etot -2.27492e-8 Ha
Energy:   -1721.4014263206 Ha after   13 iterations (in       0.33 seconds).
SCF Change: DM 2.06075e-7; eev 1.69522e-5 Ha; etot -2.06660e-9 Ha
Energy:   -1721.4014263227 Ha after   14 iterations (in       0.33 seconds).
SCF Change: DM 7.50388e-8; eev 9.56255e-6 Ha; etot -7.52607e-11 Ha
Energy:   -1721.4014263228 Ha after   15 iterations (in       0.31 seconds).
SCF Change: DM 3.06986e-8; eev 4.43510e-6 Ha; etot -8.32188e-11 Ha
Energy:   -1721.4014263229 Ha after   16 iterations (in       0.32 seconds).
SCF Change: DM 1.26663e-8; eev 2.53900e-6 Ha; etot 2.13731e-11 Ha
Energy:   -1721.4014263228 Ha after   17 iterations (in       0.35 seconds).
SCF Change: DM 9.48662e-9; eev 6.95324e-7 Ha; etot -2.41016e-11 Ha
Energy:   -1721.4014263229 Ha after   18 iterations (in       0.31 seconds).
SCF Change: DM 1.93869e-9; eev 2.53826e-7 Ha; etot -2.68301e-11 Ha
Energy:   -1721.4014263229 Ha after   19 iterations (in       0.33 seconds).
SCF Change: DM 1.41139e-9; eev 6.97705e-8 Ha; etot 4.72937e-11 Ha
Energy:   -1721.4014263228 Ha after   20 iterations (in       0.34 seconds).
SCF Change: DM 8.76336e-10; eev 4.93616e-8 Ha; etot -4.45652e-11 Ha
Energy:   -1721.4014263229 Ha after   21 iterations (in       0.34 seconds).
Energy increase is detected. Turn on the linear mixing algorithm with (H[DIIS, i-1] + H[DIIS, i+1]).
Prev_Energies: (  -1721.40142632,   -1721.40142632)
SCF Change: DM 6.59562e-10; eev 4.07910e-8 Ha; etot 1.09139e-11 Ha
Energy:   -1721.4014263229 Ha after   22 iterations (in       0.32 seconds).
Energy increase is detected. Turn on the linear mixing algorithm with (H[DIIS, i-1] + H[DIIS, i+1]).
Prev_Energies: (  -1721.40142632,   -1721.40142632)
SCF Change: DM 7.23586e-10; eev 3.87423e-8 Ha; etot 5.91172e-12 Ha
Energy:   -1721.4014263229 Ha after   23 iterations (in       0.34 seconds).
Energy increase is detected. Turn on the linear mixing algorithm with (H[DIIS, i-1] + H[DIIS, i+1]).
Prev_Energies: (  -1721.40142632,   -1721.40142632)
SCF Change: DM 5.22459e-10; eev 3.29746e-8 Ha; etot 1.43245e-11 Ha
Energy:   -1721.4014263229 Ha after   24 iterations (in       0.34 seconds).
SCF Change: DM 9.06161e-10; eev 2.53753e-8 Ha; etot -2.43290e-11 Ha
Energy:   -1721.4014263229 Ha after   25 iterations (in       0.31 seconds).
Energy increase is detected. Turn on the linear mixing algorithm with (H[DIIS, i-1] + H[DIIS, i+1]).
Prev_Energies: (  -1721.40142632,   -1721.40142632)
SCF Change: DM 7.21507e-10; eev 2.13234e-8 Ha; etot 3.29692e-11 Ha
Energy:   -1721.4014263229 Ha after   26 iterations (in       0.34 seconds).
SCF Change: DM 7.36754e-10; eev 1.92439e-8 Ha; etot -4.79758e-11 Ha
Energy:   -1721.4014263229 Ha after   27 iterations (in       0.33 seconds).
Energy increase is detected. Turn on the linear mixing algorithm with (H[DIIS, i-1] + H[DIIS, i+1]).
Prev_Energies: (  -1721.40142632,   -1721.40142632)
SCF Change: DM 5.89232e-10; eev 1.54651e-8 Ha; etot 2.09184e-11 Ha
Energy:   -1721.4014263229 Ha after   28 iterations (in       0.33 seconds).
Energy increase is detected. Turn on the linear mixing algorithm with (H[DIIS, i-1] + H[DIIS, i+1]).
Prev_Energies: (  -1721.40142632,   -1721.40142632)
SCF Change: DM 5.89020e-10; eev 1.53816e-8 Ha; etot 3.29692e-11 Ha
Energy:   -1721.4014263228 Ha after   29 iterations (in       0.33 seconds).
SCF Change: DM 1.06457e-11; eev 3.24287e-10 Ha; etot -1.88720e-11 Ha
Energy:   -1721.4014263229 Ha after   30 iterations (in       0.33 seconds).
SCF is converged after   30 iterations.
==========================================
Now evaluate the    PT2 correlation energy
==========================================
----------------------------------------------------------------------
Methods         :       Total Corr,          OS Corr,          SS Corr
----------------------------------------------------------------------
PT2             :      -4.82302321,      -3.16859068,      -1.65443254
----------------------------------------------------------------------
Fifth-rung correlation energy :      -1.382772971180 Ha
E[XYGJOS]=:   -1715.21664203 Ha, Ex[HF]:    -119.47178270 Ha, Ec[PT2  ]:      -4.82302321 Ha
Mulliken population analysis:
  0-P  :  -0.678344
  1-Br :   0.226110
  2-Br :   0.226117
  3-Br :   0.226117

====================================================
              REST: Mission accomplished
====================================================
The SCF energy        :   -1721.4014263229 Ha
The (R)-xDH energy    :   -1715.2166420283 Ha
Detailed time report:
SCF       |:   13.377 s for the scf procedure
PT2       |:    0.816 s for the PT2 evaluation
Overall   |:   14.640 s for the whole job
