=>Fitting start from Mon Nov 24 16:15:24 2025
=>This project aims to ::
  pseudo fit 2g
=>1) Project pool is 
  "/share/home/symei/comp/pp-fit/optuna_rms/br-all-10/br-fitting"
=>2) Project batch type is "0" which to run all the jobs
=>3) QC package employed is "rest"
=>There are 1 <Macro-Path>s specified in br-fitting.ctl :
  Macro-Path :   <PATH1> = /share/home/symei/comp/ae-data
=>Loaded ConfigIO.BatcList :
==----------------------------------------------------------------------------==
Index        Name                        Direction    JobInput         JobType
--------------------------------------------------------------------------------
  0th           h  /share/home/symei/comp/ae-da...           h      energy|xdh
  1th          br  /share/home/symei/comp/ae-da...          br      energy|xdh
  2th         br2  /share/home/symei/comp/ae-da...         br2      energy|xdh
  3th         ch4  /share/home/symei/comp/ae-da...         ch4      energy|xdh
  4th       ch3br  /share/home/symei/comp/ae-da...       ch3br      energy|xdh
  5th      ch2br2  /share/home/symei/comp/ae-da...      ch2br2      energy|xdh
  6th       chbr3  /share/home/symei/comp/ae-da...       chbr3      energy|xdh
  7th        cbr4  /share/home/symei/comp/ae-da...        cbr4      energy|xdh
  8th     ring-c6  /share/home/symei/comp/ae-da...     ring-c6      energy|xdh
  9th  ring-c6br1  /share/home/symei/comp/ae-da...  ring-c6br1      energy|xdh
 10th         ccc  /share/home/symei/comp/ae-da...         ccc      energy|xdh
 11th      cccbr1  /share/home/symei/comp/ae-da...      cccbr1      energy|xdh
 12th         hbr  /share/home/symei/comp/ae-da...         hbr      energy|xdh
 13th         c=c  /share/home/symei/comp/ae-da...         c=c      energy|xdh
 14th      cbrcbr  /share/home/symei/comp/ae-da...      cbrcbr      energy|xdh
 15th        cc=c  /share/home/symei/comp/ae-da...        cc=c      energy|xdh
 16th    c-cbrcbr  /share/home/symei/comp/ae-da...    c-cbrcbr      energy|xdh
 17th       cc=cc  /share/home/symei/comp/ae-da...       cc=cc      energy|xdh
 18th  c-cbrcbr-c  /share/home/symei/comp/ae-da...  c-cbrcbr-c      energy|xdh
 19th        nabr  /share/home/symei/comp/ae-da...        nabr      energy|xdh
 20th        brcl  /share/home/symei/comp/ae-da...        brcl      energy|xdh
 21th          cl  /share/home/symei/comp/ae-da...          cl      energy|xdh
 22th          na  /share/home/symei/comp/ae-da...          na      energy|xdh
 23th         h2o  /share/home/symei/comp/ae-da...         h2o      energy|xdh
 24th        hobr  /share/home/symei/comp/ae-da...        hobr      energy|xdh
 25th           p  /share/home/symei/comp/ae-da...           p      energy|xdh
 26th        pbr3  /share/home/symei/comp/ae-da...        pbr3      energy|xdh
==----------------------------------------------------------------------------==
=>Loaded ConfigIO.EngyList :
==----------------------------------------------------------------------------==
 Num. Ind. Sca. Ind. Sca. Ind. Sca. Ind. Sca.       Ref. Data  Weight
--------------------------------------------------------------------------------
    2    2 -1.0    1  2.0                         49.53741130    1.00
    4    3 -1.0    2 -1.0    4  1.0   12  1.0     -7.52038130    1.00
    4    4 -1.0    2 -1.0    5  1.0   12  1.0     -5.58537376    1.00
    4    5 -1.0    2 -1.0    6  1.0   12  1.0     -2.84437074    1.00
    4    6 -1.0    2 -1.0    7  1.0   12  1.0      0.92445978    1.00
    4    8 -1.0    2 -1.0    9  1.0   12  1.0    -14.35532087    1.00
    4   10 -1.0    2 -1.0   11  1.0   12  1.0    -11.26635075    1.00
    4    2 -1.0   23 -1.0   12  1.0   24  1.0     26.00499984    1.00
    3   13 -1.0    2 -1.0   14  1.0              -34.24793895    1.00
    3   15 -1.0    2 -1.0   16  1.0              -32.18526018    1.00
    3   17 -1.0    2 -1.0   18  1.0              -34.66754848    1.00
    3   12 -1.0    1  1.0    0  1.0               93.13507599    1.00
    3   20 -1.0    1  1.0   21  1.0               52.86891931    1.00
    3   19 -1.0    1  1.0   22  1.0               86.80595221    1.00
    3   25 -1.0    1 -3.0   26  1.0             -192.29949008    1.00
==----------------------------------------------------------------------------==
=>No first-excitation PT2 data for training
=>No second-excitation PT2 data for training
=>No polar data for training
=>No nmr data for training
=>No geom data for training
=>Optimization job is rest_pseudo
=>This batch runs for rest
=>The batch type is serial
=>Initial Guess
  3.25195224E+02  1.72471301E+01 -5.41466987E+00  1.08516509E+02  1.40531566E+01
  1.43664001E+02  2.29370463E+01  1.77661684E-01  5.09330749E+00 -2.07945841E-01
 -3.14555179E+00  2.80394097E+01  4.05181170E+01  1.71198807E+01  4.20100932E+01
  2.57827613E+01  2.63306254E+01  1.83963076E+01  5.30237335E-01  9.25865253E+01
  5.48989718E-01  4.32424494E+01
=>Rescale parameter: [np.float64(5.787496048755387), 
  np.float64(2.9040078128681484), np.float64(-1.858587534545402), 
  np.float64(4.696075305015623), np.float64(2.7115877100661323), 
  np.float64(4.974413818995249), np.float64(3.1754273132364403), 
  np.float64(0.16353084873476256), np.float64(1.8071910361016355), 
  np.float64(-0.1889212648982953), np.float64(-1.4220359015608677), 
  np.float64(3.333611009876318), np.float64(3.7017492074220995), 
  np.float64(2.8402404022313723), np.float64(3.7379099036982297), 
  np.float64(3.2497061019380746), np.float64(3.270732725599853), 
  np.float64(2.9121499705641924), np.float64(-0.63443057078252), np.float64(4.528143615944991), np.float64(-0.5996755662454387), np.float64(3.766822637790145)]
=>Optimization Algorithm employed is cmaes_rms
=>Pseudopotential fitting mod is all
  Revised basis dir :/share/home/symei/basis/br/TZVPP-10-o-all/Br.json
=>CMA-ES Lower Bounds : [None, None, None, None, None, None, None, None, None, 
  None, None, None, None, None, None, None, None, None, None, None, None, None]
=>CMA-ES Standard Deviations : [0.25, 0.25, 0.25, 0.25, 0.25, 0.25, 0.25, 0.25, 
  0.25, 0.25, 0.25, 0.25, 0.25, 0.25, 0.25, 0.25, 0.25, 0.25, 0.25, 0.25, 0.25, 
  0.25]
=>Testing parameters in this round
  3.25195224E+02  1.72471301E+01 -5.41466987E+00  1.08516509E+02  1.40531566E+01
  1.43664001E+02  2.29370463E+01  1.77661684E-01  5.09330749E+00 -2.07945841E-01
 -3.14555179E+00  2.80394097E+01  4.05181170E+01  1.71198807E+01  4.20100932E+01
  2.57827613E+01  2.63306254E+01  1.83963076E+01  5.30237335E-01  9.25865253E+01
  5.48989718E-01  4.32424494E+01
=>Pseudo basis [['325.19522400', '17.24713010', '-5.41466987', '108.51650900']] 
  is generated.
=>Pseudo basis [['14.05315660', '143.66400100', '22.93704630', '0.17766168']] 
  is generated.
=>Pseudo basis [['5.09330749', '-0.20794584']] is generated.
=>Pseudo basis [['-3.14555179']] is generated.
=>Pseudo basis ['28.03940970', '40.51811700', '17.11988070', '42.01009320'] is 
  generated.
=>Pseudo basis ['25.78276130', '26.33062540', '18.39630760', '0.53023734'] is 
  generated.
=>Pseudo basis ['92.58652530', '0.54898972'] is generated.
=>Pseudo basis ['43.24244940'] is generated.
=>The direction of basis set is required
=>Basis set dir: 
=>This is a batch job for energy calculation
=>The SCF energy              :      -0.50217635
=>The (R)-xDH Energy          :      -0.49881886
=>Error :: AI Correction result was not found in h
=>AI Correction               :              NAN
=>The direction of basis set is required
=>Basis set dir: 
=>This is a batch job for energy calculation
=>The SCF energy              :    -414.31752467
=>The (R)-xDH Energy          :    -413.64041862
=>Error :: AI Correction result was not found in br
=>AI Correction               :              NAN
=>The direction of basis set is required
=>Basis set dir: 
=>This is a batch job for energy calculation
=>The SCF energy              :    -828.71212822
=>The (R)-xDH Energy          :    -827.35923827
=>Error :: AI Correction result was not found in br2
=>AI Correction               :              NAN
=>The direction of basis set is required
=>Basis set dir: 
=>This is a batch job for energy calculation
=>The SCF energy              :     -40.53917555
=>The (R)-xDH Energy          :     -40.41838019
=>Error :: AI Correction result was not found in ch4
=>AI Correction               :              NAN
=>The direction of basis set is required
=>Basis set dir: 
=>This is a batch job for energy calculation
=>The SCF energy              :    -454.29161294
=>The (R)-xDH Energy          :    -453.50247643
=>Error :: AI Correction result was not found in ch3br
=>AI Correction               :              NAN
=>The direction of basis set is required
=>Basis set dir: 
=>This is a batch job for energy calculation
=>The SCF energy              :    -868.04244165
=>The (R)-xDH Energy          :    -866.58516586
=>Error :: AI Correction result was not found in ch2br2
=>AI Correction               :              NAN
=>The direction of basis set is required
=>Basis set dir: 
=>This is a batch job for energy calculation
=>The SCF energy              :   -1281.78936152
=>The (R)-xDH Energy          :   -1279.66495751
=>Error :: AI Correction result was not found in chbr3
=>AI Correction               :              NAN
=>The direction of basis set is required
=>Basis set dir: 
=>This is a batch job for energy calculation
=>The SCF energy              :   -1695.53015615
=>The (R)-xDH Energy          :   -1692.74040178
=>Error :: AI Correction result was not found in cbr4
=>AI Correction               :              NAN
=>The direction of basis set is required
=>Basis set dir: 
=>This is a batch job for energy calculation
=>The SCF energy              :    -235.97180635
=>The (R)-xDH Energy          :    -235.31883194
=>Error :: AI Correction result was not found in ring-c6
=>AI Correction               :              NAN
=>The direction of basis set is required
=>Basis set dir: 
=>This is a batch job for energy calculation
=>The SCF energy              :    -649.73492602
=>The (R)-xDH Energy          :    -648.41611932
=>Error :: AI Correction result was not found in ring-c6br1
=>AI Correction               :              NAN
=>The direction of basis set is required
=>Basis set dir: 
=>This is a batch job for energy calculation
=>The SCF energy              :    -119.19537711
=>The (R)-xDH Energy          :    -118.85618815
=>Error :: AI Correction result was not found in ccc
=>AI Correction               :              NAN
=>The direction of basis set is required
=>Basis set dir: 
=>This is a batch job for energy calculation
=>The SCF energy              :    -532.95379840
=>The (R)-xDH Energy          :    -531.94739073
=>Error :: AI Correction result was not found in cccbr1
=>AI Correction               :              NAN
=>The direction of basis set is required
=>Basis set dir: 
=>This is a batch job for energy calculation
=>The SCF energy              :    -414.96392233
=>The (R)-xDH Energy          :    -414.28591939
=>Error :: AI Correction result was not found in hbr
=>AI Correction               :              NAN
=>The direction of basis set is required
=>Basis set dir: 
=>This is a batch job for energy calculation
=>The SCF energy              :     -78.62540448
=>The (R)-xDH Energy          :     -78.39929941
=>Error :: AI Correction result was not found in c=c
=>AI Correction               :              NAN
=>The direction of basis set is required
=>Basis set dir: 
=>This is a batch job for energy calculation
=>The SCF energy              :    -907.38157303
=>The (R)-xDH Energy          :    -905.81581422
=>Error :: AI Correction result was not found in cbrcbr
=>AI Correction               :              NAN
=>The direction of basis set is required
=>Basis set dir: 
=>This is a batch job for energy calculation
=>The SCF energy              :    -117.96017591
=>The (R)-xDH Energy          :    -117.62412519
=>Error :: AI Correction result was not found in cc=c
=>AI Correction               :              NAN
=>The direction of basis set is required
=>Basis set dir: 
=>This is a batch job for energy calculation
=>The SCF energy              :    -946.71029053
=>The (R)-xDH Energy          :    -945.03877619
=>Error :: AI Correction result was not found in c-cbrcbr
=>AI Correction               :              NAN
=>The direction of basis set is required
=>Basis set dir: 
=>This is a batch job for energy calculation
=>The SCF energy              :    -157.29178523
=>The (R)-xDH Energy          :    -156.84630382
=>Error :: AI Correction result was not found in cc=cc
=>AI Correction               :              NAN
=>The direction of basis set is required
=>Basis set dir: 
=>This is a batch job for energy calculation
=>The SCF energy              :    -986.04490302
=>The (R)-xDH Energy          :    -984.26608778
=>Error :: AI Correction result was not found in c-cbrcbr-c
=>AI Correction               :              NAN
=>The direction of basis set is required
=>Basis set dir: 
=>This is a batch job for energy calculation
=>The SCF energy              :    -576.73990357
=>The (R)-xDH Energy          :    -575.76017933
=>Error :: AI Correction result was not found in nabr
=>AI Correction               :              NAN
=>The direction of basis set is required
=>Basis set dir: 
=>This is a batch job for energy calculation
=>The SCF energy              :    -874.56740693
=>The (R)-xDH Energy          :    -873.41259501
=>Error :: AI Correction result was not found in brcl
=>AI Correction               :              NAN
=>The direction of basis set is required
=>Basis set dir: 
=>This is a batch job for energy calculation
=>The SCF energy              :    -460.16702573
=>The (R)-xDH Energy          :    -459.68834072
=>Error :: AI Correction result was not found in cl
=>AI Correction               :              NAN
=>The direction of basis set is required
=>Basis set dir: 
=>This is a batch job for energy calculation
=>The SCF energy              :    -162.29127871
=>The (R)-xDH Energy          :    -161.98446811
=>Error :: AI Correction result was not found in na
=>AI Correction               :              NAN
=>The direction of basis set is required
=>Basis set dir: 
=>This is a batch job for energy calculation
=>The SCF energy              :     -76.46670518
=>The (R)-xDH Energy          :     -76.28695724
=>Error :: AI Correction result was not found in h2o
=>AI Correction               :              NAN
=>The direction of basis set is required
=>Basis set dir: 
=>This is a batch job for energy calculation
=>The SCF energy              :    -490.16985136
=>The (R)-xDH Energy          :    -489.31769870
=>Error :: AI Correction result was not found in hobr
=>AI Correction               :              NAN
=>The direction of basis set is required
=>Basis set dir: 
=>This is a batch job for energy calculation
=>The SCF energy              :    -341.28064913
=>The (R)-xDH Energy          :    -340.86577164
=>Error :: AI Correction result was not found in p
=>AI Correction               :              NAN
=>The direction of basis set is required
=>Basis set dir: 
=>This is a batch job for energy calculation
=>The SCF energy              :   -1584.53416224
=>The (R)-xDH Energy          :   -1582.09447698
=>Error :: AI Correction result was not found in pbr3
=>AI Correction               :              NAN
==----------------------------------------------------------------------------==
=>        AD =      -0.98503245;        wAD =      -0.98503245
=>       MAD =       1.18695046;       wMAD =       1.18695046
=>       RMS =       1.51108070;       wRMS =       1.51108070
==----------------------------------------------------------------------------==
=>Testing parameters in this round
 2.17996133E+141  3.90485666E+07 -1.93943297E+02  1.06435348E+47  1.49498842E+06
  1.81726751E+62  1.05498393E+10 -9.19561269E-02  1.91473549E+02 -2.79476032E-02
 -2.13809876E+01  1.16553125E+12  4.89500655E+17  2.71248212E+07  1.47136050E+18
  1.28615455E+11  2.32987552E+11  1.07802415E+08  1.83090178E+00  1.61727995E+40
  1.32890681E+00  1.02487433E+19
=>Pseudo basis 
  
  
  [['2179961334310605349576017113580709744779182586937031988933893909727045296452306765449095221749977533614418116548505823205764308992685819035648.00000000', '39048566.59022024', '-193.94329665', '106435347984353459096001794037729670846914494464.00000000']] is generated.
=>Pseudo basis [['1494988.41990543', 
  '181726750932660502119530670152185647912090521805813637615452160.00000000', 
  '10549839284.08810043', '-0.09195613']] is generated.
=>Pseudo basis [['191.47354863', '-0.02794760']] is generated.
=>Pseudo basis [['-21.38098760']] is generated.
=>Pseudo basis ['1165531250838.82128906', '489500654664937920.00000000', 
  '27124821.22378799', '1471360498258526208.00000000'] is generated.
=>Pseudo basis ['128615454521.01919556', '232987551807.08776855', 
  '107802415.31867248', '1.83090178'] is generated.
=>Pseudo basis ['16172799489256332209941913578266895056896.00000000', 
  '1.32890681'] is generated.
=>Pseudo basis ['10248743263876319232.00000000'] is generated.
=>The direction of basis set is required
=>Basis set dir: 
=>This is a batch job for energy calculation
=>The SCF energy              :      -0.50217635
=>The (R)-xDH Energy          :      -0.49881886
=>Error :: AI Correction result was not found in h
=>AI Correction               :              NAN
=>The direction of basis set is required
=>Basis set dir: 
=>This is a batch job for energy calculation
=>Error :: SCF doesn't sucess in br
=>The SCF energy              :              NAN
=>The (R)-xDH Energy          : 
  375766813243813316462316895486293924380109207825331179313166555445153444018337350954191839741562992485109596160.00000000
=>Error :: AI Correction result was not found in br
=>AI Correction               :              NAN
=>The direction of basis set is required
=>Basis set dir: 
=>This is a batch job for energy calculation
=>The SCF energy              : 
  1202453802380202612679414065556140558016349465041059773802132977424491020858679523053413887173001575952350707712.00000000
=>The (R)-xDH Energy          : 
  1202453802380202612679414065556140558016349465041059773802132977424491020858679523053413887173001575952350707712.00000000
=>Error :: AI Correction result was not found in br2
=>AI Correction               :              NAN
=>The direction of basis set is required
=>Basis set dir: 
=>This is a batch job for energy calculation
=>The SCF energy              :     -40.53917555
=>The (R)-xDH Energy          :     -40.41838019
=>Error :: AI Correction result was not found in ch4
=>AI Correction               :              NAN
=>The direction of basis set is required
=>Basis set dir: 
=>This is a batch job for energy calculation
=>The SCF energy              : 
  -901840351785151959509560549167105418512262098780794830351599733068368265644009642290060415379751181964263030784.00000000
=>The (R)-xDH Energy          : 
  -901840351785151959509560549167105418512262098780794830351599733068368265644009642290060415379751181964263030784.00000000
=>Error :: AI Correction result was not found in ch3br
=>AI Correction               :              NAN
=>The direction of basis set is required
=>Basis set dir: 
=>This is a batch job for energy calculation
=>The SCF energy              : 
  2254600879462879898773901372917763546280655246951987075878999332670920664110024105725151038449377954910657576960.00000000
=>The (R)-xDH Energy          : 
  2254600879462879898773901372917763546280655246951987075878999332670920664110024105725151038449377954910657576960.00000000
=>Error :: AI Correction result was not found in ch2br2
=>AI Correction               :              NAN
=>The direction of basis set is required
=>Basis set dir: 
=>This is a batch job for energy calculation
=>Error :: SCF doesn't sucess in chbr3
=>The SCF energy              :              NAN
=>Error :: The (R)-xDH result was not found in chbr3
=>The (R)-xDH Energy  get_geom_toml("chbr3/geometry.in" , self.Proj, self.IOut) 
         :              NAN
=>Error :: AI Correction result was not found in chbr3
=>AI Correction               :              NAN
