=========================================================
      Input parameters for the REST calculation
=========================================================
Calculation type: Single-point energy
The exchange-correlation method: xygjos
Print level:                1
The number of threads used for parallelism:      8
The spheric-GTO basis set is taken from /home/symei/TZVPP-28-o-all
The spheric-GTO auxiliary basis set is taken from /home/symei/def2-SV(P)-JKFIT
Charge:   0; Spin:   1
Spin polarization: Off
Input molecular structure (in Angstrom): ----------
Br       0.00000000      0.00000000      1.15797900
Br       0.00000000      0.00000000     -1.15797900
End of molecular structure ------------------------
ERI Type: ri_v
SCF convergency thresholds: 1e-8 for density matrix
                            1e-8 Ha. for sum of eigenvalues
                            1e-8 Ha. for total energy
Max. SCF cycle number:      250
It is a finite cluster calculation
The specified checkfile exists but is not loaded because the keyword 'external_init_guess' is specified
It will be updated after the SCF procedure 
(none)
=========================================================
the scf functional for 'xygjos' contains
The density functional 'B3LYP' belongs to the 'Hybrid GGA' family and is defined in the reference(s):
(0): P. J. Stephens, F. J. Devlin, C. F. Chabalowski, and M. J. Frisch.,  J. Phys. Chem. 98, 11623 (1994)
the post-scf functional 'xygjos' is employed, which contains
The density functional 'Slater exchange' belongs to the 'LDA' family and is defined in the reference(s):
(0): P. A. M. Dirac.,  Math. Proc. Cambridge Philos. Soc. 26, 376 (1930)
(1): F. Bloch.,  Z. Phys. 57, 545 (1929)
The density functional 'Becke 88' belongs to the 'GGA' family and is defined in the reference(s):
(0): A. D. Becke.,  Phys. Rev. A 38, 3098 (1988)
The density functional 'Vosko, Wilk & Nusair (VWN5_RPA)' belongs to the 'LDA' family and is defined in the reference(s):
(0): S. H. Vosko, L. Wilk, and M. Nusair.,  Can. J. Phys. 58, 1200 (1980)
The density functional 'Lee, Yang & Parr' belongs to the 'GGA' family and is defined in the reference(s):
(0): C. Lee, W. Yang, and R. G. Parr.,  Phys. Rev. B 37, 785 (1988)
(1): B. Miehlich, A. Savin, H. Stoll, and H. Preuss.,  Chem. Phys. Lett. 157, 200 (1989)
<start_mo> for the frozen-core post-SCF methods 10 is larger than the number of ecp orbitals 10. Take the <start_mo> -= ecp_orbitals
Libxc version used in REST: 7.0.0
nbas: 32, natm: 2 for standard basis sets
First valence state for the frozen-core algorithm:     0
final nbas: 152,final natm: 4
numbasis: 96, num_auxbas: 532
Molecule_name: br2
Restricted Hartree-Fock (or Kohn-Sham) algorithm is invoked.
Nuc_energy:     142.80731999 Hartree
No ghost effective potential
No ghost point charges
Overlap matrix is nonsigular:
  Lowest eigenvalue:       0.00835797 with the total number of basis functions:     96
Grid size: 41808

=======================
Generating SAD for atom: Br
=======================
SAD generation for Br complete.
Initial guess energy using single atom density (SAD):    -920.3964234031622027
The total energy:      -920.5610873467 Ha by the initial guess
Energy:    -920.2134053754 Ha after    1 iterations (in       0.04 seconds).
SCF Change: DM 2.05245e-2; eev  3.81325e0 Ha; etot  1.59407e0 Ha
Energy:    -918.6193338606 Ha after    2 iterations (in       0.04 seconds).
SCF Change: DM 2.02362e-3; eev 2.51949e-1 Ha; etot -2.01763e0 Ha
Energy:    -920.6369685088 Ha after    3 iterations (in       0.04 seconds).
SCF Change: DM 1.85468e-4; eev 1.90850e-2 Ha; etot -8.43456e-3 Ha
Energy:    -920.6454030641 Ha after    4 iterations (in       0.04 seconds).
SCF Change: DM 5.16374e-5; eev 6.19690e-3 Ha; etot -1.59464e-4 Ha
Energy:    -920.6455625278 Ha after    5 iterations (in       0.05 seconds).
SCF Change: DM 2.83451e-5; eev 7.88140e-4 Ha; etot -7.36231e-6 Ha
Energy:    -920.6455698901 Ha after    6 iterations (in       0.04 seconds).
SCF Change: DM 3.33050e-5; eev 4.08063e-4 Ha; etot -8.72561e-7 Ha
Energy:    -920.6455707626 Ha after    7 iterations (in       0.04 seconds).
SCF Change: DM 2.20671e-6; eev 1.64164e-5 Ha; etot -3.73039e-7 Ha
Energy:    -920.6455711357 Ha after    8 iterations (in       0.04 seconds).
SCF Change: DM 2.62522e-6; eev 3.64208e-5 Ha; etot 2.38845e-9 Ha
Energy:    -920.6455711333 Ha after    9 iterations (in       0.04 seconds).
SCF Change: DM 5.11705e-7; eev 1.02410e-5 Ha; etot -1.26736e-8 Ha
Energy:    -920.6455711460 Ha after   10 iterations (in       0.05 seconds).
SCF Change: DM 2.04934e-7; eev 6.81733e-6 Ha; etot -2.28511e-10 Ha
Energy:    -920.6455711462 Ha after   11 iterations (in       0.05 seconds).
SCF Change: DM 4.49325e-8; eev 3.45281e-6 Ha; etot -3.59250e-11 Ha
Energy:    -920.6455711462 Ha after   12 iterations (in       0.04 seconds).
SCF Change: DM 4.61889e-9; eev 1.60396e-7 Ha; etot -6.25278e-12 Ha
Energy:    -920.6455711462 Ha after   13 iterations (in       0.04 seconds).
SCF Change: DM 3.99663e-10; eev 3.12656e-8 Ha; etot 1.59162e-12 Ha
Energy:    -920.6455711462 Ha after   14 iterations (in       0.06 seconds).
SCF Change: DM 7.45686e-11; eev 4.52314e-9 Ha; etot 2.27374e-13 Ha
Energy:    -920.6455711462 Ha after   15 iterations (in       0.06 seconds).
SCF is converged after   15 iterations.
==========================================
Now evaluate the    PT2 correlation energy
==========================================
----------------------------------------------------------------------
Methods         :       Total Corr,          OS Corr,          SS Corr
----------------------------------------------------------------------
PT2             :      -2.44953225,      -1.65157148,      -0.79796077
----------------------------------------------------------------------
Fifth-rung correlation energy :      -0.720745794818 Ha
E[XYGJOS]=:    -916.67509139 Ha, Ex[HF]:     -63.65843956 Ha, Ec[PT2  ]:      -2.44953225 Ha
Mulliken population analysis:
  0-Br :  -0.000000
  1-Br :   0.000000

====================================================
              REST: Mission accomplished
====================================================
The SCF energy        :    -920.6455711462 Ha
The (R)-xDH energy    :    -916.6750913943 Ha
Detailed time report:
Overall   |:    1.866 s for the whole job
SCF       |:    1.706 s for the scf procedure
PT2       |:    0.160 s for the PT2 evaluation
