=========================================================
      Input parameters for the REST calculation
=========================================================
Calculation type: Single-point energy
The exchange-correlation method: xygjos
Print level:                1
The number of threads used for parallelism:      8
The spheric-GTO basis set is taken from /home/symei/TZVPP-28-o-all
The spheric-GTO auxiliary basis set is taken from /home/symei/def2-SV(P)-JKFIT
Charge:   0; Spin:   1
Spin polarization: Off
Input molecular structure (in Angstrom): ----------
Br       0.00000000      0.00000000      0.70791400
Cl       0.00000000      0.00000000     -1.45747000
End of molecular structure ------------------------
ERI Type: ri_v
SCF convergency thresholds: 1e-8 for density matrix
                            1e-8 Ha. for sum of eigenvalues
                            1e-8 Ha. for total energy
Max. SCF cycle number:      250
It is a finite cluster calculation
The specified checkfile exists but is not loaded because the keyword 'external_init_guess' is specified
It will be updated after the SCF procedure 
(none)
=========================================================
the scf functional for 'xygjos' contains
The density functional 'B3LYP' belongs to the 'Hybrid GGA' family and is defined in the reference(s):
(0): P. J. Stephens, F. J. Devlin, C. F. Chabalowski, and M. J. Frisch.,  J. Phys. Chem. 98, 11623 (1994)
the post-scf functional 'xygjos' is employed, which contains
The density functional 'Slater exchange' belongs to the 'LDA' family and is defined in the reference(s):
(0): P. A. M. Dirac.,  Math. Proc. Cambridge Philos. Soc. 26, 376 (1930)
(1): F. Bloch.,  Z. Phys. 57, 545 (1929)
The density functional 'Becke 88' belongs to the 'GGA' family and is defined in the reference(s):
(0): A. D. Becke.,  Phys. Rev. A 38, 3098 (1988)
The density functional 'Vosko, Wilk & Nusair (VWN5_RPA)' belongs to the 'LDA' family and is defined in the reference(s):
(0): S. H. Vosko, L. Wilk, and M. Nusair.,  Can. J. Phys. 58, 1200 (1980)
The density functional 'Lee, Yang & Parr' belongs to the 'GGA' family and is defined in the reference(s):
(0): C. Lee, W. Yang, and R. G. Parr.,  Phys. Rev. B 37, 785 (1988)
(1): B. Miehlich, A. Savin, H. Stoll, and H. Preuss.,  Chem. Phys. Lett. 157, 200 (1989)
<start_mo> for the frozen-core post-SCF methods 6 is larger than the number of ecp orbitals 5. Take the <start_mo> -= ecp_orbitals
Libxc version used in REST: 7.0.0
nbas: 30, natm: 2 for standard basis sets
First valence state for the frozen-core algorithm:     1
final nbas: 128,final natm: 4
numbasis: 90, num_auxbas: 394
Molecule_name: brcl
Restricted Hartree-Fock (or Kohn-Sham) algorithm is invoked.
Nuc_energy:     103.86163079 Hartree
No ghost effective potential
No ghost point charges
Overlap matrix is nonsigular:
  Lowest eigenvalue:       0.00912335 with the total number of basis functions:     90
Grid size: 39784

=======================
Generating SAD for atom: Br
=======================
SAD generation for Br complete.

=======================
Generating SAD for atom: Cl
=======================
SAD generation for Cl complete.
Initial guess energy using single atom density (SAD):    -920.4571554756928435
The total energy:      -920.4394218506 Ha by the initial guess
Energy:    -920.0123223188 Ha after    1 iterations (in       0.04 seconds).
SCF Change: DM 5.64588e-2; eev  2.12930e0 Ha; etot  1.12422e1 Ha
Energy:    -908.7701036867 Ha after    2 iterations (in       0.04 seconds).
SCF Change: DM 9.81452e-3; eev  1.39643e0 Ha; etot -1.09013e1 Ha
Energy:    -919.6714196105 Ha after    3 iterations (in       0.04 seconds).
SCF Change: DM 5.09678e-3; eev 6.75321e-1 Ha; etot -7.81544e-1 Ha
Energy:    -920.4529631852 Ha after    4 iterations (in       0.04 seconds).
SCF Change: DM 1.44743e-3; eev 2.52152e-1 Ha; etot -5.81641e-2 Ha
Energy:    -920.5111273207 Ha after    5 iterations (in       0.04 seconds).
SCF Change: DM 2.28702e-4; eev 3.83777e-2 Ha; etot -3.29597e-3 Ha
Energy:    -920.5144232945 Ha after    6 iterations (in       0.04 seconds).
SCF Change: DM 5.84461e-5; eev 3.11249e-3 Ha; etot -9.96901e-5 Ha
Energy:    -920.5145229845 Ha after    7 iterations (in       0.04 seconds).
SCF Change: DM 2.71304e-5; eev 1.24920e-3 Ha; etot -1.96631e-5 Ha
Energy:    -920.5145426477 Ha after    8 iterations (in       0.04 seconds).
SCF Change: DM 1.86895e-5; eev 1.99695e-4 Ha; etot -1.63767e-6 Ha
Energy:    -920.5145442853 Ha after    9 iterations (in       0.04 seconds).
SCF Change: DM 1.64723e-5; eev 2.42686e-4 Ha; etot -2.45614e-7 Ha
Energy:    -920.5145445309 Ha after   10 iterations (in       0.04 seconds).
SCF Change: DM 5.01678e-6; eev 1.49345e-4 Ha; etot -9.31184e-8 Ha
Energy:    -920.5145446240 Ha after   11 iterations (in       0.04 seconds).
SCF Change: DM 4.51995e-7; eev 2.53670e-5 Ha; etot -7.34121e-9 Ha
Energy:    -920.5145446314 Ha after   12 iterations (in       0.04 seconds).
SCF Change: DM 3.86300e-8; eev 2.38723e-6 Ha; etot -9.44738e-11 Ha
Energy:    -920.5145446315 Ha after   13 iterations (in       0.04 seconds).
SCF Change: DM 1.86165e-8; eev 4.52879e-7 Ha; etot -6.48015e-12 Ha
Energy:    -920.5145446315 Ha after   14 iterations (in       0.04 seconds).
SCF Change: DM 1.71707e-8; eev 1.72082e-7 Ha; etot -1.13687e-12 Ha
Energy:    -920.5145446315 Ha after   15 iterations (in       0.03 seconds).
SCF Change: DM 1.15089e-8; eev 1.38911e-7 Ha; etot -1.81899e-12 Ha
Energy:    -920.5145446315 Ha after   16 iterations (in       0.04 seconds).
SCF Change: DM 6.78515e-9; eev 8.88727e-8 Ha; etot -1.02318e-12 Ha
Energy:    -920.5145446315 Ha after   17 iterations (in       0.03 seconds).
SCF Change: DM 1.12365e-9; eev 2.28260e-8 Ha; etot 1.47793e-12 Ha
Energy:    -920.5145446315 Ha after   18 iterations (in       0.03 seconds).
SCF Change: DM 7.98042e-11; eev 5.28918e-9 Ha; etot -1.36424e-12 Ha
Energy:    -920.5145446315 Ha after   19 iterations (in       0.04 seconds).
SCF is converged after   19 iterations.
==========================================
Now evaluate the    PT2 correlation energy
==========================================
----------------------------------------------------------------------
Methods         :       Total Corr,          OS Corr,          SS Corr
----------------------------------------------------------------------
PT2             :      -1.59106973,      -1.08976964,      -0.50130009
----------------------------------------------------------------------
Fifth-rung correlation energy :      -0.475575469825 Ha
E[XYGJOS]=:    -918.03036488 Ha, Ex[HF]:     -59.37407365 Ha, Ec[PT2  ]:      -1.59106973 Ha
Mulliken population analysis:
  0-Br :   0.427327
  1-Cl :  -0.427327

====================================================
              REST: Mission accomplished
====================================================
The SCF energy        :    -920.5145446315 Ha
The (R)-xDH energy    :    -918.0303648770 Ha
Detailed time report:
Overall   |:    1.651 s for the whole job
SCF       |:    1.572 s for the scf procedure
PT2       |:    0.079 s for the PT2 evaluation
