=========================================================
      Input parameters for the REST calculation
=========================================================
Calculation type: Single-point energy
The exchange-correlation method: xygjos
Print level:                1
The number of threads used for parallelism:      8
The spheric-GTO basis set is taken from /home/symei/TZVPP-28-o-all
The spheric-GTO auxiliary basis set is taken from /home/symei/def2-SV(P)-JKFIT
Charge:   0; Spin:   1
Spin polarization: Off
Input molecular structure (in Angstrom): ----------
C       -0.00000000     -0.00000400     -0.00000500
Br       0.00579400      1.79880600      0.76886500
Br      -1.59789300     -0.23190000     -1.10448200
Br       1.59667200     -0.24239800     -1.10399300
Br      -0.00457300     -1.32450800      1.43961000
End of molecular structure ------------------------
ERI Type: ri_v
SCF convergency thresholds: 1e-8 for density matrix
                            1e-8 Ha. for sum of eigenvalues
                            1e-8 Ha. for total energy
Max. SCF cycle number:      250
It is a finite cluster calculation
The specified checkfile exists but is not loaded because the keyword 'external_init_guess' is specified
It will be updated after the SCF procedure 
(none)
=========================================================
the scf functional for 'xygjos' contains
The density functional 'B3LYP' belongs to the 'Hybrid GGA' family and is defined in the reference(s):
(0): P. J. Stephens, F. J. Devlin, C. F. Chabalowski, and M. J. Frisch.,  J. Phys. Chem. 98, 11623 (1994)
the post-scf functional 'xygjos' is employed, which contains
The density functional 'Slater exchange' belongs to the 'LDA' family and is defined in the reference(s):
(0): P. A. M. Dirac.,  Math. Proc. Cambridge Philos. Soc. 26, 376 (1930)
(1): F. Bloch.,  Z. Phys. 57, 545 (1929)
The density functional 'Becke 88' belongs to the 'GGA' family and is defined in the reference(s):
(0): A. D. Becke.,  Phys. Rev. A 38, 3098 (1988)
The density functional 'Vosko, Wilk & Nusair (VWN5_RPA)' belongs to the 'LDA' family and is defined in the reference(s):
(0): S. H. Vosko, L. Wilk, and M. Nusair.,  Can. J. Phys. 58, 1200 (1980)
The density functional 'Lee, Yang & Parr' belongs to the 'GGA' family and is defined in the reference(s):
(0): C. Lee, W. Yang, and R. G. Parr.,  Phys. Rev. B 37, 785 (1988)
(1): B. Miehlich, A. Savin, H. Stoll, and H. Preuss.,  Chem. Phys. Lett. 157, 200 (1989)
<start_mo> for the frozen-core post-SCF methods 20 is larger than the number of ecp orbitals 20. Take the <start_mo> -= ecp_orbitals
Libxc version used in REST: 7.0.0
nbas: 75, natm: 5 for standard basis sets
First valence state for the frozen-core algorithm:     0
final nbas: 340,final natm: 10
numbasis: 223, num_auxbas: 1139
Molecule_name: cbr4
Restricted Hartree-Fock (or Kohn-Sham) algorithm is invoked.
Nuc_energy:     783.49520379 Hartree
No ghost effective potential
No ghost point charges
Overlap matrix is nonsigular:
  Lowest eigenvalue:       0.00320099 with the total number of basis functions:    223
Grid size: 97518

=======================
Generating SAD for atom: C
=======================
SAD generation for C complete.

=======================
Generating SAD for atom: Br
=======================
SAD generation for Br complete.
Initial guess energy using single atom density (SAD):   -1878.6931909156055553
The total energy:     -1879.1976787274 Ha by the initial guess
Energy:   -1878.7826219192 Ha after    1 iterations (in       0.36 seconds).
SCF Change: DM 1.28949e-2; eev  3.94737e0 Ha; etot  1.82199e0 Ha
Energy:   -1876.9606356553 Ha after    2 iterations (in       0.35 seconds).
SCF Change: DM 3.14309e-3; eev 6.44635e-1 Ha; etot -2.11975e0 Ha
Energy:   -1879.0803857989 Ha after    3 iterations (in       0.37 seconds).
SCF Change: DM 8.94927e-4; eev 1.55060e-1 Ha; etot -2.91410e-1 Ha
Energy:   -1879.3717960937 Ha after    4 iterations (in       0.35 seconds).
SCF Change: DM 6.78208e-4; eev 9.64658e-2 Ha; etot 9.22145e-3 Ha
Energy:   -1879.3625746402 Ha after    5 iterations (in       0.36 seconds).
SCF Change: DM 1.37475e-4; eev 3.44256e-2 Ha; etot -1.05406e-2 Ha
Energy:   -1879.3731152558 Ha after    6 iterations (in       0.32 seconds).
SCF Change: DM 2.70483e-5; eev 1.96450e-3 Ha; etot -2.49674e-4 Ha
Energy:   -1879.3733649295 Ha after    7 iterations (in       0.39 seconds).
SCF Change: DM 1.35424e-5; eev 4.22617e-4 Ha; etot -5.82837e-6 Ha
Energy:   -1879.3733707578 Ha after    8 iterations (in       0.39 seconds).
SCF Change: DM 8.81027e-6; eev 1.09057e-3 Ha; etot 3.58461e-7 Ha
Energy:   -1879.3733703994 Ha after    9 iterations (in       0.38 seconds).
SCF Change: DM 2.34063e-6; eev 2.01583e-4 Ha; etot -1.71147e-6 Ha
Energy:   -1879.3733721109 Ha after   10 iterations (in       0.39 seconds).
SCF Change: DM 1.01567e-6; eev 1.21976e-4 Ha; etot -3.15056e-8 Ha
Energy:   -1879.3733721424 Ha after   11 iterations (in       0.36 seconds).
SCF Change: DM 9.18902e-7; eev 4.39520e-5 Ha; etot -9.06289e-9 Ha
Energy:   -1879.3733721514 Ha after   12 iterations (in       0.39 seconds).
SCF Change: DM 1.28879e-7; eev 1.22557e-5 Ha; etot -2.58979e-9 Ha
Energy:   -1879.3733721540 Ha after   13 iterations (in       0.38 seconds).
SCF Change: DM 8.44968e-8; eev 3.54585e-6 Ha; etot 5.91172e-11 Ha
Energy:   -1879.3733721540 Ha after   14 iterations (in       0.39 seconds).
SCF Change: DM 8.91579e-8; eev 3.19654e-6 Ha; etot -1.59162e-10 Ha
Energy:   -1879.3733721541 Ha after   15 iterations (in       0.35 seconds).
SCF Change: DM 2.61162e-8; eev 3.82823e-6 Ha; etot -8.64020e-12 Ha
Energy:   -1879.3733721541 Ha after   16 iterations (in       0.33 seconds).
SCF Change: DM 1.60966e-8; eev 2.07400e-6 Ha; etot -2.56932e-11 Ha
Energy:   -1879.3733721542 Ha after   17 iterations (in       0.38 seconds).
SCF Change: DM 9.71226e-9; eev 1.03355e-6 Ha; etot 1.61435e-11 Ha
Energy:   -1879.3733721541 Ha after   18 iterations (in       0.35 seconds).
SCF Change: DM 5.29331e-9; eev 1.03064e-6 Ha; etot 1.47793e-11 Ha
Energy:   -1879.3733721541 Ha after   19 iterations (in       0.37 seconds).
SCF Change: DM 1.47004e-9; eev 1.62333e-7 Ha; etot 1.13687e-12 Ha
Energy:   -1879.3733721541 Ha after   20 iterations (in       0.36 seconds).
SCF Change: DM 8.36650e-10; eev 1.27824e-7 Ha; etot -1.81899e-12 Ha
Energy:   -1879.3733721541 Ha after   21 iterations (in       0.37 seconds).
SCF Change: DM 3.09367e-10; eev 2.30859e-8 Ha; etot -3.81988e-11 Ha
Energy:   -1879.3733721542 Ha after   22 iterations (in       0.38 seconds).
Energy increase is detected. Turn on the linear mixing algorithm with (H[DIIS, i-1] + H[DIIS, i+1]).
Prev_Energies: (  -1879.37337215,   -1879.37337215)
SCF Change: DM 2.31457e-10; eev 1.85703e-8 Ha; etot 6.45741e-11 Ha
Energy:   -1879.3733721541 Ha after   23 iterations (in       0.35 seconds).
SCF Change: DM 3.64303e-10; eev 1.63076e-8 Ha; etot -3.13776e-11 Ha
Energy:   -1879.3733721541 Ha after   24 iterations (in       0.31 seconds).
Energy increase is detected. Turn on the linear mixing algorithm with (H[DIIS, i-1] + H[DIIS, i+1]).
Prev_Energies: (  -1879.37337215,   -1879.37337215)
SCF Change: DM 2.85522e-10; eev 1.24768e-8 Ha; etot 1.15961e-11 Ha
Energy:   -1879.3733721541 Ha after   25 iterations (in       0.37 seconds).
SCF Change: DM 3.34726e-10; eev 1.30596e-8 Ha; etot -1.79625e-11 Ha
Energy:   -1879.3733721541 Ha after   26 iterations (in       0.36 seconds).
Energy increase is detected. Turn on the linear mixing algorithm with (H[DIIS, i-1] + H[DIIS, i+1]).
Prev_Energies: (  -1879.37337215,   -1879.37337215)
SCF Change: DM 2.67980e-10; eev 1.05191e-8 Ha; etot 2.97860e-11 Ha
Energy:   -1879.3733721541 Ha after   27 iterations (in       0.37 seconds).
SCF Change: DM 2.70768e-10; eev 1.07618e-8 Ha; etot -3.52429e-11 Ha
Energy:   -1879.3733721541 Ha after   28 iterations (in       0.36 seconds).
Energy increase is detected. Turn on the linear mixing algorithm with (H[DIIS, i-1] + H[DIIS, i+1]).
Prev_Energies: (  -1879.37337215,   -1879.37337215)
SCF Change: DM 2.16559e-10; eev 8.70571e-9 Ha; etot 2.84217e-11 Ha
Energy:   -1879.3733721541 Ha after   29 iterations (in       0.37 seconds).
SCF is converged after   29 iterations.
==========================================
Now evaluate the    PT2 correlation energy
==========================================
----------------------------------------------------------------------
Methods         :       Total Corr,          OS Corr,          SS Corr
----------------------------------------------------------------------
PT2             :      -5.47450746,      -3.60712559,      -1.86738187
----------------------------------------------------------------------
Fifth-rung correlation energy :      -1.574149606182 Ha
E[XYGJOS]=:   -1871.33019243 Ha, Ex[HF]:    -132.35835727 Ha, Ec[PT2  ]:      -5.47450746 Ha
Mulliken population analysis:
  0-C  :  -1.806101
  1-Br :   0.451517
  2-Br :   0.451520
  3-Br :   0.451520
  4-Br :   0.451545

====================================================
              REST: Mission accomplished
====================================================
The SCF energy        :   -1879.3733721541 Ha
The (R)-xDH energy    :   -1871.3301924322 Ha
Detailed time report:
Overall   |:   16.277 s for the whole job
SCF       |:   15.175 s for the scf procedure
PT2       |:    1.100 s for the PT2 evaluation
