=========================================================
      Input parameters for the REST calculation
=========================================================
Calculation type: Single-point energy
The exchange-correlation method: xygjos
Print level:                1
The number of threads used for parallelism:      8
The spheric-GTO basis set is taken from /home/symei/TZVPP-28-o-all
The spheric-GTO auxiliary basis set is taken from /home/symei/def2-SV(P)-JKFIT
Charge:   0; Spin:   1
Spin polarization: Off
Input molecular structure (in Angstrom): ----------
C        2.20091200      2.05710300     -0.00000000
H        1.93155800      2.64127800      0.88192900
H        1.93155800      2.64127800     -0.88192900
H        3.28477600      1.93823600     -0.00000000
C        1.50836700      0.69179300     -0.00000000
H        1.81503800      0.11698300     -0.87547500
H        1.81503800      0.11698300      0.87547500
C       -0.00000000      0.84205000     -0.00000000
H       -0.36406900      1.35404500     -0.88626200
H       -0.36406900      1.35404500      0.88626200
Br      -0.92301400     -0.90595800      0.00000000
End of molecular structure ------------------------
ERI Type: ri_v
SCF convergency thresholds: 1e-8 for density matrix
                            1e-8 Ha. for sum of eigenvalues
                            1e-8 Ha. for total energy
Max. SCF cycle number:      250
It is a finite cluster calculation
The specified checkfile exists but is not loaded because the keyword 'external_init_guess' is specified
It will be updated after the SCF procedure 
(none)
=========================================================
the scf functional for 'xygjos' contains
The density functional 'B3LYP' belongs to the 'Hybrid GGA' family and is defined in the reference(s):
(0): P. J. Stephens, F. J. Devlin, C. F. Chabalowski, and M. J. Frisch.,  J. Phys. Chem. 98, 11623 (1994)
the post-scf functional 'xygjos' is employed, which contains
The density functional 'Slater exchange' belongs to the 'LDA' family and is defined in the reference(s):
(0): P. A. M. Dirac.,  Math. Proc. Cambridge Philos. Soc. 26, 376 (1930)
(1): F. Bloch.,  Z. Phys. 57, 545 (1929)
The density functional 'Becke 88' belongs to the 'GGA' family and is defined in the reference(s):
(0): A. D. Becke.,  Phys. Rev. A 38, 3098 (1988)
The density functional 'Vosko, Wilk & Nusair (VWN5_RPA)' belongs to the 'LDA' family and is defined in the reference(s):
(0): S. H. Vosko, L. Wilk, and M. Nusair.,  Can. J. Phys. 58, 1200 (1980)
The density functional 'Lee, Yang & Parr' belongs to the 'GGA' family and is defined in the reference(s):
(0): C. Lee, W. Yang, and R. G. Parr.,  Phys. Rev. B 37, 785 (1988)
(1): B. Miehlich, A. Savin, H. Stoll, and H. Preuss.,  Chem. Phys. Lett. 157, 200 (1989)
<start_mo> for the frozen-core post-SCF methods 5 is larger than the number of ecp orbitals 5. Take the <start_mo> -= ecp_orbitals
Libxc version used in REST: 7.0.0
nbas: 91, natm: 11 for standard basis sets
First valence state for the frozen-core algorithm:     0
final nbas: 268,final natm: 22
numbasis: 239, num_auxbas: 617
Molecule_name: cccbr1
Restricted Hartree-Fock (or Kohn-Sham) algorithm is invoked.
Nuc_energy:     189.58800727 Hartree
No ghost effective potential
No ghost point charges
Overlap matrix is nonsigular:
  Lowest eigenvalue:       0.00026850 with the total number of basis functions:    239
Grid size: 132778

=======================
Generating SAD for atom: C
=======================
SAD generation for C complete.

=======================
Generating SAD for atom: H
=======================
SAD generation for H complete.

=======================
Generating SAD for atom: Br
=======================
SAD generation for Br complete.
Initial guess energy using single atom density (SAD):    -579.1107990250503690
The total energy:      -578.4460609831 Ha by the initial guess
Energy:    -577.5520148473 Ha after    1 iterations (in       0.35 seconds).
SCF Change: DM 5.60562e-2; eev  6.60807e0 Ha; etot  2.98987e1 Ha
Energy:    -547.6533044949 Ha after    2 iterations (in       0.33 seconds).
SCF Change: DM 4.24754e-3; eev  1.35600e0 Ha; etot -2.86852e1 Ha
Energy:    -576.3385000197 Ha after    3 iterations (in       0.32 seconds).
SCF Change: DM 8.48423e-3; eev  1.70393e0 Ha; etot -1.21494e0 Ha
Energy:    -577.5534422148 Ha after    4 iterations (in       0.32 seconds).
SCF Change: DM 2.65408e-3; eev 4.54811e-1 Ha; etot -1.13789e0 Ha
Energy:    -578.6913345785 Ha after    5 iterations (in       0.32 seconds).
SCF Change: DM 1.58774e-3; eev 3.28859e-1 Ha; etot 8.54215e-2 Ha
Energy:    -578.6059130451 Ha after    6 iterations (in       0.31 seconds).
SCF Change: DM 2.44884e-3; eev 2.32291e-1 Ha; etot -1.77043e-1 Ha
Energy:    -578.7829562670 Ha after    7 iterations (in       0.34 seconds).
SCF Change: DM 3.74810e-3; eev 3.28611e-1 Ha; etot -1.00846e-1 Ha
Energy:    -578.8838022493 Ha after    8 iterations (in       0.35 seconds).
SCF Change: DM 9.66760e-4; eev 9.56159e-2 Ha; etot -4.81412e-2 Ha
Energy:    -578.9319434861 Ha after    9 iterations (in       0.33 seconds).
SCF Change: DM 6.99819e-4; eev 6.24588e-2 Ha; etot -6.04275e-4 Ha
Energy:    -578.9325477607 Ha after   10 iterations (in       0.33 seconds).
SCF Change: DM 5.74921e-5; eev 5.55109e-3 Ha; etot -1.03567e-3 Ha
Energy:    -578.9335834319 Ha after   11 iterations (in       0.34 seconds).
SCF Change: DM 9.65136e-6; eev 1.23885e-3 Ha; etot -5.81947e-6 Ha
Energy:    -578.9335892513 Ha after   12 iterations (in       0.36 seconds).
SCF Change: DM 9.17083e-6; eev 5.46143e-4 Ha; etot -5.66053e-7 Ha
Energy:    -578.9335898174 Ha after   13 iterations (in       0.33 seconds).
SCF Change: DM 6.72783e-7; eev 1.18828e-4 Ha; etot -8.93162e-8 Ha
Energy:    -578.9335899067 Ha after   14 iterations (in       0.32 seconds).
SCF Change: DM 2.48618e-7; eev 2.08820e-5 Ha; etot -3.25053e-9 Ha
Energy:    -578.9335899100 Ha after   15 iterations (in       0.34 seconds).
SCF Change: DM 1.56759e-7; eev 1.23201e-5 Ha; etot -1.83036e-10 Ha
Energy:    -578.9335899101 Ha after   16 iterations (in       0.32 seconds).
SCF Change: DM 5.58387e-8; eev 4.50568e-6 Ha; etot -6.71889e-11 Ha
Energy:    -578.9335899102 Ha after   17 iterations (in       0.33 seconds).
SCF Change: DM 2.17032e-8; eev 1.06077e-6 Ha; etot -1.59162e-12 Ha
Energy:    -578.9335899102 Ha after   18 iterations (in       0.33 seconds).
SCF Change: DM 1.09870e-8; eev 4.10827e-7 Ha; etot -1.46656e-11 Ha
Energy:    -578.9335899102 Ha after   19 iterations (in       0.33 seconds).
SCF Change: DM 2.24493e-9; eev 1.46131e-7 Ha; etot 1.15961e-11 Ha
Energy:    -578.9335899102 Ha after   20 iterations (in       0.34 seconds).
SCF Change: DM 6.19656e-10; eev 5.16245e-8 Ha; etot -1.04592e-11 Ha
Energy:    -578.9335899102 Ha after   21 iterations (in       0.34 seconds).
Energy increase is detected. Turn on the linear mixing algorithm with (H[DIIS, i-1] + H[DIIS, i+1]).
Prev_Energies: (   -578.93358991,    -578.93358991)
SCF Change: DM 5.03901e-10; eev 4.26649e-8 Ha; etot 1.18234e-11 Ha
Energy:    -578.9335899102 Ha after   22 iterations (in       0.33 seconds).
SCF Change: DM 5.62957e-10; eev 3.55524e-8 Ha; etot -5.57066e-12 Ha
Energy:    -578.9335899102 Ha after   23 iterations (in       0.35 seconds).
SCF Change: DM 3.78354e-11; eev 3.95920e-9 Ha; etot -1.11413e-11 Ha
Energy:    -578.9335899102 Ha after   24 iterations (in       0.33 seconds).
SCF is converged after   24 iterations.
==========================================
Now evaluate the    PT2 correlation energy
==========================================
----------------------------------------------------------------------
Methods         :       Total Corr,          OS Corr,          SS Corr
----------------------------------------------------------------------
PT2             :      -2.03200037,      -1.44494355,      -0.58705682
----------------------------------------------------------------------
Fifth-rung correlation energy :      -0.630573365987 Ha
E[XYGJOS]=:    -576.60284070 Ha, Ex[HF]:     -49.87363515 Ha, Ec[PT2  ]:      -2.03200037 Ha
Mulliken population analysis:
  0-C  :  -0.343957
  1-H  :   0.089269
  2-H  :   0.089269
  3-H  :   0.090827
  4-C  :  -0.001576
  5-H  :   0.096495
  6-H  :   0.096495
  7-C  :  -0.764794
  8-H  :   0.120683
  9-H  :   0.120683
 10-Br :   0.406606

====================================================
              REST: Mission accomplished
====================================================
The SCF energy        :    -578.9335899102 Ha
The (R)-xDH energy    :    -576.6028406999 Ha
Detailed time report:
Overall   |:   12.913 s for the whole job
SCF       |:   12.302 s for the scf procedure
PT2       |:    0.608 s for the PT2 evaluation
