=========================================================
      Input parameters for the REST calculation
=========================================================
Calculation type: Single-point energy
The exchange-correlation method: xygjos
Print level:                1
The number of threads used for parallelism:      8
The spheric-GTO basis set is taken from /home/symei/TZVPP-28-o-all
The spheric-GTO auxiliary basis set is taken from /home/symei/def2-SV(P)-JKFIT
Charge:   0; Spin:   1
Spin polarization: Off
Input molecular structure (in Angstrom): ----------
C       -0.00000000      0.00000000      0.93299600
H       -0.89803500      0.00000000      1.53422900
H        0.89803500     -0.00000000      1.53422900
Br       0.00000000     -1.63201600     -0.12380600
Br      -0.00000000      1.63201600     -0.12380600
End of molecular structure ------------------------
ERI Type: ri_v
SCF convergency thresholds: 1e-8 for density matrix
                            1e-8 Ha. for sum of eigenvalues
                            1e-8 Ha. for total energy
Max. SCF cycle number:      250
It is a finite cluster calculation
The specified checkfile exists but is not loaded because the keyword 'external_init_guess' is specified
It will be updated after the SCF procedure 
(none)
=========================================================
the scf functional for 'xygjos' contains
The density functional 'B3LYP' belongs to the 'Hybrid GGA' family and is defined in the reference(s):
(0): P. J. Stephens, F. J. Devlin, C. F. Chabalowski, and M. J. Frisch.,  J. Phys. Chem. 98, 11623 (1994)
the post-scf functional 'xygjos' is employed, which contains
The density functional 'Slater exchange' belongs to the 'LDA' family and is defined in the reference(s):
(0): P. A. M. Dirac.,  Math. Proc. Cambridge Philos. Soc. 26, 376 (1930)
(1): F. Bloch.,  Z. Phys. 57, 545 (1929)
The density functional 'Becke 88' belongs to the 'GGA' family and is defined in the reference(s):
(0): A. D. Becke.,  Phys. Rev. A 38, 3098 (1988)
The density functional 'Vosko, Wilk & Nusair (VWN5_RPA)' belongs to the 'LDA' family and is defined in the reference(s):
(0): S. H. Vosko, L. Wilk, and M. Nusair.,  Can. J. Phys. 58, 1200 (1980)
The density functional 'Lee, Yang & Parr' belongs to the 'GGA' family and is defined in the reference(s):
(0): C. Lee, W. Yang, and R. G. Parr.,  Phys. Rev. B 37, 785 (1988)
(1): B. Miehlich, A. Savin, H. Stoll, and H. Preuss.,  Chem. Phys. Lett. 157, 200 (1989)
<start_mo> for the frozen-core post-SCF methods 10 is larger than the number of ecp orbitals 10. Take the <start_mo> -= ecp_orbitals
Libxc version used in REST: 7.0.0
nbas: 55, natm: 5 for standard basis sets
First valence state for the frozen-core algorithm:     0
final nbas: 212,final natm: 10
numbasis: 155, num_auxbas: 643
Molecule_name: ch2br2
Restricted Hartree-Fock (or Kohn-Sham) algorithm is invoked.
Nuc_energy:     210.36808555 Hartree
No ghost effective potential
No ghost point charges
Overlap matrix is nonsigular:
  Lowest eigenvalue:       0.00058115 with the total number of basis functions:    155
Grid size: 75758

=======================
Generating SAD for atom: C
=======================
SAD generation for C complete.

=======================
Generating SAD for atom: H
=======================
SAD generation for H complete.

=======================
Generating SAD for atom: Br
=======================
SAD generation for Br complete.
Initial guess energy using single atom density (SAD):    -959.6715143141408362
The total energy:      -959.7690054010 Ha by the initial guess
Energy:    -959.3576579473 Ha after    1 iterations (in       0.15 seconds).
SCF Change: DM 2.99352e-2; eev  2.40803e0 Ha; etot  4.75181e0 Ha
Energy:    -954.6058522627 Ha after    2 iterations (in       0.16 seconds).
SCF Change: DM 1.11404e-2; eev  1.77199e0 Ha; etot -5.10955e0 Ha
Energy:    -959.7153976394 Ha after    3 iterations (in       0.15 seconds).
SCF Change: DM 8.06541e-3; eev 2.64040e-1 Ha; etot 3.06120e-2 Ha
Energy:    -959.6847856074 Ha after    4 iterations (in       0.15 seconds).
SCF Change: DM 3.88466e-3; eev 4.31698e-1 Ha; etot -1.90586e-1 Ha
Energy:    -959.8753720611 Ha after    5 iterations (in       0.14 seconds).
SCF Change: DM 4.55613e-4; eev 6.18184e-2 Ha; etot -1.12458e-1 Ha
Energy:    -959.9878296148 Ha after    6 iterations (in       0.13 seconds).
SCF Change: DM 1.12769e-4; eev 8.39525e-3 Ha; etot -1.93771e-3 Ha
Energy:    -959.9897673198 Ha after    7 iterations (in       0.13 seconds).
SCF Change: DM 3.48923e-5; eev 2.26244e-3 Ha; etot -8.65393e-5 Ha
Energy:    -959.9898538592 Ha after    8 iterations (in       0.13 seconds).
SCF Change: DM 7.69930e-6; eev 5.94087e-4 Ha; etot -3.88694e-6 Ha
Energy:    -959.9898577461 Ha after    9 iterations (in       0.14 seconds).
SCF Change: DM 3.77136e-6; eev 9.46018e-5 Ha; etot -2.65368e-7 Ha
Energy:    -959.9898580115 Ha after   10 iterations (in       0.15 seconds).
SCF Change: DM 1.05502e-6; eev 5.06435e-5 Ha; etot -2.59411e-8 Ha
Energy:    -959.9898580374 Ha after   11 iterations (in       0.15 seconds).
SCF Change: DM 2.12605e-7; eev 1.33658e-5 Ha; etot -3.98529e-9 Ha
Energy:    -959.9898580414 Ha after   12 iterations (in       0.14 seconds).
SCF Change: DM 8.80154e-8; eev 2.85334e-6 Ha; etot -1.06070e-10 Ha
Energy:    -959.9898580415 Ha after   13 iterations (in       0.13 seconds).
SCF Change: DM 2.59651e-8; eev 1.04266e-6 Ha; etot -1.38698e-11 Ha
Energy:    -959.9898580415 Ha after   14 iterations (in       0.16 seconds).
SCF Change: DM 1.33476e-8; eev 4.03202e-7 Ha; etot -4.54747e-13 Ha
Energy:    -959.9898580415 Ha after   15 iterations (in       0.15 seconds).
SCF Change: DM 5.65104e-9; eev 1.82295e-7 Ha; etot -6.13909e-12 Ha
Energy:    -959.9898580415 Ha after   16 iterations (in       0.14 seconds).
SCF Change: DM 1.56660e-9; eev 1.46490e-7 Ha; etot -7.61702e-12 Ha
Energy:    -959.9898580415 Ha after   17 iterations (in       0.14 seconds).
SCF Change: DM 6.58294e-10; eev 9.70307e-8 Ha; etot 3.06954e-12 Ha
Energy:    -959.9898580415 Ha after   18 iterations (in       0.13 seconds).
SCF Change: DM 1.65175e-10; eev 1.14039e-8 Ha; etot -4.54747e-13 Ha
Energy:    -959.9898580415 Ha after   19 iterations (in       0.15 seconds).
SCF Change: DM 8.29040e-11; eev 4.30815e-9 Ha; etot -5.45697e-12 Ha
Energy:    -959.9898580415 Ha after   20 iterations (in       0.16 seconds).
SCF is converged after   20 iterations.
==========================================
Now evaluate the    PT2 correlation energy
==========================================
----------------------------------------------------------------------
Methods         :       Total Corr,          OS Corr,          SS Corr
----------------------------------------------------------------------
PT2             :      -2.80418470,      -1.87995534,      -0.92422936
----------------------------------------------------------------------
Fifth-rung correlation energy :      -0.820412510087 Ha
E[XYGJOS]=:    -955.89526837 Ha, Ex[HF]:     -69.48502281 Ha, Ec[PT2  ]:      -2.80418470 Ha
Mulliken population analysis:
  0-C  :  -1.084953
  1-H  :   0.156465
  2-H  :   0.156465
  3-Br :   0.386012
  4-Br :   0.386012

====================================================
              REST: Mission accomplished
====================================================
The SCF energy        :    -959.9898580415 Ha
The (R)-xDH energy    :    -955.8952683656 Ha
Detailed time report:
SCF       |:    5.038 s for the scf procedure
Overall   |:    5.335 s for the whole job
PT2       |:    0.297 s for the PT2 evaluation
