=========================================================
      Input parameters for the REST calculation
=========================================================
Calculation type: Single-point energy
The exchange-correlation method: xygjos
Print level:                1
The number of threads used for parallelism:      8
The spheric-GTO basis set is taken from /home/symei/TZVPP-28-o-all
The spheric-GTO auxiliary basis set is taken from /home/symei/def2-SV(P)-JKFIT
Charge:   0; Spin:   1
Spin polarization: Off
Input molecular structure (in Angstrom): ----------
C       -0.00000000     -0.00000000     -1.53495100
H       -0.00000000      1.03254200     -1.86426500
H        0.89420800     -0.51627100     -1.86426500
H       -0.89420800     -0.51627100     -1.86426500
Br       0.00000000      0.00000000      0.42292900
End of molecular structure ------------------------
ERI Type: ri_v
SCF convergency thresholds: 1e-8 for density matrix
                            1e-8 Ha. for sum of eigenvalues
                            1e-8 Ha. for total energy
Max. SCF cycle number:      250
It is a finite cluster calculation
The specified checkfile exists but is not loaded because the keyword 'external_init_guess' is specified
It will be updated after the SCF procedure 
(none)
=========================================================
the scf functional for 'xygjos' contains
The density functional 'B3LYP' belongs to the 'Hybrid GGA' family and is defined in the reference(s):
(0): P. J. Stephens, F. J. Devlin, C. F. Chabalowski, and M. J. Frisch.,  J. Phys. Chem. 98, 11623 (1994)
the post-scf functional 'xygjos' is employed, which contains
The density functional 'Slater exchange' belongs to the 'LDA' family and is defined in the reference(s):
(0): P. A. M. Dirac.,  Math. Proc. Cambridge Philos. Soc. 26, 376 (1930)
(1): F. Bloch.,  Z. Phys. 57, 545 (1929)
The density functional 'Becke 88' belongs to the 'GGA' family and is defined in the reference(s):
(0): A. D. Becke.,  Phys. Rev. A 38, 3098 (1988)
The density functional 'Vosko, Wilk & Nusair (VWN5_RPA)' belongs to the 'LDA' family and is defined in the reference(s):
(0): S. H. Vosko, L. Wilk, and M. Nusair.,  Can. J. Phys. 58, 1200 (1980)
The density functional 'Lee, Yang & Parr' belongs to the 'GGA' family and is defined in the reference(s):
(0): C. Lee, W. Yang, and R. G. Parr.,  Phys. Rev. B 37, 785 (1988)
(1): B. Miehlich, A. Savin, H. Stoll, and H. Preuss.,  Chem. Phys. Lett. 157, 200 (1989)
<start_mo> for the frozen-core post-SCF methods 5 is larger than the number of ecp orbitals 5. Take the <start_mo> -= ecp_orbitals
Libxc version used in REST: 7.0.0
nbas: 45, natm: 5 for standard basis sets
First valence state for the frozen-core algorithm:     0
final nbas: 148,final natm: 10
numbasis: 121, num_auxbas: 395
Molecule_name: ch3br
Restricted Hartree-Fock (or Kohn-Sham) algorithm is invoked.
Nuc_energy:      66.03405374 Hartree
No ghost effective potential
No ghost point charges
Overlap matrix is nonsigular:
  Lowest eigenvalue:       0.00057445 with the total number of basis functions:    121
Grid size: 64878

=======================
Generating SAD for atom: C
=======================
SAD generation for C complete.

=======================
Generating SAD for atom: H
=======================
SAD generation for H complete.

=======================
Generating SAD for atom: Br
=======================
SAD generation for Br complete.
Initial guess energy using single atom density (SAD):    -500.0690614667772707
The total energy:      -500.0638742161 Ha by the initial guess
Energy:    -499.7698799773 Ha after    1 iterations (in       0.07 seconds).
SCF Change: DM 1.31836e-1; eev  2.69081e0 Ha; etot  1.34918e1 Ha
Energy:    -486.2780363864 Ha after    2 iterations (in       0.07 seconds).
SCF Change: DM 1.18697e-2; eev  2.15216e0 Ha; etot -1.36930e1 Ha
Energy:    -499.9710717966 Ha after    3 iterations (in       0.07 seconds).
SCF Change: DM 4.00202e-3; eev 5.38550e-1 Ha; etot -2.13567e-1 Ha
Energy:    -500.1846389921 Ha after    4 iterations (in       0.07 seconds).
SCF Change: DM 8.83721e-4; eev 1.07081e-1 Ha; etot -8.23394e-2 Ha
Energy:    -500.2669783599 Ha after    5 iterations (in       0.07 seconds).
SCF Change: DM 3.93953e-4; eev 4.27351e-2 Ha; etot -2.60208e-3 Ha
Energy:    -500.2695804370 Ha after    6 iterations (in       0.07 seconds).
SCF Change: DM 3.93637e-5; eev 6.01827e-3 Ha; etot -6.69862e-4 Ha
Energy:    -500.2702502994 Ha after    7 iterations (in       0.07 seconds).
SCF Change: DM 7.13919e-6; eev 6.99559e-4 Ha; etot -5.32415e-6 Ha
Energy:    -500.2702556236 Ha after    8 iterations (in       0.07 seconds).
SCF Change: DM 3.48099e-6; eev 2.81787e-4 Ha; etot -2.58817e-7 Ha
Energy:    -500.2702558824 Ha after    9 iterations (in       0.07 seconds).
SCF Change: DM 1.15159e-6; eev 4.13975e-5 Ha; etot -4.34613e-8 Ha
Energy:    -500.2702559258 Ha after   10 iterations (in       0.07 seconds).
SCF Change: DM 5.35233e-7; eev 1.09524e-5 Ha; etot -1.79313e-9 Ha
Energy:    -500.2702559276 Ha after   11 iterations (in       0.07 seconds).
SCF Change: DM 2.00572e-7; eev 4.90942e-6 Ha; etot -3.07864e-10 Ha
Energy:    -500.2702559279 Ha after   12 iterations (in       0.07 seconds).
SCF Change: DM 2.59011e-8; eev 1.04380e-6 Ha; etot -2.73985e-11 Ha
Energy:    -500.2702559280 Ha after   13 iterations (in       0.07 seconds).
SCF Change: DM 4.66520e-9; eev 2.20512e-7 Ha; etot -1.30740e-12 Ha
Energy:    -500.2702559280 Ha after   14 iterations (in       0.07 seconds).
SCF Change: DM 2.38664e-9; eev 1.32275e-7 Ha; etot 5.68434e-14 Ha
Energy:    -500.2702559280 Ha after   15 iterations (in       0.07 seconds).
SCF Change: DM 6.84848e-10; eev 2.08104e-8 Ha; etot -4.37694e-12 Ha
Energy:    -500.2702559280 Ha after   16 iterations (in       0.07 seconds).
SCF Change: DM 2.43270e-10; eev 9.10389e-9 Ha; etot 1.36424e-12 Ha
Energy:    -500.2702559280 Ha after   17 iterations (in       0.07 seconds).
SCF is converged after   17 iterations.
==========================================
Now evaluate the    PT2 correlation energy
==========================================
----------------------------------------------------------------------
Methods         :       Total Corr,          OS Corr,          SS Corr
----------------------------------------------------------------------
PT2             :      -1.48287100,      -1.02339146,      -0.45947954
----------------------------------------------------------------------
Fifth-rung correlation energy :      -0.446608033557 Ha
E[XYGJOS]=:    -498.15506746 Ha, Ex[HF]:     -38.05840869 Ha, Ec[PT2  ]:      -1.48287100 Ha
Mulliken population analysis:
  0-C  :  -0.765412
  1-H  :   0.135675
  2-H  :   0.135692
  3-H  :   0.135692
  4-Br :   0.358352

====================================================
              REST: Mission accomplished
====================================================
The SCF energy        :    -500.2702559280 Ha
The (R)-xDH energy    :    -498.1550674603 Ha
Detailed time report:
PT2       |:    0.157 s for the PT2 evaluation
Overall   |:    2.746 s for the whole job
SCF       |:    2.588 s for the scf procedure
