=========================================================
      Input parameters for the REST calculation
=========================================================
Calculation type: Single-point energy
The exchange-correlation method: xygjos
Print level:                1
The number of threads used for parallelism:      8
The spheric-GTO basis set is taken from /home/symei/TZVPP-28-o-all
The spheric-GTO auxiliary basis set is taken from /home/symei/def2-SV(P)-JKFIT
Charge:   0; Spin:   1
Spin polarization: Off
Input molecular structure (in Angstrom): ----------
Br       0.00000000      0.00000000      0.03956000
H        0.00000000      0.00000000     -1.38460900
End of molecular structure ------------------------
ERI Type: ri_v
SCF convergency thresholds: 1e-8 for density matrix
                            1e-8 Ha. for sum of eigenvalues
                            1e-8 Ha. for total energy
Max. SCF cycle number:      250
It is a finite cluster calculation
The specified checkfile exists but is not loaded because the keyword 'external_init_guess' is specified
It will be updated after the SCF procedure 
(none)
=========================================================
the scf functional for 'xygjos' contains
The density functional 'B3LYP' belongs to the 'Hybrid GGA' family and is defined in the reference(s):
(0): P. J. Stephens, F. J. Devlin, C. F. Chabalowski, and M. J. Frisch.,  J. Phys. Chem. 98, 11623 (1994)
the post-scf functional 'xygjos' is employed, which contains
The density functional 'Slater exchange' belongs to the 'LDA' family and is defined in the reference(s):
(0): P. A. M. Dirac.,  Math. Proc. Cambridge Philos. Soc. 26, 376 (1930)
(1): F. Bloch.,  Z. Phys. 57, 545 (1929)
The density functional 'Becke 88' belongs to the 'GGA' family and is defined in the reference(s):
(0): A. D. Becke.,  Phys. Rev. A 38, 3098 (1988)
The density functional 'Vosko, Wilk & Nusair (VWN5_RPA)' belongs to the 'LDA' family and is defined in the reference(s):
(0): S. H. Vosko, L. Wilk, and M. Nusair.,  Can. J. Phys. 58, 1200 (1980)
The density functional 'Lee, Yang & Parr' belongs to the 'GGA' family and is defined in the reference(s):
(0): C. Lee, W. Yang, and R. G. Parr.,  Phys. Rev. B 37, 785 (1988)
(1): B. Miehlich, A. Savin, H. Stoll, and H. Preuss.,  Chem. Phys. Lett. 157, 200 (1989)
<start_mo> for the frozen-core post-SCF methods 5 is larger than the number of ecp orbitals 5. Take the <start_mo> -= ecp_orbitals
Libxc version used in REST: 7.0.0
nbas: 22, natm: 2 for standard basis sets
First valence state for the frozen-core algorithm:     0
final nbas: 88,final natm: 4
numbasis: 62, num_auxbas: 284
Molecule_name: hbr
Restricted Hartree-Fock (or Kohn-Sham) algorithm is invoked.
Nuc_energy:       9.28922776 Hartree
No ghost effective potential
No ghost point charges
Overlap matrix is nonsigular:
  Lowest eigenvalue:       0.00486027 with the total number of basis functions:     62
Grid size: 30928

=======================
Generating SAD for atom: Br
=======================
SAD generation for Br complete.

=======================
Generating SAD for atom: H
=======================
SAD generation for H complete.
Initial guess energy using single atom density (SAD):    -460.7729322853432450
The total energy:      -460.8860853487 Ha by the initial guess
Energy:    -460.2204053193 Ha after    1 iterations (in       0.01 seconds).
SCF Change: DM 3.82011e-2; eev  4.79447e0 Ha; etot  3.60026e0 Ha
Energy:    -456.6201424782 Ha after    2 iterations (in       0.01 seconds).
SCF Change: DM 9.51611e-3; eev 4.34871e-1 Ha; etot -4.25053e0 Ha
Energy:    -460.8706720717 Ha after    3 iterations (in       0.02 seconds).
SCF Change: DM 1.90799e-3; eev 1.20779e-1 Ha; etot -8.21126e-2 Ha
Energy:    -460.9527847004 Ha after    4 iterations (in       0.01 seconds).
SCF Change: DM 4.27908e-4; eev 2.84295e-2 Ha; etot -3.31310e-3 Ha
Energy:    -460.9560978014 Ha after    5 iterations (in       0.02 seconds).
SCF Change: DM 5.69347e-5; eev 2.10316e-3 Ha; etot -1.67030e-4 Ha
Energy:    -460.9562648312 Ha after    6 iterations (in       0.02 seconds).
SCF Change: DM 2.48418e-5; eev 1.22731e-3 Ha; etot -1.81363e-6 Ha
Energy:    -460.9562666448 Ha after    7 iterations (in       0.02 seconds).
SCF Change: DM 1.12531e-5; eev 1.15932e-4 Ha; etot -2.48659e-7 Ha
Energy:    -460.9562668935 Ha after    8 iterations (in       0.02 seconds).
SCF Change: DM 6.60936e-6; eev 5.26872e-5 Ha; etot -2.85392e-8 Ha
Energy:    -460.9562669220 Ha after    9 iterations (in       0.02 seconds).
SCF Change: DM 8.40643e-7; eev 8.83101e-6 Ha; etot -5.56025e-9 Ha
Energy:    -460.9562669276 Ha after   10 iterations (in       0.01 seconds).
SCF Change: DM 1.20064e-7; eev 3.67180e-6 Ha; etot -1.00215e-10 Ha
Energy:    -460.9562669277 Ha after   11 iterations (in       0.02 seconds).
SCF Change: DM 3.04480e-9; eev 1.03686e-7 Ha; etot -3.75167e-12 Ha
Energy:    -460.9562669277 Ha after   12 iterations (in       0.01 seconds).
SCF Change: DM 1.41030e-9; eev 1.32735e-8 Ha; etot -7.95808e-13 Ha
Energy:    -460.9562669277 Ha after   13 iterations (in       0.02 seconds).
SCF Change: DM 1.90812e-10; eev 2.75607e-9 Ha; etot -6.25278e-13 Ha
Energy:    -460.9562669277 Ha after   14 iterations (in       0.02 seconds).
SCF is converged after   14 iterations.
==========================================
Now evaluate the    PT2 correlation energy
==========================================
----------------------------------------------------------------------
Methods         :       Total Corr,          OS Corr,          SS Corr
----------------------------------------------------------------------
PT2             :      -1.17872258,      -0.79094947,      -0.38777311
----------------------------------------------------------------------
Fifth-rung correlation energy :      -0.345170348012 Ha
E[XYGJOS]=:    -458.95036837 Ha, Ex[HF]:     -32.16014826 Ha, Ec[PT2  ]:      -1.17872258 Ha
Mulliken population analysis:
  0-Br :   0.016768
  1-H  :  -0.016768

====================================================
              REST: Mission accomplished
====================================================
The SCF energy        :    -460.9562669277 Ha
The (R)-xDH energy    :    -458.9503683736 Ha
Detailed time report:
Overall   |:    0.828 s for the whole job
SCF       |:    0.787 s for the scf procedure
PT2       |:    0.041 s for the PT2 evaluation
