=========================================================
      Input parameters for the REST calculation
=========================================================
Calculation type: Single-point energy
The exchange-correlation method: xygjos
Print level:                1
The number of threads used for parallelism:      8
The spheric-GTO basis set is taken from /home/symei/TZVPP-28-o-all
The spheric-GTO auxiliary basis set is taken from /home/symei/def2-SV(P)-JKFIT
Charge:   0; Spin:   1
Spin polarization: Off
Input molecular structure (in Angstrom): ----------
Na       0.00000000      0.00000000     -1.91269200
Br       0.00000000      0.00000000      0.60113200
End of molecular structure ------------------------
ERI Type: ri_v
SCF convergency thresholds: 1e-8 for density matrix
                            1e-8 Ha. for sum of eigenvalues
                            1e-8 Ha. for total energy
Max. SCF cycle number:      250
It is a finite cluster calculation
The specified checkfile exists but is not loaded because the keyword 'external_init_guess' is specified
It will be updated after the SCF procedure 
(none)
=========================================================
the scf functional for 'xygjos' contains
The density functional 'B3LYP' belongs to the 'Hybrid GGA' family and is defined in the reference(s):
(0): P. J. Stephens, F. J. Devlin, C. F. Chabalowski, and M. J. Frisch.,  J. Phys. Chem. 98, 11623 (1994)
the post-scf functional 'xygjos' is employed, which contains
The density functional 'Slater exchange' belongs to the 'LDA' family and is defined in the reference(s):
(0): P. A. M. Dirac.,  Math. Proc. Cambridge Philos. Soc. 26, 376 (1930)
(1): F. Bloch.,  Z. Phys. 57, 545 (1929)
The density functional 'Becke 88' belongs to the 'GGA' family and is defined in the reference(s):
(0): A. D. Becke.,  Phys. Rev. A 38, 3098 (1988)
The density functional 'Vosko, Wilk & Nusair (VWN5_RPA)' belongs to the 'LDA' family and is defined in the reference(s):
(0): S. H. Vosko, L. Wilk, and M. Nusair.,  Can. J. Phys. 58, 1200 (1980)
The density functional 'Lee, Yang & Parr' belongs to the 'GGA' family and is defined in the reference(s):
(0): C. Lee, W. Yang, and R. G. Parr.,  Phys. Rev. B 37, 785 (1988)
(1): B. Miehlich, A. Savin, H. Stoll, and H. Preuss.,  Chem. Phys. Lett. 157, 200 (1989)
<start_mo> for the frozen-core post-SCF methods 6 is larger than the number of ecp orbitals 5. Take the <start_mo> -= ecp_orbitals
Libxc version used in REST: 7.0.0
nbas: 28, natm: 2 for standard basis sets
First valence state for the frozen-core algorithm:     1
final nbas: 122,final natm: 4
numbasis: 80, num_auxbas: 378
Molecule_name: nabr
Restricted Hartree-Fock (or Kohn-Sham) algorithm is invoked.
Nuc_energy:      57.88938775 Hartree
No ghost effective potential
No ghost point charges
Overlap matrix is nonsigular:
  Lowest eigenvalue:       0.01111532 with the total number of basis functions:     80
Grid size: 37792

=======================
Generating SAD for atom: Na
=======================
SAD generation for Na complete.

=======================
Generating SAD for atom: Br
=======================
SAD generation for Br complete.
Initial guess energy using single atom density (SAD):    -622.0765604335117587
The total energy:      -622.1174927085 Ha by the initial guess
Energy:    -599.2391466166 Ha after    1 iterations (in       0.03 seconds).
SCF Change: DM 9.47587e-2; eev  1.67333e1 Ha; etot  7.37915e1 Ha
Energy:    -525.4476941923 Ha after    2 iterations (in       0.03 seconds).
SCF Change: DM 1.79349e-2; eev  4.66552e0 Ha; etot -8.96109e1 Ha
Energy:    -615.0585526789 Ha after    3 iterations (in       0.03 seconds).
SCF Change: DM 2.78029e-2; eev  5.36014e0 Ha; etot -2.63696e0 Ha
Energy:    -617.6955113819 Ha after    4 iterations (in       0.03 seconds).
SCF Change: DM 1.45271e-2; eev  3.58914e0 Ha; etot -2.33063e0 Ha
Energy:    -620.0261432787 Ha after    5 iterations (in       0.03 seconds).
SCF Change: DM 4.27389e-3; eev  1.66596e0 Ha; etot -1.50987e0 Ha
Energy:    -621.5360083901 Ha after    6 iterations (in       0.03 seconds).
SCF Change: DM 7.60552e-3; eev 9.00191e-1 Ha; etot -4.67137e-1 Ha
Energy:    -622.0031449397 Ha after    7 iterations (in       0.03 seconds).
SCF Change: DM 8.07439e-3; eev 6.58321e-1 Ha; etot -4.91198e-1 Ha
Energy:    -622.4943433442 Ha after    8 iterations (in       0.03 seconds).
SCF Change: DM 1.30829e-2; eev 3.38848e-1 Ha; etot -1.69424e-1 Ha
Energy:    -622.6637670379 Ha after    9 iterations (in       0.03 seconds).
SCF Change: DM 4.82023e-3; eev 1.23244e-1 Ha; etot 1.23780e-1 Ha
Energy:    -622.5399870763 Ha after   10 iterations (in       0.03 seconds).
SCF Change: DM 2.39627e-3; eev 9.00036e-2 Ha; etot -1.06592e-1 Ha
Energy:    -622.6465791836 Ha after   11 iterations (in       0.03 seconds).
SCF Change: DM 1.83629e-3; eev 7.99995e-2 Ha; etot -2.47420e-2 Ha
Energy:    -622.6713211848 Ha after   12 iterations (in       0.03 seconds).
SCF Change: DM 3.36613e-4; eev 5.40471e-3 Ha; etot -4.44209e-3 Ha
Energy:    -622.6757632728 Ha after   13 iterations (in       0.03 seconds).
SCF Change: DM 1.33996e-4; eev 9.25411e-3 Ha; etot -1.91537e-5 Ha
Energy:    -622.6757824265 Ha after   14 iterations (in       0.03 seconds).
SCF Change: DM 3.20118e-5; eev 6.05746e-4 Ha; etot -2.26232e-5 Ha
Energy:    -622.6758050497 Ha after   15 iterations (in       0.03 seconds).
SCF Change: DM 2.88198e-6; eev 1.66083e-4 Ha; etot -8.74423e-7 Ha
Energy:    -622.6758059241 Ha after   16 iterations (in       0.03 seconds).
SCF Change: DM 8.83761e-7; eev 4.99316e-5 Ha; etot -1.55796e-9 Ha
Energy:    -622.6758059257 Ha after   17 iterations (in       0.03 seconds).
SCF Change: DM 2.29326e-7; eev 1.03762e-5 Ha; etot -9.49740e-10 Ha
Energy:    -622.6758059266 Ha after   18 iterations (in       0.03 seconds).
SCF Change: DM 2.37070e-8; eev 4.85635e-7 Ha; etot -3.27418e-11 Ha
Energy:    -622.6758059266 Ha after   19 iterations (in       0.03 seconds).
SCF Change: DM 1.68787e-8; eev 4.81605e-7 Ha; etot 9.09495e-13 Ha
Energy:    -622.6758059266 Ha after   20 iterations (in       0.03 seconds).
SCF Change: DM 1.36693e-8; eev 6.64436e-8 Ha; etot -4.43379e-12 Ha
Energy:    -622.6758059266 Ha after   21 iterations (in       0.03 seconds).
Energy increase is detected. Turn on the linear mixing algorithm with (H[DIIS, i-1] + H[DIIS, i+1]).
Prev_Energies: (   -622.67580593,    -622.67580593)
SCF Change: DM 5.78462e-9; eev 5.14761e-8 Ha; etot 3.52429e-12 Ha
Energy:    -622.6758059266 Ha after   22 iterations (in       0.03 seconds).
SCF Change: DM 8.25063e-8; eev 2.08175e-7 Ha; etot -2.72848e-12 Ha
Energy:    -622.6758059266 Ha after   23 iterations (in       0.03 seconds).
Energy increase is detected. Turn on the linear mixing algorithm with (H[DIIS, i-1] + H[DIIS, i+1]).
Prev_Energies: (   -622.67580593,    -622.67580593)
SCF Change: DM 5.63748e-8; eev 1.43677e-7 Ha; etot 1.81899e-12 Ha
Energy:    -622.6758059266 Ha after   24 iterations (in       0.03 seconds).
SCF Change: DM 1.89801e-7; eev 4.73960e-7 Ha; etot -1.81899e-12 Ha
Energy:    -622.6758059266 Ha after   25 iterations (in       0.03 seconds).
Energy increase is detected. Turn on the linear mixing algorithm with (H[DIIS, i-1] + H[DIIS, i+1]).
Prev_Energies: (   -622.67580593,    -622.67580593)
SCF Change: DM 1.30431e-7; eev 3.26019e-7 Ha; etot 1.59162e-12 Ha
Energy:    -622.6758059266 Ha after   26 iterations (in       0.03 seconds).
Energy increase is detected. Turn on the linear mixing algorithm with (H[DIIS, i-1] + H[DIIS, i+1]).
Prev_Energies: (   -622.67580593,    -622.67580593)
SCF Change: DM 1.58850e-7; eev 3.96784e-7 Ha; etot 1.02318e-12 Ha
Energy:    -622.6758059266 Ha after   27 iterations (in       0.03 seconds).
SCF Change: DM 1.18031e-7; eev 2.94606e-7 Ha; etot -1.13687e-13 Ha
Energy:    -622.6758059266 Ha after   28 iterations (in       0.03 seconds).
SCF Change: DM 5.54646e-10; eev 5.59917e-9 Ha; etot -1.93268e-12 Ha
Energy:    -622.6758059266 Ha after   29 iterations (in       0.03 seconds).
SCF is converged after   29 iterations.
==========================================
Now evaluate the    PT2 correlation energy
==========================================
----------------------------------------------------------------------
Methods         :       Total Corr,          OS Corr,          SS Corr
----------------------------------------------------------------------
PT2             :      -1.56805517,      -1.04920947,      -0.51884570
----------------------------------------------------------------------
Fifth-rung correlation energy :      -0.457875013489 Ha
E[XYGJOS]=:    -620.39250184 Ha, Ex[HF]:     -45.82200058 Ha, Ec[PT2  ]:      -1.56805517 Ha
Mulliken population analysis:
  0-Na :   0.354268
  1-Br :  -0.354268

====================================================
              REST: Mission accomplished
====================================================
The SCF energy        :    -622.6758059266 Ha
The (R)-xDH energy    :    -620.3925018433 Ha
Detailed time report:
SCF       |:    1.623 s for the scf procedure
Overall   |:    1.692 s for the whole job
PT2       |:    0.069 s for the PT2 evaluation
