Sender: LSF System <lsfadmin@xc03n06>
Subject: Job 203824: <o-28-all> in cluster <xdft1> Done

Job <o-28-all> was submitted from host <xn01> by user <symei> in cluster <xdft1> at Tue Oct 28 10:37:47 2025
Job was executed on host(s) <8*xc03n06>, in queue <small>, as user <symei> in cluster <xdft1> at Tue Oct 28 10:37:47 2025
</share/home/symei> was used as the home directory.
</share/home/symei/comp/pp-fit/optuna_rms/br-all-28/fmin-rms-o28> was used as the working directory.
Started at Tue Oct 28 10:37:47 2025
Terminated at Tue Oct 28 16:09:29 2025
Results reported at Tue Oct 28 16:09:29 2025

Your job looked like:

------------------------------------------------------------
# LSBATCH: User input
#! /usr/bin/env bash

#BSUB -q small      # 替换为实际队列名（如 normal、cpu、gpu等）
#BSUB -J o-28-all        # 作业名称
#BSUB -n 8              # 申请 8 个 CPU 核心
#BSUB -R "span[ptile=16]" # 限制在单节点运行
#BSUB -o %J.out         # 输出日志文件
#BSUB -e %J.err         # 错误日志文件

export ROOT_PATH=/share/home/symei/pseudo_fitting
export FITTING_PATH=${ROOT_PATH}/DFT_Fit
export IGOR_MODULES_PATH=${ROOT_PATH}/Modules

nohup python $FITTING_PATH/DFT_Fit.py br-fitting.ctl

------------------------------------------------------------

Successfully completed.

Resource usage summary:

    CPU time :                                   158826.25 sec.
    Max Memory :                                 6165 MB
    Average Memory :                             2139.37 MB
    Total Requested Memory :                     -
    Delta Memory :                               -
    Max Swap :                                   17592186044415 MB
    Max Processes :                              8
    Max Threads :                                64
    Run time :                                   19901 sec.
    Turnaround time :                            19902 sec.

The output (if any) follows:

Error :: SCF doesn't sucess in br
Error :: SCF doesn't sucess in br
Error :: SCF doesn't sucess in br
Error :: SCF doesn't sucess in br
Error :: SCF doesn't sucess in br
Error :: SCF doesn't sucess in br
Error :: SCF doesn't sucess in br
Error :: SCF doesn't sucess in br
Error :: SCF doesn't sucess in br
Error :: SCF doesn't sucess in br
Error :: SCF doesn't sucess in br
Error :: SCF doesn't sucess in br
Error :: SCF doesn't sucess in br
Error :: SCF doesn't sucess in br
Error :: SCF doesn't sucess in br
Error :: SCF doesn't sucess in br
Error :: SCF doesn't sucess in br
Error :: SCF doesn't sucess in br
Error :: SCF doesn't sucess in br
Error :: SCF doesn't sucess in br
Error :: SCF doesn't sucess in br
Error :: SCF doesn't sucess in br
Error :: SCF doesn't sucess in br
Error :: SCF doesn't sucess in br
Error :: SCF doesn't sucess in br
Error :: SCF doesn't sucess in br
Error :: SCF doesn't sucess in br
Error :: SCF doesn't sucess in br
Error :: SCF doesn't sucess in br
Error :: SCF doesn't sucess in br
Error :: SCF doesn't sucess in br
Error :: SCF doesn't sucess in br
Error :: SCF doesn't sucess in br
Error :: SCF doesn't sucess in br
Error :: SCF doesn't sucess in br
Error :: SCF doesn't sucess in br
Error :: SCF doesn't sucess in br
Error :: SCF doesn't sucess in br
Error :: SCF doesn't sucess in br
Error :: SCF doesn't sucess in br
Error :: SCF doesn't sucess in br
Error :: SCF doesn't sucess in br
Error :: SCF doesn't sucess in br
Optimization terminated successfully.
         Current function value: 7.599572
         Iterations: 3
         Function evaluations: 45
Error :: SCF doesn't sucess in br
Error :: SCF doesn't sucess in br
Error :: SCF doesn't sucess in br
Error :: SCF doesn't sucess in br
Error :: SCF doesn't sucess in br
Error :: SCF doesn't sucess in br
Error :: SCF doesn't sucess in br
Error :: SCF doesn't sucess in br
Error :: SCF doesn't sucess in br
Error :: SCF doesn't sucess in br
Error :: SCF doesn't sucess in br
Error :: SCF doesn't sucess in br
Error :: SCF doesn't sucess in br
Error :: SCF doesn't sucess in br
Error :: SCF doesn't sucess in br
Optimization terminated successfully.
         Current function value: 7.597922
         Iterations: 1
         Function evaluations: 15


PS:

Read file <203824.err> for stderr output of this job.

