=========================================================
Input parameters for the REST calculation
=========================================================
Calculation type: Single-point energy
The exchange-correlation method: xygjos
Print level:                1
The number of threads used for parallelism:      4
The spheric-GTO basis set is taken from /home/symei/TZVPP-28-o-all
The pruning method is nwchem
The radial grid generation method is treutler
ERI Type: ri_v
Turn on the basis pair symmetry for RI 3D-tensors
The spheric-GTO auxiliary basis set is taken from /home/symei/def2-SV(P)-JKFIT
Spin polarization: Off
Charge:   0; Spin:   1
min_num_angular_points: 110
max_num_angular_points: 590
hardness: 3
Grid generation level: 3
Even tempered basis generation: false
SCF convergency thresholds: 1e-8 for density matrix
                            1e-8 Ha. for sum of eigenvalues
                            1e-8 Ha. for total energy
Max. SCF cycle number:      250
The diis mixing with (param, max_vec_len) = (0.2, 8) is employed for the SCF procedure
Turn on the diis mixing after 1 step(s) of SCF iteractions with the linear mixing
The specified checkfile exists but is not loaded because the keyword 'external_init_guess' is specified
It will be updated after the SCF procedure 
(none)
Initial guess is prepared by (sad).
It is a finite cluster calculation
the scf functional for 'xygjos' contains
The density functional 'B3LYP' belongs to the 'Hybrid GGA' family and is defined in the reference(s):
(0): P. J. Stephens, F. J. Devlin, C. F. Chabalowski, and M. J. Frisch.,  J. Phys. Chem. 98, 11623 (1994)
the post-scf functional 'xygjos' is employed, which contains
The density functional 'Slater exchange' belongs to the 'LDA' family and is defined in the reference(s):
(0): P. A. M. Dirac.,  Math. Proc. Cambridge Philos. Soc. 26, 376 (1930)
(1): F. Bloch.,  Z. Phys. 57, 545 (1929)
The density functional 'Becke 88' belongs to the 'GGA' family and is defined in the reference(s):
(0): A. D. Becke.,  Phys. Rev. A 38, 3098 (1988)
The density functional 'Vosko, Wilk & Nusair (VWN5_RPA)' belongs to the 'LDA' family and is defined in the reference(s):
(0): S. H. Vosko, L. Wilk, and M. Nusair.,  Can. J. Phys. 58, 1200 (1980)
The density functional 'Lee, Yang & Parr' belongs to the 'GGA' family and is defined in the reference(s):
(0): C. Lee, W. Yang, and R. G. Parr.,  Phys. Rev. B 37, 785 (1988)
(1): B. Miehlich, A. Savin, H. Stoll, and H. Preuss.,  Chem. Phys. Lett. 157, 200 (1989)
<start_mo> for the frozen-core post-SCF methods 6 is larger than the number of ecp orbitals 5. Take the <start_mo> -= ecp_orbitals
Libxc version used in REST: 7.0.0
nbas: 30, natm: 2 for standard basis sets
First valence state for the frozen-core algorithm:     1
final nbas: 128,final natm: 4
numbasis: 90, num_auxbas: 394
Molecule_name: brcl
Restricted Hartree-Fock (or Kohn-Sham) algorithm is invoked.
Nuc_energy:     103.86163079 Hartree
No ghost effective potential
No ghost point charges
Overlap matrix is nonsigular:
  Lowest eigenvalue:       0.00912335 with the total number of basis functions:     90
Grid size: 39784
Generate SAD of Br
Generate SAD of Cl
Initial guess HF energy:    -900.0482424955232545
The total energy:      -900.0802657427 Ha by the initial guess
Energy:    -899.9061531404 Ha after    1 iterations (in       0.06 seconds).
SCF Change: DM 1.56265e-2; eev  2.00792e0 Ha; etot  1.84377e0 Ha
Energy:    -898.0623853705 Ha after    2 iterations (in       0.07 seconds).
SCF Change: DM 5.60639e-3; eev 7.14100e-1 Ha; etot -1.94209e0 Ha
Energy:    -900.0044761410 Ha after    3 iterations (in       0.06 seconds).
SCF Change: DM 9.85672e-4; eev 1.68547e-1 Ha; etot -1.18565e-1 Ha
Energy:    -900.1230412595 Ha after    4 iterations (in       0.07 seconds).
SCF Change: DM 5.17725e-4; eev 5.49917e-2 Ha; etot -2.60574e-4 Ha
Energy:    -900.1233018332 Ha after    5 iterations (in       0.06 seconds).
SCF Change: DM 8.13609e-5; eev 4.13805e-3 Ha; etot -1.12029e-3 Ha
Energy:    -900.1244221246 Ha after    6 iterations (in       0.06 seconds).
SCF Change: DM 3.13438e-5; eev 3.73426e-3 Ha; etot -3.94202e-5 Ha
Energy:    -900.1244615448 Ha after    7 iterations (in       0.05 seconds).
SCF Change: DM 1.30510e-5; eev 4.25167e-4 Ha; etot -2.40562e-6 Ha
Energy:    -900.1244639504 Ha after    8 iterations (in       0.06 seconds).
SCF Change: DM 1.58099e-5; eev 1.72415e-4 Ha; etot -1.63729e-7 Ha
Energy:    -900.1244641142 Ha after    9 iterations (in       0.06 seconds).
SCF Change: DM 7.23179e-6; eev 1.00795e-4 Ha; etot -9.18261e-8 Ha
Energy:    -900.1244642060 Ha after   10 iterations (in       0.06 seconds).
SCF Change: DM 4.76812e-7; eev 2.63041e-5 Ha; etot -1.11245e-8 Ha
Energy:    -900.1244642171 Ha after   11 iterations (in       0.06 seconds).
SCF Change: DM 4.10285e-8; eev 3.61374e-6 Ha; etot -4.08136e-10 Ha
Energy:    -900.1244642175 Ha after   12 iterations (in       0.06 seconds).
SCF Change: DM 1.07808e-8; eev 4.42827e-7 Ha; etot -2.27374e-12 Ha
Energy:    -900.1244642175 Ha after   13 iterations (in       0.06 seconds).
SCF Change: DM 7.08664e-9; eev 1.22694e-7 Ha; etot -2.27374e-13 Ha
Energy:    -900.1244642175 Ha after   14 iterations (in       0.06 seconds).
SCF Change: DM 9.57916e-9; eev 5.52712e-8 Ha; etot -5.00222e-12 Ha
Energy:    -900.1244642175 Ha after   15 iterations (in       0.06 seconds).
SCF Change: DM 2.70602e-9; eev 7.17136e-8 Ha; etot -1.93268e-12 Ha
Energy:    -900.1244642175 Ha after   16 iterations (in       0.05 seconds).
SCF Change: DM 3.16197e-10; eev 2.56586e-8 Ha; etot 6.70752e-12 Ha
Energy:    -900.1244642175 Ha after   17 iterations (in       0.06 seconds).
SCF Change: DM 3.31777e-11; eev 1.87793e-9 Ha; etot -2.61480e-12 Ha
Energy:    -900.1244642175 Ha after   18 iterations (in       0.08 seconds).
SCF is converged after   18 iterations.
==========================================
Now evaluate the    PT2 correlation energy
==========================================
----------------------------------------------------------------------
Methods         :       Total Corr,          OS Corr,          SS Corr
----------------------------------------------------------------------
PT2             :      -1.55579495,      -1.07786024,      -0.47793471
----------------------------------------------------------------------
Fifth-rung correlation energy :      -0.470378209549 Ha
E[XYGJOS]=:    -897.65008731 Ha, Ex[HF]:     -60.28218899 Ha, Ec[PT2  ]:      -1.55579495 Ha
Mulliken population analysis:
  0-Br :   0.334202
  1-Cl :  -0.334202

====================================================
              REST: Mission accomplished
====================================================
The SCF energy        :    -900.1244642175 Ha
The (R)-xDH energy    :    -897.6500873083 Ha
Detailed time report:
Overall   |:    3.147 s for the whole job
SCF       |:    2.508 s for the scf procedure
PT2       |:    0.137 s for the PT2 evaluation
