=========================================================
Input parameters for the REST calculation
=========================================================
Calculation type: Single-point energy
The exchange-correlation method: xygjos
Print level:                1
The number of threads used for parallelism:      4
The spheric-GTO basis set is taken from /home/symei/TZVPP-28-o-all
The pruning method is nwchem
The radial grid generation method is treutler
ERI Type: ri_v
Turn on the basis pair symmetry for RI 3D-tensors
The spheric-GTO auxiliary basis set is taken from /home/symei/def2-SV(P)-JKFIT
Spin polarization: Off
Charge:   0; Spin:   1
min_num_angular_points: 110
max_num_angular_points: 590
hardness: 3
Grid generation level: 3
Even tempered basis generation: false
SCF convergency thresholds: 1e-8 for density matrix
                            1e-8 Ha. for sum of eigenvalues
                            1e-8 Ha. for total energy
Max. SCF cycle number:      250
The diis mixing with (param, max_vec_len) = (0.2, 8) is employed for the SCF procedure
Turn on the diis mixing after 1 step(s) of SCF iteractions with the linear mixing
The specified checkfile exists but is not loaded because the keyword 'external_init_guess' is specified
It will be updated after the SCF procedure 
(none)
Initial guess is prepared by (sad).
It is a finite cluster calculation
the scf functional for 'xygjos' contains
The density functional 'B3LYP' belongs to the 'Hybrid GGA' family and is defined in the reference(s):
(0): P. J. Stephens, F. J. Devlin, C. F. Chabalowski, and M. J. Frisch.,  J. Phys. Chem. 98, 11623 (1994)
the post-scf functional 'xygjos' is employed, which contains
The density functional 'Slater exchange' belongs to the 'LDA' family and is defined in the reference(s):
(0): P. A. M. Dirac.,  Math. Proc. Cambridge Philos. Soc. 26, 376 (1930)
(1): F. Bloch.,  Z. Phys. 57, 545 (1929)
The density functional 'Becke 88' belongs to the 'GGA' family and is defined in the reference(s):
(0): A. D. Becke.,  Phys. Rev. A 38, 3098 (1988)
The density functional 'Vosko, Wilk & Nusair (VWN5_RPA)' belongs to the 'LDA' family and is defined in the reference(s):
(0): S. H. Vosko, L. Wilk, and M. Nusair.,  Can. J. Phys. 58, 1200 (1980)
The density functional 'Lee, Yang & Parr' belongs to the 'GGA' family and is defined in the reference(s):
(0): C. Lee, W. Yang, and R. G. Parr.,  Phys. Rev. B 37, 785 (1988)
(1): B. Miehlich, A. Savin, H. Stoll, and H. Preuss.,  Chem. Phys. Lett. 157, 200 (1989)
<start_mo> for the frozen-core post-SCF methods 10 is larger than the number of ecp orbitals 10. Take the <start_mo> -= ecp_orbitals
Libxc version used in REST: 7.0.0
nbas: 124, natm: 14 for standard basis sets
First valence state for the frozen-core algorithm:     0
final nbas: 392,final natm: 28
numbasis: 332, num_auxbas: 976
Molecule_name: c-cbrcbr-c
Restricted Hartree-Fock (or Kohn-Sham) algorithm is invoked.
Nuc_energy:     487.51053470 Hartree
No ghost effective potential
No ghost point charges
Overlap matrix is nonsigular:
  Lowest eigenvalue:       0.00016151 with the total number of basis functions:    332
Grid size: 177608
Generate SAD of C
Generate SAD of H
Generate SAD of Br
Initial guess HF energy:   -1037.1917286628245165
The total energy:     -1036.6704134074 Ha by the initial guess
Energy:   -1035.7560875397 Ha after    1 iterations (in       1.33 seconds).
SCF Change: DM 7.72962e-2; eev  4.55170e0 Ha; etot  4.01743e1 Ha
Energy:    -995.5817418748 Ha after    2 iterations (in       1.23 seconds).
SCF Change: DM 1.60862e-2; eev  4.00683e0 Ha; etot -4.09249e1 Ha
Energy:   -1036.5066099564 Ha after    3 iterations (in       1.17 seconds).
SCF Change: DM 8.50584e-3; eev  1.23341e0 Ha; etot 3.75430e-3 Ha
Energy:   -1036.5028556562 Ha after    4 iterations (in       1.14 seconds).
SCF Change: DM 2.53891e-3; eev 2.25180e-1 Ha; etot -6.95555e-1 Ha
Energy:   -1037.1984108187 Ha after    5 iterations (in       1.27 seconds).
SCF Change: DM 1.91111e-3; eev 2.30093e-1 Ha; etot 5.87724e-3 Ha
Energy:   -1037.1925335742 Ha after    6 iterations (in       1.16 seconds).
SCF Change: DM 2.04648e-4; eev 3.62242e-2 Ha; etot -4.16353e-2 Ha
Energy:   -1037.2341689119 Ha after    7 iterations (in       1.20 seconds).
SCF Change: DM 4.81293e-5; eev 8.18518e-3 Ha; etot -4.59049e-4 Ha
Energy:   -1037.2346279610 Ha after    8 iterations (in       1.25 seconds).
SCF Change: DM 1.87951e-5; eev 4.57819e-3 Ha; etot -2.43210e-5 Ha
Energy:   -1037.2346522820 Ha after    9 iterations (in       1.33 seconds).
SCF Change: DM 4.37687e-6; eev 6.27100e-4 Ha; etot -6.30572e-6 Ha
Energy:   -1037.2346585877 Ha after   10 iterations (in       1.26 seconds).
SCF Change: DM 1.46416e-6; eev 9.20073e-5 Ha; etot -1.33745e-7 Ha
Energy:   -1037.2346587214 Ha after   11 iterations (in       1.19 seconds).
SCF Change: DM 3.89136e-7; eev 2.91587e-5 Ha; etot -1.22700e-8 Ha
Energy:   -1037.2346587337 Ha after   12 iterations (in       1.20 seconds).
SCF Change: DM 2.81454e-7; eev 2.84269e-5 Ha; etot -1.16506e-9 Ha
Energy:   -1037.2346587349 Ha after   13 iterations (in       1.24 seconds).
SCF Change: DM 8.08583e-8; eev 6.88601e-6 Ha; etot -4.07908e-10 Ha
Energy:   -1037.2346587353 Ha after   14 iterations (in       1.30 seconds).
SCF Change: DM 7.15257e-8; eev 3.91498e-6 Ha; etot -6.13909e-11 Ha
Energy:   -1037.2346587353 Ha after   15 iterations (in       1.23 seconds).
SCF Change: DM 3.37613e-8; eev 1.36735e-6 Ha; etot -1.61435e-11 Ha
Energy:   -1037.2346587354 Ha after   16 iterations (in       1.12 seconds).
SCF Change: DM 7.78720e-9; eev 1.51409e-6 Ha; etot 7.04858e-12 Ha
Energy:   -1037.2346587354 Ha after   17 iterations (in       1.15 seconds).
SCF Change: DM 7.13087e-9; eev 8.09818e-7 Ha; etot -1.97815e-11 Ha
Energy:   -1037.2346587354 Ha after   18 iterations (in       1.30 seconds).
SCF Change: DM 1.99444e-9; eev 2.13980e-7 Ha; etot 2.56932e-11 Ha
Energy:   -1037.2346587353 Ha after   19 iterations (in       1.26 seconds).
SCF Change: DM 5.85863e-10; eev 1.19345e-7 Ha; etot -1.45519e-11 Ha
Energy:   -1037.2346587354 Ha after   20 iterations (in       1.17 seconds).
SCF Change: DM 3.14212e-10; eev 2.78148e-8 Ha; etot -1.77351e-11 Ha
Energy:   -1037.2346587354 Ha after   21 iterations (in       1.11 seconds).
Energy increase is detected. Turn on the linear mixing algorithm with (H[DIIS, i-1] + H[DIIS, i+1]).
Prev_Energies: (  -1037.23465874,   -1037.23465874)
SCF Change: DM 2.34237e-10; eev 2.37990e-8 Ha; etot 3.38787e-11 Ha
Energy:   -1037.2346587353 Ha after   22 iterations (in       1.22 seconds).
SCF Change: DM 4.19662e-10; eev 2.28622e-8 Ha; etot -2.34195e-11 Ha
Energy:   -1037.2346587354 Ha after   23 iterations (in       1.31 seconds).
Energy increase is detected. Turn on the linear mixing algorithm with (H[DIIS, i-1] + H[DIIS, i+1]).
Prev_Energies: (  -1037.23465874,   -1037.23465874)
SCF Change: DM 3.38043e-10; eev 1.88936e-8 Ha; etot 1.13687e-11 Ha
Energy:   -1037.2346587354 Ha after   24 iterations (in       1.22 seconds).
SCF Change: DM 3.42788e-10; eev 1.68268e-8 Ha; etot -7.95808e-12 Ha
Energy:   -1037.2346587354 Ha after   25 iterations (in       1.22 seconds).
Energy increase is detected. Turn on the linear mixing algorithm with (H[DIIS, i-1] + H[DIIS, i+1]).
Prev_Energies: (  -1037.23465874,   -1037.23465874)
SCF Change: DM 2.73596e-10; eev 1.34257e-8 Ha; etot 1.11413e-11 Ha
Energy:   -1037.2346587354 Ha after   26 iterations (in       1.23 seconds).
Energy increase is detected. Turn on the linear mixing algorithm with (H[DIIS, i-1] + H[DIIS, i+1]).
Prev_Energies: (  -1037.23465874,   -1037.23465874)
SCF Change: DM 2.74290e-10; eev 1.34406e-8 Ha; etot 5.00222e-12 Ha
Energy:   -1037.2346587353 Ha after   27 iterations (in       1.21 seconds).
Energy increase is detected. Turn on the linear mixing algorithm with (H[DIIS, i-1] + H[DIIS, i+1]).
Prev_Energies: (  -1037.23465874,   -1037.23465874)
SCF Change: DM 2.18814e-10; eev 1.07596e-8 Ha; etot 6.13909e-12 Ha
Energy:   -1037.2346587353 Ha after   28 iterations (in       1.14 seconds).
SCF Change: DM 2.18896e-10; eev 1.07170e-8 Ha; etot -2.13731e-11 Ha
Energy:   -1037.2346587354 Ha after   29 iterations (in       1.16 seconds).
SCF Change: DM 4.60578e-12; eev 5.50247e-11 Ha; etot -2.66027e-11 Ha
Energy:   -1037.2346587354 Ha after   30 iterations (in       1.18 seconds).
SCF is converged after   30 iterations.
==========================================
Now evaluate the    PT2 correlation energy
==========================================
----------------------------------------------------------------------
Methods         :       Total Corr,          OS Corr,          SS Corr
----------------------------------------------------------------------
PT2             :      -3.38830625,      -2.37655503,      -1.01175123
----------------------------------------------------------------------
Fifth-rung correlation energy :      -1.037128613218 Ha
E[XYGJOS]=:   -1032.81735484 Ha, Ex[HF]:     -89.14280757 Ha, Ec[PT2  ]:      -3.38830625 Ha
Mulliken population analysis:
  0-C  :  -0.987636
  1-H  :   0.211376
  2-C  :  -0.987636
  3-H  :   0.211376
  4-C  :  -0.085787
  5-C  :  -0.085787
  6-H  :   0.141644
  7-H  :   0.122139
  8-H  :   0.139877
  9-H  :   0.122139
 10-H  :   0.139877
 11-H  :   0.141644
 12-Br :   0.458388
 13-Br :   0.458388

====================================================
              REST: Mission accomplished
====================================================
The SCF energy        :   -1037.2346587354 Ha
The (R)-xDH energy    :   -1032.8173548412 Ha
Detailed time report:
Overall   |:   53.401 s for the whole job
SCF       |:   50.042 s for the scf procedure
PT2       |:    2.865 s for the PT2 evaluation
