=========================================================
Input parameters for the REST calculation
=========================================================
Calculation type: Single-point energy
The exchange-correlation method: xygjos
Print level:                1
The number of threads used for parallelism:      4
The spheric-GTO basis set is taken from /home/symei/TZVPP-28-o-all
The pruning method is nwchem
The radial grid generation method is treutler
ERI Type: ri_v
Turn on the basis pair symmetry for RI 3D-tensors
The spheric-GTO auxiliary basis set is taken from /home/symei/def2-SV(P)-JKFIT
Spin polarization: Off
Charge:   0; Spin:   1
min_num_angular_points: 110
max_num_angular_points: 590
hardness: 3
Grid generation level: 3
Even tempered basis generation: false
SCF convergency thresholds: 1e-8 for density matrix
                            1e-8 Ha. for sum of eigenvalues
                            1e-8 Ha. for total energy
Max. SCF cycle number:      250
The diis mixing with (param, max_vec_len) = (0.2, 8) is employed for the SCF procedure
Turn on the diis mixing after 1 step(s) of SCF iteractions with the linear mixing
The specified checkfile exists but is not loaded because the keyword 'external_init_guess' is specified
It will be updated after the SCF procedure 
(none)
Initial guess is prepared by (sad).
It is a finite cluster calculation
the scf functional for 'xygjos' contains
The density functional 'B3LYP' belongs to the 'Hybrid GGA' family and is defined in the reference(s):
(0): P. J. Stephens, F. J. Devlin, C. F. Chabalowski, and M. J. Frisch.,  J. Phys. Chem. 98, 11623 (1994)
the post-scf functional 'xygjos' is employed, which contains
The density functional 'Slater exchange' belongs to the 'LDA' family and is defined in the reference(s):
(0): P. A. M. Dirac.,  Math. Proc. Cambridge Philos. Soc. 26, 376 (1930)
(1): F. Bloch.,  Z. Phys. 57, 545 (1929)
The density functional 'Becke 88' belongs to the 'GGA' family and is defined in the reference(s):
(0): A. D. Becke.,  Phys. Rev. A 38, 3098 (1988)
The density functional 'Vosko, Wilk & Nusair (VWN5_RPA)' belongs to the 'LDA' family and is defined in the reference(s):
(0): S. H. Vosko, L. Wilk, and M. Nusair.,  Can. J. Phys. 58, 1200 (1980)
The density functional 'Lee, Yang & Parr' belongs to the 'GGA' family and is defined in the reference(s):
(0): C. Lee, W. Yang, and R. G. Parr.,  Phys. Rev. B 37, 785 (1988)
(1): B. Miehlich, A. Savin, H. Stoll, and H. Preuss.,  Chem. Phys. Lett. 157, 200 (1989)
<start_mo> for the frozen-core post-SCF methods 10 is larger than the number of ecp orbitals 10. Take the <start_mo> -= ecp_orbitals
Libxc version used in REST: 7.0.0
nbas: 78, natm: 8 for standard basis sets
First valence state for the frozen-core algorithm:     0
final nbas: 272,final natm: 16
numbasis: 214, num_auxbas: 754
Molecule_name: cbrcbr
Restricted Hartree-Fock (or Kohn-Sham) algorithm is invoked.
Nuc_energy:     276.82755254 Hartree
No ghost effective potential
No ghost point charges
Overlap matrix is nonsigular:
  Lowest eigenvalue:       0.00035717 with the total number of basis functions:    214
Grid size: 109708
Generate SAD of C
Generate SAD of H
Generate SAD of Br
Initial guess HF energy:    -958.3078544491107778
The total energy:      -958.2994056724 Ha by the initial guess
Energy:    -957.9634631055 Ha after    1 iterations (in       0.46 seconds).
SCF Change: DM 3.04018e-2; eev  2.81941e0 Ha; etot  6.19580e0 Ha
Energy:    -951.7676639512 Ha after    2 iterations (in       0.47 seconds).
SCF Change: DM 9.19341e-3; eev  1.93253e0 Ha; etot -6.47946e0 Ha
Energy:    -958.2471223804 Ha after    3 iterations (in       0.49 seconds).
SCF Change: DM 2.35475e-3; eev 3.66621e-1 Ha; etot -2.78124e-1 Ha
Energy:    -958.5252459963 Ha after    4 iterations (in       0.47 seconds).
SCF Change: DM 5.75530e-4; eev 5.42671e-2 Ha; etot -4.47188e-2 Ha
Energy:    -958.5699648259 Ha after    5 iterations (in       0.42 seconds).
SCF Change: DM 1.32871e-4; eev 1.85107e-2 Ha; etot -1.73116e-3 Ha
Energy:    -958.5716959882 Ha after    6 iterations (in       0.42 seconds).
SCF Change: DM 2.30913e-5; eev 2.75259e-3 Ha; etot -1.47056e-4 Ha
Energy:    -958.5718430438 Ha after    7 iterations (in       0.45 seconds).
SCF Change: DM 6.84990e-6; eev 6.40949e-4 Ha; etot -4.15114e-6 Ha
Energy:    -958.5718471949 Ha after    8 iterations (in       0.41 seconds).
SCF Change: DM 1.63720e-6; eev 1.21243e-4 Ha; etot -1.26951e-7 Ha
Energy:    -958.5718473219 Ha after    9 iterations (in       0.49 seconds).
SCF Change: DM 6.77945e-7; eev 1.53077e-5 Ha; etot -1.09188e-8 Ha
Energy:    -958.5718473328 Ha after   10 iterations (in       0.46 seconds).
SCF Change: DM 2.69208e-7; eev 1.95638e-6 Ha; etot -8.11156e-10 Ha
Energy:    -958.5718473336 Ha after   11 iterations (in       0.44 seconds).
SCF Change: DM 1.81138e-7; eev 5.77663e-6 Ha; etot -1.81558e-10 Ha
Energy:    -958.5718473338 Ha after   12 iterations (in       0.44 seconds).
SCF Change: DM 4.12912e-8; eev 1.53631e-6 Ha; etot -1.33923e-10 Ha
Energy:    -958.5718473339 Ha after   13 iterations (in       0.48 seconds).
SCF Change: DM 9.98086e-9; eev 1.93356e-7 Ha; etot -6.48015e-12 Ha
Energy:    -958.5718473339 Ha after   14 iterations (in       0.44 seconds).
SCF Change: DM 4.03774e-9; eev 1.91114e-7 Ha; etot 2.56932e-11 Ha
Energy:    -958.5718473339 Ha after   15 iterations (in       0.52 seconds).
SCF Change: DM 3.90888e-10; eev 8.58859e-8 Ha; etot -3.14913e-11 Ha
Energy:    -958.5718473339 Ha after   16 iterations (in       0.48 seconds).
SCF Change: DM 2.97435e-10; eev 2.33542e-8 Ha; etot -5.68434e-13 Ha
Energy:    -958.5718473339 Ha after   17 iterations (in       0.48 seconds).
SCF Change: DM 1.56628e-10; eev 9.18703e-9 Ha; etot 7.50333e-12 Ha
Energy:    -958.5718473339 Ha after   18 iterations (in       0.47 seconds).
SCF is converged after   18 iterations.
==========================================
Now evaluate the    PT2 correlation energy
==========================================
----------------------------------------------------------------------
Methods         :       Total Corr,          OS Corr,          SS Corr
----------------------------------------------------------------------
PT2             :      -2.81927952,      -1.94339116,      -0.87588837
----------------------------------------------------------------------
Fifth-rung correlation energy :      -0.848095900630 Ha
E[XYGJOS]=:    -954.36617889 Ha, Ex[HF]:     -77.32082714 Ha, Ec[PT2  ]:      -2.81927952 Ha
Mulliken population analysis:
  0-C  :  -0.747494
  1-H  :   0.201585
  2-H  :   0.201585
  3-C  :  -0.747494
  4-H  :   0.201585
  5-H  :   0.201585
  6-Br :   0.344324
  7-Br :   0.344324

====================================================
              REST: Mission accomplished
====================================================
The SCF energy        :    -958.5718473339 Ha
The (R)-xDH energy    :    -954.3661788896 Ha
Detailed time report:
Overall   |:   15.805 s for the whole job
PT2       |:    0.981 s for the PT2 evaluation
SCF       |:   14.332 s for the scf procedure
