=========================================================
Input parameters for the REST calculation
=========================================================
Calculation type: Single-point energy
The exchange-correlation method: xygjos
Print level:                1
The number of threads used for parallelism:      4
The spheric-GTO basis set is taken from /home/symei/TZVPP-28-o-all
The pruning method is nwchem
The radial grid generation method is treutler
ERI Type: ri_v
Turn on the basis pair symmetry for RI 3D-tensors
The spheric-GTO auxiliary basis set is taken from /home/symei/def2-SV(P)-JKFIT
Spin polarization: Off
Charge:   0; Spin:   1
min_num_angular_points: 110
max_num_angular_points: 590
hardness: 3
Grid generation level: 3
Even tempered basis generation: false
SCF convergency thresholds: 1e-8 for density matrix
                            1e-8 Ha. for sum of eigenvalues
                            1e-8 Ha. for total energy
Max. SCF cycle number:      250
The diis mixing with (param, max_vec_len) = (0.2, 8) is employed for the SCF procedure
Turn on the diis mixing after 1 step(s) of SCF iteractions with the linear mixing
The specified checkfile exists but is not loaded because the keyword 'external_init_guess' is specified
It will be updated after the SCF procedure 
(none)
Initial guess is prepared by (sad).
It is a finite cluster calculation
the scf functional for 'xygjos' contains
The density functional 'B3LYP' belongs to the 'Hybrid GGA' family and is defined in the reference(s):
(0): P. J. Stephens, F. J. Devlin, C. F. Chabalowski, and M. J. Frisch.,  J. Phys. Chem. 98, 11623 (1994)
the post-scf functional 'xygjos' is employed, which contains
The density functional 'Slater exchange' belongs to the 'LDA' family and is defined in the reference(s):
(0): P. A. M. Dirac.,  Math. Proc. Cambridge Philos. Soc. 26, 376 (1930)
(1): F. Bloch.,  Z. Phys. 57, 545 (1929)
The density functional 'Becke 88' belongs to the 'GGA' family and is defined in the reference(s):
(0): A. D. Becke.,  Phys. Rev. A 38, 3098 (1988)
The density functional 'Vosko, Wilk & Nusair (VWN5_RPA)' belongs to the 'LDA' family and is defined in the reference(s):
(0): S. H. Vosko, L. Wilk, and M. Nusair.,  Can. J. Phys. 58, 1200 (1980)
The density functional 'Lee, Yang & Parr' belongs to the 'GGA' family and is defined in the reference(s):
(0): C. Lee, W. Yang, and R. G. Parr.,  Phys. Rev. B 37, 785 (1988)
(1): B. Miehlich, A. Savin, H. Stoll, and H. Preuss.,  Chem. Phys. Lett. 157, 200 (1989)
<start_mo> for the frozen-core post-SCF methods 5 is larger than the number of ecp orbitals 5. Take the <start_mo> -= ecp_orbitals
Libxc version used in REST: 7.0.0
nbas: 45, natm: 5 for standard basis sets
First valence state for the frozen-core algorithm:     0
final nbas: 148,final natm: 10
numbasis: 121, num_auxbas: 395
Molecule_name: ch3br
Restricted Hartree-Fock (or Kohn-Sham) algorithm is invoked.
Nuc_energy:      66.03405374 Hartree
No ghost effective potential
No ghost point charges
Overlap matrix is nonsigular:
  Lowest eigenvalue:       0.00057445 with the total number of basis functions:    121
Grid size: 64878
Generate SAD of C
Generate SAD of H
Generate SAD of Br
SCF does not converge within 301 iterations
Initial guess HF energy:    -414.0441833002772682
The total energy:      -410.4230453968 Ha by the initial guess
Energy:    -395.7701134730 Ha after    1 iterations (in       0.13 seconds).
SCF Change: DM 3.55697e-1; eev  3.57586e1 Ha; etot  8.71455e1 Ha
Energy:    -308.6246105877 Ha after    2 iterations (in       0.11 seconds).
SCF Change: DM 2.14455e-1; eev  1.78304e1 Ha; etot -7.34964e1 Ha
Energy:    -382.1210244366 Ha after    3 iterations (in       0.11 seconds).
SCF Change: DM 6.52008e-2; eev  2.12113e0 Ha; etot  6.19468e1 Ha
Energy:    -320.1741845448 Ha after    4 iterations (in       0.11 seconds).
SCF Change: DM 1.36445e-1; eev  4.48883e0 Ha; etot -1.48131e1 Ha
Energy:    -334.9872763830 Ha after    5 iterations (in       0.11 seconds).
SCF Change: DM 7.39260e-2; eev  2.55529e0 Ha; etot -4.82680e1 Ha
Energy:    -383.2552647731 Ha after    6 iterations (in       0.11 seconds).
SCF Change: DM 5.26701e-2; eev 5.31761e-1 Ha; etot -1.56229e1 Ha
Energy:    -398.8781266580 Ha after    7 iterations (in       0.10 seconds).
SCF Change: DM 1.16462e-1; eev  1.70532e0 Ha; etot -6.22918e0 Ha
Energy:    -405.1073066956 Ha after    8 iterations (in       0.10 seconds).
SCF Change: DM 1.83025e-1; eev  2.23387e0 Ha; etot -1.52049e0 Ha
Energy:    -406.6277943743 Ha after    9 iterations (in       0.10 seconds).
SCF Change: DM 8.51242e-2; eev 1.79434e-1 Ha; etot  6.50997e0 Ha
Energy:    -400.1178269184 Ha after   10 iterations (in       0.10 seconds).
SCF Change: DM 6.78241e-2; eev  5.97076e0 Ha; etot -8.84533e0 Ha
Energy:    -408.9631586758 Ha after   11 iterations (in       0.10 seconds).
SCF Change: DM 2.50735e-2; eev  3.54102e0 Ha; etot  3.48844e0 Ha
Energy:    -405.4747234679 Ha after   12 iterations (in       0.10 seconds).
SCF Change: DM 5.78172e-3; eev 5.49870e-1 Ha; etot -4.95966e0 Ha
Energy:    -410.4343790585 Ha after   13 iterations (in       0.11 seconds).
SCF Change: DM 1.17296e-2; eev  1.16344e0 Ha; etot 6.59325e-1 Ha
Energy:    -409.7750536643 Ha after   14 iterations (in       0.10 seconds).
SCF Change: DM 3.56727e-3; eev 3.99409e-1 Ha; etot -1.15258e0 Ha
Energy:    -410.9276328637 Ha after   15 iterations (in       0.10 seconds).
SCF Change: DM 3.71115e-2; eev  1.41173e0 Ha; etot 3.21194e-1 Ha
Energy:    -410.6064386877 Ha after   16 iterations (in       0.14 seconds).
SCF Change: DM 1.54835e-1; eev  6.61496e0 Ha; etot -1.47638e0 Ha
Energy:    -412.0828167763 Ha after   17 iterations (in       0.14 seconds).
SCF Change: DM 1.48026e-1; eev  6.98026e0 Ha; etot  4.73502e0 Ha
Energy:    -407.3477991016 Ha after   18 iterations (in       0.13 seconds).
SCF Change: DM 1.20649e-2; eev 6.50425e-1 Ha; etot -3.64458e0 Ha
Energy:    -410.9923755134 Ha after   19 iterations (in       0.11 seconds).
SCF Change: DM 1.37647e-1; eev  2.50629e0 Ha; etot 6.59837e-1 Ha
Energy:    -410.3325388206 Ha after   20 iterations (in       0.10 seconds).
SCF Change: DM 1.12254e-1; eev  3.33878e0 Ha; etot -4.09844e-1 Ha
Energy:    -410.7423830193 Ha after   21 iterations (in       0.11 seconds).
Energy increase is detected. Turn on the linear mixing algorithm with (H[DIIS, i-1] + H[DIIS, i+1]).
Prev_Energies: (   -410.74238302,    -410.22851375)
SCF Change: DM 1.12819e-1; eev  2.68187e0 Ha; etot 5.13869e-1 Ha
Energy:    -410.2285137471 Ha after   22 iterations (in       0.12 seconds).
SCF Change: DM 1.02146e-1; eev  3.10419e0 Ha; etot -7.75302e-1 Ha
Energy:    -411.0038152878 Ha after   23 iterations (in       0.10 seconds).
Energy increase is detected. Turn on the linear mixing algorithm with (H[DIIS, i-1] + H[DIIS, i+1]).
Prev_Energies: (   -411.00381529,    -410.14875198)
SCF Change: DM 8.19378e-2; eev  2.57481e0 Ha; etot 8.55063e-1 Ha
Energy:    -410.1487519780 Ha after   24 iterations (in       0.13 seconds).
SCF Change: DM 8.22824e-2; eev  2.67221e0 Ha; etot -3.44558e0 Ha
Energy:    -413.5943275242 Ha after   25 iterations (in       0.13 seconds).
Energy increase is detected. Turn on the linear mixing algorithm with (H[DIIS, i-1] + H[DIIS, i+1]).
Prev_Energies: (   -413.59432752,    -410.03590160)
SCF Change: DM 4.97278e-2; eev  2.17794e0 Ha; etot  3.55843e0 Ha
Energy:    -410.0359016035 Ha after   26 iterations (in       0.13 seconds).
SCF Change: DM 5.87686e-2; eev  3.09689e0 Ha; etot -1.27706e0 Ha
Energy:    -411.3129636483 Ha after   27 iterations (in       0.13 seconds).
Energy increase is detected. Turn on the linear mixing algorithm with (H[DIIS, i-1] + H[DIIS, i+1]).
Prev_Energies: (   -411.31296365,    -409.30646894)
SCF Change: DM 3.48962e-2; eev  2.49698e0 Ha; etot  2.00649e0 Ha
Energy:    -409.3064689384 Ha after   28 iterations (in       0.14 seconds).
SCF Change: DM 2.68331e-2; eev  1.83947e0 Ha; etot -1.47443e0 Ha
Energy:    -410.7808941324 Ha after   29 iterations (in       0.12 seconds).
Energy increase is detected. Turn on the linear mixing algorithm with (H[DIIS, i-1] + H[DIIS, i+1]).
Prev_Energies: (   -410.78089413,    -409.51270373)
SCF Change: DM 2.32961e-2; eev  1.71318e0 Ha; etot  1.26819e0 Ha
Energy:    -409.5127037271 Ha after   30 iterations (in       0.10 seconds).
SCF Change: DM 1.24800e-1; eev  4.16097e0 Ha; etot -1.18199e0 Ha
Energy:    -410.6946953892 Ha after   31 iterations (in       0.13 seconds).
Energy increase is detected. Turn on the linear mixing algorithm with (H[DIIS, i-1] + H[DIIS, i+1]).
Prev_Energies: (   -410.69469539,    -408.70978879)
SCF Change: DM 1.33437e-1; eev  3.71350e0 Ha; etot  1.98491e0 Ha
Energy:    -408.7097887946 Ha after   32 iterations (in       0.11 seconds).
SCF Change: DM 1.30210e-1; eev  3.10341e0 Ha; etot -2.37457e0 Ha
Energy:    -411.0843569814 Ha after   33 iterations (in       0.11 seconds).
Energy increase is detected. Turn on the linear mixing algorithm with (H[DIIS, i-1] + H[DIIS, i+1]).
Prev_Energies: (   -411.08435698,    -409.99267995)
SCF Change: DM 1.26543e-1; eev  3.31676e0 Ha; etot  1.09168e0 Ha
Energy:    -409.9926799497 Ha after   34 iterations (in       0.10 seconds).
SCF Change: DM 5.96629e-3; eev 7.19434e-1 Ha; etot -8.87511e-1 Ha
Energy:    -410.8801908302 Ha after   35 iterations (in       0.10 seconds).
Energy increase is detected. Turn on the linear mixing algorithm with (H[DIIS, i-1] + H[DIIS, i+1]).
Prev_Energies: (   -410.88019083,    -410.45622166)
SCF Change: DM 4.19410e-3; eev 5.51626e-1 Ha; etot 4.23969e-1 Ha
Energy:    -410.4562216581 Ha after   36 iterations (in       0.11 seconds).
SCF Change: DM 1.46818e-2; eev  1.23131e0 Ha; etot -2.92137e-1 Ha
Energy:    -410.7483583492 Ha after   37 iterations (in       0.13 seconds).
Energy increase is detected. Turn on the linear mixing algorithm with (H[DIIS, i-1] + H[DIIS, i+1]).
Prev_Energies: (   -410.74835835,    -409.73168208)
SCF Change: DM 6.55151e-3; eev 7.47233e-1 Ha; etot  1.01668e0 Ha
Energy:    -409.7316820802 Ha after   38 iterations (in       0.13 seconds).
SCF Change: DM 1.10699e-2; eev  1.11048e0 Ha; etot -6.22252e-1 Ha
Energy:    -410.3539338730 Ha after   39 iterations (in       0.13 seconds).
Energy increase is detected. Turn on the linear mixing algorithm with (H[DIIS, i-1] + H[DIIS, i+1]).
Prev_Energies: (   -410.35393387,    -409.43292704)
SCF Change: DM 1.57658e-2; eev  1.29497e0 Ha; etot 9.21007e-1 Ha
Energy:    -409.4329270376 Ha after   40 iterations (in       0.12 seconds).
SCF Change: DM 3.66874e-2; eev 9.42156e-1 Ha; etot -1.03197e0 Ha
Energy:    -410.4648995390 Ha after   41 iterations (in       0.10 seconds).
SCF Change: DM 1.52184e-1; eev  6.02200e0 Ha; etot -7.46816e-1 Ha
Energy:    -411.2117154460 Ha after   42 iterations (in       0.10 seconds).
Energy increase is detected. Turn on the linear mixing algorithm with (H[DIIS, i-1] + H[DIIS, i+1]).
Prev_Energies: (   -411.21171545,    -408.31242302)
SCF Change: DM 1.84351e-2; eev  5.27352e0 Ha; etot  2.89929e0 Ha
Energy:    -408.3124230150 Ha after   43 iterations (in       0.10 seconds).
SCF Change: DM 1.25630e-1; eev  1.35331e0 Ha; etot -2.98318e0 Ha
Energy:    -411.2956010818 Ha after   44 iterations (in       0.10 seconds).
Energy increase is detected. Turn on the linear mixing algorithm with (H[DIIS, i-1] + H[DIIS, i+1]).
Prev_Energies: (   -411.29560108,    -411.29120685)
SCF Change: DM 3.70211e-2; eev 8.30885e-1 Ha; etot 4.39423e-3 Ha
Energy:    -411.2912068527 Ha after   45 iterations (in       0.11 seconds).
SCF Change: DM 7.27198e-2; eev  3.02129e0 Ha; etot -2.99181e-1 Ha
Energy:    -411.5903878583 Ha after   46 iterations (in       0.10 seconds).
Energy increase is detected. Turn on the linear mixing algorithm with (H[DIIS, i-1] + H[DIIS, i+1]).
Prev_Energies: (   -411.59038786,    -409.86987393)
SCF Change: DM 4.45135e-2; eev  2.55003e0 Ha; etot  1.72051e0 Ha
Energy:    -409.8698739302 Ha after   47 iterations (in       0.10 seconds).
SCF Change: DM 4.33005e-2; eev  2.58957e0 Ha; etot -1.20406e0 Ha
Energy:    -411.0739290527 Ha after   48 iterations (in       0.10 seconds).
Energy increase is detected. Turn on the linear mixing algorithm with (H[DIIS, i-1] + H[DIIS, i+1]).
Prev_Energies: (   -411.07392905,    -409.40353314)
SCF Change: DM 2.80286e-2; eev  2.09000e0 Ha; etot  1.67040e0 Ha
Energy:    -409.4035331407 Ha after   49 iterations (in       0.10 seconds).
SCF Change: DM 2.13365e-2; eev  1.35498e0 Ha; etot -1.29310e0 Ha
Energy:    -410.6966289603 Ha after   50 iterations (in       0.10 seconds).
Energy increase is detected. Turn on the linear mixing algorithm with (H[DIIS, i-1] + H[DIIS, i+1]).
Prev_Energies: (   -410.69662896,    -410.17275188)
SCF Change: DM 1.62113e-2; eev  1.10207e0 Ha; etot 5.23877e-1 Ha
Energy:    -410.1727518805 Ha after   51 iterations (in       0.10 seconds).
SCF Change: DM 1.18999e-1; eev  7.27690e0 Ha; etot -3.31372e-1 Ha
Energy:    -410.5041241439 Ha after   52 iterations (in       0.10 seconds).
Energy increase is detected. Turn on the linear mixing algorithm with (H[DIIS, i-1] + H[DIIS, i+1]).
Prev_Energies: (   -410.50412414,    -407.58069553)
SCF Change: DM 1.43923e-1; eev  6.27242e0 Ha; etot  2.92343e0 Ha
Energy:    -407.5806955257 Ha after   53 iterations (in       0.10 seconds).
SCF Change: DM 1.41221e-1; eev  2.64193e0 Ha; etot -3.81087e0 Ha
Energy:    -411.3915645899 Ha after   54 iterations (in       0.10 seconds).
Energy increase is detected. Turn on the linear mixing algorithm with (H[DIIS, i-1] + H[DIIS, i+1]).
Prev_Energies: (   -411.39156459,    -410.18404654)
SCF Change: DM 1.34634e-1; eev  2.86897e0 Ha; etot  1.20752e0 Ha
Energy:    -410.1840465449 Ha after   55 iterations (in       0.10 seconds).
SCF Change: DM 2.19534e-2; eev  1.62600e0 Ha; etot -1.00928e0 Ha
Energy:    -411.1933280936 Ha after   56 iterations (in       0.10 seconds).
Energy increase is detected. Turn on the linear mixing algorithm with (H[DIIS, i-1] + H[DIIS, i+1]).
Prev_Energies: (   -411.19332809,    -409.74519810)
SCF Change: DM 1.51457e-2; eev  1.34411e0 Ha; etot  1.44813e0 Ha
Energy:    -409.7451981018 Ha after   57 iterations (in       0.10 seconds).
SCF Change: DM 3.04225e-2; eev  2.23812e0 Ha; etot -1.22558e0 Ha
Energy:    -410.9707746750 Ha after   58 iterations (in       0.10 seconds).
Energy increase is detected. Turn on the linear mixing algorithm with (H[DIIS, i-1] + H[DIIS, i+1]).
Prev_Energies: (   -410.97077468,    -409.26036828)
SCF Change: DM 1.58205e-2; eev  1.45514e0 Ha; etot  1.71041e0 Ha
Energy:    -409.2603682782 Ha after   59 iterations (in       0.10 seconds).
SCF Change: DM 2.97847e-2; eev  3.33396e0 Ha; etot -1.08950e0 Ha
Energy:    -410.3498646209 Ha after   60 iterations (in       0.10 seconds).
Energy increase is detected. Turn on the linear mixing algorithm with (H[DIIS, i-1] + H[DIIS, i+1]).
Prev_Energies: (   -410.34986462,    -407.55115859)
SCF Change: DM 4.00557e-2; eev  3.83247e0 Ha; etot  2.79871e0 Ha
Energy:    -407.5511585931 Ha after   61 iterations (in       0.10 seconds).
SCF Change: DM 1.25472e-1; eev  2.95454e0 Ha; etot -3.13493e0 Ha
Energy:    -410.6860873334 Ha after   62 iterations (in       0.10 seconds).
Energy increase is detected. Turn on the linear mixing algorithm with (H[DIIS, i-1] + H[DIIS, i+1]).
Prev_Energies: (   -410.68608733,    -410.33648686)
SCF Change: DM 1.37479e-1; eev  2.48696e0 Ha; etot 3.49600e-1 Ha
Energy:    -410.3364868643 Ha after   63 iterations (in       0.10 seconds).
SCF Change: DM 3.72592e-2; eev  2.27702e0 Ha; etot -7.46156e-1 Ha
Energy:    -411.0826423644 Ha after   64 iterations (in       0.10 seconds).
Energy increase is detected. Turn on the linear mixing algorithm with (H[DIIS, i-1] + H[DIIS, i+1]).
Prev_Energies: (   -411.08264236,    -409.18394023)
SCF Change: DM 2.65150e-2; eev  1.88102e0 Ha; etot  1.89870e0 Ha
Energy:    -409.1839402334 Ha after   65 iterations (in       0.15 seconds).
SCF Change: DM 2.04276e-2; eev  1.28305e0 Ha; etot -1.53671e0 Ha
Energy:    -410.7206537939 Ha after   66 iterations (in       0.11 seconds).
Energy increase is detected. Turn on the linear mixing algorithm with (H[DIIS, i-1] + H[DIIS, i+1]).
Prev_Energies: (   -410.72065379,    -409.71456328)
SCF Change: DM 1.51882e-2; eev  1.04389e0 Ha; etot  1.00609e0 Ha
Energy:    -409.7145632777 Ha after   67 iterations (in       0.10 seconds).
SCF Change: DM 1.62094e-2; eev  1.20688e0 Ha; etot -8.09590e-1 Ha
Energy:    -410.5241530479 Ha after   68 iterations (in       0.10 seconds).
Energy increase is detected. Turn on the linear mixing algorithm with (H[DIIS, i-1] + H[DIIS, i+1]).
Prev_Energies: (   -410.52415305,    -409.38092375)
SCF Change: DM 1.88369e-2; eev  1.31969e0 Ha; etot  1.14323e0 Ha
Energy:    -409.3809237487 Ha after   69 iterations (in       0.10 seconds).
SCF Change: DM 1.13508e-2; eev 9.27112e-1 Ha; etot -1.22278e0 Ha
Energy:    -410.6037004973 Ha after   70 iterations (in       0.10 seconds).
Energy increase is detected. Turn on the linear mixing algorithm with (H[DIIS, i-1] + H[DIIS, i+1]).
Prev_Energies: (   -410.60370050,    -409.73163813)
SCF Change: DM 8.01587e-2; eev  2.37664e0 Ha; etot 8.72062e-1 Ha
Energy:    -409.7316381340 Ha after   71 iterations (in       0.10 seconds).
SCF Change: DM 3.12050e-2; eev 9.26448e-1 Ha; etot -4.20795e0 Ha
Energy:    -413.9395907319 Ha after   72 iterations (in       0.10 seconds).
Energy increase is detected. Turn on the linear mixing algorithm with (H[DIIS, i-1] + H[DIIS, i+1]).
Prev_Energies: (   -413.93959073,    -412.51006351)
SCF Change: DM 1.30523e-2; eev 6.88228e-1 Ha; etot  1.42953e0 Ha
Energy:    -412.5100635081 Ha after   73 iterations (in       0.10 seconds).
Energy increase is detected. Turn on the linear mixing algorithm with (H[DIIS, i-1] + H[DIIS, i+1]).
Prev_Energies: (   -412.51006351,    -412.20918928)
SCF Change: DM 2.67468e-2; eev  1.02620e0 Ha; etot 3.00874e-1 Ha
Energy:    -412.2091892769 Ha after   74 iterations (in       0.10 seconds).
Energy increase is detected. Turn on the linear mixing algorithm with (H[DIIS, i-1] + H[DIIS, i+1]).
Prev_Energies: (   -412.20918928,    -410.44716129)
SCF Change: DM 1.85224e-2; eev 9.26419e-1 Ha; etot  1.76203e0 Ha
Energy:    -410.4471612873 Ha after   75 iterations (in       0.10 seconds).
SCF Change: DM 1.29009e-1; eev 8.51021e-1 Ha; etot -1.33696e0 Ha
Energy:    -411.7841232423 Ha after   76 iterations (in       0.10 seconds).
Energy increase is detected. Turn on the linear mixing algorithm with (H[DIIS, i-1] + H[DIIS, i+1]).
Prev_Energies: (   -411.78412324,    -411.71722561)
SCF Change: DM 1.18136e-1; eev 8.10060e-1 Ha; etot 6.68976e-2 Ha
Energy:    -411.7172256125 Ha after   77 iterations (in       0.10 seconds).
SCF Change: DM 1.14183e-1; eev 9.51444e-1 Ha; etot -7.75948e-1 Ha
Energy:    -412.4931731156 Ha after   78 iterations (in       0.09 seconds).
Energy increase is detected. Turn on the linear mixing algorithm with (H[DIIS, i-1] + H[DIIS, i+1]).
Prev_Energies: (   -412.49317312,    -411.59789967)
SCF Change: DM 4.41396e-2; eev 7.53540e-1 Ha; etot 8.95273e-1 Ha
Energy:    -411.5978996707 Ha after   79 iterations (in       0.10 seconds).
SCF Change: DM 2.92425e-2; eev 4.55114e-1 Ha; etot -2.53359e0 Ha
Energy:    -414.1314922318 Ha after   80 iterations (in       0.10 seconds).
Energy increase is detected. Turn on the linear mixing algorithm with (H[DIIS, i-1] + H[DIIS, i+1]).
Prev_Energies: (   -414.13149223,    -412.67260221)
SCF Change: DM 3.29829e-2; eev 3.84946e-1 Ha; etot  1.45889e0 Ha
Energy:    -412.6726022125 Ha after   81 iterations (in       0.10 seconds).
SCF Change: DM 2.27114e-2; eev 3.48329e-1 Ha; etot -1.59614e0 Ha
Energy:    -414.2687402652 Ha after   82 iterations (in       0.10 seconds).
SCF Change: DM 6.21472e-3; eev 5.57852e-2 Ha; etot -2.64478e-1 Ha
Energy:    -414.5332181207 Ha after   83 iterations (in       0.10 seconds).
Energy increase is detected. Turn on the linear mixing algorithm with (H[DIIS, i-1] + H[DIIS, i+1]).
Prev_Energies: (   -414.53321812,    -414.49419591)
SCF Change: DM 4.13656e-3; eev 4.33560e-2 Ha; etot 3.90222e-2 Ha
Energy:    -414.4941959094 Ha after   84 iterations (in       0.10 seconds).
SCF Change: DM 5.72774e-3; eev 2.30792e-2 Ha; etot -3.11475e-2 Ha
Energy:    -414.5253434542 Ha after   85 iterations (in       0.10 seconds).
SCF Change: DM 4.31823e-4; eev 3.01501e-3 Ha; etot -1.13493e-2 Ha
Energy:    -414.5366927762 Ha after   86 iterations (in       0.10 seconds).
SCF Change: DM 1.57491e-4; eev 1.28001e-3 Ha; etot -2.08789e-4 Ha
Energy:    -414.5369015652 Ha after   87 iterations (in       0.10 seconds).
SCF Change: DM 5.90157e-5; eev 4.43064e-4 Ha; etot -1.70063e-5 Ha
Energy:    -414.5369185715 Ha after   88 iterations (in       0.10 seconds).
SCF Change: DM 1.11954e-5; eev 9.01153e-5 Ha; etot -1.96467e-6 Ha
Energy:    -414.5369205362 Ha after   89 iterations (in       0.10 seconds).
Energy increase is detected. Turn on the linear mixing algorithm with (H[DIIS, i-1] + H[DIIS, i+1]).
Prev_Energies: (   -414.53692054,    -414.53692053)
SCF Change: DM 1.03109e-5; eev 7.52647e-5 Ha; etot 7.88168e-9 Ha
Energy:    -414.5369205283 Ha after   90 iterations (in       0.09 seconds).
SCF Change: DM 4.61724e-6; eev 6.22014e-5 Ha; etot -1.01428e-8 Ha
Energy:    -414.5369205384 Ha after   91 iterations (in       0.10 seconds).
SCF Change: DM 1.32929e-7; eev 1.04565e-6 Ha; etot -5.10914e-9 Ha
Energy:    -414.5369205435 Ha after   92 iterations (in       0.10 seconds).
SCF Change: DM 6.21316e-9; eev 1.33623e-7 Ha; etot -1.00044e-11 Ha
Energy:    -414.5369205435 Ha after   93 iterations (in       0.10 seconds).
Energy increase is detected. Turn on the linear mixing algorithm with (H[DIIS, i-1] + H[DIIS, i+1]).
Prev_Energies: (   -414.53692054,    -414.53692054)
SCF Change: DM 5.45858e-9; eev 1.10982e-7 Ha; etot 2.10321e-12 Ha
Energy:    -414.5369205435 Ha after   94 iterations (in       0.10 seconds).
Energy increase is detected. Turn on the linear mixing algorithm with (H[DIIS, i-1] + H[DIIS, i+1]).
Prev_Energies: (   -414.53692054,    -414.53692054)
SCF Change: DM 5.03020e-9; eev 1.08972e-7 Ha; etot 1.70530e-13 Ha
Energy:    -414.5369205435 Ha after   95 iterations (in       0.10 seconds).
SCF Change: DM 3.23003e-9; eev 2.49313e-8 Ha; etot -5.68434e-14 Ha
Energy:    -414.5369205435 Ha after   96 iterations (in       0.10 seconds).
SCF Change: DM 1.64359e-10; eev 9.03655e-10 Ha; etot -2.44427e-12 Ha
Energy:    -414.5369205435 Ha after   97 iterations (in       0.10 seconds).
SCF is converged after   97 iterations.
==========================================
Now evaluate the    PT2 correlation energy
==========================================
----------------------------------------------------------------------
Methods         :       Total Corr,          OS Corr,          SS Corr
----------------------------------------------------------------------
PT2             :     -17.87094486,     -16.85397522,      -1.01696964
----------------------------------------------------------------------
Fifth-rung correlation energy :      -7.355074785656 Ha
E[XYGJOS]=:    -418.70987750 Ha, Ex[HF]:     -30.62787914 Ha, Ec[PT2  ]:     -17.87094486 Ha
Mulliken population analysis:
  0-C  :  -1.435050
  1-H  :   0.158161
  2-H  :   0.158178
  3-H  :   0.158178
  4-Br :   0.960532

====================================================
              REST: Mission accomplished
====================================================
The SCF energy        :    -414.5369205435 Ha
The (R)-xDH energy    :    -418.7098774968 Ha
Detailed time report:
PT2       |:    0.190 s for the PT2 evaluation
SCF       |:   13.663 s for the scf procedure
Overall   |:   14.340 s for the whole job
