=========================================================
Input parameters for the REST calculation
=========================================================
Calculation type: Single-point energy
The exchange-correlation method: xygjos
Print level:                1
The number of threads used for parallelism:      4
The spheric-GTO basis set is taken from /home/symei/TZVPP-28-o-all
The pruning method is nwchem
The radial grid generation method is treutler
ERI Type: ri_v
Turn on the basis pair symmetry for RI 3D-tensors
The spheric-GTO auxiliary basis set is taken from /home/symei/def2-SV(P)-JKFIT
Spin polarization: On
Charge:   0; Spin:   2
min_num_angular_points: 110
max_num_angular_points: 590
hardness: 3
Grid generation level: 3
Even tempered basis generation: false
SCF convergency thresholds: 1e-8 for density matrix
                            1e-8 Ha. for sum of eigenvalues
                            1e-8 Ha. for total energy
Max. SCF cycle number:      250
The diis mixing with (param, max_vec_len) = (0.2, 8) is employed for the SCF procedure
Turn on the diis mixing after 1 step(s) of SCF iteractions with the linear mixing
The specified checkfile exists but is not loaded because the keyword 'external_init_guess' is specified
It will be updated after the SCF procedure 
(none)
Initial guess is prepared by (sad).
It is a finite cluster calculation
the scf functional for 'xygjos' contains
The density functional 'B3LYP' belongs to the 'Hybrid GGA' family and is defined in the reference(s):
(0): P. J. Stephens, F. J. Devlin, C. F. Chabalowski, and M. J. Frisch.,  J. Phys. Chem. 98, 11623 (1994)
the post-scf functional 'xygjos' is employed, which contains
The density functional 'Slater exchange' belongs to the 'LDA' family and is defined in the reference(s):
(0): P. A. M. Dirac.,  Math. Proc. Cambridge Philos. Soc. 26, 376 (1930)
(1): F. Bloch.,  Z. Phys. 57, 545 (1929)
The density functional 'Becke 88' belongs to the 'GGA' family and is defined in the reference(s):
(0): A. D. Becke.,  Phys. Rev. A 38, 3098 (1988)
The density functional 'Vosko, Wilk & Nusair (VWN5_RPA)' belongs to the 'LDA' family and is defined in the reference(s):
(0): S. H. Vosko, L. Wilk, and M. Nusair.,  Can. J. Phys. 58, 1200 (1980)
The density functional 'Lee, Yang & Parr' belongs to the 'GGA' family and is defined in the reference(s):
(0): C. Lee, W. Yang, and R. G. Parr.,  Phys. Rev. B 37, 785 (1988)
(1): B. Miehlich, A. Savin, H. Stoll, and H. Preuss.,  Chem. Phys. Lett. 157, 200 (1989)
For SCF calculation, no core orbital is frozen by effective core potential (ECP) approximation
Libxc version used in REST: 7.0.0
nbas: 14, natm: 1 for standard basis sets
First valence state for the frozen-core algorithm:     1
final nbas: 52,final natm: 2
numbasis: 42, num_auxbas: 128
Molecule_name: cl
Unrestricted Hartree-Fock (or Kohn-Sham) algorithm is invoked.
Nuc_energy:       0.00000000 Hartree
No ghost effective potential
No ghost point charges
Overlap matrix is nonsigular:
  Lowest eigenvalue:       0.04652848 with the total number of basis functions:     42
Grid size: 18880
Generate SAD of Cl
Initial guess HF energy:    -460.1123502313195104
The total energy:      -460.1630183108 Ha by the initial guess
Energy:    -460.1666502294 Ha with <S^2> =  0.753 and <2S+1> =  2.003 after    1 iterations (in       0.02 seconds).
SCF Change: DM (3.57298e-4,3.71222e-4); eev 1.20875e-1 Ha; etot -2.27103e-4 Ha
Energy:    -460.1668773319 Ha with <S^2> =  0.753 and <2S+1> =  2.003 after    2 iterations (in       0.03 seconds).
SCF Change: DM (4.22650e-5,2.15627e-5); eev 9.48407e-3 Ha; etot -1.46261e-4 Ha
Energy:    -460.1670235926 Ha with <S^2> =  0.753 and <2S+1> =  2.003 after    3 iterations (in       0.03 seconds).
SCF Change: DM (3.15796e-6,2.56862e-6); eev 5.49588e-4 Ha; etot -2.12576e-6 Ha
Energy:    -460.1670257183 Ha with <S^2> =  0.753 and <2S+1> =  2.003 after    4 iterations (in       0.03 seconds).
SCF Change: DM (5.57056e-7,3.83110e-7); eev 1.30001e-4 Ha; etot -1.11496e-8 Ha
Energy:    -460.1670257295 Ha with <S^2> =  0.753 and <2S+1> =  2.003 after    5 iterations (in       0.04 seconds).
SCF Change: DM (4.16624e-8,7.01066e-8); eev 4.74488e-6 Ha; etot -2.56705e-10 Ha
Energy:    -460.1670257297 Ha with <S^2> =  0.753 and <2S+1> =  2.003 after    6 iterations (in       0.03 seconds).
SCF Change: DM (7.67561e-9,6.10590e-9); eev 4.03146e-7 Ha; etot -1.25056e-12 Ha
Energy:    -460.1670257297 Ha with <S^2> =  0.753 and <2S+1> =  2.003 after    7 iterations (in       0.03 seconds).
SCF Change: DM (3.46041e-10,2.39092e-9); eev 2.74546e-8 Ha; etot -7.38964e-13 Ha
Energy:    -460.1670257297 Ha with <S^2> =  0.753 and <2S+1> =  2.003 after    8 iterations (in       0.03 seconds).
SCF Change: DM (3.14721e-10,2.29137e-9); eev 2.37931e-9 Ha; etot 9.09495e-13 Ha
Energy:    -460.1670257297 Ha with <S^2> =  0.753 and <2S+1> =  2.003 after    9 iterations (in       0.03 seconds).
SCF is converged after    9 iterations.
==========================================
Now evaluate the    PT2 correlation energy
==========================================
----------------------------------------------------------------------
Methods         :       Total Corr,          OS Corr,          SS Corr
----------------------------------------------------------------------
PT2             :      -0.40803895,      -0.29743190,      -0.11060705
----------------------------------------------------------------------
Fifth-rung correlation energy :      -0.129799281664 Ha
E[XYGJOS]=:    -459.68744780 Ha, Ex[HF]:     -27.52315985 Ha, Ec[PT2  ]:      -0.40803895 Ha
Mulliken population analysis:
  0-Cl :  -0.000000

====================================================
              REST: Mission accomplished
====================================================
The SCF energy        :    -460.1670257297 Ha
The (R)-xDH energy    :    -459.6874477977 Ha
Detailed time report:
PT2       |:    0.081 s for the PT2 evaluation
Overall   |:    1.132 s for the whole job
SCF       |:    0.613 s for the scf procedure
