=========================================================
Input parameters for the REST calculation
=========================================================
Calculation type: Single-point energy
The exchange-correlation method: xygjos
Print level:                1
The number of threads used for parallelism:      4
The spheric-GTO basis set is taken from /home/symei/TZVPP-28-o-all
The pruning method is nwchem
The radial grid generation method is treutler
ERI Type: ri_v
Turn on the basis pair symmetry for RI 3D-tensors
The spheric-GTO auxiliary basis set is taken from /home/symei/def2-SV(P)-JKFIT
Spin polarization: Off
Charge:   0; Spin:   1
min_num_angular_points: 110
max_num_angular_points: 590
hardness: 3
Grid generation level: 3
Even tempered basis generation: false
SCF convergency thresholds: 1e-8 for density matrix
                            1e-8 Ha. for sum of eigenvalues
                            1e-8 Ha. for total energy
Max. SCF cycle number:      250
The diis mixing with (param, max_vec_len) = (0.2, 8) is employed for the SCF procedure
Turn on the diis mixing after 1 step(s) of SCF iteractions with the linear mixing
The specified checkfile exists but is not loaded because the keyword 'external_init_guess' is specified
It will be updated after the SCF procedure 
(none)
Initial guess is prepared by (sad).
It is a finite cluster calculation
the scf functional for 'xygjos' contains
The density functional 'B3LYP' belongs to the 'Hybrid GGA' family and is defined in the reference(s):
(0): P. J. Stephens, F. J. Devlin, C. F. Chabalowski, and M. J. Frisch.,  J. Phys. Chem. 98, 11623 (1994)
the post-scf functional 'xygjos' is employed, which contains
The density functional 'Slater exchange' belongs to the 'LDA' family and is defined in the reference(s):
(0): P. A. M. Dirac.,  Math. Proc. Cambridge Philos. Soc. 26, 376 (1930)
(1): F. Bloch.,  Z. Phys. 57, 545 (1929)
The density functional 'Becke 88' belongs to the 'GGA' family and is defined in the reference(s):
(0): A. D. Becke.,  Phys. Rev. A 38, 3098 (1988)
The density functional 'Vosko, Wilk & Nusair (VWN5_RPA)' belongs to the 'LDA' family and is defined in the reference(s):
(0): S. H. Vosko, L. Wilk, and M. Nusair.,  Can. J. Phys. 58, 1200 (1980)
The density functional 'Lee, Yang & Parr' belongs to the 'GGA' family and is defined in the reference(s):
(0): C. Lee, W. Yang, and R. G. Parr.,  Phys. Rev. B 37, 785 (1988)
(1): B. Miehlich, A. Savin, H. Stoll, and H. Preuss.,  Chem. Phys. Lett. 157, 200 (1989)
For SCF calculation, no core orbital is frozen by effective core potential (ECP) approximation
Libxc version used in REST: 7.0.0
nbas: 23, natm: 3 for standard basis sets
First valence state for the frozen-core algorithm:     0
final nbas: 60,final natm: 6
numbasis: 59, num_auxbas: 113
Molecule_name: h2o
Restricted Hartree-Fock (or Kohn-Sham) algorithm is invoked.
Nuc_energy:       9.16188621 Hartree
No ghost effective potential
No ghost point charges
Overlap matrix is nonsigular:
  Lowest eigenvalue:       0.00226461 with the total number of basis functions:     59
Grid size: 34310
Generate SAD of O
Generate SAD of H
Initial guess HF energy:     -76.4338224501601928
The total energy:       -76.3155112580 Ha by the initial guess
Energy:     -76.0532982516 Ha after    1 iterations (in       0.02 seconds).
SCF Change: DM 1.45787e-2; eev  2.41413e0 Ha; etot 3.69253e-1 Ha
Energy:     -75.6840451331 Ha after    2 iterations (in       0.02 seconds).
SCF Change: DM 6.13446e-4; eev 1.22527e-1 Ha; etot -7.82324e-1 Ha
Energy:     -76.4663687017 Ha after    3 iterations (in       0.02 seconds).
SCF Change: DM 6.09219e-5; eev 1.02274e-2 Ha; etot -3.26662e-4 Ha
Energy:     -76.4666953632 Ha after    4 iterations (in       0.02 seconds).
SCF Change: DM 1.13907e-5; eev 9.09955e-4 Ha; etot -9.46531e-6 Ha
Energy:     -76.4667048285 Ha after    5 iterations (in       0.02 seconds).
SCF Change: DM 1.24438e-6; eev 1.42800e-4 Ha; etot -3.44718e-7 Ha
Energy:     -76.4667051732 Ha after    6 iterations (in       0.02 seconds).
SCF Change: DM 1.69470e-7; eev 2.87588e-5 Ha; etot -5.01694e-9 Ha
Energy:     -76.4667051782 Ha after    7 iterations (in       0.02 seconds).
SCF Change: DM 1.13938e-8; eev 2.05104e-6 Ha; etot -5.81792e-11 Ha
Energy:     -76.4667051783 Ha after    8 iterations (in       0.02 seconds).
SCF Change: DM 9.36258e-10; eev 6.95294e-8 Ha; etot -4.40536e-13 Ha
Energy:     -76.4667051783 Ha after    9 iterations (in       0.02 seconds).
SCF Change: DM 7.02364e-11; eev 1.21313e-8 Ha; etot -1.98952e-13 Ha
Energy:     -76.4667051783 Ha after   10 iterations (in       0.02 seconds).
SCF Change: DM 4.43782e-12; eev 1.35014e-10 Ha; etot 5.68434e-14 Ha
Energy:     -76.4667051783 Ha after   11 iterations (in       0.02 seconds).
SCF is converged after   11 iterations.
==========================================
Now evaluate the    PT2 correlation energy
==========================================
----------------------------------------------------------------------
Methods         :       Total Corr,          OS Corr,          SS Corr
----------------------------------------------------------------------
PT2             :      -0.37694819,      -0.28616327,      -0.09078493
----------------------------------------------------------------------
Fifth-rung correlation energy :      -0.124881650161 Ha
E[XYGJOS]=:     -76.28695724 Ha, Ex[HF]:      -8.93221051 Ha, Ec[PT2  ]:      -0.37694819 Ha
Mulliken population analysis:
  0-O  :  -0.394750
  1-H  :   0.197375
  2-H  :   0.197375

====================================================
              REST: Mission accomplished
====================================================
The SCF energy        :     -76.4667051783 Ha
The (R)-xDH energy    :     -76.2869572445 Ha
Detailed time report:
SCF       |:    0.778 s for the scf procedure
PT2       |:    0.059 s for the PT2 evaluation
Overall   |:    1.328 s for the whole job
