=========================================================
Input parameters for the REST calculation
=========================================================
Calculation type: Single-point energy
The exchange-correlation method: xygjos
Print level:                1
The number of threads used for parallelism:      4
The spheric-GTO basis set is taken from /home/symei/TZVPP-28-o-all
The pruning method is nwchem
The radial grid generation method is treutler
ERI Type: ri_v
Turn on the basis pair symmetry for RI 3D-tensors
The spheric-GTO auxiliary basis set is taken from /home/symei/def2-SV(P)-JKFIT
Spin polarization: Off
Charge:   0; Spin:   1
min_num_angular_points: 110
max_num_angular_points: 590
hardness: 3
Grid generation level: 3
Even tempered basis generation: false
SCF convergency thresholds: 1e-8 for density matrix
                            1e-8 Ha. for sum of eigenvalues
                            1e-8 Ha. for total energy
Max. SCF cycle number:      250
The diis mixing with (param, max_vec_len) = (0.2, 8) is employed for the SCF procedure
Turn on the diis mixing after 1 step(s) of SCF iteractions with the linear mixing
The specified checkfile exists but is not loaded because the keyword 'external_init_guess' is specified
It will be updated after the SCF procedure 
(none)
Initial guess is prepared by (sad).
It is a finite cluster calculation
the scf functional for 'xygjos' contains
The density functional 'B3LYP' belongs to the 'Hybrid GGA' family and is defined in the reference(s):
(0): P. J. Stephens, F. J. Devlin, C. F. Chabalowski, and M. J. Frisch.,  J. Phys. Chem. 98, 11623 (1994)
the post-scf functional 'xygjos' is employed, which contains
The density functional 'Slater exchange' belongs to the 'LDA' family and is defined in the reference(s):
(0): P. A. M. Dirac.,  Math. Proc. Cambridge Philos. Soc. 26, 376 (1930)
(1): F. Bloch.,  Z. Phys. 57, 545 (1929)
The density functional 'Becke 88' belongs to the 'GGA' family and is defined in the reference(s):
(0): A. D. Becke.,  Phys. Rev. A 38, 3098 (1988)
The density functional 'Vosko, Wilk & Nusair (VWN5_RPA)' belongs to the 'LDA' family and is defined in the reference(s):
(0): S. H. Vosko, L. Wilk, and M. Nusair.,  Can. J. Phys. 58, 1200 (1980)
The density functional 'Lee, Yang & Parr' belongs to the 'GGA' family and is defined in the reference(s):
(0): C. Lee, W. Yang, and R. G. Parr.,  Phys. Rev. B 37, 785 (1988)
(1): B. Miehlich, A. Savin, H. Stoll, and H. Preuss.,  Chem. Phys. Lett. 157, 200 (1989)
<start_mo> for the frozen-core post-SCF methods 5 is larger than the number of ecp orbitals 5. Take the <start_mo> -= ecp_orbitals
Libxc version used in REST: 7.0.0
nbas: 33, natm: 3 for standard basis sets
First valence state for the frozen-core algorithm:     0
final nbas: 124,final natm: 6
numbasis: 93, num_auxbas: 361
Molecule_name: hobr
Restricted Hartree-Fock (or Kohn-Sham) algorithm is invoked.
Nuc_energy:      67.69452211 Hartree
No ghost effective potential
No ghost point charges
Overlap matrix is nonsigular:
  Lowest eigenvalue:       0.00274634 with the total number of basis functions:     93
Grid size: 45190
Generate SAD of O
Generate SAD of H
Generate SAD of Br
Initial guess HF energy:    -515.6486990828167336
The total energy:      -515.5093011141 Ha by the initial guess
Energy:    -514.3008271125 Ha after    1 iterations (in       0.07 seconds).
SCF Change: DM 9.84321e-2; eev  4.93503e0 Ha; etot  2.21048e1 Ha
Energy:    -492.1960497958 Ha after    2 iterations (in       0.07 seconds).
SCF Change: DM 1.54558e-2; eev  3.13486e0 Ha; etot -2.30907e1 Ha
Energy:    -515.2867214060 Ha after    3 iterations (in       0.07 seconds).
SCF Change: DM 6.42539e-3; eev  1.04344e0 Ha; etot -2.95550e-1 Ha
Energy:    -515.5822718087 Ha after    4 iterations (in       0.06 seconds).
SCF Change: DM 1.36696e-3; eev 1.47375e-1 Ha; etot -1.31331e-1 Ha
Energy:    -515.7136027184 Ha after    5 iterations (in       0.07 seconds).
SCF Change: DM 1.27054e-3; eev 1.20452e-1 Ha; etot -2.15771e-2 Ha
Energy:    -515.7351798619 Ha after    6 iterations (in       0.07 seconds).
SCF Change: DM 2.61727e-4; eev 1.54923e-2 Ha; etot -8.65735e-3 Ha
Energy:    -515.7438372075 Ha after    7 iterations (in       0.07 seconds).
SCF Change: DM 6.58901e-5; eev 8.24257e-3 Ha; etot -6.05277e-5 Ha
Energy:    -515.7438977352 Ha after    8 iterations (in       0.07 seconds).
SCF Change: DM 1.80451e-5; eev 2.20652e-3 Ha; etot -3.57910e-5 Ha
Energy:    -515.7439335262 Ha after    9 iterations (in       0.07 seconds).
SCF Change: DM 6.44501e-6; eev 3.68499e-4 Ha; etot -2.94204e-6 Ha
Energy:    -515.7439364682 Ha after   10 iterations (in       0.06 seconds).
SCF Change: DM 2.50791e-6; eev 8.09765e-5 Ha; etot -1.13879e-7 Ha
Energy:    -515.7439365821 Ha after   11 iterations (in       0.06 seconds).
SCF Change: DM 1.74356e-6; eev 3.06807e-5 Ha; etot -7.12896e-9 Ha
Energy:    -515.7439365892 Ha after   12 iterations (in       0.06 seconds).
SCF Change: DM 3.49205e-7; eev 2.97352e-5 Ha; etot -2.19086e-9 Ha
Energy:    -515.7439365914 Ha after   13 iterations (in       0.06 seconds).
SCF Change: DM 2.03489e-7; eev 1.56653e-5 Ha; etot -8.95852e-11 Ha
Energy:    -515.7439365915 Ha after   14 iterations (in       0.06 seconds).
SCF Change: DM 1.15468e-8; eev 5.21388e-7 Ha; etot -4.42242e-11 Ha
Energy:    -515.7439365915 Ha after   15 iterations (in       0.06 seconds).
SCF Change: DM 2.56319e-9; eev 2.00391e-7 Ha; etot -6.82121e-13 Ha
Energy:    -515.7439365915 Ha after   16 iterations (in       0.07 seconds).
SCF Change: DM 6.82737e-10; eev 4.52173e-8 Ha; etot -7.95808e-13 Ha
Energy:    -515.7439365915 Ha after   17 iterations (in       0.06 seconds).
SCF Change: DM 2.23761e-10; eev 1.17574e-8 Ha; etot -9.09495e-13 Ha
Energy:    -515.7439365915 Ha after   18 iterations (in       0.07 seconds).
SCF Change: DM 1.49631e-10; eev 1.59555e-9 Ha; etot 5.68434e-13 Ha
Energy:    -515.7439365915 Ha after   19 iterations (in       0.06 seconds).
SCF is converged after   19 iterations.
==========================================
Now evaluate the    PT2 correlation energy
==========================================
----------------------------------------------------------------------
Methods         :       Total Corr,          OS Corr,          SS Corr
----------------------------------------------------------------------
PT2             :      -1.46160908,      -1.02411358,      -0.43749550
----------------------------------------------------------------------
Fifth-rung correlation energy :      -0.446923164674 Ha
E[XYGJOS]=:    -513.57238659 Ha, Ex[HF]:     -41.30712090 Ha, Ec[PT2  ]:      -1.46160908 Ha
Mulliken population analysis:
  0-O  :  -0.556959
  1-H  :   0.180894
  2-Br :   0.376066

====================================================
              REST: Mission accomplished
====================================================
The SCF energy        :    -515.7439365915 Ha
The (R)-xDH energy    :    -513.5723865897 Ha
Detailed time report:
PT2       |:    0.131 s for the PT2 evaluation
Overall   |:    3.409 s for the whole job
SCF       |:    2.784 s for the scf procedure
