=========================================================
Input parameters for the REST calculation
=========================================================
Calculation type: Single-point energy
The exchange-correlation method: xygjos
Print level:                1
The number of threads used for parallelism:      4
The spheric-GTO basis set is taken from /home/symei/TZVPP-28-o-all
The pruning method is nwchem
The radial grid generation method is treutler
ERI Type: ri_v
Turn on the basis pair symmetry for RI 3D-tensors
The spheric-GTO auxiliary basis set is taken from /home/symei/def2-SV(P)-JKFIT
Spin polarization: Off
Charge:   0; Spin:   1
min_num_angular_points: 110
max_num_angular_points: 590
hardness: 3
Grid generation level: 3
Even tempered basis generation: false
SCF convergency thresholds: 1e-8 for density matrix
                            1e-8 Ha. for sum of eigenvalues
                            1e-8 Ha. for total energy
Max. SCF cycle number:      250
The diis mixing with (param, max_vec_len) = (0.2, 8) is employed for the SCF procedure
Turn on the diis mixing after 1 step(s) of SCF iteractions with the linear mixing
The specified checkfile exists but is not loaded because the keyword 'external_init_guess' is specified
It will be updated after the SCF procedure 
(none)
Initial guess is prepared by (sad).
It is a finite cluster calculation
the scf functional for 'xygjos' contains
The density functional 'B3LYP' belongs to the 'Hybrid GGA' family and is defined in the reference(s):
(0): P. J. Stephens, F. J. Devlin, C. F. Chabalowski, and M. J. Frisch.,  J. Phys. Chem. 98, 11623 (1994)
the post-scf functional 'xygjos' is employed, which contains
The density functional 'Slater exchange' belongs to the 'LDA' family and is defined in the reference(s):
(0): P. A. M. Dirac.,  Math. Proc. Cambridge Philos. Soc. 26, 376 (1930)
(1): F. Bloch.,  Z. Phys. 57, 545 (1929)
The density functional 'Becke 88' belongs to the 'GGA' family and is defined in the reference(s):
(0): A. D. Becke.,  Phys. Rev. A 38, 3098 (1988)
The density functional 'Vosko, Wilk & Nusair (VWN5_RPA)' belongs to the 'LDA' family and is defined in the reference(s):
(0): S. H. Vosko, L. Wilk, and M. Nusair.,  Can. J. Phys. 58, 1200 (1980)
The density functional 'Lee, Yang & Parr' belongs to the 'GGA' family and is defined in the reference(s):
(0): C. Lee, W. Yang, and R. G. Parr.,  Phys. Rev. B 37, 785 (1988)
(1): B. Miehlich, A. Savin, H. Stoll, and H. Preuss.,  Chem. Phys. Lett. 157, 200 (1989)
<start_mo> for the frozen-core post-SCF methods 6 is larger than the number of ecp orbitals 5. Take the <start_mo> -= ecp_orbitals
Libxc version used in REST: 7.0.0
nbas: 28, natm: 2 for standard basis sets
First valence state for the frozen-core algorithm:     1
final nbas: 122,final natm: 4
numbasis: 80, num_auxbas: 378
Molecule_name: nabr
Restricted Hartree-Fock (or Kohn-Sham) algorithm is invoked.
Nuc_energy:      57.88938775 Hartree
No ghost effective potential
No ghost point charges
Overlap matrix is nonsigular:
  Lowest eigenvalue:       0.01111532 with the total number of basis functions:     80
Grid size: 37792
Generate SAD of Na
Generate SAD of Br
Initial guess HF energy:    -601.7012485692991959
The total energy:      -601.7594829964 Ha by the initial guess
Energy:    -575.7088609415 Ha after    1 iterations (in       0.05 seconds).
SCF Change: DM 8.86224e-2; eev  1.87806e1 Ha; etot  7.20871e1 Ha
Energy:    -503.6217968198 Ha after    2 iterations (in       0.06 seconds).
SCF Change: DM 2.10971e-2; eev  5.94203e0 Ha; etot -9.22477e1 Ha
Energy:    -595.8694902853 Ha after    3 iterations (in       0.06 seconds).
SCF Change: DM 2.98523e-2; eev  6.14243e0 Ha; etot -2.91977e0 Ha
Energy:    -598.7892557025 Ha after    4 iterations (in       0.05 seconds).
SCF Change: DM 1.47397e-2; eev  3.64526e0 Ha; etot -2.21321e0 Ha
Energy:    -601.0024676873 Ha after    5 iterations (in       0.05 seconds).
SCF Change: DM 4.80435e-3; eev  1.08103e0 Ha; etot -1.04798e0 Ha
Energy:    -602.0504508813 Ha after    6 iterations (in       0.05 seconds).
SCF Change: DM 7.38582e-3; eev 4.07442e-1 Ha; etot -1.76848e-1 Ha
Energy:    -602.2272986833 Ha after    7 iterations (in       0.05 seconds).
SCF Change: DM 1.36081e-3; eev 6.17518e-2 Ha; etot -8.37438e-2 Ha
Energy:    -602.3110424779 Ha after    8 iterations (in       0.05 seconds).
SCF Change: DM 3.05714e-4; eev 2.47629e-2 Ha; etot -3.68710e-4 Ha
Energy:    -602.3114111882 Ha after    9 iterations (in       0.04 seconds).
SCF Change: DM 2.72779e-4; eev 2.38862e-2 Ha; etot -3.42404e-4 Ha
Energy:    -602.3117535925 Ha after   10 iterations (in       0.04 seconds).
SCF Change: DM 1.98041e-4; eev 2.88426e-3 Ha; etot -5.55616e-5 Ha
Energy:    -602.3118091541 Ha after   11 iterations (in       0.05 seconds).
SCF Change: DM 5.74483e-5; eev 4.15804e-3 Ha; etot -1.31087e-5 Ha
Energy:    -602.3118222627 Ha after   12 iterations (in       0.04 seconds).
SCF Change: DM 1.25698e-5; eev 6.93274e-4 Ha; etot -2.09957e-6 Ha
Energy:    -602.3118243623 Ha after   13 iterations (in       0.04 seconds).
SCF Change: DM 9.01019e-7; eev 2.12595e-5 Ha; etot -9.50781e-8 Ha
Energy:    -602.3118244574 Ha after   14 iterations (in       0.05 seconds).
SCF Change: DM 8.59266e-8; eev 6.66520e-6 Ha; etot -2.57614e-10 Ha
Energy:    -602.3118244576 Ha after   15 iterations (in       0.04 seconds).
SCF Change: DM 1.86292e-8; eev 5.87334e-7 Ha; etot -1.14824e-11 Ha
Energy:    -602.3118244576 Ha after   16 iterations (in       0.04 seconds).
SCF Change: DM 1.09066e-8; eev 1.12279e-7 Ha; etot 1.36424e-12 Ha
Energy:    -602.3118244576 Ha after   17 iterations (in       0.04 seconds).
SCF Change: DM 1.17399e-8; eev 7.82653e-8 Ha; etot -1.36424e-12 Ha
Energy:    -602.3118244576 Ha after   18 iterations (in       0.04 seconds).
SCF Change: DM 2.20819e-8; eev 5.66361e-8 Ha; etot 1.13687e-12 Ha
Energy:    -602.3118244576 Ha after   19 iterations (in       0.04 seconds).
SCF Change: DM 1.54705e-8; eev 3.80536e-8 Ha; etot -4.54747e-13 Ha
Energy:    -602.3118244576 Ha after   20 iterations (in       0.04 seconds).
SCF Change: DM 1.60331e-9; eev 5.20727e-9 Ha; etot -2.38742e-12 Ha
Energy:    -602.3118244576 Ha after   21 iterations (in       0.04 seconds).
SCF is converged after   21 iterations.
==========================================
Now evaluate the    PT2 correlation energy
==========================================
----------------------------------------------------------------------
Methods         :       Total Corr,          OS Corr,          SS Corr
----------------------------------------------------------------------
PT2             :      -1.41062652,      -0.94621973,      -0.46440678
----------------------------------------------------------------------
Fifth-rung correlation energy :      -0.412930291534 Ha
E[XYGJOS]=:    -600.01913995 Ha, Ex[HF]:     -46.83385757 Ha, Ec[PT2  ]:      -1.41062652 Ha
Mulliken population analysis:
  0-Na :   0.516520
  1-Br :  -0.516520

====================================================
              REST: Mission accomplished
====================================================
The SCF energy        :    -602.3118244576 Ha
The (R)-xDH energy    :    -600.0191399548 Ha
Detailed time report:
Overall   |:    2.850 s for the whole job
SCF       |:    2.260 s for the scf procedure
PT2       |:    0.108 s for the PT2 evaluation
