=========================================================
Input parameters for the REST calculation
=========================================================
Calculation type: Single-point energy
The exchange-correlation method: xygjos
Print level:                1
The number of threads used for parallelism:      4
The spheric-GTO basis set is taken from /home/symei/def2-TZVPP-revised
The pruning method is nwchem
The radial grid generation method is treutler
ERI Type: ri_v
Turn on the basis pair symmetry for RI 3D-tensors
The spheric-GTO auxiliary basis set is taken from /home/symei/def2-SV(P)-JKFIT
Spin polarization: Off
Charge:   0; Spin:   1
min_num_angular_points: 110
max_num_angular_points: 590
hardness: 3
Grid generation level: 3
Even tempered basis generation: false
SCF convergency thresholds: 1e-6 for density matrix
                            1e-6 Ha. for sum of eigenvalues
                            1e-8 Ha. for total energy
Max. SCF cycle number:      250
The diis mixing with (param, max_vec_len) = (0.2, 8) is employed for the SCF procedure
Turn on the diis mixing after 1 step(s) of SCF iteractions with the linear mixing
The specified checkfile exists but is not loaded because the keyword 'external_init_guess' is specified
It will be updated after the SCF procedure 
(none)
Initial guess is prepared by (vasp).
It is a finite cluster calculation
the scf functional for 'xygjos' contains
The density functional 'B3LYP' belongs to the 'Hybrid GGA' family and is defined in the reference(s):
(0): P. J. Stephens, F. J. Devlin, C. F. Chabalowski, and M. J. Frisch.,  J. Phys. Chem. 98, 11623 (1994)
the post-scf functional 'xygjos' is employed, which contains
The density functional 'Slater exchange' belongs to the 'LDA' family and is defined in the reference(s):
(0): P. A. M. Dirac.,  Math. Proc. Cambridge Philos. Soc. 26, 376 (1930)
(1): F. Bloch.,  Z. Phys. 57, 545 (1929)
The density functional 'Becke 88' belongs to the 'GGA' family and is defined in the reference(s):
(0): A. D. Becke.,  Phys. Rev. A 38, 3098 (1988)
The density functional 'Vosko, Wilk & Nusair (VWN5_RPA)' belongs to the 'LDA' family and is defined in the reference(s):
(0): S. H. Vosko, L. Wilk, and M. Nusair.,  Can. J. Phys. 58, 1200 (1980)
The density functional 'Lee, Yang & Parr' belongs to the 'GGA' family and is defined in the reference(s):
(0): C. Lee, W. Yang, and R. G. Parr.,  Phys. Rev. B 37, 785 (1988)
(1): B. Miehlich, A. Savin, H. Stoll, and H. Preuss.,  Chem. Phys. Lett. 157, 200 (1989)
<start_mo> for the frozen-core post-SCF methods 18 is smaller than the number of ecp orbitals 28. Set <start_mo> = 0
Libxc version used in REST: 7.0.0
nbas: 32, natm: 2 for standard basis sets
First valence state for the frozen-core algorithm:     0
final nbas: 152,final natm: 4
numbasis: 96, num_auxbas: 532
Molecule_name: br2
Restricted Hartree-Fock (or Kohn-Sham) algorithm is invoked.
Nuc_energy:      11.19609389 Hartree
No ghost effective potential
No ghost point charges
Overlap matrix is nonsigular:
  Lowest eigenvalue:       0.00835797 with the total number of basis functions:     96
Grid size: 41808
WARNNING: unknown initial_guess method (vasp), invoke the "hcore" method
homo: -4.975591484937264, lumo: -4.96481493009919
initial_energy: -25.065446954317768
The total energy:       -25.0654469543 Ha by the initial guess
Energy:     -25.8452452784 Ha after    1 iterations (in       0.07 seconds).
SCF Change: DM 2.66168e-2; eev  4.86504e0 Ha; etot -7.47246e-1 Ha
Energy:     -26.5924911112 Ha after    2 iterations (in       0.07 seconds).
SCF Change: DM 7.03429e-3; eev  2.58336e0 Ha; etot -2.24603e0 Ha
Energy:     -28.8385233223 Ha after    3 iterations (in       0.06 seconds).
SCF Change: DM 1.83084e-3; eev 5.40594e-1 Ha; etot -3.47816e-2 Ha
Energy:     -28.8733049046 Ha after    4 iterations (in       0.06 seconds).
SCF Change: DM 1.87434e-4; eev 2.80756e-2 Ha; etot -5.22682e-3 Ha
Energy:     -28.8785317204 Ha after    5 iterations (in       0.06 seconds).
SCF Change: DM 5.16455e-5; eev 1.02695e-2 Ha; etot -1.63294e-4 Ha
Energy:     -28.8786950144 Ha after    6 iterations (in       0.07 seconds).
SCF Change: DM 2.87601e-6; eev 1.26056e-2 Ha; etot -3.77980e-6 Ha
Energy:     -28.8786987942 Ha after    7 iterations (in       0.07 seconds).
SCF Change: DM 4.55511e-7; eev 3.89634e-4 Ha; etot -7.30689e-8 Ha
Energy:     -28.8786988673 Ha after    8 iterations (in       0.06 seconds).
SCF Change: DM 1.63354e-8; eev 2.51358e-5 Ha; etot -1.43781e-9 Ha
Energy:     -28.8786988687 Ha after    9 iterations (in       0.06 seconds).
SCF Change: DM 5.26209e-10; eev 2.82895e-7 Ha; etot -3.69482e-13 Ha
Energy:     -28.8786988687 Ha after   10 iterations (in       0.07 seconds).
SCF is converged after   10 iterations.
==========================================
Now evaluate the    PT2 correlation energy
==========================================
----------------------------------------------------------------------
Methods         :       Total Corr,          OS Corr,          SS Corr
----------------------------------------------------------------------
PT2             :      -0.47803317,      -0.37550298,      -0.10253018
----------------------------------------------------------------------
Fifth-rung correlation energy :      -0.163869501579 Ha
E[XYGJOS]=:     -28.78589329 Ha, Ex[HF]:      -5.09158847 Ha, Ec[PT2  ]:      -0.47803317 Ha
Mulliken population analysis:
  0-Br :  -0.000000
  1-Br :   0.000000

====================================================
              REST: Mission accomplished
====================================================
The SCF energy        :     -28.8786988687 Ha
The (R)-xDH energy    :     -28.7858932914 Ha
Detailed time report:
PT2       |:    0.116 s for the PT2 evaluation
Overall   |:    2.438 s for the whole job
SCF       |:    1.861 s for the scf procedure
