=========================================================
Input parameters for the REST calculation
=========================================================
Calculation type: Single-point energy
The exchange-correlation method: xygjos
Print level:                1
The number of threads used for parallelism:      4
The spheric-GTO basis set is taken from /home/symei/def2-TZVPP-revised
The pruning method is nwchem
The radial grid generation method is treutler
ERI Type: ri_v
Turn on the basis pair symmetry for RI 3D-tensors
The spheric-GTO auxiliary basis set is taken from /home/symei/def2-SV(P)-JKFIT
Spin polarization: Off
Charge:   0; Spin:   1
min_num_angular_points: 110
max_num_angular_points: 590
hardness: 3
Grid generation level: 3
Even tempered basis generation: false
SCF convergency thresholds: 1e-6 for density matrix
                            1e-6 Ha. for sum of eigenvalues
                            1e-8 Ha. for total energy
Max. SCF cycle number:      250
The diis mixing with (param, max_vec_len) = (0.2, 8) is employed for the SCF procedure
Turn on the diis mixing after 1 step(s) of SCF iteractions with the linear mixing
The specified checkfile exists but is not loaded because the keyword 'external_init_guess' is specified
It will be updated after the SCF procedure 
(none)
Initial guess is prepared by (vasp).
It is a finite cluster calculation
the scf functional for 'xygjos' contains
The density functional 'B3LYP' belongs to the 'Hybrid GGA' family and is defined in the reference(s):
(0): P. J. Stephens, F. J. Devlin, C. F. Chabalowski, and M. J. Frisch.,  J. Phys. Chem. 98, 11623 (1994)
the post-scf functional 'xygjos' is employed, which contains
The density functional 'Slater exchange' belongs to the 'LDA' family and is defined in the reference(s):
(0): P. A. M. Dirac.,  Math. Proc. Cambridge Philos. Soc. 26, 376 (1930)
(1): F. Bloch.,  Z. Phys. 57, 545 (1929)
The density functional 'Becke 88' belongs to the 'GGA' family and is defined in the reference(s):
(0): A. D. Becke.,  Phys. Rev. A 38, 3098 (1988)
The density functional 'Vosko, Wilk & Nusair (VWN5_RPA)' belongs to the 'LDA' family and is defined in the reference(s):
(0): S. H. Vosko, L. Wilk, and M. Nusair.,  Can. J. Phys. 58, 1200 (1980)
The density functional 'Lee, Yang & Parr' belongs to the 'GGA' family and is defined in the reference(s):
(0): C. Lee, W. Yang, and R. G. Parr.,  Phys. Rev. B 37, 785 (1988)
(1): B. Miehlich, A. Savin, H. Stoll, and H. Preuss.,  Chem. Phys. Lett. 157, 200 (1989)
<start_mo> for the frozen-core post-SCF methods 14 is larger than the number of ecp orbitals 14. Take the <start_mo> -= ecp_orbitals
Libxc version used in REST: 7.0.0
nbas: 30, natm: 2 for standard basis sets
First valence state for the frozen-core algorithm:     0
final nbas: 128,final natm: 4
numbasis: 90, num_auxbas: 394
Molecule_name: brcl
Restricted Hartree-Fock (or Kohn-Sham) algorithm is invoked.
Nuc_energy:      29.08125662 Hartree
No ghost effective potential
No ghost point charges
Overlap matrix is nonsigular:
  Lowest eigenvalue:       0.00912335 with the total number of basis functions:     90
Grid size: 39784
WARNNING: unknown initial_guess method (vasp), invoke the "hcore" method
homo: -17.01743933278537, lumo: -17.017439332785365
initial_energy: -332.45900719906473
The total energy:      -332.4590071991 Ha by the initial guess
Energy:    -279.8704138932 Ha after    1 iterations (in       0.06 seconds).
SCF Change: DM 8.27305e-2; eev  2.19901e1 Ha; etot -7.25062e1 Ha
Energy:    -352.3766066386 Ha after    2 iterations (in       0.06 seconds).
SCF Change: DM 1.93316e-2; eev  8.45377e0 Ha; etot -4.84232e1 Ha
Energy:    -400.7998434344 Ha after    3 iterations (in       0.06 seconds).
SCF Change: DM 6.44917e-3; eev  2.91568e0 Ha; etot -1.10882e1 Ha
Energy:    -411.8880671240 Ha after    4 iterations (in       0.06 seconds).
SCF Change: DM 1.07471e-2; eev  4.25687e0 Ha; etot -3.78833e0 Ha
Energy:    -415.6763957672 Ha after    5 iterations (in       0.07 seconds).
SCF Change: DM 1.23552e-3; eev 4.76583e-1 Ha; etot -5.60213e0 Ha
Energy:    -421.2785246868 Ha after    6 iterations (in       0.07 seconds).
SCF Change: DM 3.20843e-3; eev  1.20326e0 Ha; etot -6.86306e-1 Ha
Energy:    -421.9648305564 Ha after    7 iterations (in       0.07 seconds).
SCF Change: DM 8.42870e-3; eev 6.96811e-1 Ha; etot -9.68244e-1 Ha
Energy:    -422.9330748977 Ha after    8 iterations (in       0.07 seconds).
SCF Change: DM 1.70354e-1; eev  4.68393e1 Ha; etot -3.61071e-1 Ha
Energy:    -423.2941454010 Ha after    9 iterations (in       0.06 seconds).
SCF Change: DM 1.60961e-1; eev  3.80100e1 Ha; etot  8.83620e1 Ha
Energy:    -334.9321181643 Ha after   10 iterations (in       0.06 seconds).
SCF Change: DM 3.70612e-2; eev  7.35645e0 Ha; etot -1.09155e2 Ha
Energy:    -444.0867994104 Ha after   11 iterations (in       0.06 seconds).
SCF Change: DM 2.79141e-2; eev  1.12597e1 Ha; etot -2.57314e1 Ha
Energy:    -469.8182433184 Ha after   12 iterations (in       0.08 seconds).
SCF Change: DM 2.39261e-2; eev  3.96693e0 Ha; etot -3.73732e0 Ha
Energy:    -473.5555618746 Ha after   13 iterations (in       0.07 seconds).
SCF Change: DM 1.07810e-2; eev  2.00872e0 Ha; etot -8.01020e-1 Ha
Energy:    -474.3565818301 Ha after   14 iterations (in       0.06 seconds).
SCF Change: DM 2.20342e-3; eev 7.12628e-1 Ha; etot -2.93218e-1 Ha
Energy:    -474.6497995697 Ha after   15 iterations (in       0.06 seconds).
SCF Change: DM 5.49691e-4; eev 1.25563e-1 Ha; etot -1.07023e-2 Ha
Energy:    -474.6605018208 Ha after   16 iterations (in       0.05 seconds).
SCF Change: DM 7.85804e-5; eev 8.22370e-2 Ha; etot -5.77904e-4 Ha
Energy:    -474.6610797253 Ha after   17 iterations (in       0.06 seconds).
SCF Change: DM 1.09739e-5; eev 5.31780e-3 Ha; etot -2.76594e-5 Ha
Energy:    -474.6611073847 Ha after   18 iterations (in       0.05 seconds).
SCF Change: DM 5.29723e-6; eev 1.92979e-3 Ha; etot -9.66691e-7 Ha
Energy:    -474.6611083514 Ha after   19 iterations (in       0.05 seconds).
SCF Change: DM 9.64811e-7; eev 3.86175e-4 Ha; etot -8.35052e-8 Ha
Energy:    -474.6611084349 Ha after   20 iterations (in       0.05 seconds).
SCF Change: DM 1.20382e-7; eev 1.49151e-4 Ha; etot -1.78068e-9 Ha
Energy:    -474.6611084367 Ha after   21 iterations (in       0.06 seconds).
SCF Change: DM 5.15815e-9; eev 1.72168e-5 Ha; etot -1.92699e-11 Ha
Energy:    -474.6611084367 Ha after   22 iterations (in       0.06 seconds).
Energy increase is detected. Turn on the linear mixing algorithm with (H[DIIS, i-1] + H[DIIS, i+1]).
Prev_Energies: (   -474.66110844,    -474.66110844)
SCF Change: DM 4.08342e-9; eev 1.36766e-5 Ha; etot 3.97904e-13 Ha
Energy:    -474.6611084367 Ha after   23 iterations (in       0.05 seconds).
SCF Change: DM 4.33818e-9; eev 1.42358e-5 Ha; etot -8.52651e-13 Ha
Energy:    -474.6611084367 Ha after   24 iterations (in       0.05 seconds).
SCF Change: DM 3.62436e-12; eev 9.23365e-9 Ha; etot -5.68434e-14 Ha
Energy:    -474.6611084367 Ha after   25 iterations (in       0.05 seconds).
SCF is converged after   25 iterations.
==========================================
Now evaluate the    PT2 correlation energy
==========================================
----------------------------------------------------------------------
Methods         :       Total Corr,          OS Corr,          SS Corr
----------------------------------------------------------------------
PT2             :      -0.69401227,      -0.51589350,      -0.17811877
----------------------------------------------------------------------
Fifth-rung correlation energy :      -0.225135921381 Ha
E[XYGJOS]=:    -474.13560528 Ha, Ex[HF]:     -30.06508635 Ha, Ec[PT2  ]:      -0.69401227 Ha
Mulliken population analysis:
  0-Br :  -0.089522
  1-Cl :   0.089522

====================================================
              REST: Mission accomplished
====================================================
The SCF energy        :    -474.6611084367 Ha
The (R)-xDH energy    :    -474.1356052831 Ha
Detailed time report:
PT2       |:    0.104 s for the PT2 evaluation
Overall   |:    3.101 s for the whole job
SCF       |:    2.516 s for the scf procedure
