=========================================================
Input parameters for the REST calculation
=========================================================
Calculation type: Single-point energy
The exchange-correlation method: xygjos
Print level:                1
The number of threads used for parallelism:      4
The spheric-GTO basis set is taken from /home/symei/def2-TZVPP-revised
The pruning method is nwchem
The radial grid generation method is treutler
ERI Type: ri_v
Turn on the basis pair symmetry for RI 3D-tensors
The spheric-GTO auxiliary basis set is taken from /home/symei/def2-SV(P)-JKFIT
Spin polarization: Off
Charge:   0; Spin:   1
min_num_angular_points: 110
max_num_angular_points: 590
hardness: 3
Grid generation level: 3
Even tempered basis generation: false
SCF convergency thresholds: 1e-6 for density matrix
                            1e-6 Ha. for sum of eigenvalues
                            1e-8 Ha. for total energy
Max. SCF cycle number:      250
The diis mixing with (param, max_vec_len) = (0.2, 8) is employed for the SCF procedure
Turn on the diis mixing after 1 step(s) of SCF iteractions with the linear mixing
The specified checkfile exists but is not loaded because the keyword 'external_init_guess' is specified
It will be updated after the SCF procedure 
(none)
Initial guess is prepared by (vasp).
It is a finite cluster calculation
the scf functional for 'xygjos' contains
The density functional 'B3LYP' belongs to the 'Hybrid GGA' family and is defined in the reference(s):
(0): P. J. Stephens, F. J. Devlin, C. F. Chabalowski, and M. J. Frisch.,  J. Phys. Chem. 98, 11623 (1994)
the post-scf functional 'xygjos' is employed, which contains
The density functional 'Slater exchange' belongs to the 'LDA' family and is defined in the reference(s):
(0): P. A. M. Dirac.,  Math. Proc. Cambridge Philos. Soc. 26, 376 (1930)
(1): F. Bloch.,  Z. Phys. 57, 545 (1929)
The density functional 'Becke 88' belongs to the 'GGA' family and is defined in the reference(s):
(0): A. D. Becke.,  Phys. Rev. A 38, 3098 (1988)
The density functional 'Vosko, Wilk & Nusair (VWN5_RPA)' belongs to the 'LDA' family and is defined in the reference(s):
(0): S. H. Vosko, L. Wilk, and M. Nusair.,  Can. J. Phys. 58, 1200 (1980)
The density functional 'Lee, Yang & Parr' belongs to the 'GGA' family and is defined in the reference(s):
(0): C. Lee, W. Yang, and R. G. Parr.,  Phys. Rev. B 37, 785 (1988)
(1): B. Miehlich, A. Savin, H. Stoll, and H. Preuss.,  Chem. Phys. Lett. 157, 200 (1989)
<start_mo> for the frozen-core post-SCF methods 22 is smaller than the number of ecp orbitals 28. Set <start_mo> = 0
Libxc version used in REST: 7.0.0
nbas: 124, natm: 14 for standard basis sets
First valence state for the frozen-core algorithm:     0
final nbas: 392,final natm: 28
numbasis: 332, num_auxbas: 976
Molecule_name: c-cbrcbr-c
Restricted Hartree-Fock (or Kohn-Sham) algorithm is invoked.
Nuc_energy:     205.48088420 Hartree
No ghost effective potential
No ghost point charges
Overlap matrix is nonsigular:
  Lowest eigenvalue:       0.00016151 with the total number of basis functions:    332
Grid size: 177608
WARNNING: unknown initial_guess method (vasp), invoke the "hcore" method
homo: -12.657003899471725, lumo: -12.507820723771157
initial_energy: -76.45605849100497
The total energy:       -76.4560584910 Ha by the initial guess
Energy:     -90.7235286559 Ha after    1 iterations (in       1.09 seconds).
SCF Change: DM 8.83056e-2; eev  2.98358e1 Ha; etot -2.27257e1 Ha
Energy:    -113.4491830018 Ha after    2 iterations (in       1.12 seconds).
SCF Change: DM 1.28275e-1; eev  1.33350e1 Ha; etot -4.75024e1 Ha
Energy:    -160.9515970088 Ha after    3 iterations (in       1.12 seconds).
SCF Change: DM 1.17790e-1; eev  5.88366e0 Ha; etot -1.03953e1 Ha
Energy:    -171.3469395195 Ha after    4 iterations (in       1.07 seconds).
SCF Change: DM 6.04783e-3; eev  8.46983e0 Ha; etot -1.41797e1 Ha
Energy:    -185.5266682133 Ha after    5 iterations (in       1.08 seconds).
SCF Change: DM 1.72052e-3; eev  3.52550e0 Ha; etot -6.00601e-1 Ha
Energy:    -186.1272688957 Ha after    6 iterations (in       1.06 seconds).
SCF Change: DM 3.03768e-4; eev 9.22059e-2 Ha; etot -1.46172e-1 Ha
Energy:    -186.2734410647 Ha after    7 iterations (in       1.06 seconds).
SCF Change: DM 1.06537e-4; eev 7.60165e-2 Ha; etot 4.78600e-3 Ha
Energy:    -186.2686550622 Ha after    8 iterations (in       1.06 seconds).
SCF Change: DM 6.85562e-4; eev 4.51701e-1 Ha; etot -3.89491e-3 Ha
Energy:    -186.2725499733 Ha after    9 iterations (in       1.10 seconds).
SCF Change: DM 2.11033e-4; eev 9.98348e-2 Ha; etot -2.02971e-2 Ha
Energy:    -186.2928470656 Ha after   10 iterations (in       1.15 seconds).
SCF Change: DM 1.53591e-5; eev 1.31974e-2 Ha; etot -1.12186e-3 Ha
Energy:    -186.2939689239 Ha after   11 iterations (in       1.11 seconds).
SCF Change: DM 2.10383e-6; eev 2.62578e-3 Ha; etot -2.92620e-6 Ha
Energy:    -186.2939718502 Ha after   12 iterations (in       1.05 seconds).
SCF Change: DM 3.97877e-7; eev 1.17245e-3 Ha; etot -9.39903e-8 Ha
Energy:    -186.2939719441 Ha after   13 iterations (in       1.11 seconds).
SCF Change: DM 9.43371e-8; eev 1.50344e-4 Ha; etot -2.74713e-9 Ha
Energy:    -186.2939719469 Ha after   14 iterations (in       1.08 seconds).
SCF Change: DM 2.40406e-8; eev 1.28856e-5 Ha; etot -1.43302e-10 Ha
Energy:    -186.2939719470 Ha after   15 iterations (in       1.06 seconds).
SCF Change: DM 4.51450e-9; eev 8.34196e-6 Ha; etot -1.06013e-11 Ha
Energy:    -186.2939719470 Ha after   16 iterations (in       1.08 seconds).
SCF Change: DM 8.80644e-10; eev 2.41224e-7 Ha; etot -3.38218e-12 Ha
Energy:    -186.2939719470 Ha after   17 iterations (in       1.09 seconds).
SCF is converged after   17 iterations.
==========================================
Now evaluate the    PT2 correlation energy
==========================================
----------------------------------------------------------------------
Methods         :       Total Corr,          OS Corr,          SS Corr
----------------------------------------------------------------------
PT2             :      -1.50783529,      -1.16725843,      -0.34057686
----------------------------------------------------------------------
Fifth-rung correlation energy :      -0.509391578385 Ha
E[XYGJOS]=:    -185.76399513 Ha, Ex[HF]:     -28.73064434 Ha, Ec[PT2  ]:      -1.50783529 Ha
Mulliken population analysis:
  0-C  :  -0.027191
  1-H  :   0.165377
  2-C  :  -0.027191
  3-H  :   0.165377
  4-C  :  -0.262725
  5-C  :  -0.262725
  6-H  :   0.116748
  7-H  :   0.121557
  8-H  :   0.101244
  9-H  :   0.121557
 10-H  :   0.101244
 11-H  :   0.116748
 12-Br :  -0.215010
 13-Br :  -0.215010

====================================================
              REST: Mission accomplished
====================================================
The SCF energy        :    -186.2939719470 Ha
The (R)-xDH energy    :    -185.7639951347 Ha
Detailed time report:
PT2       |:    1.949 s for the PT2 evaluation
Overall   |:   32.948 s for the whole job
SCF       |:   30.526 s for the scf procedure
