=========================================================
Input parameters for the REST calculation
=========================================================
Calculation type: Single-point energy
The exchange-correlation method: xygjos
Print level:                1
The number of threads used for parallelism:      4
The spheric-GTO basis set is taken from /home/symei/def2-TZVPP-revised
The pruning method is nwchem
The radial grid generation method is treutler
ERI Type: ri_v
Turn on the basis pair symmetry for RI 3D-tensors
The spheric-GTO auxiliary basis set is taken from /home/symei/def2-SV(P)-JKFIT
Spin polarization: Off
Charge:   0; Spin:   1
min_num_angular_points: 110
max_num_angular_points: 590
hardness: 3
Grid generation level: 3
Even tempered basis generation: false
SCF convergency thresholds: 1e-6 for density matrix
                            1e-6 Ha. for sum of eigenvalues
                            1e-8 Ha. for total energy
Max. SCF cycle number:      250
The diis mixing with (param, max_vec_len) = (0.2, 8) is employed for the SCF procedure
Turn on the diis mixing after 1 step(s) of SCF iteractions with the linear mixing
The specified checkfile exists but is not loaded because the keyword 'external_init_guess' is specified
It will be updated after the SCF procedure 
(none)
Initial guess is prepared by (vasp).
It is a finite cluster calculation
the scf functional for 'xygjos' contains
The density functional 'B3LYP' belongs to the 'Hybrid GGA' family and is defined in the reference(s):
(0): P. J. Stephens, F. J. Devlin, C. F. Chabalowski, and M. J. Frisch.,  J. Phys. Chem. 98, 11623 (1994)
the post-scf functional 'xygjos' is employed, which contains
The density functional 'Slater exchange' belongs to the 'LDA' family and is defined in the reference(s):
(0): P. A. M. Dirac.,  Math. Proc. Cambridge Philos. Soc. 26, 376 (1930)
(1): F. Bloch.,  Z. Phys. 57, 545 (1929)
The density functional 'Becke 88' belongs to the 'GGA' family and is defined in the reference(s):
(0): A. D. Becke.,  Phys. Rev. A 38, 3098 (1988)
The density functional 'Vosko, Wilk & Nusair (VWN5_RPA)' belongs to the 'LDA' family and is defined in the reference(s):
(0): S. H. Vosko, L. Wilk, and M. Nusair.,  Can. J. Phys. 58, 1200 (1980)
The density functional 'Lee, Yang & Parr' belongs to the 'GGA' family and is defined in the reference(s):
(0): C. Lee, W. Yang, and R. G. Parr.,  Phys. Rev. B 37, 785 (1988)
(1): B. Miehlich, A. Savin, H. Stoll, and H. Preuss.,  Chem. Phys. Lett. 157, 200 (1989)
For SCF calculation, no core orbital is frozen by effective core potential (ECP) approximation
Libxc version used in REST: 7.0.0
nbas: 46, natm: 6 for standard basis sets
First valence state for the frozen-core algorithm:     2
final nbas: 120,final natm: 12
numbasis: 118, num_auxbas: 222
Molecule_name: c=c
Restricted Hartree-Fock (or Kohn-Sham) algorithm is invoked.
Nuc_energy:      33.48817116 Hartree
No ghost effective potential
No ghost point charges
Overlap matrix is nonsigular:
  Lowest eigenvalue:       0.00018087 with the total number of basis functions:    118
Grid size: 67900
WARNNING: unknown initial_guess method (vasp), invoke the "hcore" method
homo: -8.08093135473441, lumo: -7.96025273997175
initial_energy: -59.86149743988859
The total energy:       -59.8614974399 Ha by the initial guess
Energy:     -68.2934590862 Ha after    1 iterations (in       0.10 seconds).
SCF Change: DM 3.67694e-2; eev  9.41769e0 Ha; etot -3.95612e0 Ha
Energy:     -72.2495794093 Ha after    2 iterations (in       0.09 seconds).
SCF Change: DM 4.75310e-3; eev  2.81465e0 Ha; etot -5.89866e0 Ha
Energy:     -78.1482442276 Ha after    3 iterations (in       0.09 seconds).
SCF Change: DM 2.81400e-3; eev 9.76837e-1 Ha; etot -3.30916e-1 Ha
Energy:     -78.4791599418 Ha after    4 iterations (in       0.09 seconds).
SCF Change: DM 1.82304e-3; eev 5.05496e-1 Ha; etot -1.30168e-1 Ha
Energy:     -78.6093274802 Ha after    5 iterations (in       0.09 seconds).
SCF Change: DM 3.19548e-4; eev 1.00323e-1 Ha; etot -1.51705e-2 Ha
Energy:     -78.6244979495 Ha after    6 iterations (in       0.09 seconds).
SCF Change: DM 1.25860e-5; eev 2.79690e-3 Ha; etot -9.04937e-4 Ha
Energy:     -78.6254028862 Ha after    7 iterations (in       0.09 seconds).
SCF Change: DM 1.33392e-6; eev 5.78816e-4 Ha; etot -1.57581e-6 Ha
Energy:     -78.6254044621 Ha after    8 iterations (in       0.09 seconds).
SCF Change: DM 1.08376e-7; eev 3.13032e-5 Ha; etot -1.58600e-8 Ha
Energy:     -78.6254044779 Ha after    9 iterations (in       0.09 seconds).
SCF Change: DM 9.18536e-9; eev 3.04914e-6 Ha; etot -4.70237e-11 Ha
Energy:     -78.6254044780 Ha after   10 iterations (in       0.09 seconds).
SCF Change: DM 1.08691e-9; eev 2.64945e-8 Ha; etot -1.08002e-12 Ha
Energy:     -78.6254044780 Ha after   11 iterations (in       0.09 seconds).
SCF is converged after   11 iterations.
==========================================
Now evaluate the    PT2 correlation energy
==========================================
----------------------------------------------------------------------
Methods         :       Total Corr,          OS Corr,          SS Corr
----------------------------------------------------------------------
PT2             :      -0.48059429,      -0.37615645,      -0.10443783
----------------------------------------------------------------------
Fifth-rung correlation energy :      -0.164154675332 Ha
E[XYGJOS]=:     -78.38345142 Ha, Ex[HF]:     -11.74409442 Ha, Ec[PT2  ]:      -0.48059429 Ha
Mulliken population analysis:
  0-C  :  -0.205756
  1-H  :   0.102873
  2-H  :   0.102883
  3-C  :  -0.205756
  4-H  :   0.102873
  5-H  :   0.102883

====================================================
              REST: Mission accomplished
====================================================
The SCF energy        :     -78.6254044780 Ha
The (R)-xDH energy    :     -78.3834514215 Ha
Detailed time report:
Overall   |:    2.900 s for the whole job
SCF       |:    2.293 s for the scf procedure
PT2       |:    0.136 s for the PT2 evaluation
