=========================================================
Input parameters for the REST calculation
=========================================================
Calculation type: Single-point energy
The exchange-correlation method: xygjos
Print level:                1
The number of threads used for parallelism:      4
The spheric-GTO basis set is taken from /home/symei/def2-TZVPP-revised
The pruning method is nwchem
The radial grid generation method is treutler
ERI Type: ri_v
Turn on the basis pair symmetry for RI 3D-tensors
The spheric-GTO auxiliary basis set is taken from /home/symei/def2-SV(P)-JKFIT
Spin polarization: Off
Charge:   0; Spin:   1
min_num_angular_points: 110
max_num_angular_points: 590
hardness: 3
Grid generation level: 3
Even tempered basis generation: false
SCF convergency thresholds: 1e-6 for density matrix
                            1e-6 Ha. for sum of eigenvalues
                            1e-8 Ha. for total energy
Max. SCF cycle number:      250
The diis mixing with (param, max_vec_len) = (0.2, 8) is employed for the SCF procedure
Turn on the diis mixing after 1 step(s) of SCF iteractions with the linear mixing
The specified checkfile exists but is not loaded because the keyword 'external_init_guess' is specified
It will be updated after the SCF procedure 
(none)
Initial guess is prepared by (vasp).
It is a finite cluster calculation
the scf functional for 'xygjos' contains
The density functional 'B3LYP' belongs to the 'Hybrid GGA' family and is defined in the reference(s):
(0): P. J. Stephens, F. J. Devlin, C. F. Chabalowski, and M. J. Frisch.,  J. Phys. Chem. 98, 11623 (1994)
the post-scf functional 'xygjos' is employed, which contains
The density functional 'Slater exchange' belongs to the 'LDA' family and is defined in the reference(s):
(0): P. A. M. Dirac.,  Math. Proc. Cambridge Philos. Soc. 26, 376 (1930)
(1): F. Bloch.,  Z. Phys. 57, 545 (1929)
The density functional 'Becke 88' belongs to the 'GGA' family and is defined in the reference(s):
(0): A. D. Becke.,  Phys. Rev. A 38, 3098 (1988)
The density functional 'Vosko, Wilk & Nusair (VWN5_RPA)' belongs to the 'LDA' family and is defined in the reference(s):
(0): S. H. Vosko, L. Wilk, and M. Nusair.,  Can. J. Phys. 58, 1200 (1980)
The density functional 'Lee, Yang & Parr' belongs to the 'GGA' family and is defined in the reference(s):
(0): C. Lee, W. Yang, and R. G. Parr.,  Phys. Rev. B 37, 785 (1988)
(1): B. Miehlich, A. Savin, H. Stoll, and H. Preuss.,  Chem. Phys. Lett. 157, 200 (1989)
<start_mo> for the frozen-core post-SCF methods 20 is smaller than the number of ecp orbitals 28. Set <start_mo> = 0
Libxc version used in REST: 7.0.0
nbas: 78, natm: 8 for standard basis sets
First valence state for the frozen-core algorithm:     0
final nbas: 272,final natm: 16
numbasis: 214, num_auxbas: 754
Molecule_name: cbrcbr
Restricted Hartree-Fock (or Kohn-Sham) algorithm is invoked.
Nuc_energy:      85.99082700 Hartree
No ghost effective potential
No ghost point charges
Overlap matrix is nonsigular:
  Lowest eigenvalue:       0.00035717 with the total number of basis functions:    214
Grid size: 109708
WARNNING: unknown initial_guess method (vasp), invoke the "hcore" method
homo: -8.833835763228056, lumo: -8.711652559680592
initial_energy: -31.597889255066335
The total energy:       -31.5978892551 Ha by the initial guess
Energy:     -69.1020179715 Ha after    1 iterations (in       0.40 seconds).
SCF Change: DM 5.08553e-2; eev  1.64673e1 Ha; etot  2.22216e1 Ha
Energy:     -46.8803711731 Ha after    2 iterations (in       0.43 seconds).
SCF Change: DM 3.04121e-2; eev  1.12442e1 Ha; etot -5.09446e1 Ha
Energy:     -97.8249792042 Ha after    3 iterations (in       0.41 seconds).
SCF Change: DM 3.98976e-3; eev  2.07779e0 Ha; etot -9.52489e0 Ha
Energy:    -107.3498672933 Ha after    4 iterations (in       0.37 seconds).
SCF Change: DM 2.44883e-3; eev  1.01287e0 Ha; etot -1.47561e-1 Ha
Energy:    -107.4974286399 Ha after    5 iterations (in       0.38 seconds).
SCF Change: DM 1.06360e-3; eev 9.78274e-1 Ha; etot -1.06582e-1 Ha
Energy:    -107.6040107248 Ha after    6 iterations (in       0.38 seconds).
SCF Change: DM 7.69927e-4; eev 2.92671e-1 Ha; etot -9.57569e-3 Ha
Energy:    -107.6135864125 Ha after    7 iterations (in       0.43 seconds).
SCF Change: DM 2.10130e-4; eev 1.40532e-1 Ha; etot -1.34105e-2 Ha
Energy:    -107.6269969135 Ha after    8 iterations (in       0.43 seconds).
SCF Change: DM 7.59149e-5; eev 8.21713e-2 Ha; etot -1.75513e-3 Ha
Energy:    -107.6287520446 Ha after    9 iterations (in       0.40 seconds).
SCF Change: DM 6.11234e-6; eev 2.16725e-2 Ha; etot -8.12231e-5 Ha
Energy:    -107.6288332677 Ha after   10 iterations (in       0.44 seconds).
SCF Change: DM 1.76407e-6; eev 5.11203e-3 Ha; etot -4.19049e-7 Ha
Energy:    -107.6288336868 Ha after   11 iterations (in       0.45 seconds).
SCF Change: DM 2.83444e-7; eev 5.46167e-4 Ha; etot -4.59693e-8 Ha
Energy:    -107.6288337327 Ha after   12 iterations (in       0.41 seconds).
SCF Change: DM 4.15736e-8; eev 3.44154e-5 Ha; etot -6.42501e-10 Ha
Energy:    -107.6288337334 Ha after   13 iterations (in       0.40 seconds).
SCF Change: DM 6.65574e-9; eev 4.42449e-6 Ha; etot -1.77067e-11 Ha
Energy:    -107.6288337334 Ha after   14 iterations (in       0.46 seconds).
SCF Change: DM 6.62325e-10; eev 1.56557e-6 Ha; etot -2.18847e-12 Ha
Energy:    -107.6288337334 Ha after   15 iterations (in       0.42 seconds).
SCF Change: DM 1.38760e-10; eev 3.40535e-7 Ha; etot 2.45848e-12 Ha
Energy:    -107.6288337334 Ha after   16 iterations (in       0.42 seconds).
SCF is converged after   16 iterations.
==========================================
Now evaluate the    PT2 correlation energy
==========================================
----------------------------------------------------------------------
Methods         :       Total Corr,          OS Corr,          SS Corr
----------------------------------------------------------------------
PT2             :      -0.96709725,      -0.75141268,      -0.21568457
----------------------------------------------------------------------
Fifth-rung correlation energy :      -0.327916493676 Ha
E[XYGJOS]=:    -107.31463890 Ha, Ex[HF]:     -16.91763144 Ha, Ec[PT2  ]:      -0.96709725 Ha
Mulliken population analysis:
  0-C  :  -0.141302
  1-H  :   0.161748
  2-H  :   0.161748
  3-C  :  -0.141302
  4-H  :   0.161748
  5-H  :   0.161748
  6-Br :  -0.182194
  7-Br :  -0.182194

====================================================
              REST: Mission accomplished
====================================================
The SCF energy        :    -107.6288337334 Ha
The (R)-xDH energy    :    -107.3146388952 Ha
Detailed time report:
PT2       |:    0.641 s for the PT2 evaluation
Overall   |:   12.570 s for the whole job
SCF       |:   11.455 s for the scf procedure
