=========================================================
Input parameters for the REST calculation
=========================================================
Calculation type: Single-point energy
The exchange-correlation method: xygjos
Print level:                1
The number of threads used for parallelism:      4
The spheric-GTO basis set is taken from /home/symei/def2-TZVPP-revised
The pruning method is nwchem
The radial grid generation method is treutler
ERI Type: ri_v
Turn on the basis pair symmetry for RI 3D-tensors
The spheric-GTO auxiliary basis set is taken from /home/symei/def2-SV(P)-JKFIT
Spin polarization: Off
Charge:   0; Spin:   1
min_num_angular_points: 110
max_num_angular_points: 590
hardness: 3
Grid generation level: 3
Even tempered basis generation: false
SCF convergency thresholds: 1e-6 for density matrix
                            1e-6 Ha. for sum of eigenvalues
                            1e-8 Ha. for total energy
Max. SCF cycle number:      250
The diis mixing with (param, max_vec_len) = (0.2, 8) is employed for the SCF procedure
Turn on the diis mixing after 1 step(s) of SCF iteractions with the linear mixing
The specified checkfile exists but is not loaded because the keyword 'external_init_guess' is specified
It will be updated after the SCF procedure 
(none)
Initial guess is prepared by (vasp).
It is a finite cluster calculation
the scf functional for 'xygjos' contains
The density functional 'B3LYP' belongs to the 'Hybrid GGA' family and is defined in the reference(s):
(0): P. J. Stephens, F. J. Devlin, C. F. Chabalowski, and M. J. Frisch.,  J. Phys. Chem. 98, 11623 (1994)
the post-scf functional 'xygjos' is employed, which contains
The density functional 'Slater exchange' belongs to the 'LDA' family and is defined in the reference(s):
(0): P. A. M. Dirac.,  Math. Proc. Cambridge Philos. Soc. 26, 376 (1930)
(1): F. Bloch.,  Z. Phys. 57, 545 (1929)
The density functional 'Becke 88' belongs to the 'GGA' family and is defined in the reference(s):
(0): A. D. Becke.,  Phys. Rev. A 38, 3098 (1988)
The density functional 'Vosko, Wilk & Nusair (VWN5_RPA)' belongs to the 'LDA' family and is defined in the reference(s):
(0): S. H. Vosko, L. Wilk, and M. Nusair.,  Can. J. Phys. 58, 1200 (1980)
The density functional 'Lee, Yang & Parr' belongs to the 'GGA' family and is defined in the reference(s):
(0): C. Lee, W. Yang, and R. G. Parr.,  Phys. Rev. B 37, 785 (1988)
(1): B. Miehlich, A. Savin, H. Stoll, and H. Preuss.,  Chem. Phys. Lett. 157, 200 (1989)
For SCF calculation, no core orbital is frozen by effective core potential (ECP) approximation
Libxc version used in REST: 7.0.0
nbas: 92, natm: 12 for standard basis sets
First valence state for the frozen-core algorithm:     4
final nbas: 240,final natm: 24
numbasis: 236, num_auxbas: 444
Molecule_name: cc=cc
Restricted Hartree-Fock (or Kohn-Sham) algorithm is invoked.
Nuc_energy:     117.65672216 Hartree
No ghost effective potential
No ghost point charges
Overlap matrix is nonsigular:
  Lowest eigenvalue:       0.00008221 with the total number of basis functions:    236
Grid size: 135800
WARNNING: unknown initial_guess method (vasp), invoke the "hcore" method
homo: -11.116629606292836, lumo: -11.08383807765681
initial_energy: -112.71535191726451
The total energy:      -112.7153519173 Ha by the initial guess
Energy:    -125.5859331635 Ha after    1 iterations (in       0.45 seconds).
SCF Change: DM 4.74874e-2; eev  1.12902e1 Ha; etot  2.34452e1 Ha
Energy:    -102.1407756333 Ha after    2 iterations (in       0.44 seconds).
SCF Change: DM 2.15323e-2; eev  5.86706e0 Ha; etot -4.37305e1 Ha
Energy:    -145.8712469541 Ha after    3 iterations (in       0.45 seconds).
SCF Change: DM 5.34686e-3; eev  1.15525e0 Ha; etot -6.38215e0 Ha
Energy:    -152.2533954440 Ha after    4 iterations (in       0.45 seconds).
SCF Change: DM 4.95122e-3; eev  2.15342e0 Ha; etot -1.49604e0 Ha
Energy:    -153.7494310462 Ha after    5 iterations (in       0.45 seconds).
SCF Change: DM 5.67438e-3; eev  1.08212e0 Ha; etot -1.10296e0 Ha
Energy:    -154.8523946701 Ha after    6 iterations (in       0.44 seconds).
SCF Change: DM 3.54979e-3; eev  2.43736e0 Ha; etot -1.68586e0 Ha
Energy:    -156.5382593452 Ha after    7 iterations (in       0.45 seconds).
SCF Change: DM 2.60031e-3; eev 8.16008e-1 Ha; etot -5.20955e-1 Ha
Energy:    -157.0592141355 Ha after    8 iterations (in       0.45 seconds).
SCF Change: DM 1.29398e-3; eev 1.66383e-1 Ha; etot -2.22023e-1 Ha
Energy:    -157.2812372341 Ha after    9 iterations (in       0.45 seconds).
SCF Change: DM 2.82693e-4; eev 2.90796e-2 Ha; etot -9.43660e-3 Ha
Energy:    -157.2906738304 Ha after   10 iterations (in       0.46 seconds).
SCF Change: DM 1.32053e-4; eev 1.59917e-2 Ha; etot -5.04471e-4 Ha
Energy:    -157.2911783012 Ha after   11 iterations (in       0.46 seconds).
SCF Change: DM 1.95667e-5; eev 2.97601e-3 Ha; etot -6.00336e-4 Ha
Energy:    -157.2917786373 Ha after   12 iterations (in       0.43 seconds).
SCF Change: DM 3.44959e-6; eev 7.84756e-4 Ha; etot -6.43355e-6 Ha
Energy:    -157.2917850709 Ha after   13 iterations (in       0.45 seconds).
SCF Change: DM 1.12434e-6; eev 2.22132e-4 Ha; etot -1.14297e-7 Ha
Energy:    -157.2917851852 Ha after   14 iterations (in       0.44 seconds).
SCF Change: DM 1.84484e-7; eev 4.49389e-5 Ha; etot -4.29706e-8 Ha
Energy:    -157.2917852281 Ha after   15 iterations (in       0.44 seconds).
SCF Change: DM 4.00592e-8; eev 6.66391e-6 Ha; etot -5.38904e-10 Ha
Energy:    -157.2917852287 Ha after   16 iterations (in       0.45 seconds).
SCF Change: DM 8.62562e-9; eev 2.67355e-6 Ha; etot -9.89075e-12 Ha
Energy:    -157.2917852287 Ha after   17 iterations (in       0.49 seconds).
SCF Change: DM 3.79712e-9; eev 1.71197e-6 Ha; etot 1.33582e-12 Ha
Energy:    -157.2917852287 Ha after   18 iterations (in       0.45 seconds).
SCF Change: DM 3.30507e-10; eev 3.24228e-8 Ha; etot -3.21165e-12 Ha
Energy:    -157.2917852287 Ha after   19 iterations (in       0.49 seconds).
SCF is converged after   19 iterations.
==========================================
Now evaluate the    PT2 correlation energy
==========================================
----------------------------------------------------------------------
Methods         :       Total Corr,          OS Corr,          SS Corr
----------------------------------------------------------------------
PT2             :      -0.97175984,      -0.75014494,      -0.22161490
----------------------------------------------------------------------
Fifth-rung correlation energy :      -0.327363252327 Ha
E[XYGJOS]=:    -156.81410951 Ha, Ex[HF]:     -23.56796580 Ha, Ec[PT2  ]:      -0.97175984 Ha
Mulliken population analysis:
  0-C  :  -0.126820
  1-H  :   0.096133
  2-C  :  -0.126819
  3-H  :   0.096133
  4-C  :  -0.215761
  5-C  :  -0.215761
  6-H  :   0.071821
  7-H  :   0.087315
  8-H  :   0.087312
  9-H  :   0.087315
 10-H  :   0.071821
 11-H  :   0.087312

====================================================
              REST: Mission accomplished
====================================================
The SCF energy        :    -157.2917852287 Ha
The (R)-xDH energy    :    -156.8141095065 Ha
Detailed time report:
Overall   |:   14.855 s for the whole job
SCF       |:   13.737 s for the scf procedure
PT2       |:    0.581 s for the PT2 evaluation
