=========================================================
Input parameters for the REST calculation
=========================================================
Calculation type: Single-point energy
The exchange-correlation method: xygjos
Print level:                1
The number of threads used for parallelism:      4
The spheric-GTO basis set is taken from /home/symei/def2-TZVPP-revised
The pruning method is nwchem
The radial grid generation method is treutler
ERI Type: ri_v
Turn on the basis pair symmetry for RI 3D-tensors
The spheric-GTO auxiliary basis set is taken from /home/symei/def2-SV(P)-JKFIT
Spin polarization: Off
Charge:   0; Spin:   1
min_num_angular_points: 110
max_num_angular_points: 590
hardness: 3
Grid generation level: 3
Even tempered basis generation: false
SCF convergency thresholds: 1e-6 for density matrix
                            1e-6 Ha. for sum of eigenvalues
                            1e-8 Ha. for total energy
Max. SCF cycle number:      250
The diis mixing with (param, max_vec_len) = (0.2, 8) is employed for the SCF procedure
Turn on the diis mixing after 1 step(s) of SCF iteractions with the linear mixing
The specified checkfile exists but is not loaded because the keyword 'external_init_guess' is specified
It will be updated after the SCF procedure 
(none)
Initial guess is prepared by (vasp).
It is a finite cluster calculation
the scf functional for 'xygjos' contains
The density functional 'B3LYP' belongs to the 'Hybrid GGA' family and is defined in the reference(s):
(0): P. J. Stephens, F. J. Devlin, C. F. Chabalowski, and M. J. Frisch.,  J. Phys. Chem. 98, 11623 (1994)
the post-scf functional 'xygjos' is employed, which contains
The density functional 'Slater exchange' belongs to the 'LDA' family and is defined in the reference(s):
(0): P. A. M. Dirac.,  Math. Proc. Cambridge Philos. Soc. 26, 376 (1930)
(1): F. Bloch.,  Z. Phys. 57, 545 (1929)
The density functional 'Becke 88' belongs to the 'GGA' family and is defined in the reference(s):
(0): A. D. Becke.,  Phys. Rev. A 38, 3098 (1988)
The density functional 'Vosko, Wilk & Nusair (VWN5_RPA)' belongs to the 'LDA' family and is defined in the reference(s):
(0): S. H. Vosko, L. Wilk, and M. Nusair.,  Can. J. Phys. 58, 1200 (1980)
The density functional 'Lee, Yang & Parr' belongs to the 'GGA' family and is defined in the reference(s):
(0): C. Lee, W. Yang, and R. G. Parr.,  Phys. Rev. B 37, 785 (1988)
(1): B. Miehlich, A. Savin, H. Stoll, and H. Preuss.,  Chem. Phys. Lett. 157, 200 (1989)
<start_mo> for the frozen-core post-SCF methods 12 is smaller than the number of ecp orbitals 14. Set <start_mo> = 0
Libxc version used in REST: 7.0.0
nbas: 91, natm: 11 for standard basis sets
First valence state for the frozen-core algorithm:     0
final nbas: 268,final natm: 22
numbasis: 239, num_auxbas: 617
Molecule_name: cccbr1
Restricted Hartree-Fock (or Kohn-Sham) algorithm is invoked.
Nuc_energy:     107.88470623 Hartree
No ghost effective potential
No ghost point charges
Overlap matrix is nonsigular:
  Lowest eigenvalue:       0.00026850 with the total number of basis functions:    239
Grid size: 132778
WARNNING: unknown initial_guess method (vasp), invoke the "hcore" method
homo: -9.909132552372757, lumo: -9.718601572569456
initial_energy: -71.55339392530684
The total energy:       -71.5533939253 Ha by the initial guess
Energy:     -39.8849665968 Ha after    1 iterations (in       0.51 seconds).
SCF Change: DM 4.68441e-2; eev  2.45653e1 Ha; etot -2.99236e1 Ha
Energy:     -69.8085906857 Ha after    2 iterations (in       0.48 seconds).
SCF Change: DM 1.55945e-1; eev  1.45063e1 Ha; etot -3.91171e1 Ha
Energy:    -108.9256645979 Ha after    3 iterations (in       0.48 seconds).
SCF Change: DM 1.58794e-1; eev  5.96459e0 Ha; etot -5.68731e0 Ha
Energy:    -114.6129792153 Ha after    4 iterations (in       0.46 seconds).
SCF Change: DM 1.52102e-2; eev  4.96590e0 Ha; etot -1.50830e1 Ha
Energy:    -129.6959737133 Ha after    5 iterations (in       0.45 seconds).
SCF Change: DM 3.44567e-3; eev  3.99616e0 Ha; etot -2.82305e0 Ha
Energy:    -132.5190247689 Ha after    6 iterations (in       0.50 seconds).
SCF Change: DM 2.12448e-3; eev  1.73024e0 Ha; etot -4.83205e-1 Ha
Energy:    -133.0022302508 Ha after    7 iterations (in       0.45 seconds).
SCF Change: DM 9.05661e-4; eev 3.80768e-1 Ha; etot -4.70157e-2 Ha
Energy:    -133.0492459839 Ha after    8 iterations (in       0.50 seconds).
SCF Change: DM 4.85198e-4; eev 2.00896e-1 Ha; etot -2.55598e-2 Ha
Energy:    -133.0748058053 Ha after    9 iterations (in       0.53 seconds).
SCF Change: DM 2.27882e-4; eev 1.64030e-1 Ha; etot -5.35634e-3 Ha
Energy:    -133.0801621476 Ha after   10 iterations (in       0.47 seconds).
SCF Change: DM 1.68862e-4; eev 5.33911e-2 Ha; etot -7.33412e-4 Ha
Energy:    -133.0808955596 Ha after   11 iterations (in       0.51 seconds).
SCF Change: DM 3.47262e-5; eev 1.63475e-2 Ha; etot -4.23613e-4 Ha
Energy:    -133.0813191729 Ha after   12 iterations (in       0.53 seconds).
SCF Change: DM 7.34635e-6; eev 3.10516e-3 Ha; etot -1.30184e-5 Ha
Energy:    -133.0813321913 Ha after   13 iterations (in       0.46 seconds).
SCF Change: DM 8.63191e-7; eev 8.73020e-4 Ha; etot -3.74086e-7 Ha
Energy:    -133.0813325654 Ha after   14 iterations (in       0.50 seconds).
SCF Change: DM 1.46823e-7; eev 1.97556e-4 Ha; etot -9.18311e-9 Ha
Energy:    -133.0813325746 Ha after   15 iterations (in       0.51 seconds).
SCF Change: DM 4.60678e-8; eev 3.87287e-5 Ha; etot -3.23723e-10 Ha
Energy:    -133.0813325749 Ha after   16 iterations (in       0.50 seconds).
SCF Change: DM 9.16719e-9; eev 3.99991e-6 Ha; etot -1.21076e-11 Ha
Energy:    -133.0813325749 Ha after   17 iterations (in       0.49 seconds).
SCF Change: DM 1.34079e-9; eev 1.28429e-6 Ha; etot 1.16529e-12 Ha
Energy:    -133.0813325749 Ha after   18 iterations (in       0.51 seconds).
SCF Change: DM 3.70460e-10; eev 2.36599e-7 Ha; etot -2.84217e-14 Ha
Energy:    -133.0813325749 Ha after   19 iterations (in       0.50 seconds).
SCF is converged after   19 iterations.
==========================================
Now evaluate the    PT2 correlation energy
==========================================
----------------------------------------------------------------------
Methods         :       Total Corr,          OS Corr,          SS Corr
----------------------------------------------------------------------
PT2             :      -1.02671670,      -0.80262256,      -0.22409414
----------------------------------------------------------------------
Fifth-rung correlation energy :      -0.350264484077 Ha
E[XYGJOS]=:    -132.70014707 Ha, Ex[HF]:     -20.61786672 Ha, Ec[PT2  ]:      -1.02671670 Ha
Mulliken population analysis:
  0-C  :  -0.259238
  1-H  :   0.084722
  2-H  :   0.084722
  3-H  :   0.099301
  4-C  :  -0.089902
  5-H  :   0.081161
  6-H  :   0.081161
  7-C  :  -0.150011
  8-H  :   0.135648
  9-H  :   0.135648
 10-Br :  -0.203210

====================================================
              REST: Mission accomplished
====================================================
The SCF energy        :    -133.0813325749 Ha
The (R)-xDH energy    :    -132.7001470687 Ha
Detailed time report:
SCF       |:   14.991 s for the scf procedure
PT2       |:    0.740 s for the PT2 evaluation
Overall   |:   16.206 s for the whole job
