=========================================================
Input parameters for the REST calculation
=========================================================
Calculation type: Single-point energy
The exchange-correlation method: xygjos
Print level:                1
The number of threads used for parallelism:      4
The spheric-GTO basis set is taken from /home/symei/def2-TZVPP-revised
The pruning method is nwchem
The radial grid generation method is treutler
ERI Type: ri_v
Turn on the basis pair symmetry for RI 3D-tensors
The spheric-GTO auxiliary basis set is taken from /home/symei/def2-SV(P)-JKFIT
Spin polarization: Off
Charge:   0; Spin:   1
min_num_angular_points: 110
max_num_angular_points: 590
hardness: 3
Grid generation level: 3
Even tempered basis generation: false
SCF convergency thresholds: 1e-6 for density matrix
                            1e-6 Ha. for sum of eigenvalues
                            1e-8 Ha. for total energy
Max. SCF cycle number:      250
The diis mixing with (param, max_vec_len) = (0.2, 8) is employed for the SCF procedure
Turn on the diis mixing after 1 step(s) of SCF iteractions with the linear mixing
The specified checkfile exists but is not loaded because the keyword 'external_init_guess' is specified
It will be updated after the SCF procedure 
(none)
Initial guess is prepared by (vasp).
It is a finite cluster calculation
the scf functional for 'xygjos' contains
The density functional 'B3LYP' belongs to the 'Hybrid GGA' family and is defined in the reference(s):
(0): P. J. Stephens, F. J. Devlin, C. F. Chabalowski, and M. J. Frisch.,  J. Phys. Chem. 98, 11623 (1994)
the post-scf functional 'xygjos' is employed, which contains
The density functional 'Slater exchange' belongs to the 'LDA' family and is defined in the reference(s):
(0): P. A. M. Dirac.,  Math. Proc. Cambridge Philos. Soc. 26, 376 (1930)
(1): F. Bloch.,  Z. Phys. 57, 545 (1929)
The density functional 'Becke 88' belongs to the 'GGA' family and is defined in the reference(s):
(0): A. D. Becke.,  Phys. Rev. A 38, 3098 (1988)
The density functional 'Vosko, Wilk & Nusair (VWN5_RPA)' belongs to the 'LDA' family and is defined in the reference(s):
(0): S. H. Vosko, L. Wilk, and M. Nusair.,  Can. J. Phys. 58, 1200 (1980)
The density functional 'Lee, Yang & Parr' belongs to the 'GGA' family and is defined in the reference(s):
(0): C. Lee, W. Yang, and R. G. Parr.,  Phys. Rev. B 37, 785 (1988)
(1): B. Miehlich, A. Savin, H. Stoll, and H. Preuss.,  Chem. Phys. Lett. 157, 200 (1989)
<start_mo> for the frozen-core post-SCF methods 19 is smaller than the number of ecp orbitals 28. Set <start_mo> = 0
Libxc version used in REST: 7.0.0
nbas: 55, natm: 5 for standard basis sets
First valence state for the frozen-core algorithm:     0
final nbas: 212,final natm: 10
numbasis: 155, num_auxbas: 643
Molecule_name: ch2br2
Restricted Hartree-Fock (or Kohn-Sham) algorithm is invoked.
Nuc_energy:      42.91821290 Hartree
No ghost effective potential
No ghost point charges
Overlap matrix is nonsigular:
  Lowest eigenvalue:       0.00058115 with the total number of basis functions:    155
Grid size: 75758
WARNNING: unknown initial_guess method (vasp), invoke the "hcore" method
homo: -6.9069398302375475, lumo: -6.704377456568016
initial_energy: -40.81828503374028
The total energy:       -40.8182850337 Ha by the initial guess
Energy:     -49.5101119232 Ha after    1 iterations (in       0.20 seconds).
SCF Change: DM 5.72193e-2; eev  9.75671e0 Ha; etot  1.91708e1 Ha
Energy:     -30.3392634515 Ha after    2 iterations (in       0.23 seconds).
SCF Change: DM 2.02334e-2; eev  4.29458e0 Ha; etot -3.35668e1 Ha
Energy:     -63.9060464562 Ha after    3 iterations (in       0.20 seconds).
SCF Change: DM 7.17873e-3; eev  3.08255e0 Ha; etot -4.03051e0 Ha
Energy:     -67.9365587133 Ha after    4 iterations (in       0.19 seconds).
SCF Change: DM 2.80933e-3; eev  1.51366e0 Ha; etot -2.93773e-1 Ha
Energy:     -68.2303313651 Ha after    5 iterations (in       0.20 seconds).
SCF Change: DM 6.14818e-4; eev 2.39972e-1 Ha; etot -5.12299e-2 Ha
Energy:     -68.2815612592 Ha after    6 iterations (in       0.19 seconds).
SCF Change: DM 1.02143e-4; eev 8.82548e-2 Ha; etot -1.48874e-3 Ha
Energy:     -68.2830499972 Ha after    7 iterations (in       0.21 seconds).
SCF Change: DM 1.05379e-4; eev 7.14107e-2 Ha; etot -5.96095e-4 Ha
Energy:     -68.2836460924 Ha after    8 iterations (in       0.21 seconds).
SCF Change: DM 4.16479e-5; eev 1.21019e-2 Ha; etot -2.53292e-4 Ha
Energy:     -68.2838993847 Ha after    9 iterations (in       0.18 seconds).
SCF Change: DM 3.13002e-6; eev 1.07749e-2 Ha; etot -3.35366e-5 Ha
Energy:     -68.2839329213 Ha after   10 iterations (in       0.18 seconds).
SCF Change: DM 6.47158e-7; eev 4.96019e-4 Ha; etot -1.16963e-7 Ha
Energy:     -68.2839330382 Ha after   11 iterations (in       0.18 seconds).
SCF Change: DM 1.16687e-7; eev 1.25009e-4 Ha; etot -2.07062e-9 Ha
Energy:     -68.2839330403 Ha after   12 iterations (in       0.18 seconds).
SCF Change: DM 7.36635e-9; eev 6.35603e-6 Ha; etot -4.13252e-11 Ha
Energy:     -68.2839330404 Ha after   13 iterations (in       0.18 seconds).
SCF Change: DM 1.10948e-9; eev 1.44255e-6 Ha; etot -1.13687e-13 Ha
Energy:     -68.2839330404 Ha after   14 iterations (in       0.18 seconds).
SCF Change: DM 1.69541e-10; eev 2.15952e-7 Ha; etot 1.42109e-13 Ha
Energy:     -68.2839330404 Ha after   15 iterations (in       0.18 seconds).
SCF is converged after   15 iterations.
==========================================
Now evaluate the    PT2 correlation energy
==========================================
----------------------------------------------------------------------
Methods         :       Total Corr,          OS Corr,          SS Corr
----------------------------------------------------------------------
PT2             :      -0.71304448,      -0.55326854,      -0.15977594
----------------------------------------------------------------------
Fifth-rung correlation energy :      -0.241446390504 Ha
E[XYGJOS]=:     -68.07856916 Ha, Ex[HF]:     -10.99172954 Ha, Ec[PT2  ]:      -0.71304448 Ha
Mulliken population analysis:
  0-C  :  -0.172740
  1-H  :   0.201089
  2-H  :   0.201089
  3-Br :  -0.114719
  4-Br :  -0.114719

====================================================
              REST: Mission accomplished
====================================================
The SCF energy        :     -68.2839330404 Ha
The (R)-xDH energy    :     -68.0785691574 Ha
Detailed time report:
SCF       |:    5.686 s for the scf procedure
PT2       |:    0.270 s for the PT2 evaluation
Overall   |:    6.458 s for the whole job
