=========================================================
Input parameters for the REST calculation
=========================================================
Calculation type: Single-point energy
The exchange-correlation method: xygjos
Print level:                1
The number of threads used for parallelism:      4
The spheric-GTO basis set is taken from /home/symei/def2-TZVPP-revised
The pruning method is nwchem
The radial grid generation method is treutler
ERI Type: ri_v
Turn on the basis pair symmetry for RI 3D-tensors
The spheric-GTO auxiliary basis set is taken from /home/symei/def2-SV(P)-JKFIT
Spin polarization: Off
Charge:   0; Spin:   1
min_num_angular_points: 110
max_num_angular_points: 590
hardness: 3
Grid generation level: 3
Even tempered basis generation: false
SCF convergency thresholds: 1e-6 for density matrix
                            1e-6 Ha. for sum of eigenvalues
                            1e-8 Ha. for total energy
Max. SCF cycle number:      250
The diis mixing with (param, max_vec_len) = (0.2, 8) is employed for the SCF procedure
Turn on the diis mixing after 1 step(s) of SCF iteractions with the linear mixing
The specified checkfile exists but is not loaded because the keyword 'external_init_guess' is specified
It will be updated after the SCF procedure 
(none)
Initial guess is prepared by (vasp).
It is a finite cluster calculation
the scf functional for 'xygjos' contains
The density functional 'B3LYP' belongs to the 'Hybrid GGA' family and is defined in the reference(s):
(0): P. J. Stephens, F. J. Devlin, C. F. Chabalowski, and M. J. Frisch.,  J. Phys. Chem. 98, 11623 (1994)
the post-scf functional 'xygjos' is employed, which contains
The density functional 'Slater exchange' belongs to the 'LDA' family and is defined in the reference(s):
(0): P. A. M. Dirac.,  Math. Proc. Cambridge Philos. Soc. 26, 376 (1930)
(1): F. Bloch.,  Z. Phys. 57, 545 (1929)
The density functional 'Becke 88' belongs to the 'GGA' family and is defined in the reference(s):
(0): A. D. Becke.,  Phys. Rev. A 38, 3098 (1988)
The density functional 'Vosko, Wilk & Nusair (VWN5_RPA)' belongs to the 'LDA' family and is defined in the reference(s):
(0): S. H. Vosko, L. Wilk, and M. Nusair.,  Can. J. Phys. 58, 1200 (1980)
The density functional 'Lee, Yang & Parr' belongs to the 'GGA' family and is defined in the reference(s):
(0): C. Lee, W. Yang, and R. G. Parr.,  Phys. Rev. B 37, 785 (1988)
(1): B. Miehlich, A. Savin, H. Stoll, and H. Preuss.,  Chem. Phys. Lett. 157, 200 (1989)
<start_mo> for the frozen-core post-SCF methods 10 is smaller than the number of ecp orbitals 14. Set <start_mo> = 0
Libxc version used in REST: 7.0.0
nbas: 45, natm: 5 for standard basis sets
First valence state for the frozen-core algorithm:     0
final nbas: 148,final natm: 10
numbasis: 121, num_auxbas: 395
Molecule_name: ch3br
Restricted Hartree-Fock (or Kohn-Sham) algorithm is invoked.
Nuc_energy:      25.45660701 Hartree
No ghost effective potential
No ghost point charges
Overlap matrix is nonsigular:
  Lowest eigenvalue:       0.00057445 with the total number of basis functions:    121
Grid size: 64878
WARNNING: unknown initial_guess method (vasp), invoke the "hcore" method
homo: -5.91845558421999, lumo: -5.523555950107045
initial_energy: -38.28007368059109
The total energy:       -38.2800736806 Ha by the initial guess
Energy:     -40.1910390203 Ha after    1 iterations (in       0.10 seconds).
SCF Change: DM 6.10469e-2; eev  1.14067e1 Ha; etot  9.15561e0 Ha
Energy:     -31.0354249710 Ha after    2 iterations (in       0.09 seconds).
SCF Change: DM 1.78845e-2; eev  4.72115e0 Ha; etot -2.18686e1 Ha
Energy:     -52.9040167504 Ha after    3 iterations (in       0.10 seconds).
SCF Change: DM 2.49632e-3; eev  2.03309e0 Ha; etot -1.37777e0 Ha
Energy:     -54.2817823643 Ha after    4 iterations (in       0.10 seconds).
SCF Change: DM 1.85057e-3; eev  1.01107e0 Ha; etot -9.67398e-2 Ha
Energy:     -54.3785221159 Ha after    5 iterations (in       0.10 seconds).
SCF Change: DM 6.36712e-4; eev 5.39707e-1 Ha; etot -3.50507e-2 Ha
Energy:     -54.4135728610 Ha after    6 iterations (in       0.09 seconds).
SCF Change: DM 4.95397e-4; eev 1.23777e-1 Ha; etot -2.85258e-3 Ha
Energy:     -54.4164254450 Ha after    7 iterations (in       0.09 seconds).
SCF Change: DM 8.89485e-5; eev 7.12675e-2 Ha; etot -2.24611e-3 Ha
Energy:     -54.4186715554 Ha after    8 iterations (in       0.09 seconds).
SCF Change: DM 5.11186e-5; eev 1.51293e-2 Ha; etot -3.05834e-5 Ha
Energy:     -54.4187021388 Ha after    9 iterations (in       0.09 seconds).
SCF Change: DM 2.96835e-6; eev 5.81080e-3 Ha; etot -8.49367e-6 Ha
Energy:     -54.4187106325 Ha after   10 iterations (in       0.10 seconds).
SCF Change: DM 2.88316e-7; eev 4.72049e-4 Ha; etot -6.02992e-8 Ha
Energy:     -54.4187106928 Ha after   11 iterations (in       0.09 seconds).
SCF Change: DM 3.53762e-8; eev 1.66079e-5 Ha; etot -4.15099e-10 Ha
Energy:     -54.4187106932 Ha after   12 iterations (in       0.09 seconds).
SCF Change: DM 9.29960e-9; eev 4.34696e-6 Ha; etot -5.78382e-12 Ha
Energy:     -54.4187106932 Ha after   13 iterations (in       0.09 seconds).
SCF Change: DM 1.20942e-9; eev 1.36369e-6 Ha; etot -1.79057e-12 Ha
Energy:     -54.4187106932 Ha after   14 iterations (in       0.09 seconds).
SCF Change: DM 1.43299e-10; eev 9.32533e-8 Ha; etot 9.73444e-13 Ha
Energy:     -54.4187106932 Ha after   15 iterations (in       0.09 seconds).
SCF is converged after   15 iterations.
==========================================
Now evaluate the    PT2 correlation energy
==========================================
----------------------------------------------------------------------
Methods         :       Total Corr,          OS Corr,          SS Corr
----------------------------------------------------------------------
PT2             :      -0.49616042,      -0.39178470,      -0.10437571
----------------------------------------------------------------------
Fifth-rung correlation energy :      -0.170974844245 Ha
E[XYGJOS]=:     -54.25590043 Ha, Ex[HF]:      -8.80045909 Ha, Ec[PT2  ]:      -0.49616042 Ha
Mulliken population analysis:
  0-C  :  -0.299701
  1-H  :   0.162143
  2-H  :   0.162154
  3-H  :   0.162154
  4-Br :  -0.186751

====================================================
              REST: Mission accomplished
====================================================
The SCF energy        :     -54.4187106932 Ha
The (R)-xDH energy    :     -54.2559004295 Ha
Detailed time report:
PT2       |:    0.149 s for the PT2 evaluation
SCF       |:    3.145 s for the scf procedure
Overall   |:    3.766 s for the whole job
