=========================================================
Input parameters for the REST calculation
=========================================================
Calculation type: Single-point energy
The exchange-correlation method: xygjos
Print level:                1
The number of threads used for parallelism:      4
The spheric-GTO basis set is taken from /home/symei/def2-TZVPP-revised
The pruning method is nwchem
The radial grid generation method is treutler
ERI Type: ri_v
Turn on the basis pair symmetry for RI 3D-tensors
The spheric-GTO auxiliary basis set is taken from /home/symei/def2-SV(P)-JKFIT
Spin polarization: Off
Charge:   0; Spin:   1
min_num_angular_points: 110
max_num_angular_points: 590
hardness: 3
Grid generation level: 3
Even tempered basis generation: false
SCF convergency thresholds: 1e-6 for density matrix
                            1e-6 Ha. for sum of eigenvalues
                            1e-8 Ha. for total energy
Max. SCF cycle number:      250
The diis mixing with (param, max_vec_len) = (0.2, 8) is employed for the SCF procedure
Turn on the diis mixing after 1 step(s) of SCF iteractions with the linear mixing
The specified checkfile exists but is not loaded because the keyword 'external_init_guess' is specified
It will be updated after the SCF procedure 
(none)
Initial guess is prepared by (vasp).
It is a finite cluster calculation
the scf functional for 'xygjos' contains
The density functional 'B3LYP' belongs to the 'Hybrid GGA' family and is defined in the reference(s):
(0): P. J. Stephens, F. J. Devlin, C. F. Chabalowski, and M. J. Frisch.,  J. Phys. Chem. 98, 11623 (1994)
the post-scf functional 'xygjos' is employed, which contains
The density functional 'Slater exchange' belongs to the 'LDA' family and is defined in the reference(s):
(0): P. A. M. Dirac.,  Math. Proc. Cambridge Philos. Soc. 26, 376 (1930)
(1): F. Bloch.,  Z. Phys. 57, 545 (1929)
The density functional 'Becke 88' belongs to the 'GGA' family and is defined in the reference(s):
(0): A. D. Becke.,  Phys. Rev. A 38, 3098 (1988)
The density functional 'Vosko, Wilk & Nusair (VWN5_RPA)' belongs to the 'LDA' family and is defined in the reference(s):
(0): S. H. Vosko, L. Wilk, and M. Nusair.,  Can. J. Phys. 58, 1200 (1980)
The density functional 'Lee, Yang & Parr' belongs to the 'GGA' family and is defined in the reference(s):
(0): C. Lee, W. Yang, and R. G. Parr.,  Phys. Rev. B 37, 785 (1988)
(1): B. Miehlich, A. Savin, H. Stoll, and H. Preuss.,  Chem. Phys. Lett. 157, 200 (1989)
For SCF calculation, no core orbital is frozen by effective core potential (ECP) approximation
Libxc version used in REST: 7.0.0
nbas: 35, natm: 5 for standard basis sets
First valence state for the frozen-core algorithm:     1
final nbas: 84,final natm: 10
numbasis: 87, num_auxbas: 147
Molecule_name: ch4
Restricted Hartree-Fock (or Kohn-Sham) algorithm is invoked.
Nuc_energy:      13.45820319 Hartree
No ghost effective potential
No ghost point charges
Overlap matrix is nonsigular:
  Lowest eigenvalue:       0.00053263 with the total number of basis functions:     87
Grid size: 53998
WARNNING: unknown initial_guess method (vasp), invoke the "hcore" method
homo: -6.355470695792476, lumo: -4.098389794601261
initial_energy: -29.066006091459823
The total energy:       -29.0660060915 Ha by the initial guess
Energy:     -35.0881733881 Ha after    1 iterations (in       0.06 seconds).
SCF Change: DM 3.04707e-2; eev  6.76154e0 Ha; etot -1.23912e0 Ha
Energy:     -36.3272976670 Ha after    2 iterations (in       0.06 seconds).
SCF Change: DM 3.77300e-3; eev  2.33787e0 Ha; etot -4.13438e0 Ha
Energy:     -40.4616750909 Ha after    3 iterations (in       0.06 seconds).
SCF Change: DM 1.16405e-3; eev 3.01845e-1 Ha; etot -5.34082e-2 Ha
Energy:     -40.5150833354 Ha after    4 iterations (in       0.06 seconds).
SCF Change: DM 7.43473e-4; eev 1.95804e-1 Ha; etot -2.01403e-2 Ha
Energy:     -40.5352236452 Ha after    5 iterations (in       0.06 seconds).
SCF Change: DM 5.21756e-5; eev 9.58476e-3 Ha; etot -3.93654e-3 Ha
Energy:     -40.5391601901 Ha after    6 iterations (in       0.06 seconds).
SCF Change: DM 2.65585e-6; eev 5.65550e-4 Ha; etot -1.53220e-5 Ha
Energy:     -40.5391755121 Ha after    7 iterations (in       0.06 seconds).
SCF Change: DM 5.64269e-8; eev 5.34586e-6 Ha; etot -3.44572e-8 Ha
Energy:     -40.5391755466 Ha after    8 iterations (in       0.07 seconds).
SCF Change: DM 7.28619e-9; eev 2.20987e-6 Ha; etot -1.27187e-12 Ha
Energy:     -40.5391755466 Ha after    9 iterations (in       0.06 seconds).
SCF Change: DM 2.59189e-10; eev 7.08704e-8 Ha; etot -7.53175e-13 Ha
Energy:     -40.5391755466 Ha after   10 iterations (in       0.06 seconds).
SCF is converged after   10 iterations.
==========================================
Now evaluate the    PT2 correlation energy
==========================================
----------------------------------------------------------------------
Methods         :       Total Corr,          OS Corr,          SS Corr
----------------------------------------------------------------------
PT2             :      -0.27447578,      -0.22188366,      -0.05259212
----------------------------------------------------------------------
Fifth-rung correlation energy :      -0.096830030263 Ha
E[XYGJOS]=:     -40.41035682 Ha, Ex[HF]:      -6.58297264 Ha, Ec[PT2  ]:      -0.27447578 Ha
Mulliken population analysis:
  0-C  :  -0.396237
  1-H  :   0.099059
  2-H  :   0.099059
  3-H  :   0.099059
  4-H  :   0.099059

====================================================
              REST: Mission accomplished
====================================================
The SCF energy        :     -40.5391755466 Ha
The (R)-xDH energy    :     -40.4103568151 Ha
Detailed time report:
SCF       |:    1.368 s for the scf procedure
PT2       |:    0.103 s for the PT2 evaluation
Overall   |:    1.942 s for the whole job
