=========================================================
Input parameters for the REST calculation
=========================================================
Calculation type: Single-point energy
The exchange-correlation method: xygjos
Print level:                1
The number of threads used for parallelism:      4
The spheric-GTO basis set is taken from /home/symei/def2-TZVPP-revised
The pruning method is nwchem
The radial grid generation method is treutler
ERI Type: ri_v
Turn on the basis pair symmetry for RI 3D-tensors
The spheric-GTO auxiliary basis set is taken from /home/symei/def2-SV(P)-JKFIT
Spin polarization: Off
Charge:   0; Spin:   1
min_num_angular_points: 110
max_num_angular_points: 590
hardness: 3
Grid generation level: 3
Even tempered basis generation: false
SCF convergency thresholds: 1e-6 for density matrix
                            1e-6 Ha. for sum of eigenvalues
                            1e-8 Ha. for total energy
Max. SCF cycle number:      250
The diis mixing with (param, max_vec_len) = (0.2, 8) is employed for the SCF procedure
Turn on the diis mixing after 1 step(s) of SCF iteractions with the linear mixing
The specified checkfile exists but is not loaded because the keyword 'external_init_guess' is specified
It will be updated after the SCF procedure 
(none)
Initial guess is prepared by (vasp).
It is a finite cluster calculation
the scf functional for 'xygjos' contains
The density functional 'B3LYP' belongs to the 'Hybrid GGA' family and is defined in the reference(s):
(0): P. J. Stephens, F. J. Devlin, C. F. Chabalowski, and M. J. Frisch.,  J. Phys. Chem. 98, 11623 (1994)
the post-scf functional 'xygjos' is employed, which contains
The density functional 'Slater exchange' belongs to the 'LDA' family and is defined in the reference(s):
(0): P. A. M. Dirac.,  Math. Proc. Cambridge Philos. Soc. 26, 376 (1930)
(1): F. Bloch.,  Z. Phys. 57, 545 (1929)
The density functional 'Becke 88' belongs to the 'GGA' family and is defined in the reference(s):
(0): A. D. Becke.,  Phys. Rev. A 38, 3098 (1988)
The density functional 'Vosko, Wilk & Nusair (VWN5_RPA)' belongs to the 'LDA' family and is defined in the reference(s):
(0): S. H. Vosko, L. Wilk, and M. Nusair.,  Can. J. Phys. 58, 1200 (1980)
The density functional 'Lee, Yang & Parr' belongs to the 'GGA' family and is defined in the reference(s):
(0): C. Lee, W. Yang, and R. G. Parr.,  Phys. Rev. B 37, 785 (1988)
(1): B. Miehlich, A. Savin, H. Stoll, and H. Preuss.,  Chem. Phys. Lett. 157, 200 (1989)
<start_mo> for the frozen-core post-SCF methods 28 is smaller than the number of ecp orbitals 42. Set <start_mo> = 0
Libxc version used in REST: 7.0.0
nbas: 65, natm: 5 for standard basis sets
First valence state for the frozen-core algorithm:     0
final nbas: 276,final natm: 10
numbasis: 189, num_auxbas: 891
Molecule_name: chbr3
Restricted Hartree-Fock (or Kohn-Sham) algorithm is invoked.
Nuc_energy:      65.83498434 Hartree
No ghost effective potential
No ghost point charges
Overlap matrix is nonsigular:
  Lowest eigenvalue:       0.00057163 with the total number of basis functions:    189
Grid size: 86638
WARNNING: unknown initial_guess method (vasp), invoke the "hcore" method
homo: -7.914281867738548, lumo: -7.889273768608209
initial_energy: -26.81623482873337
The total energy:       -26.8162348287 Ha by the initial guess
Energy:     -58.8002346693 Ha after    1 iterations (in       0.33 seconds).
SCF Change: DM 4.90674e-2; eev  9.82526e0 Ha; etot  2.77066e1 Ha
Energy:     -31.0936318819 Ha after    2 iterations (in       0.28 seconds).
SCF Change: DM 1.88606e-2; eev  5.41823e0 Ha; etot -4.37070e1 Ha
Energy:     -74.8006718745 Ha after    3 iterations (in       0.34 seconds).
SCF Change: DM 5.79962e-3; eev  4.55713e0 Ha; etot -6.83075e0 Ha
Energy:     -81.6314171286 Ha after    4 iterations (in       0.36 seconds).
SCF Change: DM 2.00151e-3; eev  1.20243e0 Ha; etot -4.71382e-1 Ha
Energy:     -82.1027990318 Ha after    5 iterations (in       0.35 seconds).
SCF Change: DM 6.48026e-4; eev 2.45489e-1 Ha; etot -1.78468e-2 Ha
Energy:     -82.1206458481 Ha after    6 iterations (in       0.32 seconds).
SCF Change: DM 1.33102e-4; eev 2.09389e-1 Ha; etot -1.15236e-2 Ha
Energy:     -82.1321694635 Ha after    7 iterations (in       0.30 seconds).
SCF Change: DM 9.53780e-5; eev 5.24980e-2 Ha; etot -2.59351e-5 Ha
Energy:     -82.1321953985 Ha after    8 iterations (in       0.29 seconds).
SCF Change: DM 2.35517e-5; eev 1.67229e-2 Ha; etot -3.44501e-4 Ha
Energy:     -82.1325398994 Ha after    9 iterations (in       0.32 seconds).
SCF Change: DM 6.56043e-6; eev 1.53351e-2 Ha; etot -1.28129e-5 Ha
Energy:     -82.1325527123 Ha after   10 iterations (in       0.36 seconds).
SCF Change: DM 1.50086e-6; eev 1.51298e-3 Ha; etot -1.48765e-7 Ha
Energy:     -82.1325528611 Ha after   11 iterations (in       0.32 seconds).
SCF Change: DM 1.17634e-7; eev 2.08066e-4 Ha; etot -1.44575e-8 Ha
Energy:     -82.1325528755 Ha after   12 iterations (in       0.30 seconds).
SCF Change: DM 1.25192e-8; eev 6.02971e-6 Ha; etot -8.51799e-11 Ha
Energy:     -82.1325528756 Ha after   13 iterations (in       0.32 seconds).
SCF Change: DM 5.15048e-9; eev 1.08177e-6 Ha; etot -1.32161e-12 Ha
Energy:     -82.1325528756 Ha after   14 iterations (in       0.34 seconds).
SCF Change: DM 9.99427e-10; eev 3.58424e-7 Ha; etot 1.97531e-12 Ha
Energy:     -82.1325528756 Ha after   15 iterations (in       0.34 seconds).
SCF is converged after   15 iterations.
==========================================
Now evaluate the    PT2 correlation energy
==========================================
----------------------------------------------------------------------
Methods         :       Total Corr,          OS Corr,          SS Corr
----------------------------------------------------------------------
PT2             :      -0.94488882,      -0.72459820,      -0.22029062
----------------------------------------------------------------------
Fifth-rung correlation energy :      -0.316214652405 Ha
E[XYGJOS]=:     -81.88482417 Ha, Ex[HF]:     -13.16069797 Ha, Ec[PT2  ]:      -0.94488882 Ha
Mulliken population analysis:
  0-C  :  -0.072987
  1-H  :   0.238947
  2-Br :  -0.055318
  3-Br :  -0.055321
  4-Br :  -0.055321

====================================================
              REST: Mission accomplished
====================================================
The SCF energy        :     -82.1325528756 Ha
The (R)-xDH energy    :     -81.8848241698 Ha
Detailed time report:
Overall   |:    9.783 s for the whole job
PT2       |:    0.506 s for the PT2 evaluation
SCF       |:    8.800 s for the scf procedure
