=========================================================
Input parameters for the REST calculation
=========================================================
Calculation type: Single-point energy
The exchange-correlation method: xygjos
Print level:                1
The number of threads used for parallelism:      4
The spheric-GTO basis set is taken from /home/symei/def2-TZVPP-revised
The pruning method is nwchem
The radial grid generation method is treutler
ERI Type: ri_v
Turn on the basis pair symmetry for RI 3D-tensors
The spheric-GTO auxiliary basis set is taken from /home/symei/def2-SV(P)-JKFIT
Spin polarization: On
Charge:   0; Spin:   2
min_num_angular_points: 110
max_num_angular_points: 590
hardness: 3
Grid generation level: 3
Even tempered basis generation: false
SCF convergency thresholds: 1e-6 for density matrix
                            1e-6 Ha. for sum of eigenvalues
                            1e-8 Ha. for total energy
Max. SCF cycle number:      250
The diis mixing with (param, max_vec_len) = (0.2, 8) is employed for the SCF procedure
Turn on the diis mixing after 1 step(s) of SCF iteractions with the linear mixing
The specified checkfile exists but is not loaded because the keyword 'external_init_guess' is specified
It will be updated after the SCF procedure 
(none)
Initial guess is prepared by (vasp).
It is a finite cluster calculation
the scf functional for 'xygjos' contains
The density functional 'B3LYP' belongs to the 'Hybrid GGA' family and is defined in the reference(s):
(0): P. J. Stephens, F. J. Devlin, C. F. Chabalowski, and M. J. Frisch.,  J. Phys. Chem. 98, 11623 (1994)
the post-scf functional 'xygjos' is employed, which contains
The density functional 'Slater exchange' belongs to the 'LDA' family and is defined in the reference(s):
(0): P. A. M. Dirac.,  Math. Proc. Cambridge Philos. Soc. 26, 376 (1930)
(1): F. Bloch.,  Z. Phys. 57, 545 (1929)
The density functional 'Becke 88' belongs to the 'GGA' family and is defined in the reference(s):
(0): A. D. Becke.,  Phys. Rev. A 38, 3098 (1988)
The density functional 'Vosko, Wilk & Nusair (VWN5_RPA)' belongs to the 'LDA' family and is defined in the reference(s):
(0): S. H. Vosko, L. Wilk, and M. Nusair.,  Can. J. Phys. 58, 1200 (1980)
The density functional 'Lee, Yang & Parr' belongs to the 'GGA' family and is defined in the reference(s):
(0): C. Lee, W. Yang, and R. G. Parr.,  Phys. Rev. B 37, 785 (1988)
(1): B. Miehlich, A. Savin, H. Stoll, and H. Preuss.,  Chem. Phys. Lett. 157, 200 (1989)
For SCF calculation, no core orbital is frozen by effective core potential (ECP) approximation
Libxc version used in REST: 7.0.0
nbas: 14, natm: 1 for standard basis sets
First valence state for the frozen-core algorithm:     5
final nbas: 52,final natm: 2
numbasis: 42, num_auxbas: 128
Molecule_name: cl
Unrestricted Hartree-Fock (or Kohn-Sham) algorithm is invoked.
Nuc_energy:       0.00000000 Hartree
No ghost effective potential
No ghost point charges
Overlap matrix is nonsigular:
  Lowest eigenvalue:       0.04652848 with the total number of basis functions:     42
Grid size: 18880
WARNNING: unknown initial_guess method (vasp), invoke the "hcore" method
homo: -15.321059751579533, lumo: -15.321059751579522
initial_energy: -413.017579356852
The total energy:      -413.0175793569 Ha by the initial guess
Energy:    -443.2164018410 Ha with <S^2> =  0.750 and <2S+1> =  2.000 after    1 iterations (in       0.03 seconds).
SCF Change: DM (6.69923e-2,6.43124e-2); eev  3.40356e1 Ha; etot -1.21367e1 Ha
Energy:    -455.3531383166 Ha with <S^2> =  0.752 and <2S+1> =  2.002 after    2 iterations (in       0.02 seconds).
SCF Change: DM (3.13723e-2,2.99671e-2); eev  9.47562e0 Ha; etot -3.78348e0 Ha
Energy:    -459.1366183234 Ha with <S^2> =  0.752 and <2S+1> =  2.002 after    3 iterations (in       0.02 seconds).
SCF Change: DM (5.56254e-3,5.37223e-3); eev  1.66646e0 Ha; etot -1.01104e0 Ha
Energy:    -460.1476586717 Ha with <S^2> =  0.753 and <2S+1> =  2.003 after    4 iterations (in       0.02 seconds).
SCF Change: DM (1.25335e-3,1.24661e-3); eev 3.60304e-1 Ha; etot -1.73216e-2 Ha
Energy:    -460.1649802535 Ha with <S^2> =  0.753 and <2S+1> =  2.003 after    5 iterations (in       0.02 seconds).
SCF Change: DM (4.28528e-5,4.99720e-5); eev 1.47008e-2 Ha; etot -2.04291e-3 Ha
Energy:    -460.1670231665 Ha with <S^2> =  0.753 and <2S+1> =  2.003 after    6 iterations (in       0.02 seconds).
SCF Change: DM (3.32021e-6,1.67087e-6); eev 6.62407e-4 Ha; etot -2.54901e-6 Ha
Energy:    -460.1670257155 Ha with <S^2> =  0.753 and <2S+1> =  2.003 after    7 iterations (in       0.02 seconds).
SCF Change: DM (9.27984e-7,4.93935e-7); eev 2.21365e-4 Ha; etot -1.33422e-8 Ha
Energy:    -460.1670257288 Ha with <S^2> =  0.753 and <2S+1> =  2.003 after    8 iterations (in       0.02 seconds).
SCF Change: DM (5.66694e-8,3.11104e-8); eev 3.43268e-6 Ha; etot -6.74959e-10 Ha
Energy:    -460.1670257295 Ha with <S^2> =  0.753 and <2S+1> =  2.003 after    9 iterations (in       0.02 seconds).
SCF Change: DM (6.74685e-9,9.27101e-9); eev 2.43778e-7 Ha; etot -1.08002e-12 Ha
Energy:    -460.1670257295 Ha with <S^2> =  0.753 and <2S+1> =  2.003 after   10 iterations (in       0.02 seconds).
SCF is converged after   10 iterations.
==========================================
Now evaluate the    PT2 correlation energy
==========================================
----------------------------------------------------------------------
Methods         :       Total Corr,          OS Corr,          SS Corr
----------------------------------------------------------------------
PT2             :      -0.22680971,      -0.17363083,      -0.05317888
----------------------------------------------------------------------
Fifth-rung correlation energy :      -0.075772493555 Ha
E[XYGJOS]=:    -459.63342101 Ha, Ex[HF]:     -27.52315986 Ha, Ec[PT2  ]:      -0.22680971 Ha
Mulliken population analysis:
  0-Cl :  -0.000000

====================================================
              REST: Mission accomplished
====================================================
The SCF energy        :    -460.1670257295 Ha
The (R)-xDH energy    :    -459.6334210093 Ha
Detailed time report:
SCF       |:    0.454 s for the scf procedure
Overall   |:    1.017 s for the whole job
PT2       |:    0.065 s for the PT2 evaluation
