=========================================================
Input parameters for the REST calculation
=========================================================
Calculation type: Single-point energy
The exchange-correlation method: xygjos
Print level:                1
The number of threads used for parallelism:      4
The spheric-GTO basis set is taken from /home/symei/def2-TZVPP-revised
The pruning method is nwchem
The radial grid generation method is treutler
ERI Type: ri_v
Turn on the basis pair symmetry for RI 3D-tensors
The spheric-GTO auxiliary basis set is taken from /home/symei/def2-SV(P)-JKFIT
Spin polarization: Off
Charge:   0; Spin:   1
min_num_angular_points: 110
max_num_angular_points: 590
hardness: 3
Grid generation level: 3
Even tempered basis generation: false
SCF convergency thresholds: 1e-6 for density matrix
                            1e-6 Ha. for sum of eigenvalues
                            1e-8 Ha. for total energy
Max. SCF cycle number:      250
The diis mixing with (param, max_vec_len) = (0.2, 8) is employed for the SCF procedure
Turn on the diis mixing after 1 step(s) of SCF iteractions with the linear mixing
The specified checkfile exists but is not loaded because the keyword 'external_init_guess' is specified
It will be updated after the SCF procedure 
(none)
Initial guess is prepared by (vasp).
It is a finite cluster calculation
the scf functional for 'xygjos' contains
The density functional 'B3LYP' belongs to the 'Hybrid GGA' family and is defined in the reference(s):
(0): P. J. Stephens, F. J. Devlin, C. F. Chabalowski, and M. J. Frisch.,  J. Phys. Chem. 98, 11623 (1994)
the post-scf functional 'xygjos' is employed, which contains
The density functional 'Slater exchange' belongs to the 'LDA' family and is defined in the reference(s):
(0): P. A. M. Dirac.,  Math. Proc. Cambridge Philos. Soc. 26, 376 (1930)
(1): F. Bloch.,  Z. Phys. 57, 545 (1929)
The density functional 'Becke 88' belongs to the 'GGA' family and is defined in the reference(s):
(0): A. D. Becke.,  Phys. Rev. A 38, 3098 (1988)
The density functional 'Vosko, Wilk & Nusair (VWN5_RPA)' belongs to the 'LDA' family and is defined in the reference(s):
(0): S. H. Vosko, L. Wilk, and M. Nusair.,  Can. J. Phys. 58, 1200 (1980)
The density functional 'Lee, Yang & Parr' belongs to the 'GGA' family and is defined in the reference(s):
(0): C. Lee, W. Yang, and R. G. Parr.,  Phys. Rev. B 37, 785 (1988)
(1): B. Miehlich, A. Savin, H. Stoll, and H. Preuss.,  Chem. Phys. Lett. 157, 200 (1989)
<start_mo> for the frozen-core post-SCF methods 9 is smaller than the number of ecp orbitals 14. Set <start_mo> = 0
Libxc version used in REST: 7.0.0
nbas: 22, natm: 2 for standard basis sets
First valence state for the frozen-core algorithm:     0
final nbas: 88,final natm: 4
numbasis: 62, num_auxbas: 284
Molecule_name: hbr
Restricted Hartree-Fock (or Kohn-Sham) algorithm is invoked.
Nuc_energy:       2.60098377 Hartree
No ghost effective potential
No ghost point charges
Overlap matrix is nonsigular:
  Lowest eigenvalue:       0.00486027 with the total number of basis functions:     62
Grid size: 30928
WARNNING: unknown initial_guess method (vasp), invoke the "hcore" method
homo: -3.9020417104288367, lumo: -2.9388623764461497
initial_energy: -13.270715145418258
The total energy:       -13.2707151454 Ha by the initial guess
Energy:     -13.4453595145 Ha after    1 iterations (in       0.04 seconds).
SCF Change: DM 2.96187e-2; eev  5.39919e0 Ha; etot -9.21338e-1 Ha
Energy:     -14.3666976731 Ha after    2 iterations (in       0.03 seconds).
SCF Change: DM 2.03228e-3; eev  3.04260e0 Ha; etot -7.21729e-1 Ha
Energy:     -15.0884271014 Ha after    3 iterations (in       0.03 seconds).
SCF Change: DM 5.09111e-4; eev 1.41527e-1 Ha; etot -6.37939e-3 Ha
Energy:     -15.0948064897 Ha after    4 iterations (in       0.03 seconds).
SCF Change: DM 2.05374e-4; eev 2.84921e-1 Ha; etot -6.18465e-4 Ha
Energy:     -15.0954249549 Ha after    5 iterations (in       0.03 seconds).
SCF Change: DM 1.45264e-5; eev 1.46027e-2 Ha; etot -4.52055e-5 Ha
Energy:     -15.0954701604 Ha after    6 iterations (in       0.03 seconds).
SCF Change: DM 2.81882e-6; eev 3.24485e-3 Ha; etot -3.94971e-7 Ha
Energy:     -15.0954705554 Ha after    7 iterations (in       0.04 seconds).
SCF Change: DM 2.00556e-7; eev 3.65508e-5 Ha; etot -8.56402e-9 Ha
Energy:     -15.0954705640 Ha after    8 iterations (in       0.03 seconds).
SCF Change: DM 1.42671e-8; eev 4.03920e-5 Ha; etot -4.07212e-11 Ha
Energy:     -15.0954705640 Ha after    9 iterations (in       0.03 seconds).
SCF Change: DM 5.42436e-10; eev 2.72560e-6 Ha; etot -8.88178e-14 Ha
Energy:     -15.0954705640 Ha after   10 iterations (in       0.04 seconds).
SCF Change: DM 1.96467e-11; eev 4.49104e-8 Ha; etot -4.97380e-14 Ha
Energy:     -15.0954705640 Ha after   11 iterations (in       0.04 seconds).
SCF is converged after   11 iterations.
==========================================
Now evaluate the    PT2 correlation energy
==========================================
----------------------------------------------------------------------
Methods         :       Total Corr,          OS Corr,          SS Corr
----------------------------------------------------------------------
PT2             :      -0.24200445,      -0.18983588,      -0.05216857
----------------------------------------------------------------------
Fifth-rung correlation energy :      -0.082844378608 Ha
E[XYGJOS]=:     -15.04522934 Ha, Ex[HF]:      -2.90036103 Ha, Ec[PT2  ]:      -0.24200445 Ha
Mulliken population analysis:
  0-Br :  -0.235962
  1-H  :   0.235962

====================================================
              REST: Mission accomplished
====================================================
The SCF energy        :     -15.0954705640 Ha
The (R)-xDH energy    :     -15.0452293430 Ha
Detailed time report:
PT2       |:    0.066 s for the PT2 evaluation
SCF       |:    0.919 s for the scf procedure
Overall   |:    1.454 s for the whole job
