=========================================================
Input parameters for the REST calculation
=========================================================
Calculation type: Single-point energy
The exchange-correlation method: xygjos
Print level:                1
The number of threads used for parallelism:      4
The spheric-GTO basis set is taken from /home/symei/def2-TZVPP-revised
The pruning method is nwchem
The radial grid generation method is treutler
ERI Type: ri_v
Turn on the basis pair symmetry for RI 3D-tensors
The spheric-GTO auxiliary basis set is taken from /home/symei/def2-SV(P)-JKFIT
Spin polarization: Off
Charge:   0; Spin:   1
min_num_angular_points: 110
max_num_angular_points: 590
hardness: 3
Grid generation level: 3
Even tempered basis generation: false
SCF convergency thresholds: 1e-6 for density matrix
                            1e-6 Ha. for sum of eigenvalues
                            1e-8 Ha. for total energy
Max. SCF cycle number:      250
The diis mixing with (param, max_vec_len) = (0.2, 8) is employed for the SCF procedure
Turn on the diis mixing after 1 step(s) of SCF iteractions with the linear mixing
The specified checkfile exists but is not loaded because the keyword 'external_init_guess' is specified
It will be updated after the SCF procedure 
(none)
Initial guess is prepared by (vasp).
It is a finite cluster calculation
the scf functional for 'xygjos' contains
The density functional 'B3LYP' belongs to the 'Hybrid GGA' family and is defined in the reference(s):
(0): P. J. Stephens, F. J. Devlin, C. F. Chabalowski, and M. J. Frisch.,  J. Phys. Chem. 98, 11623 (1994)
the post-scf functional 'xygjos' is employed, which contains
The density functional 'Slater exchange' belongs to the 'LDA' family and is defined in the reference(s):
(0): P. A. M. Dirac.,  Math. Proc. Cambridge Philos. Soc. 26, 376 (1930)
(1): F. Bloch.,  Z. Phys. 57, 545 (1929)
The density functional 'Becke 88' belongs to the 'GGA' family and is defined in the reference(s):
(0): A. D. Becke.,  Phys. Rev. A 38, 3098 (1988)
The density functional 'Vosko, Wilk & Nusair (VWN5_RPA)' belongs to the 'LDA' family and is defined in the reference(s):
(0): S. H. Vosko, L. Wilk, and M. Nusair.,  Can. J. Phys. 58, 1200 (1980)
The density functional 'Lee, Yang & Parr' belongs to the 'GGA' family and is defined in the reference(s):
(0): C. Lee, W. Yang, and R. G. Parr.,  Phys. Rev. B 37, 785 (1988)
(1): B. Miehlich, A. Savin, H. Stoll, and H. Preuss.,  Chem. Phys. Lett. 157, 200 (1989)
<start_mo> for the frozen-core post-SCF methods 10 is smaller than the number of ecp orbitals 14. Set <start_mo> = 0
Libxc version used in REST: 7.0.0
nbas: 33, natm: 3 for standard basis sets
First valence state for the frozen-core algorithm:     0
final nbas: 124,final natm: 6
numbasis: 93, num_auxbas: 361
Molecule_name: hobr
Restricted Hartree-Fock (or Kohn-Sham) algorithm is invoked.
Nuc_energy:      22.11088467 Hartree
No ghost effective potential
No ghost point charges
Overlap matrix is nonsigular:
  Lowest eigenvalue:       0.00274634 with the total number of basis functions:     93
Grid size: 45190
WARNNING: unknown initial_guess method (vasp), invoke the "hcore" method
homo: -6.408112757315951, lumo: -6.372154096624918
initial_energy: -61.960754896284655
The total energy:       -61.9607548963 Ha by the initial guess
Energy:     -64.3565654239 Ha after    1 iterations (in       0.07 seconds).
SCF Change: DM 5.61978e-2; eev  1.26823e1 Ha; etot  5.66636e0 Ha
Energy:     -58.6902050321 Ha after    2 iterations (in       0.06 seconds).
SCF Change: DM 2.39518e-2; eev  7.49532e0 Ha; etot -2.60506e1 Ha
Energy:     -84.7407631785 Ha after    3 iterations (in       0.06 seconds).
SCF Change: DM 1.43866e-2; eev  2.81092e0 Ha; etot -4.57543e0 Ha
Energy:     -89.3161896678 Ha after    4 iterations (in       0.06 seconds).
SCF Change: DM 6.36454e-3; eev  1.32916e0 Ha; etot -6.82417e-1 Ha
Energy:     -89.9986062992 Ha after    5 iterations (in       0.06 seconds).
SCF Change: DM 2.64832e-3; eev  1.00745e0 Ha; etot -2.45164e-1 Ha
Energy:     -90.2437699516 Ha after    6 iterations (in       0.07 seconds).
SCF Change: DM 8.21624e-4; eev 7.37585e-1 Ha; etot -7.48082e-3 Ha
Energy:     -90.2512507667 Ha after    7 iterations (in       0.06 seconds).
SCF Change: DM 2.72711e-4; eev 1.72457e-1 Ha; etot -9.20876e-3 Ha
Energy:     -90.2604595221 Ha after    8 iterations (in       0.07 seconds).
SCF Change: DM 3.37776e-4; eev 6.44818e-2 Ha; etot -1.19886e-3 Ha
Energy:     -90.2616583859 Ha after    9 iterations (in       0.07 seconds).
SCF Change: DM 5.50335e-5; eev 7.32392e-2 Ha; etot -8.51829e-4 Ha
Energy:     -90.2625102150 Ha after   10 iterations (in       0.07 seconds).
SCF Change: DM 1.46655e-5; eev 1.36761e-2 Ha; etot -1.17698e-5 Ha
Energy:     -90.2625219849 Ha after   11 iterations (in       0.06 seconds).
SCF Change: DM 1.76471e-6; eev 6.76812e-4 Ha; etot -4.05933e-7 Ha
Energy:     -90.2625223908 Ha after   12 iterations (in       0.06 seconds).
SCF Change: DM 3.90549e-7; eev 7.37721e-5 Ha; etot -7.17534e-9 Ha
Energy:     -90.2625223980 Ha after   13 iterations (in       0.06 seconds).
SCF Change: DM 1.28684e-7; eev 2.36466e-5 Ha; etot -7.51996e-10 Ha
Energy:     -90.2625223987 Ha after   14 iterations (in       0.06 seconds).
SCF Change: DM 2.43218e-8; eev 7.36607e-6 Ha; etot -3.76730e-11 Ha
Energy:     -90.2625223988 Ha after   15 iterations (in       0.06 seconds).
SCF Change: DM 3.91858e-9; eev 3.62094e-6 Ha; etot -1.60583e-12 Ha
Energy:     -90.2625223988 Ha after   16 iterations (in       0.06 seconds).
SCF Change: DM 7.93671e-10; eev 6.74561e-7 Ha; etot -4.83169e-13 Ha
Energy:     -90.2625223988 Ha after   17 iterations (in       0.06 seconds).
SCF is converged after   17 iterations.
==========================================
Now evaluate the    PT2 correlation energy
==========================================
----------------------------------------------------------------------
Methods         :       Total Corr,          OS Corr,          SS Corr
----------------------------------------------------------------------
PT2             :      -0.60898793,      -0.46635360,      -0.14263433
----------------------------------------------------------------------
Fifth-rung correlation energy :      -0.203516711539 Ha
E[XYGJOS]=:     -90.03809783 Ha, Ex[HF]:     -11.07213390 Ha, Ec[PT2  ]:      -0.60898793 Ha
Mulliken population analysis:
  0-O  :  -0.193755
  1-H  :   0.222588
  2-Br :  -0.028832

====================================================
              REST: Mission accomplished
====================================================
The SCF energy        :     -90.2625223988 Ha
The (R)-xDH energy    :     -90.0380978266 Ha
Detailed time report:
PT2       |:    0.105 s for the PT2 evaluation
Overall   |:    2.735 s for the whole job
SCF       |:    2.144 s for the scf procedure
