=========================================================
Input parameters for the REST calculation
=========================================================
Calculation type: Single-point energy
The exchange-correlation method: xygjos
Print level:                1
The number of threads used for parallelism:      4
The spheric-GTO basis set is taken from /home/symei/def2-TZVPP-revised
The pruning method is nwchem
The radial grid generation method is treutler
ERI Type: ri_v
Turn on the basis pair symmetry for RI 3D-tensors
The spheric-GTO auxiliary basis set is taken from /home/symei/def2-SV(P)-JKFIT
Spin polarization: On
Charge:   0; Spin:   2
min_num_angular_points: 110
max_num_angular_points: 590
hardness: 3
Grid generation level: 3
Even tempered basis generation: false
SCF convergency thresholds: 1e-6 for density matrix
                            1e-6 Ha. for sum of eigenvalues
                            1e-8 Ha. for total energy
Max. SCF cycle number:      250
The diis mixing with (param, max_vec_len) = (0.2, 8) is employed for the SCF procedure
Turn on the diis mixing after 1 step(s) of SCF iteractions with the linear mixing
The specified checkfile exists but is not loaded because the keyword 'external_init_guess' is specified
It will be updated after the SCF procedure 
(none)
Initial guess is prepared by (vasp).
It is a finite cluster calculation
the scf functional for 'xygjos' contains
The density functional 'B3LYP' belongs to the 'Hybrid GGA' family and is defined in the reference(s):
(0): P. J. Stephens, F. J. Devlin, C. F. Chabalowski, and M. J. Frisch.,  J. Phys. Chem. 98, 11623 (1994)
the post-scf functional 'xygjos' is employed, which contains
The density functional 'Slater exchange' belongs to the 'LDA' family and is defined in the reference(s):
(0): P. A. M. Dirac.,  Math. Proc. Cambridge Philos. Soc. 26, 376 (1930)
(1): F. Bloch.,  Z. Phys. 57, 545 (1929)
The density functional 'Becke 88' belongs to the 'GGA' family and is defined in the reference(s):
(0): A. D. Becke.,  Phys. Rev. A 38, 3098 (1988)
The density functional 'Vosko, Wilk & Nusair (VWN5_RPA)' belongs to the 'LDA' family and is defined in the reference(s):
(0): S. H. Vosko, L. Wilk, and M. Nusair.,  Can. J. Phys. 58, 1200 (1980)
The density functional 'Lee, Yang & Parr' belongs to the 'GGA' family and is defined in the reference(s):
(0): C. Lee, W. Yang, and R. G. Parr.,  Phys. Rev. B 37, 785 (1988)
(1): B. Miehlich, A. Savin, H. Stoll, and H. Preuss.,  Chem. Phys. Lett. 157, 200 (1989)
For SCF calculation, no core orbital is frozen by effective core potential (ECP) approximation
Libxc version used in REST: 7.0.0
nbas: 12, natm: 1 for standard basis sets
First valence state for the frozen-core algorithm:     5
final nbas: 46,final natm: 2
numbasis: 32, num_auxbas: 112
Molecule_name: na
Unrestricted Hartree-Fock (or Kohn-Sham) algorithm is invoked.
Nuc_energy:       0.00000000 Hartree
No ghost effective potential
No ghost point charges
Overlap matrix is nonsigular:
  Lowest eigenvalue:       0.10315853 with the total number of basis functions:     32
Grid size: 16888
WARNNING: unknown initial_guess method (vasp), invoke the "hcore" method
homo: -6.333821148336961, lumo: -6.33382114833696
initial_energy: -153.19761683606998
The total energy:      -153.1976168361 Ha by the initial guess
Energy:    -139.2308932079 Ha with <S^2> =  0.750 and <2S+1> =  2.000 after    1 iterations (in       0.02 seconds).
SCF Change: DM (9.31285e-2,4.10303e-2); eev  2.67637e1 Ha; etot -1.95549e1 Ha
Energy:    -158.7857721940 Ha with <S^2> =  0.751 and <2S+1> =  2.001 after    2 iterations (in       0.02 seconds).
SCF Change: DM (3.22517e-2,1.82712e-3); eev  2.34279e0 Ha; etot -3.49021e0 Ha
Energy:    -162.2759796250 Ha with <S^2> =  0.750 and <2S+1> =  2.000 after    3 iterations (in       0.02 seconds).
SCF Change: DM (6.85738e-3,3.27399e-4); eev 5.97937e-2 Ha; etot -1.46565e-2 Ha
Energy:    -162.2906360984 Ha with <S^2> =  0.750 and <2S+1> =  2.000 after    4 iterations (in       0.02 seconds).
SCF Change: DM (7.16018e-4,1.17889e-5); eev 2.39726e-2 Ha; etot -6.35815e-4 Ha
Energy:    -162.2912719135 Ha with <S^2> =  0.750 and <2S+1> =  2.000 after    5 iterations (in       0.01 seconds).
SCF Change: DM (1.37517e-4,5.24084e-6); eev 8.10013e-3 Ha; etot -6.52476e-6 Ha
Energy:    -162.2912784383 Ha with <S^2> =  0.750 and <2S+1> =  2.000 after    6 iterations (in       0.02 seconds).
SCF Change: DM (1.92125e-6,6.07158e-7); eev 6.56271e-5 Ha; etot -2.73258e-7 Ha
Energy:    -162.2912787115 Ha with <S^2> =  0.750 and <2S+1> =  2.000 after    7 iterations (in       0.02 seconds).
SCF Change: DM (1.96383e-6,5.56671e-8); eev 9.44692e-5 Ha; etot -7.18302e-10 Ha
Energy:    -162.2912787123 Ha with <S^2> =  0.750 and <2S+1> =  2.000 after    8 iterations (in       0.02 seconds).
SCF Change: DM (4.82256e-8,1.65578e-9); eev 1.01489e-6 Ha; etot -5.01075e-11 Ha
Energy:    -162.2912787123 Ha with <S^2> =  0.750 and <2S+1> =  2.000 after    9 iterations (in       0.02 seconds).
SCF Change: DM (6.27935e-9,6.13093e-10); eev 7.27616e-8 Ha; etot -3.12639e-13 Ha
Energy:    -162.2912787123 Ha with <S^2> =  0.750 and <2S+1> =  2.000 after   10 iterations (in       0.01 seconds).
SCF is converged after   10 iterations.
==========================================
Now evaluate the    PT2 correlation energy
==========================================
----------------------------------------------------------------------
Methods         :       Total Corr,          OS Corr,          SS Corr
----------------------------------------------------------------------
PT2             :       0.00000000,       0.00000000,       0.00000000
----------------------------------------------------------------------
Fifth-rung correlation energy :       0.000000000000 Ha
E[XYGJOS]=:    -161.92082185 Ha, Ex[HF]:     -13.98503669 Ha, Ec[PT2  ]:       0.00000000 Ha
Mulliken population analysis:
  0-Na :  -0.000000

====================================================
              REST: Mission accomplished
====================================================
The SCF energy        :    -162.2912787123 Ha
The (R)-xDH energy    :    -161.9208218520 Ha
Detailed time report:
SCF       |:    0.369 s for the scf procedure
PT2       |:    0.058 s for the PT2 evaluation
Overall   |:    0.945 s for the whole job
