=========================================================
Input parameters for the REST calculation
=========================================================
Calculation type: Single-point energy
The exchange-correlation method: xygjos
Print level:                1
The number of threads used for parallelism:      4
The spheric-GTO basis set is taken from /home/symei/def2-TZVPP-revised
The pruning method is nwchem
The radial grid generation method is treutler
ERI Type: ri_v
Turn on the basis pair symmetry for RI 3D-tensors
The spheric-GTO auxiliary basis set is taken from /home/symei/def2-SV(P)-JKFIT
Spin polarization: On
Charge:   0; Spin:   4
min_num_angular_points: 110
max_num_angular_points: 590
hardness: 3
Grid generation level: 3
Even tempered basis generation: false
SCF convergency thresholds: 1e-6 for density matrix
                            1e-6 Ha. for sum of eigenvalues
                            1e-8 Ha. for total energy
Max. SCF cycle number:      250
The diis mixing with (param, max_vec_len) = (0.2, 8) is employed for the SCF procedure
Turn on the diis mixing after 1 step(s) of SCF iteractions with the linear mixing
The specified checkfile exists but is not loaded because the keyword 'external_init_guess' is specified
It will be updated after the SCF procedure 
(none)
Initial guess is prepared by (vasp).
It is a finite cluster calculation
the scf functional for 'xygjos' contains
The density functional 'B3LYP' belongs to the 'Hybrid GGA' family and is defined in the reference(s):
(0): P. J. Stephens, F. J. Devlin, C. F. Chabalowski, and M. J. Frisch.,  J. Phys. Chem. 98, 11623 (1994)
the post-scf functional 'xygjos' is employed, which contains
The density functional 'Slater exchange' belongs to the 'LDA' family and is defined in the reference(s):
(0): P. A. M. Dirac.,  Math. Proc. Cambridge Philos. Soc. 26, 376 (1930)
(1): F. Bloch.,  Z. Phys. 57, 545 (1929)
The density functional 'Becke 88' belongs to the 'GGA' family and is defined in the reference(s):
(0): A. D. Becke.,  Phys. Rev. A 38, 3098 (1988)
The density functional 'Vosko, Wilk & Nusair (VWN5_RPA)' belongs to the 'LDA' family and is defined in the reference(s):
(0): S. H. Vosko, L. Wilk, and M. Nusair.,  Can. J. Phys. 58, 1200 (1980)
The density functional 'Lee, Yang & Parr' belongs to the 'GGA' family and is defined in the reference(s):
(0): C. Lee, W. Yang, and R. G. Parr.,  Phys. Rev. B 37, 785 (1988)
(1): B. Miehlich, A. Savin, H. Stoll, and H. Preuss.,  Chem. Phys. Lett. 157, 200 (1989)
For SCF calculation, no core orbital is frozen by effective core potential (ECP) approximation
Libxc version used in REST: 7.0.0
nbas: 14, natm: 1 for standard basis sets
First valence state for the frozen-core algorithm:     5
final nbas: 52,final natm: 2
numbasis: 42, num_auxbas: 128
Molecule_name: p
Unrestricted Hartree-Fock (or Kohn-Sham) algorithm is invoked.
Nuc_energy:       0.00000000 Hartree
No ghost effective potential
No ghost point charges
Overlap matrix is nonsigular:
  Lowest eigenvalue:       0.05460075 with the total number of basis functions:     42
Grid size: 18880
WARNNING: unknown initial_guess method (vasp), invoke the "hcore" method
homo: -11.788801469215226, lumo: -11.788801469215224
initial_energy: -309.7574821350155
The total energy:      -309.7574821350 Ha by the initial guess
Energy:    -323.7671535018 Ha with <S^2> =  3.750 and <2S+1> =  4.000 after    1 iterations (in       0.04 seconds).
SCF Change: DM (6.86211e-2,5.58903e-2); eev  2.91881e1 Ha; etot -1.30720e1 Ha
Energy:    -336.8391035261 Ha with <S^2> =  3.758 and <2S+1> =  4.004 after    2 iterations (in       0.02 seconds).
SCF Change: DM (2.32204e-2,1.96541e-2); eev  6.24718e0 Ha; etot -3.99527e0 Ha
Energy:    -340.8343714993 Ha with <S^2> =  3.750 and <2S+1> =  4.000 after    3 iterations (in       0.02 seconds).
SCF Change: DM (1.83067e-3,1.61653e-3); eev 6.01479e-1 Ha; etot -4.45060e-1 Ha
Energy:    -341.2794313338 Ha with <S^2> =  3.750 and <2S+1> =  4.000 after    4 iterations (in       0.03 seconds).
SCF Change: DM (8.65898e-4,8.59467e-4); eev 2.25562e-1 Ha; etot -8.31645e-4 Ha
Energy:    -341.2802629787 Ha with <S^2> =  3.750 and <2S+1> =  4.000 after    5 iterations (in       0.02 seconds).
SCF Change: DM (1.01429e-5,1.78314e-6); eev 2.28137e-3 Ha; etot -3.86103e-4 Ha
Energy:    -341.2806490822 Ha with <S^2> =  3.750 and <2S+1> =  4.000 after    6 iterations (in       0.02 seconds).
SCF Change: DM (1.60938e-6,4.68497e-7); eev 3.17703e-4 Ha; etot -4.56378e-8 Ha
Energy:    -341.2806491278 Ha with <S^2> =  3.750 and <2S+1> =  4.000 after    7 iterations (in       0.03 seconds).
SCF Change: DM (4.63678e-8,6.37091e-8); eev 1.59303e-6 Ha; etot -1.28369e-9 Ha
Energy:    -341.2806491291 Ha with <S^2> =  3.750 and <2S+1> =  4.000 after    8 iterations (in       0.03 seconds).
SCF Change: DM (4.77640e-9,8.17067e-9); eev 1.34451e-7 Ha; etot -7.95808e-13 Ha
Energy:    -341.2806491291 Ha with <S^2> =  3.750 and <2S+1> =  4.000 after    9 iterations (in       0.02 seconds).
SCF is converged after    9 iterations.
==========================================
Now evaluate the    PT2 correlation energy
==========================================
----------------------------------------------------------------------
Methods         :       Total Corr,          OS Corr,          SS Corr
----------------------------------------------------------------------
PT2             :      -0.12483520,      -0.09058594,      -0.03424926
----------------------------------------------------------------------
Fifth-rung correlation energy :      -0.039531706132 Ha
E[XYGJOS]=:    -340.81096435 Ha, Ex[HF]:     -22.62559216 Ha, Ec[PT2  ]:      -0.12483520 Ha
Mulliken population analysis:
  0-P  :  -0.000000

====================================================
              REST: Mission accomplished
====================================================
The SCF energy        :    -341.2806491291 Ha
The (R)-xDH energy    :    -340.8109643504 Ha
Detailed time report:
Overall   |:    1.012 s for the whole job
SCF       |:    0.478 s for the scf procedure
PT2       |:    0.064 s for the PT2 evaluation
