=========================================================
Input parameters for the REST calculation
=========================================================
Calculation type: Single-point energy
The exchange-correlation method: xygjos
Print level:                1
The number of threads used for parallelism:      4
The spheric-GTO basis set is taken from /home/symei/def2-TZVPP-revised
The pruning method is nwchem
The radial grid generation method is treutler
ERI Type: ri_v
Turn on the basis pair symmetry for RI 3D-tensors
The spheric-GTO auxiliary basis set is taken from /home/symei/def2-SV(P)-JKFIT
Spin polarization: Off
Charge:   0; Spin:   1
min_num_angular_points: 110
max_num_angular_points: 590
hardness: 3
Grid generation level: 3
Even tempered basis generation: false
SCF convergency thresholds: 1e-6 for density matrix
                            1e-6 Ha. for sum of eigenvalues
                            1e-8 Ha. for total energy
Max. SCF cycle number:      250
The diis mixing with (param, max_vec_len) = (0.2, 8) is employed for the SCF procedure
Turn on the diis mixing after 1 step(s) of SCF iteractions with the linear mixing
The specified checkfile exists but is not loaded because the keyword 'external_init_guess' is specified
It will be updated after the SCF procedure 
(none)
Initial guess is prepared by (vasp).
It is a finite cluster calculation
the scf functional for 'xygjos' contains
The density functional 'B3LYP' belongs to the 'Hybrid GGA' family and is defined in the reference(s):
(0): P. J. Stephens, F. J. Devlin, C. F. Chabalowski, and M. J. Frisch.,  J. Phys. Chem. 98, 11623 (1994)
the post-scf functional 'xygjos' is employed, which contains
The density functional 'Slater exchange' belongs to the 'LDA' family and is defined in the reference(s):
(0): P. A. M. Dirac.,  Math. Proc. Cambridge Philos. Soc. 26, 376 (1930)
(1): F. Bloch.,  Z. Phys. 57, 545 (1929)
The density functional 'Becke 88' belongs to the 'GGA' family and is defined in the reference(s):
(0): A. D. Becke.,  Phys. Rev. A 38, 3098 (1988)
The density functional 'Vosko, Wilk & Nusair (VWN5_RPA)' belongs to the 'LDA' family and is defined in the reference(s):
(0): S. H. Vosko, L. Wilk, and M. Nusair.,  Can. J. Phys. 58, 1200 (1980)
The density functional 'Lee, Yang & Parr' belongs to the 'GGA' family and is defined in the reference(s):
(0): C. Lee, W. Yang, and R. G. Parr.,  Phys. Rev. B 37, 785 (1988)
(1): B. Miehlich, A. Savin, H. Stoll, and H. Preuss.,  Chem. Phys. Lett. 157, 200 (1989)
<start_mo> for the frozen-core post-SCF methods 32 is smaller than the number of ecp orbitals 42. Set <start_mo> = 0
Libxc version used in REST: 7.0.0
nbas: 62, natm: 4 for standard basis sets
First valence state for the frozen-core algorithm:     0
final nbas: 280,final natm: 8
numbasis: 186, num_auxbas: 926
Molecule_name: pbr3
Restricted Hartree-Fock (or Kohn-Sham) algorithm is invoked.
Nuc_energy:      96.23040328 Hartree
No ghost effective potential
No ghost point charges
Overlap matrix is nonsigular:
  Lowest eigenvalue:       0.00424592 with the total number of basis functions:    186
Grid size: 81592
WARNNING: unknown initial_guess method (vasp), invoke the "hcore" method
homo: -11.653480633574825, lumo: -11.653480614206673
initial_energy: -118.22879848183706
The total energy:      -118.2287984818 Ha by the initial guess
Energy:    -249.9117962958 Ha after    1 iterations (in       0.35 seconds).
SCF Change: DM 7.32484e-2; eev  3.54385e1 Ha; etot  1.05902e2 Ha
Energy:    -144.0094918379 Ha after    2 iterations (in       0.35 seconds).
SCF Change: DM 1.78472e-2; eev  6.27955e0 Ha; etot -1.86423e2 Ha
Energy:    -330.4322172258 Ha after    3 iterations (in       0.35 seconds).
SCF Change: DM 1.17463e-2; eev  4.83201e0 Ha; etot -3.50686e1 Ha
Energy:    -365.5007829769 Ha after    4 iterations (in       0.29 seconds).
SCF Change: DM 1.65778e-2; eev  2.14468e0 Ha; etot -4.28354e0 Ha
Energy:    -369.7843261063 Ha after    5 iterations (in       0.32 seconds).
SCF Change: DM 2.35797e-2; eev  5.46920e0 Ha; etot -4.96389e0 Ha
Energy:    -374.7482127418 Ha after    6 iterations (in       0.30 seconds).
SCF Change: DM 1.64995e-2; eev  3.23037e0 Ha; etot -7.80018e0 Ha
Energy:    -382.5483956244 Ha after    7 iterations (in       0.29 seconds).
SCF Change: DM 7.88735e-3; eev  1.45969e0 Ha; etot -1.34468e0 Ha
Energy:    -383.8930739784 Ha after    8 iterations (in       0.31 seconds).
SCF Change: DM 3.28208e-3; eev  1.12900e0 Ha; etot -9.16188e-1 Ha
Energy:    -384.8092620226 Ha after    9 iterations (in       0.31 seconds).
SCF Change: DM 5.43934e-4; eev 6.07524e-1 Ha; etot -7.98298e-2 Ha
Energy:    -384.8890918439 Ha after   10 iterations (in       0.31 seconds).
SCF Change: DM 2.09959e-4; eev 6.83778e-2 Ha; etot -8.78013e-4 Ha
Energy:    -384.8899698572 Ha after   11 iterations (in       0.35 seconds).
SCF Change: DM 1.67023e-5; eev 1.08038e-2 Ha; etot -4.55743e-4 Ha
Energy:    -384.8904256002 Ha after   12 iterations (in       0.35 seconds).
SCF Change: DM 3.45176e-6; eev 3.66034e-3 Ha; etot -3.25644e-6 Ha
Energy:    -384.8904288566 Ha after   13 iterations (in       0.34 seconds).
SCF Change: DM 1.22508e-6; eev 1.62105e-3 Ha; etot -1.45352e-7 Ha
Energy:    -384.8904290020 Ha after   14 iterations (in       0.33 seconds).
SCF Change: DM 3.21165e-7; eev 3.28079e-4 Ha; etot -7.81495e-9 Ha
Energy:    -384.8904290098 Ha after   15 iterations (in       0.34 seconds).
SCF Change: DM 6.69048e-8; eev 5.58816e-5 Ha; etot -1.03194e-9 Ha
Energy:    -384.8904290108 Ha after   16 iterations (in       0.33 seconds).
SCF Change: DM 1.49797e-8; eev 2.07370e-5 Ha; etot -5.22959e-11 Ha
Energy:    -384.8904290109 Ha after   17 iterations (in       0.33 seconds).
SCF Change: DM 3.48965e-9; eev 2.65790e-6 Ha; etot 7.84439e-12 Ha
Energy:    -384.8904290109 Ha after   18 iterations (in       0.38 seconds).
SCF Change: DM 8.82305e-10; eev 8.46462e-7 Ha; etot -3.35376e-12 Ha
Energy:    -384.8904290109 Ha after   19 iterations (in       0.36 seconds).
SCF is converged after   19 iterations.
==========================================
Now evaluate the    PT2 correlation energy
==========================================
----------------------------------------------------------------------
Methods         :       Total Corr,          OS Corr,          SS Corr
----------------------------------------------------------------------
PT2             :      -1.07354271,      -0.80503041,      -0.26851230
----------------------------------------------------------------------
Fifth-rung correlation energy :      -0.351315270674 Ha
E[XYGJOS]=:    -384.33070377 Ha, Ex[HF]:     -30.33372240 Ha, Ec[PT2  ]:      -1.07354271 Ha
Mulliken population analysis:
  0-P  :   0.627323
  1-Br :  -0.209109
  2-Br :  -0.209107
  3-Br :  -0.209107

====================================================
              REST: Mission accomplished
====================================================
The SCF energy        :    -384.8904290109 Ha
The (R)-xDH energy    :    -384.3307037706 Ha
Detailed time report:
PT2       |:    0.508 s for the PT2 evaluation
SCF       |:   10.362 s for the scf procedure
Overall   |:   11.398 s for the whole job
