=========================================================
Input parameters for the REST calculation
=========================================================
Calculation type: Single-point energy
The exchange-correlation method: xygjos
Print level:                1
The number of threads used for parallelism:      4
The spheric-GTO basis set is taken from /home/symei/def2-TZVPP-revised
The pruning method is nwchem
The radial grid generation method is treutler
ERI Type: ri_v
Turn on the basis pair symmetry for RI 3D-tensors
The spheric-GTO auxiliary basis set is taken from /home/symei/def2-SV(P)-JKFIT
Spin polarization: Off
Charge:   0; Spin:   1
min_num_angular_points: 110
max_num_angular_points: 590
hardness: 3
Grid generation level: 3
Even tempered basis generation: false
SCF convergency thresholds: 1e-6 for density matrix
                            1e-6 Ha. for sum of eigenvalues
                            1e-8 Ha. for total energy
Max. SCF cycle number:      250
The diis mixing with (param, max_vec_len) = (0.2, 8) is employed for the SCF procedure
Turn on the diis mixing after 1 step(s) of SCF iteractions with the linear mixing
The specified checkfile exists but is not loaded because the keyword 'external_init_guess' is specified
It will be updated after the SCF procedure 
(none)
Initial guess is prepared by (vasp).
It is a finite cluster calculation
the scf functional for 'xygjos' contains
The density functional 'B3LYP' belongs to the 'Hybrid GGA' family and is defined in the reference(s):
(0): P. J. Stephens, F. J. Devlin, C. F. Chabalowski, and M. J. Frisch.,  J. Phys. Chem. 98, 11623 (1994)
the post-scf functional 'xygjos' is employed, which contains
The density functional 'Slater exchange' belongs to the 'LDA' family and is defined in the reference(s):
(0): P. A. M. Dirac.,  Math. Proc. Cambridge Philos. Soc. 26, 376 (1930)
(1): F. Bloch.,  Z. Phys. 57, 545 (1929)
The density functional 'Becke 88' belongs to the 'GGA' family and is defined in the reference(s):
(0): A. D. Becke.,  Phys. Rev. A 38, 3098 (1988)
The density functional 'Vosko, Wilk & Nusair (VWN5_RPA)' belongs to the 'LDA' family and is defined in the reference(s):
(0): S. H. Vosko, L. Wilk, and M. Nusair.,  Can. J. Phys. 58, 1200 (1980)
The density functional 'Lee, Yang & Parr' belongs to the 'GGA' family and is defined in the reference(s):
(0): C. Lee, W. Yang, and R. G. Parr.,  Phys. Rev. B 37, 785 (1988)
(1): B. Miehlich, A. Savin, H. Stoll, and H. Preuss.,  Chem. Phys. Lett. 157, 200 (1989)
<start_mo> for the frozen-core post-SCF methods 15 is larger than the number of ecp orbitals 14. Take the <start_mo> -= ecp_orbitals
Libxc version used in REST: 7.0.0
nbas: 148, natm: 18 for standard basis sets
First valence state for the frozen-core algorithm:     1
final nbas: 424,final natm: 36
numbasis: 388, num_auxbas: 914
Molecule_name: ring-c6br1
Restricted Hartree-Fock (or Kohn-Sham) algorithm is invoked.
Nuc_energy:     298.16491839 Hartree
No ghost effective potential
No ghost point charges
Overlap matrix is nonsigular:
  Lowest eigenvalue:       0.00009141 with the total number of basis functions:    388
Grid size: 214580
WARNNING: unknown initial_guess method (vasp), invoke the "hcore" method
homo: -15.502254372452569, lumo: -15.43339015117362
initial_energy: -160.59571599133017
The total energy:      -160.5957159913 Ha by the initial guess
Energy:     -39.5587955502 Ha after    1 iterations (in       1.54 seconds).
SCF Change: DM 5.15615e-2; eev  4.74295e1 Ha; etot -1.07755e2 Ha
Energy:    -147.3133970290 Ha after    2 iterations (in       1.54 seconds).
SCF Change: DM 3.20570e-1; eev  2.57569e1 Ha; etot -7.01370e1 Ha
Energy:    -217.4503713242 Ha after    3 iterations (in       1.52 seconds).
SCF Change: DM 4.61754e-1; eev  8.94833e0 Ha; etot  5.08181e0 Ha
Energy:    -212.3685614693 Ha after    4 iterations (in       1.51 seconds).
SCF Change: DM 3.72428e-1; eev  2.94968e0 Ha; etot  7.23724e0 Ha
Energy:    -205.1313228521 Ha after    5 iterations (in       1.60 seconds).
SCF Change: DM 5.15937e-3; eev  5.26114e0 Ha; etot -4.36209e1 Ha
Energy:    -248.7522713425 Ha after    6 iterations (in       1.51 seconds).
SCF Change: DM 1.91124e-3; eev  2.33590e0 Ha; etot -7.81836e-1 Ha
Energy:    -249.5341072116 Ha after    7 iterations (in       1.56 seconds).
SCF Change: DM 1.73569e-3; eev  1.29394e0 Ha; etot -1.71579e-1 Ha
Energy:    -249.7056861888 Ha after    8 iterations (in       1.52 seconds).
SCF Change: DM 1.23297e-3; eev 4.80224e-1 Ha; etot -1.17102e-1 Ha
Energy:    -249.8227880354 Ha after    9 iterations (in       1.46 seconds).
SCF Change: DM 2.78004e-4; eev 1.21158e-1 Ha; etot -3.58621e-2 Ha
Energy:    -249.8586501822 Ha after   10 iterations (in       1.57 seconds).
SCF Change: DM 1.25819e-4; eev 6.39931e-2 Ha; etot -3.43644e-3 Ha
Energy:    -249.8620866220 Ha after   11 iterations (in       1.57 seconds).
SCF Change: DM 4.04487e-5; eev 3.62270e-2 Ha; etot -3.47855e-4 Ha
Energy:    -249.8624344772 Ha after   12 iterations (in       1.50 seconds).
SCF Change: DM 1.51041e-5; eev 9.04086e-3 Ha; etot -3.26528e-5 Ha
Energy:    -249.8624671300 Ha after   13 iterations (in       1.43 seconds).
SCF Change: DM 3.03773e-6; eev 9.39501e-4 Ha; etot -4.71465e-6 Ha
Energy:    -249.8624718446 Ha after   14 iterations (in       1.43 seconds).
SCF Change: DM 5.66263e-7; eev 3.60069e-4 Ha; etot -1.59470e-7 Ha
Energy:    -249.8624720041 Ha after   15 iterations (in       1.42 seconds).
SCF Change: DM 1.71037e-7; eev 1.18619e-4 Ha; etot -8.34137e-9 Ha
Energy:    -249.8624720124 Ha after   16 iterations (in       1.43 seconds).
SCF Change: DM 4.77937e-8; eev 2.76254e-5 Ha; etot -2.66652e-10 Ha
Energy:    -249.8624720127 Ha after   17 iterations (in       1.42 seconds).
SCF Change: DM 9.47296e-9; eev 8.98622e-6 Ha; etot -7.03722e-11 Ha
Energy:    -249.8624720128 Ha after   18 iterations (in       1.46 seconds).
SCF Change: DM 2.40639e-9; eev 8.49343e-7 Ha; etot 7.38964e-12 Ha
Energy:    -249.8624720128 Ha after   19 iterations (in       1.45 seconds).
SCF is converged after   19 iterations.
==========================================
Now evaluate the    PT2 correlation energy
==========================================
----------------------------------------------------------------------
Methods         :       Total Corr,          OS Corr,          SS Corr
----------------------------------------------------------------------
PT2             :      -1.77960328,      -1.37031732,      -0.40928596
----------------------------------------------------------------------
Fifth-rung correlation energy :      -0.598006480501 Ha
E[XYGJOS]=:    -249.15968714 Ha, Ex[HF]:     -37.66812988 Ha, Ec[PT2  ]:      -1.77960328 Ha
Mulliken population analysis:
  0-C  :  -0.132607
  1-C  :  -0.023889
  2-C  :  -0.132607
  3-C  :  -0.135500
  4-C  :  -0.112372
  5-C  :  -0.135501
  6-H  :   0.092636
  7-H  :   0.122197
  8-H  :   0.078045
  9-H  :   0.092636
 10-H  :   0.064955
 11-H  :   0.081306
 12-H  :   0.074352
 13-H  :   0.060968
 14-H  :   0.064955
 15-H  :   0.081307
 16-H  :   0.078045
 17-Br :  -0.218925

====================================================
              REST: Mission accomplished
====================================================
The SCF energy        :    -249.8624720128 Ha
The (R)-xDH energy    :    -249.1596871387 Ha
Detailed time report:
SCF       |:   43.491 s for the scf procedure
PT2       |:    2.673 s for the PT2 evaluation
Overall   |:   46.645 s for the whole job
