=========================================================
Input parameters for the REST calculation
=========================================================
Calculation type: Single-point energy
The exchange-correlation method: xygjos
Print level:                1
The number of threads used for parallelism:      4
The spheric-GTO basis set is taken from /home/symei/def2-TZVPP-revised
The pruning method is nwchem
The radial grid generation method is treutler
ERI Type: ri_v
Turn on the basis pair symmetry for RI 3D-tensors
The spheric-GTO auxiliary basis set is taken from /home/symei/def2-SV(P)-JKFIT
Spin polarization: Off
Charge:   0; Spin:   1
min_num_angular_points: 110
max_num_angular_points: 590
hardness: 3
Grid generation level: 3
Even tempered basis generation: false
SCF convergency thresholds: 1e-6 for density matrix
                            1e-6 Ha. for sum of eigenvalues
                            1e-8 Ha. for total energy
Max. SCF cycle number:      250
The diis mixing with (param, max_vec_len) = (0.2, 8) is employed for the SCF procedure
Turn on the diis mixing after 1 step(s) of SCF iteractions with the linear mixing
The specified checkfile exists but is not loaded because the keyword 'external_init_guess' is specified
It will be updated after the SCF procedure 
(none)
Initial guess is prepared by (vasp).
It is a finite cluster calculation
the scf functional for 'xygjos' contains
The density functional 'B3LYP' belongs to the 'Hybrid GGA' family and is defined in the reference(s):
(0): P. J. Stephens, F. J. Devlin, C. F. Chabalowski, and M. J. Frisch.,  J. Phys. Chem. 98, 11623 (1994)
the post-scf functional 'xygjos' is employed, which contains
The density functional 'Slater exchange' belongs to the 'LDA' family and is defined in the reference(s):
(0): P. A. M. Dirac.,  Math. Proc. Cambridge Philos. Soc. 26, 376 (1930)
(1): F. Bloch.,  Z. Phys. 57, 545 (1929)
The density functional 'Becke 88' belongs to the 'GGA' family and is defined in the reference(s):
(0): A. D. Becke.,  Phys. Rev. A 38, 3098 (1988)
The density functional 'Vosko, Wilk & Nusair (VWN5_RPA)' belongs to the 'LDA' family and is defined in the reference(s):
(0): S. H. Vosko, L. Wilk, and M. Nusair.,  Can. J. Phys. 58, 1200 (1980)
The density functional 'Lee, Yang & Parr' belongs to the 'GGA' family and is defined in the reference(s):
(0): C. Lee, W. Yang, and R. G. Parr.,  Phys. Rev. B 37, 785 (1988)
(1): B. Miehlich, A. Savin, H. Stoll, and H. Preuss.,  Chem. Phys. Lett. 157, 200 (1989)
For SCF calculation, no core orbital is frozen by effective core potential (ECP) approximation
Libxc version used in REST: 7.0.0
nbas: 138, natm: 18 for standard basis sets
First valence state for the frozen-core algorithm:     6
final nbas: 360,final natm: 36
numbasis: 354, num_auxbas: 666
Molecule_name: ring-c6
Restricted Hartree-Fock (or Kohn-Sham) algorithm is invoked.
Nuc_energy:     255.75499495 Hartree
No ghost effective potential
No ghost point charges
Overlap matrix is nonsigular:
  Lowest eigenvalue:       0.00011022 with the total number of basis functions:    354
Grid size: 203700
WARNNING: unknown initial_guess method (vasp), invoke the "hcore" method
homo: -14.959119920855832, lumo: -14.577144539350748
initial_energy: -175.59579283968347
The total energy:      -175.5957928397 Ha by the initial guess
Energy:    -183.3582476193 Ha after    1 iterations (in       1.11 seconds).
SCF Change: DM 3.78281e-2; eev  2.64518e1 Ha; etot -1.16322e1 Ha
Energy:    -194.9904072788 Ha after    2 iterations (in       1.16 seconds).
SCF Change: DM 7.82054e-3; eev  1.11649e1 Ha; etot -3.57001e1 Ha
Energy:    -230.6904756684 Ha after    3 iterations (in       1.09 seconds).
SCF Change: DM 2.21673e-3; eev  1.57614e0 Ha; etot -2.96988e0 Ha
Energy:    -233.6603552363 Ha after    4 iterations (in       1.10 seconds).
SCF Change: DM 3.44017e-3; eev  5.62759e0 Ha; etot -4.58302e-1 Ha
Energy:    -234.1186574813 Ha after    5 iterations (in       1.10 seconds).
SCF Change: DM 2.69986e-3; eev  2.15077e0 Ha; etot -1.62694e0 Ha
Energy:    -235.7455994002 Ha after    6 iterations (in       1.13 seconds).
SCF Change: DM 2.03942e-4; eev 9.09383e-2 Ha; etot -2.23400e-1 Ha
Energy:    -235.9689995390 Ha after    7 iterations (in       1.16 seconds).
SCF Change: DM 4.45378e-5; eev 3.69733e-2 Ha; etot -2.69410e-3 Ha
Energy:    -235.9716936389 Ha after    8 iterations (in       1.19 seconds).
SCF Change: DM 8.97473e-6; eev 5.75219e-3 Ha; etot -1.07256e-4 Ha
Energy:    -235.9718008954 Ha after    9 iterations (in       1.19 seconds).
SCF Change: DM 2.50780e-6; eev 1.19740e-3 Ha; etot -5.24962e-6 Ha
Energy:    -235.9718061450 Ha after   10 iterations (in       1.17 seconds).
SCF Change: DM 1.47123e-7; eev 3.65600e-5 Ha; etot -2.04004e-7 Ha
Energy:    -235.9718063490 Ha after   11 iterations (in       1.16 seconds).
SCF Change: DM 4.70274e-8; eev 2.59652e-6 Ha; etot -8.09735e-11 Ha
Energy:    -235.9718063491 Ha after   12 iterations (in       1.15 seconds).
SCF Change: DM 1.03118e-8; eev 2.60465e-6 Ha; etot -8.89315e-11 Ha
Energy:    -235.9718063492 Ha after   13 iterations (in       1.14 seconds).
SCF Change: DM 1.44148e-9; eev 3.31309e-7 Ha; etot 4.12115e-12 Ha
Energy:    -235.9718063491 Ha after   14 iterations (in       1.19 seconds).
SCF is converged after   14 iterations.
==========================================
Now evaluate the    PT2 correlation energy
==========================================
----------------------------------------------------------------------
Methods         :       Total Corr,          OS Corr,          SS Corr
----------------------------------------------------------------------
PT2             :      -1.46560624,      -1.12284669,      -0.34275955
----------------------------------------------------------------------
Fifth-rung correlation energy :      -0.490010297438 Ha
E[XYGJOS]=:    -235.26971955 Ha, Ex[HF]:     -35.45474823 Ha, Ec[PT2  ]:      -1.46560624 Ha
Mulliken population analysis:
  0-C  :  -0.113400
  1-C  :  -0.112639
  2-C  :  -0.113325
  3-C  :  -0.113399
  4-C  :  -0.112639
  5-C  :  -0.113330
  6-H  :   0.063545
  7-H  :   0.049667
  8-H  :   0.063297
  9-H  :   0.049601
 10-H  :   0.063603
 11-H  :   0.049599
 12-H  :   0.063605
 13-H  :   0.063296
 14-H  :   0.049668
 15-H  :   0.049655
 16-H  :   0.063544
 17-H  :   0.049651

====================================================
              REST: Mission accomplished
====================================================
The SCF energy        :    -235.9718063491 Ha
The (R)-xDH energy    :    -235.2697195533 Ha
Detailed time report:
PT2       |:    1.663 s for the PT2 evaluation
Overall   |:   29.634 s for the whole job
SCF       |:   27.519 s for the scf procedure
