Sender: LSF System <lsfadmin@xc05n02>
Subject: Job 957732: <pseudo_fit> in cluster <xdft1> Done

Job <pseudo_fit> was submitted from host <xc03n08> by user <symei> in cluster <xdft1> at Wed Jul 30 07:49:43 2025
Job was executed on host(s) <3*xc05n02>, in queue <small>, as user <symei> in cluster <xdft1> at Wed Jul 30 07:49:44 2025
</share/home/symei> was used as the home directory.
</share/home/symei/comp/pp-fit/br-revised> was used as the working directory.
Started at Wed Jul 30 07:49:44 2025
Terminated at Wed Jul 30 07:49:48 2025
Results reported at Wed Jul 30 07:49:48 2025

Your job looked like:

------------------------------------------------------------
# LSBATCH: User input
#! /usr/bin/env bash

#BSUB -q small      # 替换为实际队列名（如 normal、cpu、gpu等）
#BSUB -J pseudo_fit         # 作业名称
#BSUB -n 3              # 申请 8 个 CPU 核心
#BSUB -R "span[ptile=16]" # 限制在单节点运行
#BSUB -o %J.out         # 输出日志文件
#BSUB -e %J.err         # 错误日志文件

export ROOT_PATH=/share/home/symei/pseudo_fitting
export FITTING_PATH=${ROOT_PATH}/DFT_Fit
export IGOR_MODULES_PATH=${ROOT_PATH}/Modules

nohup python $FITTING_PATH/DFT_Fit.py br-revised.ctl

------------------------------------------------------------

Successfully completed.

Resource usage summary:

    CPU time :                                   1.09 sec.
    Max Memory :                                 35 MB
    Average Memory :                             28.75 MB
    Total Requested Memory :                     -
    Delta Memory :                               -
    Max Swap :                                   -
    Max Processes :                              4
    Max Threads :                                5
    Run time :                                   3 sec.
    Turnaround time :                            5 sec.

The output (if any) follows:



PS:

Read file <957732.err> for stderr output of this job.

