=========================================================
Input parameters for the REST calculation
=========================================================
Calculation type: Single-point energy
The exchange-correlation method: xygjos
Print level:                1
The number of threads used for parallelism:      4
The spheric-GTO basis set is taken from /home/symei/def2-TZVPP-ptype
The pruning method is nwchem
The radial grid generation method is treutler
ERI Type: ri_v
Turn on the basis pair symmetry for RI 3D-tensors
The spheric-GTO auxiliary basis set is taken from /home/symei/def2-SV(P)-JKFIT
Spin polarization: Off
Charge:   0; Spin:   1
min_num_angular_points: 110
max_num_angular_points: 590
hardness: 3
Grid generation level: 3
Even tempered basis generation: false
SCF convergency thresholds: 1e-8 for density matrix
                            1e-8 Ha. for sum of eigenvalues
                            1e-8 Ha. for total energy
Max. SCF cycle number:      250
The diis mixing with (param, max_vec_len) = (0.2, 8) is employed for the SCF procedure
Turn on the diis mixing after 1 step(s) of SCF iteractions with the linear mixing
The specified checkfile exists but is not loaded because the keyword 'external_init_guess' is specified
It will be updated after the SCF procedure 
(none)
Initial guess is prepared by (sad).
It is a finite cluster calculation
the scf functional for 'xygjos' contains
The density functional 'B3LYP' belongs to the 'Hybrid GGA' family and is defined in the reference(s):
(0): P. J. Stephens, F. J. Devlin, C. F. Chabalowski, and M. J. Frisch.,  J. Phys. Chem. 98, 11623 (1994)
the post-scf functional 'xygjos' is employed, which contains
The density functional 'Slater exchange' belongs to the 'LDA' family and is defined in the reference(s):
(0): P. A. M. Dirac.,  Math. Proc. Cambridge Philos. Soc. 26, 376 (1930)
(1): F. Bloch.,  Z. Phys. 57, 545 (1929)
The density functional 'Becke 88' belongs to the 'GGA' family and is defined in the reference(s):
(0): A. D. Becke.,  Phys. Rev. A 38, 3098 (1988)
The density functional 'Vosko, Wilk & Nusair (VWN5_RPA)' belongs to the 'LDA' family and is defined in the reference(s):
(0): S. H. Vosko, L. Wilk, and M. Nusair.,  Can. J. Phys. 58, 1200 (1980)
The density functional 'Lee, Yang & Parr' belongs to the 'GGA' family and is defined in the reference(s):
(0): C. Lee, W. Yang, and R. G. Parr.,  Phys. Rev. B 37, 785 (1988)
(1): B. Miehlich, A. Savin, H. Stoll, and H. Preuss.,  Chem. Phys. Lett. 157, 200 (1989)
<start_mo> for the frozen-core post-SCF methods 18 is smaller than the number of ecp orbitals 28. Set <start_mo> = 0
Libxc version used in REST: 7.0.0
nbas: 32, natm: 2 for standard basis sets
First valence state for the frozen-core algorithm:     0
final nbas: 152,final natm: 4
numbasis: 96, num_auxbas: 532
Molecule_name: br2
Restricted Hartree-Fock (or Kohn-Sham) algorithm is invoked.
Nuc_energy:      11.19609389 Hartree
No ghost effective potential
No ghost point charges
Overlap matrix is nonsigular:
  Lowest eigenvalue:       0.00835797 with the total number of basis functions:     96
Grid size: 41808
Generate SAD of Br
Initial guess HF energy:     -30.5673882858865724
The total energy:       -30.5974069251 Ha by the initial guess
Energy:     -30.5827528802 Ha after    1 iterations (in       0.07 seconds).
SCF Change: DM 3.20895e-3; eev  1.14403e0 Ha; etot 3.50596e-2 Ha
Energy:     -30.5476932406 Ha after    2 iterations (in       0.06 seconds).
SCF Change: DM 9.85728e-5; eev 2.50779e-2 Ha; etot -7.21545e-2 Ha
Energy:     -30.6198477418 Ha after    3 iterations (in       0.06 seconds).
SCF Change: DM 1.32626e-5; eev 2.76737e-3 Ha; etot -4.24088e-5 Ha
Energy:     -30.6198901507 Ha after    4 iterations (in       0.06 seconds).
SCF Change: DM 5.42102e-6; eev 1.45508e-3 Ha; etot -4.00274e-7 Ha
Energy:     -30.6198905509 Ha after    5 iterations (in       0.06 seconds).
SCF Change: DM 1.75489e-7; eev 8.59965e-5 Ha; etot -9.01333e-8 Ha
Energy:     -30.6198906411 Ha after    6 iterations (in       0.07 seconds).
SCF Change: DM 7.50138e-9; eev 1.95662e-6 Ha; etot -2.74330e-10 Ha
Energy:     -30.6198906413 Ha after    7 iterations (in       0.06 seconds).
SCF Change: DM 5.21029e-10; eev 4.42437e-8 Ha; etot -3.73035e-13 Ha
Energy:     -30.6198906413 Ha after    8 iterations (in       0.07 seconds).
SCF Change: DM 3.47825e-11; eev 3.91922e-9 Ha; etot -3.55271e-15 Ha
Energy:     -30.6198906413 Ha after    9 iterations (in       0.06 seconds).
SCF is converged after    9 iterations.
==========================================
Now evaluate the    PT2 correlation energy
==========================================
----------------------------------------------------------------------
Methods         :       Total Corr,          OS Corr,          SS Corr
----------------------------------------------------------------------
PT2             :      -0.67461652,      -0.51702069,      -0.15759583
----------------------------------------------------------------------
Fifth-rung correlation energy :      -0.225627829097 Ha
E[XYGJOS]=:     -30.43518086 Ha, Ex[HF]:      -5.29374060 Ha, Ec[PT2  ]:      -0.67461652 Ha
Mulliken population analysis:
  0-Br :  -0.000000
  1-Br :   0.000000

====================================================
              REST: Mission accomplished
====================================================
The SCF energy        :     -30.6198906413 Ha
The (R)-xDH energy    :     -30.4351808649 Ha
Detailed time report:
Overall   |:    2.713 s for the whole job
PT2       |:    0.112 s for the PT2 evaluation
SCF       |:    2.085 s for the scf procedure
