=========================================================
Input parameters for the REST calculation
=========================================================
Calculation type: Single-point energy
The exchange-correlation method: xygjos
Print level:                1
The number of threads used for parallelism:      4
The spheric-GTO basis set is taken from /home/symei/def2-TZVPP-ptype
The pruning method is nwchem
The radial grid generation method is treutler
ERI Type: ri_v
Turn on the basis pair symmetry for RI 3D-tensors
The spheric-GTO auxiliary basis set is taken from /home/symei/def2-SV(P)-JKFIT
Spin polarization: Off
Charge:   0; Spin:   1
min_num_angular_points: 110
max_num_angular_points: 590
hardness: 3
Grid generation level: 3
Even tempered basis generation: false
SCF convergency thresholds: 1e-8 for density matrix
                            1e-8 Ha. for sum of eigenvalues
                            1e-8 Ha. for total energy
Max. SCF cycle number:      250
The diis mixing with (param, max_vec_len) = (0.2, 8) is employed for the SCF procedure
Turn on the diis mixing after 1 step(s) of SCF iteractions with the linear mixing
The specified checkfile exists but is not loaded because the keyword 'external_init_guess' is specified
It will be updated after the SCF procedure 
(none)
Initial guess is prepared by (sad).
It is a finite cluster calculation
the scf functional for 'xygjos' contains
The density functional 'B3LYP' belongs to the 'Hybrid GGA' family and is defined in the reference(s):
(0): P. J. Stephens, F. J. Devlin, C. F. Chabalowski, and M. J. Frisch.,  J. Phys. Chem. 98, 11623 (1994)
the post-scf functional 'xygjos' is employed, which contains
The density functional 'Slater exchange' belongs to the 'LDA' family and is defined in the reference(s):
(0): P. A. M. Dirac.,  Math. Proc. Cambridge Philos. Soc. 26, 376 (1930)
(1): F. Bloch.,  Z. Phys. 57, 545 (1929)
The density functional 'Becke 88' belongs to the 'GGA' family and is defined in the reference(s):
(0): A. D. Becke.,  Phys. Rev. A 38, 3098 (1988)
The density functional 'Vosko, Wilk & Nusair (VWN5_RPA)' belongs to the 'LDA' family and is defined in the reference(s):
(0): S. H. Vosko, L. Wilk, and M. Nusair.,  Can. J. Phys. 58, 1200 (1980)
The density functional 'Lee, Yang & Parr' belongs to the 'GGA' family and is defined in the reference(s):
(0): C. Lee, W. Yang, and R. G. Parr.,  Phys. Rev. B 37, 785 (1988)
(1): B. Miehlich, A. Savin, H. Stoll, and H. Preuss.,  Chem. Phys. Lett. 157, 200 (1989)
<start_mo> for the frozen-core post-SCF methods 22 is smaller than the number of ecp orbitals 28. Set <start_mo> = 0
Libxc version used in REST: 7.0.0
nbas: 124, natm: 14 for standard basis sets
First valence state for the frozen-core algorithm:     0
final nbas: 392,final natm: 28
numbasis: 332, num_auxbas: 976
Molecule_name: c-cbrcbr-c
Restricted Hartree-Fock (or Kohn-Sham) algorithm is invoked.
Nuc_energy:     205.48088420 Hartree
No ghost effective potential
No ghost point charges
Overlap matrix is nonsigular:
  Lowest eigenvalue:       0.00016151 with the total number of basis functions:    332
Grid size: 177608
Generate SAD of C
Generate SAD of H
Generate SAD of Br
Initial guess HF energy:    -187.9359365701912736
The total energy:      -186.7584811061 Ha by the initial guess
Energy:    -186.1053075759 Ha after    1 iterations (in       1.04 seconds).
SCF Change: DM 1.58137e-2; eev  4.34981e0 Ha; etot  4.34215e0 Ha
Energy:    -181.7631585727 Ha after    2 iterations (in       1.05 seconds).
SCF Change: DM 2.14359e-3; eev  1.49615e0 Ha; etot -5.32417e0 Ha
Energy:    -187.0873278570 Ha after    3 iterations (in       1.04 seconds).
SCF Change: DM 8.27713e-4; eev 5.05978e-1 Ha; etot -6.66439e-2 Ha
Energy:    -187.1539717368 Ha after    4 iterations (in       1.02 seconds).
SCF Change: DM 1.26327e-4; eev 5.46856e-2 Ha; etot -4.71976e-2 Ha
Energy:    -187.2011693291 Ha after    5 iterations (in       1.03 seconds).
SCF Change: DM 3.58502e-5; eev 2.54339e-2 Ha; etot -2.45028e-4 Ha
Energy:    -187.2014143573 Ha after    6 iterations (in       1.05 seconds).
SCF Change: DM 9.01380e-6; eev 6.44021e-3 Ha; etot -3.53393e-5 Ha
Energy:    -187.2014496966 Ha after    7 iterations (in       1.04 seconds).
SCF Change: DM 2.57843e-6; eev 9.96331e-4 Ha; etot -2.58250e-6 Ha
Energy:    -187.2014522791 Ha after    8 iterations (in       1.08 seconds).
SCF Change: DM 3.17000e-7; eev 1.17224e-4 Ha; etot -1.19448e-7 Ha
Energy:    -187.2014523985 Ha after    9 iterations (in       1.05 seconds).
SCF Change: DM 5.76477e-8; eev 1.62040e-5 Ha; etot -2.84783e-9 Ha
Energy:    -187.2014524014 Ha after   10 iterations (in       1.06 seconds).
SCF Change: DM 1.80426e-8; eev 2.08602e-6 Ha; etot -7.11964e-11 Ha
Energy:    -187.2014524015 Ha after   11 iterations (in       1.08 seconds).
SCF Change: DM 3.60003e-9; eev 1.26121e-6 Ha; etot -2.95586e-12 Ha
Energy:    -187.2014524015 Ha after   12 iterations (in       1.05 seconds).
SCF Change: DM 1.65966e-9; eev 4.52742e-7 Ha; etot -2.27374e-12 Ha
Energy:    -187.2014524015 Ha after   13 iterations (in       1.08 seconds).
SCF Change: DM 2.10395e-10; eev 1.00278e-7 Ha; etot 8.52651e-14 Ha
Energy:    -187.2014524015 Ha after   14 iterations (in       1.09 seconds).
SCF Change: DM 5.91258e-11; eev 2.89246e-8 Ha; etot 3.12639e-12 Ha
Energy:    -187.2014524015 Ha after   15 iterations (in       1.09 seconds).
SCF Change: DM 2.20989e-11; eev 1.17660e-8 Ha; etot 6.39488e-12 Ha
Energy:    -187.2014524014 Ha after   16 iterations (in       1.11 seconds).
SCF Change: DM 4.18996e-12; eev 9.46173e-10 Ha; etot -8.12861e-12 Ha
Energy:    -187.2014524015 Ha after   17 iterations (in       1.06 seconds).
SCF is converged after   17 iterations.
==========================================
Now evaluate the    PT2 correlation energy
==========================================
----------------------------------------------------------------------
Methods         :       Total Corr,          OS Corr,          SS Corr
----------------------------------------------------------------------
PT2             :      -1.65563002,      -1.26860421,      -0.38702582
----------------------------------------------------------------------
Fifth-rung correlation energy :      -0.553618875925 Ha
E[XYGJOS]=:    -186.61272955 Ha, Ex[HF]:     -28.71919750 Ha, Ec[PT2  ]:      -1.65563002 Ha
Mulliken population analysis:
  0-C  :   0.138868
  1-H  :   0.129869
  2-C  :   0.138868
  3-H  :   0.129869
  4-C  :  -0.293344
  5-C  :  -0.293344
  6-H  :   0.102450
  7-H  :   0.103281
  8-H  :   0.092528
  9-H  :   0.103281
 10-H  :   0.092528
 11-H  :   0.102450
 12-Br :  -0.273652
 13-Br :  -0.273652

====================================================
              REST: Mission accomplished
====================================================
The SCF energy        :    -187.2014524015 Ha
The (R)-xDH energy    :    -186.6127295496 Ha
Detailed time report:
Overall   |:   33.473 s for the whole job
SCF       |:   31.088 s for the scf procedure
PT2       |:    1.932 s for the PT2 evaluation
