=========================================================
Input parameters for the REST calculation
=========================================================
Calculation type: Single-point energy
The exchange-correlation method: xygjos
Print level:                1
The number of threads used for parallelism:      4
The spheric-GTO basis set is taken from /home/symei/def2-TZVPP-ptype
The pruning method is nwchem
The radial grid generation method is treutler
ERI Type: ri_v
Turn on the basis pair symmetry for RI 3D-tensors
The spheric-GTO auxiliary basis set is taken from /home/symei/def2-SV(P)-JKFIT
Spin polarization: Off
Charge:   0; Spin:   1
min_num_angular_points: 110
max_num_angular_points: 590
hardness: 3
Grid generation level: 3
Even tempered basis generation: false
SCF convergency thresholds: 1e-8 for density matrix
                            1e-8 Ha. for sum of eigenvalues
                            1e-8 Ha. for total energy
Max. SCF cycle number:      250
The diis mixing with (param, max_vec_len) = (0.2, 8) is employed for the SCF procedure
Turn on the diis mixing after 1 step(s) of SCF iteractions with the linear mixing
The specified checkfile exists but is not loaded because the keyword 'external_init_guess' is specified
It will be updated after the SCF procedure 
(none)
Initial guess is prepared by (sad).
It is a finite cluster calculation
the scf functional for 'xygjos' contains
The density functional 'B3LYP' belongs to the 'Hybrid GGA' family and is defined in the reference(s):
(0): P. J. Stephens, F. J. Devlin, C. F. Chabalowski, and M. J. Frisch.,  J. Phys. Chem. 98, 11623 (1994)
the post-scf functional 'xygjos' is employed, which contains
The density functional 'Slater exchange' belongs to the 'LDA' family and is defined in the reference(s):
(0): P. A. M. Dirac.,  Math. Proc. Cambridge Philos. Soc. 26, 376 (1930)
(1): F. Bloch.,  Z. Phys. 57, 545 (1929)
The density functional 'Becke 88' belongs to the 'GGA' family and is defined in the reference(s):
(0): A. D. Becke.,  Phys. Rev. A 38, 3098 (1988)
The density functional 'Vosko, Wilk & Nusair (VWN5_RPA)' belongs to the 'LDA' family and is defined in the reference(s):
(0): S. H. Vosko, L. Wilk, and M. Nusair.,  Can. J. Phys. 58, 1200 (1980)
The density functional 'Lee, Yang & Parr' belongs to the 'GGA' family and is defined in the reference(s):
(0): C. Lee, W. Yang, and R. G. Parr.,  Phys. Rev. B 37, 785 (1988)
(1): B. Miehlich, A. Savin, H. Stoll, and H. Preuss.,  Chem. Phys. Lett. 157, 200 (1989)
<start_mo> for the frozen-core post-SCF methods 37 is smaller than the number of ecp orbitals 56. Set <start_mo> = 0
Libxc version used in REST: 7.0.0
nbas: 75, natm: 5 for standard basis sets
First valence state for the frozen-core algorithm:     0
final nbas: 340,final natm: 10
numbasis: 223, num_auxbas: 1139
Molecule_name: cbr4
Restricted Hartree-Fock (or Kohn-Sham) algorithm is invoked.
Nuc_energy:      94.14653564 Hartree
No ghost effective potential
No ghost point charges
Overlap matrix is nonsigular:
  Lowest eigenvalue:       0.00320099 with the total number of basis functions:    223
Grid size: 97518
Generate SAD of C
Generate SAD of Br
Initial guess HF energy:     -99.5016747989515267
The total energy:       -99.2784431864 Ha by the initial guess
Energy:     -99.2257367334 Ha after    1 iterations (in       0.47 seconds).
SCF Change: DM 2.56999e-3; eev  2.01138e0 Ha; etot 1.23803e-1 Ha
Energy:     -99.1019332650 Ha after    2 iterations (in       0.47 seconds).
SCF Change: DM 3.67352e-4; eev 1.24855e-1 Ha; etot -2.28579e-1 Ha
Energy:     -99.3305117706 Ha after    3 iterations (in       0.42 seconds).
SCF Change: DM 7.65438e-5; eev 4.94700e-2 Ha; etot -7.08852e-3 Ha
Energy:     -99.3376002956 Ha after    4 iterations (in       0.42 seconds).
SCF Change: DM 1.16567e-5; eev 8.28265e-3 Ha; etot -6.93024e-5 Ha
Energy:     -99.3376695980 Ha after    5 iterations (in       0.45 seconds).
SCF Change: DM 1.51215e-6; eev 7.32764e-4 Ha; etot -2.84985e-6 Ha
Energy:     -99.3376724478 Ha after    6 iterations (in       0.42 seconds).
SCF Change: DM 1.34826e-7; eev 6.37513e-5 Ha; etot -6.50596e-8 Ha
Energy:     -99.3376725129 Ha after    7 iterations (in       0.47 seconds).
SCF Change: DM 3.84840e-8; eev 5.41653e-6 Ha; etot -4.36870e-10 Ha
Energy:     -99.3376725133 Ha after    8 iterations (in       0.42 seconds).
SCF Change: DM 1.31801e-8; eev 4.27423e-6 Ha; etot -2.61622e-11 Ha
Energy:     -99.3376725133 Ha after    9 iterations (in       0.48 seconds).
SCF Change: DM 1.09036e-9; eev 1.66494e-7 Ha; etot -6.79279e-12 Ha
Energy:     -99.3376725133 Ha after   10 iterations (in       0.49 seconds).
SCF Change: DM 2.01472e-10; eev 3.38496e-8 Ha; etot 2.41585e-12 Ha
Energy:     -99.3376725133 Ha after   11 iterations (in       0.48 seconds).
SCF Change: DM 2.13339e-11; eev 1.45682e-9 Ha; etot -1.29319e-12 Ha
Energy:     -99.3376725133 Ha after   12 iterations (in       0.48 seconds).
SCF is converged after   12 iterations.
==========================================
Now evaluate the    PT2 correlation energy
==========================================
----------------------------------------------------------------------
Methods         :       Total Corr,          OS Corr,          SS Corr
----------------------------------------------------------------------
PT2             :      -1.68425183,      -1.25693305,      -0.42731878
----------------------------------------------------------------------
Fifth-rung correlation energy :      -0.548525583395 Ha
E[XYGJOS]=:     -98.86736296 Ha, Ex[HF]:     -15.67617110 Ha, Ec[PT2  ]:      -1.68425183 Ha
Mulliken population analysis:
  0-C  :   0.442780
  1-Br :  -0.110701
  2-Br :  -0.110697
  3-Br :  -0.110697
  4-Br :  -0.110686

====================================================
              REST: Mission accomplished
====================================================
The SCF energy        :     -99.3376725133 Ha
The (R)-xDH energy    :     -98.8673629610 Ha
Detailed time report:
SCF       |:   12.202 s for the scf procedure
Overall   |:   13.493 s for the whole job
PT2       |:    0.811 s for the PT2 evaluation
