=========================================================
Input parameters for the REST calculation
=========================================================
Calculation type: Single-point energy
The exchange-correlation method: xygjos
Print level:                1
The number of threads used for parallelism:      4
The spheric-GTO basis set is taken from /home/symei/def2-TZVPP-ptype
The pruning method is nwchem
The radial grid generation method is treutler
ERI Type: ri_v
Turn on the basis pair symmetry for RI 3D-tensors
The spheric-GTO auxiliary basis set is taken from /home/symei/def2-SV(P)-JKFIT
Spin polarization: Off
Charge:   0; Spin:   1
min_num_angular_points: 110
max_num_angular_points: 590
hardness: 3
Grid generation level: 3
Even tempered basis generation: false
SCF convergency thresholds: 1e-8 for density matrix
                            1e-8 Ha. for sum of eigenvalues
                            1e-8 Ha. for total energy
Max. SCF cycle number:      250
The diis mixing with (param, max_vec_len) = (0.2, 8) is employed for the SCF procedure
Turn on the diis mixing after 1 step(s) of SCF iteractions with the linear mixing
The specified checkfile exists but is not loaded because the keyword 'external_init_guess' is specified
It will be updated after the SCF procedure 
(none)
Initial guess is prepared by (sad).
It is a finite cluster calculation
the scf functional for 'xygjos' contains
The density functional 'B3LYP' belongs to the 'Hybrid GGA' family and is defined in the reference(s):
(0): P. J. Stephens, F. J. Devlin, C. F. Chabalowski, and M. J. Frisch.,  J. Phys. Chem. 98, 11623 (1994)
the post-scf functional 'xygjos' is employed, which contains
The density functional 'Slater exchange' belongs to the 'LDA' family and is defined in the reference(s):
(0): P. A. M. Dirac.,  Math. Proc. Cambridge Philos. Soc. 26, 376 (1930)
(1): F. Bloch.,  Z. Phys. 57, 545 (1929)
The density functional 'Becke 88' belongs to the 'GGA' family and is defined in the reference(s):
(0): A. D. Becke.,  Phys. Rev. A 38, 3098 (1988)
The density functional 'Vosko, Wilk & Nusair (VWN5_RPA)' belongs to the 'LDA' family and is defined in the reference(s):
(0): S. H. Vosko, L. Wilk, and M. Nusair.,  Can. J. Phys. 58, 1200 (1980)
The density functional 'Lee, Yang & Parr' belongs to the 'GGA' family and is defined in the reference(s):
(0): C. Lee, W. Yang, and R. G. Parr.,  Phys. Rev. B 37, 785 (1988)
(1): B. Miehlich, A. Savin, H. Stoll, and H. Preuss.,  Chem. Phys. Lett. 157, 200 (1989)
<start_mo> for the frozen-core post-SCF methods 20 is smaller than the number of ecp orbitals 28. Set <start_mo> = 0
Libxc version used in REST: 7.0.0
nbas: 78, natm: 8 for standard basis sets
First valence state for the frozen-core algorithm:     0
final nbas: 272,final natm: 16
numbasis: 214, num_auxbas: 754
Molecule_name: cbrcbr
Restricted Hartree-Fock (or Kohn-Sham) algorithm is invoked.
Nuc_energy:      85.99082700 Hartree
No ghost effective potential
No ghost point charges
Overlap matrix is nonsigular:
  Lowest eigenvalue:       0.00035717 with the total number of basis functions:    214
Grid size: 109708
Generate SAD of C
Generate SAD of H
Generate SAD of Br
Initial guess HF energy:    -108.8011689291265327
The total energy:      -108.3223578730 Ha by the initial guess
Energy:    -108.0023899962 Ha after    1 iterations (in       0.41 seconds).
SCF Change: DM 7.83937e-3; eev  2.88563e0 Ha; etot  1.40713e0 Ha
Energy:    -106.5952578377 Ha after    2 iterations (in       0.40 seconds).
SCF Change: DM 1.51272e-3; eev 9.51043e-1 Ha; etot -1.92453e0 Ha
Energy:    -108.5197904513 Ha after    3 iterations (in       0.43 seconds).
SCF Change: DM 6.78921e-4; eev 4.30720e-1 Ha; etot -8.89292e-3 Ha
Energy:    -108.5286833693 Ha after    4 iterations (in       0.44 seconds).
SCF Change: DM 2.64278e-5; eev 7.35983e-3 Ha; etot -9.69271e-3 Ha
Energy:    -108.5383760768 Ha after    5 iterations (in       0.42 seconds).
SCF Change: DM 4.62875e-6; eev 1.26668e-3 Ha; etot -6.02431e-6 Ha
Energy:    -108.5383821011 Ha after    6 iterations (in       0.39 seconds).
SCF Change: DM 1.20105e-6; eev 6.17191e-4 Ha; etot -3.98889e-7 Ha
Energy:    -108.5383825000 Ha after    7 iterations (in       0.39 seconds).
SCF Change: DM 2.13276e-7; eev 6.28256e-5 Ha; etot -1.87633e-8 Ha
Energy:    -108.5383825188 Ha after    8 iterations (in       0.42 seconds).
SCF Change: DM 5.79147e-8; eev 1.15354e-5 Ha; etot -5.01203e-10 Ha
Energy:    -108.5383825193 Ha after    9 iterations (in       0.43 seconds).
SCF Change: DM 8.77057e-9; eev 1.69476e-6 Ha; etot -4.95675e-11 Ha
Energy:    -108.5383825193 Ha after   10 iterations (in       0.42 seconds).
SCF Change: DM 1.96596e-9; eev 3.25714e-7 Ha; etot -6.11067e-13 Ha
Energy:    -108.5383825193 Ha after   11 iterations (in       0.39 seconds).
SCF Change: DM 5.17994e-10; eev 6.24729e-8 Ha; etot 3.72324e-12 Ha
Energy:    -108.5383825193 Ha after   12 iterations (in       0.38 seconds).
SCF Change: DM 7.88085e-11; eev 1.57944e-8 Ha; etot -2.47269e-12 Ha
Energy:    -108.5383825193 Ha after   13 iterations (in       0.44 seconds).
SCF Change: DM 5.93583e-12; eev 1.90176e-9 Ha; etot 5.54223e-13 Ha
Energy:    -108.5383825193 Ha after   14 iterations (in       0.40 seconds).
SCF is converged after   14 iterations.
==========================================
Now evaluate the    PT2 correlation energy
==========================================
----------------------------------------------------------------------
Methods         :       Total Corr,          OS Corr,          SS Corr
----------------------------------------------------------------------
PT2             :      -1.10591850,      -0.84747976,      -0.25843874
----------------------------------------------------------------------
Fifth-rung correlation energy :      -0.369840166193 Ha
E[XYGJOS]=:    -108.16412204 Ha, Ex[HF]:     -16.91318836 Ha, Ec[PT2  ]:      -1.10591850 Ha
Mulliken population analysis:
  0-C  :  -0.051821
  1-H  :   0.129316
  2-H  :   0.129316
  3-C  :  -0.051821
  4-H  :   0.129316
  5-H  :   0.129316
  6-Br :  -0.206812
  7-Br :  -0.206812

====================================================
              REST: Mission accomplished
====================================================
The SCF energy        :    -108.5383825193 Ha
The (R)-xDH energy    :    -108.1641220398 Ha
Detailed time report:
Overall   |:   12.706 s for the whole job
PT2       |:    0.611 s for the PT2 evaluation
SCF       |:   11.571 s for the scf procedure
