=========================================================
Input parameters for the REST calculation
=========================================================
Calculation type: Single-point energy
The exchange-correlation method: xygjos
Print level:                1
The number of threads used for parallelism:      4
The spheric-GTO basis set is taken from /home/symei/def2-TZVPP-ptype
The pruning method is nwchem
The radial grid generation method is treutler
ERI Type: ri_v
Turn on the basis pair symmetry for RI 3D-tensors
The spheric-GTO auxiliary basis set is taken from /home/symei/def2-SV(P)-JKFIT
Spin polarization: Off
Charge:   0; Spin:   1
min_num_angular_points: 110
max_num_angular_points: 590
hardness: 3
Grid generation level: 3
Even tempered basis generation: false
SCF convergency thresholds: 1e-8 for density matrix
                            1e-8 Ha. for sum of eigenvalues
                            1e-8 Ha. for total energy
Max. SCF cycle number:      250
The diis mixing with (param, max_vec_len) = (0.2, 8) is employed for the SCF procedure
Turn on the diis mixing after 1 step(s) of SCF iteractions with the linear mixing
The specified checkfile exists but is not loaded because the keyword 'external_init_guess' is specified
It will be updated after the SCF procedure 
(none)
Initial guess is prepared by (sad).
It is a finite cluster calculation
the scf functional for 'xygjos' contains
The density functional 'B3LYP' belongs to the 'Hybrid GGA' family and is defined in the reference(s):
(0): P. J. Stephens, F. J. Devlin, C. F. Chabalowski, and M. J. Frisch.,  J. Phys. Chem. 98, 11623 (1994)
the post-scf functional 'xygjos' is employed, which contains
The density functional 'Slater exchange' belongs to the 'LDA' family and is defined in the reference(s):
(0): P. A. M. Dirac.,  Math. Proc. Cambridge Philos. Soc. 26, 376 (1930)
(1): F. Bloch.,  Z. Phys. 57, 545 (1929)
The density functional 'Becke 88' belongs to the 'GGA' family and is defined in the reference(s):
(0): A. D. Becke.,  Phys. Rev. A 38, 3098 (1988)
The density functional 'Vosko, Wilk & Nusair (VWN5_RPA)' belongs to the 'LDA' family and is defined in the reference(s):
(0): S. H. Vosko, L. Wilk, and M. Nusair.,  Can. J. Phys. 58, 1200 (1980)
The density functional 'Lee, Yang & Parr' belongs to the 'GGA' family and is defined in the reference(s):
(0): C. Lee, W. Yang, and R. G. Parr.,  Phys. Rev. B 37, 785 (1988)
(1): B. Miehlich, A. Savin, H. Stoll, and H. Preuss.,  Chem. Phys. Lett. 157, 200 (1989)
<start_mo> for the frozen-core post-SCF methods 12 is smaller than the number of ecp orbitals 14. Set <start_mo> = 0
Libxc version used in REST: 7.0.0
nbas: 91, natm: 11 for standard basis sets
First valence state for the frozen-core algorithm:     0
final nbas: 268,final natm: 22
numbasis: 239, num_auxbas: 617
Molecule_name: cccbr1
Restricted Hartree-Fock (or Kohn-Sham) algorithm is invoked.
Nuc_energy:     107.88470623 Hartree
No ghost effective potential
No ghost point charges
Overlap matrix is nonsigular:
  Lowest eigenvalue:       0.00026850 with the total number of basis functions:    239
Grid size: 132778
Generate SAD of C
Generate SAD of H
Generate SAD of Br
Initial guess HF energy:    -134.3067665492484650
The total energy:      -133.5385965616 Ha by the initial guess
Energy:    -133.0945765721 Ha after    1 iterations (in       0.52 seconds).
SCF Change: DM 1.14672e-2; eev  3.56584e0 Ha; etot  1.74331e0 Ha
Energy:    -131.3512626207 Ha after    2 iterations (in       0.50 seconds).
SCF Change: DM 2.64947e-3; eev  1.40293e0 Ha; etot -2.46684e0 Ha
Energy:    -133.8180978504 Ha after    3 iterations (in       0.49 seconds).
SCF Change: DM 1.05739e-3; eev 5.30340e-1 Ha; etot -4.72761e-2 Ha
Energy:    -133.8653739367 Ha after    4 iterations (in       0.50 seconds).
SCF Change: DM 1.23777e-4; eev 3.31250e-2 Ha; etot -3.43670e-2 Ha
Energy:    -133.8997409454 Ha after    5 iterations (in       0.53 seconds).
SCF Change: DM 3.59125e-5; eev 1.13907e-2 Ha; etot -1.56770e-4 Ha
Energy:    -133.8998977149 Ha after    6 iterations (in       0.51 seconds).
SCF Change: DM 7.53219e-6; eev 2.92050e-3 Ha; etot -3.31541e-5 Ha
Energy:    -133.8999308691 Ha after    7 iterations (in       0.53 seconds).
SCF Change: DM 1.94013e-6; eev 9.40845e-4 Ha; etot -1.50968e-6 Ha
Energy:    -133.8999323788 Ha after    8 iterations (in       0.50 seconds).
SCF Change: DM 9.56926e-7; eev 3.65941e-4 Ha; etot -5.07422e-8 Ha
Energy:    -133.8999324295 Ha after    9 iterations (in       0.55 seconds).
SCF Change: DM 1.32819e-7; eev 4.25976e-5 Ha; etot -1.64539e-8 Ha
Energy:    -133.8999324460 Ha after   10 iterations (in       0.48 seconds).
SCF Change: DM 2.90102e-8; eev 8.01905e-6 Ha; etot -3.44784e-10 Ha
Energy:    -133.8999324463 Ha after   11 iterations (in       0.47 seconds).
SCF Change: DM 8.31147e-9; eev 1.72129e-6 Ha; etot -9.37916e-12 Ha
Energy:    -133.8999324463 Ha after   12 iterations (in       0.48 seconds).
SCF Change: DM 2.64458e-9; eev 2.30706e-7 Ha; etot 5.96856e-13 Ha
Energy:    -133.8999324463 Ha after   13 iterations (in       0.46 seconds).
SCF Change: DM 4.84486e-10; eev 1.08722e-7 Ha; etot 2.98428e-12 Ha
Energy:    -133.8999324463 Ha after   14 iterations (in       0.46 seconds).
SCF Change: DM 8.78505e-11; eev 2.82437e-8 Ha; etot -5.40012e-13 Ha
Energy:    -133.8999324463 Ha after   15 iterations (in       0.53 seconds).
SCF Change: DM 3.44677e-11; eev 8.10292e-9 Ha; etot -1.87583e-12 Ha
Energy:    -133.8999324463 Ha after   16 iterations (in       0.46 seconds).
SCF is converged after   16 iterations.
==========================================
Now evaluate the    PT2 correlation energy
==========================================
----------------------------------------------------------------------
Methods         :       Total Corr,          OS Corr,          SS Corr
----------------------------------------------------------------------
PT2             :      -1.15244434,      -0.89449317,      -0.25795118
----------------------------------------------------------------------
Fifth-rung correlation energy :      -0.390356817402 Ha
E[XYGJOS]=:    -133.47380534 Ha, Ex[HF]:     -20.68803481 Ha, Ec[PT2  ]:      -1.15244434 Ha
Mulliken population analysis:
  0-C  :  -0.257865
  1-H  :   0.081152
  2-H  :   0.081152
  3-H  :   0.091201
  4-C  :  -0.091243
  5-H  :   0.068049
  6-H  :   0.068049
  7-C  :  -0.023889
  8-H  :   0.112195
  9-H  :   0.112195
 10-Br :  -0.240995

====================================================
              REST: Mission accomplished
====================================================
The SCF energy        :    -133.8999324463 Ha
The (R)-xDH energy    :    -133.4738053376 Ha
Detailed time report:
SCF       |:   14.363 s for the scf procedure
PT2       |:    0.712 s for the PT2 evaluation
Overall   |:   15.550 s for the whole job
