=========================================================
Input parameters for the REST calculation
=========================================================
Calculation type: Single-point energy
The exchange-correlation method: xygjos
Print level:                1
The number of threads used for parallelism:      4
The spheric-GTO basis set is taken from /home/symei/def2-TZVPP-ptype
The pruning method is nwchem
The radial grid generation method is treutler
ERI Type: ri_v
Turn on the basis pair symmetry for RI 3D-tensors
The spheric-GTO auxiliary basis set is taken from /home/symei/def2-SV(P)-JKFIT
Spin polarization: Off
Charge:   0; Spin:   1
min_num_angular_points: 110
max_num_angular_points: 590
hardness: 3
Grid generation level: 3
Even tempered basis generation: false
SCF convergency thresholds: 1e-8 for density matrix
                            1e-8 Ha. for sum of eigenvalues
                            1e-8 Ha. for total energy
Max. SCF cycle number:      250
The diis mixing with (param, max_vec_len) = (0.2, 8) is employed for the SCF procedure
Turn on the diis mixing after 1 step(s) of SCF iteractions with the linear mixing
The specified checkfile exists but is not loaded because the keyword 'external_init_guess' is specified
It will be updated after the SCF procedure 
(none)
Initial guess is prepared by (sad).
It is a finite cluster calculation
the scf functional for 'xygjos' contains
The density functional 'B3LYP' belongs to the 'Hybrid GGA' family and is defined in the reference(s):
(0): P. J. Stephens, F. J. Devlin, C. F. Chabalowski, and M. J. Frisch.,  J. Phys. Chem. 98, 11623 (1994)
the post-scf functional 'xygjos' is employed, which contains
The density functional 'Slater exchange' belongs to the 'LDA' family and is defined in the reference(s):
(0): P. A. M. Dirac.,  Math. Proc. Cambridge Philos. Soc. 26, 376 (1930)
(1): F. Bloch.,  Z. Phys. 57, 545 (1929)
The density functional 'Becke 88' belongs to the 'GGA' family and is defined in the reference(s):
(0): A. D. Becke.,  Phys. Rev. A 38, 3098 (1988)
The density functional 'Vosko, Wilk & Nusair (VWN5_RPA)' belongs to the 'LDA' family and is defined in the reference(s):
(0): S. H. Vosko, L. Wilk, and M. Nusair.,  Can. J. Phys. 58, 1200 (1980)
The density functional 'Lee, Yang & Parr' belongs to the 'GGA' family and is defined in the reference(s):
(0): C. Lee, W. Yang, and R. G. Parr.,  Phys. Rev. B 37, 785 (1988)
(1): B. Miehlich, A. Savin, H. Stoll, and H. Preuss.,  Chem. Phys. Lett. 157, 200 (1989)
<start_mo> for the frozen-core post-SCF methods 10 is smaller than the number of ecp orbitals 14. Set <start_mo> = 0
Libxc version used in REST: 7.0.0
nbas: 45, natm: 5 for standard basis sets
First valence state for the frozen-core algorithm:     0
final nbas: 148,final natm: 10
numbasis: 121, num_auxbas: 395
Molecule_name: ch3br
Restricted Hartree-Fock (or Kohn-Sham) algorithm is invoked.
Nuc_energy:      25.45660701 Hartree
No ghost effective potential
No ghost point charges
Overlap matrix is nonsigular:
  Lowest eigenvalue:       0.00057445 with the total number of basis functions:    121
Grid size: 64878
Generate SAD of C
Generate SAD of H
Generate SAD of Br
Initial guess HF energy:     -55.1910911999062179
The total energy:       -55.1064601543 Ha by the initial guess
Energy:     -54.9918120188 Ha after    1 iterations (in       0.12 seconds).
SCF Change: DM 6.99683e-3; eev  1.67758e0 Ha; etot 3.51500e-1 Ha
Energy:     -54.6403122057 Ha after    2 iterations (in       0.10 seconds).
SCF Change: DM 1.37560e-3; eev 4.96038e-1 Ha; etot -5.86773e-1 Ha
Energy:     -55.2270855989 Ha after    3 iterations (in       0.10 seconds).
SCF Change: DM 4.36742e-4; eev 1.62014e-1 Ha; etot -8.88006e-3 Ha
Energy:     -55.2359656608 Ha after    4 iterations (in       0.10 seconds).
SCF Change: DM 2.53980e-5; eev 9.16519e-3 Ha; etot -2.10106e-3 Ha
Energy:     -55.2380667248 Ha after    5 iterations (in       0.10 seconds).
SCF Change: DM 5.87250e-6; eev 1.29734e-3 Ha; etot -3.69519e-6 Ha
Energy:     -55.2380704200 Ha after    6 iterations (in       0.10 seconds).
SCF Change: DM 1.46345e-6; eev 4.36957e-4 Ha; etot -1.67203e-7 Ha
Energy:     -55.2380705872 Ha after    7 iterations (in       0.10 seconds).
SCF Change: DM 1.24874e-7; eev 2.00159e-5 Ha; etot -1.57902e-8 Ha
Energy:     -55.2380706030 Ha after    8 iterations (in       0.10 seconds).
SCF Change: DM 2.87410e-8; eev 5.00766e-6 Ha; etot -6.40412e-11 Ha
Energy:     -55.2380706031 Ha after    9 iterations (in       0.11 seconds).
SCF Change: DM 5.75789e-9; eev 1.24817e-6 Ha; etot -3.07665e-12 Ha
Energy:     -55.2380706031 Ha after   10 iterations (in       0.11 seconds).
SCF Change: DM 3.56036e-10; eev 1.21931e-7 Ha; etot -7.81597e-13 Ha
Energy:     -55.2380706031 Ha after   11 iterations (in       0.10 seconds).
SCF Change: DM 1.48696e-11; eev 3.05962e-9 Ha; etot -3.76588e-13 Ha
Energy:     -55.2380706031 Ha after   12 iterations (in       0.10 seconds).
SCF is converged after   12 iterations.
==========================================
Now evaluate the    PT2 correlation energy
==========================================
----------------------------------------------------------------------
Methods         :       Total Corr,          OS Corr,          SS Corr
----------------------------------------------------------------------
PT2             :      -0.61647058,      -0.48063214,      -0.13583844
----------------------------------------------------------------------
Fifth-rung correlation energy :      -0.209747866109 Ha
E[XYGJOS]=:     -55.02979435 Ha, Ex[HF]:      -8.87472801 Ha, Ec[PT2  ]:      -0.61647058 Ha
Mulliken population analysis:
  0-C  :  -0.222291
  1-H  :   0.137433
  2-H  :   0.137451
  3-H  :   0.137451
  4-Br :  -0.190044

====================================================
              REST: Mission accomplished
====================================================
The SCF energy        :     -55.2380706031 Ha
The (R)-xDH energy    :     -55.0297943523 Ha
Detailed time report:
Overall   |:    3.922 s for the whole job
PT2       |:    0.183 s for the PT2 evaluation
SCF       |:    3.255 s for the scf procedure
