=========================================================
Input parameters for the REST calculation
=========================================================
Calculation type: Single-point energy
The exchange-correlation method: xygjos
Print level:                1
The number of threads used for parallelism:      4
The spheric-GTO basis set is taken from /home/symei/def2-TZVPP-ptype
The pruning method is nwchem
The radial grid generation method is treutler
ERI Type: ri_v
Turn on the basis pair symmetry for RI 3D-tensors
The spheric-GTO auxiliary basis set is taken from /home/symei/def2-SV(P)-JKFIT
Spin polarization: Off
Charge:   0; Spin:   1
min_num_angular_points: 110
max_num_angular_points: 590
hardness: 3
Grid generation level: 3
Even tempered basis generation: false
SCF convergency thresholds: 1e-8 for density matrix
                            1e-8 Ha. for sum of eigenvalues
                            1e-8 Ha. for total energy
Max. SCF cycle number:      250
The diis mixing with (param, max_vec_len) = (0.2, 8) is employed for the SCF procedure
Turn on the diis mixing after 1 step(s) of SCF iteractions with the linear mixing
The specified checkfile exists but is not loaded because the keyword 'external_init_guess' is specified
It will be updated after the SCF procedure 
(none)
Initial guess is prepared by (sad).
It is a finite cluster calculation
the scf functional for 'xygjos' contains
The density functional 'B3LYP' belongs to the 'Hybrid GGA' family and is defined in the reference(s):
(0): P. J. Stephens, F. J. Devlin, C. F. Chabalowski, and M. J. Frisch.,  J. Phys. Chem. 98, 11623 (1994)
the post-scf functional 'xygjos' is employed, which contains
The density functional 'Slater exchange' belongs to the 'LDA' family and is defined in the reference(s):
(0): P. A. M. Dirac.,  Math. Proc. Cambridge Philos. Soc. 26, 376 (1930)
(1): F. Bloch.,  Z. Phys. 57, 545 (1929)
The density functional 'Becke 88' belongs to the 'GGA' family and is defined in the reference(s):
(0): A. D. Becke.,  Phys. Rev. A 38, 3098 (1988)
The density functional 'Vosko, Wilk & Nusair (VWN5_RPA)' belongs to the 'LDA' family and is defined in the reference(s):
(0): S. H. Vosko, L. Wilk, and M. Nusair.,  Can. J. Phys. 58, 1200 (1980)
The density functional 'Lee, Yang & Parr' belongs to the 'GGA' family and is defined in the reference(s):
(0): C. Lee, W. Yang, and R. G. Parr.,  Phys. Rev. B 37, 785 (1988)
(1): B. Miehlich, A. Savin, H. Stoll, and H. Preuss.,  Chem. Phys. Lett. 157, 200 (1989)
<start_mo> for the frozen-core post-SCF methods 28 is smaller than the number of ecp orbitals 42. Set <start_mo> = 0
Libxc version used in REST: 7.0.0
nbas: 65, natm: 5 for standard basis sets
First valence state for the frozen-core algorithm:     0
final nbas: 276,final natm: 10
numbasis: 189, num_auxbas: 891
Molecule_name: chbr3
Restricted Hartree-Fock (or Kohn-Sham) algorithm is invoked.
Nuc_energy:      65.83498434 Hartree
No ghost effective potential
No ghost point charges
Overlap matrix is nonsigular:
  Lowest eigenvalue:       0.00057163 with the total number of basis functions:    189
Grid size: 86638
Generate SAD of C
Generate SAD of H
Generate SAD of Br
Initial guess HF energy:     -84.7451590039112830
The total energy:       -84.5673080211 Ha by the initial guess
Energy:     -84.4611402171 Ha after    1 iterations (in       0.37 seconds).
SCF Change: DM 4.54295e-3; eev  1.83086e0 Ha; etot 4.54073e-1 Ha
Energy:     -84.0070676069 Ha after    2 iterations (in       0.33 seconds).
SCF Change: DM 8.83544e-4; eev 4.74958e-1 Ha; etot -6.10104e-1 Ha
Energy:     -84.6171711164 Ha after    3 iterations (in       0.29 seconds).
SCF Change: DM 9.70615e-5; eev 4.39814e-2 Ha; etot -2.23243e-2 Ha
Energy:     -84.6394954436 Ha after    4 iterations (in       0.33 seconds).
SCF Change: DM 2.77346e-5; eev 1.22151e-2 Ha; etot -9.77266e-5 Ha
Energy:     -84.6395931703 Ha after    5 iterations (in       0.29 seconds).
SCF Change: DM 6.24619e-6; eev 2.93878e-3 Ha; etot -9.94482e-6 Ha
Energy:     -84.6396031151 Ha after    6 iterations (in       0.29 seconds).
SCF Change: DM 1.34798e-6; eev 2.38238e-4 Ha; etot -4.47041e-7 Ha
Energy:     -84.6396035621 Ha after    7 iterations (in       0.29 seconds).
SCF Change: DM 2.44236e-7; eev 1.05613e-4 Ha; etot -2.89884e-8 Ha
Energy:     -84.6396035911 Ha after    8 iterations (in       0.31 seconds).
SCF Change: DM 4.42862e-8; eev 5.89463e-6 Ha; etot -6.19039e-10 Ha
Energy:     -84.6396035917 Ha after    9 iterations (in       0.30 seconds).
SCF Change: DM 8.45168e-9; eev 7.45075e-7 Ha; etot -1.65414e-11 Ha
Energy:     -84.6396035918 Ha after   10 iterations (in       0.32 seconds).
SCF Change: DM 1.53658e-9; eev 2.35794e-7 Ha; etot -9.37916e-13 Ha
Energy:     -84.6396035918 Ha after   11 iterations (in       0.36 seconds).
SCF Change: DM 9.06410e-10; eev 1.79262e-7 Ha; etot 4.54747e-13 Ha
Energy:     -84.6396035918 Ha after   12 iterations (in       0.35 seconds).
SCF Change: DM 1.10759e-10; eev 1.04193e-8 Ha; etot -9.37916e-13 Ha
Energy:     -84.6396035918 Ha after   13 iterations (in       0.35 seconds).
SCF Change: DM 1.93139e-11; eev 3.57909e-9 Ha; etot 5.40012e-13 Ha
Energy:     -84.6396035918 Ha after   14 iterations (in       0.33 seconds).
SCF is converged after   14 iterations.
==========================================
Now evaluate the    PT2 correlation energy
==========================================
----------------------------------------------------------------------
Methods         :       Total Corr,          OS Corr,          SS Corr
----------------------------------------------------------------------
PT2             :      -1.31761747,      -0.99221186,      -0.32540561
----------------------------------------------------------------------
Fifth-rung correlation energy :      -0.433001254767 Ha
E[XYGJOS]=:     -84.25543674 Ha, Ex[HF]:     -13.41642707 Ha, Ec[PT2  ]:      -1.31761747 Ha
Mulliken population analysis:
  0-C  :   0.173134
  1-H  :   0.172866
  2-Br :  -0.115333
  3-Br :  -0.115334
  4-Br :  -0.115334

====================================================
              REST: Mission accomplished
====================================================
The SCF energy        :     -84.6396035918 Ha
The (R)-xDH energy    :     -84.2554367392 Ha
Detailed time report:
PT2       |:    0.535 s for the PT2 evaluation
Overall   |:   10.326 s for the whole job
SCF       |:    9.307 s for the scf procedure
