=========================================================
Input parameters for the REST calculation
=========================================================
Calculation type: Single-point energy
The exchange-correlation method: xygjos
Print level:                1
The number of threads used for parallelism:      4
The spheric-GTO basis set is taken from /home/symei/def2-TZVPP-ptype
The pruning method is nwchem
The radial grid generation method is treutler
ERI Type: ri_v
Turn on the basis pair symmetry for RI 3D-tensors
The spheric-GTO auxiliary basis set is taken from /home/symei/def2-SV(P)-JKFIT
Spin polarization: Off
Charge:   0; Spin:   1
min_num_angular_points: 110
max_num_angular_points: 590
hardness: 3
Grid generation level: 3
Even tempered basis generation: false
SCF convergency thresholds: 1e-8 for density matrix
                            1e-8 Ha. for sum of eigenvalues
                            1e-8 Ha. for total energy
Max. SCF cycle number:      250
The diis mixing with (param, max_vec_len) = (0.2, 8) is employed for the SCF procedure
Turn on the diis mixing after 1 step(s) of SCF iteractions with the linear mixing
The specified checkfile exists but is not loaded because the keyword 'external_init_guess' is specified
It will be updated after the SCF procedure 
(none)
Initial guess is prepared by (sad).
It is a finite cluster calculation
the scf functional for 'xygjos' contains
The density functional 'B3LYP' belongs to the 'Hybrid GGA' family and is defined in the reference(s):
(0): P. J. Stephens, F. J. Devlin, C. F. Chabalowski, and M. J. Frisch.,  J. Phys. Chem. 98, 11623 (1994)
the post-scf functional 'xygjos' is employed, which contains
The density functional 'Slater exchange' belongs to the 'LDA' family and is defined in the reference(s):
(0): P. A. M. Dirac.,  Math. Proc. Cambridge Philos. Soc. 26, 376 (1930)
(1): F. Bloch.,  Z. Phys. 57, 545 (1929)
The density functional 'Becke 88' belongs to the 'GGA' family and is defined in the reference(s):
(0): A. D. Becke.,  Phys. Rev. A 38, 3098 (1988)
The density functional 'Vosko, Wilk & Nusair (VWN5_RPA)' belongs to the 'LDA' family and is defined in the reference(s):
(0): S. H. Vosko, L. Wilk, and M. Nusair.,  Can. J. Phys. 58, 1200 (1980)
The density functional 'Lee, Yang & Parr' belongs to the 'GGA' family and is defined in the reference(s):
(0): C. Lee, W. Yang, and R. G. Parr.,  Phys. Rev. B 37, 785 (1988)
(1): B. Miehlich, A. Savin, H. Stoll, and H. Preuss.,  Chem. Phys. Lett. 157, 200 (1989)
<start_mo> for the frozen-core post-SCF methods 10 is smaller than the number of ecp orbitals 14. Set <start_mo> = 0
Libxc version used in REST: 7.0.0
nbas: 33, natm: 3 for standard basis sets
First valence state for the frozen-core algorithm:     0
final nbas: 124,final natm: 6
numbasis: 93, num_auxbas: 361
Molecule_name: hobr
Restricted Hartree-Fock (or Kohn-Sham) algorithm is invoked.
Nuc_energy:      22.11088467 Hartree
No ghost effective potential
No ghost point charges
Overlap matrix is nonsigular:
  Lowest eigenvalue:       0.00274634 with the total number of basis functions:     93
Grid size: 45190
Generate SAD of O
Generate SAD of H
Generate SAD of Br
Initial guess HF energy:     -90.7655157823365215
The total energy:       -90.5928626756 Ha by the initial guess
Energy:     -89.9664209560 Ha after    1 iterations (in       0.06 seconds).
SCF Change: DM 1.72024e-2; eev  3.36530e0 Ha; etot  1.42092e0 Ha
Energy:     -88.5454971020 Ha after    2 iterations (in       0.06 seconds).
SCF Change: DM 1.78830e-3; eev 5.85002e-1 Ha; etot -2.19416e0 Ha
Energy:     -90.7396561770 Ha after    3 iterations (in       0.05 seconds).
SCF Change: DM 9.58055e-4; eev 3.01384e-1 Ha; etot -3.29738e-3 Ha
Energy:     -90.7429535609 Ha after    4 iterations (in       0.06 seconds).
SCF Change: DM 2.48427e-4; eev 5.62302e-2 Ha; etot -2.66128e-3 Ha
Energy:     -90.7456148395 Ha after    5 iterations (in       0.06 seconds).
SCF Change: DM 3.01007e-5; eev 5.50404e-3 Ha; etot -3.09773e-4 Ha
Energy:     -90.7459246126 Ha after    6 iterations (in       0.06 seconds).
SCF Change: DM 3.91693e-6; eev 6.98839e-4 Ha; etot -4.84921e-6 Ha
Energy:     -90.7459294618 Ha after    7 iterations (in       0.06 seconds).
SCF Change: DM 1.47766e-6; eev 2.71536e-4 Ha; etot -6.21337e-8 Ha
Energy:     -90.7459295240 Ha after    8 iterations (in       0.06 seconds).
SCF Change: DM 1.80532e-7; eev 3.51596e-5 Ha; etot -8.62410e-9 Ha
Energy:     -90.7459295326 Ha after    9 iterations (in       0.06 seconds).
SCF Change: DM 4.06112e-8; eev 6.90652e-6 Ha; etot -2.31751e-10 Ha
Energy:     -90.7459295328 Ha after   10 iterations (in       0.05 seconds).
SCF Change: DM 9.39482e-9; eev 1.25941e-6 Ha; etot -7.87281e-12 Ha
Energy:     -90.7459295328 Ha after   11 iterations (in       0.05 seconds).
SCF Change: DM 1.68733e-9; eev 1.31249e-7 Ha; etot -5.68434e-14 Ha
Energy:     -90.7459295328 Ha after   12 iterations (in       0.05 seconds).
SCF Change: DM 4.21040e-10; eev 7.57736e-8 Ha; etot -2.13163e-13 Ha
Energy:     -90.7459295328 Ha after   13 iterations (in       0.05 seconds).
SCF Change: DM 7.88352e-11; eev 1.61881e-8 Ha; etot -1.42109e-13 Ha
Energy:     -90.7459295328 Ha after   14 iterations (in       0.05 seconds).
SCF Change: DM 1.23804e-11; eev 2.83362e-9 Ha; etot 1.70530e-13 Ha
Energy:     -90.7459295328 Ha after   15 iterations (in       0.05 seconds).
SCF is converged after   15 iterations.
==========================================
Now evaluate the    PT2 correlation energy
==========================================
----------------------------------------------------------------------
Methods         :       Total Corr,          OS Corr,          SS Corr
----------------------------------------------------------------------
PT2             :      -0.66639013,      -0.50652290,      -0.15986723
----------------------------------------------------------------------
Fifth-rung correlation energy :      -0.221046593329 Ha
E[XYGJOS]=:     -90.49136980 Ha, Ex[HF]:     -11.10636674 Ha, Ec[PT2  ]:      -0.66639013 Ha
Mulliken population analysis:
  0-O  :  -0.292772
  1-H  :   0.206091
  2-Br :   0.086680

====================================================
              REST: Mission accomplished
====================================================
The SCF energy        :     -90.7459295328 Ha
The (R)-xDH energy    :     -90.4913698043 Ha
Detailed time report:
Overall   |:    2.684 s for the whole job
SCF       |:    2.103 s for the scf procedure
PT2       |:    0.111 s for the PT2 evaluation
