=========================================================
Input parameters for the REST calculation
=========================================================
Calculation type: Single-point energy
The exchange-correlation method: xygjos
Print level:                1
The number of threads used for parallelism:      4
The spheric-GTO basis set is taken from /home/symei/def2-TZVPP-ptype
The pruning method is nwchem
The radial grid generation method is treutler
ERI Type: ri_v
Turn on the basis pair symmetry for RI 3D-tensors
The spheric-GTO auxiliary basis set is taken from /home/symei/def2-SV(P)-JKFIT
Spin polarization: Off
Charge:   0; Spin:   1
min_num_angular_points: 110
max_num_angular_points: 590
hardness: 3
Grid generation level: 3
Even tempered basis generation: false
SCF convergency thresholds: 1e-8 for density matrix
                            1e-8 Ha. for sum of eigenvalues
                            1e-8 Ha. for total energy
Max. SCF cycle number:      250
The diis mixing with (param, max_vec_len) = (0.2, 8) is employed for the SCF procedure
Turn on the diis mixing after 1 step(s) of SCF iteractions with the linear mixing
The specified checkfile exists but is not loaded because the keyword 'external_init_guess' is specified
It will be updated after the SCF procedure 
(none)
Initial guess is prepared by (sad).
It is a finite cluster calculation
the scf functional for 'xygjos' contains
The density functional 'B3LYP' belongs to the 'Hybrid GGA' family and is defined in the reference(s):
(0): P. J. Stephens, F. J. Devlin, C. F. Chabalowski, and M. J. Frisch.,  J. Phys. Chem. 98, 11623 (1994)
the post-scf functional 'xygjos' is employed, which contains
The density functional 'Slater exchange' belongs to the 'LDA' family and is defined in the reference(s):
(0): P. A. M. Dirac.,  Math. Proc. Cambridge Philos. Soc. 26, 376 (1930)
(1): F. Bloch.,  Z. Phys. 57, 545 (1929)
The density functional 'Becke 88' belongs to the 'GGA' family and is defined in the reference(s):
(0): A. D. Becke.,  Phys. Rev. A 38, 3098 (1988)
The density functional 'Vosko, Wilk & Nusair (VWN5_RPA)' belongs to the 'LDA' family and is defined in the reference(s):
(0): S. H. Vosko, L. Wilk, and M. Nusair.,  Can. J. Phys. 58, 1200 (1980)
The density functional 'Lee, Yang & Parr' belongs to the 'GGA' family and is defined in the reference(s):
(0): C. Lee, W. Yang, and R. G. Parr.,  Phys. Rev. B 37, 785 (1988)
(1): B. Miehlich, A. Savin, H. Stoll, and H. Preuss.,  Chem. Phys. Lett. 157, 200 (1989)
<start_mo> for the frozen-core post-SCF methods 14 is larger than the number of ecp orbitals 14. Take the <start_mo> -= ecp_orbitals
Libxc version used in REST: 7.0.0
nbas: 28, natm: 2 for standard basis sets
First valence state for the frozen-core algorithm:     0
final nbas: 122,final natm: 4
numbasis: 80, num_auxbas: 378
Molecule_name: nabr
Restricted Hartree-Fock (or Kohn-Sham) algorithm is invoked.
Nuc_energy:      16.20902857 Hartree
No ghost effective potential
No ghost point charges
Overlap matrix is nonsigular:
  Lowest eigenvalue:       0.01111532 with the total number of basis functions:     80
Grid size: 37792
Generate SAD of Na
Generate SAD of Br
Initial guess HF energy:    -176.7752529166200759
The total energy:      -176.9374718575 Ha by the initial guess
Energy:    -176.2939425104 Ha after    1 iterations (in       0.04 seconds).
SCF Change: DM 1.49808e-2; eev  4.50272e0 Ha; etot 2.36475e-1 Ha
Energy:    -176.0574675844 Ha after    2 iterations (in       0.04 seconds).
SCF Change: DM 6.99305e-3; eev  1.08249e0 Ha; etot -1.20787e0 Ha
Energy:    -177.2653348502 Ha after    3 iterations (in       0.04 seconds).
SCF Change: DM 9.70590e-4; eev 8.70639e-2 Ha; etot -4.92208e-2 Ha
Energy:    -177.3145556473 Ha after    4 iterations (in       0.04 seconds).
SCF Change: DM 2.57424e-4; eev 4.19768e-2 Ha; etot -3.29397e-3 Ha
Energy:    -177.3178496125 Ha after    5 iterations (in       0.04 seconds).
SCF Change: DM 6.91736e-5; eev 7.11476e-3 Ha; etot -2.03617e-4 Ha
Energy:    -177.3180532298 Ha after    6 iterations (in       0.04 seconds).
SCF Change: DM 6.02378e-6; eev 1.05844e-3 Ha; etot -5.57453e-6 Ha
Energy:    -177.3180588044 Ha after    7 iterations (in       0.05 seconds).
SCF Change: DM 2.16226e-6; eev 3.01072e-4 Ha; etot -5.87023e-8 Ha
Energy:    -177.3180588631 Ha after    8 iterations (in       0.05 seconds).
SCF Change: DM 5.48692e-7; eev 1.14413e-4 Ha; etot -5.42326e-9 Ha
Energy:    -177.3180588685 Ha after    9 iterations (in       0.04 seconds).
SCF Change: DM 7.65554e-8; eev 1.03010e-5 Ha; etot -9.80748e-10 Ha
Energy:    -177.3180588695 Ha after   10 iterations (in       0.04 seconds).
SCF Change: DM 4.01891e-9; eev 7.73526e-7 Ha; etot -8.04334e-12 Ha
Energy:    -177.3180588695 Ha after   11 iterations (in       0.04 seconds).
SCF Change: DM 8.99333e-10; eev 2.79262e-8 Ha; etot -1.42109e-13 Ha
Energy:    -177.3180588695 Ha after   12 iterations (in       0.04 seconds).
SCF Change: DM 4.20776e-11; eev 5.05654e-9 Ha; etot -9.37916e-13 Ha
Energy:    -177.3180588695 Ha after   13 iterations (in       0.04 seconds).
SCF is converged after   13 iterations.
==========================================
Now evaluate the    PT2 correlation energy
==========================================
----------------------------------------------------------------------
Methods         :       Total Corr,          OS Corr,          SS Corr
----------------------------------------------------------------------
PT2             :      -0.49897986,      -0.36970354,      -0.12927632
----------------------------------------------------------------------
Fifth-rung correlation energy :      -0.161338624061 Ha
E[XYGJOS]=:    -176.93718487 Ha, Ex[HF]:     -16.64636304 Ha, Ec[PT2  ]:      -0.49897986 Ha
Mulliken population analysis:
  0-Na :   0.673626
  1-Br :  -0.673626

====================================================
              REST: Mission accomplished
====================================================
The SCF energy        :    -177.3180588695 Ha
The (R)-xDH energy    :    -176.9371848691 Ha
Detailed time report:
PT2       |:    0.097 s for the PT2 evaluation
SCF       |:    1.619 s for the scf procedure
Overall   |:    2.170 s for the whole job
