=========================================================
Input parameters for the REST calculation
=========================================================
Calculation type: Single-point energy
The exchange-correlation method: b3lyp
Print level:                1
The number of threads used for parallelism:      4
The spheric-GTO basis set is taken from /home/symei/def2-TZVPP-mixed
The pruning method is nwchem
The radial grid generation method is treutler
ERI Type: ri_v
Turn on the basis pair symmetry for RI 3D-tensors
The spheric-GTO auxiliary basis set is taken from /home/symei/def2-SV(P)-JKFIT
Spin polarization: Off
Charge:   0; Spin:   1
min_num_angular_points: 110
max_num_angular_points: 590
hardness: 3
Grid generation level: 3
Even tempered basis generation: false
SCF convergency thresholds: 1e-7 for density matrix
                            1e-7 Ha. for sum of eigenvalues
                            1e-8 Ha. for total energy
Max. SCF cycle number:      400
The diis mixing with (param, max_vec_len) = (0.2, 8) is employed for the SCF procedure
Turn on the diis mixing after 1 step(s) of SCF iteractions with the linear mixing
The specified checkfile exists but is not loaded because the keyword 'external_init_guess' is specified
It will be updated after the SCF procedure 
(none)
Initial guess is prepared by (sad).
It is a finite cluster calculation
the functional of 'b3lyp' contains
The density functional 'B3LYP' belongs to the 'Hybrid GGA' family and is defined in the reference(s):
(0): P. J. Stephens, F. J. Devlin, C. F. Chabalowski, and M. J. Frisch.,  J. Phys. Chem. 98, 11623 (1994)
<start_mo> for the frozen-core post-SCF methods 18 is smaller than the number of ecp orbitals 28. Set <start_mo> = 0
Libxc version used in REST: 7.0.0
nbas: 32, natm: 2 for standard basis sets
First valence state for the frozen-core algorithm:     0
final nbas: 152,final natm: 4
numbasis: 96, num_auxbas: 532
Molecule_name: br2
Restricted Hartree-Fock (or Kohn-Sham) algorithm is invoked.
Nuc_energy:      11.19609389 Hartree
No ghost effective potential
No ghost point charges
Overlap matrix is nonsigular:
  Lowest eigenvalue:       0.00835797 with the total number of basis functions:     96
Grid size: 41808
Generate SAD of Br
Initial guess HF energy:     -30.1778728439195270
The total energy:       -30.2060827339 Ha by the initial guess
Energy:     -30.2065342422 Ha after    1 iterations (in       0.09 seconds).
SCF Change: DM 2.34374e-3; eev  1.79999e2 Ha; etot 1.20537e-2 Ha
Energy:     -30.1944805751 Ha after    2 iterations (in       0.09 seconds).
SCF Change: DM 1.85695e-4; eev  2.75713e1 Ha; etot -1.88052e-2 Ha
Energy:     -30.2132857324 Ha after    3 iterations (in       0.08 seconds).
SCF Change: DM 2.77913e-4; eev  1.78714e2 Ha; etot -2.92898e-4 Ha
Energy:     -30.2135786306 Ha after    4 iterations (in       0.07 seconds).
SCF Change: DM 1.63235e-4; eev  5.58232e0 Ha; etot -9.05778e-5 Ha
Energy:     -30.2136692085 Ha after    5 iterations (in       0.08 seconds).
SCF Change: DM 3.80956e-5; eev  1.89863e1 Ha; etot -3.67890e-5 Ha
Energy:     -30.2137059974 Ha after    6 iterations (in       0.08 seconds).
SCF Change: DM 5.27247e-5; eev  1.14032e1 Ha; etot -4.25598e-6 Ha
Energy:     -30.2137102534 Ha after    7 iterations (in       0.08 seconds).
SCF Change: DM 3.88792e-6; eev  2.40750e0 Ha; etot -1.87905e-6 Ha
Energy:     -30.2137121324 Ha after    8 iterations (in       0.08 seconds).
SCF Change: DM 2.81475e-7; eev 3.19904e-2 Ha; etot -1.20365e-8 Ha
Energy:     -30.2137121445 Ha after    9 iterations (in       0.08 seconds).
SCF Change: DM 3.43897e-8; eev 6.71044e-3 Ha; etot -2.52701e-10 Ha
Energy:     -30.2137121447 Ha after   10 iterations (in       0.07 seconds).
SCF Change: DM 1.36562e-8; eev 1.41951e-3 Ha; etot -5.54223e-13 Ha
Energy:     -30.2137121447 Ha after   11 iterations (in       0.08 seconds).
SCF Change: DM 4.92791e-9; eev 8.08266e-5 Ha; etot  0.00000e0 Ha
Energy:     -30.2137121447 Ha after   12 iterations (in       0.07 seconds).
SCF Change: DM 3.82607e-10; eev 1.08299e-5 Ha; etot -1.03029e-13 Ha
Energy:     -30.2137121447 Ha after   13 iterations (in       0.07 seconds).
SCF Change: DM 2.20813e-10; eev 1.30615e-5 Ha; etot 3.19744e-14 Ha
Energy:     -30.2137121447 Ha after   14 iterations (in       0.07 seconds).
SCF Change: DM 3.93220e-11; eev 3.61664e-6 Ha; etot -2.84217e-14 Ha
Energy:     -30.2137121447 Ha after   15 iterations (in       0.07 seconds).
SCF Change: DM 8.13062e-12; eev 5.94919e-7 Ha; etot 1.06581e-14 Ha
Energy:     -30.2137121447 Ha after   16 iterations (in       0.07 seconds).
SCF Change: DM 1.70277e-12; eev 8.83718e-8 Ha; etot 3.90799e-14 Ha
Energy:     -30.2137121447 Ha after   17 iterations (in       0.08 seconds).
SCF is converged after   17 iterations.
Mulliken population analysis:
  0-Br :  -0.000000
  1-Br :   0.000000

====================================================
              REST: Mission accomplished
====================================================
The SCF energy        :     -30.2137121447 Ha
Detailed time report:
Overall   |:    3.359 s for the whole job
SCF       |:    2.920 s for the scf procedure
