=========================================================
Input parameters for the REST calculation
=========================================================
Calculation type: Single-point energy
The exchange-correlation method: b3lyp
Print level:                1
The number of threads used for parallelism:      4
The spheric-GTO basis set is taken from /home/symei/def2-TZVPP-mixed
The pruning method is nwchem
The radial grid generation method is treutler
ERI Type: ri_v
Turn on the basis pair symmetry for RI 3D-tensors
The spheric-GTO auxiliary basis set is taken from /home/symei/def2-SV(P)-JKFIT
Spin polarization: Off
Charge:   0; Spin:   1
min_num_angular_points: 110
max_num_angular_points: 590
hardness: 3
Grid generation level: 3
Even tempered basis generation: false
SCF convergency thresholds: 1e-7 for density matrix
                            1e-7 Ha. for sum of eigenvalues
                            1e-8 Ha. for total energy
Max. SCF cycle number:      400
The diis mixing with (param, max_vec_len) = (0.2, 8) is employed for the SCF procedure
Turn on the diis mixing after 1 step(s) of SCF iteractions with the linear mixing
The specified checkfile exists but is not loaded because the keyword 'external_init_guess' is specified
It will be updated after the SCF procedure 
(none)
Initial guess is prepared by (sad).
It is a finite cluster calculation
the functional of 'b3lyp' contains
The density functional 'B3LYP' belongs to the 'Hybrid GGA' family and is defined in the reference(s):
(0): P. J. Stephens, F. J. Devlin, C. F. Chabalowski, and M. J. Frisch.,  J. Phys. Chem. 98, 11623 (1994)
<start_mo> for the frozen-core post-SCF methods 14 is larger than the number of ecp orbitals 14. Take the <start_mo> -= ecp_orbitals
Libxc version used in REST: 7.0.0
nbas: 30, natm: 2 for standard basis sets
First valence state for the frozen-core algorithm:     0
final nbas: 128,final natm: 4
numbasis: 90, num_auxbas: 394
Molecule_name: brcl
Restricted Hartree-Fock (or Kohn-Sham) algorithm is invoked.
Nuc_energy:      29.08125662 Hartree
No ghost effective potential
No ghost point charges
Overlap matrix is nonsigular:
  Lowest eigenvalue:       0.00912335 with the total number of basis functions:     90
Grid size: 39784
Generate SAD of Br
Generate SAD of Cl
Initial guess HF energy:    -475.3508628173759689
The total energy:      -475.3075768843 Ha by the initial guess
Energy:    -475.2080955937 Ha after    1 iterations (in       0.07 seconds).
SCF Change: DM 1.16174e-2; eev  6.53543e1 Ha; etot 3.25451e-1 Ha
Energy:    -474.8826449369 Ha after    2 iterations (in       0.07 seconds).
SCF Change: DM 1.28021e-3; eev  3.69892e0 Ha; etot -4.39507e-1 Ha
Energy:    -475.3221521351 Ha after    3 iterations (in       0.07 seconds).
SCF Change: DM 1.74543e-4; eev  1.51461e1 Ha; etot -2.00934e-3 Ha
Energy:    -475.3241614786 Ha after    4 iterations (in       0.07 seconds).
SCF Change: DM 1.79978e-4; eev  6.69937e1 Ha; etot -2.71296e-4 Ha
Energy:    -475.3244327744 Ha after    5 iterations (in       0.07 seconds).
SCF Change: DM 9.99704e-5; eev  2.60377e1 Ha; etot -5.81500e-5 Ha
Energy:    -475.3244909244 Ha after    6 iterations (in       0.07 seconds).
SCF Change: DM 2.27602e-5; eev  9.64876e0 Ha; etot -3.19148e-5 Ha
Energy:    -475.3245228392 Ha after    7 iterations (in       0.08 seconds).
SCF Change: DM 7.34968e-6; eev  2.78262e0 Ha; etot -1.40233e-6 Ha
Energy:    -475.3245242416 Ha after    8 iterations (in       0.07 seconds).
SCF Change: DM 3.13312e-6; eev 5.12289e-1 Ha; etot -1.21622e-7 Ha
Energy:    -475.3245243632 Ha after    9 iterations (in       0.07 seconds).
SCF Change: DM 2.46507e-6; eev 2.76688e-1 Ha; etot -2.02039e-8 Ha
Energy:    -475.3245243834 Ha after   10 iterations (in       0.07 seconds).
SCF Change: DM 7.09335e-7; eev 3.27134e-2 Ha; etot -9.57920e-9 Ha
Energy:    -475.3245243930 Ha after   11 iterations (in       0.07 seconds).
SCF Change: DM 1.61240e-7; eev 4.29986e-2 Ha; etot -6.37613e-10 Ha
Energy:    -475.3245243936 Ha after   12 iterations (in       0.07 seconds).
SCF Change: DM 2.53238e-8; eev 3.49353e-5 Ha; etot -2.33058e-11 Ha
Energy:    -475.3245243936 Ha after   13 iterations (in       0.06 seconds).
SCF Change: DM 9.82526e-9; eev 6.58005e-4 Ha; etot 5.68434e-13 Ha
Energy:    -475.3245243936 Ha after   14 iterations (in       0.07 seconds).
SCF Change: DM 1.17391e-9; eev 3.52386e-5 Ha; etot -3.97904e-13 Ha
Energy:    -475.3245243936 Ha after   15 iterations (in       0.07 seconds).
SCF Change: DM 4.33601e-10; eev 1.91065e-5 Ha; etot  0.00000e0 Ha
Energy:    -475.3245243936 Ha after   16 iterations (in       0.07 seconds).
SCF Change: DM 2.70097e-11; eev 1.26254e-6 Ha; etot 4.54747e-13 Ha
Energy:    -475.3245243936 Ha after   17 iterations (in       0.07 seconds).
SCF Change: DM 1.02642e-11; eev 2.95631e-7 Ha; etot 6.82121e-13 Ha
Energy:    -475.3245243936 Ha after   18 iterations (in       0.07 seconds).
SCF Change: DM 3.64433e-12; eev 2.98193e-7 Ha; etot -1.64846e-12 Ha
Energy:    -475.3245243936 Ha after   19 iterations (in       0.07 seconds).
SCF Change: DM 6.85717e-13; eev 1.68902e-8 Ha; etot 1.42109e-12 Ha
Energy:    -475.3245243936 Ha after   20 iterations (in       0.07 seconds).
SCF is converged after   20 iterations.
Mulliken population analysis:
  0-Br :   0.162500
  1-Cl :  -0.162500

====================================================
              REST: Mission accomplished
====================================================
The SCF energy        :    -475.3245243936 Ha
Detailed time report:
SCF       |:    2.813 s for the scf procedure
Overall   |:    3.323 s for the whole job
