=========================================================
Input parameters for the REST calculation
=========================================================
Calculation type: Single-point energy
The exchange-correlation method: b3lyp
Print level:                1
The number of threads used for parallelism:      4
The spheric-GTO basis set is taken from /home/symei/def2-TZVPP-mixed
The pruning method is nwchem
The radial grid generation method is treutler
ERI Type: ri_v
Turn on the basis pair symmetry for RI 3D-tensors
The spheric-GTO auxiliary basis set is taken from /home/symei/def2-SV(P)-JKFIT
Spin polarization: Off
Charge:   0; Spin:   1
min_num_angular_points: 110
max_num_angular_points: 590
hardness: 3
Grid generation level: 3
Even tempered basis generation: false
SCF convergency thresholds: 1e-7 for density matrix
                            1e-7 Ha. for sum of eigenvalues
                            1e-8 Ha. for total energy
Max. SCF cycle number:      400
The diis mixing with (param, max_vec_len) = (0.2, 8) is employed for the SCF procedure
Turn on the diis mixing after 1 step(s) of SCF iteractions with the linear mixing
The specified checkfile exists but is not loaded because the keyword 'external_init_guess' is specified
It will be updated after the SCF procedure 
(none)
Initial guess is prepared by (sad).
It is a finite cluster calculation
the functional of 'b3lyp' contains
The density functional 'B3LYP' belongs to the 'Hybrid GGA' family and is defined in the reference(s):
(0): P. J. Stephens, F. J. Devlin, C. F. Chabalowski, and M. J. Frisch.,  J. Phys. Chem. 98, 11623 (1994)
<start_mo> for the frozen-core post-SCF methods 21 is smaller than the number of ecp orbitals 28. Set <start_mo> = 0
Libxc version used in REST: 7.0.0
nbas: 101, natm: 11 for standard basis sets
First valence state for the frozen-core algorithm:     0
final nbas: 332,final natm: 22
numbasis: 273, num_auxbas: 865
Molecule_name: c-cbrcbr
Restricted Hartree-Fock (or Kohn-Sham) algorithm is invoked.
Nuc_energy:     140.66498059 Hartree
No ghost effective potential
No ghost point charges
Overlap matrix is nonsigular:
  Lowest eigenvalue:       0.00024625 with the total number of basis functions:    273
Grid size: 143658
Generate SAD of C
Generate SAD of H
Generate SAD of Br
Initial guess HF energy:    -148.7167936791406930
The total energy:      -147.7631673087 Ha by the initial guess
Energy:    -142.5300363738 Ha after    1 iterations (in       1.02 seconds).
SCF Change: DM 6.91260e-2; eev  6.98484e1 Ha; etot  3.40021e1 Ha
Energy:    -108.5278879067 Ha after    2 iterations (in       0.98 seconds).
SCF Change: DM 2.91116e-2; eev  5.88004e1 Ha; etot -3.66883e1 Ha
Energy:    -145.2161699639 Ha after    3 iterations (in       0.97 seconds).
SCF Change: DM 1.75198e-2; eev  1.07013e1 Ha; etot  5.72380e1 Ha
Energy:     -87.9782144586 Ha after    4 iterations (in       1.10 seconds).
SCF Change: DM 1.92593e-2; eev  2.00291e1 Ha; etot -4.02601e1 Ha
Energy:    -128.2383250591 Ha after    5 iterations (in       1.08 seconds).
SCF Change: DM 1.00628e-2; eev  1.31870e2 Ha; etot -1.94279e1 Ha
Energy:    -147.6662090861 Ha after    6 iterations (in       1.10 seconds).
SCF Change: DM 7.97560e-3; eev  2.38132e1 Ha; etot 5.40881e-1 Ha
Energy:    -147.1253276521 Ha after    7 iterations (in       0.99 seconds).
SCF Change: DM 1.63916e-3; eev  4.67931e1 Ha; etot -1.03303e0 Ha
Energy:    -148.1583546915 Ha after    8 iterations (in       0.91 seconds).
SCF Change: DM 8.01570e-4; eev  9.37276e1 Ha; etot -2.17154e-2 Ha
Energy:    -148.1800700415 Ha after    9 iterations (in       0.91 seconds).
SCF Change: DM 3.01900e-4; eev  8.02007e1 Ha; etot -1.02489e-2 Ha
Energy:    -148.1903189375 Ha after   10 iterations (in       1.06 seconds).
SCF Change: DM 1.08658e-4; eev  2.44237e1 Ha; etot -1.29297e-3 Ha
Energy:    -148.1916119111 Ha after   11 iterations (in       0.99 seconds).
SCF Change: DM 5.86565e-5; eev  9.42530e0 Ha; etot -1.23790e-4 Ha
Energy:    -148.1917357010 Ha after   12 iterations (in       1.10 seconds).
SCF Change: DM 6.80491e-5; eev  7.51487e0 Ha; etot -6.11143e-5 Ha
Energy:    -148.1917968153 Ha after   13 iterations (in       1.06 seconds).
SCF Change: DM 6.28183e-5; eev  1.85566e0 Ha; etot -4.04085e-5 Ha
Energy:    -148.1918372238 Ha after   14 iterations (in       1.02 seconds).
SCF Change: DM 8.24895e-5; eev  2.00385e0 Ha; etot -3.19988e-5 Ha
Energy:    -148.1918692226 Ha after   15 iterations (in       1.01 seconds).
SCF Change: DM 5.88527e-5; eev  1.78781e0 Ha; etot -3.66107e-5 Ha
Energy:    -148.1919058333 Ha after   16 iterations (in       1.10 seconds).
SCF Change: DM 7.38192e-5; eev 6.82586e-1 Ha; etot -2.40230e-5 Ha
Energy:    -148.1919298563 Ha after   17 iterations (in       1.01 seconds).
SCF Change: DM 9.62470e-5; eev 6.53913e-1 Ha; etot -2.80087e-5 Ha
Energy:    -148.1919578650 Ha after   18 iterations (in       0.94 seconds).
SCF Change: DM 1.88830e-5; eev 7.04918e-1 Ha; etot -3.22802e-5 Ha
Energy:    -148.1919901453 Ha after   19 iterations (in       0.98 seconds).
SCF Change: DM 2.01537e-4; eev  2.12792e0 Ha; etot -5.53892e-6 Ha
Energy:    -148.1919956842 Ha after   20 iterations (in       0.94 seconds).
SCF Change: DM 3.40444e-5; eev 7.41748e-1 Ha; etot -3.50055e-5 Ha
Energy:    -148.1920306897 Ha after   21 iterations (in       1.05 seconds).
Energy increase is detected. Turn on the linear mixing algorithm with (H[DIIS, i-1] + H[DIIS, i+1]).
Prev_Energies: (   -148.19203069,    -148.19202947)
SCF Change: DM 3.75799e-5; eev 5.44123e-1 Ha; etot 1.21649e-6 Ha
Energy:    -148.1920294732 Ha after   22 iterations (in       0.98 seconds).
SCF Change: DM 4.00034e-5; eev  2.67441e0 Ha; etot -1.82866e-6 Ha
Energy:    -148.1920313019 Ha after   23 iterations (in       0.93 seconds).
SCF Change: DM 3.14158e-5; eev 2.80033e-1 Ha; etot -7.04626e-7 Ha
Energy:    -148.1920320065 Ha after   24 iterations (in       0.93 seconds).
SCF Change: DM 1.14594e-5; eev 5.20382e-1 Ha; etot -2.26156e-6 Ha
Energy:    -148.1920342680 Ha after   25 iterations (in       0.92 seconds).
SCF Change: DM 1.52832e-5; eev 1.65659e-1 Ha; etot -6.09090e-7 Ha
Energy:    -148.1920348771 Ha after   26 iterations (in       0.93 seconds).
SCF Change: DM 9.28183e-6; eev 1.13998e-1 Ha; etot -5.69718e-7 Ha
Energy:    -148.1920354468 Ha after   27 iterations (in       0.92 seconds).
SCF Change: DM 8.94009e-6; eev 1.93407e-2 Ha; etot -2.82539e-7 Ha
Energy:    -148.1920357294 Ha after   28 iterations (in       0.91 seconds).
SCF Change: DM 8.41301e-6; eev 1.14051e-1 Ha; etot -1.78958e-7 Ha
Energy:    -148.1920359083 Ha after   29 iterations (in       0.93 seconds).
SCF Change: DM 5.53662e-6; eev 1.78315e-1 Ha; etot -1.28338e-7 Ha
Energy:    -148.1920360367 Ha after   30 iterations (in       1.12 seconds).
SCF Change: DM 4.03893e-6; eev 4.47567e-2 Ha; etot -4.03125e-8 Ha
Energy:    -148.1920360770 Ha after   31 iterations (in       0.99 seconds).
SCF Change: DM 1.11397e-6; eev 3.62042e-2 Ha; etot -2.49292e-8 Ha
Energy:    -148.1920361019 Ha after   32 iterations (in       0.98 seconds).
SCF Change: DM 1.15052e-6; eev 8.00179e-3 Ha; etot -6.31468e-9 Ha
Energy:    -148.1920361082 Ha after   33 iterations (in       0.92 seconds).
SCF Change: DM 1.32365e-6; eev 8.57386e-3 Ha; etot -6.62871e-9 Ha
Energy:    -148.1920361149 Ha after   34 iterations (in       0.92 seconds).
SCF Change: DM 1.10362e-6; eev 1.53617e-2 Ha; etot -7.46397e-9 Ha
Energy:    -148.1920361223 Ha after   35 iterations (in       1.00 seconds).
SCF Change: DM 2.47616e-6; eev 2.06235e-2 Ha; etot -5.34513e-9 Ha
Energy:    -148.1920361277 Ha after   36 iterations (in       1.02 seconds).
SCF Change: DM 4.67049e-7; eev 1.57864e-2 Ha; etot -9.13906e-9 Ha
Energy:    -148.1920361368 Ha after   37 iterations (in       1.08 seconds).
SCF Change: DM 8.66982e-7; eev 6.30972e-3 Ha; etot -1.31021e-9 Ha
Energy:    -148.1920361381 Ha after   38 iterations (in       1.00 seconds).
SCF Change: DM 9.73629e-7; eev 6.26960e-3 Ha; etot -2.24077e-9 Ha
Energy:    -148.1920361404 Ha after   39 iterations (in       0.93 seconds).
SCF Change: DM 9.87392e-7; eev 1.68484e-2 Ha; etot -2.37964e-9 Ha
Energy:    -148.1920361427 Ha after   40 iterations (in       0.92 seconds).
SCF Change: DM 1.40465e-6; eev 9.17917e-3 Ha; etot -1.98662e-9 Ha
Energy:    -148.1920361447 Ha after   41 iterations (in       0.92 seconds).
SCF Change: DM 7.54059e-7; eev 8.43372e-3 Ha; etot -1.85389e-9 Ha
Energy:    -148.1920361466 Ha after   42 iterations (in       1.07 seconds).
SCF Change: DM 2.81983e-7; eev 5.89225e-3 Ha; etot -7.15033e-10 Ha
Energy:    -148.1920361473 Ha after   43 iterations (in       1.02 seconds).
SCF Change: DM 2.82818e-7; eev 3.97795e-3 Ha; etot -2.28425e-10 Ha
Energy:    -148.1920361475 Ha after   44 iterations (in       1.06 seconds).
SCF Change: DM 2.31471e-7; eev 1.05390e-3 Ha; etot -2.12253e-10 Ha
Energy:    -148.1920361477 Ha after   45 iterations (in       1.01 seconds).
SCF Change: DM 2.89169e-7; eev 1.33442e-3 Ha; etot -1.43530e-10 Ha
Energy:    -148.1920361479 Ha after   46 iterations (in       1.06 seconds).
SCF Change: DM 1.80019e-7; eev 9.39059e-4 Ha; etot -1.65073e-10 Ha
Energy:    -148.1920361481 Ha after   47 iterations (in       0.97 seconds).
SCF Change: DM 2.59421e-7; eev 1.83550e-3 Ha; etot -8.17977e-11 Ha
Energy:    -148.1920361481 Ha after   48 iterations (in       0.92 seconds).
SCF Change: DM 3.54859e-7; eev 2.13598e-3 Ha; etot -1.01608e-10 Ha
Energy:    -148.1920361482 Ha after   49 iterations (in       1.08 seconds).
SCF Change: DM 4.11361e-8; eev 1.23016e-3 Ha; etot -8.45262e-11 Ha
Energy:    -148.1920361483 Ha after   50 iterations (in       1.05 seconds).
SCF Change: DM 1.84133e-7; eev 9.18195e-4 Ha; etot -6.82121e-13 Ha
Energy:    -148.1920361483 Ha after   51 iterations (in       0.95 seconds).
SCF Change: DM 3.77327e-8; eev 2.61643e-4 Ha; etot -2.15721e-11 Ha
Energy:    -148.1920361483 Ha after   52 iterations (in       1.00 seconds).
SCF Change: DM 5.14719e-8; eev 6.16528e-4 Ha; etot -2.27374e-13 Ha
Energy:    -148.1920361483 Ha after   53 iterations (in       1.02 seconds).
SCF Change: DM 9.56387e-9; eev 2.05710e-4 Ha; etot -1.16529e-11 Ha
Energy:    -148.1920361484 Ha after   54 iterations (in       0.92 seconds).
Energy increase is detected. Turn on the linear mixing algorithm with (H[DIIS, i-1] + H[DIIS, i+1]).
Prev_Energies: (   -148.19203615,    -148.19203615)
SCF Change: DM 1.21316e-8; eev 6.67703e-5 Ha; etot 2.81375e-12 Ha
Energy:    -148.1920361484 Ha after   55 iterations (in       0.93 seconds).
Energy increase is detected. Turn on the linear mixing algorithm with (H[DIIS, i-1] + H[DIIS, i+1]).
Prev_Energies: (   -148.19203615,    -148.19203615)
SCF Change: DM 9.93788e-9; eev 2.23149e-4 Ha; etot 7.10543e-13 Ha
Energy:    -148.1920361483 Ha after   56 iterations (in       0.94 seconds).
SCF Change: DM 5.35447e-8; eev 8.97629e-4 Ha; etot -3.46745e-12 Ha
Energy:    -148.1920361484 Ha after   57 iterations (in       0.94 seconds).
Energy increase is detected. Turn on the linear mixing algorithm with (H[DIIS, i-1] + H[DIIS, i+1]).
Prev_Energies: (   -148.19203615,    -148.19203615)
SCF Change: DM 4.06393e-8; eev 7.11595e-4 Ha; etot 2.35900e-12 Ha
Energy:    -148.1920361484 Ha after   58 iterations (in       0.93 seconds).
Energy increase is detected. Turn on the linear mixing algorithm with (H[DIIS, i-1] + H[DIIS, i+1]).
Prev_Energies: (   -148.19203615,    -148.19203615)
SCF Change: DM 4.32803e-8; eev 7.08529e-4 Ha; etot 1.53477e-12 Ha
Energy:    -148.1920361483 Ha after   59 iterations (in       0.93 seconds).
SCF Change: DM 2.08747e-8; eev 1.03442e-4 Ha; etot -3.92220e-12 Ha
Energy:    -148.1920361484 Ha after   60 iterations (in       0.99 seconds).
SCF Change: DM 7.05235e-9; eev 2.54370e-5 Ha; etot -1.59162e-12 Ha
Energy:    -148.1920361484 Ha after   61 iterations (in       1.00 seconds).
Energy increase is detected. Turn on the linear mixing algorithm with (H[DIIS, i-1] + H[DIIS, i+1]).
Prev_Energies: (   -148.19203615,    -148.19203615)
SCF Change: DM 4.37437e-9; eev 1.73421e-5 Ha; etot 5.54223e-12 Ha
Energy:    -148.1920361483 Ha after   62 iterations (in       1.02 seconds).
SCF Change: DM 1.87879e-8; eev 5.97167e-5 Ha; etot -4.94538e-12 Ha
Energy:    -148.1920361484 Ha after   63 iterations (in       0.95 seconds).
SCF Change: DM 3.13340e-9; eev 2.92877e-5 Ha; etot -8.81073e-13 Ha
Energy:    -148.1920361484 Ha after   64 iterations (in       0.93 seconds).
SCF Change: DM 2.39042e-9; eev 1.50891e-5 Ha; etot -2.84217e-12 Ha
Energy:    -148.1920361484 Ha after   65 iterations (in       0.92 seconds).
Energy increase is detected. Turn on the linear mixing algorithm with (H[DIIS, i-1] + H[DIIS, i+1]).
Prev_Energies: (   -148.19203615,    -148.19203615)
SCF Change: DM 1.86888e-9; eev 1.32890e-5 Ha; etot 5.76961e-12 Ha
Energy:    -148.1920361484 Ha after   66 iterations (in       0.92 seconds).
Energy increase is detected. Turn on the linear mixing algorithm with (H[DIIS, i-1] + H[DIIS, i+1]).
Prev_Energies: (   -148.19203615,    -148.19203615)
SCF Change: DM 2.23613e-9; eev 1.39100e-5 Ha; etot 2.84217e-14 Ha
Energy:    -148.1920361484 Ha after   67 iterations (in       0.94 seconds).
SCF Change: DM 3.13821e-9; eev 1.92989e-5 Ha; etot -1.56319e-12 Ha
Energy:    -148.1920361484 Ha after   68 iterations (in       0.92 seconds).
Energy increase is detected. Turn on the linear mixing algorithm with (H[DIIS, i-1] + H[DIIS, i+1]).
Prev_Energies: (   -148.19203615,    -148.19203615)
SCF Change: DM 2.30745e-9; eev 1.46421e-5 Ha; etot 6.50857e-12 Ha
Energy:    -148.1920361483 Ha after   69 iterations (in       0.94 seconds).
SCF Change: DM 4.31981e-9; eev 2.97394e-5 Ha; etot -5.57066e-12 Ha
Energy:    -148.1920361484 Ha after   70 iterations (in       0.93 seconds).
Energy increase is detected. Turn on the linear mixing algorithm with (H[DIIS, i-1] + H[DIIS, i+1]).
Prev_Energies: (   -148.19203615,    -148.19203615)
SCF Change: DM 3.35383e-9; eev 2.41267e-5 Ha; etot 8.24230e-13 Ha
Energy:    -148.1920361484 Ha after   71 iterations (in       1.09 seconds).
Energy increase is detected. Turn on the linear mixing algorithm with (H[DIIS, i-1] + H[DIIS, i+1]).
Prev_Energies: (   -148.19203615,    -148.19203615)
SCF Change: DM 3.52456e-9; eev 2.39436e-5 Ha; etot 8.52651e-13 Ha
Energy:    -148.1920361484 Ha after   72 iterations (in       0.97 seconds).
Energy increase is detected. Turn on the linear mixing algorithm with (H[DIIS, i-1] + H[DIIS, i+1]).
Prev_Energies: (   -148.19203615,    -148.19203615)
SCF Change: DM 2.64085e-9; eev 1.93525e-5 Ha; etot 1.36424e-12 Ha
Energy:    -148.1920361483 Ha after   73 iterations (in       1.07 seconds).
SCF Change: DM 3.71347e-9; eev 1.75489e-5 Ha; etot -1.76215e-12 Ha
Energy:    -148.1920361484 Ha after   74 iterations (in       1.07 seconds).
Energy increase is detected. Turn on the linear mixing algorithm with (H[DIIS, i-1] + H[DIIS, i+1]).
Prev_Energies: (   -148.19203615,    -148.19203615)
SCF Change: DM 2.95598e-9; eev 1.39953e-5 Ha; etot 1.98952e-12 Ha
Energy:    -148.1920361483 Ha after   75 iterations (in       0.97 seconds).
Energy increase is detected. Turn on the linear mixing algorithm with (H[DIIS, i-1] + H[DIIS, i+1]).
Prev_Energies: (   -148.19203615,    -148.19203615)
SCF Change: DM 2.99050e-9; eev 1.43775e-5 Ha; etot 8.24230e-13 Ha
Energy:    -148.1920361483 Ha after   76 iterations (in       1.02 seconds).
SCF Change: DM 2.60285e-10; eev 2.70302e-6 Ha; etot -5.94014e-12 Ha
Energy:    -148.1920361484 Ha after   77 iterations (in       1.05 seconds).
Energy increase is detected. Turn on the linear mixing algorithm with (H[DIIS, i-1] + H[DIIS, i+1]).
Prev_Energies: (   -148.19203615,    -148.19203615)
SCF Change: DM 1.56670e-10; eev 1.85357e-6 Ha; etot 2.27374e-13 Ha
Energy:    -148.1920361484 Ha after   78 iterations (in       1.02 seconds).
Energy increase is detected. Turn on the linear mixing algorithm with (H[DIIS, i-1] + H[DIIS, i+1]).
Prev_Energies: (   -148.19203615,    -148.19203615)
SCF Change: DM 2.35412e-10; eev 2.30683e-6 Ha; etot 2.55795e-12 Ha
Energy:    -148.1920361484 Ha after   79 iterations (in       0.94 seconds).
Energy increase is detected. Turn on the linear mixing algorithm with (H[DIIS, i-1] + H[DIIS, i+1]).
Prev_Energies: (   -148.19203615,    -148.19203615)
SCF Change: DM 1.07761e-10; eev 1.35780e-6 Ha; etot 1.16529e-12 Ha
Energy:    -148.1920361484 Ha after   80 iterations (in       0.94 seconds).
Energy increase is detected. Turn on the linear mixing algorithm with (H[DIIS, i-1] + H[DIIS, i+1]).
Prev_Energies: (   -148.19203615,    -148.19203615)
SCF Change: DM 2.10076e-10; eev 1.76205e-6 Ha; etot 2.55795e-13 Ha
Energy:    -148.1920361484 Ha after   81 iterations (in       0.93 seconds).
SCF Change: DM 4.88607e-10; eev 2.29035e-6 Ha; etot -1.30740e-12 Ha
Energy:    -148.1920361484 Ha after   82 iterations (in       0.98 seconds).
Energy increase is detected. Turn on the linear mixing algorithm with (H[DIIS, i-1] + H[DIIS, i+1]).
Prev_Energies: (   -148.19203615,    -148.19203615)
SCF Change: DM 3.78933e-10; eev 1.85575e-6 Ha; etot 5.96856e-13 Ha
Energy:    -148.1920361484 Ha after   83 iterations (in       1.00 seconds).
SCF Change: DM 4.72002e-10; eev 1.37242e-6 Ha; etot -3.49587e-12 Ha
Energy:    -148.1920361484 Ha after   84 iterations (in       0.94 seconds).
Energy increase is detected. Turn on the linear mixing algorithm with (H[DIIS, i-1] + H[DIIS, i+1]).
Prev_Energies: (   -148.19203615,    -148.19203615)
SCF Change: DM 3.70971e-10; eev 1.08238e-6 Ha; etot 2.10321e-12 Ha
Energy:    -148.1920361484 Ha after   85 iterations (in       1.02 seconds).
Energy increase is detected. Turn on the linear mixing algorithm with (H[DIIS, i-1] + H[DIIS, i+1]).
Prev_Energies: (   -148.19203615,    -148.19203615)
SCF Change: DM 3.78512e-10; eev 1.10131e-6 Ha; etot 5.40012e-12 Ha
Energy:    -148.1920361483 Ha after   86 iterations (in       0.92 seconds).
SCF Change: DM 4.00697e-11; eev 2.33235e-7 Ha; etot -4.80327e-12 Ha
Energy:    -148.1920361484 Ha after   87 iterations (in       1.12 seconds).
SCF Change: DM 1.30032e-11; eev 1.12360e-7 Ha; etot -9.66338e-13 Ha
Energy:    -148.1920361484 Ha after   88 iterations (in       1.00 seconds).
Energy increase is detected. Turn on the linear mixing algorithm with (H[DIIS, i-1] + H[DIIS, i+1]).
Prev_Energies: (   -148.19203615,    -148.19203615)
SCF Change: DM 7.08200e-12; eev 1.11014e-7 Ha; etot 4.34852e-12 Ha
Energy:    -148.1920361483 Ha after   89 iterations (in       0.99 seconds).
SCF Change: DM 3.23119e-11; eev 8.21056e-8 Ha; etot -3.69482e-12 Ha
Energy:    -148.1920361484 Ha after   90 iterations (in       1.08 seconds).
SCF is converged after   90 iterations.
Mulliken population analysis:
  0-C  :  -0.224261
  1-H  :   0.084088
  2-H  :   0.092065
  3-H  :   0.106031
  4-C  :  -0.275044
  5-H  :   0.114163
  6-C  :  -0.410081
  7-H  :   0.133180
  8-H  :   0.128767
  9-Br :   0.132808
 10-Br :   0.118283

====================================================
              REST: Mission accomplished
====================================================
The SCF energy        :    -148.1920361484 Ha
Detailed time report:
Overall   |:  100.062 s for the whole job
SCF       |:   99.612 s for the scf procedure
