=========================================================
Input parameters for the REST calculation
=========================================================
Calculation type: Single-point energy
The exchange-correlation method: b3lyp
Print level:                1
The number of threads used for parallelism:      4
The spheric-GTO basis set is taken from /home/symei/def2-TZVPP-mixed
The pruning method is nwchem
The radial grid generation method is treutler
ERI Type: ri_v
Turn on the basis pair symmetry for RI 3D-tensors
The spheric-GTO auxiliary basis set is taken from /home/symei/def2-SV(P)-JKFIT
Spin polarization: Off
Charge:   0; Spin:   1
min_num_angular_points: 110
max_num_angular_points: 590
hardness: 3
Grid generation level: 3
Even tempered basis generation: false
SCF convergency thresholds: 1e-7 for density matrix
                            1e-7 Ha. for sum of eigenvalues
                            1e-8 Ha. for total energy
Max. SCF cycle number:      400
The diis mixing with (param, max_vec_len) = (0.2, 8) is employed for the SCF procedure
Turn on the diis mixing after 1 step(s) of SCF iteractions with the linear mixing
The specified checkfile exists but is not loaded because the keyword 'external_init_guess' is specified
It will be updated after the SCF procedure 
(none)
Initial guess is prepared by (sad).
It is a finite cluster calculation
the functional of 'b3lyp' contains
The density functional 'B3LYP' belongs to the 'Hybrid GGA' family and is defined in the reference(s):
(0): P. J. Stephens, F. J. Devlin, C. F. Chabalowski, and M. J. Frisch.,  J. Phys. Chem. 98, 11623 (1994)
For SCF calculation, no core orbital is frozen by effective core potential (ECP) approximation
Libxc version used in REST: 7.0.0
nbas: 46, natm: 6 for standard basis sets
First valence state for the frozen-core algorithm:     2
final nbas: 120,final natm: 12
numbasis: 118, num_auxbas: 222
Molecule_name: c=c
Restricted Hartree-Fock (or Kohn-Sham) algorithm is invoked.
Nuc_energy:      33.48817116 Hartree
No ghost effective potential
No ghost point charges
Overlap matrix is nonsigular:
  Lowest eigenvalue:       0.00018087 with the total number of basis functions:    118
Grid size: 67900
Generate SAD of C
Generate SAD of H
Initial guess HF energy:     -78.7564265857231476
The total energy:       -78.4155330065 Ha by the initial guess
Energy:     -78.3244742823 Ha after    1 iterations (in       0.10 seconds).
SCF Change: DM 5.63775e-3; eev  1.88663e0 Ha; etot 5.08313e-2 Ha
Energy:     -78.2736429813 Ha after    2 iterations (in       0.10 seconds).
SCF Change: DM 2.13989e-4; eev 1.20288e-1 Ha; etot -3.51616e-1 Ha
Energy:     -78.6252588456 Ha after    3 iterations (in       0.10 seconds).
SCF Change: DM 3.10867e-5; eev 7.75652e-3 Ha; etot -1.42780e-4 Ha
Energy:     -78.6254016258 Ha after    4 iterations (in       0.10 seconds).
SCF Change: DM 5.15156e-6; eev 1.00774e-3 Ha; etot -2.67241e-6 Ha
Energy:     -78.6254042982 Ha after    5 iterations (in       0.10 seconds).
SCF Change: DM 6.18229e-7; eev 1.08702e-4 Ha; etot -1.78258e-7 Ha
Energy:     -78.6254044765 Ha after    6 iterations (in       0.10 seconds).
SCF Change: DM 6.64661e-8; eev 3.78620e-6 Ha; etot -1.46434e-9 Ha
Energy:     -78.6254044780 Ha after    7 iterations (in       0.10 seconds).
SCF Change: DM 2.38927e-9; eev 3.69030e-7 Ha; etot -4.02167e-12 Ha
Energy:     -78.6254044780 Ha after    8 iterations (in       0.10 seconds).
SCF Change: DM 1.81691e-10; eev 5.41478e-8 Ha; etot -3.55271e-13 Ha
Energy:     -78.6254044780 Ha after    9 iterations (in       0.10 seconds).
SCF is converged after    9 iterations.
Mulliken population analysis:
  0-C  :  -0.205756
  1-H  :   0.102873
  2-H  :   0.102883
  3-C  :  -0.205756
  4-H  :   0.102873
  5-H  :   0.102883

====================================================
              REST: Mission accomplished
====================================================
The SCF energy        :     -78.6254044780 Ha
Detailed time report:
SCF       |:    2.500 s for the scf procedure
Overall   |:    2.947 s for the whole job
