=========================================================
Input parameters for the REST calculation
=========================================================
Calculation type: Single-point energy
The exchange-correlation method: b3lyp
Print level:                1
The number of threads used for parallelism:      4
The spheric-GTO basis set is taken from /home/symei/def2-TZVPP-mixed
The pruning method is nwchem
The radial grid generation method is treutler
ERI Type: ri_v
Turn on the basis pair symmetry for RI 3D-tensors
The spheric-GTO auxiliary basis set is taken from /home/symei/def2-SV(P)-JKFIT
Spin polarization: Off
Charge:   0; Spin:   1
min_num_angular_points: 110
max_num_angular_points: 590
hardness: 3
Grid generation level: 3
Even tempered basis generation: false
SCF convergency thresholds: 1e-7 for density matrix
                            1e-7 Ha. for sum of eigenvalues
                            1e-8 Ha. for total energy
Max. SCF cycle number:      400
The diis mixing with (param, max_vec_len) = (0.2, 8) is employed for the SCF procedure
Turn on the diis mixing after 1 step(s) of SCF iteractions with the linear mixing
The specified checkfile exists but is not loaded because the keyword 'external_init_guess' is specified
It will be updated after the SCF procedure 
(none)
Initial guess is prepared by (sad).
It is a finite cluster calculation
the functional of 'b3lyp' contains
The density functional 'B3LYP' belongs to the 'Hybrid GGA' family and is defined in the reference(s):
(0): P. J. Stephens, F. J. Devlin, C. F. Chabalowski, and M. J. Frisch.,  J. Phys. Chem. 98, 11623 (1994)
For SCF calculation, no core orbital is frozen by effective core potential (ECP) approximation
Libxc version used in REST: 7.0.0
nbas: 81, natm: 11 for standard basis sets
First valence state for the frozen-core algorithm:     3
final nbas: 204,final natm: 22
numbasis: 205, num_auxbas: 369
Molecule_name: ccc
Restricted Hartree-Fock (or Kohn-Sham) algorithm is invoked.
Nuc_energy:      82.54282268 Hartree
No ghost effective potential
No ghost point charges
Overlap matrix is nonsigular:
  Lowest eigenvalue:       0.00029363 with the total number of basis functions:    205
Grid size: 121898
Generate SAD of C
Generate SAD of H
Initial guess HF energy:    -119.5284584793774201
The total energy:      -118.8290976036 Ha by the initial guess
Energy:    -118.5282803014 Ha after    1 iterations (in       0.42 seconds).
SCF Change: DM 5.48795e-3; eev  3.18219e0 Ha; etot 3.37845e-1 Ha
Energy:    -118.1904351706 Ha after    2 iterations (in       0.42 seconds).
SCF Change: DM 3.67054e-4; eev 2.70398e-1 Ha; etot -1.00389e0 Ha
Energy:    -119.1943230762 Ha after    3 iterations (in       0.40 seconds).
SCF Change: DM 1.28428e-4; eev 3.66479e-2 Ha; etot -6.41010e-4 Ha
Energy:    -119.1949640860 Ha after    4 iterations (in       0.46 seconds).
SCF Change: DM 3.28562e-5; eev 1.14629e-2 Ha; etot -3.87148e-4 Ha
Energy:    -119.1953512345 Ha after    5 iterations (in       0.44 seconds).
SCF Change: DM 6.01147e-6; eev 1.50274e-3 Ha; etot -2.53534e-5 Ha
Energy:    -119.1953765879 Ha after    6 iterations (in       0.43 seconds).
SCF Change: DM 1.15545e-6; eev 1.53973e-4 Ha; etot -5.14056e-7 Ha
Energy:    -119.1953771019 Ha after    7 iterations (in       0.42 seconds).
SCF Change: DM 1.57139e-7; eev 4.17341e-5 Ha; etot -1.20419e-8 Ha
Energy:    -119.1953771140 Ha after    8 iterations (in       0.45 seconds).
SCF Change: DM 2.08082e-8; eev 2.98095e-6 Ha; etot -2.75733e-10 Ha
Energy:    -119.1953771143 Ha after    9 iterations (in       0.43 seconds).
SCF Change: DM 2.48180e-9; eev 5.81079e-7 Ha; etot -3.79430e-12 Ha
Energy:    -119.1953771143 Ha after   10 iterations (in       0.46 seconds).
SCF Change: DM 6.99147e-10; eev 1.65870e-7 Ha; etot 2.18847e-12 Ha
Energy:    -119.1953771143 Ha after   11 iterations (in       0.48 seconds).
SCF Change: DM 4.08214e-11; eev 8.17087e-9 Ha; etot -2.31637e-12 Ha
Energy:    -119.1953771143 Ha after   12 iterations (in       0.49 seconds).
SCF is converged after   12 iterations.
Mulliken population analysis:
  0-C  :  -0.241983
  1-H  :   0.073365
  2-H  :   0.073371
  3-H  :   0.081437
  4-C  :  -0.080497
  5-H  :   0.054059
  6-H  :   0.054058
  7-C  :  -0.241983
  8-H  :   0.073371
  9-H  :   0.081437
 10-H  :   0.073365

====================================================
              REST: Mission accomplished
====================================================
The SCF energy        :    -119.1953771143 Ha
Detailed time report:
SCF       |:   10.298 s for the scf procedure
Overall   |:   10.749 s for the whole job
