=========================================================
Input parameters for the REST calculation
=========================================================
Calculation type: Single-point energy
The exchange-correlation method: b3lyp
Print level:                1
The number of threads used for parallelism:      4
The spheric-GTO basis set is taken from /home/symei/def2-TZVPP-mixed
The pruning method is nwchem
The radial grid generation method is treutler
ERI Type: ri_v
Turn on the basis pair symmetry for RI 3D-tensors
The spheric-GTO auxiliary basis set is taken from /home/symei/def2-SV(P)-JKFIT
Spin polarization: Off
Charge:   0; Spin:   1
min_num_angular_points: 110
max_num_angular_points: 590
hardness: 3
Grid generation level: 3
Even tempered basis generation: false
SCF convergency thresholds: 1e-7 for density matrix
                            1e-7 Ha. for sum of eigenvalues
                            1e-8 Ha. for total energy
Max. SCF cycle number:      400
The diis mixing with (param, max_vec_len) = (0.2, 8) is employed for the SCF procedure
Turn on the diis mixing after 1 step(s) of SCF iteractions with the linear mixing
The specified checkfile exists but is not loaded because the keyword 'external_init_guess' is specified
It will be updated after the SCF procedure 
(none)
Initial guess is prepared by (sad).
It is a finite cluster calculation
the functional of 'b3lyp' contains
The density functional 'B3LYP' belongs to the 'Hybrid GGA' family and is defined in the reference(s):
(0): P. J. Stephens, F. J. Devlin, C. F. Chabalowski, and M. J. Frisch.,  J. Phys. Chem. 98, 11623 (1994)
<start_mo> for the frozen-core post-SCF methods 12 is smaller than the number of ecp orbitals 14. Set <start_mo> = 0
Libxc version used in REST: 7.0.0
nbas: 91, natm: 11 for standard basis sets
First valence state for the frozen-core algorithm:     0
final nbas: 268,final natm: 22
numbasis: 239, num_auxbas: 617
Molecule_name: cccbr1
Restricted Hartree-Fock (or Kohn-Sham) algorithm is invoked.
Nuc_energy:     107.88470623 Hartree
No ghost effective potential
No ghost point charges
Overlap matrix is nonsigular:
  Lowest eigenvalue:       0.00026850 with the total number of basis functions:    239
Grid size: 132778
Generate SAD of C
Generate SAD of H
Generate SAD of Br
Initial guess HF energy:    -134.1173402242907571
The total energy:      -133.2984672663 Ha by the initial guess
Energy:    -124.2752927437 Ha after    1 iterations (in       0.59 seconds).
SCF Change: DM 6.10149e-2; eev  8.95892e1 Ha; etot  1.88860e1 Ha
Energy:    -105.3892732472 Ha after    2 iterations (in       0.58 seconds).
SCF Change: DM 6.03046e-2; eev  8.65161e1 Ha; etot -2.49857e1 Ha
Energy:    -130.3749373423 Ha after    3 iterations (in       0.61 seconds).
SCF Change: DM 1.56651e-3; eev  1.49126e0 Ha; etot  5.58315e1 Ha
Energy:     -74.5434322717 Ha after    4 iterations (in       0.59 seconds).
SCF Change: DM 4.85797e-4; eev 2.21391e-1 Ha; etot -3.21913e0 Ha
Energy:     -77.7625643470 Ha after    5 iterations (in       0.63 seconds).
SCF Change: DM 1.54063e-3; eev  1.08898e0 Ha; etot 9.09768e-1 Ha
Energy:     -76.8527964992 Ha after    6 iterations (in       0.65 seconds).
SCF Change: DM 8.93896e-4; eev 4.26278e-1 Ha; etot -3.12368e0 Ha
Energy:     -79.9764798968 Ha after    7 iterations (in       0.66 seconds).
SCF Change: DM 1.57068e-4; eev 1.32298e-1 Ha; etot  1.12485e0 Ha
Energy:     -78.8516279277 Ha after    8 iterations (in       0.64 seconds).
SCF Change: DM 9.27823e-4; eev  1.95995e0 Ha; etot 2.21859e-1 Ha
Energy:     -78.6297692766 Ha after    9 iterations (in       0.66 seconds).
SCF Change: DM 3.30100e-2; eev  7.89646e1 Ha; etot 9.11315e-1 Ha
Energy:     -77.7184539963 Ha after   10 iterations (in       0.65 seconds).
SCF Change: DM 4.94508e-1; eev  3.53032e2 Ha; etot -3.58210e1 Ha
Energy:    -113.5394349948 Ha after   11 iterations (in       0.62 seconds).
SCF Change: DM 4.35147e-1; eev  7.16945e1 Ha; etot  1.86812e0 Ha
Energy:    -111.6713197261 Ha after   12 iterations (in       0.61 seconds).
SCF Change: DM 1.80466e-1; eev  1.20650e2 Ha; etot -1.41415e1 Ha
Energy:    -125.8128392563 Ha after   13 iterations (in       0.61 seconds).
SCF Change: DM 7.22516e-3; eev  3.79897e1 Ha; etot -7.19405e0 Ha
Energy:    -133.0068859277 Ha after   14 iterations (in       0.59 seconds).
SCF Change: DM 3.36135e-3; eev  4.33645e1 Ha; etot -5.17400e-1 Ha
Energy:    -133.5242861010 Ha after   15 iterations (in       0.59 seconds).
SCF Change: DM 1.84212e-3; eev  8.10882e1 Ha; etot -1.34329e-1 Ha
Energy:    -133.6586152859 Ha after   16 iterations (in       0.63 seconds).
SCF Change: DM 5.00867e-4; eev  1.40236e2 Ha; etot -3.14051e-2 Ha
Energy:    -133.6900204234 Ha after   17 iterations (in       0.67 seconds).
SCF Change: DM 1.95761e-4; eev  3.25551e1 Ha; etot -3.14347e-3 Ha
Energy:    -133.6931638958 Ha after   18 iterations (in       0.68 seconds).
SCF Change: DM 1.20509e-4; eev  4.78454e1 Ha; etot -5.55154e-4 Ha
Energy:    -133.6937190501 Ha after   19 iterations (in       0.62 seconds).
SCF Change: DM 7.01642e-5; eev  4.16278e0 Ha; etot -1.42378e-4 Ha
Energy:    -133.6938614283 Ha after   20 iterations (in       0.62 seconds).
SCF Change: DM 2.95226e-5; eev 8.42115e-1 Ha; etot -4.80803e-5 Ha
Energy:    -133.6939095086 Ha after   21 iterations (in       0.63 seconds).
SCF Change: DM 3.27944e-5; eev  2.90747e0 Ha; etot -1.27801e-5 Ha
Energy:    -133.6939222886 Ha after   22 iterations (in       0.62 seconds).
SCF Change: DM 3.09828e-5; eev  1.42682e0 Ha; etot -9.20122e-6 Ha
Energy:    -133.6939314898 Ha after   23 iterations (in       0.62 seconds).
SCF Change: DM 3.73110e-5; eev  1.67346e0 Ha; etot -6.55492e-6 Ha
Energy:    -133.6939380448 Ha after   24 iterations (in       0.66 seconds).
SCF Change: DM 1.09659e-5; eev 4.73060e-1 Ha; etot -5.31223e-6 Ha
Energy:    -133.6939433570 Ha after   25 iterations (in       0.63 seconds).
SCF Change: DM 1.92378e-5; eev 4.81945e-1 Ha; etot -1.25786e-6 Ha
Energy:    -133.6939446148 Ha after   26 iterations (in       0.70 seconds).
SCF Change: DM 4.36661e-5; eev  1.14240e0 Ha; etot -2.01180e-6 Ha
Energy:    -133.6939466267 Ha after   27 iterations (in       0.67 seconds).
SCF Change: DM 3.22912e-5; eev 4.89935e-1 Ha; etot -3.10752e-6 Ha
Energy:    -133.6939497342 Ha after   28 iterations (in       0.62 seconds).
SCF Change: DM 1.06880e-5; eev 4.06200e-1 Ha; etot -8.68543e-7 Ha
Energy:    -133.6939506027 Ha after   29 iterations (in       0.65 seconds).
Energy increase is detected. Turn on the linear mixing algorithm with (H[DIIS, i-1] + H[DIIS, i+1]).
Prev_Energies: (   -133.69395060,    -133.69395060)
SCF Change: DM 9.71865e-6; eev 3.48973e-1 Ha; etot 3.50894e-10 Ha
Energy:    -133.6939506024 Ha after   30 iterations (in       0.71 seconds).
SCF Change: DM 3.14098e-6; eev 1.99350e-1 Ha; etot -1.61323e-8 Ha
Energy:    -133.6939506185 Ha after   31 iterations (in       0.70 seconds).
SCF Change: DM 6.99567e-7; eev 7.08018e-3 Ha; etot -3.77636e-8 Ha
Energy:    -133.6939506563 Ha after   32 iterations (in       0.65 seconds).
SCF Change: DM 3.79183e-6; eev 9.98391e-2 Ha; etot -2.04381e-9 Ha
Energy:    -133.6939506583 Ha after   33 iterations (in       0.66 seconds).
SCF Change: DM 1.32950e-6; eev 1.15110e-2 Ha; etot -7.96564e-9 Ha
Energy:    -133.6939506663 Ha after   34 iterations (in       0.66 seconds).
SCF Change: DM 3.13817e-7; eev 7.55838e-3 Ha; etot -1.53389e-9 Ha
Energy:    -133.6939506678 Ha after   35 iterations (in       0.68 seconds).
SCF Change: DM 1.02629e-7; eev 3.94507e-3 Ha; etot -1.51232e-10 Ha
Energy:    -133.6939506680 Ha after   36 iterations (in       0.67 seconds).
Energy increase is detected. Turn on the linear mixing algorithm with (H[DIIS, i-1] + H[DIIS, i+1]).
Prev_Energies: (   -133.69395067,    -133.69395067)
SCF Change: DM 1.11983e-7; eev 4.40679e-3 Ha; etot 7.78755e-12 Ha
Energy:    -133.6939506679 Ha after   37 iterations (in       0.68 seconds).
SCF Change: DM 5.24848e-8; eev 1.85984e-3 Ha; etot -1.76499e-11 Ha
Energy:    -133.6939506680 Ha after   38 iterations (in       0.61 seconds).
SCF Change: DM 5.08595e-9; eev 1.00247e-5 Ha; etot -1.52056e-11 Ha
Energy:    -133.6939506680 Ha after   39 iterations (in       0.59 seconds).
SCF Change: DM 9.06620e-9; eev 1.82622e-4 Ha; etot -2.84217e-14 Ha
Energy:    -133.6939506680 Ha after   40 iterations (in       0.59 seconds).
Energy increase is detected. Turn on the linear mixing algorithm with (H[DIIS, i-1] + H[DIIS, i+1]).
Prev_Energies: (   -133.69395067,    -133.69395067)
SCF Change: DM 6.57737e-9; eev 1.14138e-4 Ha; etot 6.25278e-13 Ha
Energy:    -133.6939506680 Ha after   41 iterations (in       0.59 seconds).
SCF Change: DM 1.32123e-8; eev 2.77032e-4 Ha; etot -2.41585e-12 Ha
Energy:    -133.6939506680 Ha after   42 iterations (in       0.58 seconds).
Energy increase is detected. Turn on the linear mixing algorithm with (H[DIIS, i-1] + H[DIIS, i+1]).
Prev_Energies: (   -133.69395067,    -133.69395067)
SCF Change: DM 1.01824e-8; eev 2.17461e-4 Ha; etot 3.89377e-12 Ha
Energy:    -133.6939506680 Ha after   43 iterations (in       0.60 seconds).
SCF Change: DM 2.53563e-8; eev 3.12090e-4 Ha; etot -1.73372e-12 Ha
Energy:    -133.6939506680 Ha after   44 iterations (in       0.62 seconds).
SCF Change: DM 6.78793e-9; eev 3.07487e-5 Ha; etot -6.93490e-12 Ha
Energy:    -133.6939506680 Ha after   45 iterations (in       0.58 seconds).
Energy increase is detected. Turn on the linear mixing algorithm with (H[DIIS, i-1] + H[DIIS, i+1]).
Prev_Energies: (   -133.69395067,    -133.69395067)
SCF Change: DM 2.55425e-9; eev 2.58154e-5 Ha; etot 7.10543e-12 Ha
Energy:    -133.6939506680 Ha after   46 iterations (in       0.58 seconds).
SCF Change: DM 2.82596e-8; eev 6.06399e-5 Ha; etot -7.10543e-13 Ha
Energy:    -133.6939506680 Ha after   47 iterations (in       0.57 seconds).
SCF Change: DM 6.81136e-9; eev 5.13226e-5 Ha; etot -4.49063e-12 Ha
Energy:    -133.6939506680 Ha after   48 iterations (in       0.59 seconds).
Energy increase is detected. Turn on the linear mixing algorithm with (H[DIIS, i-1] + H[DIIS, i+1]).
Prev_Energies: (   -133.69395067,    -133.69395067)
SCF Change: DM 5.07715e-9; eev 4.60421e-5 Ha; etot 2.10321e-12 Ha
Energy:    -133.6939506680 Ha after   49 iterations (in       0.58 seconds).
Energy increase is detected. Turn on the linear mixing algorithm with (H[DIIS, i-1] + H[DIIS, i+1]).
Prev_Energies: (   -133.69395067,    -133.69395067)
SCF Change: DM 5.48395e-9; eev 4.02773e-5 Ha; etot 1.16529e-12 Ha
Energy:    -133.6939506680 Ha after   50 iterations (in       0.57 seconds).
Energy increase is detected. Turn on the linear mixing algorithm with (H[DIIS, i-1] + H[DIIS, i+1]).
Prev_Energies: (   -133.69395067,    -133.69395067)
SCF Change: DM 4.08049e-9; eev 3.71600e-5 Ha; etot 1.02318e-12 Ha
Energy:    -133.6939506680 Ha after   51 iterations (in       0.68 seconds).
Energy increase is detected. Turn on the linear mixing algorithm with (H[DIIS, i-1] + H[DIIS, i+1]).
Prev_Energies: (   -133.69395067,    -133.69395067)
SCF Change: DM 4.41305e-9; eev 3.24107e-5 Ha; etot 2.38742e-12 Ha
Energy:    -133.6939506680 Ha after   52 iterations (in       0.67 seconds).
SCF Change: DM 1.43310e-9; eev 2.12168e-5 Ha; etot -3.32534e-12 Ha
Energy:    -133.6939506680 Ha after   53 iterations (in       0.58 seconds).
Energy increase is detected. Turn on the linear mixing algorithm with (H[DIIS, i-1] + H[DIIS, i+1]).
Prev_Energies: (   -133.69395067,    -133.69395067)
SCF Change: DM 1.14058e-9; eev 1.68122e-5 Ha; etot 1.96110e-12 Ha
Energy:    -133.6939506680 Ha after   54 iterations (in       0.56 seconds).
SCF Change: DM 1.15781e-9; eev 1.84509e-5 Ha; etot -2.55795e-13 Ha
Energy:    -133.6939506680 Ha after   55 iterations (in       0.56 seconds).
SCF Change: DM 1.70837e-11; eev 2.09203e-8 Ha; etot -1.16529e-12 Ha
Energy:    -133.6939506680 Ha after   56 iterations (in       0.58 seconds).
SCF is converged after   56 iterations.
Mulliken population analysis:
  0-C  :  -0.257823
  1-H  :   0.080973
  2-H  :   0.080973
  3-H  :   0.091141
  4-C  :  -0.049303
  5-H  :   0.069115
  6-H  :   0.069115
  7-C  :  -0.413446
  8-H  :   0.126144
  9-H  :   0.126144
 10-Br :   0.076968

====================================================
              REST: Mission accomplished
====================================================
The SCF energy        :    -133.6939506680 Ha
Detailed time report:
Overall   |:   42.839 s for the whole job
SCF       |:   42.370 s for the scf procedure
