=========================================================
Input parameters for the REST calculation
=========================================================
Calculation type: Single-point energy
The exchange-correlation method: b3lyp
Print level:                1
The number of threads used for parallelism:      4
The spheric-GTO basis set is taken from /home/symei/def2-TZVPP-mixed
The pruning method is nwchem
The radial grid generation method is treutler
ERI Type: ri_v
Turn on the basis pair symmetry for RI 3D-tensors
The spheric-GTO auxiliary basis set is taken from /home/symei/def2-SV(P)-JKFIT
Spin polarization: Off
Charge:   0; Spin:   1
min_num_angular_points: 110
max_num_angular_points: 590
hardness: 3
Grid generation level: 3
Even tempered basis generation: false
SCF convergency thresholds: 1e-7 for density matrix
                            1e-7 Ha. for sum of eigenvalues
                            1e-8 Ha. for total energy
Max. SCF cycle number:      400
The diis mixing with (param, max_vec_len) = (0.2, 8) is employed for the SCF procedure
Turn on the diis mixing after 1 step(s) of SCF iteractions with the linear mixing
The specified checkfile exists but is not loaded because the keyword 'external_init_guess' is specified
It will be updated after the SCF procedure 
(none)
Initial guess is prepared by (sad).
It is a finite cluster calculation
the functional of 'b3lyp' contains
The density functional 'B3LYP' belongs to the 'Hybrid GGA' family and is defined in the reference(s):
(0): P. J. Stephens, F. J. Devlin, C. F. Chabalowski, and M. J. Frisch.,  J. Phys. Chem. 98, 11623 (1994)
For SCF calculation, no core orbital is frozen by effective core potential (ECP) approximation
Libxc version used in REST: 7.0.0
nbas: 35, natm: 5 for standard basis sets
First valence state for the frozen-core algorithm:     1
final nbas: 84,final natm: 10
numbasis: 87, num_auxbas: 147
Molecule_name: ch4
Restricted Hartree-Fock (or Kohn-Sham) algorithm is invoked.
Nuc_energy:      13.45820319 Hartree
No ghost effective potential
No ghost point charges
Overlap matrix is nonsigular:
  Lowest eigenvalue:       0.00053263 with the total number of basis functions:     87
Grid size: 53998
Generate SAD of C
Generate SAD of H
Initial guess HF energy:     -40.4215992619810578
The total energy:       -40.3814495772 Ha by the initial guess
Energy:     -40.3199689506 Ha after    1 iterations (in       0.07 seconds).
SCF Change: DM 6.63763e-3; eev  1.50590e0 Ha; etot 9.13726e-2 Ha
Energy:     -40.2285963321 Ha after    2 iterations (in       0.06 seconds).
SCF Change: DM 2.64440e-4; eev 9.57330e-2 Ha; etot -3.10447e-1 Ha
Energy:     -40.5390434678 Ha after    3 iterations (in       0.07 seconds).
SCF Change: DM 9.17471e-6; eev 3.79912e-3 Ha; etot -1.31871e-4 Ha
Energy:     -40.5391753393 Ha after    4 iterations (in       0.07 seconds).
SCF Change: DM 1.30006e-6; eev 2.36750e-4 Ha; etot -2.04849e-7 Ha
Energy:     -40.5391755441 Ha after    5 iterations (in       0.07 seconds).
SCF Change: DM 9.49122e-8; eev 9.81869e-6 Ha; etot -2.43098e-9 Ha
Energy:     -40.5391755465 Ha after    6 iterations (in       0.06 seconds).
SCF Change: DM 6.08263e-9; eev 1.60667e-6 Ha; etot -3.00346e-11 Ha
Energy:     -40.5391755466 Ha after    7 iterations (in       0.06 seconds).
SCF Change: DM 3.60777e-10; eev 5.06703e-8 Ha; etot -1.67688e-12 Ha
Energy:     -40.5391755466 Ha after    8 iterations (in       0.08 seconds).
SCF is converged after    8 iterations.
Mulliken population analysis:
  0-C  :  -0.396237
  1-H  :   0.099059
  2-H  :   0.099059
  3-H  :   0.099059
  4-H  :   0.099059

====================================================
              REST: Mission accomplished
====================================================
The SCF energy        :     -40.5391755466 Ha
Detailed time report:
SCF       |:    1.527 s for the scf procedure
Overall   |:    1.966 s for the whole job
