=========================================================
Input parameters for the REST calculation
=========================================================
Calculation type: Single-point energy
The exchange-correlation method: b3lyp
Print level:                1
The number of threads used for parallelism:      4
The spheric-GTO basis set is taken from /home/symei/def2-TZVPP-mixed
The pruning method is nwchem
The radial grid generation method is treutler
ERI Type: ri_v
Turn on the basis pair symmetry for RI 3D-tensors
The spheric-GTO auxiliary basis set is taken from /home/symei/def2-SV(P)-JKFIT
Spin polarization: Off
Charge:   0; Spin:   1
min_num_angular_points: 110
max_num_angular_points: 590
hardness: 3
Grid generation level: 3
Even tempered basis generation: false
SCF convergency thresholds: 1e-7 for density matrix
                            1e-7 Ha. for sum of eigenvalues
                            1e-8 Ha. for total energy
Max. SCF cycle number:      400
The diis mixing with (param, max_vec_len) = (0.2, 8) is employed for the SCF procedure
Turn on the diis mixing after 1 step(s) of SCF iteractions with the linear mixing
The specified checkfile exists but is not loaded because the keyword 'external_init_guess' is specified
It will be updated after the SCF procedure 
(none)
Initial guess is prepared by (sad).
It is a finite cluster calculation
the functional of 'b3lyp' contains
The density functional 'B3LYP' belongs to the 'Hybrid GGA' family and is defined in the reference(s):
(0): P. J. Stephens, F. J. Devlin, C. F. Chabalowski, and M. J. Frisch.,  J. Phys. Chem. 98, 11623 (1994)
<start_mo> for the frozen-core post-SCF methods 28 is smaller than the number of ecp orbitals 42. Set <start_mo> = 0
Libxc version used in REST: 7.0.0
nbas: 65, natm: 5 for standard basis sets
First valence state for the frozen-core algorithm:     0
final nbas: 276,final natm: 10
numbasis: 189, num_auxbas: 891
Molecule_name: chbr3
Restricted Hartree-Fock (or Kohn-Sham) algorithm is invoked.
Nuc_energy:      65.83498434 Hartree
No ghost effective potential
No ghost point charges
Overlap matrix is nonsigular:
  Lowest eigenvalue:       0.00057163 with the total number of basis functions:    189
Grid size: 86638
Generate SAD of C
Generate SAD of H
Generate SAD of Br
Initial guess HF energy:     -84.1720236231920325
The total energy:       -83.9034151296 Ha by the initial guess
Energy:     -83.1734291772 Ha after    1 iterations (in       0.40 seconds).
SCF Change: DM 1.26935e-2; eev  5.87714e1 Ha; etot  3.93341e0 Ha
Energy:     -79.2400173108 Ha after    2 iterations (in       0.39 seconds).
SCF Change: DM 2.23036e-3; eev  9.47608e1 Ha; etot -4.76819e0 Ha
Energy:     -84.0082033208 Ha after    3 iterations (in       0.38 seconds).
SCF Change: DM 7.11312e-4; eev  2.30270e1 Ha; etot -1.95307e-3 Ha
Energy:     -84.0101563881 Ha after    4 iterations (in       0.38 seconds).
SCF Change: DM 6.42764e-4; eev  1.45540e1 Ha; etot -1.62624e-2 Ha
Energy:     -84.0264187820 Ha after    5 iterations (in       0.38 seconds).
SCF Change: DM 2.28636e-4; eev  5.12046e1 Ha; etot -3.02573e-3 Ha
Energy:     -84.0294445087 Ha after    6 iterations (in       0.38 seconds).
SCF Change: DM 8.75940e-5; eev  2.10679e2 Ha; etot -3.43196e-4 Ha
Energy:     -84.0297877043 Ha after    7 iterations (in       0.41 seconds).
SCF Change: DM 7.83553e-5; eev  2.73778e2 Ha; etot -1.18676e-4 Ha
Energy:     -84.0299063804 Ha after    8 iterations (in       0.41 seconds).
SCF Change: DM 8.84698e-5; eev  1.91432e2 Ha; etot -5.04566e-5 Ha
Energy:     -84.0299568370 Ha after    9 iterations (in       0.38 seconds).
SCF Change: DM 4.06658e-5; eev  5.26285e1 Ha; etot -3.17758e-5 Ha
Energy:     -84.0299886129 Ha after   10 iterations (in       0.36 seconds).
SCF Change: DM 3.69916e-5; eev  3.10384e1 Ha; etot -1.07862e-5 Ha
Energy:     -84.0299993991 Ha after   11 iterations (in       0.41 seconds).
SCF Change: DM 7.51061e-5; eev  1.63370e1 Ha; etot -1.13241e-5 Ha
Energy:     -84.0300107232 Ha after   12 iterations (in       0.41 seconds).
SCF Change: DM 2.82101e-5; eev  2.19152e0 Ha; etot -1.62305e-5 Ha
Energy:     -84.0300269537 Ha after   13 iterations (in       0.43 seconds).
SCF Change: DM 1.19468e-4; eev  1.50016e0 Ha; etot -5.25943e-6 Ha
Energy:     -84.0300322132 Ha after   14 iterations (in       0.41 seconds).
SCF Change: DM 3.37535e-5; eev 2.72167e-1 Ha; etot -1.41387e-5 Ha
Energy:     -84.0300463518 Ha after   15 iterations (in       0.40 seconds).
SCF Change: DM 1.85252e-5; eev 2.40937e-1 Ha; etot -1.84037e-6 Ha
Energy:     -84.0300481922 Ha after   16 iterations (in       0.47 seconds).
SCF Change: DM 1.28571e-5; eev 3.51568e-1 Ha; etot -7.74594e-7 Ha
Energy:     -84.0300489668 Ha after   17 iterations (in       0.49 seconds).
SCF Change: DM 3.99770e-6; eev 1.73836e-1 Ha; etot -3.70292e-7 Ha
Energy:     -84.0300493371 Ha after   18 iterations (in       0.45 seconds).
SCF Change: DM 6.22632e-6; eev 7.50906e-2 Ha; etot -1.01073e-7 Ha
Energy:     -84.0300494382 Ha after   19 iterations (in       0.42 seconds).
SCF Change: DM 5.45993e-6; eev 5.01425e-2 Ha; etot -1.13744e-7 Ha
Energy:     -84.0300495519 Ha after   20 iterations (in       0.39 seconds).
SCF Change: DM 7.15083e-6; eev 1.27623e-1 Ha; etot -7.62296e-8 Ha
Energy:     -84.0300496281 Ha after   21 iterations (in       0.38 seconds).
SCF Change: DM 2.05279e-6; eev 2.62943e-2 Ha; etot -6.16216e-8 Ha
Energy:     -84.0300496898 Ha after   22 iterations (in       0.39 seconds).
SCF Change: DM 4.44115e-6; eev 9.76030e-2 Ha; etot -1.33294e-8 Ha
Energy:     -84.0300497031 Ha after   23 iterations (in       0.38 seconds).
SCF Change: DM 1.57260e-6; eev 1.11601e-2 Ha; etot -2.58325e-8 Ha
Energy:     -84.0300497289 Ha after   24 iterations (in       0.38 seconds).
SCF Change: DM 1.84147e-6; eev 4.20109e-3 Ha; etot -8.33295e-9 Ha
Energy:     -84.0300497373 Ha after   25 iterations (in       0.37 seconds).
SCF Change: DM 1.88031e-6; eev 1.08581e-2 Ha; etot -7.41831e-9 Ha
Energy:     -84.0300497447 Ha after   26 iterations (in       0.40 seconds).
SCF Change: DM 1.63773e-6; eev 1.51295e-2 Ha; etot -6.22865e-9 Ha
Energy:     -84.0300497509 Ha after   27 iterations (in       0.44 seconds).
SCF Change: DM 1.71651e-6; eev 9.62232e-3 Ha; etot -3.61932e-9 Ha
Energy:     -84.0300497545 Ha after   28 iterations (in       0.42 seconds).
SCF Change: DM 4.48435e-7; eev 1.03157e-2 Ha; etot -2.23346e-9 Ha
Energy:     -84.0300497568 Ha after   29 iterations (in       0.40 seconds).
SCF Change: DM 3.89733e-7; eev 2.17651e-3 Ha; etot -2.98854e-10 Ha
Energy:     -84.0300497571 Ha after   30 iterations (in       0.37 seconds).
SCF Change: DM 1.74461e-7; eev 9.24242e-4 Ha; etot -2.66766e-10 Ha
Energy:     -84.0300497573 Ha after   31 iterations (in       0.38 seconds).
SCF Change: DM 2.91809e-7; eev 1.32697e-3 Ha; etot -9.73017e-11 Ha
Energy:     -84.0300497574 Ha after   32 iterations (in       0.38 seconds).
SCF Change: DM 2.23104e-7; eev 3.04095e-3 Ha; etot -1.30697e-10 Ha
Energy:     -84.0300497576 Ha after   33 iterations (in       0.38 seconds).
SCF Change: DM 9.90081e-8; eev 1.80047e-3 Ha; etot -6.59526e-11 Ha
Energy:     -84.0300497576 Ha after   34 iterations (in       0.39 seconds).
SCF Change: DM 4.41861e-8; eev 8.60383e-4 Ha; etot -1.74936e-11 Ha
Energy:     -84.0300497576 Ha after   35 iterations (in       0.38 seconds).
SCF Change: DM 5.31570e-8; eev 7.17761e-4 Ha; etot -7.09122e-12 Ha
Energy:     -84.0300497576 Ha after   36 iterations (in       0.37 seconds).
SCF Change: DM 1.65003e-8; eev 4.26452e-4 Ha; etot -5.18696e-12 Ha
Energy:     -84.0300497576 Ha after   37 iterations (in       0.38 seconds).
SCF Change: DM 4.61426e-8; eev 4.71964e-5 Ha; etot -4.71800e-12 Ha
Energy:     -84.0300497577 Ha after   38 iterations (in       0.38 seconds).
SCF Change: DM 2.20381e-8; eev 6.54143e-4 Ha; etot -4.20641e-12 Ha
Energy:     -84.0300497577 Ha after   39 iterations (in       0.39 seconds).
SCF Change: DM 4.98883e-8; eev 5.43696e-4 Ha; etot -8.10019e-13 Ha
Energy:     -84.0300497577 Ha after   40 iterations (in       0.44 seconds).
SCF Change: DM 4.23745e-9; eev 8.29596e-5 Ha; etot -2.74269e-12 Ha
Energy:     -84.0300497577 Ha after   41 iterations (in       0.44 seconds).
SCF Change: DM 1.60012e-8; eev 3.91462e-4 Ha; etot -2.13163e-13 Ha
Energy:     -84.0300497577 Ha after   42 iterations (in       0.46 seconds).
SCF Change: DM 1.51738e-8; eev 2.52771e-4 Ha; etot -1.54898e-12 Ha
Energy:     -84.0300497577 Ha after   43 iterations (in       0.42 seconds).
Energy increase is detected. Turn on the linear mixing algorithm with (H[DIIS, i-1] + H[DIIS, i+1]).
Prev_Energies: (    -84.03004976,     -84.03004976)
SCF Change: DM 1.14581e-8; eev 1.88267e-4 Ha; etot 1.02318e-12 Ha
Energy:     -84.0300497577 Ha after   44 iterations (in       0.38 seconds).
SCF Change: DM 2.96763e-8; eev 3.50563e-4 Ha; etot -1.00897e-12 Ha
Energy:     -84.0300497577 Ha after   45 iterations (in       0.40 seconds).
SCF Change: DM 7.02991e-9; eev 6.27311e-5 Ha; etot -1.16529e-12 Ha
Energy:     -84.0300497577 Ha after   46 iterations (in       0.39 seconds).
SCF Change: DM 1.15408e-8; eev 9.27167e-5 Ha; etot -1.27898e-13 Ha
Energy:     -84.0300497577 Ha after   47 iterations (in       0.42 seconds).
Energy increase is detected. Turn on the linear mixing algorithm with (H[DIIS, i-1] + H[DIIS, i+1]).
Prev_Energies: (    -84.03004976,     -84.03004976)
SCF Change: DM 8.88414e-9; eev 6.96461e-5 Ha; etot 2.84217e-14 Ha
Energy:     -84.0300497577 Ha after   48 iterations (in       0.43 seconds).
SCF Change: DM 1.61469e-8; eev 1.27279e-4 Ha; etot -1.13687e-13 Ha
Energy:     -84.0300497577 Ha after   49 iterations (in       0.39 seconds).
SCF Change: DM 2.44847e-9; eev 7.74812e-5 Ha; etot -1.23634e-12 Ha
Energy:     -84.0300497577 Ha after   50 iterations (in       0.37 seconds).
Energy increase is detected. Turn on the linear mixing algorithm with (H[DIIS, i-1] + H[DIIS, i+1]).
Prev_Energies: (    -84.03004976,     -84.03004976)
SCF Change: DM 1.67118e-9; eev 6.35284e-5 Ha; etot 1.23634e-12 Ha
Energy:     -84.0300497577 Ha after   51 iterations (in       0.40 seconds).
Energy increase is detected. Turn on the linear mixing algorithm with (H[DIIS, i-1] + H[DIIS, i+1]).
Prev_Energies: (    -84.03004976,     -84.03004976)
SCF Change: DM 2.44276e-9; eev 6.19961e-5 Ha; etot 1.42109e-13 Ha
Energy:     -84.0300497577 Ha after   52 iterations (in       0.40 seconds).
SCF Change: DM 5.48586e-9; eev 1.57245e-5 Ha; etot -5.40012e-13 Ha
Energy:     -84.0300497577 Ha after   53 iterations (in       0.42 seconds).
Energy increase is detected. Turn on the linear mixing algorithm with (H[DIIS, i-1] + H[DIIS, i+1]).
Prev_Energies: (    -84.03004976,     -84.03004976)
SCF Change: DM 4.34141e-9; eev 1.23105e-5 Ha; etot 5.68434e-14 Ha
Energy:     -84.0300497577 Ha after   54 iterations (in       0.44 seconds).
Energy increase is detected. Turn on the linear mixing algorithm with (H[DIIS, i-1] + H[DIIS, i+1]).
Prev_Energies: (    -84.03004976,     -84.03004976)
SCF Change: DM 4.47500e-9; eev 1.27487e-5 Ha; etot 1.42109e-13 Ha
Energy:     -84.0300497577 Ha after   55 iterations (in       0.43 seconds).
Energy increase is detected. Turn on the linear mixing algorithm with (H[DIIS, i-1] + H[DIIS, i+1]).
Prev_Energies: (    -84.03004976,     -84.03004976)
SCF Change: DM 3.50905e-9; eev 1.01089e-5 Ha; etot 7.10543e-14 Ha
Energy:     -84.0300497577 Ha after   56 iterations (in       0.45 seconds).
SCF Change: DM 4.17988e-9; eev 2.39852e-5 Ha; etot -1.02318e-12 Ha
Energy:     -84.0300497577 Ha after   57 iterations (in       0.43 seconds).
Energy increase is detected. Turn on the linear mixing algorithm with (H[DIIS, i-1] + H[DIIS, i+1]).
Prev_Energies: (    -84.03004976,     -84.03004976)
SCF Change: DM 3.33150e-9; eev 1.86045e-5 Ha; etot 1.91847e-12 Ha
Energy:     -84.0300497577 Ha after   58 iterations (in       0.39 seconds).
SCF Change: DM 3.46837e-9; eev 2.25521e-5 Ha; etot -2.33058e-12 Ha
Energy:     -84.0300497577 Ha after   59 iterations (in       0.37 seconds).
Energy increase is detected. Turn on the linear mixing algorithm with (H[DIIS, i-1] + H[DIIS, i+1]).
Prev_Energies: (    -84.03004976,     -84.03004976)
SCF Change: DM 2.76283e-9; eev 1.78544e-5 Ha; etot 3.05533e-12 Ha
Energy:     -84.0300497577 Ha after   60 iterations (in       0.37 seconds).
SCF Change: DM 2.85888e-9; eev 2.01360e-5 Ha; etot -2.07478e-12 Ha
Energy:     -84.0300497577 Ha after   61 iterations (in       0.40 seconds).
Energy increase is detected. Turn on the linear mixing algorithm with (H[DIIS, i-1] + H[DIIS, i+1]).
Prev_Energies: (    -84.03004976,     -84.03004976)
SCF Change: DM 2.28084e-9; eev 1.62065e-5 Ha; etot 2.18847e-12 Ha
Energy:     -84.0300497577 Ha after   62 iterations (in       0.38 seconds).
SCF Change: DM 2.33666e-9; eev 1.55048e-5 Ha; etot -2.14584e-12 Ha
Energy:     -84.0300497577 Ha after   63 iterations (in       0.38 seconds).
Energy increase is detected. Turn on the linear mixing algorithm with (H[DIIS, i-1] + H[DIIS, i+1]).
Prev_Energies: (    -84.03004976,     -84.03004976)
SCF Change: DM 1.86485e-9; eev 1.26705e-5 Ha; etot 1.59162e-12 Ha
Energy:     -84.0300497577 Ha after   64 iterations (in       0.42 seconds).
SCF Change: DM 1.92551e-9; eev 1.15758e-5 Ha; etot -4.40536e-13 Ha
Energy:     -84.0300497577 Ha after   65 iterations (in       0.38 seconds).
Energy increase is detected. Turn on the linear mixing algorithm with (H[DIIS, i-1] + H[DIIS, i+1]).
Prev_Energies: (    -84.03004976,     -84.03004976)
SCF Change: DM 1.54057e-9; eev 9.41745e-6 Ha; etot 9.94760e-13 Ha
Energy:     -84.0300497577 Ha after   66 iterations (in       0.38 seconds).
SCF Change: DM 1.53619e-9; eev 8.69379e-6 Ha; etot -1.46372e-12 Ha
Energy:     -84.0300497577 Ha after   67 iterations (in       0.40 seconds).
SCF Change: DM 3.34677e-12; eev 8.32866e-8 Ha; etot -2.55795e-13 Ha
Energy:     -84.0300497577 Ha after   68 iterations (in       0.39 seconds).
SCF is converged after   68 iterations.
Mulliken population analysis:
  0-C  :  -0.802593
  1-H  :   0.193637
  2-Br :   0.202552
  3-Br :   0.203202
  4-Br :   0.203202

====================================================
              REST: Mission accomplished
====================================================
The SCF energy        :     -84.0300497577 Ha
Detailed time report:
Overall   |:   33.010 s for the whole job
SCF       |:   32.552 s for the scf procedure
