=========================================================
Input parameters for the REST calculation
=========================================================
Calculation type: Single-point energy
The exchange-correlation method: b3lyp
Print level:                1
The number of threads used for parallelism:      4
The spheric-GTO basis set is taken from /home/symei/def2-TZVPP-mixed
The pruning method is nwchem
The radial grid generation method is treutler
ERI Type: ri_v
Turn on the basis pair symmetry for RI 3D-tensors
The spheric-GTO auxiliary basis set is taken from /home/symei/def2-SV(P)-JKFIT
Spin polarization: On
Charge:   0; Spin:   2
min_num_angular_points: 110
max_num_angular_points: 590
hardness: 3
Grid generation level: 3
Even tempered basis generation: false
SCF convergency thresholds: 1e-7 for density matrix
                            1e-7 Ha. for sum of eigenvalues
                            1e-8 Ha. for total energy
Max. SCF cycle number:      400
The diis mixing with (param, max_vec_len) = (0.2, 8) is employed for the SCF procedure
Turn on the diis mixing after 1 step(s) of SCF iteractions with the linear mixing
The specified checkfile exists but is not loaded because the keyword 'external_init_guess' is specified
It will be updated after the SCF procedure 
(none)
Initial guess is prepared by (sad).
It is a finite cluster calculation
the functional of 'b3lyp' contains
The density functional 'B3LYP' belongs to the 'Hybrid GGA' family and is defined in the reference(s):
(0): P. J. Stephens, F. J. Devlin, C. F. Chabalowski, and M. J. Frisch.,  J. Phys. Chem. 98, 11623 (1994)
For SCF calculation, no core orbital is frozen by effective core potential (ECP) approximation
Libxc version used in REST: 7.0.0
nbas: 14, natm: 1 for standard basis sets
First valence state for the frozen-core algorithm:     5
final nbas: 52,final natm: 2
numbasis: 42, num_auxbas: 128
Molecule_name: cl
Unrestricted Hartree-Fock (or Kohn-Sham) algorithm is invoked.
Nuc_energy:       0.00000000 Hartree
No ghost effective potential
No ghost point charges
Overlap matrix is nonsigular:
  Lowest eigenvalue:       0.04652848 with the total number of basis functions:     42
Grid size: 18880
Generate SAD of Cl
Initial guess HF energy:    -460.1123502313381550
The total energy:      -460.1630183104 Ha by the initial guess
Energy:    -460.1666502287 Ha with <S^2> =  0.753 and <2S+1> =  2.003 after    1 iterations (in       0.02 seconds).
SCF Change: DM (3.57298e-4,3.71222e-4); eev 1.20875e-1 Ha; etot -2.27102e-4 Ha
Energy:    -460.1668773312 Ha with <S^2> =  0.753 and <2S+1> =  2.003 after    2 iterations (in       0.03 seconds).
SCF Change: DM (4.22650e-5,2.15627e-5); eev 9.48407e-3 Ha; etot -1.46261e-4 Ha
Energy:    -460.1670235918 Ha with <S^2> =  0.753 and <2S+1> =  2.003 after    3 iterations (in       0.02 seconds).
SCF Change: DM (3.15796e-6,2.56862e-6); eev 5.49588e-4 Ha; etot -2.12576e-6 Ha
Energy:    -460.1670257176 Ha with <S^2> =  0.753 and <2S+1> =  2.003 after    4 iterations (in       0.02 seconds).
SCF Change: DM (5.57056e-7,3.83112e-7); eev 1.30001e-4 Ha; etot -1.11489e-8 Ha
Energy:    -460.1670257287 Ha with <S^2> =  0.753 and <2S+1> =  2.003 after    5 iterations (in       0.02 seconds).
SCF Change: DM (4.16634e-8,7.01365e-8); eev 4.74490e-6 Ha; etot -2.55284e-10 Ha
Energy:    -460.1670257290 Ha with <S^2> =  0.753 and <2S+1> =  2.003 after    6 iterations (in       0.02 seconds).
SCF Change: DM (7.68099e-9,6.45367e-9); eev 4.03148e-7 Ha; etot -1.93268e-12 Ha
Energy:    -460.1670257290 Ha with <S^2> =  0.753 and <2S+1> =  2.003 after    7 iterations (in       0.02 seconds).
SCF Change: DM (4.29741e-10,3.02699e-9); eev 2.74547e-8 Ha; etot -7.95808e-13 Ha
Energy:    -460.1670257290 Ha with <S^2> =  0.753 and <2S+1> =  2.003 after    8 iterations (in       0.02 seconds).
SCF is converged after    8 iterations.
Mulliken population analysis:
  0-Cl :   0.000000

====================================================
              REST: Mission accomplished
====================================================
The SCF energy        :    -460.1670257290 Ha
Detailed time report:
Overall   |:    0.986 s for the whole job
SCF       |:    0.547 s for the scf procedure
