=========================================================
Input parameters for the REST calculation
=========================================================
Calculation type: Single-point energy
The exchange-correlation method: b3lyp
Print level:                1
The number of threads used for parallelism:      4
The spheric-GTO basis set is taken from /home/symei/def2-TZVPP-mixed
The pruning method is nwchem
The radial grid generation method is treutler
ERI Type: ri_v
Turn on the basis pair symmetry for RI 3D-tensors
The spheric-GTO auxiliary basis set is taken from /home/symei/def2-SV(P)-JKFIT
Spin polarization: On
Charge:   0; Spin:   2
min_num_angular_points: 110
max_num_angular_points: 590
hardness: 3
Grid generation level: 3
Even tempered basis generation: false
SCF convergency thresholds: 1e-7 for density matrix
                            1e-7 Ha. for sum of eigenvalues
                            1e-8 Ha. for total energy
Max. SCF cycle number:      400
The diis mixing with (param, max_vec_len) = (0.2, 8) is employed for the SCF procedure
Turn on the diis mixing after 1 step(s) of SCF iteractions with the linear mixing
The specified checkfile exists but is not loaded because the keyword 'external_init_guess' is specified
It will be updated after the SCF procedure 
(none)
Initial guess is prepared by (sad).
It is a finite cluster calculation
the functional of 'b3lyp' contains
The density functional 'B3LYP' belongs to the 'Hybrid GGA' family and is defined in the reference(s):
(0): P. J. Stephens, F. J. Devlin, C. F. Chabalowski, and M. J. Frisch.,  J. Phys. Chem. 98, 11623 (1994)
For SCF calculation, no core orbital is frozen by effective core potential (ECP) approximation
Libxc version used in REST: 7.0.0
nbas: 6, natm: 1 for standard basis sets
First valence state for the frozen-core algorithm:     0
final nbas: 12,final natm: 2
numbasis: 14, num_auxbas: 18
Molecule_name: h
Unrestricted Hartree-Fock (or Kohn-Sham) algorithm is invoked.
Nuc_energy:       0.00000000 Hartree
No ghost effective potential
No ghost point charges
Overlap matrix is nonsigular:
  Lowest eigenvalue:       0.10940728 with the total number of basis functions:     14
Grid size: 10024
Generate SAD of H
Initial guess HF energy:      -0.5019056715982007
The total energy:        -0.5021724740 Ha by the initial guess
Energy:      -0.5021762931 Ha with <S^2> =  0.750 and <2S+1> =  2.000 after    1 iterations (in       0.01 seconds).
SCF Change: DM (5.29572e-6, 0.00000e0); eev 1.39887e-4 Ha; etot -5.69286e-8 Ha
Energy:      -0.5021763500 Ha with <S^2> =  0.750 and <2S+1> =  2.000 after    2 iterations (in       0.01 seconds).
SCF Change: DM (3.88142e-9, 0.00000e0); eev 4.15876e-7 Ha; etot -8.62557e-10 Ha
Energy:      -0.5021763509 Ha with <S^2> =  0.750 and <2S+1> =  2.000 after    3 iterations (in       0.01 seconds).
SCF Change: DM (1.58310e-13, 0.00000e0); eev 4.82232e-10 Ha; etot -2.22045e-15 Ha
Energy:      -0.5021763509 Ha with <S^2> =  0.750 and <2S+1> =  2.000 after    4 iterations (in       0.01 seconds).
SCF is converged after    4 iterations.
Mulliken population analysis:
  0-H  :  -0.000000

====================================================
              REST: Mission accomplished
====================================================
The SCF energy        :      -0.5021763509 Ha
Detailed time report:
SCF       |:    0.142 s for the scf procedure
Overall   |:    0.614 s for the whole job
