=========================================================
Input parameters for the REST calculation
=========================================================
Calculation type: Single-point energy
The exchange-correlation method: b3lyp
Print level:                1
The number of threads used for parallelism:      4
The spheric-GTO basis set is taken from /home/symei/def2-TZVPP-mixed
The pruning method is nwchem
The radial grid generation method is treutler
ERI Type: ri_v
Turn on the basis pair symmetry for RI 3D-tensors
The spheric-GTO auxiliary basis set is taken from /home/symei/def2-SV(P)-JKFIT
Spin polarization: Off
Charge:   0; Spin:   1
min_num_angular_points: 110
max_num_angular_points: 590
hardness: 3
Grid generation level: 3
Even tempered basis generation: false
SCF convergency thresholds: 1e-7 for density matrix
                            1e-7 Ha. for sum of eigenvalues
                            1e-8 Ha. for total energy
Max. SCF cycle number:      400
The diis mixing with (param, max_vec_len) = (0.2, 8) is employed for the SCF procedure
Turn on the diis mixing after 1 step(s) of SCF iteractions with the linear mixing
The specified checkfile exists but is not loaded because the keyword 'external_init_guess' is specified
It will be updated after the SCF procedure 
(none)
Initial guess is prepared by (sad).
It is a finite cluster calculation
the functional of 'b3lyp' contains
The density functional 'B3LYP' belongs to the 'Hybrid GGA' family and is defined in the reference(s):
(0): P. J. Stephens, F. J. Devlin, C. F. Chabalowski, and M. J. Frisch.,  J. Phys. Chem. 98, 11623 (1994)
<start_mo> for the frozen-core post-SCF methods 10 is smaller than the number of ecp orbitals 14. Set <start_mo> = 0
Libxc version used in REST: 7.0.0
nbas: 33, natm: 3 for standard basis sets
First valence state for the frozen-core algorithm:     0
final nbas: 124,final natm: 6
numbasis: 93, num_auxbas: 361
Molecule_name: hobr
Restricted Hartree-Fock (or Kohn-Sham) algorithm is invoked.
Nuc_energy:      22.11088467 Hartree
No ghost effective potential
No ghost point charges
Overlap matrix is nonsigular:
  Lowest eigenvalue:       0.00274634 with the total number of basis functions:     93
Grid size: 45190
Generate SAD of O
Generate SAD of H
Generate SAD of Br
Initial guess HF energy:     -90.9298447337082507
The total energy:       -90.7496651004 Ha by the initial guess
Energy:     -83.1173810525 Ha after    1 iterations (in       0.07 seconds).
SCF Change: DM 8.56860e-2; eev  6.84937e1 Ha; etot  1.39570e1 Ha
Energy:     -69.1603425765 Ha after    2 iterations (in       0.07 seconds).
SCF Change: DM 4.20924e-3; eev 7.31688e-1 Ha; etot  5.16444e0 Ha
Energy:     -63.9959007934 Ha after    3 iterations (in       0.07 seconds).
SCF Change: DM 2.81036e-3; eev 5.57390e-1 Ha; etot -2.09698e0 Ha
Energy:     -66.0928825824 Ha after    4 iterations (in       0.08 seconds).
SCF Change: DM 3.84559e-3; eev  1.17919e0 Ha; etot  1.45749e0 Ha
Energy:     -64.6353943090 Ha after    5 iterations (in       0.07 seconds).
SCF Change: DM 8.80766e-5; eev 3.09311e-2 Ha; etot -1.30165e-1 Ha
Energy:     -64.7655592093 Ha after    6 iterations (in       0.08 seconds).
SCF Change: DM 2.11226e-3; eev 1.04666e-1 Ha; etot -2.50474e-2 Ha
Energy:     -64.7906065767 Ha after    7 iterations (in       0.07 seconds).
SCF Change: DM 2.80072e-2; eev  2.08670e0 Ha; etot -1.91155e-1 Ha
Energy:     -64.9817615275 Ha after    8 iterations (in       0.07 seconds).
SCF Change: DM 2.94328e-2; eev  1.13784e1 Ha; etot -1.26364e0 Ha
Energy:     -66.2453986081 Ha after    9 iterations (in       0.07 seconds).
SCF Change: DM 7.66117e-2; eev  6.86145e1 Ha; etot -4.56323e0 Ha
Energy:     -70.8086243184 Ha after   10 iterations (in       0.07 seconds).
SCF Change: DM 6.86675e-2; eev  5.18519e1 Ha; etot  1.08737e1 Ha
Energy:     -59.9349437870 Ha after   11 iterations (in       0.07 seconds).
SCF Change: DM 4.34494e-2; eev  2.96852e1 Ha; etot -2.95293e1 Ha
Energy:     -89.4642171928 Ha after   12 iterations (in       0.07 seconds).
SCF Change: DM 1.00220e-2; eev  7.27067e0 Ha; etot  3.07719e0 Ha
Energy:     -86.3870236499 Ha after   13 iterations (in       0.07 seconds).
SCF Change: DM 8.89319e-3; eev  3.11716e0 Ha; etot  3.18905e0 Ha
Energy:     -83.1979728212 Ha after   14 iterations (in       0.07 seconds).
SCF Change: DM 5.07828e-3; eev 8.15364e-1 Ha; etot  3.79293e0 Ha
Energy:     -79.4050391275 Ha after   15 iterations (in       0.07 seconds).
SCF Change: DM 3.36728e-3; eev 1.93816e-1 Ha; etot -1.25920e0 Ha
Energy:     -80.6642357233 Ha after   16 iterations (in       0.07 seconds).
SCF Change: DM 1.66545e-3; eev  1.84114e0 Ha; etot 7.85841e-1 Ha
Energy:     -79.8783944730 Ha after   17 iterations (in       0.07 seconds).
SCF Change: DM 5.49497e-3; eev  2.24686e0 Ha; etot 3.92176e-1 Ha
Energy:     -79.4862180814 Ha after   18 iterations (in       0.07 seconds).
SCF Change: DM 3.59616e-2; eev  5.52559e0 Ha; etot 8.68075e-1 Ha
Energy:     -78.6181431935 Ha after   19 iterations (in       0.07 seconds).
SCF Change: DM 1.55114e-2; eev  1.80644e2 Ha; etot -1.20162e1 Ha
Energy:     -90.6343438934 Ha after   20 iterations (in       0.07 seconds).
Energy increase is detected. Turn on the linear mixing algorithm with (H[DIIS, i-1] + H[DIIS, i+1]).
Prev_Energies: (    -90.63434389,     -90.63214449)
SCF Change: DM 1.44273e-2; eev  1.64911e2 Ha; etot 2.19941e-3 Ha
Energy:     -90.6321444881 Ha after   21 iterations (in       0.08 seconds).
SCF Change: DM 5.83000e-3; eev  1.44495e2 Ha; etot -9.93363e-2 Ha
Energy:     -90.7314807629 Ha after   22 iterations (in       0.07 seconds).
SCF Change: DM 7.90835e-4; eev  1.10056e2 Ha; etot -1.96031e-1 Ha
Energy:     -90.9275114133 Ha after   23 iterations (in       0.08 seconds).
SCF Change: DM 6.06467e-4; eev 7.68138e-1 Ha; etot -1.51542e-3 Ha
Energy:     -90.9290268315 Ha after   24 iterations (in       0.07 seconds).
SCF Change: DM 3.13458e-4; eev  2.03436e1 Ha; etot -6.13233e-4 Ha
Energy:     -90.9296400646 Ha after   25 iterations (in       0.08 seconds).
SCF Change: DM 7.25408e-4; eev  1.30025e1 Ha; etot -3.29415e-4 Ha
Energy:     -90.9299694795 Ha after   26 iterations (in       0.08 seconds).
SCF Change: DM 1.55318e-3; eev  1.06813e1 Ha; etot -6.68718e-4 Ha
Energy:     -90.9306381977 Ha after   27 iterations (in       0.07 seconds).
SCF Change: DM 8.74745e-5; eev  8.90940e0 Ha; etot -1.22959e-3 Ha
Energy:     -90.9318677898 Ha after   28 iterations (in       0.07 seconds).
SCF Change: DM 4.28396e-3; eev  2.46776e1 Ha; etot -7.67563e-5 Ha
Energy:     -90.9319445462 Ha after   29 iterations (in       0.07 seconds).
Energy increase is detected. Turn on the linear mixing algorithm with (H[DIIS, i-1] + H[DIIS, i+1]).
Prev_Energies: (    -90.93194455,     -90.93189384)
SCF Change: DM 3.79558e-3; eev  1.92131e1 Ha; etot 5.07086e-5 Ha
Energy:     -90.9318938375 Ha after   30 iterations (in       0.07 seconds).
SCF Change: DM 3.85538e-3; eev  1.32063e1 Ha; etot -4.24425e-4 Ha
Energy:     -90.9323182620 Ha after   31 iterations (in       0.07 seconds).
SCF Change: DM 1.41199e-3; eev  7.58096e0 Ha; etot -5.36109e-4 Ha
Energy:     -90.9328543712 Ha after   32 iterations (in       0.07 seconds).
Energy increase is detected. Turn on the linear mixing algorithm with (H[DIIS, i-1] + H[DIIS, i+1]).
Prev_Energies: (    -90.93285437,     -90.93094179)
SCF Change: DM 1.46588e-3; eev  8.37401e0 Ha; etot 1.91258e-3 Ha
Energy:     -90.9309417875 Ha after   33 iterations (in       0.07 seconds).
SCF Change: DM 5.65743e-4; eev  1.47923e0 Ha; etot -2.09534e-3 Ha
Energy:     -90.9330371232 Ha after   34 iterations (in       0.07 seconds).
SCF Change: DM 2.37675e-4; eev  1.25531e0 Ha; etot -3.32951e-5 Ha
Energy:     -90.9330704183 Ha after   35 iterations (in       0.06 seconds).
Energy increase is detected. Turn on the linear mixing algorithm with (H[DIIS, i-1] + H[DIIS, i+1]).
Prev_Energies: (    -90.93307042,     -90.93279667)
SCF Change: DM 2.26785e-4; eev  1.22903e0 Ha; etot 2.73749e-4 Ha
Energy:     -90.9327966697 Ha after   36 iterations (in       0.07 seconds).
SCF Change: DM 1.79270e-3; eev  1.07477e1 Ha; etot -2.67558e-4 Ha
Energy:     -90.9330642281 Ha after   37 iterations (in       0.06 seconds).
SCF Change: DM 7.25990e-4; eev  2.03618e0 Ha; etot -7.12759e-4 Ha
Energy:     -90.9337769875 Ha after   38 iterations (in       0.07 seconds).
SCF Change: DM 4.28440e-5; eev 2.32337e-1 Ha; etot -1.13179e-4 Ha
Energy:     -90.9338901669 Ha after   39 iterations (in       0.07 seconds).
SCF Change: DM 1.82150e-5; eev 2.76773e-1 Ha; etot -2.00468e-6 Ha
Energy:     -90.9338921716 Ha after   40 iterations (in       0.07 seconds).
SCF Change: DM 2.28959e-5; eev 7.36935e-3 Ha; etot -5.48635e-7 Ha
Energy:     -90.9338927202 Ha after   41 iterations (in       0.06 seconds).
SCF Change: DM 9.56013e-6; eev 6.43620e-2 Ha; etot -3.45954e-7 Ha
Energy:     -90.9338930662 Ha after   42 iterations (in       0.07 seconds).
SCF Change: DM 2.27305e-5; eev 4.02930e-2 Ha; etot -1.11211e-7 Ha
Energy:     -90.9338931774 Ha after   43 iterations (in       0.07 seconds).
SCF Change: DM 6.55652e-6; eev 6.78080e-3 Ha; etot -1.38384e-7 Ha
Energy:     -90.9338933158 Ha after   44 iterations (in       0.09 seconds).
SCF Change: DM 1.06445e-5; eev 1.24811e-2 Ha; etot -3.05598e-8 Ha
Energy:     -90.9338933463 Ha after   45 iterations (in       0.08 seconds).
SCF Change: DM 3.07432e-6; eev 7.52379e-4 Ha; etot -3.18795e-8 Ha
Energy:     -90.9338933782 Ha after   46 iterations (in       0.07 seconds).
SCF Change: DM 1.16745e-6; eev 4.10839e-3 Ha; etot -4.74157e-9 Ha
Energy:     -90.9338933830 Ha after   47 iterations (in       0.07 seconds).
SCF Change: DM 3.42878e-7; eev 1.06609e-3 Ha; etot -2.18080e-9 Ha
Energy:     -90.9338933851 Ha after   48 iterations (in       0.07 seconds).
Energy increase is detected. Turn on the linear mixing algorithm with (H[DIIS, i-1] + H[DIIS, i+1]).
Prev_Energies: (    -90.93389339,     -90.93389338)
SCF Change: DM 4.59050e-7; eev 1.02678e-3 Ha; etot 8.26162e-10 Ha
Energy:     -90.9338933843 Ha after   49 iterations (in       0.07 seconds).
Energy increase is detected. Turn on the linear mixing algorithm with (H[DIIS, i-1] + H[DIIS, i+1]).
Prev_Energies: (    -90.93389338,     -90.93389338)
SCF Change: DM 3.20027e-7; eev 9.17096e-4 Ha; etot 3.15566e-10 Ha
Energy:     -90.9338933840 Ha after   50 iterations (in       0.07 seconds).
Energy increase is detected. Turn on the linear mixing algorithm with (H[DIIS, i-1] + H[DIIS, i+1]).
Prev_Energies: (    -90.93389338,     -90.93389338)
SCF Change: DM 3.72047e-7; eev 9.24785e-4 Ha; etot 5.96700e-10 Ha
Energy:     -90.9338933834 Ha after   51 iterations (in       0.07 seconds).
Energy increase is detected. Turn on the linear mixing algorithm with (H[DIIS, i-1] + H[DIIS, i+1]).
Prev_Energies: (    -90.93389338,     -90.93389338)
SCF Change: DM 2.55758e-7; eev 7.16912e-4 Ha; etot 1.92742e-10 Ha
Energy:     -90.9338933832 Ha after   52 iterations (in       0.07 seconds).
Energy increase is detected. Turn on the linear mixing algorithm with (H[DIIS, i-1] + H[DIIS, i+1]).
Prev_Energies: (    -90.93389338,     -90.93389338)
SCF Change: DM 2.95319e-7; eev 7.38051e-4 Ha; etot 3.83707e-10 Ha
Energy:     -90.9338933828 Ha after   53 iterations (in       0.07 seconds).
Energy increase is detected. Turn on the linear mixing algorithm with (H[DIIS, i-1] + H[DIIS, i+1]).
Prev_Energies: (    -90.93389338,     -90.93389338)
SCF Change: DM 2.05220e-7; eev 5.60580e-4 Ha; etot 1.24942e-10 Ha
Energy:     -90.9338933827 Ha after   54 iterations (in       0.07 seconds).
Energy increase is detected. Turn on the linear mixing algorithm with (H[DIIS, i-1] + H[DIIS, i+1]).
Prev_Energies: (    -90.93389338,     -90.93389338)
SCF Change: DM 2.37023e-7; eev 5.85599e-4 Ha; etot 2.44384e-10 Ha
Energy:     -90.9338933825 Ha after   55 iterations (in       0.07 seconds).
Energy increase is detected. Turn on the linear mixing algorithm with (H[DIIS, i-1] + H[DIIS, i+1]).
Prev_Energies: (    -90.93389338,     -90.93389338)
SCF Change: DM 1.64354e-7; eev 4.41765e-4 Ha; etot 7.94955e-11 Ha
Energy:     -90.9338933824 Ha after   56 iterations (in       0.07 seconds).
Energy increase is detected. Turn on the linear mixing algorithm with (H[DIIS, i-1] + H[DIIS, i+1]).
Prev_Energies: (    -90.93389338,     -90.93389338)
SCF Change: DM 1.90812e-7; eev 4.69770e-4 Ha; etot 1.57314e-10 Ha
Energy:     -90.9338933822 Ha after   57 iterations (in       0.07 seconds).
Energy increase is detected. Turn on the linear mixing algorithm with (H[DIIS, i-1] + H[DIIS, i+1]).
Prev_Energies: (    -90.93389338,     -90.93389338)
SCF Change: DM 1.31157e-7; eev 3.53084e-4 Ha; etot 4.95675e-11 Ha
Energy:     -90.9338933822 Ha after   58 iterations (in       0.07 seconds).
Energy increase is detected. Turn on the linear mixing algorithm with (H[DIIS, i-1] + H[DIIS, i+1]).
Prev_Energies: (    -90.93389338,     -90.93389338)
SCF Change: DM 1.52763e-7; eev 3.75005e-4 Ha; etot 1.00826e-10 Ha
Energy:     -90.9338933821 Ha after   59 iterations (in       0.07 seconds).
Energy increase is detected. Turn on the linear mixing algorithm with (H[DIIS, i-1] + H[DIIS, i+1]).
Prev_Energies: (    -90.93389338,     -90.93389338)
SCF Change: DM 1.04918e-7; eev 2.82228e-4 Ha; etot 3.29266e-11 Ha
Energy:     -90.9338933820 Ha after   60 iterations (in       0.07 seconds).
Energy increase is detected. Turn on the linear mixing algorithm with (H[DIIS, i-1] + H[DIIS, i+1]).
Prev_Energies: (    -90.93389338,     -90.93389338)
SCF Change: DM 1.22229e-7; eev 2.99912e-4 Ha; etot 6.40199e-11 Ha
Energy:     -90.9338933820 Ha after   61 iterations (in       0.07 seconds).
Energy increase is detected. Turn on the linear mixing algorithm with (H[DIIS, i-1] + H[DIIS, i+1]).
Prev_Energies: (    -90.93389338,     -90.93389338)
SCF Change: DM 8.39486e-8; eev 2.25847e-4 Ha; etot 1.99094e-11 Ha
Energy:     -90.9338933820 Ha after   62 iterations (in       0.07 seconds).
Energy increase is detected. Turn on the linear mixing algorithm with (H[DIIS, i-1] + H[DIIS, i+1]).
Prev_Energies: (    -90.93389338,     -90.93389338)
SCF Change: DM 9.77718e-8; eev 2.39964e-4 Ha; etot 4.14531e-11 Ha
Energy:     -90.9338933819 Ha after   63 iterations (in       0.07 seconds).
Energy increase is detected. Turn on the linear mixing algorithm with (H[DIIS, i-1] + H[DIIS, i+1]).
Prev_Energies: (    -90.93389338,     -90.93389338)
SCF Change: DM 6.71597e-8; eev 1.80653e-4 Ha; etot 1.35856e-11 Ha
Energy:     -90.9338933819 Ha after   64 iterations (in       0.07 seconds).
Energy increase is detected. Turn on the linear mixing algorithm with (H[DIIS, i-1] + H[DIIS, i+1]).
Prev_Energies: (    -90.93389338,     -90.93389338)
SCF Change: DM 7.82144e-8; eev 1.91934e-4 Ha; etot 2.60201e-11 Ha
Energy:     -90.9338933819 Ha after   65 iterations (in       0.07 seconds).
Energy increase is detected. Turn on the linear mixing algorithm with (H[DIIS, i-1] + H[DIIS, i+1]).
Prev_Energies: (    -90.93389338,     -90.93389338)
SCF Change: DM 5.37287e-8; eev 1.44506e-4 Ha; etot 7.74492e-12 Ha
Energy:     -90.9338933819 Ha after   66 iterations (in       0.07 seconds).
Energy increase is detected. Turn on the linear mixing algorithm with (H[DIIS, i-1] + H[DIIS, i+1]).
Prev_Energies: (    -90.93389338,     -90.93389338)
SCF Change: DM 6.25699e-8; eev 1.53536e-4 Ha; etot 1.74936e-11 Ha
Energy:     -90.9338933818 Ha after   67 iterations (in       0.07 seconds).
Energy increase is detected. Turn on the linear mixing algorithm with (H[DIIS, i-1] + H[DIIS, i+1]).
Prev_Energies: (    -90.93389338,     -90.93389338)
SCF Change: DM 4.29827e-8; eev 1.15604e-4 Ha; etot 5.41434e-12 Ha
Energy:     -90.9338933818 Ha after   68 iterations (in       0.07 seconds).
Energy increase is detected. Turn on the linear mixing algorithm with (H[DIIS, i-1] + H[DIIS, i+1]).
Prev_Energies: (    -90.93389338,     -90.93389338)
SCF Change: DM 5.00576e-8; eev 1.22839e-4 Ha; etot 1.02460e-11 Ha
Energy:     -90.9338933818 Ha after   69 iterations (in       0.07 seconds).
Energy increase is detected. Turn on the linear mixing algorithm with (H[DIIS, i-1] + H[DIIS, i+1]).
Prev_Energies: (    -90.93389338,     -90.93389338)
SCF Change: DM 3.43863e-8; eev 9.24827e-5 Ha; etot 4.26326e-12 Ha
Energy:     -90.9338933818 Ha after   70 iterations (in       0.09 seconds).
Energy increase is detected. Turn on the linear mixing algorithm with (H[DIIS, i-1] + H[DIIS, i+1]).
Prev_Energies: (    -90.93389338,     -90.93389338)
SCF Change: DM 4.00471e-8; eev 9.82750e-5 Ha; etot 6.39488e-12 Ha
Energy:     -90.9338933818 Ha after   71 iterations (in       0.09 seconds).
Energy increase is detected. Turn on the linear mixing algorithm with (H[DIIS, i-1] + H[DIIS, i+1]).
Prev_Energies: (    -90.93389338,     -90.93389338)
SCF Change: DM 2.75095e-8; eev 7.39888e-5 Ha; etot 1.77636e-12 Ha
Energy:     -90.9338933818 Ha after   72 iterations (in       0.09 seconds).
Energy increase is detected. Turn on the linear mixing algorithm with (H[DIIS, i-1] + H[DIIS, i+1]).
Prev_Energies: (    -90.93389338,     -90.93389338)
SCF Change: DM 3.20379e-8; eev 7.86215e-5 Ha; etot 4.56168e-12 Ha
Energy:     -90.9338933818 Ha after   73 iterations (in       0.09 seconds).
Energy increase is detected. Turn on the linear mixing algorithm with (H[DIIS, i-1] + H[DIIS, i+1]).
Prev_Energies: (    -90.93389338,     -90.93389338)
SCF Change: DM 2.20078e-8; eev 5.91899e-5 Ha; etot 1.50635e-12 Ha
Energy:     -90.9338933818 Ha after   74 iterations (in       0.08 seconds).
Energy increase is detected. Turn on the linear mixing algorithm with (H[DIIS, i-1] + H[DIIS, i+1]).
Prev_Energies: (    -90.93389338,     -90.93389338)
SCF Change: DM 2.56301e-8; eev 6.28966e-5 Ha; etot 3.29692e-12 Ha
Energy:     -90.9338933818 Ha after   75 iterations (in       0.07 seconds).
Energy increase is detected. Turn on the linear mixing algorithm with (H[DIIS, i-1] + H[DIIS, i+1]).
Prev_Energies: (    -90.93389338,     -90.93389338)
SCF Change: DM 1.76059e-8; eev 4.73491e-5 Ha; etot 5.11591e-13 Ha
Energy:     -90.9338933818 Ha after   76 iterations (in       0.07 seconds).
Energy increase is detected. Turn on the linear mixing algorithm with (H[DIIS, i-1] + H[DIIS, i+1]).
Prev_Energies: (    -90.93389338,     -90.93389338)
SCF Change: DM 2.05039e-8; eev 5.03152e-5 Ha; etot 1.39266e-12 Ha
Energy:     -90.9338933818 Ha after   77 iterations (in       0.07 seconds).
Energy increase is detected. Turn on the linear mixing algorithm with (H[DIIS, i-1] + H[DIIS, i+1]).
Prev_Energies: (    -90.93389338,     -90.93389338)
SCF Change: DM 1.40849e-8; eev 3.78796e-5 Ha; etot 7.24754e-13 Ha
Energy:     -90.9338933818 Ha after   78 iterations (in       0.07 seconds).
Energy increase is detected. Turn on the linear mixing algorithm with (H[DIIS, i-1] + H[DIIS, i+1]).
Prev_Energies: (    -90.93389338,     -90.93389338)
SCF Change: DM 1.64030e-8; eev 4.02522e-5 Ha; etot 1.63425e-12 Ha
Energy:     -90.9338933818 Ha after   79 iterations (in       0.07 seconds).
Energy increase is detected. Turn on the linear mixing algorithm with (H[DIIS, i-1] + H[DIIS, i+1]).
Prev_Energies: (    -90.93389338,     -90.93389338)
SCF Change: DM 1.12683e-8; eev 3.03052e-5 Ha; etot 4.83169e-13 Ha
Energy:     -90.9338933818 Ha after   80 iterations (in       0.07 seconds).
Energy increase is detected. Turn on the linear mixing algorithm with (H[DIIS, i-1] + H[DIIS, i+1]).
Prev_Energies: (    -90.93389338,     -90.93389338)
SCF Change: DM 1.31226e-8; eev 3.22025e-5 Ha; etot 1.98952e-13 Ha
Energy:     -90.9338933818 Ha after   81 iterations (in       0.07 seconds).
Energy increase is detected. Turn on the linear mixing algorithm with (H[DIIS, i-1] + H[DIIS, i+1]).
Prev_Energies: (    -90.93389338,     -90.93389338)
SCF Change: DM 9.01473e-9; eev 2.42437e-5 Ha; etot 4.54747e-13 Ha
Energy:     -90.9338933818 Ha after   82 iterations (in       0.07 seconds).
Energy increase is detected. Turn on the linear mixing algorithm with (H[DIIS, i-1] + H[DIIS, i+1]).
Prev_Energies: (    -90.93389338,     -90.93389338)
SCF Change: DM 1.04981e-8; eev 2.57619e-5 Ha; etot 5.68434e-14 Ha
Energy:     -90.9338933818 Ha after   83 iterations (in       0.07 seconds).
Energy increase is detected. Turn on the linear mixing algorithm with (H[DIIS, i-1] + H[DIIS, i+1]).
Prev_Energies: (    -90.93389338,     -90.93389338)
SCF Change: DM 7.21178e-9; eev 1.93947e-5 Ha; etot 8.81073e-13 Ha
Energy:     -90.9338933818 Ha after   84 iterations (in       0.08 seconds).
SCF Change: DM 5.40801e-8; eev 2.56049e-5 Ha; etot -1.42109e-14 Ha
Energy:     -90.9338933818 Ha after   85 iterations (in       0.08 seconds).
Energy increase is detected. Turn on the linear mixing algorithm with (H[DIIS, i-1] + H[DIIS, i+1]).
Prev_Energies: (    -90.93389338,     -90.93389338)
SCF Change: DM 4.32641e-8; eev 2.04838e-5 Ha; etot 4.40536e-13 Ha
Energy:     -90.9338933818 Ha after   86 iterations (in       0.10 seconds).
Energy increase is detected. Turn on the linear mixing algorithm with (H[DIIS, i-1] + H[DIIS, i+1]).
Prev_Energies: (    -90.93389338,     -90.93389338)
SCF Change: DM 4.32641e-8; eev 2.04838e-5 Ha; etot 7.10543e-13 Ha
Energy:     -90.9338933818 Ha after   87 iterations (in       0.08 seconds).
SCF Change: DM 5.96984e-13; eev 4.00634e-10 Ha; etot -3.12639e-13 Ha
Energy:     -90.9338933818 Ha after   88 iterations (in       0.07 seconds).
SCF is converged after   88 iterations.
Mulliken population analysis:
  0-O  :  -0.393827
  1-H  :   0.213049
  2-Br :   0.180778

====================================================
              REST: Mission accomplished
====================================================
The SCF energy        :     -90.9338933818 Ha
Detailed time report:
SCF       |:    7.862 s for the scf procedure
Overall   |:    8.344 s for the whole job
