=========================================================
Input parameters for the REST calculation
=========================================================
Calculation type: Single-point energy
The exchange-correlation method: b3lyp
Print level:                1
The number of threads used for parallelism:      4
The spheric-GTO basis set is taken from /home/symei/def2-TZVPP-mixed
The pruning method is nwchem
The radial grid generation method is treutler
ERI Type: ri_v
Turn on the basis pair symmetry for RI 3D-tensors
The spheric-GTO auxiliary basis set is taken from /home/symei/def2-SV(P)-JKFIT
Spin polarization: Off
Charge:   0; Spin:   1
min_num_angular_points: 110
max_num_angular_points: 590
hardness: 3
Grid generation level: 3
Even tempered basis generation: false
SCF convergency thresholds: 1e-7 for density matrix
                            1e-7 Ha. for sum of eigenvalues
                            1e-8 Ha. for total energy
Max. SCF cycle number:      400
The diis mixing with (param, max_vec_len) = (0.2, 8) is employed for the SCF procedure
Turn on the diis mixing after 1 step(s) of SCF iteractions with the linear mixing
The specified checkfile exists but is not loaded because the keyword 'external_init_guess' is specified
It will be updated after the SCF procedure 
(none)
Initial guess is prepared by (sad).
It is a finite cluster calculation
the functional of 'b3lyp' contains
The density functional 'B3LYP' belongs to the 'Hybrid GGA' family and is defined in the reference(s):
(0): P. J. Stephens, F. J. Devlin, C. F. Chabalowski, and M. J. Frisch.,  J. Phys. Chem. 98, 11623 (1994)
<start_mo> for the frozen-core post-SCF methods 14 is larger than the number of ecp orbitals 14. Take the <start_mo> -= ecp_orbitals
Libxc version used in REST: 7.0.0
nbas: 28, natm: 2 for standard basis sets
First valence state for the frozen-core algorithm:     0
final nbas: 122,final natm: 4
numbasis: 80, num_auxbas: 378
Molecule_name: nabr
Restricted Hartree-Fock (or Kohn-Sham) algorithm is invoked.
Nuc_energy:      16.20902857 Hartree
No ghost effective potential
No ghost point charges
Overlap matrix is nonsigular:
  Lowest eigenvalue:       0.01111532 with the total number of basis functions:     80
Grid size: 37792
Generate SAD of Na
Generate SAD of Br
Initial guess HF energy:    -176.9457326413811131
The total energy:      -177.1008179539 Ha by the initial guess
Energy:    -176.6468515325 Ha after    1 iterations (in       0.06 seconds).
SCF Change: DM 6.09155e-2; eev  5.29700e0 Ha; etot  3.99065e1 Ha
Energy:    -136.7403132811 Ha after    2 iterations (in       0.06 seconds).
SCF Change: DM 2.51844e-2; eev  1.23519e2 Ha; etot -3.95618e1 Ha
Energy:    -176.3020674086 Ha after    3 iterations (in       0.06 seconds).
SCF Change: DM 1.14929e-2; eev  5.08828e1 Ha; etot -8.82432e-1 Ha
Energy:    -177.1844993868 Ha after    4 iterations (in       0.06 seconds).
SCF Change: DM 3.88541e-3; eev  1.12471e2 Ha; etot -2.64603e-1 Ha
Energy:    -177.4491024940 Ha after    5 iterations (in       0.06 seconds).
SCF Change: DM 7.98289e-4; eev  1.89679e1 Ha; etot -1.30649e-2 Ha
Energy:    -177.4621673617 Ha after    6 iterations (in       0.06 seconds).
SCF Change: DM 2.85023e-4; eev  4.97945e1 Ha; etot -2.20742e-3 Ha
Energy:    -177.4643747803 Ha after    7 iterations (in       0.06 seconds).
SCF Change: DM 2.05855e-4; eev  5.48235e0 Ha; etot -3.30908e-4 Ha
Energy:    -177.4647056888 Ha after    8 iterations (in       0.06 seconds).
SCF Change: DM 4.83753e-5; eev  1.05572e1 Ha; etot -6.54845e-5 Ha
Energy:    -177.4647711733 Ha after    9 iterations (in       0.06 seconds).
SCF Change: DM 2.00631e-5; eev  1.86057e0 Ha; etot -2.71326e-6 Ha
Energy:    -177.4647738865 Ha after   10 iterations (in       0.07 seconds).
SCF Change: DM 5.76082e-6; eev 1.13962e-1 Ha; etot -6.97820e-7 Ha
Energy:    -177.4647745843 Ha after   11 iterations (in       0.07 seconds).
SCF Change: DM 4.99085e-6; eev 1.46545e-3 Ha; etot -3.54488e-8 Ha
Energy:    -177.4647746198 Ha after   12 iterations (in       0.06 seconds).
SCF Change: DM 2.90103e-6; eev 1.18216e-2 Ha; etot -1.29058e-8 Ha
Energy:    -177.4647746327 Ha after   13 iterations (in       0.05 seconds).
SCF Change: DM 3.01264e-7; eev 9.26589e-3 Ha; etot -2.35735e-9 Ha
Energy:    -177.4647746350 Ha after   14 iterations (in       0.06 seconds).
SCF Change: DM 3.26655e-8; eev 1.34052e-3 Ha; etot -3.08091e-11 Ha
Energy:    -177.4647746351 Ha after   15 iterations (in       0.05 seconds).
SCF Change: DM 1.15947e-8; eev 1.41420e-3 Ha; etot -8.52651e-13 Ha
Energy:    -177.4647746351 Ha after   16 iterations (in       0.05 seconds).
SCF Change: DM 2.14375e-9; eev 4.13115e-4 Ha; etot -1.70530e-13 Ha
Energy:    -177.4647746351 Ha after   17 iterations (in       0.05 seconds).
SCF Change: DM 1.85096e-9; eev 5.82307e-5 Ha; etot -1.42109e-12 Ha
Energy:    -177.4647746351 Ha after   18 iterations (in       0.06 seconds).
SCF Change: DM 1.75829e-10; eev 8.89669e-8 Ha; etot -5.40012e-13 Ha
Energy:    -177.4647746351 Ha after   19 iterations (in       0.06 seconds).
SCF is converged after   19 iterations.
Mulliken population analysis:
  0-Na :   0.600459
  1-Br :  -0.600459

====================================================
              REST: Mission accomplished
====================================================
The SCF energy        :    -177.4647746351 Ha
Detailed time report:
Overall   |:    2.817 s for the whole job
SCF       |:    2.362 s for the scf procedure
