=========================================================
Input parameters for the REST calculation
=========================================================
Calculation type: Single-point energy
The exchange-correlation method: b3lyp
Print level:                1
The number of threads used for parallelism:      4
The spheric-GTO basis set is taken from /home/symei/def2-TZVPP-mixed
The pruning method is nwchem
The radial grid generation method is treutler
ERI Type: ri_v
Turn on the basis pair symmetry for RI 3D-tensors
The spheric-GTO auxiliary basis set is taken from /home/symei/def2-SV(P)-JKFIT
Spin polarization: On
Charge:   0; Spin:   4
min_num_angular_points: 110
max_num_angular_points: 590
hardness: 3
Grid generation level: 3
Even tempered basis generation: false
SCF convergency thresholds: 1e-7 for density matrix
                            1e-7 Ha. for sum of eigenvalues
                            1e-8 Ha. for total energy
Max. SCF cycle number:      400
The diis mixing with (param, max_vec_len) = (0.2, 8) is employed for the SCF procedure
Turn on the diis mixing after 1 step(s) of SCF iteractions with the linear mixing
The specified checkfile exists but is not loaded because the keyword 'external_init_guess' is specified
It will be updated after the SCF procedure 
(none)
Initial guess is prepared by (sad).
It is a finite cluster calculation
the functional of 'b3lyp' contains
The density functional 'B3LYP' belongs to the 'Hybrid GGA' family and is defined in the reference(s):
(0): P. J. Stephens, F. J. Devlin, C. F. Chabalowski, and M. J. Frisch.,  J. Phys. Chem. 98, 11623 (1994)
For SCF calculation, no core orbital is frozen by effective core potential (ECP) approximation
Libxc version used in REST: 7.0.0
nbas: 14, natm: 1 for standard basis sets
First valence state for the frozen-core algorithm:     5
final nbas: 52,final natm: 2
numbasis: 42, num_auxbas: 128
Molecule_name: p
Unrestricted Hartree-Fock (or Kohn-Sham) algorithm is invoked.
Nuc_energy:       0.00000000 Hartree
No ghost effective potential
No ghost point charges
Overlap matrix is nonsigular:
  Lowest eigenvalue:       0.05460075 with the total number of basis functions:     42
Grid size: 18880
Generate SAD of P
Initial guess HF energy:    -341.1598752030128594
The total energy:      -341.2794626905 Ha by the initial guess
Energy:    -341.2805882728 Ha with <S^2> =  3.750 and <2S+1> =  4.000 after    1 iterations (in       0.03 seconds).
SCF Change: DM (1.23762e-4,1.53659e-4); eev 4.27508e-2 Ha; etot -4.66554e-5 Ha
Energy:    -341.2806349283 Ha with <S^2> =  3.750 and <2S+1> =  4.000 after    2 iterations (in       0.03 seconds).
SCF Change: DM (6.55464e-6,2.14072e-5); eev 1.45033e-3 Ha; etot -1.41514e-5 Ha
Energy:    -341.2806490796 Ha with <S^2> =  3.750 and <2S+1> =  4.000 after    3 iterations (in       0.03 seconds).
SCF Change: DM (1.22507e-6,6.45728e-8); eev 2.07334e-4 Ha; etot -4.89104e-8 Ha
Energy:    -341.2806491285 Ha with <S^2> =  3.750 and <2S+1> =  4.000 after    4 iterations (in       0.03 seconds).
SCF Change: DM (1.67138e-7,2.30894e-7); eev 1.12350e-5 Ha; etot -5.26995e-10 Ha
Energy:    -341.2806491291 Ha with <S^2> =  3.750 and <2S+1> =  4.000 after    5 iterations (in       0.03 seconds).
SCF Change: DM (2.89900e-9,3.48562e-9); eev 1.76705e-7 Ha; etot -7.56017e-12 Ha
Energy:    -341.2806491291 Ha with <S^2> =  3.750 and <2S+1> =  4.000 after    6 iterations (in       0.03 seconds).
SCF Change: DM (9.64666e-11,8.73415e-11); eev 6.28054e-9 Ha; etot 5.68434e-14 Ha
Energy:    -341.2806491291 Ha with <S^2> =  3.750 and <2S+1> =  4.000 after    7 iterations (in       0.03 seconds).
SCF is converged after    7 iterations.
Mulliken population analysis:
  0-P  :  -0.000000

====================================================
              REST: Mission accomplished
====================================================
The SCF energy        :    -341.2806491291 Ha
Detailed time report:
SCF       |:    0.563 s for the scf procedure
Overall   |:    1.017 s for the whole job
