=========================================================
Input parameters for the REST calculation
=========================================================
Calculation type: Single-point energy
The exchange-correlation method: b3lyp
Print level:                1
The number of threads used for parallelism:      4
The spheric-GTO basis set is taken from /home/symei/def2-TZVPP-mixed
The pruning method is nwchem
The radial grid generation method is treutler
ERI Type: ri_v
Turn on the basis pair symmetry for RI 3D-tensors
The spheric-GTO auxiliary basis set is taken from /home/symei/def2-SV(P)-JKFIT
Spin polarization: Off
Charge:   0; Spin:   1
min_num_angular_points: 110
max_num_angular_points: 590
hardness: 3
Grid generation level: 3
Even tempered basis generation: false
SCF convergency thresholds: 1e-7 for density matrix
                            1e-7 Ha. for sum of eigenvalues
                            1e-8 Ha. for total energy
Max. SCF cycle number:      400
The diis mixing with (param, max_vec_len) = (0.2, 8) is employed for the SCF procedure
Turn on the diis mixing after 1 step(s) of SCF iteractions with the linear mixing
The specified checkfile exists but is not loaded because the keyword 'external_init_guess' is specified
It will be updated after the SCF procedure 
(none)
Initial guess is prepared by (sad).
It is a finite cluster calculation
the functional of 'b3lyp' contains
The density functional 'B3LYP' belongs to the 'Hybrid GGA' family and is defined in the reference(s):
(0): P. J. Stephens, F. J. Devlin, C. F. Chabalowski, and M. J. Frisch.,  J. Phys. Chem. 98, 11623 (1994)
<start_mo> for the frozen-core post-SCF methods 32 is smaller than the number of ecp orbitals 42. Set <start_mo> = 0
Libxc version used in REST: 7.0.0
nbas: 62, natm: 4 for standard basis sets
First valence state for the frozen-core algorithm:     0
final nbas: 280,final natm: 8
numbasis: 186, num_auxbas: 926
Molecule_name: pbr3
Restricted Hartree-Fock (or Kohn-Sham) algorithm is invoked.
Nuc_energy:      96.23040328 Hartree
No ghost effective potential
No ghost point charges
Overlap matrix is nonsigular:
  Lowest eigenvalue:       0.00424592 with the total number of basis functions:    186
Grid size: 81592
Generate SAD of P
Generate SAD of Br
Initial guess HF energy:    -386.8688028495972731
The total energy:      -386.7382784763 Ha by the initial guess
Energy:    -386.7097696391 Ha after    1 iterations (in       0.39 seconds).
SCF Change: DM 5.38980e-3; eev  1.64553e2 Ha; etot 1.81490e-1 Ha
Energy:    -386.5282798890 Ha after    2 iterations (in       0.46 seconds).
SCF Change: DM 1.52177e-3; eev  8.57503e1 Ha; etot -2.05582e-1 Ha
Energy:    -386.7338620878 Ha after    3 iterations (in       0.44 seconds).
SCF Change: DM 4.52996e-4; eev  2.50486e2 Ha; etot -3.18059e-2 Ha
Energy:    -386.7656680153 Ha after    4 iterations (in       0.43 seconds).
SCF Change: DM 2.62637e-4; eev  4.01792e2 Ha; etot -8.55037e-4 Ha
Energy:    -386.7665230521 Ha after    5 iterations (in       0.39 seconds).
SCF Change: DM 1.17140e-4; eev  1.22976e1 Ha; etot -5.24410e-4 Ha
Energy:    -386.7670474622 Ha after    6 iterations (in       0.37 seconds).
SCF Change: DM 7.16387e-5; eev  2.80713e1 Ha; etot -1.04770e-4 Ha
Energy:    -386.7671522318 Ha after    7 iterations (in       0.38 seconds).
SCF Change: DM 1.08333e-4; eev  1.98727e1 Ha; etot -4.10655e-5 Ha
Energy:    -386.7671932972 Ha after    8 iterations (in       0.39 seconds).
SCF Change: DM 6.61196e-5; eev  1.01070e1 Ha; etot -3.53755e-5 Ha
Energy:    -386.7672286728 Ha after    9 iterations (in       0.39 seconds).
SCF Change: DM 3.07330e-5; eev  1.63919e0 Ha; etot -1.17983e-5 Ha
Energy:    -386.7672404711 Ha after   10 iterations (in       0.39 seconds).
SCF Change: DM 3.17086e-5; eev 9.10156e-1 Ha; etot -2.89046e-6 Ha
Energy:    -386.7672433615 Ha after   11 iterations (in       0.39 seconds).
SCF Change: DM 2.76692e-5; eev 4.53762e-1 Ha; etot -2.89918e-6 Ha
Energy:    -386.7672462607 Ha after   12 iterations (in       0.39 seconds).
SCF Change: DM 5.91792e-6; eev 3.21271e-1 Ha; etot -1.05549e-6 Ha
Energy:    -386.7672473162 Ha after   13 iterations (in       0.39 seconds).
SCF Change: DM 5.24364e-6; eev 2.92075e-1 Ha; etot -6.85234e-8 Ha
Energy:    -386.7672473847 Ha after   14 iterations (in       0.41 seconds).
SCF Change: DM 2.28904e-6; eev 1.49033e-1 Ha; etot -2.36117e-8 Ha
Energy:    -386.7672474083 Ha after   15 iterations (in       0.39 seconds).
SCF Change: DM 1.66630e-6; eev 1.76953e-2 Ha; etot -1.84318e-8 Ha
Energy:    -386.7672474268 Ha after   16 iterations (in       0.42 seconds).
SCF Change: DM 6.15901e-7; eev 5.17609e-3 Ha; etot -3.38537e-9 Ha
Energy:    -386.7672474302 Ha after   17 iterations (in       0.41 seconds).
SCF Change: DM 5.82168e-7; eev 1.16031e-2 Ha; etot -1.46656e-9 Ha
Energy:    -386.7672474316 Ha after   18 iterations (in       0.47 seconds).
SCF Change: DM 1.13542e-6; eev 1.20846e-2 Ha; etot -1.67711e-9 Ha
Energy:    -386.7672474333 Ha after   19 iterations (in       0.42 seconds).
SCF Change: DM 2.95290e-7; eev 1.15610e-2 Ha; etot -1.98554e-9 Ha
Energy:    -386.7672474353 Ha after   20 iterations (in       0.40 seconds).
SCF Change: DM 3.33428e-7; eev 3.63177e-3 Ha; etot -3.00247e-10 Ha
Energy:    -386.7672474356 Ha after   21 iterations (in       0.42 seconds).
SCF Change: DM 1.31653e-7; eev 4.35248e-3 Ha; etot -2.34309e-10 Ha
Energy:    -386.7672474358 Ha after   22 iterations (in       0.38 seconds).
SCF Change: DM 1.58776e-7; eev 4.20427e-3 Ha; etot -6.61657e-11 Ha
Energy:    -386.7672474359 Ha after   23 iterations (in       0.39 seconds).
SCF Change: DM 4.94381e-8; eev 5.70031e-4 Ha; etot -4.89990e-11 Ha
Energy:    -386.7672474359 Ha after   24 iterations (in       0.40 seconds).
SCF Change: DM 9.17431e-8; eev 8.58620e-4 Ha; etot -8.64020e-12 Ha
Energy:    -386.7672474359 Ha after   25 iterations (in       0.42 seconds).
SCF Change: DM 2.37586e-8; eev 1.29017e-3 Ha; etot -1.38698e-11 Ha
Energy:    -386.7672474360 Ha after   26 iterations (in       0.39 seconds).
SCF Change: DM 3.03754e-8; eev 8.98331e-4 Ha; etot -6.25278e-12 Ha
Energy:    -386.7672474360 Ha after   27 iterations (in       0.36 seconds).
Energy increase is detected. Turn on the linear mixing algorithm with (H[DIIS, i-1] + H[DIIS, i+1]).
Prev_Energies: (   -386.76724744,    -386.76724744)
SCF Change: DM 2.18322e-8; eev 6.74932e-4 Ha; etot 2.72848e-12 Ha
Energy:    -386.7672474360 Ha after   28 iterations (in       0.36 seconds).
Energy increase is detected. Turn on the linear mixing algorithm with (H[DIIS, i-1] + H[DIIS, i+1]).
Prev_Energies: (   -386.76724744,    -386.76724744)
SCF Change: DM 2.79624e-8; eev 7.22261e-4 Ha; etot 4.32010e-12 Ha
Energy:    -386.7672474360 Ha after   29 iterations (in       0.38 seconds).
SCF Change: DM 2.99067e-8; eev 4.75988e-4 Ha; etot -7.95808e-12 Ha
Energy:    -386.7672474360 Ha after   30 iterations (in       0.38 seconds).
SCF Change: DM 1.07671e-8; eev 2.82449e-4 Ha; etot -6.02540e-12 Ha
Energy:    -386.7672474360 Ha after   31 iterations (in       0.44 seconds).
Energy increase is detected. Turn on the linear mixing algorithm with (H[DIIS, i-1] + H[DIIS, i+1]).
Prev_Energies: (   -386.76724744,    -386.76724744)
SCF Change: DM 8.57691e-9; eev 2.35407e-4 Ha; etot 3.97904e-12 Ha
Energy:    -386.7672474360 Ha after   32 iterations (in       0.46 seconds).
SCF Change: DM 1.15863e-8; eev 2.53994e-4 Ha; etot -2.21689e-12 Ha
Energy:    -386.7672474360 Ha after   33 iterations (in       0.42 seconds).
Energy increase is detected. Turn on the linear mixing algorithm with (H[DIIS, i-1] + H[DIIS, i+1]).
Prev_Energies: (   -386.76724744,    -386.76724744)
SCF Change: DM 9.16777e-9; eev 1.84832e-4 Ha; etot 4.54747e-12 Ha
Energy:    -386.7672474360 Ha after   34 iterations (in       0.39 seconds).
SCF Change: DM 1.27538e-8; eev 3.83883e-4 Ha; etot -9.66338e-13 Ha
Energy:    -386.7672474360 Ha after   35 iterations (in       0.46 seconds).
Energy increase is detected. Turn on the linear mixing algorithm with (H[DIIS, i-1] + H[DIIS, i+1]).
Prev_Energies: (   -386.76724744,    -386.76724744)
SCF Change: DM 1.00348e-8; eev 3.06922e-4 Ha; etot 2.84217e-12 Ha
Energy:    -386.7672474360 Ha after   36 iterations (in       0.40 seconds).
SCF Change: DM 1.16507e-8; eev 3.16035e-4 Ha; etot -5.62750e-12 Ha
Energy:    -386.7672474360 Ha after   37 iterations (in       0.39 seconds).
Energy increase is detected. Turn on the linear mixing algorithm with (H[DIIS, i-1] + H[DIIS, i+1]).
Prev_Energies: (   -386.76724744,    -386.76724744)
SCF Change: DM 9.22373e-9; eev 2.55621e-4 Ha; etot 1.50635e-11 Ha
Energy:    -386.7672474360 Ha after   38 iterations (in       0.37 seconds).
SCF Change: DM 1.00599e-8; eev 2.40417e-4 Ha; etot -1.38698e-11 Ha
Energy:    -386.7672474360 Ha after   39 iterations (in       0.36 seconds).
SCF Change: DM 2.13621e-10; eev 3.99637e-6 Ha; etot -6.25278e-12 Ha
Energy:    -386.7672474360 Ha after   40 iterations (in       0.45 seconds).
Energy increase is detected. Turn on the linear mixing algorithm with (H[DIIS, i-1] + H[DIIS, i+1]).
Prev_Energies: (   -386.76724744,    -386.76724744)
SCF Change: DM 1.61642e-10; eev 3.28796e-6 Ha; etot 8.24230e-12 Ha
Energy:    -386.7672474360 Ha after   41 iterations (in       0.47 seconds).
SCF Change: DM 2.56554e-10; eev 4.26965e-6 Ha; etot -3.41061e-13 Ha
Energy:    -386.7672474360 Ha after   42 iterations (in       0.42 seconds).
SCF Change: DM 6.92541e-11; eev 4.96803e-7 Ha; etot -4.49063e-12 Ha
Energy:    -386.7672474360 Ha after   43 iterations (in       0.46 seconds).
Energy increase is detected. Turn on the linear mixing algorithm with (H[DIIS, i-1] + H[DIIS, i+1]).
Prev_Energies: (   -386.76724744,    -386.76724744)
SCF Change: DM 4.96965e-11; eev 2.30615e-7 Ha; etot 1.47793e-12 Ha
Energy:    -386.7672474360 Ha after   44 iterations (in       0.42 seconds).
Energy increase is detected. Turn on the linear mixing algorithm with (H[DIIS, i-1] + H[DIIS, i+1]).
Prev_Energies: (   -386.76724744,    -386.76724744)
SCF Change: DM 6.64116e-11; eev 5.55715e-7 Ha; etot 7.95808e-13 Ha
Energy:    -386.7672474360 Ha after   45 iterations (in       0.42 seconds).
SCF Change: DM 9.18740e-11; eev 2.15814e-6 Ha; etot -5.11591e-13 Ha
Energy:    -386.7672474360 Ha after   46 iterations (in       0.42 seconds).
Energy increase is detected. Turn on the linear mixing algorithm with (H[DIIS, i-1] + H[DIIS, i+1]).
Prev_Energies: (   -386.76724744,    -386.76724744)
SCF Change: DM 7.21549e-11; eev 1.71168e-6 Ha; etot 3.29692e-12 Ha
Energy:    -386.7672474360 Ha after   47 iterations (in       0.40 seconds).
SCF Change: DM 8.88728e-11; eev 1.80199e-6 Ha; etot -1.08571e-11 Ha
Energy:    -386.7672474360 Ha after   48 iterations (in       0.43 seconds).
Energy increase is detected. Turn on the linear mixing algorithm with (H[DIIS, i-1] + H[DIIS, i+1]).
Prev_Energies: (   -386.76724744,    -386.76724744)
SCF Change: DM 7.08767e-11; eev 1.42707e-6 Ha; etot 1.21645e-11 Ha
Energy:    -386.7672474360 Ha after   49 iterations (in       0.46 seconds).
SCF Change: DM 7.07942e-11; eev 1.30612e-6 Ha; etot -1.25056e-12 Ha
Energy:    -386.7672474360 Ha after   50 iterations (in       0.43 seconds).
SCF Change: DM 3.68526e-12; eev 9.54709e-8 Ha; etot -2.38742e-12 Ha
Energy:    -386.7672474360 Ha after   51 iterations (in       0.40 seconds).
SCF is converged after   51 iterations.
Mulliken population analysis:
  0-P  :  -0.124987
  1-Br :   0.041495
  2-Br :   0.041746
  3-Br :   0.041746

====================================================
              REST: Mission accomplished
====================================================
The SCF energy        :    -386.7672474360 Ha
Detailed time report:
Overall   |:   26.268 s for the whole job
SCF       |:   25.818 s for the scf procedure
