=========================================================
Input parameters for the REST calculation
=========================================================
Calculation type: Single-point energy
The exchange-correlation method: b3lyp
Print level:                1
The number of threads used for parallelism:      4
The spheric-GTO basis set is taken from /home/symei/def2-TZVPP-mixed
The pruning method is nwchem
The radial grid generation method is treutler
ERI Type: ri_v
Turn on the basis pair symmetry for RI 3D-tensors
The spheric-GTO auxiliary basis set is taken from /home/symei/def2-SV(P)-JKFIT
Spin polarization: Off
Charge:   0; Spin:   1
min_num_angular_points: 110
max_num_angular_points: 590
hardness: 3
Grid generation level: 3
Even tempered basis generation: false
SCF convergency thresholds: 1e-7 for density matrix
                            1e-7 Ha. for sum of eigenvalues
                            1e-8 Ha. for total energy
Max. SCF cycle number:      400
The diis mixing with (param, max_vec_len) = (0.2, 8) is employed for the SCF procedure
Turn on the diis mixing after 1 step(s) of SCF iteractions with the linear mixing
The specified checkfile exists but is not loaded because the keyword 'external_init_guess' is specified
It will be updated after the SCF procedure 
(none)
Initial guess is prepared by (sad).
It is a finite cluster calculation
the functional of 'b3lyp' contains
The density functional 'B3LYP' belongs to the 'Hybrid GGA' family and is defined in the reference(s):
(0): P. J. Stephens, F. J. Devlin, C. F. Chabalowski, and M. J. Frisch.,  J. Phys. Chem. 98, 11623 (1994)
<start_mo> for the frozen-core post-SCF methods 15 is larger than the number of ecp orbitals 14. Take the <start_mo> -= ecp_orbitals
Libxc version used in REST: 7.0.0
nbas: 148, natm: 18 for standard basis sets
First valence state for the frozen-core algorithm:     1
final nbas: 424,final natm: 36
numbasis: 388, num_auxbas: 914
Molecule_name: ring-c6br1
Restricted Hartree-Fock (or Kohn-Sham) algorithm is invoked.
Nuc_energy:     298.16491839 Hartree
No ghost effective potential
No ghost point charges
Overlap matrix is nonsigular:
  Lowest eigenvalue:       0.00009141 with the total number of basis functions:    388
Grid size: 214580
Generate SAD of C
Generate SAD of H
Generate SAD of Br
Initial guess HF energy:    -251.9721535846312577
The total energy:      -249.7922616147 Ha by the initial guess
Energy:    -200.0342856499 Ha after    1 iterations (in       2.03 seconds).
SCF Change: DM 7.76944e-1; eev  7.52112e1 Ha; etot  4.25821e0 Ha
Energy:    -195.7760738254 Ha after    2 iterations (in       1.94 seconds).
SCF Change: DM 7.57169e-1; eev  1.48016e1 Ha; etot -2.70362e0 Ha
Energy:    -198.4796913937 Ha after    3 iterations (in       2.00 seconds).
SCF Change: DM 2.74596e-1; eev  6.78482e1 Ha; etot -2.10490e1 Ha
Energy:    -219.5287281754 Ha after    4 iterations (in       1.98 seconds).
SCF Change: DM 2.42593e-2; eev  4.01032e0 Ha; etot  3.86517e1 Ha
Energy:    -180.8769958537 Ha after    5 iterations (in       2.01 seconds).
SCF Change: DM 6.63311e-3; eev  4.01539e1 Ha; etot -6.85181e1 Ha
Energy:    -249.3950847242 Ha after    6 iterations (in       1.99 seconds).
SCF Change: DM 2.34274e-3; eev  3.03513e1 Ha; etot -9.10636e-1 Ha
Energy:    -250.3057204026 Ha after    7 iterations (in       2.02 seconds).
SCF Change: DM 1.86131e-3; eev  1.24821e2 Ha; etot -1.02413e-1 Ha
Energy:    -250.4081331961 Ha after    8 iterations (in       2.16 seconds).
SCF Change: DM 5.24577e-4; eev  2.74612e2 Ha; etot -5.90037e-2 Ha
Energy:    -250.4671368649 Ha after    9 iterations (in       2.20 seconds).
SCF Change: DM 2.92610e-4; eev  9.87164e0 Ha; etot -3.39438e-3 Ha
Energy:    -250.4705312441 Ha after   10 iterations (in       2.46 seconds).
SCF Change: DM 2.23251e-4; eev  1.90861e1 Ha; etot -2.82327e-3 Ha
Energy:    -250.4733545162 Ha after   11 iterations (in       2.14 seconds).
SCF Change: DM 5.85766e-5; eev  2.44968e1 Ha; etot -1.00881e-3 Ha
Energy:    -250.4743633212 Ha after   12 iterations (in       2.11 seconds).
SCF Change: DM 2.77227e-5; eev  7.38483e0 Ha; etot -5.43225e-5 Ha
Energy:    -250.4744176437 Ha after   13 iterations (in       2.18 seconds).
SCF Change: DM 2.11993e-5; eev  6.16718e0 Ha; etot -1.47836e-5 Ha
Energy:    -250.4744324273 Ha after   14 iterations (in       2.05 seconds).
SCF Change: DM 1.33908e-5; eev  1.36890e0 Ha; etot -7.28166e-6 Ha
Energy:    -250.4744397089 Ha after   15 iterations (in       2.30 seconds).
SCF Change: DM 2.39031e-5; eev  1.78627e0 Ha; etot -3.64738e-6 Ha
Energy:    -250.4744433563 Ha after   16 iterations (in       2.09 seconds).
SCF Change: DM 1.02820e-5; eev 3.62382e-1 Ha; etot -4.86195e-6 Ha
Energy:    -250.4744482183 Ha after   17 iterations (in       2.01 seconds).
SCF Change: DM 1.25053e-5; eev 5.00787e-1 Ha; etot -1.72226e-6 Ha
Energy:    -250.4744499405 Ha after   18 iterations (in       2.13 seconds).
SCF Change: DM 2.59282e-5; eev 6.08902e-1 Ha; etot -1.74637e-6 Ha
Energy:    -250.4744516869 Ha after   19 iterations (in       2.18 seconds).
SCF Change: DM 2.96937e-5; eev 9.16648e-1 Ha; etot -2.87459e-6 Ha
Energy:    -250.4744545615 Ha after   20 iterations (in       2.19 seconds).
SCF Change: DM 2.66521e-5; eev 5.23147e-1 Ha; etot -2.09857e-6 Ha
Energy:    -250.4744566601 Ha after   21 iterations (in       2.03 seconds).
SCF Change: DM 4.52130e-6; eev 2.30360e-1 Ha; etot -7.31189e-7 Ha
Energy:    -250.4744573912 Ha after   22 iterations (in       2.00 seconds).
SCF Change: DM 4.32902e-6; eev 8.32864e-2 Ha; etot -2.78455e-8 Ha
Energy:    -250.4744574191 Ha after   23 iterations (in       1.99 seconds).
SCF Change: DM 1.21611e-6; eev 4.06485e-2 Ha; etot -2.32961e-8 Ha
Energy:    -250.4744574424 Ha after   24 iterations (in       1.96 seconds).
SCF Change: DM 1.58380e-6; eev 1.50623e-2 Ha; etot -1.47535e-8 Ha
Energy:    -250.4744574571 Ha after   25 iterations (in       1.97 seconds).
SCF Change: DM 2.98340e-6; eev 4.36123e-3 Ha; etot -2.06336e-8 Ha
Energy:    -250.4744574778 Ha after   26 iterations (in       2.01 seconds).
SCF Change: DM 6.45202e-6; eev 6.49271e-2 Ha; etot -3.21461e-8 Ha
Energy:    -250.4744575099 Ha after   27 iterations (in       1.95 seconds).
SCF Change: DM 1.58495e-6; eev 3.19400e-3 Ha; etot -4.55863e-8 Ha
Energy:    -250.4744575555 Ha after   28 iterations (in       2.04 seconds).
SCF Change: DM 2.31478e-6; eev 2.42655e-3 Ha; etot -5.95367e-9 Ha
Energy:    -250.4744575615 Ha after   29 iterations (in       2.09 seconds).
SCF Change: DM 8.06523e-7; eev 8.58365e-3 Ha; etot -4.31680e-9 Ha
Energy:    -250.4744575658 Ha after   30 iterations (in       1.99 seconds).
SCF Change: DM 2.37584e-7; eev 1.29117e-2 Ha; etot -2.79499e-10 Ha
Energy:    -250.4744575661 Ha after   31 iterations (in       1.94 seconds).
SCF Change: DM 1.31152e-7; eev 1.40213e-3 Ha; etot -2.78021e-10 Ha
Energy:    -250.4744575663 Ha after   32 iterations (in       2.00 seconds).
SCF Change: DM 1.36680e-7; eev 8.25009e-3 Ha; etot -5.82077e-11 Ha
Energy:    -250.4744575664 Ha after   33 iterations (in       2.19 seconds).
SCF Change: DM 1.31999e-7; eev 5.53933e-3 Ha; etot -7.16227e-11 Ha
Energy:    -250.4744575665 Ha after   34 iterations (in       2.09 seconds).
SCF Change: DM 6.55660e-8; eev 1.82204e-3 Ha; etot -6.92353e-11 Ha
Energy:    -250.4744575665 Ha after   35 iterations (in       2.07 seconds).
SCF Change: DM 7.88771e-8; eev 2.78037e-3 Ha; etot -2.21121e-11 Ha
Energy:    -250.4744575666 Ha after   36 iterations (in       2.11 seconds).
Energy increase is detected. Turn on the linear mixing algorithm with (H[DIIS, i-1] + H[DIIS, i+1]).
Prev_Energies: (   -250.47445757,    -250.47445757)
SCF Change: DM 5.53119e-8; eev 2.05166e-3 Ha; etot 7.44649e-12 Ha
Energy:    -250.4744575665 Ha after   37 iterations (in       2.07 seconds).
SCF Change: DM 1.18833e-7; eev 3.32066e-3 Ha; etot -2.45564e-11 Ha
Energy:    -250.4744575666 Ha after   38 iterations (in       1.98 seconds).
Energy increase is detected. Turn on the linear mixing algorithm with (H[DIIS, i-1] + H[DIIS, i+1]).
Prev_Energies: (   -250.47445757,    -250.47445757)
SCF Change: DM 9.24342e-8; eev 2.57359e-3 Ha; etot 3.69482e-12 Ha
Energy:    -250.4744575666 Ha after   39 iterations (in       2.02 seconds).
SCF Change: DM 1.01241e-7; eev 2.03101e-3 Ha; etot -2.33058e-12 Ha
Energy:    -250.4744575666 Ha after   40 iterations (in       1.96 seconds).
SCF Change: DM 3.28496e-8; eev 4.74179e-4 Ha; etot -1.02887e-11 Ha
Energy:    -250.4744575666 Ha after   41 iterations (in       2.05 seconds).
Energy increase is detected. Turn on the linear mixing algorithm with (H[DIIS, i-1] + H[DIIS, i+1]).
Prev_Energies: (   -250.47445757,    -250.47445757)
SCF Change: DM 1.94581e-8; eev 4.94181e-4 Ha; etot 1.94404e-11 Ha
Energy:    -250.4744575666 Ha after   42 iterations (in       2.03 seconds).
SCF Change: DM 8.49720e-8; eev 9.67384e-5 Ha; etot -2.64322e-11 Ha
Energy:    -250.4744575666 Ha after   43 iterations (in       1.94 seconds).
SCF Change: DM 1.56620e-8; eev 4.50360e-4 Ha; etot -6.82121e-12 Ha
Energy:    -250.4744575666 Ha after   44 iterations (in       2.00 seconds).
Energy increase is detected. Turn on the linear mixing algorithm with (H[DIIS, i-1] + H[DIIS, i+1]).
Prev_Energies: (   -250.47445757,    -250.47445757)
SCF Change: DM 1.20719e-8; eev 3.60733e-4 Ha; etot 7.33280e-12 Ha
Energy:    -250.4744575666 Ha after   45 iterations (in       2.11 seconds).
SCF Change: DM 1.58145e-8; eev 3.78466e-4 Ha; etot -5.11591e-13 Ha
Energy:    -250.4744575666 Ha after   46 iterations (in       2.25 seconds).
SCF Change: DM 4.68408e-10; eev 1.39755e-5 Ha; etot -2.16005e-12 Ha
Energy:    -250.4744575666 Ha after   47 iterations (in       2.21 seconds).
SCF Change: DM 3.42676e-10; eev 1.33242e-5 Ha; etot -4.26326e-12 Ha
Energy:    -250.4744575666 Ha after   48 iterations (in       2.11 seconds).
Energy increase is detected. Turn on the linear mixing algorithm with (H[DIIS, i-1] + H[DIIS, i+1]).
Prev_Energies: (   -250.47445757,    -250.47445757)
SCF Change: DM 2.75552e-10; eev 5.59688e-6 Ha; etot 7.38964e-12 Ha
Energy:    -250.4744575666 Ha after   49 iterations (in       2.01 seconds).
Energy increase is detected. Turn on the linear mixing algorithm with (H[DIIS, i-1] + H[DIIS, i+1]).
Prev_Energies: (   -250.47445757,    -250.47445757)
SCF Change: DM 2.70386e-10; eev 1.17744e-5 Ha; etot 9.43601e-12 Ha
Energy:    -250.4744575666 Ha after   50 iterations (in       1.97 seconds).
SCF Change: DM 8.66546e-10; eev 2.94584e-5 Ha; etot -1.65983e-11 Ha
Energy:    -250.4744575666 Ha after   51 iterations (in       2.30 seconds).
Energy increase is detected. Turn on the linear mixing algorithm with (H[DIIS, i-1] + H[DIIS, i+1]).
Prev_Energies: (   -250.47445757,    -250.47445757)
SCF Change: DM 6.96760e-10; eev 2.33629e-5 Ha; etot 1.26761e-11 Ha
Energy:    -250.4744575666 Ha after   52 iterations (in       2.20 seconds).
SCF Change: DM 8.26571e-10; eev 2.73458e-5 Ha; etot -4.54747e-13 Ha
Energy:    -250.4744575666 Ha after   53 iterations (in       2.07 seconds).
Energy increase is detected. Turn on the linear mixing algorithm with (H[DIIS, i-1] + H[DIIS, i+1]).
Prev_Energies: (   -250.47445757,    -250.47445757)
SCF Change: DM 6.61211e-10; eev 2.17741e-5 Ha; etot 3.97904e-13 Ha
Energy:    -250.4744575666 Ha after   54 iterations (in       2.15 seconds).
SCF Change: DM 6.55863e-10; eev 2.21073e-5 Ha; etot -1.19940e-11 Ha
Energy:    -250.4744575666 Ha after   55 iterations (in       2.12 seconds).
Energy increase is detected. Turn on the linear mixing algorithm with (H[DIIS, i-1] + H[DIIS, i+1]).
Prev_Energies: (   -250.47445757,    -250.47445757)
SCF Change: DM 5.27033e-10; eev 1.76820e-5 Ha; etot 6.25278e-12 Ha
Energy:    -250.4744575666 Ha after   56 iterations (in       2.12 seconds).
SCF Change: DM 5.04283e-10; eev 1.76692e-5 Ha; etot -5.68434e-13 Ha
Energy:    -250.4744575666 Ha after   57 iterations (in       2.15 seconds).
Energy increase is detected. Turn on the linear mixing algorithm with (H[DIIS, i-1] + H[DIIS, i+1]).
Prev_Energies: (   -250.47445757,    -250.47445757)
SCF Change: DM 4.04735e-10; eev 1.41364e-5 Ha; etot 7.84439e-12 Ha
Energy:    -250.4744575666 Ha after   58 iterations (in       2.02 seconds).
SCF Change: DM 3.95853e-10; eev 1.42023e-5 Ha; etot -8.75389e-12 Ha
Energy:    -250.4744575666 Ha after   59 iterations (in       1.98 seconds).
Energy increase is detected. Turn on the linear mixing algorithm with (H[DIIS, i-1] + H[DIIS, i+1]).
Prev_Energies: (   -250.47445757,    -250.47445757)
SCF Change: DM 3.16866e-10; eev 1.13586e-5 Ha; etot 2.33058e-12 Ha
Energy:    -250.4744575666 Ha after   60 iterations (in       2.05 seconds).
SCF Change: DM 3.15939e-10; eev 1.13770e-5 Ha; etot -2.95586e-12 Ha
Energy:    -250.4744575666 Ha after   61 iterations (in       1.97 seconds).
SCF Change: DM 1.28999e-12; eev 1.05268e-8 Ha; etot -4.54747e-12 Ha
Energy:    -250.4744575666 Ha after   62 iterations (in       2.03 seconds).
SCF is converged after   62 iterations.
Mulliken population analysis:
  0-C  :  -0.070031
  1-C  :  -0.390925
  2-C  :  -0.070031
  3-C  :  -0.130790
  4-C  :  -0.108836
  5-C  :  -0.130790
  6-H  :   0.082369
  7-H  :   0.103095
  8-H  :   0.064658
  9-H  :   0.082369
 10-H  :   0.059919
 11-H  :   0.074704
 12-H  :   0.070495
 13-H  :   0.055338
 14-H  :   0.059919
 15-H  :   0.074705
 16-H  :   0.064658
 17-Br :   0.109175

====================================================
              REST: Mission accomplished
====================================================
The SCF energy        :    -250.4744575666 Ha
Detailed time report:
SCF       |:  148.245 s for the scf procedure
Overall   |:  148.699 s for the whole job
