Use the default path (/opt/rest_workspace/rest/basis-set-pool/) as rest_basis_dir.
The specified path for the basis sets: /home/symei/basis/br/TZVPP-10-o-all
The specified path for the basis sets: /home/symei/def2-SV(P)-JKFIT
=========================================================
      Input parameters for the REST calculation
=========================================================
Calculation type: Single-point energy
Cube output: wavefunction
The exchange-correlation method: xygjos
Print level:                1
The number of threads used for parallelism:      32
The spheric-GTO basis set is taken from /home/symei/basis/br/TZVPP-10-o-all
The spheric-GTO auxiliary basis set is taken from /home/symei/def2-SV(P)-JKFIT
Charge:   0; Spin:   1
Spin polarization: Off
Input molecular structure (in Angstrom): ----------
Br       0.00000000      0.00000000      1.15797900
Br       0.00000000      0.00000000     -1.15797900
End of molecular structure ------------------------
ERI Type: ri_v
SCF convergency thresholds: 1e-8 for density matrix
                            1e-8 Ha. for sum of eigenvalues
                            1e-8 Ha. for total energy
Max. SCF cycle number:      250
It is a finite cluster calculation
The specified checkfile exists but is not loaded because the keyword 'external_init_guess' is specified
It will be updated after the SCF procedure 
(none)
=========================================================
the scf functional for 'xygjos' contains
The density functional 'B3LYP' belongs to the 'Hybrid GGA' family and is defined in the reference(s):
(0): P. J. Stephens, F. J. Devlin, C. F. Chabalowski, and M. J. Frisch.,  J. Phys. Chem. 98, 11623 (1994)
the post-scf functional 'xygjos' is employed, which contains
The density functional 'Slater exchange' belongs to the 'LDA' family and is defined in the reference(s):
(0): P. A. M. Dirac.,  Math. Proc. Cambridge Philos. Soc. 26, 376 (1930)
(1): F. Bloch.,  Z. Phys. 57, 545 (1929)
The density functional 'Becke 88' belongs to the 'GGA' family and is defined in the reference(s):
(0): A. D. Becke.,  Phys. Rev. A 38, 3098 (1988)
The density functional 'Vosko, Wilk & Nusair (VWN5_RPA)' belongs to the 'LDA' family and is defined in the reference(s):
(0): S. H. Vosko, L. Wilk, and M. Nusair.,  Can. J. Phys. 58, 1200 (1980)
The density functional 'Lee, Yang & Parr' belongs to the 'GGA' family and is defined in the reference(s):
(0): C. Lee, W. Yang, and R. G. Parr.,  Phys. Rev. B 37, 785 (1988)
(1): B. Miehlich, A. Savin, H. Stoll, and H. Preuss.,  Chem. Phys. Lett. 157, 200 (1989)
<start_mo> for the frozen-core post-SCF methods 0 is smaller than the number of ecp orbitals 10. Set <start_mo> = 0
Libxc version used in REST: 7.0.0
nbas: 32, natm: 2 for standard basis sets
First valence state for the frozen-core algorithm:     0
final nbas: 152,final natm: 4
numbasis: 96, num_auxbas: 532
Molecule_name: br2
Restricted Hartree-Fock (or Kohn-Sham) algorithm is invoked.
Nuc_energy:     142.80731999 Hartree
No ghost effective potential
No ghost point charges
Overlap matrix is nonsigular:
  Lowest eigenvalue:       0.00835797 with the total number of basis functions:     96
Grid size: 41808

=======================
Generating SAD for atom: Br
=======================
SAD generation for Br complete.
Initial guess energy using single atom density (SAD):    -860.0996346323513535
The total energy:      -860.0078897277 Ha by the initial guess
Energy:    -860.0108592337 Ha after    1 iterations (in       0.05 seconds).
SCF Change: DM 4.05050e-4; eev 6.99803e-2 Ha; etot 1.04966e-6 Ha
Energy:    -860.0108581840 Ha after    2 iterations (in       0.04 seconds).
SCF Change: DM 6.51213e-5; eev 1.01712e-2 Ha; etot -6.62628e-4 Ha
Energy:    -860.0115208121 Ha after    3 iterations (in       0.05 seconds).
SCF Change: DM 2.91697e-6; eev 5.48698e-4 Ha; etot -8.21942e-6 Ha
Energy:    -860.0115290315 Ha after    4 iterations (in       0.04 seconds).
SCF Change: DM 9.69991e-7; eev 2.47007e-4 Ha; etot -2.29459e-8 Ha
Energy:    -860.0115290545 Ha after    5 iterations (in       0.05 seconds).
SCF Change: DM 2.65514e-7; eev 6.35638e-5 Ha; etot -6.74277e-10 Ha
Energy:    -860.0115290552 Ha after    6 iterations (in       0.05 seconds).
SCF Change: DM 1.69312e-9; eev 4.04232e-7 Ha; etot -9.39053e-11 Ha
Energy:    -860.0115290553 Ha after    7 iterations (in       0.04 seconds).
SCF Change: DM 5.97056e-11; eev 4.98992e-9 Ha; etot -4.66116e-12 Ha
Energy:    -860.0115290553 Ha after    8 iterations (in       0.04 seconds).
SCF is converged after    8 iterations.
==========================================
Now evaluate the    PT2 correlation energy
==========================================
----------------------------------------------------------------------
Methods         :       Total Corr,          OS Corr,          SS Corr
----------------------------------------------------------------------
PT2             :      -0.90396404,      -0.63612772,      -0.26783632
----------------------------------------------------------------------
Fifth-rung correlation energy :      -0.277606137828 Ha
E[XYGJOS]=:    -858.66870122 Ha, Ex[HF]:     -60.93337879 Ha, Ec[PT2  ]:      -0.90396404 Ha
Mulliken population analysis:
  0-Br :  -0.000000
  1-Br :   0.000000

====================================================
              REST: Mission accomplished
====================================================
The SCF energy        :    -860.0115290553 Ha
The (R)-xDH energy    :    -858.6687012227 Ha
Detailed time report:
Overall   |:    1.423 s for the whole job
SCF       |:    1.321 s for the scf procedure
PT2       |:    0.102 s for the PT2 evaluation
