Use the default path (/opt/rest_workspace/rest/basis-set-pool/) as rest_basis_dir.
The specified path for the basis sets: /home/symei/basis/br/TZVPP-10-o-all
The specified path for the basis sets: /home/symei/def2-SV(P)-JKFIT
=========================================================
      Input parameters for the REST calculation
=========================================================
Calculation type: Single-point energy
Cube output: wavefunction
The exchange-correlation method: xygjos
Print level:                1
The number of threads used for parallelism:      32
The spheric-GTO basis set is taken from /home/symei/basis/br/TZVPP-10-o-all
The spheric-GTO auxiliary basis set is taken from /home/symei/def2-SV(P)-JKFIT
Charge:   0; Spin:   1
Spin polarization: Off
Input molecular structure (in Angstrom): ----------
C       -1.62790100      2.06937900     -0.07906700
H       -1.15134300      3.01327200     -0.35545900
H       -1.90332300      2.11727300      0.97438900
H       -2.53807200      1.96174200     -0.66533600
C       -0.67251700      0.91724100     -0.34940200
H       -0.43286500      0.84870600     -1.40648100
C        0.58971400      1.04261400      0.47514000
H        0.40689400      0.86475400      1.53014800
H        1.01545200      2.03454700      0.34010600
Br       2.01711200     -0.19871800     -0.05377900
Br      -1.59232700     -0.80173000      0.03385400
End of molecular structure ------------------------
ERI Type: ri_v
SCF convergency thresholds: 1e-8 for density matrix
                            1e-8 Ha. for sum of eigenvalues
                            1e-8 Ha. for total energy
Max. SCF cycle number:      250
It is a finite cluster calculation
The specified checkfile exists but is not loaded because the keyword 'external_init_guess' is specified
It will be updated after the SCF procedure 
(none)
=========================================================
the scf functional for 'xygjos' contains
The density functional 'B3LYP' belongs to the 'Hybrid GGA' family and is defined in the reference(s):
(0): P. J. Stephens, F. J. Devlin, C. F. Chabalowski, and M. J. Frisch.,  J. Phys. Chem. 98, 11623 (1994)
the post-scf functional 'xygjos' is employed, which contains
The density functional 'Slater exchange' belongs to the 'LDA' family and is defined in the reference(s):
(0): P. A. M. Dirac.,  Math. Proc. Cambridge Philos. Soc. 26, 376 (1930)
(1): F. Bloch.,  Z. Phys. 57, 545 (1929)
The density functional 'Becke 88' belongs to the 'GGA' family and is defined in the reference(s):
(0): A. D. Becke.,  Phys. Rev. A 38, 3098 (1988)
The density functional 'Vosko, Wilk & Nusair (VWN5_RPA)' belongs to the 'LDA' family and is defined in the reference(s):
(0): S. H. Vosko, L. Wilk, and M. Nusair.,  Can. J. Phys. 58, 1200 (1980)
The density functional 'Lee, Yang & Parr' belongs to the 'GGA' family and is defined in the reference(s):
(0): C. Lee, W. Yang, and R. G. Parr.,  Phys. Rev. B 37, 785 (1988)
(1): B. Miehlich, A. Savin, H. Stoll, and H. Preuss.,  Chem. Phys. Lett. 157, 200 (1989)
<start_mo> for the frozen-core post-SCF methods 0 is smaller than the number of ecp orbitals 10. Set <start_mo> = 0
Libxc version used in REST: 7.0.0
nbas: 101, natm: 11 for standard basis sets
First valence state for the frozen-core algorithm:     0
final nbas: 332,final natm: 22
numbasis: 273, num_auxbas: 865
Molecule_name: c-cbrcbr
Restricted Hartree-Fock (or Kohn-Sham) algorithm is invoked.
Nuc_energy:     389.36698956 Hartree
No ghost effective potential
No ghost point charges
Overlap matrix is nonsigular:
  Lowest eigenvalue:       0.00024625 with the total number of basis functions:    273
Grid size: 143658

=======================
Generating SAD for atom: C
=======================
SAD generation for C complete.

=======================
Generating SAD for atom: H
=======================
SAD generation for H complete.

=======================
Generating SAD for atom: Br
=======================
SAD generation for Br complete.
Initial guess energy using single atom density (SAD):    -975.6195573206293830
The total energy:      -974.5615271568 Ha by the initial guess
Energy:    -974.0762261176 Ha after    1 iterations (in       0.28 seconds).
SCF Change: DM 1.38977e-2; eev  3.74601e0 Ha; etot  3.14346e0 Ha
Energy:    -970.9327653463 Ha after    2 iterations (in       0.28 seconds).
SCF Change: DM 2.21940e-3; eev 7.68352e-1 Ha; etot -3.90283e0 Ha
Energy:    -974.8355943199 Ha after    3 iterations (in       0.28 seconds).
SCF Change: DM 7.79075e-4; eev 2.83698e-1 Ha; etot -1.68220e-2 Ha
Energy:    -974.8524162956 Ha after    4 iterations (in       0.29 seconds).
SCF Change: DM 2.45509e-4; eev 8.23752e-2 Ha; etot -2.34817e-2 Ha
Energy:    -974.8758980063 Ha after    5 iterations (in       0.29 seconds).
SCF Change: DM 3.19254e-5; eev 2.01141e-2 Ha; etot -4.33736e-4 Ha
Energy:    -974.8763317423 Ha after    6 iterations (in       0.27 seconds).
SCF Change: DM 7.74845e-6; eev 2.12109e-3 Ha; etot -1.89647e-5 Ha
Energy:    -974.8763507070 Ha after    7 iterations (in       0.29 seconds).
SCF Change: DM 3.69185e-6; eev 1.24255e-3 Ha; etot -7.85957e-7 Ha
Energy:    -974.8763514929 Ha after    8 iterations (in       0.27 seconds).
SCF Change: DM 9.44378e-7; eev 2.34706e-4 Ha; etot -2.48968e-7 Ha
Energy:    -974.8763517419 Ha after    9 iterations (in       0.88 seconds).
SCF Change: DM 2.74047e-7; eev 7.90838e-5 Ha; etot -1.49115e-8 Ha
Energy:    -974.8763517568 Ha after   10 iterations (in       0.27 seconds).
SCF Change: DM 4.07901e-8; eev 2.00070e-5 Ha; etot -1.39482e-9 Ha
Energy:    -974.8763517582 Ha after   11 iterations (in       0.27 seconds).
SCF Change: DM 1.50564e-8; eev 5.20326e-6 Ha; etot -3.44471e-11 Ha
Energy:    -974.8763517582 Ha after   12 iterations (in       0.27 seconds).
SCF Change: DM 4.89645e-9; eev 2.27417e-6 Ha; etot -1.80762e-11 Ha
Energy:    -974.8763517582 Ha after   13 iterations (in       0.26 seconds).
SCF Change: DM 8.02056e-10; eev 3.42201e-7 Ha; etot -3.49019e-11 Ha
Energy:    -974.8763517583 Ha after   14 iterations (in       0.26 seconds).
SCF Change: DM 2.76786e-10; eev 6.89660e-8 Ha; etot 4.53610e-11 Ha
Energy:    -974.8763517582 Ha after   15 iterations (in       0.26 seconds).
SCF Change: DM 9.04242e-11; eev 2.25279e-8 Ha; etot -2.91038e-11 Ha
Energy:    -974.8763517583 Ha after   16 iterations (in       0.27 seconds).
SCF Change: DM 3.71385e-11; eev 1.08004e-8 Ha; etot 1.68257e-11 Ha
Energy:    -974.8763517582 Ha after   17 iterations (in       0.26 seconds).
SCF Change: DM 1.39763e-11; eev 3.42761e-9 Ha; etot -8.98126e-12 Ha
Energy:    -974.8763517583 Ha after   18 iterations (in       0.27 seconds).
SCF is converged after   18 iterations.
==========================================
Now evaluate the    PT2 correlation energy
==========================================
----------------------------------------------------------------------
Methods         :       Total Corr,          OS Corr,          SS Corr
----------------------------------------------------------------------
PT2             :      -1.70989835,      -1.25782924,      -0.45206911
----------------------------------------------------------------------
Fifth-rung correlation energy :      -0.548916680746 Ha
E[XYGJOS]=:    -973.19633988 Ha, Ex[HF]:     -78.44329341 Ha, Ec[PT2  ]:      -1.70989835 Ha
Mulliken population analysis:
  0-C  :  -0.252665
  1-H  :   0.087543
  2-H  :   0.096686
  3-H  :   0.110498
  4-C  :  -0.049459
  5-H  :   0.122246
  6-C  :  -0.212370
  7-H  :   0.141731
  8-H  :   0.137390
  9-Br :  -0.078527
 10-Br :  -0.103073

====================================================
              REST: Mission accomplished
====================================================
The SCF energy        :    -974.8763517582 Ha
The (R)-xDH energy    :    -973.1963398770 Ha
Detailed time report:
PT2       |:    0.576 s for the PT2 evaluation
Overall   |:   16.936 s for the whole job
SCF       |:   16.358 s for the scf procedure
