Use the default path (/opt/rest_workspace/rest/basis-set-pool/) as rest_basis_dir.
The specified path for the basis sets: /home/symei/basis/br/TZVPP-10-o-all
The specified path for the basis sets: /home/symei/def2-SV(P)-JKFIT
=========================================================
      Input parameters for the REST calculation
=========================================================
Calculation type: Single-point energy
Cube output: wavefunction
The exchange-correlation method: xygjos
Print level:                1
The number of threads used for parallelism:      32
The spheric-GTO basis set is taken from /home/symei/basis/br/TZVPP-10-o-all
The spheric-GTO auxiliary basis set is taken from /home/symei/def2-SV(P)-JKFIT
Charge:   0; Spin:   1
Spin polarization: Off
Input molecular structure (in Angstrom): ----------
C       -0.00000000     -0.00000400     -0.00000500
Br       0.00579400      1.79880600      0.76886500
Br      -1.59789300     -0.23190000     -1.10448200
Br       1.59667200     -0.24239800     -1.10399300
Br      -0.00457300     -1.32450800      1.43961000
End of molecular structure ------------------------
ERI Type: ri_v
SCF convergency thresholds: 1e-8 for density matrix
                            1e-8 Ha. for sum of eigenvalues
                            1e-8 Ha. for total energy
Max. SCF cycle number:      250
It is a finite cluster calculation
The specified checkfile exists but is not loaded because the keyword 'external_init_guess' is specified
It will be updated after the SCF procedure 
(none)
=========================================================
the scf functional for 'xygjos' contains
The density functional 'B3LYP' belongs to the 'Hybrid GGA' family and is defined in the reference(s):
(0): P. J. Stephens, F. J. Devlin, C. F. Chabalowski, and M. J. Frisch.,  J. Phys. Chem. 98, 11623 (1994)
the post-scf functional 'xygjos' is employed, which contains
The density functional 'Slater exchange' belongs to the 'LDA' family and is defined in the reference(s):
(0): P. A. M. Dirac.,  Math. Proc. Cambridge Philos. Soc. 26, 376 (1930)
(1): F. Bloch.,  Z. Phys. 57, 545 (1929)
The density functional 'Becke 88' belongs to the 'GGA' family and is defined in the reference(s):
(0): A. D. Becke.,  Phys. Rev. A 38, 3098 (1988)
The density functional 'Vosko, Wilk & Nusair (VWN5_RPA)' belongs to the 'LDA' family and is defined in the reference(s):
(0): S. H. Vosko, L. Wilk, and M. Nusair.,  Can. J. Phys. 58, 1200 (1980)
The density functional 'Lee, Yang & Parr' belongs to the 'GGA' family and is defined in the reference(s):
(0): C. Lee, W. Yang, and R. G. Parr.,  Phys. Rev. B 37, 785 (1988)
(1): B. Miehlich, A. Savin, H. Stoll, and H. Preuss.,  Chem. Phys. Lett. 157, 200 (1989)
<start_mo> for the frozen-core post-SCF methods 0 is smaller than the number of ecp orbitals 20. Set <start_mo> = 0
Libxc version used in REST: 7.0.0
nbas: 75, natm: 5 for standard basis sets
First valence state for the frozen-core algorithm:     0
final nbas: 340,final natm: 10
numbasis: 223, num_auxbas: 1139
Molecule_name: cbr4
Restricted Hartree-Fock (or Kohn-Sham) algorithm is invoked.
Nuc_energy:     783.49520379 Hartree
No ghost effective potential
No ghost point charges
Overlap matrix is nonsigular:
  Lowest eigenvalue:       0.00320099 with the total number of basis functions:    223
Grid size: 97518

=======================
Generating SAD for atom: C
=======================
SAD generation for C complete.

=======================
Generating SAD for atom: Br
=======================
SAD generation for Br complete.
Initial guess energy using single atom density (SAD):   -1758.7976491010160771
The total energy:     -1758.1099702039 Ha by the initial guess
Energy:   -1758.0842646431 Ha after    1 iterations (in       0.21 seconds).
SCF Change: DM 2.63999e-3; eev 6.79054e-1 Ha; etot 2.20708e-1 Ha
Energy:   -1757.8635570599 Ha after    2 iterations (in       0.22 seconds).
SCF Change: DM 1.82695e-4; eev 8.44958e-2 Ha; etot -2.57859e-1 Ha
Energy:   -1758.1214159725 Ha after    3 iterations (in       0.20 seconds).
SCF Change: DM 5.68903e-5; eev 3.25826e-2 Ha; etot -1.45747e-4 Ha
Energy:   -1758.1215617193 Ha after    4 iterations (in       0.19 seconds).
SCF Change: DM 6.29004e-6; eev 3.06968e-3 Ha; etot -4.49079e-5 Ha
Energy:   -1758.1216066271 Ha after    5 iterations (in       0.20 seconds).
SCF Change: DM 1.38439e-6; eev 8.79021e-4 Ha; etot -5.24499e-7 Ha
Energy:   -1758.1216071516 Ha after    6 iterations (in       0.20 seconds).
SCF Change: DM 1.87659e-7; eev 8.78290e-5 Ha; etot -1.39123e-8 Ha
Energy:   -1758.1216071656 Ha after    7 iterations (in       0.19 seconds).
SCF Change: DM 1.27139e-8; eev 2.41111e-6 Ha; etot -3.30374e-10 Ha
Energy:   -1758.1216071659 Ha after    8 iterations (in       0.19 seconds).
SCF Change: DM 4.07974e-9; eev 9.44373e-7 Ha; etot 5.45697e-12 Ha
Energy:   -1758.1216071659 Ha after    9 iterations (in       0.19 seconds).
SCF Change: DM 1.90330e-9; eev 4.40765e-7 Ha; etot  0.00000e0 Ha
Energy:   -1758.1216071659 Ha after   10 iterations (in       0.20 seconds).
SCF Change: DM 4.76824e-11; eev 1.15737e-8 Ha; etot 1.65983e-11 Ha
Energy:   -1758.1216071659 Ha after   11 iterations (in       0.18 seconds).
SCF Change: DM 6.99538e-12; eev 2.21781e-9 Ha; etot 2.50111e-11 Ha
Energy:   -1758.1216071658 Ha after   12 iterations (in       0.20 seconds).
SCF is converged after   12 iterations.
==========================================
Now evaluate the    PT2 correlation energy
==========================================
----------------------------------------------------------------------
Methods         :       Total Corr,          OS Corr,          SS Corr
----------------------------------------------------------------------
PT2             :      -2.12243920,      -1.48465538,      -0.63778382
----------------------------------------------------------------------
Fifth-rung correlation energy :      -0.647903608263 Ha
E[XYGJOS]=:   -1755.35051758 Ha, Ex[HF]:    -127.03153852 Ha, Ec[PT2  ]:      -2.12243920 Ha
Mulliken population analysis:
  0-C  :  -0.247623
  1-Br :   0.061898
  2-Br :   0.061902
  3-Br :   0.061902
  4-Br :   0.061921

====================================================
              REST: Mission accomplished
====================================================
The SCF energy        :   -1758.1216071658 Ha
The (R)-xDH energy    :   -1755.3505175814 Ha
Detailed time report:
PT2       |:    0.525 s for the PT2 evaluation
Overall   |:    5.262 s for the whole job
SCF       |:    4.735 s for the scf procedure
