Use the default path (/opt/rest_workspace/rest/basis-set-pool/) as rest_basis_dir.
The specified path for the basis sets: /home/symei/basis/br/TZVPP-10-o-all
The specified path for the basis sets: /home/symei/def2-SV(P)-JKFIT
=========================================================
      Input parameters for the REST calculation
=========================================================
Calculation type: Single-point energy
Cube output: wavefunction
The exchange-correlation method: xygjos
Print level:                1
The number of threads used for parallelism:      32
The spheric-GTO basis set is taken from /home/symei/basis/br/TZVPP-10-o-all
The spheric-GTO auxiliary basis set is taken from /home/symei/def2-SV(P)-JKFIT
Charge:   0; Spin:   1
Spin polarization: Off
Input molecular structure (in Angstrom): ----------
C        0.49336000      0.56750800     -0.00000000
H        1.11293600      0.58026500      0.88942600
H        1.11293600      0.58026500     -0.88942600
C       -0.49336000     -0.56750800      0.00000000
H       -1.11293600     -0.58026500      0.88942600
H       -1.11293600     -0.58026500     -0.88942600
Br      -0.49336000      2.28204400     -0.00000000
Br       0.49336000     -2.28204400      0.00000000
End of molecular structure ------------------------
ERI Type: ri_v
SCF convergency thresholds: 1e-8 for density matrix
                            1e-8 Ha. for sum of eigenvalues
                            1e-8 Ha. for total energy
Max. SCF cycle number:      250
It is a finite cluster calculation
The specified checkfile exists but is not loaded because the keyword 'external_init_guess' is specified
It will be updated after the SCF procedure 
(none)
=========================================================
the scf functional for 'xygjos' contains
The density functional 'B3LYP' belongs to the 'Hybrid GGA' family and is defined in the reference(s):
(0): P. J. Stephens, F. J. Devlin, C. F. Chabalowski, and M. J. Frisch.,  J. Phys. Chem. 98, 11623 (1994)
the post-scf functional 'xygjos' is employed, which contains
The density functional 'Slater exchange' belongs to the 'LDA' family and is defined in the reference(s):
(0): P. A. M. Dirac.,  Math. Proc. Cambridge Philos. Soc. 26, 376 (1930)
(1): F. Bloch.,  Z. Phys. 57, 545 (1929)
The density functional 'Becke 88' belongs to the 'GGA' family and is defined in the reference(s):
(0): A. D. Becke.,  Phys. Rev. A 38, 3098 (1988)
The density functional 'Vosko, Wilk & Nusair (VWN5_RPA)' belongs to the 'LDA' family and is defined in the reference(s):
(0): S. H. Vosko, L. Wilk, and M. Nusair.,  Can. J. Phys. 58, 1200 (1980)
The density functional 'Lee, Yang & Parr' belongs to the 'GGA' family and is defined in the reference(s):
(0): C. Lee, W. Yang, and R. G. Parr.,  Phys. Rev. B 37, 785 (1988)
(1): B. Miehlich, A. Savin, H. Stoll, and H. Preuss.,  Chem. Phys. Lett. 157, 200 (1989)
<start_mo> for the frozen-core post-SCF methods 0 is smaller than the number of ecp orbitals 10. Set <start_mo> = 0
Libxc version used in REST: 7.0.0
nbas: 78, natm: 8 for standard basis sets
First valence state for the frozen-core algorithm:     0
final nbas: 272,final natm: 16
numbasis: 214, num_auxbas: 754
Molecule_name: cbrcbr
Restricted Hartree-Fock (or Kohn-Sham) algorithm is invoked.
Nuc_energy:     276.82755254 Hartree
No ghost effective potential
No ghost point charges
Overlap matrix is nonsigular:
  Lowest eigenvalue:       0.00035717 with the total number of basis functions:    214
Grid size: 109708

=======================
Generating SAD for atom: C
=======================
SAD generation for C complete.

=======================
Generating SAD for atom: H
=======================
SAD generation for H complete.

=======================
Generating SAD for atom: Br
=======================
SAD generation for Br complete.
Initial guess energy using single atom density (SAD):    -936.0388277808442581
The total energy:      -935.3514225545 Ha by the initial guess
Energy:    -935.0463688670 Ha after    1 iterations (in       0.16 seconds).
SCF Change: DM 9.28056e-3; eev  2.83491e0 Ha; etot  1.42530e0 Ha
Energy:    -933.6210664001 Ha after    2 iterations (in       0.16 seconds).
SCF Change: DM 1.29959e-3; eev 4.47049e-1 Ha; etot -1.91696e0 Ha
Energy:    -935.5380307004 Ha after    3 iterations (in       0.16 seconds).
SCF Change: DM 5.41178e-4; eev 2.35324e-1 Ha; etot -8.03677e-3 Ha
Energy:    -935.5460674747 Ha after    4 iterations (in       0.17 seconds).
SCF Change: DM 3.98931e-5; eev 2.83433e-2 Ha; etot -2.35877e-3 Ha
Energy:    -935.5484262486 Ha after    5 iterations (in       0.17 seconds).
SCF Change: DM 8.68900e-6; eev 4.00891e-3 Ha; etot -2.05398e-5 Ha
Energy:    -935.5484467883 Ha after    6 iterations (in       0.17 seconds).
SCF Change: DM 3.16062e-6; eev 1.46584e-3 Ha; etot -9.90417e-7 Ha
Energy:    -935.5484477788 Ha after    7 iterations (in       0.16 seconds).
SCF Change: DM 4.91962e-7; eev 9.82185e-5 Ha; etot -6.95662e-8 Ha
Energy:    -935.5484478483 Ha after    8 iterations (in       0.16 seconds).
SCF Change: DM 9.94196e-8; eev 1.44512e-5 Ha; etot -2.28306e-9 Ha
Energy:    -935.5484478506 Ha after    9 iterations (in       0.16 seconds).
SCF Change: DM 2.17752e-8; eev 2.19276e-6 Ha; etot -7.62839e-11 Ha
Energy:    -935.5484478507 Ha after   10 iterations (in       0.16 seconds).
SCF Change: DM 4.56547e-9; eev 8.93502e-7 Ha; etot 8.41283e-12 Ha
Energy:    -935.5484478507 Ha after   11 iterations (in       0.15 seconds).
SCF Change: DM 6.82871e-10; eev 2.65332e-7 Ha; etot -2.27374e-13 Ha
Energy:    -935.5484478507 Ha after   12 iterations (in       0.15 seconds).
SCF Change: DM 8.29781e-11; eev 1.06923e-8 Ha; etot 6.82121e-13 Ha
Energy:    -935.5484478507 Ha after   13 iterations (in       0.15 seconds).
SCF Change: DM 1.62324e-11; eev 3.13233e-9 Ha; etot -1.44382e-11 Ha
Energy:    -935.5484478507 Ha after   14 iterations (in       0.15 seconds).
SCF is converged after   14 iterations.
==========================================
Now evaluate the    PT2 correlation energy
==========================================
----------------------------------------------------------------------
Methods         :       Total Corr,          OS Corr,          SS Corr
----------------------------------------------------------------------
PT2             :      -1.43485261,      -1.04691678,      -0.38793583
----------------------------------------------------------------------
Fifth-rung correlation energy :      -0.456874483777 Ha
E[XYGJOS]=:    -933.97436913 Ha, Ex[HF]:     -72.53567150 Ha, Ec[PT2  ]:      -1.43485261 Ha
Mulliken population analysis:
  0-C  :  -0.199537
  1-H  :   0.148428
  2-H  :   0.148428
  3-C  :  -0.199537
  4-H  :   0.148428
  5-H  :   0.148428
  6-Br :  -0.097319
  7-Br :  -0.097319

====================================================
              REST: Mission accomplished
====================================================
The SCF energy        :    -935.5484478507 Ha
The (R)-xDH energy    :    -933.9743691321 Ha
Detailed time report:
Overall   |:    4.580 s for the whole job
SCF       |:    4.227 s for the scf procedure
PT2       |:    0.352 s for the PT2 evaluation
