Use the default path (/opt/rest_workspace/rest/basis-set-pool/) as rest_basis_dir.
The specified path for the basis sets: /home/symei/basis/br/TZVPP-10-o-all
The specified path for the basis sets: /home/symei/def2-SV(P)-JKFIT
=========================================================
      Input parameters for the REST calculation
=========================================================
Calculation type: Single-point energy
Cube output: wavefunction
The exchange-correlation method: xygjos
Print level:                1
The number of threads used for parallelism:      32
The spheric-GTO basis set is taken from /home/symei/basis/br/TZVPP-10-o-all
The spheric-GTO auxiliary basis set is taken from /home/symei/def2-SV(P)-JKFIT
Charge:   0; Spin:   1
Spin polarization: Off
Input molecular structure (in Angstrom): ----------
C        2.20091200      2.05710300     -0.00000000
H        1.93155800      2.64127800      0.88192900
H        1.93155800      2.64127800     -0.88192900
H        3.28477600      1.93823600     -0.00000000
C        1.50836700      0.69179300     -0.00000000
H        1.81503800      0.11698300     -0.87547500
H        1.81503800      0.11698300      0.87547500
C       -0.00000000      0.84205000     -0.00000000
H       -0.36406900      1.35404500     -0.88626200
H       -0.36406900      1.35404500      0.88626200
Br      -0.92301400     -0.90595800      0.00000000
End of molecular structure ------------------------
ERI Type: ri_v
SCF convergency thresholds: 1e-8 for density matrix
                            1e-8 Ha. for sum of eigenvalues
                            1e-8 Ha. for total energy
Max. SCF cycle number:      250
It is a finite cluster calculation
The specified checkfile exists but is not loaded because the keyword 'external_init_guess' is specified
It will be updated after the SCF procedure 
(none)
=========================================================
the scf functional for 'xygjos' contains
The density functional 'B3LYP' belongs to the 'Hybrid GGA' family and is defined in the reference(s):
(0): P. J. Stephens, F. J. Devlin, C. F. Chabalowski, and M. J. Frisch.,  J. Phys. Chem. 98, 11623 (1994)
the post-scf functional 'xygjos' is employed, which contains
The density functional 'Slater exchange' belongs to the 'LDA' family and is defined in the reference(s):
(0): P. A. M. Dirac.,  Math. Proc. Cambridge Philos. Soc. 26, 376 (1930)
(1): F. Bloch.,  Z. Phys. 57, 545 (1929)
The density functional 'Becke 88' belongs to the 'GGA' family and is defined in the reference(s):
(0): A. D. Becke.,  Phys. Rev. A 38, 3098 (1988)
The density functional 'Vosko, Wilk & Nusair (VWN5_RPA)' belongs to the 'LDA' family and is defined in the reference(s):
(0): S. H. Vosko, L. Wilk, and M. Nusair.,  Can. J. Phys. 58, 1200 (1980)
The density functional 'Lee, Yang & Parr' belongs to the 'GGA' family and is defined in the reference(s):
(0): C. Lee, W. Yang, and R. G. Parr.,  Phys. Rev. B 37, 785 (1988)
(1): B. Miehlich, A. Savin, H. Stoll, and H. Preuss.,  Chem. Phys. Lett. 157, 200 (1989)
<start_mo> for the frozen-core post-SCF methods 0 is smaller than the number of ecp orbitals 5. Set <start_mo> = 0
Libxc version used in REST: 7.0.0
nbas: 91, natm: 11 for standard basis sets
First valence state for the frozen-core algorithm:     0
final nbas: 268,final natm: 22
numbasis: 239, num_auxbas: 617
Molecule_name: cccbr1
Restricted Hartree-Fock (or Kohn-Sham) algorithm is invoked.
Nuc_energy:     189.58800727 Hartree
No ghost effective potential
No ghost point charges
Overlap matrix is nonsigular:
  Lowest eigenvalue:       0.00026850 with the total number of basis functions:    239
Grid size: 132778

=======================
Generating SAD for atom: C
=======================
SAD generation for C complete.

=======================
Generating SAD for atom: H
=======================
SAD generation for H complete.

=======================
Generating SAD for atom: Br
=======================
SAD generation for Br complete.
Initial guess energy using single atom density (SAD):    -549.1274989795015244
The total energy:      -548.2581596385 Ha by the initial guess
Energy:    -547.8517907493 Ha after    1 iterations (in       0.20 seconds).
SCF Change: DM 1.14564e-2; eev  3.62432e0 Ha; etot  1.49023e0 Ha
Energy:    -546.3615640961 Ha after    2 iterations (in       0.20 seconds).
SCF Change: DM 2.48439e-3; eev 7.79494e-1 Ha; etot -2.20423e0 Ha
Energy:    -548.5657909714 Ha after    3 iterations (in       0.20 seconds).
SCF Change: DM 8.40012e-4; eev 2.47377e-1 Ha; etot -1.66409e-2 Ha
Energy:    -548.5824319003 Ha after    4 iterations (in       0.19 seconds).
SCF Change: DM 2.75235e-4; eev 1.02020e-1 Ha; etot -1.88858e-2 Ha
Energy:    -548.6013177350 Ha after    5 iterations (in       0.22 seconds).
SCF Change: DM 3.46470e-5; eev 2.26884e-2 Ha; etot -4.25551e-4 Ha
Energy:    -548.6017432860 Ha after    6 iterations (in       0.20 seconds).
SCF Change: DM 5.31375e-6; eev 2.39091e-3 Ha; etot -1.82823e-5 Ha
Energy:    -548.6017615683 Ha after    7 iterations (in       0.20 seconds).
SCF Change: DM 2.79812e-6; eev 7.37559e-4 Ha; etot -5.06653e-7 Ha
Energy:    -548.6017620750 Ha after    8 iterations (in       0.21 seconds).
SCF Change: DM 5.18548e-7; eev 2.32087e-4 Ha; etot -6.95320e-8 Ha
Energy:    -548.6017621445 Ha after    9 iterations (in       0.20 seconds).
SCF Change: DM 1.96215e-7; eev 8.86929e-5 Ha; etot -3.34330e-9 Ha
Energy:    -548.6017621478 Ha after   10 iterations (in       0.18 seconds).
SCF Change: DM 2.19593e-8; eev 8.90134e-6 Ha; etot -5.29667e-10 Ha
Energy:    -548.6017621484 Ha after   11 iterations (in       0.18 seconds).
SCF Change: DM 6.17338e-9; eev 9.02802e-7 Ha; etot -5.91172e-12 Ha
Energy:    -548.6017621484 Ha after   12 iterations (in       0.19 seconds).
SCF Change: DM 1.35772e-9; eev 2.63991e-7 Ha; etot 1.93268e-12 Ha
Energy:    -548.6017621484 Ha after   13 iterations (in       0.19 seconds).
SCF Change: DM 4.44482e-10; eev 9.43205e-8 Ha; etot 1.02318e-12 Ha
Energy:    -548.6017621484 Ha after   14 iterations (in       0.18 seconds).
SCF Change: DM 2.29167e-10; eev 6.16623e-8 Ha; etot 2.84217e-12 Ha
Energy:    -548.6017621484 Ha after   15 iterations (in       0.19 seconds).
SCF Change: DM 2.95577e-11; eev 8.19608e-9 Ha; etot -1.67120e-11 Ha
Energy:    -548.6017621484 Ha after   16 iterations (in       0.20 seconds).
SCF is converged after   16 iterations.
==========================================
Now evaluate the    PT2 correlation energy
==========================================
----------------------------------------------------------------------
Methods         :       Total Corr,          OS Corr,          SS Corr
----------------------------------------------------------------------
PT2             :      -1.26729446,      -0.95369142,      -0.31360304
----------------------------------------------------------------------
Fifth-rung correlation energy :      -0.416190935074 Ha
E[XYGJOS]=:    -547.59992440 Ha, Ex[HF]:     -48.52544439 Ha, Ec[PT2  ]:      -1.26729446 Ha
Mulliken population analysis:
  0-C  :  -0.261781
  1-H  :   0.081460
  2-H  :   0.081460
  3-H  :   0.092481
  4-C  :  -0.075160
  5-H  :   0.072885
  6-H  :   0.072885
  7-C  :  -0.213314
  8-H  :   0.128684
  9-H  :   0.128684
 10-Br :  -0.108284

====================================================
              REST: Mission accomplished
====================================================
The SCF energy        :    -548.6017621484 Ha
The (R)-xDH energy    :    -547.5999243967 Ha
Detailed time report:
Overall   |:    8.021 s for the whole job
PT2       |:    0.386 s for the PT2 evaluation
SCF       |:    7.634 s for the scf procedure
