Use the default path (/opt/rest_workspace/rest/basis-set-pool/) as rest_basis_dir.
The specified path for the basis sets: /home/symei/basis/br/TZVPP-10-o-all
The specified path for the basis sets: /home/symei/def2-SV(P)-JKFIT
=========================================================
      Input parameters for the REST calculation
=========================================================
Calculation type: Single-point energy
Cube output: wavefunction
The exchange-correlation method: xygjos
Print level:                1
The number of threads used for parallelism:      32
The spheric-GTO basis set is taken from /home/symei/basis/br/TZVPP-10-o-all
The spheric-GTO auxiliary basis set is taken from /home/symei/def2-SV(P)-JKFIT
Charge:   0; Spin:   1
Spin polarization: Off
Input molecular structure (in Angstrom): ----------
C       -0.00000000      0.00000000      0.93299600
H       -0.89803500      0.00000000      1.53422900
H        0.89803500     -0.00000000      1.53422900
Br       0.00000000     -1.63201600     -0.12380600
Br      -0.00000000      1.63201600     -0.12380600
End of molecular structure ------------------------
ERI Type: ri_v
SCF convergency thresholds: 1e-8 for density matrix
                            1e-8 Ha. for sum of eigenvalues
                            1e-8 Ha. for total energy
Max. SCF cycle number:      250
It is a finite cluster calculation
The specified checkfile exists but is not loaded because the keyword 'external_init_guess' is specified
It will be updated after the SCF procedure 
(none)
=========================================================
the scf functional for 'xygjos' contains
The density functional 'B3LYP' belongs to the 'Hybrid GGA' family and is defined in the reference(s):
(0): P. J. Stephens, F. J. Devlin, C. F. Chabalowski, and M. J. Frisch.,  J. Phys. Chem. 98, 11623 (1994)
the post-scf functional 'xygjos' is employed, which contains
The density functional 'Slater exchange' belongs to the 'LDA' family and is defined in the reference(s):
(0): P. A. M. Dirac.,  Math. Proc. Cambridge Philos. Soc. 26, 376 (1930)
(1): F. Bloch.,  Z. Phys. 57, 545 (1929)
The density functional 'Becke 88' belongs to the 'GGA' family and is defined in the reference(s):
(0): A. D. Becke.,  Phys. Rev. A 38, 3098 (1988)
The density functional 'Vosko, Wilk & Nusair (VWN5_RPA)' belongs to the 'LDA' family and is defined in the reference(s):
(0): S. H. Vosko, L. Wilk, and M. Nusair.,  Can. J. Phys. 58, 1200 (1980)
The density functional 'Lee, Yang & Parr' belongs to the 'GGA' family and is defined in the reference(s):
(0): C. Lee, W. Yang, and R. G. Parr.,  Phys. Rev. B 37, 785 (1988)
(1): B. Miehlich, A. Savin, H. Stoll, and H. Preuss.,  Chem. Phys. Lett. 157, 200 (1989)
<start_mo> for the frozen-core post-SCF methods 0 is smaller than the number of ecp orbitals 10. Set <start_mo> = 0
Libxc version used in REST: 7.0.0
nbas: 55, natm: 5 for standard basis sets
First valence state for the frozen-core algorithm:     0
final nbas: 212,final natm: 10
numbasis: 155, num_auxbas: 643
Molecule_name: ch2br2
Restricted Hartree-Fock (or Kohn-Sham) algorithm is invoked.
Nuc_energy:     210.36808555 Hartree
No ghost effective potential
No ghost point charges
Overlap matrix is nonsigular:
  Lowest eigenvalue:       0.00058115 with the total number of basis functions:    155
Grid size: 75758

=======================
Generating SAD for atom: C
=======================
SAD generation for C complete.

=======================
Generating SAD for atom: H
=======================
SAD generation for H complete.

=======================
Generating SAD for atom: Br
=======================
SAD generation for Br complete.
Initial guess energy using single atom density (SAD):    -899.6204151265266091
The total energy:      -899.2663191480 Ha by the initial guess
Energy:    -899.1409649254 Ha after    1 iterations (in       0.08 seconds).
SCF Change: DM 7.33585e-3; eev  1.52640e0 Ha; etot 6.14930e-1 Ha
Energy:    -898.5260351174 Ha after    2 iterations (in       0.09 seconds).
SCF Change: DM 6.60200e-4; eev 1.90468e-1 Ha; etot -8.10860e-1 Ha
Energy:    -899.3368947393 Ha after    3 iterations (in       0.10 seconds).
SCF Change: DM 2.54188e-4; eev 9.86970e-2 Ha; etot -2.15423e-3 Ha
Energy:    -899.3390489648 Ha after    4 iterations (in       0.09 seconds).
SCF Change: DM 2.58419e-5; eev 1.09733e-2 Ha; etot -2.75645e-4 Ha
Energy:    -899.3393246102 Ha after    5 iterations (in       0.09 seconds).
SCF Change: DM 5.40090e-6; eev 6.55992e-4 Ha; etot -5.48231e-6 Ha
Energy:    -899.3393300925 Ha after    6 iterations (in       0.09 seconds).
SCF Change: DM 1.66067e-6; eev 3.57429e-4 Ha; etot -2.21745e-7 Ha
Energy:    -899.3393303143 Ha after    7 iterations (in       0.09 seconds).
SCF Change: DM 2.46390e-7; eev 7.96777e-5 Ha; etot -1.54764e-8 Ha
Energy:    -899.3393303297 Ha after    8 iterations (in       0.12 seconds).
SCF Change: DM 7.01556e-8; eev 2.05727e-5 Ha; etot -2.63299e-10 Ha
Energy:    -899.3393303300 Ha after    9 iterations (in       0.10 seconds).
SCF Change: DM 1.19234e-8; eev 1.40210e-6 Ha; etot -2.70575e-11 Ha
Energy:    -899.3393303300 Ha after   10 iterations (in       0.09 seconds).
SCF Change: DM 3.39472e-9; eev 7.48365e-7 Ha; etot -1.00044e-11 Ha
Energy:    -899.3393303300 Ha after   11 iterations (in       0.10 seconds).
SCF Change: DM 5.59495e-10; eev 1.53442e-7 Ha; etot -3.18323e-12 Ha
Energy:    -899.3393303300 Ha after   12 iterations (in       0.09 seconds).
SCF Change: DM 5.56817e-11; eev 1.55631e-8 Ha; etot 7.16227e-12 Ha
Energy:    -899.3393303300 Ha after   13 iterations (in       0.11 seconds).
SCF Change: DM 8.10796e-12; eev 2.39716e-9 Ha; etot -2.95586e-12 Ha
Energy:    -899.3393303300 Ha after   14 iterations (in       0.09 seconds).
SCF is converged after   14 iterations.
==========================================
Now evaluate the    PT2 correlation energy
==========================================
----------------------------------------------------------------------
Methods         :       Total Corr,          OS Corr,          SS Corr
----------------------------------------------------------------------
PT2             :      -1.18401222,      -0.84808546,      -0.33592676
----------------------------------------------------------------------
Fifth-rung correlation energy :      -0.370104494462 Ha
E[XYGJOS]=:    -897.89133795 Ha, Ex[HF]:     -66.82585550 Ha, Ec[PT2  ]:      -1.18401222 Ha
Mulliken population analysis:
  0-C  :  -0.320144
  1-H  :   0.185230
  2-H  :   0.185230
  3-Br :  -0.025158
  4-Br :  -0.025158

====================================================
              REST: Mission accomplished
====================================================
The SCF energy        :    -899.3393303300 Ha
The (R)-xDH energy    :    -897.8913379479 Ha
Detailed time report:
PT2       |:    0.210 s for the PT2 evaluation
SCF       |:    4.505 s for the scf procedure
Overall   |:    4.716 s for the whole job
