Use the default path (/opt/rest_workspace/rest/basis-set-pool/) as rest_basis_dir.
The specified path for the basis sets: /home/symei/basis/br/TZVPP-10-o-all
The specified path for the basis sets: /home/symei/def2-SV(P)-JKFIT
=========================================================
      Input parameters for the REST calculation
=========================================================
Calculation type: Single-point energy
Cube output: wavefunction
The exchange-correlation method: xygjos
Print level:                1
The number of threads used for parallelism:      32
The spheric-GTO basis set is taken from /home/symei/basis/br/TZVPP-10-o-all
The spheric-GTO auxiliary basis set is taken from /home/symei/def2-SV(P)-JKFIT
Charge:   0; Spin:   1
Spin polarization: Off
Input molecular structure (in Angstrom): ----------
C       -0.00000000     -0.00000000     -1.53495100
H       -0.00000000      1.03254200     -1.86426500
H        0.89420800     -0.51627100     -1.86426500
H       -0.89420800     -0.51627100     -1.86426500
Br       0.00000000      0.00000000      0.42292900
End of molecular structure ------------------------
ERI Type: ri_v
SCF convergency thresholds: 1e-8 for density matrix
                            1e-8 Ha. for sum of eigenvalues
                            1e-8 Ha. for total energy
Max. SCF cycle number:      250
It is a finite cluster calculation
The specified checkfile exists but is not loaded because the keyword 'external_init_guess' is specified
It will be updated after the SCF procedure 
(none)
=========================================================
the scf functional for 'xygjos' contains
The density functional 'B3LYP' belongs to the 'Hybrid GGA' family and is defined in the reference(s):
(0): P. J. Stephens, F. J. Devlin, C. F. Chabalowski, and M. J. Frisch.,  J. Phys. Chem. 98, 11623 (1994)
the post-scf functional 'xygjos' is employed, which contains
The density functional 'Slater exchange' belongs to the 'LDA' family and is defined in the reference(s):
(0): P. A. M. Dirac.,  Math. Proc. Cambridge Philos. Soc. 26, 376 (1930)
(1): F. Bloch.,  Z. Phys. 57, 545 (1929)
The density functional 'Becke 88' belongs to the 'GGA' family and is defined in the reference(s):
(0): A. D. Becke.,  Phys. Rev. A 38, 3098 (1988)
The density functional 'Vosko, Wilk & Nusair (VWN5_RPA)' belongs to the 'LDA' family and is defined in the reference(s):
(0): S. H. Vosko, L. Wilk, and M. Nusair.,  Can. J. Phys. 58, 1200 (1980)
The density functional 'Lee, Yang & Parr' belongs to the 'GGA' family and is defined in the reference(s):
(0): C. Lee, W. Yang, and R. G. Parr.,  Phys. Rev. B 37, 785 (1988)
(1): B. Miehlich, A. Savin, H. Stoll, and H. Preuss.,  Chem. Phys. Lett. 157, 200 (1989)
<start_mo> for the frozen-core post-SCF methods 0 is smaller than the number of ecp orbitals 5. Set <start_mo> = 0
Libxc version used in REST: 7.0.0
nbas: 45, natm: 5 for standard basis sets
First valence state for the frozen-core algorithm:     0
final nbas: 148,final natm: 10
numbasis: 121, num_auxbas: 395
Molecule_name: ch3br
Restricted Hartree-Fock (or Kohn-Sham) algorithm is invoked.
Nuc_energy:      66.03405374 Hartree
No ghost effective potential
No ghost point charges
Overlap matrix is nonsigular:
  Lowest eigenvalue:       0.00057445 with the total number of basis functions:    121
Grid size: 64878

=======================
Generating SAD for atom: C
=======================
SAD generation for C complete.

=======================
Generating SAD for atom: H
=======================
SAD generation for H complete.

=======================
Generating SAD for atom: Br
=======================
SAD generation for Br complete.
Initial guess energy using single atom density (SAD):    -470.0110793939745690
The total energy:      -469.8256614385 Ha by the initial guess
Energy:    -469.7168658627 Ha after    1 iterations (in       0.05 seconds).
SCF Change: DM 8.33152e-3; eev  1.62610e0 Ha; etot 3.90965e-1 Ha
Energy:    -469.3259007965 Ha after    2 iterations (in       0.05 seconds).
SCF Change: DM 1.23563e-3; eev 2.91111e-1 Ha; etot -6.10916e-1 Ha
Energy:    -469.9368170761 Ha after    3 iterations (in       0.05 seconds).
SCF Change: DM 4.81758e-4; eev 1.36808e-1 Ha; etot -2.80197e-3 Ha
Energy:    -469.9396190501 Ha after    4 iterations (in       0.05 seconds).
SCF Change: DM 4.14156e-5; eev 1.55486e-2 Ha; etot -7.29657e-4 Ha
Energy:    -469.9403487073 Ha after    5 iterations (in       0.05 seconds).
SCF Change: DM 9.54097e-6; eev 2.51515e-3 Ha; etot -7.80183e-6 Ha
Energy:    -469.9403565091 Ha after    6 iterations (in       0.06 seconds).
SCF Change: DM 3.02109e-6; eev 6.74916e-4 Ha; etot -4.51051e-7 Ha
Energy:    -469.9403569602 Ha after    7 iterations (in       0.06 seconds).
SCF Change: DM 2.60686e-7; eev 4.13665e-5 Ha; etot -2.18765e-8 Ha
Energy:    -469.9403569821 Ha after    8 iterations (in       0.06 seconds).
SCF Change: DM 3.14344e-8; eev 8.37951e-6 Ha; etot -1.99179e-10 Ha
Energy:    -469.9403569823 Ha after    9 iterations (in       0.06 seconds).
SCF Change: DM 1.03409e-8; eev 1.90687e-6 Ha; etot -1.00044e-11 Ha
Energy:    -469.9403569823 Ha after   10 iterations (in       0.06 seconds).
SCF Change: DM 7.12943e-10; eev 1.76758e-7 Ha; etot 1.76215e-12 Ha
Energy:    -469.9403569823 Ha after   11 iterations (in       0.06 seconds).
SCF Change: DM 6.04284e-11; eev 1.34168e-8 Ha; etot 2.95586e-12 Ha
Energy:    -469.9403569823 Ha after   12 iterations (in       0.06 seconds).
SCF Change: DM 4.80776e-12; eev 1.17924e-9 Ha; etot -4.14957e-12 Ha
Energy:    -469.9403569823 Ha after   13 iterations (in       0.06 seconds).
SCF is converged after   13 iterations.
==========================================
Now evaluate the    PT2 correlation energy
==========================================
----------------------------------------------------------------------
Methods         :       Total Corr,          OS Corr,          SS Corr
----------------------------------------------------------------------
PT2             :      -0.73230477,      -0.54023702,      -0.19206775
----------------------------------------------------------------------
Fifth-rung correlation energy :      -0.235759435228 Ha
E[XYGJOS]=:    -469.15586705 Ha, Ex[HF]:     -36.70949755 Ha, Ec[PT2  ]:      -0.73230477 Ha
Mulliken population analysis:
  0-C  :  -0.365764
  1-H  :   0.152090
  2-H  :   0.152110
  3-H  :   0.152110
  4-Br :  -0.090546

====================================================
              REST: Mission accomplished
====================================================
The SCF energy        :    -469.9403569823 Ha
The (R)-xDH energy    :    -469.1558670514 Ha
Detailed time report:
Overall   |:    1.783 s for the whole job
PT2       |:    0.134 s for the PT2 evaluation
SCF       |:    1.648 s for the scf procedure
