Use the default path (/opt/rest_workspace/rest/basis-set-pool/) as rest_basis_dir.
The specified path for the basis sets: /home/symei/basis/br/TZVPP-10-o-all
The specified path for the basis sets: /home/symei/def2-SV(P)-JKFIT
=========================================================
      Input parameters for the REST calculation
=========================================================
Calculation type: Single-point energy
Cube output: wavefunction
The exchange-correlation method: xygjos
Print level:                1
The number of threads used for parallelism:      32
The spheric-GTO basis set is taken from /home/symei/basis/br/TZVPP-10-o-all
The spheric-GTO auxiliary basis set is taken from /home/symei/def2-SV(P)-JKFIT
Charge:   0; Spin:   1
Spin polarization: Off
Input molecular structure (in Angstrom): ----------
C       -0.00000000      0.00000000      0.51920700
H       -0.00000000      0.00000000      1.59804200
Br       0.00000000      1.86116900     -0.04488800
Br      -1.61182000     -0.93058500     -0.04488800
Br       1.61182000     -0.93058500     -0.04488800
End of molecular structure ------------------------
ERI Type: ri_v
SCF convergency thresholds: 1e-8 for density matrix
                            1e-8 Ha. for sum of eigenvalues
                            1e-8 Ha. for total energy
Max. SCF cycle number:      250
It is a finite cluster calculation
The specified checkfile exists but is not loaded because the keyword 'external_init_guess' is specified
It will be updated after the SCF procedure 
(none)
=========================================================
the scf functional for 'xygjos' contains
The density functional 'B3LYP' belongs to the 'Hybrid GGA' family and is defined in the reference(s):
(0): P. J. Stephens, F. J. Devlin, C. F. Chabalowski, and M. J. Frisch.,  J. Phys. Chem. 98, 11623 (1994)
the post-scf functional 'xygjos' is employed, which contains
The density functional 'Slater exchange' belongs to the 'LDA' family and is defined in the reference(s):
(0): P. A. M. Dirac.,  Math. Proc. Cambridge Philos. Soc. 26, 376 (1930)
(1): F. Bloch.,  Z. Phys. 57, 545 (1929)
The density functional 'Becke 88' belongs to the 'GGA' family and is defined in the reference(s):
(0): A. D. Becke.,  Phys. Rev. A 38, 3098 (1988)
The density functional 'Vosko, Wilk & Nusair (VWN5_RPA)' belongs to the 'LDA' family and is defined in the reference(s):
(0): S. H. Vosko, L. Wilk, and M. Nusair.,  Can. J. Phys. 58, 1200 (1980)
The density functional 'Lee, Yang & Parr' belongs to the 'GGA' family and is defined in the reference(s):
(0): C. Lee, W. Yang, and R. G. Parr.,  Phys. Rev. B 37, 785 (1988)
(1): B. Miehlich, A. Savin, H. Stoll, and H. Preuss.,  Chem. Phys. Lett. 157, 200 (1989)
<start_mo> for the frozen-core post-SCF methods 0 is smaller than the number of ecp orbitals 15. Set <start_mo> = 0
Libxc version used in REST: 7.0.0
nbas: 65, natm: 5 for standard basis sets
First valence state for the frozen-core algorithm:     0
final nbas: 276,final natm: 10
numbasis: 189, num_auxbas: 891
Molecule_name: chbr3
Restricted Hartree-Fock (or Kohn-Sham) algorithm is invoked.
Nuc_energy:     449.16660610 Hartree
No ghost effective potential
No ghost point charges
Overlap matrix is nonsigular:
  Lowest eigenvalue:       0.00057163 with the total number of basis functions:    189
Grid size: 86638

=======================
Generating SAD for atom: C
=======================
SAD generation for C complete.

=======================
Generating SAD for atom: H
=======================
SAD generation for H complete.

=======================
Generating SAD for atom: Br
=======================
SAD generation for Br complete.
Initial guess energy using single atom density (SAD):   -1329.2222687568762467
The total energy:     -1328.6969101687 Ha by the initial guess
Energy:   -1328.6019219809 Ha after    1 iterations (in       0.14 seconds).
SCF Change: DM 5.47830e-3; eev  1.25462e0 Ha; etot 5.98888e-1 Ha
Energy:   -1328.0030343151 Ha after    2 iterations (in       0.14 seconds).
SCF Change: DM 3.31452e-4; eev 1.20259e-1 Ha; etot -7.29851e-1 Ha
Energy:   -1328.7328853911 Ha after    3 iterations (in       0.15 seconds).
SCF Change: DM 1.20222e-4; eev 5.89373e-2 Ha; etot -8.67698e-4 Ha
Energy:   -1328.7337530892 Ha after    4 iterations (in       0.14 seconds).
SCF Change: DM 1.41734e-5; eev 4.64390e-3 Ha; etot -9.95915e-5 Ha
Energy:   -1328.7338526807 Ha after    5 iterations (in       0.14 seconds).
SCF Change: DM 3.62735e-6; eev 1.26877e-3 Ha; etot -1.25414e-6 Ha
Energy:   -1328.7338539349 Ha after    6 iterations (in       0.14 seconds).
SCF Change: DM 6.46289e-7; eev 1.92744e-4 Ha; etot -8.23970e-8 Ha
Energy:   -1328.7338540173 Ha after    7 iterations (in       0.14 seconds).
SCF Change: DM 1.27236e-7; eev 1.92075e-5 Ha; etot -7.52311e-9 Ha
Energy:   -1328.7338540248 Ha after    8 iterations (in       0.14 seconds).
SCF Change: DM 2.38759e-8; eev 3.37182e-6 Ha; etot -6.77574e-11 Ha
Energy:   -1328.7338540248 Ha after    9 iterations (in       0.15 seconds).
SCF Change: DM 8.28474e-9; eev 2.18839e-6 Ha; etot -1.29603e-11 Ha
Energy:   -1328.7338540249 Ha after   10 iterations (in       0.14 seconds).
SCF Change: DM 1.16858e-9; eev 2.50657e-7 Ha; etot 9.54969e-12 Ha
Energy:   -1328.7338540249 Ha after   11 iterations (in       0.15 seconds).
SCF Change: DM 2.12160e-10; eev 5.64372e-8 Ha; etot -1.31877e-11 Ha
Energy:   -1328.7338540249 Ha after   12 iterations (in       0.14 seconds).
SCF Change: DM 7.41723e-11; eev 1.74092e-8 Ha; etot 8.18545e-12 Ha
Energy:   -1328.7338540249 Ha after   13 iterations (in       0.14 seconds).
SCF Change: DM 2.80737e-11; eev 5.79721e-9 Ha; etot -2.36469e-11 Ha
Energy:   -1328.7338540249 Ha after   14 iterations (in       0.14 seconds).
SCF is converged after   14 iterations.
==========================================
Now evaluate the    PT2 correlation energy
==========================================
----------------------------------------------------------------------
Methods         :       Total Corr,          OS Corr,          SS Corr
----------------------------------------------------------------------
PT2             :      -1.64786820,      -1.16298968,      -0.48487852
----------------------------------------------------------------------
Fifth-rung correlation energy :      -0.507528695948 Ha
E[XYGJOS]=:   -1326.62340238 Ha, Ex[HF]:     -96.93295778 Ha, Ec[PT2  ]:      -1.64786820 Ha
Mulliken population analysis:
  0-C  :  -0.282553
  1-H  :   0.211027
  2-Br :   0.023842
  3-Br :   0.023842
  4-Br :   0.023842

====================================================
              REST: Mission accomplished
====================================================
The SCF energy        :   -1328.7338540249 Ha
The (R)-xDH energy    :   -1326.6234023789 Ha
Detailed time report:
SCF       |:    3.677 s for the scf procedure
PT2       |:    0.332 s for the PT2 evaluation
Overall   |:    4.011 s for the whole job
