Use the default path (/opt/rest_workspace/rest/basis-set-pool/) as rest_basis_dir.
The specified path for the basis sets: /home/symei/basis/br/TZVPP-10-o-all
The specified path for the basis sets: /home/symei/def2-SV(P)-JKFIT
=========================================================
      Input parameters for the REST calculation
=========================================================
Calculation type: Single-point energy
Cube output: wavefunction
The exchange-correlation method: xygjos
Print level:                1
The number of threads used for parallelism:      32
The spheric-GTO basis set is taken from /home/symei/basis/br/TZVPP-10-o-all
The spheric-GTO auxiliary basis set is taken from /home/symei/def2-SV(P)-JKFIT
Charge:   0; Spin:   1
Spin polarization: Off
Input molecular structure (in Angstrom): ----------
O        0.02133700      1.45939800      0.00000000
H       -0.91748000      1.68554500      0.00000000
Br       0.02133700     -0.38173500     -0.00000000
End of molecular structure ------------------------
ERI Type: ri_v
SCF convergency thresholds: 1e-8 for density matrix
                            1e-8 Ha. for sum of eigenvalues
                            1e-8 Ha. for total energy
Max. SCF cycle number:      250
It is a finite cluster calculation
The specified checkfile exists but is not loaded because the keyword 'external_init_guess' is specified
It will be updated after the SCF procedure 
(none)
=========================================================
the scf functional for 'xygjos' contains
The density functional 'B3LYP' belongs to the 'Hybrid GGA' family and is defined in the reference(s):
(0): P. J. Stephens, F. J. Devlin, C. F. Chabalowski, and M. J. Frisch.,  J. Phys. Chem. 98, 11623 (1994)
the post-scf functional 'xygjos' is employed, which contains
The density functional 'Slater exchange' belongs to the 'LDA' family and is defined in the reference(s):
(0): P. A. M. Dirac.,  Math. Proc. Cambridge Philos. Soc. 26, 376 (1930)
(1): F. Bloch.,  Z. Phys. 57, 545 (1929)
The density functional 'Becke 88' belongs to the 'GGA' family and is defined in the reference(s):
(0): A. D. Becke.,  Phys. Rev. A 38, 3098 (1988)
The density functional 'Vosko, Wilk & Nusair (VWN5_RPA)' belongs to the 'LDA' family and is defined in the reference(s):
(0): S. H. Vosko, L. Wilk, and M. Nusair.,  Can. J. Phys. 58, 1200 (1980)
The density functional 'Lee, Yang & Parr' belongs to the 'GGA' family and is defined in the reference(s):
(0): C. Lee, W. Yang, and R. G. Parr.,  Phys. Rev. B 37, 785 (1988)
(1): B. Miehlich, A. Savin, H. Stoll, and H. Preuss.,  Chem. Phys. Lett. 157, 200 (1989)
<start_mo> for the frozen-core post-SCF methods 0 is smaller than the number of ecp orbitals 5. Set <start_mo> = 0
Libxc version used in REST: 7.0.0
nbas: 33, natm: 3 for standard basis sets
First valence state for the frozen-core algorithm:     0
final nbas: 124,final natm: 6
numbasis: 93, num_auxbas: 361
Molecule_name: hobr
Restricted Hartree-Fock (or Kohn-Sham) algorithm is invoked.
Nuc_energy:      67.69452211 Hartree
No ghost effective potential
No ghost point charges
Overlap matrix is nonsigular:
  Lowest eigenvalue:       0.00274634 with the total number of basis functions:     93
Grid size: 45190

=======================
Generating SAD for atom: O
=======================
SAD generation for O complete.

=======================
Generating SAD for atom: H
=======================
SAD generation for H complete.

=======================
Generating SAD for atom: Br
=======================
SAD generation for Br complete.
Initial guess energy using single atom density (SAD):    -504.3669953307399965
The total energy:      -504.1227286997 Ha by the initial guess
Energy:    -503.6111432227 Ha after    1 iterations (in       0.04 seconds).
SCF Change: DM 1.79747e-2; eev  3.36883e0 Ha; etot  1.22828e0 Ha
Energy:    -502.3828595210 Ha after    2 iterations (in       0.04 seconds).
SCF Change: DM 1.53288e-3; eev 1.18149e-1 Ha; etot -1.86298e0 Ha
Energy:    -504.2458408074 Ha after    3 iterations (in       0.05 seconds).
SCF Change: DM 7.78165e-4; eev 8.19425e-2 Ha; etot -7.07321e-3 Ha
Energy:    -504.2529140141 Ha after    4 iterations (in       0.04 seconds).
SCF Change: DM 1.68673e-4; eev 3.70528e-2 Ha; etot -1.79263e-3 Ha
Energy:    -504.2547066417 Ha after    5 iterations (in       0.04 seconds).
SCF Change: DM 3.68562e-5; eev 1.04412e-2 Ha; etot -9.09835e-5 Ha
Energy:    -504.2547976252 Ha after    6 iterations (in       0.04 seconds).
SCF Change: DM 7.95225e-6; eev 1.88148e-3 Ha; etot -3.68294e-6 Ha
Energy:    -504.2548013082 Ha after    7 iterations (in       0.04 seconds).
SCF Change: DM 2.82512e-6; eev 4.93156e-4 Ha; etot -9.85473e-8 Ha
Energy:    -504.2548014067 Ha after    8 iterations (in       0.04 seconds).
SCF Change: DM 4.92791e-7; eev 6.05320e-5 Ha; etot -1.23717e-8 Ha
Energy:    -504.2548014191 Ha after    9 iterations (in       0.04 seconds).
SCF Change: DM 1.04284e-7; eev 1.34146e-5 Ha; etot -8.95909e-10 Ha
Energy:    -504.2548014200 Ha after   10 iterations (in       0.05 seconds).
SCF Change: DM 2.13766e-8; eev 2.90350e-6 Ha; etot -1.76215e-11 Ha
Energy:    -504.2548014200 Ha after   11 iterations (in       0.05 seconds).
SCF Change: DM 8.03398e-9; eev 9.05862e-7 Ha; etot -3.63798e-12 Ha
Energy:    -504.2548014200 Ha after   12 iterations (in       0.05 seconds).
SCF Change: DM 1.12023e-9; eev 2.71244e-7 Ha; etot -1.70530e-12 Ha
Energy:    -504.2548014200 Ha after   13 iterations (in       0.04 seconds).
SCF Change: DM 4.50454e-10; eev 8.46646e-8 Ha; etot 2.27374e-12 Ha
Energy:    -504.2548014200 Ha after   14 iterations (in       0.04 seconds).
SCF Change: DM 8.24441e-11; eev 1.65465e-8 Ha; etot -1.70530e-13 Ha
Energy:    -504.2548014200 Ha after   15 iterations (in       0.04 seconds).
SCF Change: DM 1.60143e-11; eev 1.84722e-9 Ha; etot -2.44427e-12 Ha
Energy:    -504.2548014200 Ha after   16 iterations (in       0.04 seconds).
SCF is converged after   16 iterations.
==========================================
Now evaluate the    PT2 correlation energy
==========================================
----------------------------------------------------------------------
Methods         :       Total Corr,          OS Corr,          SS Corr
----------------------------------------------------------------------
PT2             :      -0.82651867,      -0.60257913,      -0.22393954
----------------------------------------------------------------------
Fifth-rung correlation energy :      -0.262965530594 Ha
E[XYGJOS]=:    -503.39866720 Ha, Ex[HF]:     -38.90683246 Ha, Ec[PT2  ]:      -0.82651867 Ha
Mulliken population analysis:
  0-O  :  -0.318509
  1-H  :   0.206180
  2-Br :   0.112329

====================================================
              REST: Mission accomplished
====================================================
The SCF energy        :    -504.2548014200 Ha
The (R)-xDH energy    :    -503.3986671991 Ha
Detailed time report:
PT2       |:    0.082 s for the PT2 evaluation
Overall   |:    2.664 s for the whole job
SCF       |:    2.581 s for the scf procedure
