Use the default path (/opt/rest_workspace/rest/basis-set-pool/) as rest_basis_dir.
The specified path for the basis sets: /home/symei/basis/br/TZVPP-10-o-all
The specified path for the basis sets: /home/symei/def2-SV(P)-JKFIT
=========================================================
      Input parameters for the REST calculation
=========================================================
Calculation type: Single-point energy
Cube output: wavefunction
The exchange-correlation method: xygjos
Print level:                1
The number of threads used for parallelism:      32
The spheric-GTO basis set is taken from /home/symei/basis/br/TZVPP-10-o-all
The spheric-GTO auxiliary basis set is taken from /home/symei/def2-SV(P)-JKFIT
Charge:   0; Spin:   1
Spin polarization: Off
Input molecular structure (in Angstrom): ----------
Na       0.00000000      0.00000000     -1.91269200
Br       0.00000000      0.00000000      0.60113200
End of molecular structure ------------------------
ERI Type: ri_v
SCF convergency thresholds: 1e-8 for density matrix
                            1e-8 Ha. for sum of eigenvalues
                            1e-8 Ha. for total energy
Max. SCF cycle number:      250
It is a finite cluster calculation
The specified checkfile exists but is not loaded because the keyword 'external_init_guess' is specified
It will be updated after the SCF procedure 
(none)
=========================================================
the scf functional for 'xygjos' contains
The density functional 'B3LYP' belongs to the 'Hybrid GGA' family and is defined in the reference(s):
(0): P. J. Stephens, F. J. Devlin, C. F. Chabalowski, and M. J. Frisch.,  J. Phys. Chem. 98, 11623 (1994)
the post-scf functional 'xygjos' is employed, which contains
The density functional 'Slater exchange' belongs to the 'LDA' family and is defined in the reference(s):
(0): P. A. M. Dirac.,  Math. Proc. Cambridge Philos. Soc. 26, 376 (1930)
(1): F. Bloch.,  Z. Phys. 57, 545 (1929)
The density functional 'Becke 88' belongs to the 'GGA' family and is defined in the reference(s):
(0): A. D. Becke.,  Phys. Rev. A 38, 3098 (1988)
The density functional 'Vosko, Wilk & Nusair (VWN5_RPA)' belongs to the 'LDA' family and is defined in the reference(s):
(0): S. H. Vosko, L. Wilk, and M. Nusair.,  Can. J. Phys. 58, 1200 (1980)
The density functional 'Lee, Yang & Parr' belongs to the 'GGA' family and is defined in the reference(s):
(0): C. Lee, W. Yang, and R. G. Parr.,  Phys. Rev. B 37, 785 (1988)
(1): B. Miehlich, A. Savin, H. Stoll, and H. Preuss.,  Chem. Phys. Lett. 157, 200 (1989)
<start_mo> for the frozen-core post-SCF methods 0 is smaller than the number of ecp orbitals 5. Set <start_mo> = 0
Libxc version used in REST: 7.0.0
nbas: 28, natm: 2 for standard basis sets
First valence state for the frozen-core algorithm:     0
final nbas: 122,final natm: 4
numbasis: 80, num_auxbas: 378
Molecule_name: nabr
Restricted Hartree-Fock (or Kohn-Sham) algorithm is invoked.
Nuc_energy:      57.88938775 Hartree
No ghost effective potential
No ghost point charges
Overlap matrix is nonsigular:
  Lowest eigenvalue:       0.01111532 with the total number of basis functions:     80
Grid size: 37792

=======================
Generating SAD for atom: Na
=======================
SAD generation for Na complete.

=======================
Generating SAD for atom: Br
=======================
SAD generation for Br complete.
Initial guess energy using single atom density (SAD):    -590.3112776021592936
The total energy:      -590.4787369407 Ha by the initial guess
Energy:    -590.4885912413 Ha after    1 iterations (in       0.04 seconds).
SCF Change: DM 1.24951e-2; eev  2.42948e0 Ha; etot -2.89582e-2 Ha
Energy:    -590.5175494796 Ha after    2 iterations (in       0.04 seconds).
SCF Change: DM 1.56010e-3; eev 2.01941e-1 Ha; etot -3.05861e-1 Ha
Energy:    -590.8234103326 Ha after    3 iterations (in       0.04 seconds).
SCF Change: DM 2.36837e-4; eev 2.31134e-2 Ha; etot -2.20264e-3 Ha
Energy:    -590.8256129696 Ha after    4 iterations (in       0.04 seconds).
SCF Change: DM 3.59031e-5; eev 3.95800e-3 Ha; etot -5.44507e-5 Ha
Energy:    -590.8256674203 Ha after    5 iterations (in       0.04 seconds).
SCF Change: DM 9.28051e-6; eev 1.34822e-3 Ha; etot -5.70724e-7 Ha
Energy:    -590.8256679910 Ha after    6 iterations (in       0.04 seconds).
SCF Change: DM 1.84553e-6; eev 1.79616e-4 Ha; etot -2.03877e-7 Ha
Energy:    -590.8256681949 Ha after    7 iterations (in       0.04 seconds).
SCF Change: DM 4.64766e-7; eev 5.61258e-5 Ha; etot -2.67335e-9 Ha
Energy:    -590.8256681976 Ha after    8 iterations (in       0.04 seconds).
SCF Change: DM 1.52437e-7; eev 2.55700e-5 Ha; etot -1.01522e-10 Ha
Energy:    -590.8256681977 Ha after    9 iterations (in       0.04 seconds).
SCF Change: DM 2.01265e-8; eev 9.59181e-7 Ha; etot -3.10365e-11 Ha
Energy:    -590.8256681977 Ha after   10 iterations (in       0.04 seconds).
SCF Change: DM 1.91543e-9; eev 3.17547e-7 Ha; etot -3.86535e-12 Ha
Energy:    -590.8256681977 Ha after   11 iterations (in       0.04 seconds).
SCF Change: DM 4.44340e-10; eev 7.65292e-8 Ha; etot -2.27374e-13 Ha
Energy:    -590.8256681977 Ha after   12 iterations (in       0.04 seconds).
SCF Change: DM 8.48628e-11; eev 1.19262e-8 Ha; etot 2.04636e-12 Ha
Energy:    -590.8256681977 Ha after   13 iterations (in       0.04 seconds).
SCF Change: DM 6.40327e-12; eev 8.88488e-10 Ha; etot 7.95808e-13 Ha
Energy:    -590.8256681977 Ha after   14 iterations (in       0.04 seconds).
SCF is converged after   14 iterations.
==========================================
Now evaluate the    PT2 correlation energy
==========================================
----------------------------------------------------------------------
Methods         :       Total Corr,          OS Corr,          SS Corr
----------------------------------------------------------------------
PT2             :      -0.65670335,      -0.46533116,      -0.19137219
----------------------------------------------------------------------
Fifth-rung correlation energy :      -0.203070518695 Ha
E[XYGJOS]=:    -589.84203090 Ha, Ex[HF]:     -44.45803199 Ha, Ec[PT2  ]:      -0.65670335 Ha
Mulliken population analysis:
  0-Na :   0.635637
  1-Br :  -0.635637

====================================================
              REST: Mission accomplished
====================================================
The SCF energy        :    -590.8256681977 Ha
The (R)-xDH energy    :    -589.8420308997 Ha
Detailed time report:
Overall   |:    1.617 s for the whole job
SCF       |:    1.528 s for the scf procedure
PT2       |:    0.089 s for the PT2 evaluation
