Use the default path (/opt/rest_workspace/rest/basis-set-pool/) as rest_basis_dir.
The specified path for the basis sets: /home/symei/basis/br/TZVPP-10-o-all
The specified path for the basis sets: /home/symei/def2-SV(P)-JKFIT
=========================================================
      Input parameters for the REST calculation
=========================================================
Calculation type: Single-point energy
Cube output: wavefunction
The exchange-correlation method: xygjos
Print level:                1
The number of threads used for parallelism:      32
The spheric-GTO basis set is taken from /home/symei/basis/br/TZVPP-10-o-all
The spheric-GTO auxiliary basis set is taken from /home/symei/def2-SV(P)-JKFIT
Charge:   0; Spin:   4
Spin polarization: On
Input molecular structure (in Angstrom): ----------
P        0.00000000      0.00000000      0.00000000
End of molecular structure ------------------------
ERI Type: ri_v
SCF convergency thresholds: 1e-8 for density matrix
                            1e-8 Ha. for sum of eigenvalues
                            1e-8 Ha. for total energy
Max. SCF cycle number:      250
It is a finite cluster calculation
The specified checkfile exists but is not loaded because the keyword 'external_init_guess' is specified
It will be updated after the SCF procedure 
(none)
=========================================================
the scf functional for 'xygjos' contains
The density functional 'B3LYP' belongs to the 'Hybrid GGA' family and is defined in the reference(s):
(0): P. J. Stephens, F. J. Devlin, C. F. Chabalowski, and M. J. Frisch.,  J. Phys. Chem. 98, 11623 (1994)
the post-scf functional 'xygjos' is employed, which contains
The density functional 'Slater exchange' belongs to the 'LDA' family and is defined in the reference(s):
(0): P. A. M. Dirac.,  Math. Proc. Cambridge Philos. Soc. 26, 376 (1930)
(1): F. Bloch.,  Z. Phys. 57, 545 (1929)
The density functional 'Becke 88' belongs to the 'GGA' family and is defined in the reference(s):
(0): A. D. Becke.,  Phys. Rev. A 38, 3098 (1988)
The density functional 'Vosko, Wilk & Nusair (VWN5_RPA)' belongs to the 'LDA' family and is defined in the reference(s):
(0): S. H. Vosko, L. Wilk, and M. Nusair.,  Can. J. Phys. 58, 1200 (1980)
The density functional 'Lee, Yang & Parr' belongs to the 'GGA' family and is defined in the reference(s):
(0): C. Lee, W. Yang, and R. G. Parr.,  Phys. Rev. B 37, 785 (1988)
(1): B. Miehlich, A. Savin, H. Stoll, and H. Preuss.,  Chem. Phys. Lett. 157, 200 (1989)
For SCF calculation, no core orbital is frozen by effective core potential (ECP) approximation
Libxc version used in REST: 7.0.0
nbas: 14, natm: 1 for standard basis sets
First valence state for the frozen-core algorithm:     0
final nbas: 52,final natm: 2
numbasis: 42, num_auxbas: 128
Molecule_name: p
Unrestricted Hartree-Fock (or Kohn-Sham) algorithm is invoked.
Nuc_energy:       0.00000000 Hartree
No ghost effective potential
No ghost point charges
Overlap matrix is nonsigular:
  Lowest eigenvalue:       0.05460075 with the total number of basis functions:     42
Grid size: 18880

=======================
Generating SAD for atom: P
=======================
SAD generation for P complete.
Initial guess energy using single atom density (SAD):    -341.1598752029914863
The total energy:      -341.2794626905 Ha by the initial guess
Energy:    -341.2805882728 Ha with <S^2> =  3.750 and <2S+1> =  4.000 after    1 iterations (in       0.02 seconds).
SCF Change: DM (1.23762e-4,1.53659e-4); eev 4.27508e-2 Ha; etot -4.66554e-5 Ha
Energy:    -341.2806349282 Ha with <S^2> =  3.750 and <2S+1> =  4.000 after    2 iterations (in       0.02 seconds).
SCF Change: DM (6.55464e-6,2.14072e-5); eev 1.45033e-3 Ha; etot -1.41514e-5 Ha
Energy:    -341.2806490796 Ha with <S^2> =  3.750 and <2S+1> =  4.000 after    3 iterations (in       0.02 seconds).
SCF Change: DM (1.22507e-6,6.45728e-8); eev 2.07334e-4 Ha; etot -4.89101e-8 Ha
Energy:    -341.2806491285 Ha with <S^2> =  3.750 and <2S+1> =  4.000 after    4 iterations (in       0.02 seconds).
SCF Change: DM (1.67138e-7,2.30894e-7); eev 1.12350e-5 Ha; etot -5.27223e-10 Ha
Energy:    -341.2806491291 Ha with <S^2> =  3.750 and <2S+1> =  4.000 after    5 iterations (in       0.02 seconds).
SCF Change: DM (2.89900e-9,3.48562e-9); eev 1.76705e-7 Ha; etot -7.44649e-12 Ha
Energy:    -341.2806491291 Ha with <S^2> =  3.750 and <2S+1> =  4.000 after    6 iterations (in       0.02 seconds).
SCF Change: DM (9.64669e-11,8.73405e-11); eev 6.28060e-9 Ha; etot  0.00000e0 Ha
Energy:    -341.2806491291 Ha with <S^2> =  3.750 and <2S+1> =  4.000 after    7 iterations (in       0.02 seconds).
SCF is converged after    7 iterations.
==========================================
Now evaluate the    PT2 correlation energy
==========================================
----------------------------------------------------------------------
Methods         :       Total Corr,          OS Corr,          SS Corr
----------------------------------------------------------------------
PT2             :      -0.30658517,      -0.21617551,      -0.09040966
----------------------------------------------------------------------
Fifth-rung correlation energy :      -0.094338993534 Ha
E[XYGJOS]=:    -340.86577164 Ha, Ex[HF]:     -22.62559216 Ha, Ec[PT2  ]:      -0.30658517 Ha
Mulliken population analysis:
  0-P  :   0.000000

====================================================
              REST: Mission accomplished
====================================================
The SCF energy        :    -341.2806491291 Ha
The (R)-xDH energy    :    -340.8657716379 Ha
Detailed time report:
SCF       |:    0.443 s for the scf procedure
Overall   |:    0.578 s for the whole job
PT2       |:    0.135 s for the PT2 evaluation
