Use the default path (/opt/rest_workspace/rest/basis-set-pool/) as rest_basis_dir.
The specified path for the basis sets: /home/symei/basis/br/TZVPP-10-o-all
The specified path for the basis sets: /home/symei/def2-SV(P)-JKFIT
=========================================================
      Input parameters for the REST calculation
=========================================================
Calculation type: Single-point energy
Cube output: wavefunction
The exchange-correlation method: xygjos
Print level:                1
The number of threads used for parallelism:      32
The spheric-GTO basis set is taken from /home/symei/basis/br/TZVPP-10-o-all
The spheric-GTO auxiliary basis set is taken from /home/symei/def2-SV(P)-JKFIT
Charge:   0; Spin:   1
Spin polarization: Off
Input molecular structure (in Angstrom): ----------
P        0.00000000      0.00000000      0.87352300
Br       0.00000000      2.01954900     -0.12478900
Br       1.74898100     -1.00977500     -0.12478900
Br      -1.74898100     -1.00977500     -0.12478900
End of molecular structure ------------------------
ERI Type: ri_v
SCF convergency thresholds: 1e-8 for density matrix
                            1e-8 Ha. for sum of eigenvalues
                            1e-8 Ha. for total energy
Max. SCF cycle number:      250
It is a finite cluster calculation
The specified checkfile exists but is not loaded because the keyword 'external_init_guess' is specified
It will be updated after the SCF procedure 
(none)
=========================================================
the scf functional for 'xygjos' contains
The density functional 'B3LYP' belongs to the 'Hybrid GGA' family and is defined in the reference(s):
(0): P. J. Stephens, F. J. Devlin, C. F. Chabalowski, and M. J. Frisch.,  J. Phys. Chem. 98, 11623 (1994)
the post-scf functional 'xygjos' is employed, which contains
The density functional 'Slater exchange' belongs to the 'LDA' family and is defined in the reference(s):
(0): P. A. M. Dirac.,  Math. Proc. Cambridge Philos. Soc. 26, 376 (1930)
(1): F. Bloch.,  Z. Phys. 57, 545 (1929)
The density functional 'Becke 88' belongs to the 'GGA' family and is defined in the reference(s):
(0): A. D. Becke.,  Phys. Rev. A 38, 3098 (1988)
The density functional 'Vosko, Wilk & Nusair (VWN5_RPA)' belongs to the 'LDA' family and is defined in the reference(s):
(0): S. H. Vosko, L. Wilk, and M. Nusair.,  Can. J. Phys. 58, 1200 (1980)
The density functional 'Lee, Yang & Parr' belongs to the 'GGA' family and is defined in the reference(s):
(0): C. Lee, W. Yang, and R. G. Parr.,  Phys. Rev. B 37, 785 (1988)
(1): B. Miehlich, A. Savin, H. Stoll, and H. Preuss.,  Chem. Phys. Lett. 157, 200 (1989)
<start_mo> for the frozen-core post-SCF methods 0 is smaller than the number of ecp orbitals 15. Set <start_mo> = 0
Libxc version used in REST: 7.0.0
nbas: 62, natm: 4 for standard basis sets
First valence state for the frozen-core algorithm:     0
final nbas: 280,final natm: 8
numbasis: 186, num_auxbas: 926
Molecule_name: pbr3
Restricted Hartree-Fock (or Kohn-Sham) algorithm is invoked.
Nuc_energy:     547.91013936 Hartree
No ghost effective potential
No ghost point charges
Overlap matrix is nonsigular:
  Lowest eigenvalue:       0.00424592 with the total number of basis functions:    186
Grid size: 81592

=======================
Generating SAD for atom: P
=======================
SAD generation for P complete.

=======================
Generating SAD for atom: Br
=======================
SAD generation for Br complete.
Initial guess energy using single atom density (SAD):   -1627.1665678647773348
The total energy:     -1626.7679007726 Ha by the initial guess
Energy:   -1626.7378520777 Ha after    1 iterations (in       0.14 seconds).
SCF Change: DM 3.64117e-3; eev 7.93749e-1 Ha; etot 1.20665e-1 Ha
Energy:   -1626.6171870718 Ha after    2 iterations (in       0.15 seconds).
SCF Change: DM 2.43471e-4; eev 7.20288e-2 Ha; etot -1.67125e-1 Ha
Energy:   -1626.7843121522 Ha after    3 iterations (in       0.16 seconds).
SCF Change: DM 7.04962e-5; eev 2.96498e-2 Ha; etot -1.93056e-4 Ha
Energy:   -1626.7845052081 Ha after    4 iterations (in       0.16 seconds).
SCF Change: DM 1.33320e-5; eev 4.80838e-3 Ha; etot -3.76663e-5 Ha
Energy:   -1626.7845428744 Ha after    5 iterations (in       0.15 seconds).
SCF Change: DM 2.54990e-6; eev 4.71775e-4 Ha; etot -1.30153e-6 Ha
Energy:   -1626.7845441760 Ha after    6 iterations (in       0.14 seconds).
SCF Change: DM 1.03716e-6; eev 3.25654e-4 Ha; etot -1.02367e-7 Ha
Energy:   -1626.7845442783 Ha after    7 iterations (in       0.14 seconds).
SCF Change: DM 2.52739e-7; eev 6.59337e-5 Ha; etot -4.41923e-9 Ha
Energy:   -1626.7845442827 Ha after    8 iterations (in       0.15 seconds).
SCF Change: DM 2.68364e-8; eev 3.61505e-6 Ha; etot -2.19188e-10 Ha
Energy:   -1626.7845442830 Ha after    9 iterations (in       0.16 seconds).
SCF Change: DM 4.38640e-9; eev 9.34097e-7 Ha; etot 8.18545e-12 Ha
Energy:   -1626.7845442829 Ha after   10 iterations (in       0.16 seconds).
SCF Change: DM 1.82646e-9; eev 3.87065e-7 Ha; etot -1.29603e-11 Ha
Energy:   -1626.7845442830 Ha after   11 iterations (in       0.16 seconds).
SCF Change: DM 1.61476e-10; eev 1.12229e-8 Ha; etot -2.50111e-12 Ha
Energy:   -1626.7845442830 Ha after   12 iterations (in       0.16 seconds).
SCF Change: DM 3.86405e-11; eev 7.56427e-9 Ha; etot -9.09495e-12 Ha
Energy:   -1626.7845442830 Ha after   13 iterations (in       0.16 seconds).
SCF is converged after   13 iterations.
==========================================
Now evaluate the    PT2 correlation energy
==========================================
----------------------------------------------------------------------
Methods         :       Total Corr,          OS Corr,          SS Corr
----------------------------------------------------------------------
PT2             :      -1.76522829,      -1.23950186,      -0.52572644
----------------------------------------------------------------------
Fifth-rung correlation energy :      -0.540918611149 Ha
E[XYGJOS]=:   -1624.33332853 Ha, Ex[HF]:    -113.75730396 Ha, Ec[PT2  ]:      -1.76522829 Ha
Mulliken population analysis:
  0-P  :   0.275820
  1-Br :  -0.091943
  2-Br :  -0.091939
  3-Br :  -0.091939

====================================================
              REST: Mission accomplished
====================================================
The SCF energy        :   -1626.7845442830 Ha
The (R)-xDH energy    :   -1624.3333285304 Ha
Detailed time report:
PT2       |:    0.350 s for the PT2 evaluation
SCF       |:    3.905 s for the scf procedure
Overall   |:    4.256 s for the whole job
