Use the default path (/opt/rest_workspace/rest/basis-set-pool/) as rest_basis_dir.
The specified path for the basis sets: /home/symei/basis/br/TZVPP-10-o-all
The specified path for the basis sets: /home/symei/def2-SV(P)-JKFIT
=========================================================
      Input parameters for the REST calculation
=========================================================
Calculation type: Single-point energy
Cube output: wavefunction
The exchange-correlation method: xygjos
Print level:                1
The number of threads used for parallelism:      32
The spheric-GTO basis set is taken from /home/symei/basis/br/TZVPP-10-o-all
The spheric-GTO auxiliary basis set is taken from /home/symei/def2-SV(P)-JKFIT
Charge:   0; Spin:   1
Spin polarization: Off
Input molecular structure (in Angstrom): ----------
C        0.64769400      1.26531600     -0.13460700
C       -0.00601200      0.00000100      0.39912500
C        0.64769300     -1.26531600     -0.13460400
C        2.15009500     -1.26340600      0.18991500
C        2.83916400      0.00000000     -0.33175900
C        2.15009500      1.26340600      0.18991800
H        0.16482900     -2.14637900      0.28849400
H       -0.00384800      0.00000200      1.48769900
H        0.50517900      1.31091600     -1.21739800
H        0.16483000      2.14638100      0.28848600
H        2.28716000     -1.33037300      1.27414100
H        2.61251100     -2.15638400     -0.23552000
H        3.89318400     -0.00000000     -0.04606300
H        2.81279600      0.00000100     -1.42635500
H        2.28715500      1.33036700      1.27414500
H        2.61251200      2.15638500     -0.23551100
H        0.50517300     -1.31092000     -1.21739400
Br      -1.95468200     -0.00000000     -0.03721900
End of molecular structure ------------------------
ERI Type: ri_v
SCF convergency thresholds: 1e-8 for density matrix
                            1e-8 Ha. for sum of eigenvalues
                            1e-8 Ha. for total energy
Max. SCF cycle number:      250
It is a finite cluster calculation
The specified checkfile exists but is not loaded because the keyword 'external_init_guess' is specified
It will be updated after the SCF procedure 
(none)
=========================================================
the scf functional for 'xygjos' contains
The density functional 'B3LYP' belongs to the 'Hybrid GGA' family and is defined in the reference(s):
(0): P. J. Stephens, F. J. Devlin, C. F. Chabalowski, and M. J. Frisch.,  J. Phys. Chem. 98, 11623 (1994)
the post-scf functional 'xygjos' is employed, which contains
The density functional 'Slater exchange' belongs to the 'LDA' family and is defined in the reference(s):
(0): P. A. M. Dirac.,  Math. Proc. Cambridge Philos. Soc. 26, 376 (1930)
(1): F. Bloch.,  Z. Phys. 57, 545 (1929)
The density functional 'Becke 88' belongs to the 'GGA' family and is defined in the reference(s):
(0): A. D. Becke.,  Phys. Rev. A 38, 3098 (1988)
The density functional 'Vosko, Wilk & Nusair (VWN5_RPA)' belongs to the 'LDA' family and is defined in the reference(s):
(0): S. H. Vosko, L. Wilk, and M. Nusair.,  Can. J. Phys. 58, 1200 (1980)
The density functional 'Lee, Yang & Parr' belongs to the 'GGA' family and is defined in the reference(s):
(0): C. Lee, W. Yang, and R. G. Parr.,  Phys. Rev. B 37, 785 (1988)
(1): B. Miehlich, A. Savin, H. Stoll, and H. Preuss.,  Chem. Phys. Lett. 157, 200 (1989)
<start_mo> for the frozen-core post-SCF methods 0 is smaller than the number of ecp orbitals 5. Set <start_mo> = 0
Libxc version used in REST: 7.0.0
nbas: 148, natm: 18 for standard basis sets
First valence state for the frozen-core algorithm:     0
final nbas: 424,final natm: 36
numbasis: 388, num_auxbas: 914
Molecule_name: ring-c6br1
Restricted Hartree-Fock (or Kohn-Sham) algorithm is invoked.
Nuc_energy:     432.58454865 Hartree
No ghost effective potential
No ghost point charges
Overlap matrix is nonsigular:
  Lowest eigenvalue:       0.00009141 with the total number of basis functions:    388
Grid size: 214580

=======================
Generating SAD for atom: C
=======================
SAD generation for C complete.

=======================
Generating SAD for atom: H
=======================
SAD generation for H complete.

=======================
Generating SAD for atom: Br
=======================
SAD generation for Br complete.
Initial guess energy using single atom density (SAD):    -666.9802977659196586
The total energy:      -664.7614345351 Ha by the initial guess
Energy:    -663.6579940862 Ha after    1 iterations (in       0.62 seconds).
SCF Change: DM 1.78019e-2; eev  7.00326e0 Ha; etot  1.01411e1 Ha
Energy:    -653.5168794520 Ha after    2 iterations (in       0.65 seconds).
SCF Change: DM 5.77424e-3; eev  2.77771e0 Ha; etot -1.15231e1 Ha
Energy:    -665.0399666220 Ha after    3 iterations (in       0.64 seconds).
SCF Change: DM 1.97843e-3; eev 9.92486e-1 Ha; etot -2.69739e-1 Ha
Energy:    -665.3097055343 Ha after    4 iterations (in       0.60 seconds).
SCF Change: DM 4.93291e-4; eev 1.62193e-1 Ha; etot -6.68891e-2 Ha
Energy:    -665.3765946177 Ha after    5 iterations (in       0.64 seconds).
SCF Change: DM 1.33464e-4; eev 8.78898e-2 Ha; etot -4.81977e-3 Ha
Energy:    -665.3814143872 Ha after    6 iterations (in       0.58 seconds).
SCF Change: DM 3.40887e-5; eev 1.95423e-2 Ha; etot -6.20934e-4 Ha
Energy:    -665.3820353213 Ha after    7 iterations (in       0.56 seconds).
SCF Change: DM 1.14145e-5; eev 5.68727e-3 Ha; etot -3.07393e-5 Ha
Energy:    -665.3820660606 Ha after    8 iterations (in       0.55 seconds).
SCF Change: DM 3.86973e-6; eev 1.19624e-3 Ha; etot -4.54291e-6 Ha
Energy:    -665.3820706035 Ha after    9 iterations (in       0.57 seconds).
SCF Change: DM 1.40934e-6; eev 4.47282e-4 Ha; etot -2.75548e-7 Ha
Energy:    -665.3820708790 Ha after   10 iterations (in       0.55 seconds).
SCF Change: DM 2.73153e-7; eev 6.95087e-5 Ha; etot -1.79848e-8 Ha
Energy:    -665.3820708970 Ha after   11 iterations (in       0.54 seconds).
SCF Change: DM 9.47204e-8; eev 3.14323e-5 Ha; etot -1.53625e-9 Ha
Energy:    -665.3820708986 Ha after   12 iterations (in       0.57 seconds).
SCF Change: DM 1.53190e-8; eev 7.55204e-6 Ha; etot -8.85620e-11 Ha
Energy:    -665.3820708987 Ha after   13 iterations (in       0.52 seconds).
SCF Change: DM 4.13325e-9; eev 2.75113e-6 Ha; etot 1.09139e-11 Ha
Energy:    -665.3820708986 Ha after   14 iterations (in       0.53 seconds).
SCF Change: DM 2.60361e-9; eev 1.06232e-6 Ha; etot -2.12594e-11 Ha
Energy:    -665.3820708987 Ha after   15 iterations (in       0.52 seconds).
SCF Change: DM 3.04423e-10; eev 1.49654e-7 Ha; etot 5.00222e-12 Ha
Energy:    -665.3820708987 Ha after   16 iterations (in       0.54 seconds).
SCF Change: DM 6.64895e-11; eev 3.16490e-8 Ha; etot 8.07177e-12 Ha
Energy:    -665.3820708987 Ha after   17 iterations (in       0.54 seconds).
SCF Change: DM 2.58921e-11; eev 7.54024e-9 Ha; etot -1.78488e-11 Ha
Energy:    -665.3820708987 Ha after   18 iterations (in       0.56 seconds).
SCF is converged after   18 iterations.
==========================================
Now evaluate the    PT2 correlation energy
==========================================
----------------------------------------------------------------------
Methods         :       Total Corr,          OS Corr,          SS Corr
----------------------------------------------------------------------
PT2             :      -2.04564225,      -1.54259158,      -0.50305067
----------------------------------------------------------------------
Fifth-rung correlation energy :      -0.673186966633 Ha
E[XYGJOS]=:    -664.06775953 Ha, Ex[HF]:     -65.57435987 Ha, Ec[PT2  ]:      -2.04564225 Ha
Mulliken population analysis:
  0-C  :  -0.121740
  1-C  :  -0.082319
  2-C  :  -0.121740
  3-C  :  -0.132441
  4-C  :  -0.110600
  5-C  :  -0.132441
  6-H  :   0.086320
  7-H  :   0.110866
  8-H  :   0.070768
  9-H  :   0.086321
 10-H  :   0.060692
 11-H  :   0.074608
 12-H  :   0.071009
 13-H  :   0.056990
 14-H  :   0.060692
 15-H  :   0.074609
 16-H  :   0.070769
 17-Br :  -0.122363

====================================================
              REST: Mission accomplished
====================================================
The SCF energy        :    -665.3820708986 Ha
The (R)-xDH energy    :    -664.0677595313 Ha
Detailed time report:
SCF       |:   21.678 s for the scf procedure
Overall   |:   22.737 s for the whole job
PT2       |:    1.055 s for the PT2 evaluation
