=========================================================
      Input parameters for the REST calculation
=========================================================
Calculation type: Single-point energy
The exchange-correlation method: xygjos
Print level:                1
The number of threads used for parallelism:      8
The spheric-GTO basis set is taken from /home/symei/TZVPP-10-o-all
The spheric-GTO auxiliary basis set is taken from /home/symei/def2-SV(P)-JKFIT
Charge:   0; Spin:   2
Spin polarization: On
Input molecular structure (in Angstrom): ----------
Br       0.00000000      0.00000000      0.00000000
End of molecular structure ------------------------
ERI Type: ri_v
SCF convergency thresholds: 1e-8 for density matrix
                            1e-8 Ha. for sum of eigenvalues
                            1e-8 Ha. for total energy
Max. SCF cycle number:      250
It is a finite cluster calculation
The specified checkfile exists but is not loaded because the keyword 'external_init_guess' is specified
It will be updated after the SCF procedure 
(none)
=========================================================
the scf functional for 'xygjos' contains
The density functional 'B3LYP' belongs to the 'Hybrid GGA' family and is defined in the reference(s):
(0): P. J. Stephens, F. J. Devlin, C. F. Chabalowski, and M. J. Frisch.,  J. Phys. Chem. 98, 11623 (1994)
the post-scf functional 'xygjos' is employed, which contains
The density functional 'Slater exchange' belongs to the 'LDA' family and is defined in the reference(s):
(0): P. A. M. Dirac.,  Math. Proc. Cambridge Philos. Soc. 26, 376 (1930)
(1): F. Bloch.,  Z. Phys. 57, 545 (1929)
The density functional 'Becke 88' belongs to the 'GGA' family and is defined in the reference(s):
(0): A. D. Becke.,  Phys. Rev. A 38, 3098 (1988)
The density functional 'Vosko, Wilk & Nusair (VWN5_RPA)' belongs to the 'LDA' family and is defined in the reference(s):
(0): S. H. Vosko, L. Wilk, and M. Nusair.,  Can. J. Phys. 58, 1200 (1980)
The density functional 'Lee, Yang & Parr' belongs to the 'GGA' family and is defined in the reference(s):
(0): C. Lee, W. Yang, and R. G. Parr.,  Phys. Rev. B 37, 785 (1988)
(1): B. Miehlich, A. Savin, H. Stoll, and H. Preuss.,  Chem. Phys. Lett. 157, 200 (1989)
<start_mo> for the frozen-core post-SCF methods 0 is smaller than the number of ecp orbitals 5. Set <start_mo> = 0
Libxc version used in REST: 7.0.0
nbas: 16, natm: 1 for standard basis sets
First valence state for the frozen-core algorithm:     0
final nbas: 76,final natm: 2
numbasis: 48, num_auxbas: 266
Molecule_name: br
Unrestricted Hartree-Fock (or Kohn-Sham) algorithm is invoked.
Nuc_energy:       0.00000000 Hartree
No ghost effective potential
No ghost point charges
Overlap matrix is nonsigular:
  Lowest eigenvalue:       0.02573177 with the total number of basis functions:     48
Grid size: 20904

=======================
Generating SAD for atom: Br
=======================
SAD generation for Br complete.
Initial guess energy using single atom density (SAD):    -407.0895384489120374
The total energy:      -407.2544681405 Ha by the initial guess
Energy:    -407.2563971992 Ha with <S^2> =  0.750 and <2S+1> =  2.000 after    1 iterations (in       0.03 seconds).
SCF Change: DM (1.45199e-3,9.10755e-4); eev 4.42443e-1 Ha; etot -2.49023e-4 Ha
Energy:    -407.2566462224 Ha with <S^2> =  0.750 and <2S+1> =  2.000 after    2 iterations (in       0.03 seconds).
SCF Change: DM (1.79442e-4,9.06582e-5); eev 3.56384e-2 Ha; etot -2.93019e-3 Ha
Energy:    -407.2595764117 Ha with <S^2> =  0.750 and <2S+1> =  2.000 after    3 iterations (in       0.03 seconds).
SCF Change: DM (4.76470e-6,6.48903e-6); eev 1.76316e-3 Ha; etot -1.65423e-5 Ha
Energy:    -407.2595929540 Ha with <S^2> =  0.750 and <2S+1> =  2.000 after    4 iterations (in       0.03 seconds).
SCF Change: DM (1.01342e-6,7.74366e-7); eev 4.44699e-4 Ha; etot -3.25877e-8 Ha
Energy:    -407.2595929865 Ha with <S^2> =  0.750 and <2S+1> =  2.000 after    5 iterations (in       0.03 seconds).
SCF Change: DM (3.27855e-8,4.24979e-8); eev 2.60259e-5 Ha; etot -5.13069e-10 Ha
Energy:    -407.2595929871 Ha with <S^2> =  0.750 and <2S+1> =  2.000 after    6 iterations (in       0.03 seconds).
SCF Change: DM (2.94992e-9,3.10691e-9); eev 1.37014e-6 Ha; etot -1.98952e-12 Ha
Energy:    -407.2595929871 Ha with <S^2> =  0.750 and <2S+1> =  2.000 after    7 iterations (in       0.03 seconds).
SCF Change: DM (4.67701e-10,2.44041e-10); eev 2.40665e-7 Ha; etot -1.13687e-13 Ha
Energy:    -407.2595929871 Ha with <S^2> =  0.750 and <2S+1> =  2.000 after    8 iterations (in       0.03 seconds).
SCF Change: DM (2.78188e-11,1.26994e-11); eev 3.38837e-8 Ha; etot -3.97904e-13 Ha
Energy:    -407.2595929871 Ha with <S^2> =  0.750 and <2S+1> =  2.000 after    9 iterations (in       0.03 seconds).
SCF Change: DM (1.18089e-12,4.98384e-13); eev 6.97246e-9 Ha; etot 2.27374e-13 Ha
Energy:    -407.2595929871 Ha with <S^2> =  0.750 and <2S+1> =  2.000 after   10 iterations (in       0.03 seconds).
SCF is converged after   10 iterations.
==========================================
Now evaluate the    PT2 correlation energy
==========================================
----------------------------------------------------------------------
Methods         :       Total Corr,          OS Corr,          SS Corr
----------------------------------------------------------------------
PT2             :      -0.54800252,      -0.37610299,      -0.17189953
----------------------------------------------------------------------
Fifth-rung correlation energy :      -0.164131344671 Ha
E[XYGJOS]=:    -406.10637726 Ha, Ex[HF]:     -27.19842132 Ha, Ec[PT2  ]:      -0.54800252 Ha
Mulliken population analysis:
  0-Br :   0.000000

====================================================
              REST: Mission accomplished
====================================================
The SCF energy        :    -407.2595929871 Ha
The (R)-xDH energy    :    -406.1063772583 Ha
Detailed time report:
Overall   |:    0.863 s for the whole job
PT2       |:    0.114 s for the PT2 evaluation
SCF       |:    0.749 s for the scf procedure
