=========================================================
      Input parameters for the REST calculation
=========================================================
Calculation type: Single-point energy
The exchange-correlation method: xygjos
Print level:                1
The number of threads used for parallelism:      8
The spheric-GTO basis set is taken from /home/symei/TZVPP-10-o-all
The spheric-GTO auxiliary basis set is taken from /home/symei/def2-SV(P)-JKFIT
Charge:   0; Spin:   1
Spin polarization: Off
Input molecular structure (in Angstrom): ----------
Br       0.00000000      0.00000000      1.15797900
Br       0.00000000      0.00000000     -1.15797900
End of molecular structure ------------------------
ERI Type: ri_v
SCF convergency thresholds: 1e-8 for density matrix
                            1e-8 Ha. for sum of eigenvalues
                            1e-8 Ha. for total energy
Max. SCF cycle number:      250
It is a finite cluster calculation
The specified checkfile exists but is not loaded because the keyword 'external_init_guess' is specified
It will be updated after the SCF procedure 
(none)
=========================================================
the scf functional for 'xygjos' contains
The density functional 'B3LYP' belongs to the 'Hybrid GGA' family and is defined in the reference(s):
(0): P. J. Stephens, F. J. Devlin, C. F. Chabalowski, and M. J. Frisch.,  J. Phys. Chem. 98, 11623 (1994)
the post-scf functional 'xygjos' is employed, which contains
The density functional 'Slater exchange' belongs to the 'LDA' family and is defined in the reference(s):
(0): P. A. M. Dirac.,  Math. Proc. Cambridge Philos. Soc. 26, 376 (1930)
(1): F. Bloch.,  Z. Phys. 57, 545 (1929)
The density functional 'Becke 88' belongs to the 'GGA' family and is defined in the reference(s):
(0): A. D. Becke.,  Phys. Rev. A 38, 3098 (1988)
The density functional 'Vosko, Wilk & Nusair (VWN5_RPA)' belongs to the 'LDA' family and is defined in the reference(s):
(0): S. H. Vosko, L. Wilk, and M. Nusair.,  Can. J. Phys. 58, 1200 (1980)
The density functional 'Lee, Yang & Parr' belongs to the 'GGA' family and is defined in the reference(s):
(0): C. Lee, W. Yang, and R. G. Parr.,  Phys. Rev. B 37, 785 (1988)
(1): B. Miehlich, A. Savin, H. Stoll, and H. Preuss.,  Chem. Phys. Lett. 157, 200 (1989)
<start_mo> for the frozen-core post-SCF methods 0 is smaller than the number of ecp orbitals 10. Set <start_mo> = 0
Libxc version used in REST: 7.0.0
nbas: 32, natm: 2 for standard basis sets
First valence state for the frozen-core algorithm:     0
final nbas: 152,final natm: 4
numbasis: 96, num_auxbas: 532
Molecule_name: br2
Restricted Hartree-Fock (or Kohn-Sham) algorithm is invoked.
Nuc_energy:     142.80731999 Hartree
No ghost effective potential
No ghost point charges
Overlap matrix is nonsigular:
  Lowest eigenvalue:       0.00835797 with the total number of basis functions:     96
Grid size: 41808

=======================
Generating SAD for atom: Br
=======================
SAD generation for Br complete.
Initial guess energy using single atom density (SAD):    -814.3636967547195127
The total energy:      -814.5767160816 Ha by the initial guess
Energy:    -814.5837279386 Ha after    1 iterations (in       0.07 seconds).
SCF Change: DM 1.85557e-3; eev 2.04351e-1 Ha; etot -2.78531e-3 Ha
Energy:    -814.5865132472 Ha after    2 iterations (in       0.05 seconds).
SCF Change: DM 1.48497e-4; eev 2.14817e-2 Ha; etot -6.16902e-3 Ha
Energy:    -814.5926822653 Ha after    3 iterations (in       0.05 seconds).
SCF Change: DM 2.65567e-5; eev 5.09241e-3 Ha; etot -1.02320e-5 Ha
Energy:    -814.5926924972 Ha after    4 iterations (in       0.05 seconds).
SCF Change: DM 1.70349e-6; eev 2.38531e-4 Ha; etot -8.91081e-7 Ha
Energy:    -814.5926933883 Ha after    5 iterations (in       0.05 seconds).
SCF Change: DM 3.01888e-7; eev 2.98502e-5 Ha; etot -5.08294e-9 Ha
Energy:    -814.5926933934 Ha after    6 iterations (in       0.05 seconds).
SCF Change: DM 7.71935e-8; eev 3.82520e-6 Ha; etot -9.01537e-11 Ha
Energy:    -814.5926933935 Ha after    7 iterations (in       0.06 seconds).
SCF Change: DM 2.70059e-8; eev 2.48352e-6 Ha; etot -1.11413e-11 Ha
Energy:    -814.5926933935 Ha after    8 iterations (in       0.05 seconds).
SCF Change: DM 1.07661e-9; eev 2.22837e-7 Ha; etot -6.82121e-13 Ha
Energy:    -814.5926933935 Ha after    9 iterations (in       0.05 seconds).
SCF Change: DM 4.90721e-11; eev 5.74920e-9 Ha; etot -1.93268e-12 Ha
Energy:    -814.5926933935 Ha after   10 iterations (in       0.05 seconds).
SCF is converged after   10 iterations.
==========================================
Now evaluate the    PT2 correlation energy
==========================================
----------------------------------------------------------------------
Methods         :       Total Corr,          OS Corr,          SS Corr
----------------------------------------------------------------------
PT2             :      -1.13919763,      -0.77177687,      -0.36742076
----------------------------------------------------------------------
Fifth-rung correlation energy :      -0.336803427604 Ha
E[XYGJOS]=:    -812.30091490 Ha, Ex[HF]:     -54.43551547 Ha, Ec[PT2  ]:      -1.13919763 Ha
Mulliken population analysis:
  0-Br :   0.000000
  1-Br :  -0.000000

====================================================
              REST: Mission accomplished
====================================================
The SCF energy        :    -814.5926933935 Ha
The (R)-xDH energy    :    -812.3009148990 Ha
Detailed time report:
SCF       |:    1.636 s for the scf procedure
Overall   |:    1.767 s for the whole job
PT2       |:    0.130 s for the PT2 evaluation
