=========================================================
      Input parameters for the REST calculation
=========================================================
Calculation type: Single-point energy
The exchange-correlation method: xygjos
Print level:                1
The number of threads used for parallelism:      8
The spheric-GTO basis set is taken from /home/symei/TZVPP-10-o-all
The spheric-GTO auxiliary basis set is taken from /home/symei/def2-SV(P)-JKFIT
Charge:   0; Spin:   1
Spin polarization: Off
Input molecular structure (in Angstrom): ----------
Br       0.00000000      0.00000000      0.70791400
Cl       0.00000000      0.00000000     -1.45747000
End of molecular structure ------------------------
ERI Type: ri_v
SCF convergency thresholds: 1e-8 for density matrix
                            1e-8 Ha. for sum of eigenvalues
                            1e-8 Ha. for total energy
Max. SCF cycle number:      250
It is a finite cluster calculation
The specified checkfile exists but is not loaded because the keyword 'external_init_guess' is specified
It will be updated after the SCF procedure 
(none)
=========================================================
the scf functional for 'xygjos' contains
The density functional 'B3LYP' belongs to the 'Hybrid GGA' family and is defined in the reference(s):
(0): P. J. Stephens, F. J. Devlin, C. F. Chabalowski, and M. J. Frisch.,  J. Phys. Chem. 98, 11623 (1994)
the post-scf functional 'xygjos' is employed, which contains
The density functional 'Slater exchange' belongs to the 'LDA' family and is defined in the reference(s):
(0): P. A. M. Dirac.,  Math. Proc. Cambridge Philos. Soc. 26, 376 (1930)
(1): F. Bloch.,  Z. Phys. 57, 545 (1929)
The density functional 'Becke 88' belongs to the 'GGA' family and is defined in the reference(s):
(0): A. D. Becke.,  Phys. Rev. A 38, 3098 (1988)
The density functional 'Vosko, Wilk & Nusair (VWN5_RPA)' belongs to the 'LDA' family and is defined in the reference(s):
(0): S. H. Vosko, L. Wilk, and M. Nusair.,  Can. J. Phys. 58, 1200 (1980)
The density functional 'Lee, Yang & Parr' belongs to the 'GGA' family and is defined in the reference(s):
(0): C. Lee, W. Yang, and R. G. Parr.,  Phys. Rev. B 37, 785 (1988)
(1): B. Miehlich, A. Savin, H. Stoll, and H. Preuss.,  Chem. Phys. Lett. 157, 200 (1989)
<start_mo> for the frozen-core post-SCF methods 0 is smaller than the number of ecp orbitals 5. Set <start_mo> = 0
Libxc version used in REST: 7.0.0
nbas: 30, natm: 2 for standard basis sets
First valence state for the frozen-core algorithm:     0
final nbas: 128,final natm: 4
numbasis: 90, num_auxbas: 394
Molecule_name: brcl
Restricted Hartree-Fock (or Kohn-Sham) algorithm is invoked.
Nuc_energy:     103.86163079 Hartree
No ghost effective potential
No ghost point charges
Overlap matrix is nonsigular:
  Lowest eigenvalue:       0.00912335 with the total number of basis functions:     90
Grid size: 39784

=======================
Generating SAD for atom: Br
=======================
SAD generation for Br complete.

=======================
Generating SAD for atom: Cl
=======================
SAD generation for Cl complete.
Initial guess energy using single atom density (SAD):    -867.4534416303044964
The total energy:      -867.4920315919 Ha by the initial guess
Energy:    -867.4912172412 Ha after    1 iterations (in       0.07 seconds).
SCF Change: DM 5.03849e-3; eev 4.83540e-1 Ha; etot 1.10992e-2 Ha
Energy:    -867.4801180224 Ha after    2 iterations (in       0.06 seconds).
SCF Change: DM 7.52849e-4; eev 8.65105e-2 Ha; etot -2.54500e-2 Ha
Energy:    -867.5055680681 Ha after    3 iterations (in       0.06 seconds).
SCF Change: DM 8.66878e-5; eev 1.28250e-2 Ha; etot -4.31578e-4 Ha
Energy:    -867.5059996458 Ha after    4 iterations (in       0.06 seconds).
SCF Change: DM 1.63129e-5; eev 2.79679e-3 Ha; etot -6.22795e-6 Ha
Energy:    -867.5060058737 Ha after    5 iterations (in       0.05 seconds).
SCF Change: DM 7.40564e-6; eev 8.27475e-4 Ha; etot -3.71032e-7 Ha
Energy:    -867.5060062448 Ha after    6 iterations (in       0.07 seconds).
SCF Change: DM 1.07274e-6; eev 1.51976e-4 Ha; etot -3.19853e-8 Ha
Energy:    -867.5060062767 Ha after    7 iterations (in       0.07 seconds).
SCF Change: DM 1.59332e-7; eev 1.94807e-5 Ha; etot -1.64607e-9 Ha
Energy:    -867.5060062784 Ha after    8 iterations (in       0.06 seconds).
SCF Change: DM 4.24470e-8; eev 6.91527e-6 Ha; etot -1.70530e-11 Ha
Energy:    -867.5060062784 Ha after    9 iterations (in       0.07 seconds).
SCF Change: DM 7.11687e-9; eev 7.45176e-7 Ha; etot -5.79803e-12 Ha
Energy:    -867.5060062784 Ha after   10 iterations (in       0.06 seconds).
SCF Change: DM 2.84002e-9; eev 2.87266e-7 Ha; etot -1.59162e-12 Ha
Energy:    -867.5060062784 Ha after   11 iterations (in       0.06 seconds).
SCF Change: DM 5.36415e-10; eev 8.19767e-8 Ha; etot -1.47793e-12 Ha
Energy:    -867.5060062784 Ha after   12 iterations (in       0.05 seconds).
SCF Change: DM 1.25093e-10; eev 1.20658e-8 Ha; etot -3.29692e-12 Ha
Energy:    -867.5060062784 Ha after   13 iterations (in       0.06 seconds).
SCF Change: DM 3.88464e-11; eev 5.44506e-9 Ha; etot 4.77485e-12 Ha
Energy:    -867.5060062784 Ha after   14 iterations (in       0.09 seconds).
SCF is converged after   14 iterations.
==========================================
Now evaluate the    PT2 correlation energy
==========================================
----------------------------------------------------------------------
Methods         :       Total Corr,          OS Corr,          SS Corr
----------------------------------------------------------------------
PT2             :      -1.04009756,      -0.72537416,      -0.31472340
----------------------------------------------------------------------
Fifth-rung correlation energy :      -0.316553285234 Ha
E[XYGJOS]=:    -865.87680850 Ha, Ex[HF]:     -54.73461009 Ha, Ec[PT2  ]:      -1.04009756 Ha
Mulliken population analysis:
  0-Br :   0.362948
  1-Cl :  -0.362948

====================================================
              REST: Mission accomplished
====================================================
The SCF energy        :    -867.5060062784 Ha
The (R)-xDH energy    :    -865.8768084994 Ha
Detailed time report:
SCF       |:    1.903 s for the scf procedure
PT2       |:    0.117 s for the PT2 evaluation
Overall   |:    2.020 s for the whole job
