=========================================================
      Input parameters for the REST calculation
=========================================================
Calculation type: Single-point energy
The exchange-correlation method: xygjos
Print level:                1
The number of threads used for parallelism:      8
The spheric-GTO basis set is taken from /home/symei/TZVPP-10-o-all
The spheric-GTO auxiliary basis set is taken from /home/symei/def2-SV(P)-JKFIT
Charge:   0; Spin:   1
Spin polarization: Off
Input molecular structure (in Angstrom): ----------
C       -0.18653200     -0.73886500     -0.02580000
H        0.19521800     -1.20401300     -0.92804000
C        0.18653200      0.73886500     -0.02580000
H       -0.19521800      1.20401300     -0.92804000
C        0.18653200     -1.54131200      1.20333900
C       -0.18653200      1.54131200      1.20333900
H        0.08998800      2.58529600      1.07252400
H       -1.26605400      1.48824200      1.35564900
H        0.30968600      1.16784600      2.09710400
H        1.26605400     -1.48824200      1.35564900
H       -0.30968600     -1.16784600      2.09710400
H       -0.08998800     -2.58529600      1.07252400
Br       2.17502400      0.84308500     -0.30464200
Br      -2.17502400     -0.84308500     -0.30464200
End of molecular structure ------------------------
ERI Type: ri_v
SCF convergency thresholds: 1e-8 for density matrix
                            1e-8 Ha. for sum of eigenvalues
                            1e-8 Ha. for total energy
Max. SCF cycle number:      250
It is a finite cluster calculation
The specified checkfile exists but is not loaded because the keyword 'external_init_guess' is specified
It will be updated after the SCF procedure 
(none)
=========================================================
the scf functional for 'xygjos' contains
The density functional 'B3LYP' belongs to the 'Hybrid GGA' family and is defined in the reference(s):
(0): P. J. Stephens, F. J. Devlin, C. F. Chabalowski, and M. J. Frisch.,  J. Phys. Chem. 98, 11623 (1994)
the post-scf functional 'xygjos' is employed, which contains
The density functional 'Slater exchange' belongs to the 'LDA' family and is defined in the reference(s):
(0): P. A. M. Dirac.,  Math. Proc. Cambridge Philos. Soc. 26, 376 (1930)
(1): F. Bloch.,  Z. Phys. 57, 545 (1929)
The density functional 'Becke 88' belongs to the 'GGA' family and is defined in the reference(s):
(0): A. D. Becke.,  Phys. Rev. A 38, 3098 (1988)
The density functional 'Vosko, Wilk & Nusair (VWN5_RPA)' belongs to the 'LDA' family and is defined in the reference(s):
(0): S. H. Vosko, L. Wilk, and M. Nusair.,  Can. J. Phys. 58, 1200 (1980)
The density functional 'Lee, Yang & Parr' belongs to the 'GGA' family and is defined in the reference(s):
(0): C. Lee, W. Yang, and R. G. Parr.,  Phys. Rev. B 37, 785 (1988)
(1): B. Miehlich, A. Savin, H. Stoll, and H. Preuss.,  Chem. Phys. Lett. 157, 200 (1989)
<start_mo> for the frozen-core post-SCF methods 0 is smaller than the number of ecp orbitals 10. Set <start_mo> = 0
Libxc version used in REST: 7.0.0
nbas: 124, natm: 14 for standard basis sets
First valence state for the frozen-core algorithm:     0
final nbas: 392,final natm: 28
numbasis: 332, num_auxbas: 976
Molecule_name: c-cbrcbr-c
Restricted Hartree-Fock (or Kohn-Sham) algorithm is invoked.
Nuc_energy:     487.51053470 Hartree
No ghost effective potential
No ghost point charges
Overlap matrix is nonsigular:
  Lowest eigenvalue:       0.00016151 with the total number of basis functions:    332
Grid size: 177608

=======================
Generating SAD for atom: C
=======================
SAD generation for C complete.

=======================
Generating SAD for atom: H
=======================
SAD generation for H complete.

=======================
Generating SAD for atom: Br
=======================
SAD generation for Br complete.
Initial guess energy using single atom density (SAD):    -972.5327980206491247
The total energy:      -971.5239604065 Ha by the initial guess
Energy:    -971.1260686782 Ha after    1 iterations (in       0.68 seconds).
SCF Change: DM 1.37135e-2; eev  4.01693e0 Ha; etot  1.41820e0 Ha
Energy:    -969.7078736556 Ha after    2 iterations (in       0.69 seconds).
SCF Change: DM 2.08061e-3; eev 3.71955e-1 Ha; etot -2.16463e0 Ha
Energy:    -971.8724998321 Ha after    3 iterations (in       0.70 seconds).
SCF Change: DM 4.78565e-4; eev 1.26418e-1 Ha; etot -4.85401e-2 Ha
Energy:    -971.9210399131 Ha after    4 iterations (in       0.68 seconds).
SCF Change: DM 1.62343e-4; eev 2.13374e-2 Ha; etot -4.92869e-3 Ha
Energy:    -971.9259686021 Ha after    5 iterations (in       0.68 seconds).
SCF Change: DM 2.65561e-5; eev 5.88646e-3 Ha; etot -2.00280e-4 Ha
Energy:    -971.9261688825 Ha after    6 iterations (in       0.68 seconds).
SCF Change: DM 7.15245e-6; eev 1.71374e-3 Ha; etot -5.19459e-6 Ha
Energy:    -971.9261740771 Ha after    7 iterations (in       0.69 seconds).
SCF Change: DM 1.77631e-6; eev 6.67299e-4 Ha; etot -5.00050e-7 Ha
Energy:    -971.9261745771 Ha after    8 iterations (in       0.72 seconds).
SCF Change: DM 6.85234e-7; eev 1.82919e-4 Ha; etot -1.05715e-8 Ha
Energy:    -971.9261745877 Ha after    9 iterations (in       0.71 seconds).
SCF Change: DM 1.48596e-7; eev 4.57250e-5 Ha; etot -1.57399e-9 Ha
Energy:    -971.9261745893 Ha after   10 iterations (in       0.71 seconds).
SCF Change: DM 6.60058e-8; eev 1.77050e-5 Ha; etot -1.76897e-10 Ha
Energy:    -971.9261745895 Ha after   11 iterations (in       0.75 seconds).
SCF Change: DM 2.37133e-8; eev 9.06981e-6 Ha; etot -7.61702e-12 Ha
Energy:    -971.9261745895 Ha after   12 iterations (in       0.76 seconds).
SCF Change: DM 2.77673e-9; eev 5.74132e-7 Ha; etot -5.38876e-11 Ha
Energy:    -971.9261745895 Ha after   13 iterations (in       0.72 seconds).
SCF Change: DM 8.01109e-10; eev 2.26199e-7 Ha; etot 5.13865e-11 Ha
Energy:    -971.9261745895 Ha after   14 iterations (in       0.72 seconds).
SCF Change: DM 1.82841e-10; eev 3.38234e-8 Ha; etot -1.76215e-11 Ha
Energy:    -971.9261745895 Ha after   15 iterations (in       0.70 seconds).
SCF Change: DM 4.60461e-11; eev 8.41741e-9 Ha; etot -2.04636e-12 Ha
Energy:    -971.9261745895 Ha after   16 iterations (in       0.73 seconds).
SCF is converged after   16 iterations.
==========================================
Now evaluate the    PT2 correlation energy
==========================================
----------------------------------------------------------------------
Methods         :       Total Corr,          OS Corr,          SS Corr
----------------------------------------------------------------------
PT2             :      -2.20864838,      -1.59312085,      -0.61552753
----------------------------------------------------------------------
Fifth-rung correlation energy :      -0.695237940488 Ha
E[XYGJOS]=:    -969.22341629 Ha, Ex[HF]:     -78.03523256 Ha, Ec[PT2  ]:      -2.20864838 Ha
Mulliken population analysis:
  0-C  :  -0.697816
  1-H  :   0.173333
  2-C  :  -0.697816
  3-H  :   0.173333
  4-C  :  -0.176810
  5-C  :  -0.176810
  6-H  :   0.112497
  7-H  :   0.054109
  8-H  :   0.095202
  9-H  :   0.054109
 10-H  :   0.095202
 11-H  :   0.112497
 12-Br :   0.439485
 13-Br :   0.439485

====================================================
              REST: Mission accomplished
====================================================
The SCF energy        :    -971.9261745895 Ha
The (R)-xDH energy    :    -969.2234162866 Ha
Detailed time report:
SCF       |:   19.826 s for the scf procedure
PT2       |:    1.616 s for the PT2 evaluation
Overall   |:   21.445 s for the whole job
