=========================================================
      Input parameters for the REST calculation
=========================================================
Calculation type: Single-point energy
The exchange-correlation method: xygjos
Print level:                1
The number of threads used for parallelism:      8
The spheric-GTO basis set is taken from /home/symei/TZVPP-10-o-all
The spheric-GTO auxiliary basis set is taken from /home/symei/def2-SV(P)-JKFIT
Charge:   0; Spin:   1
Spin polarization: Off
Input molecular structure (in Angstrom): ----------
C       -1.62790100      2.06937900     -0.07906700
H       -1.15134300      3.01327200     -0.35545900
H       -1.90332300      2.11727300      0.97438900
H       -2.53807200      1.96174200     -0.66533600
C       -0.67251700      0.91724100     -0.34940200
H       -0.43286500      0.84870600     -1.40648100
C        0.58971400      1.04261400      0.47514000
H        0.40689400      0.86475400      1.53014800
H        1.01545200      2.03454700      0.34010600
Br       2.01711200     -0.19871800     -0.05377900
Br      -1.59232700     -0.80173000      0.03385400
End of molecular structure ------------------------
ERI Type: ri_v
SCF convergency thresholds: 1e-8 for density matrix
                            1e-8 Ha. for sum of eigenvalues
                            1e-8 Ha. for total energy
Max. SCF cycle number:      250
It is a finite cluster calculation
The specified checkfile exists but is not loaded because the keyword 'external_init_guess' is specified
It will be updated after the SCF procedure 
(none)
=========================================================
the scf functional for 'xygjos' contains
The density functional 'B3LYP' belongs to the 'Hybrid GGA' family and is defined in the reference(s):
(0): P. J. Stephens, F. J. Devlin, C. F. Chabalowski, and M. J. Frisch.,  J. Phys. Chem. 98, 11623 (1994)
the post-scf functional 'xygjos' is employed, which contains
The density functional 'Slater exchange' belongs to the 'LDA' family and is defined in the reference(s):
(0): P. A. M. Dirac.,  Math. Proc. Cambridge Philos. Soc. 26, 376 (1930)
(1): F. Bloch.,  Z. Phys. 57, 545 (1929)
The density functional 'Becke 88' belongs to the 'GGA' family and is defined in the reference(s):
(0): A. D. Becke.,  Phys. Rev. A 38, 3098 (1988)
The density functional 'Vosko, Wilk & Nusair (VWN5_RPA)' belongs to the 'LDA' family and is defined in the reference(s):
(0): S. H. Vosko, L. Wilk, and M. Nusair.,  Can. J. Phys. 58, 1200 (1980)
The density functional 'Lee, Yang & Parr' belongs to the 'GGA' family and is defined in the reference(s):
(0): C. Lee, W. Yang, and R. G. Parr.,  Phys. Rev. B 37, 785 (1988)
(1): B. Miehlich, A. Savin, H. Stoll, and H. Preuss.,  Chem. Phys. Lett. 157, 200 (1989)
<start_mo> for the frozen-core post-SCF methods 0 is smaller than the number of ecp orbitals 10. Set <start_mo> = 0
Libxc version used in REST: 7.0.0
nbas: 101, natm: 11 for standard basis sets
First valence state for the frozen-core algorithm:     0
final nbas: 332,final natm: 22
numbasis: 273, num_auxbas: 865
Molecule_name: c-cbrcbr
Restricted Hartree-Fock (or Kohn-Sham) algorithm is invoked.
Nuc_energy:     389.36698956 Hartree
No ghost effective potential
No ghost point charges
Overlap matrix is nonsigular:
  Lowest eigenvalue:       0.00024625 with the total number of basis functions:    273
Grid size: 143658

=======================
Generating SAD for atom: C
=======================
SAD generation for C complete.

=======================
Generating SAD for atom: H
=======================
SAD generation for H complete.

=======================
Generating SAD for atom: Br
=======================
SAD generation for Br complete.
Initial guess energy using single atom density (SAD):    -932.9712858953196246
The total energy:      -932.2713016817 Ha by the initial guess
Energy:    -931.9474779922 Ha after    1 iterations (in       0.50 seconds).
SCF Change: DM 1.40494e-2; eev  3.43441e0 Ha; etot  1.24439e0 Ha
Energy:    -930.7030901835 Ha after    2 iterations (in       0.50 seconds).
SCF Change: DM 2.04334e-3; eev 3.87716e-1 Ha; etot -1.85253e0 Ha
Energy:    -932.5556229374 Ha after    3 iterations (in       0.53 seconds).
SCF Change: DM 4.57974e-4; eev 1.34529e-1 Ha; etot -2.47101e-2 Ha
Energy:    -932.5803330796 Ha after    4 iterations (in       0.51 seconds).
SCF Change: DM 1.76355e-4; eev 2.72755e-2 Ha; etot -5.34483e-3 Ha
Energy:    -932.5856779071 Ha after    5 iterations (in       0.53 seconds).
SCF Change: DM 3.09401e-5; eev 9.95281e-3 Ha; etot -1.45796e-4 Ha
Energy:    -932.5858237029 Ha after    6 iterations (in       0.48 seconds).
SCF Change: DM 8.64359e-6; eev 3.55308e-3 Ha; etot -4.84919e-6 Ha
Energy:    -932.5858285521 Ha after    7 iterations (in       0.50 seconds).
SCF Change: DM 2.36426e-6; eev 7.78899e-4 Ha; etot -5.47713e-7 Ha
Energy:    -932.5858290998 Ha after    8 iterations (in       0.51 seconds).
SCF Change: DM 6.82064e-7; eev 1.37466e-4 Ha; etot -1.55194e-8 Ha
Energy:    -932.5858291153 Ha after    9 iterations (in       0.53 seconds).
SCF Change: DM 1.27688e-7; eev 2.55470e-5 Ha; etot -2.06569e-9 Ha
Energy:    -932.5858291174 Ha after   10 iterations (in       0.49 seconds).
SCF Change: DM 7.60784e-8; eev 1.79591e-5 Ha; etot -9.31095e-11 Ha
Energy:    -932.5858291174 Ha after   11 iterations (in       0.48 seconds).
SCF Change: DM 4.20729e-8; eev 1.02881e-5 Ha; etot -1.60298e-11 Ha
Energy:    -932.5858291175 Ha after   12 iterations (in       0.49 seconds).
SCF Change: DM 4.21172e-9; eev 9.52489e-7 Ha; etot -1.52340e-11 Ha
Energy:    -932.5858291175 Ha after   13 iterations (in       0.48 seconds).
SCF Change: DM 1.21963e-9; eev 4.10279e-7 Ha; etot 7.95808e-12 Ha
Energy:    -932.5858291175 Ha after   14 iterations (in       0.48 seconds).
SCF Change: DM 2.78366e-10; eev 5.66891e-8 Ha; etot -2.25100e-11 Ha
Energy:    -932.5858291175 Ha after   15 iterations (in       0.48 seconds).
SCF Change: DM 1.13901e-10; eev 4.06124e-8 Ha; etot 4.66116e-12 Ha
Energy:    -932.5858291175 Ha after   16 iterations (in       0.49 seconds).
SCF Change: DM 2.08748e-11; eev 8.14978e-9 Ha; etot 1.08002e-11 Ha
Energy:    -932.5858291175 Ha after   17 iterations (in       0.48 seconds).
SCF is converged after   17 iterations.
==========================================
Now evaluate the    PT2 correlation energy
==========================================
----------------------------------------------------------------------
Methods         :       Total Corr,          OS Corr,          SS Corr
----------------------------------------------------------------------
PT2             :      -1.93336524,      -1.38244774,      -0.55091750
----------------------------------------------------------------------
Fifth-rung correlation energy :      -0.603300192004 Ha
E[XYGJOS]=:    -929.99136403 Ha, Ex[HF]:     -72.12882221 Ha, Ec[PT2  ]:      -1.93336524 Ha
Mulliken population analysis:
  0-C  :  -0.203410
  1-H  :   0.068722
  2-H  :   0.098405
  3-H  :   0.113001
  4-C  :  -0.686093
  5-H  :   0.149683
  6-C  :  -0.840365
  7-H  :   0.161128
  8-H  :   0.145086
  9-Br :   0.517766
 10-Br :   0.476077

====================================================
              REST: Mission accomplished
====================================================
The SCF energy        :    -932.5858291175 Ha
The (R)-xDH energy    :    -929.9913640327 Ha
Detailed time report:
Overall   |:   15.565 s for the whole job
SCF       |:   14.545 s for the scf procedure
PT2       |:    1.017 s for the PT2 evaluation
