=========================================================
      Input parameters for the REST calculation
=========================================================
Calculation type: Single-point energy
The exchange-correlation method: xygjos
Print level:                1
The number of threads used for parallelism:      8
The spheric-GTO basis set is taken from /home/symei/TZVPP-10-o-all
The spheric-GTO auxiliary basis set is taken from /home/symei/def2-SV(P)-JKFIT
Charge:   0; Spin:   1
Spin polarization: Off
Input molecular structure (in Angstrom): ----------
C       -0.00000000     -0.00000400     -0.00000500
Br       0.00579400      1.79880600      0.76886500
Br      -1.59789300     -0.23190000     -1.10448200
Br       1.59667200     -0.24239800     -1.10399300
Br      -0.00457300     -1.32450800      1.43961000
End of molecular structure ------------------------
ERI Type: ri_v
SCF convergency thresholds: 1e-8 for density matrix
                            1e-8 Ha. for sum of eigenvalues
                            1e-8 Ha. for total energy
Max. SCF cycle number:      250
It is a finite cluster calculation
The specified checkfile exists but is not loaded because the keyword 'external_init_guess' is specified
It will be updated after the SCF procedure 
(none)
=========================================================
the scf functional for 'xygjos' contains
The density functional 'B3LYP' belongs to the 'Hybrid GGA' family and is defined in the reference(s):
(0): P. J. Stephens, F. J. Devlin, C. F. Chabalowski, and M. J. Frisch.,  J. Phys. Chem. 98, 11623 (1994)
the post-scf functional 'xygjos' is employed, which contains
The density functional 'Slater exchange' belongs to the 'LDA' family and is defined in the reference(s):
(0): P. A. M. Dirac.,  Math. Proc. Cambridge Philos. Soc. 26, 376 (1930)
(1): F. Bloch.,  Z. Phys. 57, 545 (1929)
The density functional 'Becke 88' belongs to the 'GGA' family and is defined in the reference(s):
(0): A. D. Becke.,  Phys. Rev. A 38, 3098 (1988)
The density functional 'Vosko, Wilk & Nusair (VWN5_RPA)' belongs to the 'LDA' family and is defined in the reference(s):
(0): S. H. Vosko, L. Wilk, and M. Nusair.,  Can. J. Phys. 58, 1200 (1980)
The density functional 'Lee, Yang & Parr' belongs to the 'GGA' family and is defined in the reference(s):
(0): C. Lee, W. Yang, and R. G. Parr.,  Phys. Rev. B 37, 785 (1988)
(1): B. Miehlich, A. Savin, H. Stoll, and H. Preuss.,  Chem. Phys. Lett. 157, 200 (1989)
<start_mo> for the frozen-core post-SCF methods 0 is smaller than the number of ecp orbitals 20. Set <start_mo> = 0
Libxc version used in REST: 7.0.0
nbas: 75, natm: 5 for standard basis sets
First valence state for the frozen-core algorithm:     0
final nbas: 340,final natm: 10
numbasis: 223, num_auxbas: 1139
Molecule_name: cbr4
Restricted Hartree-Fock (or Kohn-Sham) algorithm is invoked.
Nuc_energy:     783.49520379 Hartree
No ghost effective potential
No ghost point charges
Overlap matrix is nonsigular:
  Lowest eigenvalue:       0.00320099 with the total number of basis functions:    223
Grid size: 97518

=======================
Generating SAD for atom: C
=======================
SAD generation for C complete.

=======================
Generating SAD for atom: Br
=======================
SAD generation for Br complete.
Initial guess energy using single atom density (SAD):   -1667.2568212596224839
The total energy:     -1667.1996049799 Ha by the initial guess
Energy:   -1667.2176617719 Ha after    1 iterations (in       0.35 seconds).
SCF Change: DM 1.09867e-3; eev 3.54493e-1 Ha; etot -5.21183e-3 Ha
Energy:   -1667.2228735995 Ha after    2 iterations (in       0.34 seconds).
SCF Change: DM 2.00008e-4; eev 4.07839e-2 Ha; etot -6.19696e-3 Ha
Energy:   -1667.2290705632 Ha after    3 iterations (in       0.40 seconds).
SCF Change: DM 6.92954e-5; eev 1.39777e-2 Ha; etot -1.71447e-4 Ha
Energy:   -1667.2292420099 Ha after    4 iterations (in       0.37 seconds).
SCF Change: DM 1.57365e-5; eev 3.62095e-3 Ha; etot -4.72851e-5 Ha
Energy:   -1667.2292892950 Ha after    5 iterations (in       0.38 seconds).
SCF Change: DM 2.76361e-6; eev 8.37577e-4 Ha; etot -2.90822e-7 Ha
Energy:   -1667.2292895858 Ha after    6 iterations (in       0.39 seconds).
SCF Change: DM 4.23262e-7; eev 4.68356e-5 Ha; etot -2.46323e-8 Ha
Energy:   -1667.2292896105 Ha after    7 iterations (in       0.37 seconds).
SCF Change: DM 2.03525e-7; eev 3.93761e-5 Ha; etot -4.73392e-10 Ha
Energy:   -1667.2292896109 Ha after    8 iterations (in       0.39 seconds).
SCF Change: DM 2.61360e-8; eev 5.40843e-6 Ha; etot -8.82210e-11 Ha
Energy:   -1667.2292896110 Ha after    9 iterations (in       0.38 seconds).
SCF Change: DM 3.08672e-9; eev 3.07862e-7 Ha; etot -2.11458e-11 Ha
Energy:   -1667.2292896110 Ha after   10 iterations (in       0.39 seconds).
SCF Change: DM 1.53211e-9; eev 2.62901e-7 Ha; etot -2.50111e-12 Ha
Energy:   -1667.2292896110 Ha after   11 iterations (in       0.36 seconds).
SCF Change: DM 3.44703e-10; eev 6.83422e-8 Ha; etot 5.91172e-12 Ha
Energy:   -1667.2292896110 Ha after   12 iterations (in       0.35 seconds).
SCF Change: DM 1.01772e-10; eev 1.38777e-8 Ha; etot -1.81899e-12 Ha
Energy:   -1667.2292896110 Ha after   13 iterations (in       0.32 seconds).
SCF Change: DM 2.09879e-11; eev 4.17804e-9 Ha; etot -4.86580e-11 Ha
Energy:   -1667.2292896111 Ha after   14 iterations (in       0.37 seconds).
SCF is converged after   14 iterations.
==========================================
Now evaluate the    PT2 correlation energy
==========================================
----------------------------------------------------------------------
Methods         :       Total Corr,          OS Corr,          SS Corr
----------------------------------------------------------------------
PT2             :      -2.55375039,      -1.73613105,      -0.81761934
----------------------------------------------------------------------
Fifth-rung correlation energy :      -0.757647589737 Ha
E[XYGJOS]=:   -1662.58423647 Ha, Ex[HF]:    -114.01811913 Ha, Ec[PT2  ]:      -2.55375039 Ha
Mulliken population analysis:
  0-C  :  -2.010071
  1-Br :   0.502511
  2-Br :   0.502515
  3-Br :   0.502515
  4-Br :   0.502530

====================================================
              REST: Mission accomplished
====================================================
The SCF energy        :   -1667.2292896111 Ha
The (R)-xDH energy    :   -1662.5842364671 Ha
Detailed time report:
PT2       |:    1.100 s for the PT2 evaluation
SCF       |:    9.880 s for the scf procedure
Overall   |:   10.981 s for the whole job
