=========================================================
      Input parameters for the REST calculation
=========================================================
Calculation type: Single-point energy
The exchange-correlation method: xygjos
Print level:                1
The number of threads used for parallelism:      8
The spheric-GTO basis set is taken from /home/symei/TZVPP-10-o-all
The spheric-GTO auxiliary basis set is taken from /home/symei/def2-SV(P)-JKFIT
Charge:   0; Spin:   1
Spin polarization: Off
Input molecular structure (in Angstrom): ----------
C        2.20091200      2.05710300     -0.00000000
H        1.93155800      2.64127800      0.88192900
H        1.93155800      2.64127800     -0.88192900
H        3.28477600      1.93823600     -0.00000000
C        1.50836700      0.69179300     -0.00000000
H        1.81503800      0.11698300     -0.87547500
H        1.81503800      0.11698300      0.87547500
C       -0.00000000      0.84205000     -0.00000000
H       -0.36406900      1.35404500     -0.88626200
H       -0.36406900      1.35404500      0.88626200
Br      -0.92301400     -0.90595800      0.00000000
End of molecular structure ------------------------
ERI Type: ri_v
SCF convergency thresholds: 1e-8 for density matrix
                            1e-8 Ha. for sum of eigenvalues
                            1e-8 Ha. for total energy
Max. SCF cycle number:      250
It is a finite cluster calculation
The specified checkfile exists but is not loaded because the keyword 'external_init_guess' is specified
It will be updated after the SCF procedure 
(none)
=========================================================
the scf functional for 'xygjos' contains
The density functional 'B3LYP' belongs to the 'Hybrid GGA' family and is defined in the reference(s):
(0): P. J. Stephens, F. J. Devlin, C. F. Chabalowski, and M. J. Frisch.,  J. Phys. Chem. 98, 11623 (1994)
the post-scf functional 'xygjos' is employed, which contains
The density functional 'Slater exchange' belongs to the 'LDA' family and is defined in the reference(s):
(0): P. A. M. Dirac.,  Math. Proc. Cambridge Philos. Soc. 26, 376 (1930)
(1): F. Bloch.,  Z. Phys. 57, 545 (1929)
The density functional 'Becke 88' belongs to the 'GGA' family and is defined in the reference(s):
(0): A. D. Becke.,  Phys. Rev. A 38, 3098 (1988)
The density functional 'Vosko, Wilk & Nusair (VWN5_RPA)' belongs to the 'LDA' family and is defined in the reference(s):
(0): S. H. Vosko, L. Wilk, and M. Nusair.,  Can. J. Phys. 58, 1200 (1980)
The density functional 'Lee, Yang & Parr' belongs to the 'GGA' family and is defined in the reference(s):
(0): C. Lee, W. Yang, and R. G. Parr.,  Phys. Rev. B 37, 785 (1988)
(1): B. Miehlich, A. Savin, H. Stoll, and H. Preuss.,  Chem. Phys. Lett. 157, 200 (1989)
<start_mo> for the frozen-core post-SCF methods 0 is smaller than the number of ecp orbitals 5. Set <start_mo> = 0
Libxc version used in REST: 7.0.0
nbas: 91, natm: 11 for standard basis sets
First valence state for the frozen-core algorithm:     0
final nbas: 268,final natm: 22
numbasis: 239, num_auxbas: 617
Molecule_name: cccbr1
Restricted Hartree-Fock (or Kohn-Sham) algorithm is invoked.
Nuc_energy:     189.58800727 Hartree
No ghost effective potential
No ghost point charges
Overlap matrix is nonsigular:
  Lowest eigenvalue:       0.00026850 with the total number of basis functions:    239
Grid size: 132778

=======================
Generating SAD for atom: C
=======================
SAD generation for C complete.

=======================
Generating SAD for atom: H
=======================
SAD generation for H complete.

=======================
Generating SAD for atom: Br
=======================
SAD generation for Br complete.
Initial guess energy using single atom density (SAD):    -526.2511049434247070
The total energy:      -525.5555870078 Ha by the initial guess
Energy:    -525.2443766909 Ha after    1 iterations (in       0.28 seconds).
SCF Change: DM 1.24670e-2; eev  3.30180e0 Ha; etot 6.87996e-1 Ha
Energy:    -524.5563810905 Ha after    2 iterations (in       0.29 seconds).
SCF Change: DM 2.05238e-3; eev 3.85605e-1 Ha; etot -1.32166e0 Ha
Energy:    -525.8780404171 Ha after    3 iterations (in       0.30 seconds).
SCF Change: DM 7.34568e-4; eev 1.31459e-1 Ha; etot -7.72645e-3 Ha
Energy:    -525.8857668674 Ha after    4 iterations (in       0.28 seconds).
SCF Change: DM 2.04373e-4; eev 2.73036e-2 Ha; etot -5.26839e-3 Ha
Energy:    -525.8910352582 Ha after    5 iterations (in       0.34 seconds).
SCF Change: DM 5.10839e-5; eev 1.27468e-2 Ha; etot -4.32233e-5 Ha
Energy:    -525.8910784815 Ha after    6 iterations (in       0.38 seconds).
SCF Change: DM 8.00297e-6; eev 3.51903e-3 Ha; etot -4.55623e-6 Ha
Energy:    -525.8910830377 Ha after    7 iterations (in       0.34 seconds).
SCF Change: DM 1.59302e-6; eev 4.77374e-4 Ha; etot -3.92014e-7 Ha
Energy:    -525.8910834297 Ha after    8 iterations (in       0.35 seconds).
SCF Change: DM 3.92797e-7; eev 5.78653e-5 Ha; etot -7.11520e-9 Ha
Energy:    -525.8910834369 Ha after    9 iterations (in       0.35 seconds).
SCF Change: DM 8.63624e-8; eev 1.29607e-5 Ha; etot -4.96811e-10 Ha
Energy:    -525.8910834374 Ha after   10 iterations (in       0.32 seconds).
SCF Change: DM 1.48751e-8; eev 4.60976e-6 Ha; etot -3.03544e-11 Ha
Energy:    -525.8910834374 Ha after   11 iterations (in       0.31 seconds).
SCF Change: DM 8.04867e-9; eev 2.05062e-6 Ha; etot -9.09495e-13 Ha
Energy:    -525.8910834374 Ha after   12 iterations (in       0.31 seconds).
SCF Change: DM 1.27754e-9; eev 2.65731e-7 Ha; etot 4.43379e-12 Ha
Energy:    -525.8910834374 Ha after   13 iterations (in       0.30 seconds).
SCF Change: DM 3.89418e-10; eev 9.83900e-8 Ha; etot -8.29914e-12 Ha
Energy:    -525.8910834374 Ha after   14 iterations (in       0.30 seconds).
SCF Change: DM 9.95883e-11; eev 2.01017e-8 Ha; etot 6.82121e-13 Ha
Energy:    -525.8910834374 Ha after   15 iterations (in       0.31 seconds).
SCF Change: DM 3.41423e-11; eev 3.48045e-9 Ha; etot -2.38742e-12 Ha
Energy:    -525.8910834374 Ha after   16 iterations (in       0.30 seconds).
SCF is converged after   16 iterations.
==========================================
Now evaluate the    PT2 correlation energy
==========================================
----------------------------------------------------------------------
Methods         :       Total Corr,          OS Corr,          SS Corr
----------------------------------------------------------------------
PT2             :      -1.37350438,      -1.01354964,      -0.35995473
----------------------------------------------------------------------
Fifth-rung correlation energy :      -0.442313063551 Ha
E[XYGJOS]=:    -524.42387189 Ha, Ex[HF]:     -45.26568699 Ha, Ec[PT2  ]:      -1.37350438 Ha
Mulliken population analysis:
  0-C  :  -0.232296
  1-H  :   0.077076
  2-H  :   0.077076
  3-H  :   0.094246
  4-C  :  -0.094820
  5-H  :   0.077200
  6-H  :   0.077200
  7-C  :  -0.847961
  8-H  :   0.145099
  9-H  :   0.145099
 10-Br :   0.482081

====================================================
              REST: Mission accomplished
====================================================
The SCF energy        :    -525.8910834374 Ha
The (R)-xDH energy    :    -524.4238718898 Ha
Detailed time report:
SCF       |:    9.272 s for the scf procedure
Overall   |:    9.845 s for the whole job
PT2       |:    0.571 s for the PT2 evaluation
