=========================================================
      Input parameters for the REST calculation
=========================================================
Calculation type: Single-point energy
The exchange-correlation method: xygjos
Print level:                1
The number of threads used for parallelism:      8
The spheric-GTO basis set is taken from /home/symei/TZVPP-10-o-all
The spheric-GTO auxiliary basis set is taken from /home/symei/def2-SV(P)-JKFIT
Charge:   0; Spin:   1
Spin polarization: Off
Input molecular structure (in Angstrom): ----------
C       -0.00000000      0.00000000      0.51920700
H       -0.00000000      0.00000000      1.59804200
Br       0.00000000      1.86116900     -0.04488800
Br      -1.61182000     -0.93058500     -0.04488800
Br       1.61182000     -0.93058500     -0.04488800
End of molecular structure ------------------------
ERI Type: ri_v
SCF convergency thresholds: 1e-8 for density matrix
                            1e-8 Ha. for sum of eigenvalues
                            1e-8 Ha. for total energy
Max. SCF cycle number:      250
It is a finite cluster calculation
The specified checkfile exists but is not loaded because the keyword 'external_init_guess' is specified
It will be updated after the SCF procedure 
(none)
=========================================================
the scf functional for 'xygjos' contains
The density functional 'B3LYP' belongs to the 'Hybrid GGA' family and is defined in the reference(s):
(0): P. J. Stephens, F. J. Devlin, C. F. Chabalowski, and M. J. Frisch.,  J. Phys. Chem. 98, 11623 (1994)
the post-scf functional 'xygjos' is employed, which contains
The density functional 'Slater exchange' belongs to the 'LDA' family and is defined in the reference(s):
(0): P. A. M. Dirac.,  Math. Proc. Cambridge Philos. Soc. 26, 376 (1930)
(1): F. Bloch.,  Z. Phys. 57, 545 (1929)
The density functional 'Becke 88' belongs to the 'GGA' family and is defined in the reference(s):
(0): A. D. Becke.,  Phys. Rev. A 38, 3098 (1988)
The density functional 'Vosko, Wilk & Nusair (VWN5_RPA)' belongs to the 'LDA' family and is defined in the reference(s):
(0): S. H. Vosko, L. Wilk, and M. Nusair.,  Can. J. Phys. 58, 1200 (1980)
The density functional 'Lee, Yang & Parr' belongs to the 'GGA' family and is defined in the reference(s):
(0): C. Lee, W. Yang, and R. G. Parr.,  Phys. Rev. B 37, 785 (1988)
(1): B. Miehlich, A. Savin, H. Stoll, and H. Preuss.,  Chem. Phys. Lett. 157, 200 (1989)
<start_mo> for the frozen-core post-SCF methods 0 is smaller than the number of ecp orbitals 15. Set <start_mo> = 0
Libxc version used in REST: 7.0.0
nbas: 65, natm: 5 for standard basis sets
First valence state for the frozen-core algorithm:     0
final nbas: 276,final natm: 10
numbasis: 189, num_auxbas: 891
Molecule_name: chbr3
Restricted Hartree-Fock (or Kohn-Sham) algorithm is invoked.
Nuc_energy:     449.16660610 Hartree
No ghost effective potential
No ghost point charges
Overlap matrix is nonsigular:
  Lowest eigenvalue:       0.00057163 with the total number of basis functions:    189
Grid size: 86638

=======================
Generating SAD for atom: C
=======================
SAD generation for C complete.

=======================
Generating SAD for atom: H
=======================
SAD generation for H complete.

=======================
Generating SAD for atom: Br
=======================
SAD generation for Br complete.
Initial guess energy using single atom density (SAD):   -1260.5728814207209325
The total energy:     -1260.5313296790 Ha by the initial guess
Energy:   -1260.5225809713 Ha after    1 iterations (in       0.23 seconds).
SCF Change: DM 5.43101e-3; eev 7.79360e-1 Ha; etot 1.25366e-1 Ha
Energy:   -1260.3972154370 Ha after    2 iterations (in       0.22 seconds).
SCF Change: DM 5.87719e-4; eev 1.27818e-1 Ha; etot -1.72290e-1 Ha
Energy:   -1260.5695051093 Ha after    3 iterations (in       0.21 seconds).
SCF Change: DM 8.75631e-5; eev 3.79229e-2 Ha; etot -1.59182e-3 Ha
Energy:   -1260.5710969316 Ha after    4 iterations (in       0.20 seconds).
SCF Change: DM 2.43524e-5; eev 1.16868e-2 Ha; etot -3.23328e-5 Ha
Energy:   -1260.5711292644 Ha after    5 iterations (in       0.20 seconds).
SCF Change: DM 7.76297e-6; eev 1.81841e-3 Ha; etot -5.67507e-6 Ha
Energy:   -1260.5711349395 Ha after    6 iterations (in       0.21 seconds).
SCF Change: DM 1.33852e-6; eev 2.40609e-4 Ha; etot -8.64077e-8 Ha
Energy:   -1260.5711350259 Ha after    7 iterations (in       0.22 seconds).
SCF Change: DM 3.15491e-7; eev 4.30295e-5 Ha; etot -7.03358e-9 Ha
Energy:   -1260.5711350330 Ha after    8 iterations (in       0.23 seconds).
SCF Change: DM 1.41260e-7; eev 2.93605e-5 Ha; etot -5.44105e-10 Ha
Energy:   -1260.5711350335 Ha after    9 iterations (in       0.23 seconds).
SCF Change: DM 1.45450e-8; eev 1.54447e-6 Ha; etot -1.15961e-11 Ha
Energy:   -1260.5711350335 Ha after   10 iterations (in       0.23 seconds).
SCF Change: DM 4.20837e-9; eev 3.18684e-7 Ha; etot 1.36424e-11 Ha
Energy:   -1260.5711350335 Ha after   11 iterations (in       0.21 seconds).
SCF Change: DM 7.85826e-10; eev 1.29577e-7 Ha; etot -2.22826e-11 Ha
Energy:   -1260.5711350335 Ha after   12 iterations (in       0.23 seconds).
SCF Change: DM 1.27622e-10; eev 1.02507e-8 Ha; etot 8.64020e-12 Ha
Energy:   -1260.5711350335 Ha after   13 iterations (in       0.25 seconds).
SCF Change: DM 4.68195e-11; eev 1.74612e-9 Ha; etot -2.27374e-12 Ha
Energy:   -1260.5711350335 Ha after   14 iterations (in       0.22 seconds).
SCF is converged after   14 iterations.
==========================================
Now evaluate the    PT2 correlation energy
==========================================
----------------------------------------------------------------------
Methods         :       Total Corr,          OS Corr,          SS Corr
----------------------------------------------------------------------
PT2             :      -1.96910386,      -1.34833069,      -0.62077317
----------------------------------------------------------------------
Fifth-rung correlation energy :      -0.588411512944 Ha
E[XYGJOS]=:   -1257.05872258 Ha, Ex[HF]:     -87.16429528 Ha, Ec[PT2  ]:      -1.96910386 Ha
Mulliken population analysis:
  0-C  :  -1.796678
  1-H  :   0.262563
  2-Br :   0.511371
  3-Br :   0.511372
  4-Br :   0.511372

====================================================
              REST: Mission accomplished
====================================================
The SCF energy        :   -1260.5711350335 Ha
The (R)-xDH energy    :   -1257.0587225761 Ha
Detailed time report:
Overall   |:    6.723 s for the whole job
SCF       |:    6.176 s for the scf procedure
PT2       |:    0.545 s for the PT2 evaluation
