=========================================================
      Input parameters for the REST calculation
=========================================================
Calculation type: Single-point energy
The exchange-correlation method: xygjos
Print level:                1
The number of threads used for parallelism:      8
The spheric-GTO basis set is taken from /home/symei/TZVPP-10-o-all
The spheric-GTO auxiliary basis set is taken from /home/symei/def2-SV(P)-JKFIT
Charge:   0; Spin:   1
Spin polarization: Off
Input molecular structure (in Angstrom): ----------
Br       0.00000000      0.00000000      0.03956000
H        0.00000000      0.00000000     -1.38460900
End of molecular structure ------------------------
ERI Type: ri_v
SCF convergency thresholds: 1e-8 for density matrix
                            1e-8 Ha. for sum of eigenvalues
                            1e-8 Ha. for total energy
Max. SCF cycle number:      250
It is a finite cluster calculation
The specified checkfile exists but is not loaded because the keyword 'external_init_guess' is specified
It will be updated after the SCF procedure 
(none)
=========================================================
the scf functional for 'xygjos' contains
The density functional 'B3LYP' belongs to the 'Hybrid GGA' family and is defined in the reference(s):
(0): P. J. Stephens, F. J. Devlin, C. F. Chabalowski, and M. J. Frisch.,  J. Phys. Chem. 98, 11623 (1994)
the post-scf functional 'xygjos' is employed, which contains
The density functional 'Slater exchange' belongs to the 'LDA' family and is defined in the reference(s):
(0): P. A. M. Dirac.,  Math. Proc. Cambridge Philos. Soc. 26, 376 (1930)
(1): F. Bloch.,  Z. Phys. 57, 545 (1929)
The density functional 'Becke 88' belongs to the 'GGA' family and is defined in the reference(s):
(0): A. D. Becke.,  Phys. Rev. A 38, 3098 (1988)
The density functional 'Vosko, Wilk & Nusair (VWN5_RPA)' belongs to the 'LDA' family and is defined in the reference(s):
(0): S. H. Vosko, L. Wilk, and M. Nusair.,  Can. J. Phys. 58, 1200 (1980)
The density functional 'Lee, Yang & Parr' belongs to the 'GGA' family and is defined in the reference(s):
(0): C. Lee, W. Yang, and R. G. Parr.,  Phys. Rev. B 37, 785 (1988)
(1): B. Miehlich, A. Savin, H. Stoll, and H. Preuss.,  Chem. Phys. Lett. 157, 200 (1989)
<start_mo> for the frozen-core post-SCF methods 0 is smaller than the number of ecp orbitals 5. Set <start_mo> = 0
Libxc version used in REST: 7.0.0
nbas: 22, natm: 2 for standard basis sets
First valence state for the frozen-core algorithm:     0
final nbas: 88,final natm: 4
numbasis: 62, num_auxbas: 284
Molecule_name: hbr
Restricted Hartree-Fock (or Kohn-Sham) algorithm is invoked.
Nuc_energy:       9.28922776 Hartree
No ghost effective potential
No ghost point charges
Overlap matrix is nonsigular:
  Lowest eigenvalue:       0.00486027 with the total number of basis functions:     62
Grid size: 30928

=======================
Generating SAD for atom: Br
=======================
SAD generation for Br complete.

=======================
Generating SAD for atom: H
=======================
SAD generation for H complete.
Initial guess energy using single atom density (SAD):    -407.7359078910864696
The total energy:      -407.8818093113 Ha by the initial guess
Energy:    -407.8842675293 Ha after    1 iterations (in       0.03 seconds).
SCF Change: DM 4.35343e-3; eev 4.36913e-1 Ha; etot -5.71099e-4 Ha
Energy:    -407.8848386280 Ha after    2 iterations (in       0.03 seconds).
SCF Change: DM 2.81731e-4; eev 2.84923e-2 Ha; etot -8.70983e-3 Ha
Energy:    -407.8935484590 Ha after    3 iterations (in       0.03 seconds).
SCF Change: DM 2.91047e-5; eev 2.68649e-3 Ha; etot -4.98255e-5 Ha
Energy:    -407.8935982845 Ha after    4 iterations (in       0.03 seconds).
SCF Change: DM 8.61513e-6; eev 7.36764e-4 Ha; etot -1.62652e-7 Ha
Energy:    -407.8935984471 Ha after    5 iterations (in       0.03 seconds).
SCF Change: DM 6.33250e-7; eev 5.99517e-5 Ha; etot -2.42622e-8 Ha
Energy:    -407.8935984714 Ha after    6 iterations (in       0.03 seconds).
SCF Change: DM 4.99077e-8; eev 5.87828e-6 Ha; etot -2.28795e-10 Ha
Energy:    -407.8935984716 Ha after    7 iterations (in       0.02 seconds).
SCF Change: DM 1.06886e-8; eev 1.07985e-6 Ha; etot -3.97904e-13 Ha
Energy:    -407.8935984716 Ha after    8 iterations (in       0.03 seconds).
SCF Change: DM 9.70318e-10; eev 3.01082e-8 Ha; etot 1.19371e-12 Ha
Energy:    -407.8935984716 Ha after    9 iterations (in       0.03 seconds).
SCF Change: DM 3.54494e-10; eev 2.30374e-8 Ha; etot 5.68434e-14 Ha
Energy:    -407.8935984716 Ha after   10 iterations (in       0.03 seconds).
SCF Change: DM 3.05562e-11; eev 1.68637e-9 Ha; etot -5.11591e-13 Ha
Energy:    -407.8935984716 Ha after   11 iterations (in       0.03 seconds).
SCF is converged after   11 iterations.
==========================================
Now evaluate the    PT2 correlation energy
==========================================
----------------------------------------------------------------------
Methods         :       Total Corr,          OS Corr,          SS Corr
----------------------------------------------------------------------
PT2             :      -0.57501300,      -0.39374891,      -0.18126409
----------------------------------------------------------------------
Fifth-rung correlation energy :      -0.171832024051 Ha
E[XYGJOS]=:    -406.75592710 Ha, Ex[HF]:     -27.54041584 Ha, Ec[PT2  ]:      -0.57501300 Ha
Mulliken population analysis:
  0-Br :   0.336151
  1-H  :  -0.336151

====================================================
              REST: Mission accomplished
====================================================
The SCF energy        :    -407.8935984716 Ha
The (R)-xDH energy    :    -406.7559270970 Ha
Detailed time report:
Overall   |:    1.232 s for the whole job
PT2       |:    0.055 s for the PT2 evaluation
SCF       |:    1.177 s for the scf procedure
