=========================================================
      Input parameters for the REST calculation
=========================================================
Calculation type: Single-point energy
The exchange-correlation method: xygjos
Print level:                1
The number of threads used for parallelism:      8
The spheric-GTO basis set is taken from /home/symei/TZVPP-10-o-all
The spheric-GTO auxiliary basis set is taken from /home/symei/def2-SV(P)-JKFIT
Charge:   0; Spin:   1
Spin polarization: Off
Input molecular structure (in Angstrom): ----------
Na       0.00000000      0.00000000     -1.91269200
Br       0.00000000      0.00000000      0.60113200
End of molecular structure ------------------------
ERI Type: ri_v
SCF convergency thresholds: 1e-8 for density matrix
                            1e-8 Ha. for sum of eigenvalues
                            1e-8 Ha. for total energy
Max. SCF cycle number:      250
It is a finite cluster calculation
The specified checkfile exists but is not loaded because the keyword 'external_init_guess' is specified
It will be updated after the SCF procedure 
(none)
=========================================================
the scf functional for 'xygjos' contains
The density functional 'B3LYP' belongs to the 'Hybrid GGA' family and is defined in the reference(s):
(0): P. J. Stephens, F. J. Devlin, C. F. Chabalowski, and M. J. Frisch.,  J. Phys. Chem. 98, 11623 (1994)
the post-scf functional 'xygjos' is employed, which contains
The density functional 'Slater exchange' belongs to the 'LDA' family and is defined in the reference(s):
(0): P. A. M. Dirac.,  Math. Proc. Cambridge Philos. Soc. 26, 376 (1930)
(1): F. Bloch.,  Z. Phys. 57, 545 (1929)
The density functional 'Becke 88' belongs to the 'GGA' family and is defined in the reference(s):
(0): A. D. Becke.,  Phys. Rev. A 38, 3098 (1988)
The density functional 'Vosko, Wilk & Nusair (VWN5_RPA)' belongs to the 'LDA' family and is defined in the reference(s):
(0): S. H. Vosko, L. Wilk, and M. Nusair.,  Can. J. Phys. 58, 1200 (1980)
The density functional 'Lee, Yang & Parr' belongs to the 'GGA' family and is defined in the reference(s):
(0): C. Lee, W. Yang, and R. G. Parr.,  Phys. Rev. B 37, 785 (1988)
(1): B. Miehlich, A. Savin, H. Stoll, and H. Preuss.,  Chem. Phys. Lett. 157, 200 (1989)
<start_mo> for the frozen-core post-SCF methods 0 is smaller than the number of ecp orbitals 5. Set <start_mo> = 0
Libxc version used in REST: 7.0.0
nbas: 28, natm: 2 for standard basis sets
First valence state for the frozen-core algorithm:     0
final nbas: 122,final natm: 4
numbasis: 80, num_auxbas: 378
Molecule_name: nabr
Restricted Hartree-Fock (or Kohn-Sham) algorithm is invoked.
Nuc_energy:      57.88938775 Hartree
No ghost effective potential
No ghost point charges
Overlap matrix is nonsigular:
  Lowest eigenvalue:       0.01111532 with the total number of basis functions:     80
Grid size: 37792

=======================
Generating SAD for atom: Na
=======================
SAD generation for Na complete.

=======================
Generating SAD for atom: Br
=======================
SAD generation for Br complete.
Initial guess energy using single atom density (SAD):    -569.0324837176964365
The total energy:      -569.3381969555 Ha by the initial guess
Energy:    -569.4189636457 Ha after    1 iterations (in       0.04 seconds).
SCF Change: DM 1.54289e-2; eev  2.08074e0 Ha; etot -3.72770e-2 Ha
Energy:    -569.4562406656 Ha after    2 iterations (in       0.05 seconds).
SCF Change: DM 1.86870e-3; eev 1.86201e-1 Ha; etot -2.19983e-1 Ha
Energy:    -569.6762240180 Ha after    3 iterations (in       0.05 seconds).
SCF Change: DM 3.76306e-4; eev 3.90615e-2 Ha; etot -2.12370e-3 Ha
Energy:    -569.6783477206 Ha after    4 iterations (in       0.04 seconds).
SCF Change: DM 1.02134e-4; eev 1.22559e-2 Ha; etot -3.30944e-5 Ha
Energy:    -569.6783808150 Ha after    5 iterations (in       0.06 seconds).
SCF Change: DM 2.95185e-5; eev 3.11561e-3 Ha; etot -2.44743e-6 Ha
Energy:    -569.6783832624 Ha after    6 iterations (in       0.05 seconds).
SCF Change: DM 5.32753e-6; eev 3.15829e-4 Ha; etot -5.14276e-7 Ha
Energy:    -569.6783837767 Ha after    7 iterations (in       0.05 seconds).
SCF Change: DM 9.22580e-7; eev 9.53990e-5 Ha; etot -5.86124e-9 Ha
Energy:    -569.6783837825 Ha after    8 iterations (in       0.05 seconds).
SCF Change: DM 1.89223e-7; eev 1.77074e-5 Ha; etot -6.45514e-10 Ha
Energy:    -569.6783837832 Ha after    9 iterations (in       0.06 seconds).
SCF Change: DM 2.88781e-8; eev 2.39166e-6 Ha; etot -1.44382e-11 Ha
Energy:    -569.6783837832 Ha after   10 iterations (in       0.06 seconds).
SCF Change: DM 1.81428e-9; eev 3.57629e-7 Ha; etot -1.36424e-12 Ha
Energy:    -569.6783837832 Ha after   11 iterations (in       0.05 seconds).
SCF Change: DM 3.42657e-10; eev 5.67824e-8 Ha; etot 5.68434e-13 Ha
Energy:    -569.6783837832 Ha after   12 iterations (in       0.05 seconds).
SCF Change: DM 2.68043e-11; eev 7.36497e-9 Ha; etot 3.41061e-13 Ha
Energy:    -569.6783837832 Ha after   13 iterations (in       0.05 seconds).
SCF is converged after   13 iterations.
==========================================
Now evaluate the    PT2 correlation energy
==========================================
----------------------------------------------------------------------
Methods         :       Total Corr,          OS Corr,          SS Corr
----------------------------------------------------------------------
PT2             :      -0.76832863,      -0.52747240,      -0.24085623
----------------------------------------------------------------------
Fifth-rung correlation energy :      -0.230188955793 Ha
E[XYGJOS]=:    -568.24006856 Ha, Ex[HF]:     -41.28007184 Ha, Ec[PT2  ]:      -0.76832863 Ha
Mulliken population analysis:
  0-Na :  -0.040553
  1-Br :   0.040553

====================================================
              REST: Mission accomplished
====================================================
The SCF energy        :    -569.6783837832 Ha
The (R)-xDH energy    :    -568.2400685551 Ha
Detailed time report:
PT2       |:    0.084 s for the PT2 evaluation
SCF       |:    1.610 s for the scf procedure
Overall   |:    1.695 s for the whole job
