=========================================================
      Input parameters for the REST calculation
=========================================================
Calculation type: Single-point energy
The exchange-correlation method: xygjos
Print level:                1
The number of threads used for parallelism:      8
The spheric-GTO basis set is taken from /home/symei/TZVPP-10-o-all
The spheric-GTO auxiliary basis set is taken from /home/symei/def2-SV(P)-JKFIT
Charge:   0; Spin:   1
Spin polarization: Off
Input molecular structure (in Angstrom): ----------
P        0.00000000      0.00000000      0.87352300
Br       0.00000000      2.01954900     -0.12478900
Br       1.74898100     -1.00977500     -0.12478900
Br      -1.74898100     -1.00977500     -0.12478900
End of molecular structure ------------------------
ERI Type: ri_v
SCF convergency thresholds: 1e-8 for density matrix
                            1e-8 Ha. for sum of eigenvalues
                            1e-8 Ha. for total energy
Max. SCF cycle number:      250
It is a finite cluster calculation
The specified checkfile exists but is not loaded because the keyword 'external_init_guess' is specified
It will be updated after the SCF procedure 
(none)
=========================================================
the scf functional for 'xygjos' contains
The density functional 'B3LYP' belongs to the 'Hybrid GGA' family and is defined in the reference(s):
(0): P. J. Stephens, F. J. Devlin, C. F. Chabalowski, and M. J. Frisch.,  J. Phys. Chem. 98, 11623 (1994)
the post-scf functional 'xygjos' is employed, which contains
The density functional 'Slater exchange' belongs to the 'LDA' family and is defined in the reference(s):
(0): P. A. M. Dirac.,  Math. Proc. Cambridge Philos. Soc. 26, 376 (1930)
(1): F. Bloch.,  Z. Phys. 57, 545 (1929)
The density functional 'Becke 88' belongs to the 'GGA' family and is defined in the reference(s):
(0): A. D. Becke.,  Phys. Rev. A 38, 3098 (1988)
The density functional 'Vosko, Wilk & Nusair (VWN5_RPA)' belongs to the 'LDA' family and is defined in the reference(s):
(0): S. H. Vosko, L. Wilk, and M. Nusair.,  Can. J. Phys. 58, 1200 (1980)
The density functional 'Lee, Yang & Parr' belongs to the 'GGA' family and is defined in the reference(s):
(0): C. Lee, W. Yang, and R. G. Parr.,  Phys. Rev. B 37, 785 (1988)
(1): B. Miehlich, A. Savin, H. Stoll, and H. Preuss.,  Chem. Phys. Lett. 157, 200 (1989)
<start_mo> for the frozen-core post-SCF methods 0 is smaller than the number of ecp orbitals 15. Set <start_mo> = 0
Libxc version used in REST: 7.0.0
nbas: 62, natm: 4 for standard basis sets
First valence state for the frozen-core algorithm:     0
final nbas: 280,final natm: 8
numbasis: 186, num_auxbas: 926
Molecule_name: pbr3
Restricted Hartree-Fock (or Kohn-Sham) algorithm is invoked.
Nuc_energy:     547.91013936 Hartree
No ghost effective potential
No ghost point charges
Overlap matrix is nonsigular:
  Lowest eigenvalue:       0.00424592 with the total number of basis functions:    186
Grid size: 81592

=======================
Generating SAD for atom: P
=======================
SAD generation for P complete.

=======================
Generating SAD for atom: Br
=======================
SAD generation for Br complete.
Initial guess energy using single atom density (SAD):   -1563.2277666391155435
The total energy:     -1563.2675202270 Ha by the initial guess
Energy:   -1563.2230788563 Ha after    1 iterations (in       0.31 seconds).
SCF Change: DM 6.42715e-3; eev  1.13651e0 Ha; etot 1.05940e-1 Ha
Energy:   -1563.1171387409 Ha after    2 iterations (in       0.27 seconds).
SCF Change: DM 3.91467e-4; eev 6.63055e-2 Ha; etot -1.89104e-1 Ha
Energy:   -1563.3062429717 Ha after    3 iterations (in       0.25 seconds).
SCF Change: DM 1.31499e-4; eev 1.89660e-2 Ha; etot -2.35164e-4 Ha
Energy:   -1563.3064781360 Ha after    4 iterations (in       0.24 seconds).
SCF Change: DM 2.28752e-5; eev 5.75231e-3 Ha; etot -1.17337e-4 Ha
Energy:   -1563.3065954727 Ha after    5 iterations (in       0.25 seconds).
SCF Change: DM 4.55159e-6; eev 1.04307e-3 Ha; etot -2.43237e-6 Ha
Energy:   -1563.3065979050 Ha after    6 iterations (in       0.25 seconds).
SCF Change: DM 2.00774e-6; eev 3.05477e-4 Ha; etot -4.71350e-8 Ha
Energy:   -1563.3065979522 Ha after    7 iterations (in       0.27 seconds).
SCF Change: DM 6.57240e-7; eev 9.08430e-5 Ha; etot -2.40234e-8 Ha
Energy:   -1563.3065979762 Ha after    8 iterations (in       0.27 seconds).
SCF Change: DM 1.02579e-7; eev 2.45534e-5 Ha; etot -1.83445e-9 Ha
Energy:   -1563.3065979780 Ha after    9 iterations (in       0.25 seconds).
SCF Change: DM 4.05419e-8; eev 1.19438e-5 Ha; etot -1.88720e-11 Ha
Energy:   -1563.3065979781 Ha after   10 iterations (in       0.25 seconds).
SCF Change: DM 6.46082e-9; eev 1.84337e-6 Ha; etot -2.29647e-11 Ha
Energy:   -1563.3065979781 Ha after   11 iterations (in       0.24 seconds).
SCF Change: DM 1.32993e-9; eev 1.15907e-7 Ha; etot 1.36424e-11 Ha
Energy:   -1563.3065979781 Ha after   12 iterations (in       0.24 seconds).
SCF Change: DM 2.10972e-10; eev 1.46128e-8 Ha; etot 2.45564e-11 Ha
Energy:   -1563.3065979780 Ha after   13 iterations (in       0.24 seconds).
SCF Change: DM 4.00901e-11; eev 2.42638e-9 Ha; etot -6.00267e-11 Ha
Energy:   -1563.3065979781 Ha after   14 iterations (in       0.26 seconds).
SCF is converged after   14 iterations.
==========================================
Now evaluate the    PT2 correlation energy
==========================================
----------------------------------------------------------------------
Methods         :       Total Corr,          OS Corr,          SS Corr
----------------------------------------------------------------------
PT2             :      -2.09100183,      -1.42524920,      -0.66575264
----------------------------------------------------------------------
Fifth-rung correlation energy :      -0.621978749517 Ha
E[XYGJOS]=:   -1559.47626767 Ha, Ex[HF]:    -104.30753933 Ha, Ec[PT2  ]:      -2.09100183 Ha
Mulliken population analysis:
  0-P  :  -1.005427
  1-Br :   0.335142
  2-Br :   0.335142
  3-Br :   0.335142

====================================================
              REST: Mission accomplished
====================================================
The SCF energy        :   -1563.3065979781 Ha
The (R)-xDH energy    :   -1559.4762676739 Ha
Detailed time report:
Overall   |:    7.880 s for the whole job
SCF       |:    7.220 s for the scf procedure
PT2       |:    0.658 s for the PT2 evaluation
