=========================================================
Input parameters for the REST calculation
=========================================================
Calculation type: Single-point energy
The exchange-correlation method: xygjos
Print level:                1
The number of threads used for parallelism:      8
The spheric-GTO basis set is taken from /home/symei/TZVPP-10-o-all
The pruning method is nwchem
The radial grid generation method is treutler
ERI Type: ri_v
Turn on the basis pair symmetry for RI 3D-tensors
The spheric-GTO auxiliary basis set is taken from /home/symei/def2-SV(P)-JKFIT
Spin polarization: On
Charge:   0; Spin:   2
min_num_angular_points: 110
max_num_angular_points: 590
hardness: 3
Grid generation level: 3
Even tempered basis generation: false
SCF convergency thresholds: 1e-8 for density matrix
                            1e-8 Ha. for sum of eigenvalues
                            1e-8 Ha. for total energy
Max. SCF cycle number:      250
The diis mixing with (param, max_vec_len) = (0.2, 8) is employed for the SCF procedure
Turn on the diis mixing after 1 step(s) of SCF iteractions with the linear mixing
The specified checkfile exists but is not loaded because the keyword 'external_init_guess' is specified
It will be updated after the SCF procedure 
(none)
Initial guess is prepared by (sad).
It is a finite cluster calculation
the scf functional for 'xygjos' contains
The density functional 'B3LYP' belongs to the 'Hybrid GGA' family and is defined in the reference(s):
(0): P. J. Stephens, F. J. Devlin, C. F. Chabalowski, and M. J. Frisch.,  J. Phys. Chem. 98, 11623 (1994)
the post-scf functional 'xygjos' is employed, which contains
The density functional 'Slater exchange' belongs to the 'LDA' family and is defined in the reference(s):
(0): P. A. M. Dirac.,  Math. Proc. Cambridge Philos. Soc. 26, 376 (1930)
(1): F. Bloch.,  Z. Phys. 57, 545 (1929)
The density functional 'Becke 88' belongs to the 'GGA' family and is defined in the reference(s):
(0): A. D. Becke.,  Phys. Rev. A 38, 3098 (1988)
The density functional 'Vosko, Wilk & Nusair (VWN5_RPA)' belongs to the 'LDA' family and is defined in the reference(s):
(0): S. H. Vosko, L. Wilk, and M. Nusair.,  Can. J. Phys. 58, 1200 (1980)
The density functional 'Lee, Yang & Parr' belongs to the 'GGA' family and is defined in the reference(s):
(0): C. Lee, W. Yang, and R. G. Parr.,  Phys. Rev. B 37, 785 (1988)
(1): B. Miehlich, A. Savin, H. Stoll, and H. Preuss.,  Chem. Phys. Lett. 157, 200 (1989)
<start_mo> for the frozen-core post-SCF methods 0 is smaller than the number of ecp orbitals 5. Set <start_mo> = 0
Libxc version used in REST: 7.0.0
nbas: 16, natm: 1 for standard basis sets
First valence state for the frozen-core algorithm:     0
final nbas: 76,final natm: 2
numbasis: 48, num_auxbas: 266
Molecule_name: br
Unrestricted Hartree-Fock (or Kohn-Sham) algorithm is invoked.
Nuc_energy:       0.00000000 Hartree
No ghost effective potential
No ghost point charges
Overlap matrix is nonsigular:
  Lowest eigenvalue:       0.02573177 with the total number of basis functions:     48
Grid size: 20904
Generate SAD of Br
Initial guess HF energy:    -426.7866223546380979
The total energy:      -426.9755429174 Ha by the initial guess
Energy:    -426.9776921494 Ha with <S^2> =  0.750 and <2S+1> =  2.000 after    1 iterations (in       0.03 seconds).
SCF Change: DM (2.34294e-3,1.21363e-3); eev 5.51545e-1 Ha; etot -8.87319e-4 Ha
Energy:    -426.9785794688 Ha with <S^2> =  0.750 and <2S+1> =  2.000 after    2 iterations (in       0.03 seconds).
SCF Change: DM (1.56861e-4,6.81187e-5); eev 2.63868e-2 Ha; etot -4.29334e-3 Ha
Energy:    -426.9828728131 Ha with <S^2> =  0.750 and <2S+1> =  2.000 after    3 iterations (in       0.03 seconds).
SCF Change: DM (5.41389e-6,7.66455e-6); eev 1.58123e-3 Ha; etot -9.29101e-6 Ha
Energy:    -426.9828821041 Ha with <S^2> =  0.750 and <2S+1> =  2.000 after    4 iterations (in       0.03 seconds).
SCF Change: DM (6.82710e-7,6.41373e-7); eev 5.18182e-5 Ha; etot -4.87703e-8 Ha
Energy:    -426.9828821529 Ha with <S^2> =  0.750 and <2S+1> =  2.000 after    5 iterations (in       0.03 seconds).
SCF Change: DM (1.52107e-7,8.81569e-8); eev 7.67045e-6 Ha; etot -3.69255e-10 Ha
Energy:    -426.9828821533 Ha with <S^2> =  0.750 and <2S+1> =  2.000 after    6 iterations (in       0.03 seconds).
SCF Change: DM (1.86820e-8,4.95615e-9); eev 1.50430e-6 Ha; etot -7.27596e-12 Ha
Energy:    -426.9828821533 Ha with <S^2> =  0.750 and <2S+1> =  2.000 after    7 iterations (in       0.03 seconds).
SCF Change: DM (4.77104e-10,6.33182e-10); eev 1.83197e-7 Ha; etot 1.13687e-13 Ha
Energy:    -426.9828821533 Ha with <S^2> =  0.750 and <2S+1> =  2.000 after    8 iterations (in       0.03 seconds).
SCF Change: DM (5.03810e-11,1.66241e-11); eev 7.27733e-9 Ha; etot 1.13687e-13 Ha
Energy:    -426.9828821533 Ha with <S^2> =  0.750 and <2S+1> =  2.000 after    9 iterations (in       0.03 seconds).
SCF is converged after    9 iterations.
==========================================
Now evaluate the    PT2 correlation energy
==========================================
----------------------------------------------------------------------
Methods         :       Total Corr,          OS Corr,          SS Corr
----------------------------------------------------------------------
PT2             :      -0.55586886,      -0.38440789,      -0.17146097
----------------------------------------------------------------------
Fifth-rung correlation energy :      -0.167755603864 Ha
E[XYGJOS]=:    -425.69642776 Ha, Ex[HF]:     -28.40744653 Ha, Ec[PT2  ]:      -0.55586886 Ha
Mulliken population analysis:
  0-Br :  -0.000000

====================================================
              REST: Mission accomplished
====================================================
The SCF energy        :    -426.9828821533 Ha
The (R)-xDH energy    :    -425.6964277608 Ha
Detailed time report:
PT2       |:    0.103 s for the PT2 evaluation
SCF       |:    0.704 s for the scf procedure
Overall   |:    1.267 s for the whole job
