=========================================================
Input parameters for the REST calculation
=========================================================
Calculation type: Single-point energy
The exchange-correlation method: xygjos
Print level:                1
The number of threads used for parallelism:      8
The spheric-GTO basis set is taken from /home/symei/TZVPP-10-o-all
The pruning method is nwchem
The radial grid generation method is treutler
ERI Type: ri_v
Turn on the basis pair symmetry for RI 3D-tensors
The spheric-GTO auxiliary basis set is taken from /home/symei/def2-SV(P)-JKFIT
Spin polarization: Off
Charge:   0; Spin:   1
min_num_angular_points: 110
max_num_angular_points: 590
hardness: 3
Grid generation level: 3
Even tempered basis generation: false
SCF convergency thresholds: 1e-8 for density matrix
                            1e-8 Ha. for sum of eigenvalues
                            1e-8 Ha. for total energy
Max. SCF cycle number:      250
The diis mixing with (param, max_vec_len) = (0.2, 8) is employed for the SCF procedure
Turn on the diis mixing after 1 step(s) of SCF iteractions with the linear mixing
The specified checkfile exists but is not loaded because the keyword 'external_init_guess' is specified
It will be updated after the SCF procedure 
(none)
Initial guess is prepared by (sad).
It is a finite cluster calculation
the scf functional for 'xygjos' contains
The density functional 'B3LYP' belongs to the 'Hybrid GGA' family and is defined in the reference(s):
(0): P. J. Stephens, F. J. Devlin, C. F. Chabalowski, and M. J. Frisch.,  J. Phys. Chem. 98, 11623 (1994)
the post-scf functional 'xygjos' is employed, which contains
The density functional 'Slater exchange' belongs to the 'LDA' family and is defined in the reference(s):
(0): P. A. M. Dirac.,  Math. Proc. Cambridge Philos. Soc. 26, 376 (1930)
(1): F. Bloch.,  Z. Phys. 57, 545 (1929)
The density functional 'Becke 88' belongs to the 'GGA' family and is defined in the reference(s):
(0): A. D. Becke.,  Phys. Rev. A 38, 3098 (1988)
The density functional 'Vosko, Wilk & Nusair (VWN5_RPA)' belongs to the 'LDA' family and is defined in the reference(s):
(0): S. H. Vosko, L. Wilk, and M. Nusair.,  Can. J. Phys. 58, 1200 (1980)
The density functional 'Lee, Yang & Parr' belongs to the 'GGA' family and is defined in the reference(s):
(0): C. Lee, W. Yang, and R. G. Parr.,  Phys. Rev. B 37, 785 (1988)
(1): B. Miehlich, A. Savin, H. Stoll, and H. Preuss.,  Chem. Phys. Lett. 157, 200 (1989)
<start_mo> for the frozen-core post-SCF methods 0 is smaller than the number of ecp orbitals 5. Set <start_mo> = 0
Libxc version used in REST: 7.0.0
nbas: 30, natm: 2 for standard basis sets
First valence state for the frozen-core algorithm:     0
final nbas: 128,final natm: 4
numbasis: 90, num_auxbas: 394
Molecule_name: brcl
Restricted Hartree-Fock (or Kohn-Sham) algorithm is invoked.
Nuc_energy:     103.86163079 Hartree
No ghost effective potential
No ghost point charges
Overlap matrix is nonsigular:
  Lowest eigenvalue:       0.00912335 with the total number of basis functions:     90
Grid size: 39784
Generate SAD of Br
Generate SAD of Cl
Initial guess HF energy:    -887.1529889840409169
The total energy:      -887.2242906657 Ha by the initial guess
Energy:    -887.2252885392 Ha after    1 iterations (in       0.06 seconds).
SCF Change: DM 4.81509e-3; eev 4.24803e-1 Ha; etot 7.46588e-3 Ha
Energy:    -887.2178226624 Ha after    2 iterations (in       0.07 seconds).
SCF Change: DM 1.01729e-3; eev 9.80716e-2 Ha; etot -2.00503e-2 Ha
Energy:    -887.2378730013 Ha after    3 iterations (in       0.06 seconds).
SCF Change: DM 1.07341e-4; eev 1.18278e-2 Ha; etot -6.79715e-4 Ha
Energy:    -887.2385527158 Ha after    4 iterations (in       0.06 seconds).
SCF Change: DM 2.41221e-5; eev 3.53328e-3 Ha; etot -5.82778e-6 Ha
Energy:    -887.2385585436 Ha after    5 iterations (in       0.06 seconds).
SCF Change: DM 6.29007e-6; eev 4.85327e-4 Ha; etot -6.57475e-7 Ha
Energy:    -887.2385592011 Ha after    6 iterations (in       0.07 seconds).
SCF Change: DM 8.95266e-7; eev 1.34529e-4 Ha; etot -2.18658e-8 Ha
Energy:    -887.2385592230 Ha after    7 iterations (in       0.05 seconds).
SCF Change: DM 1.22681e-7; eev 1.39580e-5 Ha; etot -1.33639e-9 Ha
Energy:    -887.2385592243 Ha after    8 iterations (in       0.06 seconds).
SCF Change: DM 3.46611e-8; eev 5.84770e-6 Ha; etot -2.03499e-11 Ha
Energy:    -887.2385592243 Ha after    9 iterations (in       0.05 seconds).
SCF Change: DM 7.46944e-9; eev 6.68713e-7 Ha; etot -4.09273e-12 Ha
Energy:    -887.2385592243 Ha after   10 iterations (in       0.05 seconds).
SCF Change: DM 1.50439e-9; eev 1.64802e-7 Ha; etot 2.16005e-12 Ha
Energy:    -887.2385592243 Ha after   11 iterations (in       0.06 seconds).
SCF Change: DM 5.10683e-10; eev 6.36148e-8 Ha; etot -7.95808e-13 Ha
Energy:    -887.2385592243 Ha after   12 iterations (in       0.07 seconds).
SCF Change: DM 5.34732e-11; eev 4.64036e-9 Ha; etot 2.27374e-13 Ha
Energy:    -887.2385592243 Ha after   13 iterations (in       0.06 seconds).
SCF is converged after   13 iterations.
==========================================
Now evaluate the    PT2 correlation energy
==========================================
----------------------------------------------------------------------
Methods         :       Total Corr,          OS Corr,          SS Corr
----------------------------------------------------------------------
PT2             :      -1.05172114,      -0.73615456,      -0.31556659
----------------------------------------------------------------------
Fifth-rung correlation energy :      -0.321257848219 Ha
E[XYGJOS]=:    -885.47476531 Ha, Ex[HF]:     -55.93418843 Ha, Ec[PT2  ]:      -1.05172114 Ha
Mulliken population analysis:
  0-Br :   0.380217
  1-Cl :  -0.380217

====================================================
              REST: Mission accomplished
====================================================
The SCF energy        :    -887.2385592243 Ha
The (R)-xDH energy    :    -885.4747653107 Ha
Detailed time report:
Overall   |:    2.279 s for the whole job
PT2       |:    0.111 s for the PT2 evaluation
SCF       |:    1.725 s for the scf procedure
