=========================================================
Input parameters for the REST calculation
=========================================================
Calculation type: Single-point energy
The exchange-correlation method: xygjos
Print level:                1
The number of threads used for parallelism:      8
The spheric-GTO basis set is taken from /home/symei/TZVPP-10-o-all
The pruning method is nwchem
The radial grid generation method is treutler
ERI Type: ri_v
Turn on the basis pair symmetry for RI 3D-tensors
The spheric-GTO auxiliary basis set is taken from /home/symei/def2-SV(P)-JKFIT
Spin polarization: Off
Charge:   0; Spin:   1
min_num_angular_points: 110
max_num_angular_points: 590
hardness: 3
Grid generation level: 3
Even tempered basis generation: false
SCF convergency thresholds: 1e-8 for density matrix
                            1e-8 Ha. for sum of eigenvalues
                            1e-8 Ha. for total energy
Max. SCF cycle number:      250
The diis mixing with (param, max_vec_len) = (0.2, 8) is employed for the SCF procedure
Turn on the diis mixing after 1 step(s) of SCF iteractions with the linear mixing
The specified checkfile exists but is not loaded because the keyword 'external_init_guess' is specified
It will be updated after the SCF procedure 
(none)
Initial guess is prepared by (sad).
It is a finite cluster calculation
the scf functional for 'xygjos' contains
The density functional 'B3LYP' belongs to the 'Hybrid GGA' family and is defined in the reference(s):
(0): P. J. Stephens, F. J. Devlin, C. F. Chabalowski, and M. J. Frisch.,  J. Phys. Chem. 98, 11623 (1994)
the post-scf functional 'xygjos' is employed, which contains
The density functional 'Slater exchange' belongs to the 'LDA' family and is defined in the reference(s):
(0): P. A. M. Dirac.,  Math. Proc. Cambridge Philos. Soc. 26, 376 (1930)
(1): F. Bloch.,  Z. Phys. 57, 545 (1929)
The density functional 'Becke 88' belongs to the 'GGA' family and is defined in the reference(s):
(0): A. D. Becke.,  Phys. Rev. A 38, 3098 (1988)
The density functional 'Vosko, Wilk & Nusair (VWN5_RPA)' belongs to the 'LDA' family and is defined in the reference(s):
(0): S. H. Vosko, L. Wilk, and M. Nusair.,  Can. J. Phys. 58, 1200 (1980)
The density functional 'Lee, Yang & Parr' belongs to the 'GGA' family and is defined in the reference(s):
(0): C. Lee, W. Yang, and R. G. Parr.,  Phys. Rev. B 37, 785 (1988)
(1): B. Miehlich, A. Savin, H. Stoll, and H. Preuss.,  Chem. Phys. Lett. 157, 200 (1989)
<start_mo> for the frozen-core post-SCF methods 0 is smaller than the number of ecp orbitals 10. Set <start_mo> = 0
Libxc version used in REST: 7.0.0
nbas: 124, natm: 14 for standard basis sets
First valence state for the frozen-core algorithm:     0
final nbas: 392,final natm: 28
numbasis: 332, num_auxbas: 976
Molecule_name: c-cbrcbr-c
Restricted Hartree-Fock (or Kohn-Sham) algorithm is invoked.
Nuc_energy:     487.51053470 Hartree
No ghost effective potential
No ghost point charges
Overlap matrix is nonsigular:
  Lowest eigenvalue:       0.00016151 with the total number of basis functions:    332
Grid size: 177608
Generate SAD of C
Generate SAD of H
Generate SAD of Br
Initial guess HF energy:   -1011.9142240645053334
The total energy:     -1010.9574381897 Ha by the initial guess
Energy:   -1010.5150297904 Ha after    1 iterations (in       1.00 seconds).
SCF Change: DM 1.71409e-2; eev  4.17984e0 Ha; etot  1.69156e0 Ha
Energy:   -1008.8234719658 Ha after    2 iterations (in       0.98 seconds).
SCF Change: DM 2.99699e-3; eev 3.98001e-1 Ha; etot -2.48611e0 Ha
Energy:   -1011.3095857132 Ha after    3 iterations (in       1.00 seconds).
SCF Change: DM 6.09679e-4; eev 1.47062e-1 Ha; etot -6.27314e-2 Ha
Energy:   -1011.3723171023 Ha after    4 iterations (in       1.04 seconds).
SCF Change: DM 2.01466e-4; eev 3.32161e-2 Ha; etot -6.15982e-3 Ha
Energy:   -1011.3784769218 Ha after    5 iterations (in       1.04 seconds).
SCF Change: DM 3.21026e-5; eev 7.82801e-3 Ha; etot -3.26429e-4 Ha
Energy:   -1011.3788033509 Ha after    6 iterations (in       1.08 seconds).
SCF Change: DM 9.69809e-6; eev 2.39654e-3 Ha; etot -8.38912e-6 Ha
Energy:   -1011.3788117401 Ha after    7 iterations (in       1.05 seconds).
SCF Change: DM 2.32110e-6; eev 5.50842e-4 Ha; etot -8.86213e-7 Ha
Energy:   -1011.3788126263 Ha after    8 iterations (in       1.04 seconds).
SCF Change: DM 8.57248e-7; eev 1.25689e-4 Ha; etot -2.46600e-8 Ha
Energy:   -1011.3788126509 Ha after    9 iterations (in       1.05 seconds).
SCF Change: DM 2.51485e-7; eev 2.58413e-5 Ha; etot -1.58525e-9 Ha
Energy:   -1011.3788126525 Ha after   10 iterations (in       1.07 seconds).
SCF Change: DM 7.61542e-8; eev 1.80796e-5 Ha; etot -5.38421e-10 Ha
Energy:   -1011.3788126531 Ha after   11 iterations (in       1.04 seconds).
SCF Change: DM 3.34658e-8; eev 9.55473e-6 Ha; etot 7.61702e-12 Ha
Energy:   -1011.3788126531 Ha after   12 iterations (in       1.08 seconds).
SCF Change: DM 3.41993e-9; eev 1.36948e-6 Ha; etot 7.84439e-12 Ha
Energy:   -1011.3788126530 Ha after   13 iterations (in       1.04 seconds).
SCF Change: DM 1.00650e-9; eev 4.62273e-7 Ha; etot -4.47926e-11 Ha
Energy:   -1011.3788126531 Ha after   14 iterations (in       1.02 seconds).
SCF Change: DM 3.20158e-10; eev 5.98661e-8 Ha; etot 1.81899e-11 Ha
Energy:   -1011.3788126531 Ha after   15 iterations (in       1.01 seconds).
SCF Change: DM 9.79303e-11; eev 1.67740e-8 Ha; etot -3.83125e-11 Ha
Energy:   -1011.3788126531 Ha after   16 iterations (in       1.04 seconds).
SCF Change: DM 1.40602e-11; eev 3.70522e-9 Ha; etot 3.17186e-11 Ha
Energy:   -1011.3788126531 Ha after   17 iterations (in       1.02 seconds).
SCF is converged after   17 iterations.
==========================================
Now evaluate the    PT2 correlation energy
==========================================
----------------------------------------------------------------------
Methods         :       Total Corr,          OS Corr,          SS Corr
----------------------------------------------------------------------
PT2             :      -2.22940288,      -1.61154322,      -0.61785966
----------------------------------------------------------------------
Fifth-rung correlation energy :      -0.703277461695 Ha
E[XYGJOS]=:   -1008.39618899 Ha, Ex[HF]:     -80.43673310 Ha, Ec[PT2  ]:      -2.22940288 Ha
Mulliken population analysis:
  0-C  :  -0.815863
  1-H  :   0.175859
  2-C  :  -0.815863
  3-H  :   0.175859
  4-C  :  -0.151320
  5-C  :  -0.151320
  6-H  :   0.113725
  7-H  :   0.054490
  8-H  :   0.092191
  9-H  :   0.054490
 10-H  :   0.092191
 11-H  :   0.113725
 12-Br :   0.530919
 13-Br :   0.530919

====================================================
              REST: Mission accomplished
====================================================
The SCF energy        :   -1011.3788126531 Ha
The (R)-xDH energy    :   -1008.3961889900 Ha
Detailed time report:
SCF       |:   27.579 s for the scf procedure
Overall   |:   30.386 s for the whole job
PT2       |:    2.346 s for the PT2 evaluation
