=========================================================
Input parameters for the REST calculation
=========================================================
Calculation type: Single-point energy
The exchange-correlation method: xygjos
Print level:                1
The number of threads used for parallelism:      8
The spheric-GTO basis set is taken from /home/symei/TZVPP-10-o-all
The pruning method is nwchem
The radial grid generation method is treutler
ERI Type: ri_v
Turn on the basis pair symmetry for RI 3D-tensors
The spheric-GTO auxiliary basis set is taken from /home/symei/def2-SV(P)-JKFIT
Spin polarization: Off
Charge:   0; Spin:   1
min_num_angular_points: 110
max_num_angular_points: 590
hardness: 3
Grid generation level: 3
Even tempered basis generation: false
SCF convergency thresholds: 1e-8 for density matrix
                            1e-8 Ha. for sum of eigenvalues
                            1e-8 Ha. for total energy
Max. SCF cycle number:      250
The diis mixing with (param, max_vec_len) = (0.2, 8) is employed for the SCF procedure
Turn on the diis mixing after 1 step(s) of SCF iteractions with the linear mixing
The specified checkfile exists but is not loaded because the keyword 'external_init_guess' is specified
It will be updated after the SCF procedure 
(none)
Initial guess is prepared by (sad).
It is a finite cluster calculation
the scf functional for 'xygjos' contains
The density functional 'B3LYP' belongs to the 'Hybrid GGA' family and is defined in the reference(s):
(0): P. J. Stephens, F. J. Devlin, C. F. Chabalowski, and M. J. Frisch.,  J. Phys. Chem. 98, 11623 (1994)
the post-scf functional 'xygjos' is employed, which contains
The density functional 'Slater exchange' belongs to the 'LDA' family and is defined in the reference(s):
(0): P. A. M. Dirac.,  Math. Proc. Cambridge Philos. Soc. 26, 376 (1930)
(1): F. Bloch.,  Z. Phys. 57, 545 (1929)
The density functional 'Becke 88' belongs to the 'GGA' family and is defined in the reference(s):
(0): A. D. Becke.,  Phys. Rev. A 38, 3098 (1988)
The density functional 'Vosko, Wilk & Nusair (VWN5_RPA)' belongs to the 'LDA' family and is defined in the reference(s):
(0): S. H. Vosko, L. Wilk, and M. Nusair.,  Can. J. Phys. 58, 1200 (1980)
The density functional 'Lee, Yang & Parr' belongs to the 'GGA' family and is defined in the reference(s):
(0): C. Lee, W. Yang, and R. G. Parr.,  Phys. Rev. B 37, 785 (1988)
(1): B. Miehlich, A. Savin, H. Stoll, and H. Preuss.,  Chem. Phys. Lett. 157, 200 (1989)
For SCF calculation, no core orbital is frozen by effective core potential (ECP) approximation
Libxc version used in REST: 7.0.0
nbas: 92, natm: 12 for standard basis sets
First valence state for the frozen-core algorithm:     0
final nbas: 240,final natm: 24
numbasis: 236, num_auxbas: 444
Molecule_name: cc=cc
Restricted Hartree-Fock (or Kohn-Sham) algorithm is invoked.
Nuc_energy:     117.65672216 Hartree
No ghost effective potential
No ghost point charges
Overlap matrix is nonsigular:
  Lowest eigenvalue:       0.00008221 with the total number of basis functions:    236
Grid size: 135800
Generate SAD of C
Generate SAD of H
Initial guess HF energy:    -157.9042182429864738
The total energy:      -156.8824886809 Ha by the initial guess
Energy:    -156.6149493299 Ha after    1 iterations (in       0.36 seconds).
SCF Change: DM 4.63728e-3; eev  3.22216e0 Ha; etot 2.18177e-1 Ha
Energy:    -156.3967718391 Ha after    2 iterations (in       0.38 seconds).
SCF Change: DM 3.21198e-4; eev 2.47255e-1 Ha; etot -8.94207e-1 Ha
Energy:    -157.2909792180 Ha after    3 iterations (in       0.39 seconds).
SCF Change: DM 6.49198e-5; eev 1.24605e-2 Ha; etot -7.47480e-4 Ha
Energy:    -157.2917266976 Ha after    4 iterations (in       0.35 seconds).
SCF Change: DM 1.68476e-5; eev 4.94507e-3 Ha; etot -5.37036e-5 Ha
Energy:    -157.2917804012 Ha after    5 iterations (in       0.39 seconds).
SCF Change: DM 4.80142e-6; eev 1.58189e-3 Ha; etot -3.95220e-6 Ha
Energy:    -157.2917843534 Ha after    6 iterations (in       0.37 seconds).
SCF Change: DM 1.25262e-6; eev 2.25745e-4 Ha; etot -8.61202e-7 Ha
Energy:    -157.2917852146 Ha after    7 iterations (in       0.35 seconds).
SCF Change: DM 1.74530e-7; eev 6.64243e-5 Ha; etot -1.33138e-8 Ha
Energy:    -157.2917852280 Ha after    8 iterations (in       0.36 seconds).
SCF Change: DM 2.26509e-8; eev 3.40466e-6 Ha; etot -6.88203e-10 Ha
Energy:    -157.2917852286 Ha after    9 iterations (in       0.37 seconds).
SCF Change: DM 5.72518e-9; eev 8.35815e-7 Ha; etot -2.75691e-12 Ha
Energy:    -157.2917852286 Ha after   10 iterations (in       0.37 seconds).
SCF Change: DM 9.57585e-10; eev 2.10721e-7 Ha; etot -7.38964e-13 Ha
Energy:    -157.2917852286 Ha after   11 iterations (in       0.36 seconds).
SCF Change: DM 4.42336e-10; eev 2.22248e-8 Ha; etot -3.26850e-12 Ha
Energy:    -157.2917852287 Ha after   12 iterations (in       0.39 seconds).
SCF Change: DM 7.94407e-11; eev 8.69897e-9 Ha; etot 3.01270e-12 Ha
Energy:    -157.2917852286 Ha after   13 iterations (in       0.36 seconds).
SCF is converged after   13 iterations.
==========================================
Now evaluate the    PT2 correlation energy
==========================================
----------------------------------------------------------------------
Methods         :       Total Corr,          OS Corr,          SS Corr
----------------------------------------------------------------------
PT2             :      -1.05529520,      -0.82391744,      -0.23137776
----------------------------------------------------------------------
Fifth-rung correlation energy :      -0.359557569953 Ha
E[XYGJOS]=:    -156.84630382 Ha, Ex[HF]:     -23.56796579 Ha, Ec[PT2  ]:      -1.05529520 Ha
Mulliken population analysis:
  0-C  :  -0.126820
  1-H  :   0.096133
  2-C  :  -0.126819
  3-H  :   0.096133
  4-C  :  -0.215761
  5-C  :  -0.215761
  6-H  :   0.071821
  7-H  :   0.087315
  8-H  :   0.087312
  9-H  :   0.087315
 10-H  :   0.071821
 11-H  :   0.087312

====================================================
              REST: Mission accomplished
====================================================
The SCF energy        :    -157.2917852286 Ha
The (R)-xDH energy    :    -156.8463038244 Ha
Detailed time report:
Overall   |:    9.821 s for the whole job
SCF       |:    8.825 s for the scf procedure
PT2       |:    0.519 s for the PT2 evaluation
