=========================================================
Input parameters for the REST calculation
=========================================================
Calculation type: Single-point energy
The exchange-correlation method: xygjos
Print level:                1
The number of threads used for parallelism:      8
The spheric-GTO basis set is taken from /home/symei/TZVPP-10-o-all
The pruning method is nwchem
The radial grid generation method is treutler
ERI Type: ri_v
Turn on the basis pair symmetry for RI 3D-tensors
The spheric-GTO auxiliary basis set is taken from /home/symei/def2-SV(P)-JKFIT
Spin polarization: Off
Charge:   0; Spin:   1
min_num_angular_points: 110
max_num_angular_points: 590
hardness: 3
Grid generation level: 3
Even tempered basis generation: false
SCF convergency thresholds: 1e-8 for density matrix
                            1e-8 Ha. for sum of eigenvalues
                            1e-8 Ha. for total energy
Max. SCF cycle number:      250
The diis mixing with (param, max_vec_len) = (0.2, 8) is employed for the SCF procedure
Turn on the diis mixing after 1 step(s) of SCF iteractions with the linear mixing
The specified checkfile exists but is not loaded because the keyword 'external_init_guess' is specified
It will be updated after the SCF procedure 
(none)
Initial guess is prepared by (sad).
It is a finite cluster calculation
the scf functional for 'xygjos' contains
The density functional 'B3LYP' belongs to the 'Hybrid GGA' family and is defined in the reference(s):
(0): P. J. Stephens, F. J. Devlin, C. F. Chabalowski, and M. J. Frisch.,  J. Phys. Chem. 98, 11623 (1994)
the post-scf functional 'xygjos' is employed, which contains
The density functional 'Slater exchange' belongs to the 'LDA' family and is defined in the reference(s):
(0): P. A. M. Dirac.,  Math. Proc. Cambridge Philos. Soc. 26, 376 (1930)
(1): F. Bloch.,  Z. Phys. 57, 545 (1929)
The density functional 'Becke 88' belongs to the 'GGA' family and is defined in the reference(s):
(0): A. D. Becke.,  Phys. Rev. A 38, 3098 (1988)
The density functional 'Vosko, Wilk & Nusair (VWN5_RPA)' belongs to the 'LDA' family and is defined in the reference(s):
(0): S. H. Vosko, L. Wilk, and M. Nusair.,  Can. J. Phys. 58, 1200 (1980)
The density functional 'Lee, Yang & Parr' belongs to the 'GGA' family and is defined in the reference(s):
(0): C. Lee, W. Yang, and R. G. Parr.,  Phys. Rev. B 37, 785 (1988)
(1): B. Miehlich, A. Savin, H. Stoll, and H. Preuss.,  Chem. Phys. Lett. 157, 200 (1989)
For SCF calculation, no core orbital is frozen by effective core potential (ECP) approximation
Libxc version used in REST: 7.0.0
nbas: 81, natm: 11 for standard basis sets
First valence state for the frozen-core algorithm:     0
final nbas: 204,final natm: 22
numbasis: 205, num_auxbas: 369
Molecule_name: ccc
Restricted Hartree-Fock (or Kohn-Sham) algorithm is invoked.
Nuc_energy:      82.54282268 Hartree
No ghost effective potential
No ghost point charges
Overlap matrix is nonsigular:
  Lowest eigenvalue:       0.00029363 with the total number of basis functions:    205
Grid size: 121898
Generate SAD of C
Generate SAD of H
Initial guess HF energy:    -119.5284584793872966
The total energy:      -118.8290976036 Ha by the initial guess
Energy:    -118.5282803014 Ha after    1 iterations (in       0.25 seconds).
SCF Change: DM 5.48795e-3; eev  3.18219e0 Ha; etot 3.37845e-1 Ha
Energy:    -118.1904351706 Ha after    2 iterations (in       0.27 seconds).
SCF Change: DM 3.67054e-4; eev 2.70398e-1 Ha; etot -1.00389e0 Ha
Energy:    -119.1943230762 Ha after    3 iterations (in       0.28 seconds).
SCF Change: DM 1.28428e-4; eev 3.66479e-2 Ha; etot -6.41010e-4 Ha
Energy:    -119.1949640860 Ha after    4 iterations (in       0.27 seconds).
SCF Change: DM 3.28562e-5; eev 1.14629e-2 Ha; etot -3.87148e-4 Ha
Energy:    -119.1953512345 Ha after    5 iterations (in       0.30 seconds).
SCF Change: DM 6.01147e-6; eev 1.50274e-3 Ha; etot -2.53534e-5 Ha
Energy:    -119.1953765879 Ha after    6 iterations (in       0.28 seconds).
SCF Change: DM 1.15545e-6; eev 1.53973e-4 Ha; etot -5.14058e-7 Ha
Energy:    -119.1953771020 Ha after    7 iterations (in       0.28 seconds).
SCF Change: DM 1.57139e-7; eev 4.17341e-5 Ha; etot -1.20427e-8 Ha
Energy:    -119.1953771140 Ha after    8 iterations (in       0.30 seconds).
SCF Change: DM 2.08082e-8; eev 2.98095e-6 Ha; etot -2.73431e-10 Ha
Energy:    -119.1953771143 Ha after    9 iterations (in       0.27 seconds).
SCF Change: DM 2.48180e-9; eev 5.81080e-7 Ha; etot -5.38591e-12 Ha
Energy:    -119.1953771143 Ha after   10 iterations (in       0.27 seconds).
SCF Change: DM 6.99147e-10; eev 1.65869e-7 Ha; etot 3.26850e-13 Ha
Energy:    -119.1953771143 Ha after   11 iterations (in       0.26 seconds).
SCF Change: DM 4.08184e-11; eev 8.17080e-9 Ha; etot -1.79057e-12 Ha
Energy:    -119.1953771143 Ha after   12 iterations (in       0.27 seconds).
SCF is converged after   12 iterations.
==========================================
Now evaluate the    PT2 correlation energy
==========================================
----------------------------------------------------------------------
Methods         :       Total Corr,          OS Corr,          SS Corr
----------------------------------------------------------------------
PT2             :      -0.82310919,      -0.65041617,      -0.17269302
----------------------------------------------------------------------
Fifth-rung correlation energy :      -0.283841616405 Ha
E[XYGJOS]=:    -118.85618815 Ha, Ex[HF]:     -18.40201799 Ha, Ec[PT2  ]:      -0.82310919 Ha
Mulliken population analysis:
  0-C  :  -0.241983
  1-H  :   0.073365
  2-H  :   0.073371
  3-H  :   0.081437
  4-C  :  -0.080497
  5-H  :   0.054059
  6-H  :   0.054058
  7-C  :  -0.241983
  8-H  :   0.073371
  9-H  :   0.081437
 10-H  :   0.073365

====================================================
              REST: Mission accomplished
====================================================
The SCF energy        :    -119.1953771143 Ha
The (R)-xDH energy    :    -118.8561881530 Ha
Detailed time report:
Overall   |:    7.222 s for the whole job
SCF       |:    6.353 s for the scf procedure
PT2       |:    0.409 s for the PT2 evaluation
