=========================================================
Input parameters for the REST calculation
=========================================================
Calculation type: Single-point energy
The exchange-correlation method: xygjos
Print level:                1
The number of threads used for parallelism:      8
The spheric-GTO basis set is taken from /home/symei/TZVPP-10-o-all
The pruning method is nwchem
The radial grid generation method is treutler
ERI Type: ri_v
Turn on the basis pair symmetry for RI 3D-tensors
The spheric-GTO auxiliary basis set is taken from /home/symei/def2-SV(P)-JKFIT
Spin polarization: Off
Charge:   0; Spin:   1
min_num_angular_points: 110
max_num_angular_points: 590
hardness: 3
Grid generation level: 3
Even tempered basis generation: false
SCF convergency thresholds: 1e-8 for density matrix
                            1e-8 Ha. for sum of eigenvalues
                            1e-8 Ha. for total energy
Max. SCF cycle number:      250
The diis mixing with (param, max_vec_len) = (0.2, 8) is employed for the SCF procedure
Turn on the diis mixing after 1 step(s) of SCF iteractions with the linear mixing
The specified checkfile exists but is not loaded because the keyword 'external_init_guess' is specified
It will be updated after the SCF procedure 
(none)
Initial guess is prepared by (sad).
It is a finite cluster calculation
the scf functional for 'xygjos' contains
The density functional 'B3LYP' belongs to the 'Hybrid GGA' family and is defined in the reference(s):
(0): P. J. Stephens, F. J. Devlin, C. F. Chabalowski, and M. J. Frisch.,  J. Phys. Chem. 98, 11623 (1994)
the post-scf functional 'xygjos' is employed, which contains
The density functional 'Slater exchange' belongs to the 'LDA' family and is defined in the reference(s):
(0): P. A. M. Dirac.,  Math. Proc. Cambridge Philos. Soc. 26, 376 (1930)
(1): F. Bloch.,  Z. Phys. 57, 545 (1929)
The density functional 'Becke 88' belongs to the 'GGA' family and is defined in the reference(s):
(0): A. D. Becke.,  Phys. Rev. A 38, 3098 (1988)
The density functional 'Vosko, Wilk & Nusair (VWN5_RPA)' belongs to the 'LDA' family and is defined in the reference(s):
(0): S. H. Vosko, L. Wilk, and M. Nusair.,  Can. J. Phys. 58, 1200 (1980)
The density functional 'Lee, Yang & Parr' belongs to the 'GGA' family and is defined in the reference(s):
(0): C. Lee, W. Yang, and R. G. Parr.,  Phys. Rev. B 37, 785 (1988)
(1): B. Miehlich, A. Savin, H. Stoll, and H. Preuss.,  Chem. Phys. Lett. 157, 200 (1989)
<start_mo> for the frozen-core post-SCF methods 0 is smaller than the number of ecp orbitals 5. Set <start_mo> = 0
Libxc version used in REST: 7.0.0
nbas: 91, natm: 11 for standard basis sets
First valence state for the frozen-core algorithm:     0
final nbas: 268,final natm: 22
numbasis: 239, num_auxbas: 617
Molecule_name: cccbr1
Restricted Hartree-Fock (or Kohn-Sham) algorithm is invoked.
Nuc_energy:     189.58800727 Hartree
No ghost effective potential
No ghost point charges
Overlap matrix is nonsigular:
  Lowest eigenvalue:       0.00026850 with the total number of basis functions:    239
Grid size: 132778
Generate SAD of C
Generate SAD of H
Generate SAD of Br
Initial guess HF energy:    -545.9396116953985256
The total energy:      -545.2728972829 Ha by the initial guess
Energy:    -544.9428751206 Ha after    1 iterations (in       0.40 seconds).
SCF Change: DM 1.69000e-2; eev  3.36001e0 Ha; etot 7.53714e-1 Ha
Energy:    -544.1891611668 Ha after    2 iterations (in       0.40 seconds).
SCF Change: DM 2.74686e-3; eev 3.79396e-1 Ha; etot -1.41433e0 Ha
Energy:    -545.6034863846 Ha after    3 iterations (in       0.41 seconds).
SCF Change: DM 1.07659e-3; eev 1.40141e-1 Ha; etot -1.08539e-2 Ha
Energy:    -545.6143403275 Ha after    4 iterations (in       0.43 seconds).
SCF Change: DM 2.54841e-4; eev 3.61326e-2 Ha; etot -6.03893e-3 Ha
Energy:    -545.6203792614 Ha after    5 iterations (in       0.41 seconds).
SCF Change: DM 5.81119e-5; eev 1.36418e-2 Ha; etot -6.83978e-5 Ha
Energy:    -545.6204476592 Ha after    6 iterations (in       0.41 seconds).
SCF Change: DM 9.61663e-6; eev 3.27869e-3 Ha; etot -6.88248e-6 Ha
Energy:    -545.6204545417 Ha after    7 iterations (in       0.41 seconds).
SCF Change: DM 2.73500e-6; eev 5.99302e-4 Ha; etot -3.73913e-7 Ha
Energy:    -545.6204549156 Ha after    8 iterations (in       0.41 seconds).
SCF Change: DM 6.02254e-7; eev 8.24691e-5 Ha; etot -1.56961e-8 Ha
Energy:    -545.6204549313 Ha after    9 iterations (in       0.42 seconds).
SCF Change: DM 9.68882e-8; eev 1.49997e-5 Ha; etot -9.43828e-10 Ha
Energy:    -545.6204549323 Ha after   10 iterations (in       0.41 seconds).
SCF Change: DM 2.39607e-8; eev 6.37002e-6 Ha; etot -2.85354e-11 Ha
Energy:    -545.6204549323 Ha after   11 iterations (in       0.40 seconds).
SCF Change: DM 1.65145e-8; eev 3.07510e-6 Ha; etot -8.75389e-12 Ha
Energy:    -545.6204549323 Ha after   12 iterations (in       0.40 seconds).
SCF Change: DM 1.45029e-9; eev 2.23154e-7 Ha; etot -2.95586e-12 Ha
Energy:    -545.6204549323 Ha after   13 iterations (in       0.41 seconds).
SCF Change: DM 3.94777e-10; eev 1.04298e-7 Ha; etot -1.59162e-12 Ha
Energy:    -545.6204549323 Ha after   14 iterations (in       0.40 seconds).
SCF Change: DM 3.03515e-10; eev 3.97017e-8 Ha; etot 5.00222e-12 Ha
Energy:    -545.6204549323 Ha after   15 iterations (in       0.41 seconds).
SCF Change: DM 5.64398e-11; eev 1.39950e-8 Ha; etot -7.95808e-12 Ha
Energy:    -545.6204549323 Ha after   16 iterations (in       0.39 seconds).
SCF Change: DM 9.28634e-12; eev 1.95207e-9 Ha; etot 3.41061e-12 Ha
Energy:    -545.6204549323 Ha after   17 iterations (in       0.41 seconds).
SCF is converged after   17 iterations.
==========================================
Now evaluate the    PT2 correlation energy
==========================================
----------------------------------------------------------------------
Methods         :       Total Corr,          OS Corr,          SS Corr
----------------------------------------------------------------------
PT2             :      -1.38345122,      -1.02246173,      -0.36098949
----------------------------------------------------------------------
Fifth-rung correlation energy :      -0.446202300407 Ha
E[XYGJOS]=:    -544.01307518 Ha, Ex[HF]:     -46.46640581 Ha, Ec[PT2  ]:      -1.38345122 Ha
Mulliken population analysis:
  0-C  :  -0.226088
  1-H  :   0.076801
  2-H  :   0.076801
  3-H  :   0.094504
  4-C  :  -0.083641
  5-H  :   0.077195
  6-H  :   0.077195
  7-C  :  -0.954218
  8-H  :   0.150199
  9-H  :   0.150199
 10-Br :   0.561052

====================================================
              REST: Mission accomplished
====================================================
The SCF energy        :    -545.6204549323 Ha
The (R)-xDH energy    :    -544.0130751821 Ha
Detailed time report:
SCF       |:   11.714 s for the scf procedure
PT2       |:    0.769 s for the PT2 evaluation
Overall   |:   12.930 s for the whole job
