=========================================================
Input parameters for the REST calculation
=========================================================
Calculation type: Single-point energy
The exchange-correlation method: xygjos
Print level:                1
The number of threads used for parallelism:      8
The spheric-GTO basis set is taken from /home/symei/TZVPP-10-o-all
The pruning method is nwchem
The radial grid generation method is treutler
ERI Type: ri_v
Turn on the basis pair symmetry for RI 3D-tensors
The spheric-GTO auxiliary basis set is taken from /home/symei/def2-SV(P)-JKFIT
Spin polarization: Off
Charge:   0; Spin:   1
min_num_angular_points: 110
max_num_angular_points: 590
hardness: 3
Grid generation level: 3
Even tempered basis generation: false
SCF convergency thresholds: 1e-8 for density matrix
                            1e-8 Ha. for sum of eigenvalues
                            1e-8 Ha. for total energy
Max. SCF cycle number:      250
The diis mixing with (param, max_vec_len) = (0.2, 8) is employed for the SCF procedure
Turn on the diis mixing after 1 step(s) of SCF iteractions with the linear mixing
The specified checkfile exists but is not loaded because the keyword 'external_init_guess' is specified
It will be updated after the SCF procedure 
(none)
Initial guess is prepared by (sad).
It is a finite cluster calculation
the scf functional for 'xygjos' contains
The density functional 'B3LYP' belongs to the 'Hybrid GGA' family and is defined in the reference(s):
(0): P. J. Stephens, F. J. Devlin, C. F. Chabalowski, and M. J. Frisch.,  J. Phys. Chem. 98, 11623 (1994)
the post-scf functional 'xygjos' is employed, which contains
The density functional 'Slater exchange' belongs to the 'LDA' family and is defined in the reference(s):
(0): P. A. M. Dirac.,  Math. Proc. Cambridge Philos. Soc. 26, 376 (1930)
(1): F. Bloch.,  Z. Phys. 57, 545 (1929)
The density functional 'Becke 88' belongs to the 'GGA' family and is defined in the reference(s):
(0): A. D. Becke.,  Phys. Rev. A 38, 3098 (1988)
The density functional 'Vosko, Wilk & Nusair (VWN5_RPA)' belongs to the 'LDA' family and is defined in the reference(s):
(0): S. H. Vosko, L. Wilk, and M. Nusair.,  Can. J. Phys. 58, 1200 (1980)
The density functional 'Lee, Yang & Parr' belongs to the 'GGA' family and is defined in the reference(s):
(0): C. Lee, W. Yang, and R. G. Parr.,  Phys. Rev. B 37, 785 (1988)
(1): B. Miehlich, A. Savin, H. Stoll, and H. Preuss.,  Chem. Phys. Lett. 157, 200 (1989)
<start_mo> for the frozen-core post-SCF methods 0 is smaller than the number of ecp orbitals 10. Set <start_mo> = 0
Libxc version used in REST: 7.0.0
nbas: 55, natm: 5 for standard basis sets
First valence state for the frozen-core algorithm:     0
final nbas: 212,final natm: 10
numbasis: 155, num_auxbas: 643
Molecule_name: ch2br2
Restricted Hartree-Fock (or Kohn-Sham) algorithm is invoked.
Nuc_energy:     210.36808555 Hartree
No ghost effective potential
No ghost point charges
Overlap matrix is nonsigular:
  Lowest eigenvalue:       0.00058115 with the total number of basis functions:    155
Grid size: 75758
Generate SAD of C
Generate SAD of H
Generate SAD of Br
Initial guess HF energy:    -893.2533663982064809
The total energy:      -893.2946065204 Ha by the initial guess
Energy:    -893.2507280829 Ha after    1 iterations (in       0.16 seconds).
SCF Change: DM 1.16997e-2; eev  1.21730e0 Ha; etot 2.37684e-1 Ha
Energy:    -893.0130439653 Ha after    2 iterations (in       0.16 seconds).
SCF Change: DM 1.20840e-3; eev 2.15413e-1 Ha; etot -3.52208e-1 Ha
Energy:    -893.3652520099 Ha after    3 iterations (in       0.16 seconds).
SCF Change: DM 3.73613e-4; eev 8.32894e-2 Ha; etot -2.69321e-3 Ha
Energy:    -893.3679452237 Ha after    4 iterations (in       0.19 seconds).
SCF Change: DM 4.51901e-5; eev 1.23678e-2 Ha; etot -1.84738e-4 Ha
Energy:    -893.3681299615 Ha after    5 iterations (in       0.20 seconds).
SCF Change: DM 1.33939e-5; eev 2.48068e-3 Ha; etot -9.04001e-6 Ha
Energy:    -893.3681390015 Ha after    6 iterations (in       0.17 seconds).
SCF Change: DM 2.62382e-6; eev 3.55669e-4 Ha; etot -2.47852e-7 Ha
Energy:    -893.3681392493 Ha after    7 iterations (in       0.17 seconds).
SCF Change: DM 6.66483e-7; eev 6.51403e-5 Ha; etot -2.06876e-8 Ha
Energy:    -893.3681392700 Ha after    8 iterations (in       0.18 seconds).
SCF Change: DM 2.65597e-7; eev 4.52420e-5 Ha; etot -1.54910e-9 Ha
Energy:    -893.3681392716 Ha after    9 iterations (in       0.17 seconds).
SCF Change: DM 2.30530e-8; eev 2.73103e-6 Ha; etot -7.23048e-11 Ha
Energy:    -893.3681392716 Ha after   10 iterations (in       0.17 seconds).
SCF Change: DM 5.46078e-9; eev 3.42058e-7 Ha; etot -1.59162e-12 Ha
Energy:    -893.3681392716 Ha after   11 iterations (in       0.17 seconds).
SCF Change: DM 1.53902e-9; eev 9.03534e-8 Ha; etot -5.45697e-12 Ha
Energy:    -893.3681392716 Ha after   12 iterations (in       0.16 seconds).
SCF Change: DM 4.58791e-10; eev 3.75155e-8 Ha; etot 1.36424e-12 Ha
Energy:    -893.3681392716 Ha after   13 iterations (in       0.16 seconds).
SCF Change: DM 4.71157e-11; eev 5.11038e-9 Ha; etot 7.61702e-12 Ha
Energy:    -893.3681392716 Ha after   14 iterations (in       0.17 seconds).
SCF is converged after   14 iterations.
==========================================
Now evaluate the    PT2 correlation energy
==========================================
----------------------------------------------------------------------
Methods         :       Total Corr,          OS Corr,          SS Corr
----------------------------------------------------------------------
PT2             :      -1.41889562,      -0.98865004,      -0.43024558
----------------------------------------------------------------------
Fifth-rung correlation energy :      -0.431446878018 Ha
E[XYGJOS]=:    -890.70807125 Ha, Ex[HF]:     -62.70709643 Ha, Ec[PT2  ]:      -1.41889562 Ha
Mulliken population analysis:
  0-C  :  -1.574532
  1-H  :   0.219409
  2-H  :   0.219409
  3-Br :   0.567857
  4-Br :   0.567857

====================================================
              REST: Mission accomplished
====================================================
The SCF energy        :    -893.3681392716 Ha
The (R)-xDH energy    :    -890.7080712461 Ha
Detailed time report:
PT2       |:    0.372 s for the PT2 evaluation
Overall   |:    5.471 s for the whole job
SCF       |:    4.654 s for the scf procedure
