=========================================================
Input parameters for the REST calculation
=========================================================
Calculation type: Single-point energy
The exchange-correlation method: xygjos
Print level:                1
The number of threads used for parallelism:      8
The spheric-GTO basis set is taken from /home/symei/TZVPP-10-o-all
The pruning method is nwchem
The radial grid generation method is treutler
ERI Type: ri_v
Turn on the basis pair symmetry for RI 3D-tensors
The spheric-GTO auxiliary basis set is taken from /home/symei/def2-SV(P)-JKFIT
Spin polarization: Off
Charge:   0; Spin:   1
min_num_angular_points: 110
max_num_angular_points: 590
hardness: 3
Grid generation level: 3
Even tempered basis generation: false
SCF convergency thresholds: 1e-8 for density matrix
                            1e-8 Ha. for sum of eigenvalues
                            1e-8 Ha. for total energy
Max. SCF cycle number:      250
The diis mixing with (param, max_vec_len) = (0.2, 8) is employed for the SCF procedure
Turn on the diis mixing after 1 step(s) of SCF iteractions with the linear mixing
The specified checkfile exists but is not loaded because the keyword 'external_init_guess' is specified
It will be updated after the SCF procedure 
(none)
Initial guess is prepared by (sad).
It is a finite cluster calculation
the scf functional for 'xygjos' contains
The density functional 'B3LYP' belongs to the 'Hybrid GGA' family and is defined in the reference(s):
(0): P. J. Stephens, F. J. Devlin, C. F. Chabalowski, and M. J. Frisch.,  J. Phys. Chem. 98, 11623 (1994)
the post-scf functional 'xygjos' is employed, which contains
The density functional 'Slater exchange' belongs to the 'LDA' family and is defined in the reference(s):
(0): P. A. M. Dirac.,  Math. Proc. Cambridge Philos. Soc. 26, 376 (1930)
(1): F. Bloch.,  Z. Phys. 57, 545 (1929)
The density functional 'Becke 88' belongs to the 'GGA' family and is defined in the reference(s):
(0): A. D. Becke.,  Phys. Rev. A 38, 3098 (1988)
The density functional 'Vosko, Wilk & Nusair (VWN5_RPA)' belongs to the 'LDA' family and is defined in the reference(s):
(0): S. H. Vosko, L. Wilk, and M. Nusair.,  Can. J. Phys. 58, 1200 (1980)
The density functional 'Lee, Yang & Parr' belongs to the 'GGA' family and is defined in the reference(s):
(0): C. Lee, W. Yang, and R. G. Parr.,  Phys. Rev. B 37, 785 (1988)
(1): B. Miehlich, A. Savin, H. Stoll, and H. Preuss.,  Chem. Phys. Lett. 157, 200 (1989)
<start_mo> for the frozen-core post-SCF methods 0 is smaller than the number of ecp orbitals 5. Set <start_mo> = 0
Libxc version used in REST: 7.0.0
nbas: 45, natm: 5 for standard basis sets
First valence state for the frozen-core algorithm:     0
final nbas: 148,final natm: 10
numbasis: 121, num_auxbas: 395
Molecule_name: ch3br
Restricted Hartree-Fock (or Kohn-Sham) algorithm is invoked.
Nuc_energy:      66.03405374 Hartree
No ghost effective potential
No ghost point charges
Overlap matrix is nonsigular:
  Lowest eigenvalue:       0.00057445 with the total number of basis functions:    121
Grid size: 64878
Generate SAD of C
Generate SAD of H
Generate SAD of Br
Initial guess HF energy:    -466.8269281448414176
The total energy:      -466.8410275700 Ha by the initial guess
Energy:    -466.7759230450 Ha after    1 iterations (in       0.09 seconds).
SCF Change: DM 1.49887e-2; eev  1.41712e0 Ha; etot 2.25631e-1 Ha
Energy:    -466.5502924605 Ha after    2 iterations (in       0.09 seconds).
SCF Change: DM 1.74694e-3; eev 2.30548e-1 Ha; etot -4.07047e-1 Ha
Energy:    -466.9573391422 Ha after    3 iterations (in       0.08 seconds).
SCF Change: DM 6.82438e-4; eev 1.06885e-1 Ha; etot -1.90746e-3 Ha
Energy:    -466.9592465986 Ha after    4 iterations (in       0.08 seconds).
SCF Change: DM 5.47471e-5; eev 1.21634e-2 Ha; etot -3.63441e-4 Ha
Energy:    -466.9596100395 Ha after    5 iterations (in       0.08 seconds).
SCF Change: DM 1.88214e-5; eev 2.61686e-3 Ha; etot -8.42787e-6 Ha
Energy:    -466.9596184674 Ha after    6 iterations (in       0.08 seconds).
SCF Change: DM 5.45708e-6; eev 6.34794e-4 Ha; etot -4.30975e-7 Ha
Energy:    -466.9596188984 Ha after    7 iterations (in       0.08 seconds).
SCF Change: DM 1.28463e-6; eev 1.11279e-4 Ha; etot -1.66589e-8 Ha
Energy:    -466.9596189150 Ha after    8 iterations (in       0.09 seconds).
SCF Change: DM 8.67508e-8; eev 1.12935e-5 Ha; etot -7.66590e-10 Ha
Energy:    -466.9596189158 Ha after    9 iterations (in       0.08 seconds).
SCF Change: DM 1.40035e-8; eev 1.47233e-6 Ha; etot -1.46088e-11 Ha
Energy:    -466.9596189158 Ha after   10 iterations (in       0.08 seconds).
SCF Change: DM 2.85634e-9; eev 3.08911e-7 Ha; etot 4.71800e-12 Ha
Energy:    -466.9596189158 Ha after   11 iterations (in       0.08 seconds).
SCF Change: DM 1.02233e-9; eev 1.30282e-7 Ha; etot -4.32010e-12 Ha
Energy:    -466.9596189158 Ha after   12 iterations (in       0.08 seconds).
SCF Change: DM 1.22214e-10; eev 1.43333e-8 Ha; etot 3.75167e-12 Ha
Energy:    -466.9596189158 Ha after   13 iterations (in       0.08 seconds).
SCF Change: DM 2.00925e-11; eev 2.27706e-9 Ha; etot -3.80851e-12 Ha
Energy:    -466.9596189158 Ha after   14 iterations (in       0.09 seconds).
SCF is converged after   14 iterations.
==========================================
Now evaluate the    PT2 correlation energy
==========================================
----------------------------------------------------------------------
Methods         :       Total Corr,          OS Corr,          SS Corr
----------------------------------------------------------------------
PT2             :      -0.85132699,      -0.61052337,      -0.24080361
----------------------------------------------------------------------
Fifth-rung correlation energy :      -0.266432399887 Ha
E[XYGJOS]=:    -465.56939880 Ha, Ex[HF]:     -34.64504512 Ha, Ec[PT2  ]:      -0.85132699 Ha
Mulliken population analysis:
  0-C  :  -1.040415
  1-H  :   0.166402
  2-H  :   0.166423
  3-H  :   0.166423
  4-Br :   0.541166

====================================================
              REST: Mission accomplished
====================================================
The SCF energy        :    -466.9596189158 Ha
The (R)-xDH energy    :    -465.5693988035 Ha
Detailed time report:
SCF       |:    2.626 s for the scf procedure
Overall   |:    3.253 s for the whole job
PT2       |:    0.163 s for the PT2 evaluation
