=========================================================
Input parameters for the REST calculation
=========================================================
Calculation type: Single-point energy
The exchange-correlation method: xygjos
Print level:                1
The number of threads used for parallelism:      8
The spheric-GTO basis set is taken from /home/symei/TZVPP-10-o-all
The pruning method is nwchem
The radial grid generation method is treutler
ERI Type: ri_v
Turn on the basis pair symmetry for RI 3D-tensors
The spheric-GTO auxiliary basis set is taken from /home/symei/def2-SV(P)-JKFIT
Spin polarization: Off
Charge:   0; Spin:   1
min_num_angular_points: 110
max_num_angular_points: 590
hardness: 3
Grid generation level: 3
Even tempered basis generation: false
SCF convergency thresholds: 1e-8 for density matrix
                            1e-8 Ha. for sum of eigenvalues
                            1e-8 Ha. for total energy
Max. SCF cycle number:      250
The diis mixing with (param, max_vec_len) = (0.2, 8) is employed for the SCF procedure
Turn on the diis mixing after 1 step(s) of SCF iteractions with the linear mixing
The specified checkfile exists but is not loaded because the keyword 'external_init_guess' is specified
It will be updated after the SCF procedure 
(none)
Initial guess is prepared by (sad).
It is a finite cluster calculation
the scf functional for 'xygjos' contains
The density functional 'B3LYP' belongs to the 'Hybrid GGA' family and is defined in the reference(s):
(0): P. J. Stephens, F. J. Devlin, C. F. Chabalowski, and M. J. Frisch.,  J. Phys. Chem. 98, 11623 (1994)
the post-scf functional 'xygjos' is employed, which contains
The density functional 'Slater exchange' belongs to the 'LDA' family and is defined in the reference(s):
(0): P. A. M. Dirac.,  Math. Proc. Cambridge Philos. Soc. 26, 376 (1930)
(1): F. Bloch.,  Z. Phys. 57, 545 (1929)
The density functional 'Becke 88' belongs to the 'GGA' family and is defined in the reference(s):
(0): A. D. Becke.,  Phys. Rev. A 38, 3098 (1988)
The density functional 'Vosko, Wilk & Nusair (VWN5_RPA)' belongs to the 'LDA' family and is defined in the reference(s):
(0): S. H. Vosko, L. Wilk, and M. Nusair.,  Can. J. Phys. 58, 1200 (1980)
The density functional 'Lee, Yang & Parr' belongs to the 'GGA' family and is defined in the reference(s):
(0): C. Lee, W. Yang, and R. G. Parr.,  Phys. Rev. B 37, 785 (1988)
(1): B. Miehlich, A. Savin, H. Stoll, and H. Preuss.,  Chem. Phys. Lett. 157, 200 (1989)
<start_mo> for the frozen-core post-SCF methods 0 is smaller than the number of ecp orbitals 5. Set <start_mo> = 0
Libxc version used in REST: 7.0.0
nbas: 33, natm: 3 for standard basis sets
First valence state for the frozen-core algorithm:     0
final nbas: 124,final natm: 6
numbasis: 93, num_auxbas: 361
Molecule_name: hobr
Restricted Hartree-Fock (or Kohn-Sham) algorithm is invoked.
Nuc_energy:      67.69452211 Hartree
No ghost effective potential
No ghost point charges
Overlap matrix is nonsigular:
  Lowest eigenvalue:       0.00274634 with the total number of basis functions:     93
Grid size: 45190
Generate SAD of O
Generate SAD of H
Generate SAD of Br
Initial guess HF energy:    -502.7546326175695981
The total energy:      -502.6820318279 Ha by the initial guess
Energy:    -502.1884150543 Ha after    1 iterations (in       0.05 seconds).
SCF Change: DM 2.98536e-2; eev  3.27514e0 Ha; etot  1.18680e0 Ha
Energy:    -501.0016170234 Ha after    2 iterations (in       0.05 seconds).
SCF Change: DM 3.20901e-3; eev 1.68955e-1 Ha; etot -1.81196e0 Ha
Energy:    -502.8135792391 Ha after    3 iterations (in       0.06 seconds).
SCF Change: DM 1.20800e-3; eev 1.37193e-1 Ha; etot -1.22204e-2 Ha
Energy:    -502.8257996360 Ha after    4 iterations (in       0.05 seconds).
SCF Change: DM 3.38476e-4; eev 6.29455e-2 Ha; etot -2.70449e-3 Ha
Energy:    -502.8285041257 Ha after    5 iterations (in       0.05 seconds).
SCF Change: DM 9.01330e-5; eev 1.17524e-2 Ha; etot -1.09937e-4 Ha
Energy:    -502.8286140623 Ha after    6 iterations (in       0.06 seconds).
SCF Change: DM 1.14786e-5; eev 6.15901e-4 Ha; etot -1.51555e-5 Ha
Energy:    -502.8286292178 Ha after    7 iterations (in       0.05 seconds).
SCF Change: DM 3.61789e-6; eev 2.49954e-4 Ha; etot -7.75036e-8 Ha
Energy:    -502.8286292953 Ha after    8 iterations (in       0.07 seconds).
SCF Change: DM 6.43070e-7; eev 2.00619e-5 Ha; etot -1.95926e-8 Ha
Energy:    -502.8286293149 Ha after    9 iterations (in       0.06 seconds).
SCF Change: DM 1.04322e-7; eev 1.15069e-5 Ha; etot -8.53788e-10 Ha
Energy:    -502.8286293158 Ha after   10 iterations (in       0.06 seconds).
SCF Change: DM 3.73180e-8; eev 2.25868e-6 Ha; etot -1.89857e-11 Ha
Energy:    -502.8286293158 Ha after   11 iterations (in       0.06 seconds).
SCF Change: DM 4.23454e-9; eev 3.59839e-7 Ha; etot -1.98952e-12 Ha
Energy:    -502.8286293158 Ha after   12 iterations (in       0.05 seconds).
SCF Change: DM 9.77146e-10; eev 9.69556e-8 Ha; etot 8.52651e-13 Ha
Energy:    -502.8286293158 Ha after   13 iterations (in       0.05 seconds).
SCF Change: DM 4.62514e-10; eev 5.03836e-8 Ha; etot -1.81899e-12 Ha
Energy:    -502.8286293158 Ha after   14 iterations (in       0.05 seconds).
SCF Change: DM 8.80659e-11; eev 1.24587e-8 Ha; etot -1.70530e-13 Ha
Energy:    -502.8286293158 Ha after   15 iterations (in       0.06 seconds).
SCF Change: DM 3.67369e-11; eev 5.47324e-9 Ha; etot 7.38964e-13 Ha
Energy:    -502.8286293158 Ha after   16 iterations (in       0.05 seconds).
SCF is converged after   16 iterations.
==========================================
Now evaluate the    PT2 correlation energy
==========================================
----------------------------------------------------------------------
Methods         :       Total Corr,          OS Corr,          SS Corr
----------------------------------------------------------------------
PT2             :      -0.96860114,      -0.68786044,      -0.28074069
----------------------------------------------------------------------
Fifth-rung correlation energy :      -0.300182297323 Ha
E[XYGJOS]=:    -501.36998111 Ha, Ex[HF]:     -36.95085964 Ha, Ec[PT2  ]:      -0.96860114 Ha
Mulliken population analysis:
  0-O  :  -0.562104
  1-H  :   0.197228
  2-Br :   0.364877

====================================================
              REST: Mission accomplished
====================================================
The SCF energy        :    -502.8286293158 Ha
The (R)-xDH energy    :    -501.3699811099 Ha
Detailed time report:
PT2       |:    0.113 s for the PT2 evaluation
SCF       |:    1.866 s for the scf procedure
Overall   |:    2.419 s for the whole job
