=========================================================
Input parameters for the REST calculation
=========================================================
Calculation type: Single-point energy
The exchange-correlation method: xygjos
Print level:                1
The number of threads used for parallelism:      8
The spheric-GTO basis set is taken from /home/symei/TZVPP-10-o-all
The pruning method is nwchem
The radial grid generation method is treutler
ERI Type: ri_v
Turn on the basis pair symmetry for RI 3D-tensors
The spheric-GTO auxiliary basis set is taken from /home/symei/def2-SV(P)-JKFIT
Spin polarization: Off
Charge:   0; Spin:   1
min_num_angular_points: 110
max_num_angular_points: 590
hardness: 3
Grid generation level: 3
Even tempered basis generation: false
SCF convergency thresholds: 1e-8 for density matrix
                            1e-8 Ha. for sum of eigenvalues
                            1e-8 Ha. for total energy
Max. SCF cycle number:      250
The diis mixing with (param, max_vec_len) = (0.2, 8) is employed for the SCF procedure
Turn on the diis mixing after 1 step(s) of SCF iteractions with the linear mixing
The specified checkfile exists but is not loaded because the keyword 'external_init_guess' is specified
It will be updated after the SCF procedure 
(none)
Initial guess is prepared by (sad).
It is a finite cluster calculation
the scf functional for 'xygjos' contains
The density functional 'B3LYP' belongs to the 'Hybrid GGA' family and is defined in the reference(s):
(0): P. J. Stephens, F. J. Devlin, C. F. Chabalowski, and M. J. Frisch.,  J. Phys. Chem. 98, 11623 (1994)
the post-scf functional 'xygjos' is employed, which contains
The density functional 'Slater exchange' belongs to the 'LDA' family and is defined in the reference(s):
(0): P. A. M. Dirac.,  Math. Proc. Cambridge Philos. Soc. 26, 376 (1930)
(1): F. Bloch.,  Z. Phys. 57, 545 (1929)
The density functional 'Becke 88' belongs to the 'GGA' family and is defined in the reference(s):
(0): A. D. Becke.,  Phys. Rev. A 38, 3098 (1988)
The density functional 'Vosko, Wilk & Nusair (VWN5_RPA)' belongs to the 'LDA' family and is defined in the reference(s):
(0): S. H. Vosko, L. Wilk, and M. Nusair.,  Can. J. Phys. 58, 1200 (1980)
The density functional 'Lee, Yang & Parr' belongs to the 'GGA' family and is defined in the reference(s):
(0): C. Lee, W. Yang, and R. G. Parr.,  Phys. Rev. B 37, 785 (1988)
(1): B. Miehlich, A. Savin, H. Stoll, and H. Preuss.,  Chem. Phys. Lett. 157, 200 (1989)
<start_mo> for the frozen-core post-SCF methods 0 is smaller than the number of ecp orbitals 5. Set <start_mo> = 0
Libxc version used in REST: 7.0.0
nbas: 28, natm: 2 for standard basis sets
First valence state for the frozen-core algorithm:     0
final nbas: 122,final natm: 4
numbasis: 80, num_auxbas: 378
Molecule_name: nabr
Restricted Hartree-Fock (or Kohn-Sham) algorithm is invoked.
Nuc_energy:      57.88938775 Hartree
No ghost effective potential
No ghost point charges
Overlap matrix is nonsigular:
  Lowest eigenvalue:       0.01111532 with the total number of basis functions:     80
Grid size: 37792
Generate SAD of Na
Generate SAD of Br
Initial guess HF energy:    -588.7273906490873969
The total energy:      -589.0564041374 Ha by the initial guess
Energy:    -589.1085318776 Ha after    1 iterations (in       0.04 seconds).
SCF Change: DM 1.95764e-2; eev  2.26167e0 Ha; etot -3.44160e-2 Ha
Energy:    -589.1429479251 Ha after    2 iterations (in       0.04 seconds).
SCF Change: DM 2.56675e-3; eev 2.05095e-1 Ha; etot -2.59733e-1 Ha
Energy:    -589.4026808008 Ha after    3 iterations (in       0.04 seconds).
SCF Change: DM 2.81329e-4; eev 1.82232e-2 Ha; etot -2.32806e-3 Ha
Energy:    -589.4050088606 Ha after    4 iterations (in       0.04 seconds).
SCF Change: DM 6.67824e-5; eev 6.42718e-3 Ha; etot -4.17957e-5 Ha
Energy:    -589.4050506563 Ha after    5 iterations (in       0.05 seconds).
SCF Change: DM 2.39196e-5; eev 2.31471e-3 Ha; etot -1.29921e-6 Ha
Energy:    -589.4050519555 Ha after    6 iterations (in       0.05 seconds).
SCF Change: DM 5.28286e-6; eev 3.06729e-4 Ha; etot -3.20720e-7 Ha
Energy:    -589.4050522763 Ha after    7 iterations (in       0.04 seconds).
SCF Change: DM 8.92225e-7; eev 8.55611e-5 Ha; etot -7.11771e-9 Ha
Energy:    -589.4050522834 Ha after    8 iterations (in       0.04 seconds).
SCF Change: DM 2.88768e-7; eev 2.09914e-5 Ha; etot -2.06569e-10 Ha
Energy:    -589.4050522836 Ha after    9 iterations (in       0.04 seconds).
SCF Change: DM 4.80833e-8; eev 3.87945e-6 Ha; etot -3.36513e-11 Ha
Energy:    -589.4050522836 Ha after   10 iterations (in       0.04 seconds).
SCF Change: DM 3.38531e-9; eev 1.90630e-7 Ha; etot -2.61480e-12 Ha
Energy:    -589.4050522836 Ha after   11 iterations (in       0.04 seconds).
SCF Change: DM 1.11087e-9; eev 1.18559e-7 Ha; etot -6.82121e-13 Ha
Energy:    -589.4050522836 Ha after   12 iterations (in       0.04 seconds).
SCF Change: DM 9.01142e-11; eev 1.07111e-8 Ha; etot -9.09495e-13 Ha
Energy:    -589.4050522836 Ha after   13 iterations (in       0.04 seconds).
SCF Change: DM 1.50835e-11; eev 1.35168e-9 Ha; etot 5.68434e-13 Ha
Energy:    -589.4050522836 Ha after   14 iterations (in       0.04 seconds).
SCF is converged after   14 iterations.
==========================================
Now evaluate the    PT2 correlation energy
==========================================
----------------------------------------------------------------------
Methods         :       Total Corr,          OS Corr,          SS Corr
----------------------------------------------------------------------
PT2             :      -0.77800632,      -0.53629503,      -0.24171130
----------------------------------------------------------------------
Fifth-rung correlation energy :      -0.234039149656 Ha
E[XYGJOS]=:    -587.82721783 Ha, Ex[HF]:     -42.48534180 Ha, Ec[PT2  ]:      -0.77800632 Ha
Mulliken population analysis:
  0-Na :  -0.117726
  1-Br :   0.117726

====================================================
              REST: Mission accomplished
====================================================
The SCF energy        :    -589.4050522836 Ha
The (R)-xDH energy    :    -587.8272178256 Ha
Detailed time report:
Overall   |:    1.961 s for the whole job
PT2       |:    0.095 s for the PT2 evaluation
SCF       |:    1.416 s for the scf procedure
