=========================================================
Input parameters for the REST calculation
=========================================================
Calculation type: Single-point energy
The exchange-correlation method: xygjos
Print level:                1
The number of threads used for parallelism:      8
The spheric-GTO basis set is taken from /home/symei/TZVPP-10-o-all
The pruning method is nwchem
The radial grid generation method is treutler
ERI Type: ri_v
Turn on the basis pair symmetry for RI 3D-tensors
The spheric-GTO auxiliary basis set is taken from /home/symei/def2-SV(P)-JKFIT
Spin polarization: Off
Charge:   0; Spin:   1
min_num_angular_points: 110
max_num_angular_points: 590
hardness: 3
Grid generation level: 3
Even tempered basis generation: false
SCF convergency thresholds: 1e-8 for density matrix
                            1e-8 Ha. for sum of eigenvalues
                            1e-8 Ha. for total energy
Max. SCF cycle number:      250
The diis mixing with (param, max_vec_len) = (0.2, 8) is employed for the SCF procedure
Turn on the diis mixing after 1 step(s) of SCF iteractions with the linear mixing
The specified checkfile exists but is not loaded because the keyword 'external_init_guess' is specified
It will be updated after the SCF procedure 
(none)
Initial guess is prepared by (sad).
It is a finite cluster calculation
the scf functional for 'xygjos' contains
The density functional 'B3LYP' belongs to the 'Hybrid GGA' family and is defined in the reference(s):
(0): P. J. Stephens, F. J. Devlin, C. F. Chabalowski, and M. J. Frisch.,  J. Phys. Chem. 98, 11623 (1994)
the post-scf functional 'xygjos' is employed, which contains
The density functional 'Slater exchange' belongs to the 'LDA' family and is defined in the reference(s):
(0): P. A. M. Dirac.,  Math. Proc. Cambridge Philos. Soc. 26, 376 (1930)
(1): F. Bloch.,  Z. Phys. 57, 545 (1929)
The density functional 'Becke 88' belongs to the 'GGA' family and is defined in the reference(s):
(0): A. D. Becke.,  Phys. Rev. A 38, 3098 (1988)
The density functional 'Vosko, Wilk & Nusair (VWN5_RPA)' belongs to the 'LDA' family and is defined in the reference(s):
(0): S. H. Vosko, L. Wilk, and M. Nusair.,  Can. J. Phys. 58, 1200 (1980)
The density functional 'Lee, Yang & Parr' belongs to the 'GGA' family and is defined in the reference(s):
(0): C. Lee, W. Yang, and R. G. Parr.,  Phys. Rev. B 37, 785 (1988)
(1): B. Miehlich, A. Savin, H. Stoll, and H. Preuss.,  Chem. Phys. Lett. 157, 200 (1989)
<start_mo> for the frozen-core post-SCF methods 0 is smaller than the number of ecp orbitals 15. Set <start_mo> = 0
Libxc version used in REST: 7.0.0
nbas: 62, natm: 4 for standard basis sets
First valence state for the frozen-core algorithm:     0
final nbas: 280,final natm: 8
numbasis: 186, num_auxbas: 926
Molecule_name: pbr3
Restricted Hartree-Fock (or Kohn-Sham) algorithm is invoked.
Nuc_energy:     547.91013936 Hartree
No ghost effective potential
No ghost point charges
Overlap matrix is nonsigular:
  Lowest eigenvalue:       0.00424592 with the total number of basis functions:    186
Grid size: 81592
Generate SAD of P
Generate SAD of Br
Initial guess HF energy:   -1622.3116091956085256
The total energy:     -1622.4507081713 Ha by the initial guess
Energy:   -1622.3906591911 Ha after    1 iterations (in       0.30 seconds).
SCF Change: DM 8.62529e-3; eev  1.29639e0 Ha; etot 1.46490e-1 Ha
Energy:   -1622.2441688047 Ha after    2 iterations (in       0.31 seconds).
SCF Change: DM 5.66152e-4; eev 1.11428e-1 Ha; etot -2.52946e-1 Ha
Energy:   -1622.4971147986 Ha after    3 iterations (in       0.29 seconds).
SCF Change: DM 1.85377e-4; eev 3.02330e-2 Ha; etot -3.14020e-4 Ha
Energy:   -1622.4974288186 Ha after    4 iterations (in       0.28 seconds).
SCF Change: DM 2.70504e-5; eev 5.68377e-3 Ha; etot -2.06656e-4 Ha
Energy:   -1622.4976354749 Ha after    5 iterations (in       0.29 seconds).
SCF Change: DM 6.15072e-6; eev 1.30803e-3 Ha; etot -3.47226e-6 Ha
Energy:   -1622.4976389472 Ha after    6 iterations (in       0.30 seconds).
SCF Change: DM 2.80835e-6; eev 4.23163e-4 Ha; etot -1.29875e-7 Ha
Energy:   -1622.4976390771 Ha after    7 iterations (in       0.32 seconds).
SCF Change: DM 9.96546e-7; eev 1.18793e-4 Ha; etot -3.64030e-8 Ha
Energy:   -1622.4976391135 Ha after    8 iterations (in       0.30 seconds).
SCF Change: DM 2.01187e-7; eev 2.35883e-5 Ha; etot -3.27032e-9 Ha
Energy:   -1622.4976391168 Ha after    9 iterations (in       0.35 seconds).
SCF Change: DM 6.95133e-8; eev 1.70107e-5 Ha; etot -9.45874e-11 Ha
Energy:   -1622.4976391169 Ha after   10 iterations (in       0.31 seconds).
SCF Change: DM 6.21662e-9; eev 1.01056e-6 Ha; etot -1.27329e-11 Ha
Energy:   -1622.4976391169 Ha after   11 iterations (in       0.30 seconds).
SCF Change: DM 2.50631e-9; eev 4.00607e-7 Ha; etot -2.52385e-11 Ha
Energy:   -1622.4976391169 Ha after   12 iterations (in       0.31 seconds).
SCF Change: DM 7.69627e-10; eev 1.10679e-7 Ha; etot -3.18323e-12 Ha
Energy:   -1622.4976391169 Ha after   13 iterations (in       0.29 seconds).
SCF Change: DM 9.21850e-11; eev 6.38081e-9 Ha; etot 2.72848e-11 Ha
Energy:   -1622.4976391169 Ha after   14 iterations (in       0.32 seconds).
SCF is converged after   14 iterations.
==========================================
Now evaluate the    PT2 correlation energy
==========================================
----------------------------------------------------------------------
Methods         :       Total Corr,          OS Corr,          SS Corr
----------------------------------------------------------------------
PT2             :      -2.12302096,      -1.45408936,      -0.66893160
----------------------------------------------------------------------
Fifth-rung correlation energy :      -0.634564596578 Ha
E[XYGJOS]=:   -1618.25191324 Ha, Ex[HF]:    -107.91106770 Ha, Ec[PT2  ]:      -2.12302096 Ha
Mulliken population analysis:
  0-P  :  -1.202858
  1-Br :   0.400953
  2-Br :   0.400952
  3-Br :   0.400952

====================================================
              REST: Mission accomplished
====================================================
The SCF energy        :   -1622.4976391169 Ha
The (R)-xDH energy    :   -1618.2519132426 Ha
Detailed time report:
Overall   |:    8.987 s for the whole job
PT2       |:    0.822 s for the PT2 evaluation
SCF       |:    7.705 s for the scf procedure
