=========================================================
Input parameters for the REST calculation
=========================================================
Calculation type: Single-point energy
The exchange-correlation method: xygjos
Print level:                1
The number of threads used for parallelism:      8
The spheric-GTO basis set is taken from /home/symei/TZVPP-10-o-all
The pruning method is nwchem
The radial grid generation method is treutler
ERI Type: ri_v
Turn on the basis pair symmetry for RI 3D-tensors
The spheric-GTO auxiliary basis set is taken from /home/symei/def2-SV(P)-JKFIT
Spin polarization: Off
Charge:   0; Spin:   1
min_num_angular_points: 110
max_num_angular_points: 590
hardness: 3
Grid generation level: 3
Even tempered basis generation: false
SCF convergency thresholds: 1e-8 for density matrix
                            1e-8 Ha. for sum of eigenvalues
                            1e-8 Ha. for total energy
Max. SCF cycle number:      250
The diis mixing with (param, max_vec_len) = (0.2, 8) is employed for the SCF procedure
Turn on the diis mixing after 1 step(s) of SCF iteractions with the linear mixing
The specified checkfile exists but is not loaded because the keyword 'external_init_guess' is specified
It will be updated after the SCF procedure 
(none)
Initial guess is prepared by (sad).
It is a finite cluster calculation
the scf functional for 'xygjos' contains
The density functional 'B3LYP' belongs to the 'Hybrid GGA' family and is defined in the reference(s):
(0): P. J. Stephens, F. J. Devlin, C. F. Chabalowski, and M. J. Frisch.,  J. Phys. Chem. 98, 11623 (1994)
the post-scf functional 'xygjos' is employed, which contains
The density functional 'Slater exchange' belongs to the 'LDA' family and is defined in the reference(s):
(0): P. A. M. Dirac.,  Math. Proc. Cambridge Philos. Soc. 26, 376 (1930)
(1): F. Bloch.,  Z. Phys. 57, 545 (1929)
The density functional 'Becke 88' belongs to the 'GGA' family and is defined in the reference(s):
(0): A. D. Becke.,  Phys. Rev. A 38, 3098 (1988)
The density functional 'Vosko, Wilk & Nusair (VWN5_RPA)' belongs to the 'LDA' family and is defined in the reference(s):
(0): S. H. Vosko, L. Wilk, and M. Nusair.,  Can. J. Phys. 58, 1200 (1980)
The density functional 'Lee, Yang & Parr' belongs to the 'GGA' family and is defined in the reference(s):
(0): C. Lee, W. Yang, and R. G. Parr.,  Phys. Rev. B 37, 785 (1988)
(1): B. Miehlich, A. Savin, H. Stoll, and H. Preuss.,  Chem. Phys. Lett. 157, 200 (1989)
<start_mo> for the frozen-core post-SCF methods 0 is smaller than the number of ecp orbitals 5. Set <start_mo> = 0
Libxc version used in REST: 7.0.0
nbas: 148, natm: 18 for standard basis sets
First valence state for the frozen-core algorithm:     0
final nbas: 424,final natm: 36
numbasis: 388, num_auxbas: 914
Molecule_name: ring-c6br1
Restricted Hartree-Fock (or Kohn-Sham) algorithm is invoked.
Nuc_energy:     432.58454865 Hartree
No ghost effective potential
No ghost point charges
Overlap matrix is nonsigular:
  Lowest eigenvalue:       0.00009141 with the total number of basis functions:    388
Grid size: 214580
Generate SAD of C
Generate SAD of H
Generate SAD of Br
Initial guess HF energy:    -663.7893586776176562
The total energy:      -661.7816325704 Ha by the initial guess
Energy:    -660.8171938597 Ha after    1 iterations (in       1.28 seconds).
SCF Change: DM 1.83740e-2; eev  5.96417e0 Ha; etot  3.22172e0 Ha
Energy:    -657.5954701896 Ha after    2 iterations (in       1.33 seconds).
SCF Change: DM 6.43963e-3; eev  1.36118e0 Ha; etot -4.72270e0 Ha
Energy:    -662.3181667353 Ha after    3 iterations (in       1.29 seconds).
SCF Change: DM 2.35889e-3; eev 4.87402e-1 Ha; etot -3.01066e-2 Ha
Energy:    -662.3482733134 Ha after    4 iterations (in       1.34 seconds).
SCF Change: DM 9.32769e-4; eev 1.48620e-1 Ha; etot -5.22202e-2 Ha
Energy:    -662.4004934737 Ha after    5 iterations (in       1.32 seconds).
SCF Change: DM 1.30945e-4; eev 4.67333e-2 Ha; etot -1.20618e-3 Ha
Energy:    -662.4016996571 Ha after    6 iterations (in       1.36 seconds).
SCF Change: DM 2.05312e-5; eev 9.09567e-3 Ha; etot -7.55069e-5 Ha
Energy:    -662.4017751640 Ha after    7 iterations (in       1.32 seconds).
SCF Change: DM 4.80450e-6; eev 1.32671e-3 Ha; etot -6.36481e-6 Ha
Energy:    -662.4017815288 Ha after    8 iterations (in       1.31 seconds).
SCF Change: DM 1.35775e-6; eev 3.95470e-4 Ha; etot -2.17808e-7 Ha
Energy:    -662.4017817466 Ha after    9 iterations (in       1.35 seconds).
SCF Change: DM 4.89409e-7; eev 1.47087e-4 Ha; etot -2.74849e-8 Ha
Energy:    -662.4017817741 Ha after   10 iterations (in       1.38 seconds).
SCF Change: DM 6.38384e-8; eev 1.83232e-5 Ha; etot -1.87356e-9 Ha
Energy:    -662.4017817759 Ha after   11 iterations (in       1.28 seconds).
SCF Change: DM 1.72846e-8; eev 3.14766e-6 Ha; etot -4.61569e-11 Ha
Energy:    -662.4017817760 Ha after   12 iterations (in       1.23 seconds).
SCF Change: DM 8.82317e-9; eev 1.12186e-6 Ha; etot -5.45697e-12 Ha
Energy:    -662.4017817760 Ha after   13 iterations (in       1.29 seconds).
SCF Change: DM 3.07536e-9; eev 8.31477e-7 Ha; etot -1.27329e-11 Ha
Energy:    -662.4017817760 Ha after   14 iterations (in       1.31 seconds).
SCF Change: DM 8.23188e-10; eev 2.78730e-7 Ha; etot 2.86491e-11 Ha
Energy:    -662.4017817760 Ha after   15 iterations (in       1.23 seconds).
SCF Change: DM 2.92883e-10; eev 6.51865e-8 Ha; etot 1.47793e-11 Ha
Energy:    -662.4017817760 Ha after   16 iterations (in       1.23 seconds).
SCF Change: DM 1.38003e-10; eev 2.30525e-8 Ha; etot -3.59250e-11 Ha
Energy:    -662.4017817760 Ha after   17 iterations (in       1.26 seconds).
SCF Change: DM 1.00040e-11; eev 4.41837e-9 Ha; etot 8.75389e-12 Ha
Energy:    -662.4017817760 Ha after   18 iterations (in       1.33 seconds).
SCF is converged after   18 iterations.
==========================================
Now evaluate the    PT2 correlation energy
==========================================
----------------------------------------------------------------------
Methods         :       Total Corr,          OS Corr,          SS Corr
----------------------------------------------------------------------
PT2             :      -2.15922148,      -1.61002384,      -0.54919764
----------------------------------------------------------------------
Fifth-rung correlation energy :      -0.702614402938 Ha
E[XYGJOS]=:    -660.48179867 Ha, Ex[HF]:     -63.52058898 Ha, Ec[PT2  ]:      -2.15922148 Ha
Mulliken population analysis:
  0-C  :  -0.086090
  1-C  :  -0.932880
  2-C  :  -0.086091
  3-C  :  -0.114623
  4-C  :  -0.125685
  5-C  :  -0.114624
  6-H  :   0.088487
  7-H  :   0.137340
  8-H  :   0.075221
  9-H  :   0.088487
 10-H  :   0.057538
 11-H  :   0.077979
 12-H  :   0.072296
 13-H  :   0.057315
 14-H  :   0.057537
 15-H  :   0.077980
 16-H  :   0.075222
 17-Br :   0.594591

====================================================
              REST: Mission accomplished
====================================================
The SCF energy        :    -662.4017817760 Ha
The (R)-xDH energy    :    -660.4817986703 Ha
Detailed time report:
PT2       |:    2.673 s for the PT2 evaluation
Overall   |:   39.260 s for the whole job
SCF       |:   36.111 s for the scf procedure
