Use the default path (/opt/rest_workspace/rest/basis-set-pool/) as rest_basis_dir.
The specified path for the basis sets: /home/symei/basis/br/TZVPP-10-o-all
The specified path for the basis sets: /home/symei/def2-SV(P)-JKFIT
=========================================================
      Input parameters for the REST calculation
=========================================================
Calculation type: Single-point energy
Cube output: wavefunction
The exchange-correlation method: xygjos
Print level:                1
The number of threads used for parallelism:      8
The spheric-GTO basis set is taken from /home/symei/basis/br/TZVPP-10-o-all
The spheric-GTO auxiliary basis set is taken from /home/symei/def2-SV(P)-JKFIT
Charge:   0; Spin:   1
Spin polarization: Off
Input molecular structure (in Angstrom): ----------
C       -0.18653200     -0.73886500     -0.02580000
H        0.19521800     -1.20401300     -0.92804000
C        0.18653200      0.73886500     -0.02580000
H       -0.19521800      1.20401300     -0.92804000
C        0.18653200     -1.54131200      1.20333900
C       -0.18653200      1.54131200      1.20333900
H        0.08998800      2.58529600      1.07252400
H       -1.26605400      1.48824200      1.35564900
H        0.30968600      1.16784600      2.09710400
H        1.26605400     -1.48824200      1.35564900
H       -0.30968600     -1.16784600      2.09710400
H       -0.08998800     -2.58529600      1.07252400
Br       2.17502400      0.84308500     -0.30464200
Br      -2.17502400     -0.84308500     -0.30464200
End of molecular structure ------------------------
ERI Type: ri_v
SCF convergency thresholds: 1e-8 for density matrix
                            1e-8 Ha. for sum of eigenvalues
                            1e-8 Ha. for total energy
Max. SCF cycle number:      250
It is a finite cluster calculation
The specified checkfile exists but is not loaded because the keyword 'external_init_guess' is specified
It will be updated after the SCF procedure 
(none)
=========================================================
the scf functional for 'xygjos' contains
The density functional 'B3LYP' belongs to the 'Hybrid GGA' family and is defined in the reference(s):
(0): P. J. Stephens, F. J. Devlin, C. F. Chabalowski, and M. J. Frisch.,  J. Phys. Chem. 98, 11623 (1994)
the post-scf functional 'xygjos' is employed, which contains
The density functional 'Slater exchange' belongs to the 'LDA' family and is defined in the reference(s):
(0): P. A. M. Dirac.,  Math. Proc. Cambridge Philos. Soc. 26, 376 (1930)
(1): F. Bloch.,  Z. Phys. 57, 545 (1929)
The density functional 'Becke 88' belongs to the 'GGA' family and is defined in the reference(s):
(0): A. D. Becke.,  Phys. Rev. A 38, 3098 (1988)
The density functional 'Vosko, Wilk & Nusair (VWN5_RPA)' belongs to the 'LDA' family and is defined in the reference(s):
(0): S. H. Vosko, L. Wilk, and M. Nusair.,  Can. J. Phys. 58, 1200 (1980)
The density functional 'Lee, Yang & Parr' belongs to the 'GGA' family and is defined in the reference(s):
(0): C. Lee, W. Yang, and R. G. Parr.,  Phys. Rev. B 37, 785 (1988)
(1): B. Miehlich, A. Savin, H. Stoll, and H. Preuss.,  Chem. Phys. Lett. 157, 200 (1989)
<start_mo> for the frozen-core post-SCF methods 0 is smaller than the number of ecp orbitals 10. Set <start_mo> = 0
Libxc version used in REST: 7.0.0
nbas: 124, natm: 14 for standard basis sets
First valence state for the frozen-core algorithm:     0
final nbas: 392,final natm: 28
numbasis: 332, num_auxbas: 976
Molecule_name: c-cbrcbr-c
Restricted Hartree-Fock (or Kohn-Sham) algorithm is invoked.
Nuc_energy:     487.51053470 Hartree
No ghost effective potential
No ghost point charges
Overlap matrix is nonsigular:
  Lowest eigenvalue:       0.00016151 with the total number of basis functions:    332
Grid size: 177608

=======================
Generating SAD for atom: C
=======================
SAD generation for C complete.

=======================
Generating SAD for atom: H
=======================
SAD generation for H complete.

=======================
Generating SAD for atom: Br
=======================
SAD generation for Br complete.
Initial guess energy using single atom density (SAD):    -992.9115007609748318
The total energy:      -991.5359824212 Ha by the initial guess
Energy:    -990.8363286914 Ha after    1 iterations (in       0.78 seconds).
SCF Change: DM 2.10934e-2; eev  4.55069e0 Ha; etot  5.50628e0 Ha
Energy:    -985.3300445539 Ha after    2 iterations (in       0.81 seconds).
SCF Change: DM 2.42043e-3; eev  1.06706e0 Ha; etot -6.54793e0 Ha
Energy:    -991.8779756003 Ha after    3 iterations (in       0.78 seconds).
SCF Change: DM 9.62908e-4; eev 3.83415e-1 Ha; etot -4.64791e-2 Ha
Energy:    -991.9244547022 Ha after    4 iterations (in       0.78 seconds).
SCF Change: DM 2.50890e-4; eev 1.01150e-1 Ha; etot -5.10643e-2 Ha
Energy:    -991.9755189838 Ha after    5 iterations (in       0.75 seconds).
SCF Change: DM 5.25376e-5; eev 3.48840e-2 Ha; etot -7.45204e-4 Ha
Energy:    -991.9762641881 Ha after    6 iterations (in       0.75 seconds).
SCF Change: DM 1.13134e-5; eev 9.30347e-3 Ha; etot -3.91222e-5 Ha
Energy:    -991.9763033104 Ha after    7 iterations (in       0.81 seconds).
SCF Change: DM 2.62311e-6; eev 7.00273e-4 Ha; etot -4.86381e-6 Ha
Energy:    -991.9763081742 Ha after    8 iterations (in       0.81 seconds).
SCF Change: DM 1.07144e-6; eev 4.17507e-4 Ha; etot -1.17163e-7 Ha
Energy:    -991.9763082913 Ha after    9 iterations (in       0.80 seconds).
SCF Change: DM 1.57519e-7; eev 6.25998e-5 Ha; etot -1.63154e-8 Ha
Energy:    -991.9763083077 Ha after   10 iterations (in       0.76 seconds).
SCF Change: DM 1.55782e-8; eev 1.43988e-6 Ha; etot -6.89624e-10 Ha
Energy:    -991.9763083083 Ha after   11 iterations (in       0.80 seconds).
SCF Change: DM 3.83196e-9; eev 4.20042e-7 Ha; etot 4.00178e-11 Ha
Energy:    -991.9763083083 Ha after   12 iterations (in       0.77 seconds).
SCF Change: DM 1.18027e-9; eev 1.87908e-7 Ha; etot 2.95586e-12 Ha
Energy:    -991.9763083083 Ha after   13 iterations (in       0.76 seconds).
SCF Change: DM 3.15134e-10; eev 3.59666e-8 Ha; etot 1.90994e-11 Ha
Energy:    -991.9763083083 Ha after   14 iterations (in       0.79 seconds).
SCF Change: DM 7.06137e-11; eev 2.49929e-8 Ha; etot -3.36513e-11 Ha
Energy:    -991.9763083083 Ha after   15 iterations (in       0.82 seconds).
SCF Change: DM 1.80085e-11; eev 6.13281e-9 Ha; etot 3.62661e-11 Ha
Energy:    -991.9763083083 Ha after   16 iterations (in       0.78 seconds).
SCF is converged after   16 iterations.
==========================================
Now evaluate the    PT2 correlation energy
==========================================
----------------------------------------------------------------------
Methods         :       Total Corr,          OS Corr,          SS Corr
----------------------------------------------------------------------
PT2             :      -2.22402254,      -1.60740350,      -0.61661904
----------------------------------------------------------------------
Fifth-rung correlation energy :      -0.701470888084 Ha
E[XYGJOS]=:    -990.19747962 Ha, Ex[HF]:     -82.41795122 Ha, Ec[PT2  ]:      -2.22402254 Ha
Mulliken population analysis:
  0-C  :  -0.158764
  1-H  :   0.152599
  2-C  :  -0.158764
  3-H  :   0.152599
  4-C  :  -0.234658
  5-C  :  -0.234658
  6-H  :   0.106306
  7-H  :   0.103040
  8-H  :   0.092229
  9-H  :   0.103040
 10-H  :   0.092229
 11-H  :   0.106306
 12-Br :  -0.060752
 13-Br :  -0.060752

====================================================
              REST: Mission accomplished
====================================================
The SCF energy        :    -991.9763083083 Ha
The (R)-xDH energy    :    -990.1974796236 Ha
Detailed time report:
Overall   |:   23.327 s for the whole job
PT2       |:    1.751 s for the PT2 evaluation
SCF       |:   21.571 s for the scf procedure
