Use the default path (/opt/rest_workspace/rest/basis-set-pool/) as rest_basis_dir.
The specified path for the basis sets: /home/symei/basis/br/TZVPP-10-o-all
The specified path for the basis sets: /home/symei/def2-SV(P)-JKFIT
=========================================================
      Input parameters for the REST calculation
=========================================================
Calculation type: Single-point energy
Cube output: wavefunction
The exchange-correlation method: xygjos
Print level:                1
The number of threads used for parallelism:      8
The spheric-GTO basis set is taken from /home/symei/basis/br/TZVPP-10-o-all
The spheric-GTO auxiliary basis set is taken from /home/symei/def2-SV(P)-JKFIT
Charge:   0; Spin:   1
Spin polarization: Off
Input molecular structure (in Angstrom): ----------
C       -0.00000000     -0.00000400     -0.00000500
Br       0.00579400      1.79880600      0.76886500
Br      -1.59789300     -0.23190000     -1.10448200
Br       1.59667200     -0.24239800     -1.10399300
Br      -0.00457300     -1.32450800      1.43961000
End of molecular structure ------------------------
ERI Type: ri_v
SCF convergency thresholds: 1e-8 for density matrix
                            1e-8 Ha. for sum of eigenvalues
                            1e-8 Ha. for total energy
Max. SCF cycle number:      250
It is a finite cluster calculation
The specified checkfile exists but is not loaded because the keyword 'external_init_guess' is specified
It will be updated after the SCF procedure 
(none)
=========================================================
the scf functional for 'xygjos' contains
The density functional 'B3LYP' belongs to the 'Hybrid GGA' family and is defined in the reference(s):
(0): P. J. Stephens, F. J. Devlin, C. F. Chabalowski, and M. J. Frisch.,  J. Phys. Chem. 98, 11623 (1994)
the post-scf functional 'xygjos' is employed, which contains
The density functional 'Slater exchange' belongs to the 'LDA' family and is defined in the reference(s):
(0): P. A. M. Dirac.,  Math. Proc. Cambridge Philos. Soc. 26, 376 (1930)
(1): F. Bloch.,  Z. Phys. 57, 545 (1929)
The density functional 'Becke 88' belongs to the 'GGA' family and is defined in the reference(s):
(0): A. D. Becke.,  Phys. Rev. A 38, 3098 (1988)
The density functional 'Vosko, Wilk & Nusair (VWN5_RPA)' belongs to the 'LDA' family and is defined in the reference(s):
(0): S. H. Vosko, L. Wilk, and M. Nusair.,  Can. J. Phys. 58, 1200 (1980)
The density functional 'Lee, Yang & Parr' belongs to the 'GGA' family and is defined in the reference(s):
(0): C. Lee, W. Yang, and R. G. Parr.,  Phys. Rev. B 37, 785 (1988)
(1): B. Miehlich, A. Savin, H. Stoll, and H. Preuss.,  Chem. Phys. Lett. 157, 200 (1989)
<start_mo> for the frozen-core post-SCF methods 0 is smaller than the number of ecp orbitals 20. Set <start_mo> = 0
Libxc version used in REST: 7.0.0
nbas: 75, natm: 5 for standard basis sets
First valence state for the frozen-core algorithm:     0
final nbas: 340,final natm: 10
numbasis: 223, num_auxbas: 1139
Molecule_name: cbr4
Restricted Hartree-Fock (or Kohn-Sham) algorithm is invoked.
Nuc_energy:     783.49520379 Hartree
No ghost effective potential
No ghost point charges
Overlap matrix is nonsigular:
  Lowest eigenvalue:       0.00320099 with the total number of basis functions:    223
Grid size: 97518

=======================
Generating SAD for atom: C
=======================
SAD generation for C complete.

=======================
Generating SAD for atom: Br
=======================
SAD generation for Br complete.
Initial guess energy using single atom density (SAD):   -1708.0285666889633376
The total energy:     -1707.3833889860 Ha by the initial guess
Energy:   -1707.3435883918 Ha after    1 iterations (in       0.33 seconds).
SCF Change: DM 3.26074e-3; eev 7.95883e-1 Ha; etot 3.39514e-1 Ha
Energy:   -1707.0040740487 Ha after    2 iterations (in       0.32 seconds).
SCF Change: DM 1.46145e-4; eev 4.68721e-2 Ha; etot -3.93475e-1 Ha
Energy:   -1707.3975486845 Ha after    3 iterations (in       0.38 seconds).
SCF Change: DM 3.34629e-5; eev 1.71867e-2 Ha; etot -3.10499e-4 Ha
Energy:   -1707.3978591830 Ha after    4 iterations (in       0.36 seconds).
SCF Change: DM 1.02011e-5; eev 5.99191e-3 Ha; etot -2.51316e-5 Ha
Energy:   -1707.3978843146 Ha after    5 iterations (in       0.33 seconds).
SCF Change: DM 1.76447e-6; eev 9.66827e-4 Ha; etot -5.08686e-7 Ha
Energy:   -1707.3978848233 Ha after    6 iterations (in       0.32 seconds).
SCF Change: DM 2.30833e-7; eev 3.49149e-5 Ha; etot -5.02978e-8 Ha
Energy:   -1707.3978848736 Ha after    7 iterations (in       0.37 seconds).
SCF Change: DM 2.08580e-8; eev 4.04330e-6 Ha; etot -9.27912e-10 Ha
Energy:   -1707.3978848746 Ha after    8 iterations (in       0.36 seconds).
SCF Change: DM 6.19930e-9; eev 1.28261e-6 Ha; etot -3.88809e-11 Ha
Energy:   -1707.3978848746 Ha after    9 iterations (in       0.38 seconds).
SCF Change: DM 2.98927e-9; eev 6.13735e-7 Ha; etot -4.54747e-12 Ha
Energy:   -1707.3978848746 Ha after   10 iterations (in       0.40 seconds).
SCF Change: DM 5.91854e-11; eev 1.72188e-8 Ha; etot 6.54836e-11 Ha
Energy:   -1707.3978848745 Ha after   11 iterations (in       0.36 seconds).
SCF Change: DM 9.10494e-12; eev 4.45768e-9 Ha; etot -3.56977e-11 Ha
Energy:   -1707.3978848746 Ha after   12 iterations (in       0.38 seconds).
SCF is converged after   12 iterations.
==========================================
Now evaluate the    PT2 correlation energy
==========================================
----------------------------------------------------------------------
Methods         :       Total Corr,          OS Corr,          SS Corr
----------------------------------------------------------------------
PT2             :      -2.57421494,      -1.75113617,      -0.82307877
----------------------------------------------------------------------
Fifth-rung correlation energy :      -0.764195824795 Ha
E[XYGJOS]=:   -1704.60786053 Ha, Ex[HF]:    -122.77381810 Ha, Ec[PT2  ]:      -2.57421494 Ha
Mulliken population analysis:
  0-C  :  -0.458071
  1-Br :   0.114510
  2-Br :   0.114514
  3-Br :   0.114514
  4-Br :   0.114532

====================================================
              REST: Mission accomplished
====================================================
The SCF energy        :   -1707.3978848746 Ha
The (R)-xDH energy    :   -1704.6078605309 Ha
Detailed time report:
Overall   |:   10.312 s for the whole job
SCF       |:    9.146 s for the scf procedure
PT2       |:    1.163 s for the PT2 evaluation
