Use the default path (/opt/rest_workspace/rest/basis-set-pool/) as rest_basis_dir.
The specified path for the basis sets: /home/symei/basis/br/TZVPP-10-o-all
The specified path for the basis sets: /home/symei/def2-SV(P)-JKFIT
=========================================================
      Input parameters for the REST calculation
=========================================================
Calculation type: Single-point energy
Cube output: wavefunction
The exchange-correlation method: xygjos
Print level:                1
The number of threads used for parallelism:      8
The spheric-GTO basis set is taken from /home/symei/basis/br/TZVPP-10-o-all
The spheric-GTO auxiliary basis set is taken from /home/symei/def2-SV(P)-JKFIT
Charge:   0; Spin:   1
Spin polarization: Off
Input molecular structure (in Angstrom): ----------
C        0.49336000      0.56750800     -0.00000000
H        1.11293600      0.58026500      0.88942600
H        1.11293600      0.58026500     -0.88942600
C       -0.49336000     -0.56750800      0.00000000
H       -1.11293600     -0.58026500      0.88942600
H       -1.11293600     -0.58026500     -0.88942600
Br      -0.49336000      2.28204400     -0.00000000
Br       0.49336000     -2.28204400      0.00000000
End of molecular structure ------------------------
ERI Type: ri_v
SCF convergency thresholds: 1e-8 for density matrix
                            1e-8 Ha. for sum of eigenvalues
                            1e-8 Ha. for total energy
Max. SCF cycle number:      250
It is a finite cluster calculation
The specified checkfile exists but is not loaded because the keyword 'external_init_guess' is specified
It will be updated after the SCF procedure 
(none)
=========================================================
the scf functional for 'xygjos' contains
The density functional 'B3LYP' belongs to the 'Hybrid GGA' family and is defined in the reference(s):
(0): P. J. Stephens, F. J. Devlin, C. F. Chabalowski, and M. J. Frisch.,  J. Phys. Chem. 98, 11623 (1994)
the post-scf functional 'xygjos' is employed, which contains
The density functional 'Slater exchange' belongs to the 'LDA' family and is defined in the reference(s):
(0): P. A. M. Dirac.,  Math. Proc. Cambridge Philos. Soc. 26, 376 (1930)
(1): F. Bloch.,  Z. Phys. 57, 545 (1929)
The density functional 'Becke 88' belongs to the 'GGA' family and is defined in the reference(s):
(0): A. D. Becke.,  Phys. Rev. A 38, 3098 (1988)
The density functional 'Vosko, Wilk & Nusair (VWN5_RPA)' belongs to the 'LDA' family and is defined in the reference(s):
(0): S. H. Vosko, L. Wilk, and M. Nusair.,  Can. J. Phys. 58, 1200 (1980)
The density functional 'Lee, Yang & Parr' belongs to the 'GGA' family and is defined in the reference(s):
(0): C. Lee, W. Yang, and R. G. Parr.,  Phys. Rev. B 37, 785 (1988)
(1): B. Miehlich, A. Savin, H. Stoll, and H. Preuss.,  Chem. Phys. Lett. 157, 200 (1989)
<start_mo> for the frozen-core post-SCF methods 0 is smaller than the number of ecp orbitals 10. Set <start_mo> = 0
Libxc version used in REST: 7.0.0
nbas: 78, natm: 8 for standard basis sets
First valence state for the frozen-core algorithm:     0
final nbas: 272,final natm: 16
numbasis: 214, num_auxbas: 754
Molecule_name: cbrcbr
Restricted Hartree-Fock (or Kohn-Sham) algorithm is invoked.
Nuc_energy:     276.82755254 Hartree
No ghost effective potential
No ghost point charges
Overlap matrix is nonsigular:
  Lowest eigenvalue:       0.00035717 with the total number of basis functions:    214
Grid size: 109708

=======================
Generating SAD for atom: C
=======================
SAD generation for C complete.

=======================
Generating SAD for atom: H
=======================
SAD generation for H complete.

=======================
Generating SAD for atom: Br
=======================
SAD generation for Br complete.
Initial guess energy using single atom density (SAD):    -913.7775299916384029
The total energy:      -913.1014360464 Ha by the initial guess
Energy:    -912.7441895529 Ha after    1 iterations (in       0.28 seconds).
SCF Change: DM 1.02076e-2; eev  2.99065e0 Ha; etot  1.78331e0 Ha
Energy:    -910.9608809674 Ha after    2 iterations (in       0.27 seconds).
SCF Change: DM 1.41252e-3; eev 5.47495e-1 Ha; etot -2.34162e0 Ha
Energy:    -913.3025053412 Ha after    3 iterations (in       0.32 seconds).
SCF Change: DM 6.13117e-4; eev 2.93349e-1 Ha; etot -6.92414e-3 Ha
Energy:    -913.3094294838 Ha after    4 iterations (in       0.28 seconds).
SCF Change: DM 6.01055e-5; eev 2.54352e-2 Ha; etot -3.71593e-3 Ha
Energy:    -913.3131454089 Ha after    5 iterations (in       0.27 seconds).
SCF Change: DM 1.21207e-5; eev 2.73783e-3 Ha; etot -4.86353e-5 Ha
Energy:    -913.3131940442 Ha after    6 iterations (in       0.33 seconds).
SCF Change: DM 3.66063e-6; eev 1.62185e-3 Ha; etot -2.19360e-6 Ha
Energy:    -913.3131962378 Ha after    7 iterations (in       0.28 seconds).
SCF Change: DM 7.98842e-7; eev 1.86219e-4 Ha; etot -1.10476e-7 Ha
Energy:    -913.3131963482 Ha after    8 iterations (in       0.27 seconds).
SCF Change: DM 1.65463e-7; eev 2.69356e-5 Ha; etot -7.99946e-9 Ha
Energy:    -913.3131963562 Ha after    9 iterations (in       0.28 seconds).
SCF Change: DM 2.65510e-8; eev 2.82130e-6 Ha; etot -2.23508e-10 Ha
Energy:    -913.3131963565 Ha after   10 iterations (in       0.28 seconds).
SCF Change: DM 6.25955e-9; eev 1.52170e-6 Ha; etot 5.11591e-12 Ha
Energy:    -913.3131963565 Ha after   11 iterations (in       0.27 seconds).
SCF Change: DM 9.70866e-10; eev 3.70703e-7 Ha; etot -1.13687e-11 Ha
Energy:    -913.3131963565 Ha after   12 iterations (in       0.28 seconds).
SCF Change: DM 1.39753e-10; eev 1.22472e-8 Ha; etot -3.06954e-12 Ha
Energy:    -913.3131963565 Ha after   13 iterations (in       0.29 seconds).
SCF Change: DM 2.78321e-11; eev 7.25013e-9 Ha; etot 1.44382e-11 Ha
Energy:    -913.3131963565 Ha after   14 iterations (in       0.28 seconds).
SCF is converged after   14 iterations.
==========================================
Now evaluate the    PT2 correlation energy
==========================================
----------------------------------------------------------------------
Methods         :       Total Corr,          OS Corr,          SS Corr
----------------------------------------------------------------------
PT2             :      -1.67218562,      -1.18485140,      -0.48733423
----------------------------------------------------------------------
Fifth-rung correlation energy :      -0.517069149084 Ha
E[XYGJOS]=:    -911.74744560 Ha, Ex[HF]:     -70.60918746 Ha, Ec[PT2  ]:      -1.67218562 Ha
Mulliken population analysis:
  0-C  :  -0.251801
  1-H  :   0.150067
  2-H  :   0.150067
  3-C  :  -0.251801
  4-H  :   0.150067
  5-H  :   0.150067
  6-Br :  -0.048334
  7-Br :  -0.048334

====================================================
              REST: Mission accomplished
====================================================
The SCF energy        :    -913.3131963565 Ha
The (R)-xDH energy    :    -911.7474455975 Ha
Detailed time report:
Overall   |:    8.620 s for the whole job
PT2       |:    0.646 s for the PT2 evaluation
SCF       |:    7.970 s for the scf procedure
