Use the default path (/opt/rest_workspace/rest/basis-set-pool/) as rest_basis_dir.
The specified path for the basis sets: /home/symei/basis/br/TZVPP-10-o-all
The specified path for the basis sets: /home/symei/def2-SV(P)-JKFIT
=========================================================
      Input parameters for the REST calculation
=========================================================
Calculation type: Single-point energy
Cube output: wavefunction
The exchange-correlation method: xygjos
Print level:                1
The number of threads used for parallelism:      8
The spheric-GTO basis set is taken from /home/symei/basis/br/TZVPP-10-o-all
The spheric-GTO auxiliary basis set is taken from /home/symei/def2-SV(P)-JKFIT
Charge:   0; Spin:   1
Spin polarization: Off
Input molecular structure (in Angstrom): ----------
C        2.20091200      2.05710300     -0.00000000
H        1.93155800      2.64127800      0.88192900
H        1.93155800      2.64127800     -0.88192900
H        3.28477600      1.93823600     -0.00000000
C        1.50836700      0.69179300     -0.00000000
H        1.81503800      0.11698300     -0.87547500
H        1.81503800      0.11698300      0.87547500
C       -0.00000000      0.84205000     -0.00000000
H       -0.36406900      1.35404500     -0.88626200
H       -0.36406900      1.35404500      0.88626200
Br      -0.92301400     -0.90595800      0.00000000
End of molecular structure ------------------------
ERI Type: ri_v
SCF convergency thresholds: 1e-8 for density matrix
                            1e-8 Ha. for sum of eigenvalues
                            1e-8 Ha. for total energy
Max. SCF cycle number:      250
It is a finite cluster calculation
The specified checkfile exists but is not loaded because the keyword 'external_init_guess' is specified
It will be updated after the SCF procedure 
(none)
=========================================================
the scf functional for 'xygjos' contains
The density functional 'B3LYP' belongs to the 'Hybrid GGA' family and is defined in the reference(s):
(0): P. J. Stephens, F. J. Devlin, C. F. Chabalowski, and M. J. Frisch.,  J. Phys. Chem. 98, 11623 (1994)
the post-scf functional 'xygjos' is employed, which contains
The density functional 'Slater exchange' belongs to the 'LDA' family and is defined in the reference(s):
(0): P. A. M. Dirac.,  Math. Proc. Cambridge Philos. Soc. 26, 376 (1930)
(1): F. Bloch.,  Z. Phys. 57, 545 (1929)
The density functional 'Becke 88' belongs to the 'GGA' family and is defined in the reference(s):
(0): A. D. Becke.,  Phys. Rev. A 38, 3098 (1988)
The density functional 'Vosko, Wilk & Nusair (VWN5_RPA)' belongs to the 'LDA' family and is defined in the reference(s):
(0): S. H. Vosko, L. Wilk, and M. Nusair.,  Can. J. Phys. 58, 1200 (1980)
The density functional 'Lee, Yang & Parr' belongs to the 'GGA' family and is defined in the reference(s):
(0): C. Lee, W. Yang, and R. G. Parr.,  Phys. Rev. B 37, 785 (1988)
(1): B. Miehlich, A. Savin, H. Stoll, and H. Preuss.,  Chem. Phys. Lett. 157, 200 (1989)
<start_mo> for the frozen-core post-SCF methods 0 is smaller than the number of ecp orbitals 5. Set <start_mo> = 0
Libxc version used in REST: 7.0.0
nbas: 91, natm: 11 for standard basis sets
First valence state for the frozen-core algorithm:     0
final nbas: 268,final natm: 22
numbasis: 239, num_auxbas: 617
Molecule_name: cccbr1
Restricted Hartree-Fock (or Kohn-Sham) algorithm is invoked.
Nuc_energy:     189.58800727 Hartree
No ghost effective potential
No ghost point charges
Overlap matrix is nonsigular:
  Lowest eigenvalue:       0.00026850 with the total number of basis functions:    239
Grid size: 132778

=======================
Generating SAD for atom: C
=======================
SAD generation for C complete.

=======================
Generating SAD for atom: H
=======================
SAD generation for H complete.

=======================
Generating SAD for atom: Br
=======================
SAD generation for Br complete.
Initial guess energy using single atom density (SAD):    -536.4353600094087824
The total energy:      -535.5707157660 Ha by the initial guess
Energy:    -535.1434845428 Ha after    1 iterations (in       0.33 seconds).
SCF Change: DM 1.35466e-2; eev  3.69262e0 Ha; etot  1.84425e0 Ha
Energy:    -533.2992342926 Ha after    2 iterations (in       0.33 seconds).
SCF Change: DM 2.92377e-3; eev 9.84868e-1 Ha; etot -2.57641e0 Ha
Energy:    -535.8756434690 Ha after    3 iterations (in       0.36 seconds).
SCF Change: DM 1.05191e-3; eev 3.49991e-1 Ha; etot -1.70599e-2 Ha
Energy:    -535.8927033921 Ha after    4 iterations (in       0.34 seconds).
SCF Change: DM 3.01746e-4; eev 9.85854e-2 Ha; etot -2.61971e-2 Ha
Energy:    -535.9189004511 Ha after    5 iterations (in       0.33 seconds).
SCF Change: DM 4.05782e-5; eev 2.43043e-2 Ha; etot -5.51528e-4 Ha
Energy:    -535.9194519787 Ha after    6 iterations (in       0.31 seconds).
SCF Change: DM 8.47385e-6; eev 4.73179e-3 Ha; etot -2.89886e-5 Ha
Energy:    -535.9194809673 Ha after    7 iterations (in       0.34 seconds).
SCF Change: DM 3.58506e-6; eev 7.18237e-4 Ha; etot -1.58346e-6 Ha
Energy:    -535.9194825508 Ha after    8 iterations (in       0.35 seconds).
SCF Change: DM 3.59765e-7; eev 8.54104e-5 Ha; etot -9.18368e-8 Ha
Energy:    -535.9194826426 Ha after    9 iterations (in       0.34 seconds).
SCF Change: DM 5.62722e-8; eev 1.87208e-5 Ha; etot -1.12243e-9 Ha
Energy:    -535.9194826438 Ha after   10 iterations (in       0.33 seconds).
SCF Change: DM 1.58248e-8; eev 6.02627e-6 Ha; etot -3.78577e-11 Ha
Energy:    -535.9194826438 Ha after   11 iterations (in       0.34 seconds).
SCF Change: DM 6.87535e-9; eev 2.03995e-6 Ha; etot -2.60343e-11 Ha
Energy:    -535.9194826438 Ha after   12 iterations (in       0.33 seconds).
SCF Change: DM 1.48200e-9; eev 2.92156e-7 Ha; etot 1.80762e-11 Ha
Energy:    -535.9194826438 Ha after   13 iterations (in       0.31 seconds).
SCF Change: DM 3.66390e-10; eev 7.22974e-8 Ha; etot -8.75389e-12 Ha
Energy:    -535.9194826438 Ha after   14 iterations (in       0.35 seconds).
SCF Change: DM 1.82247e-10; eev 5.03031e-8 Ha; etot 1.26192e-11 Ha
Energy:    -535.9194826438 Ha after   15 iterations (in       0.34 seconds).
SCF Change: DM 2.78085e-11; eev 6.13771e-9 Ha; etot -1.11413e-11 Ha
Energy:    -535.9194826438 Ha after   16 iterations (in       0.35 seconds).
SCF is converged after   16 iterations.
==========================================
Now evaluate the    PT2 correlation energy
==========================================
----------------------------------------------------------------------
Methods         :       Total Corr,          OS Corr,          SS Corr
----------------------------------------------------------------------
PT2             :      -1.37993214,      -1.02020421,      -0.35972793
----------------------------------------------------------------------
Fifth-rung correlation energy :      -0.445217119291 Ha
E[XYGJOS]=:    -534.91311262 Ha, Ex[HF]:     -47.46197089 Ha, Ec[PT2  ]:      -1.37993214 Ha
Mulliken population analysis:
  0-C  :  -0.260778
  1-H  :   0.081577
  2-H  :   0.081577
  3-H  :   0.092558
  4-C  :  -0.067762
  5-H  :   0.073162
  6-H  :   0.073162
  7-C  :  -0.265844
  8-H  :   0.130294
  9-H  :   0.130294
 10-Br :  -0.068241

====================================================
              REST: Mission accomplished
====================================================
The SCF energy        :    -535.9194826438 Ha
The (R)-xDH energy    :    -534.9131126222 Ha
Detailed time report:
PT2       |:    0.664 s for the PT2 evaluation
SCF       |:   10.115 s for the scf procedure
Overall   |:   10.783 s for the whole job
