Use the default path (/opt/rest_workspace/rest/basis-set-pool/) as rest_basis_dir.
The specified path for the basis sets: /home/symei/basis/br/TZVPP-10-o-all
The specified path for the basis sets: /home/symei/def2-SV(P)-JKFIT
=========================================================
      Input parameters for the REST calculation
=========================================================
Calculation type: Single-point energy
Cube output: wavefunction
The exchange-correlation method: xygjos
Print level:                1
The number of threads used for parallelism:      8
The spheric-GTO basis set is taken from /home/symei/basis/br/TZVPP-10-o-all
The spheric-GTO auxiliary basis set is taken from /home/symei/def2-SV(P)-JKFIT
Charge:   0; Spin:   1
Spin polarization: Off
Input molecular structure (in Angstrom): ----------
C       -0.00000000      0.00000000      0.93299600
H       -0.89803500      0.00000000      1.53422900
H        0.89803500     -0.00000000      1.53422900
Br       0.00000000     -1.63201600     -0.12380600
Br      -0.00000000      1.63201600     -0.12380600
End of molecular structure ------------------------
ERI Type: ri_v
SCF convergency thresholds: 1e-8 for density matrix
                            1e-8 Ha. for sum of eigenvalues
                            1e-8 Ha. for total energy
Max. SCF cycle number:      250
It is a finite cluster calculation
The specified checkfile exists but is not loaded because the keyword 'external_init_guess' is specified
It will be updated after the SCF procedure 
(none)
=========================================================
the scf functional for 'xygjos' contains
The density functional 'B3LYP' belongs to the 'Hybrid GGA' family and is defined in the reference(s):
(0): P. J. Stephens, F. J. Devlin, C. F. Chabalowski, and M. J. Frisch.,  J. Phys. Chem. 98, 11623 (1994)
the post-scf functional 'xygjos' is employed, which contains
The density functional 'Slater exchange' belongs to the 'LDA' family and is defined in the reference(s):
(0): P. A. M. Dirac.,  Math. Proc. Cambridge Philos. Soc. 26, 376 (1930)
(1): F. Bloch.,  Z. Phys. 57, 545 (1929)
The density functional 'Becke 88' belongs to the 'GGA' family and is defined in the reference(s):
(0): A. D. Becke.,  Phys. Rev. A 38, 3098 (1988)
The density functional 'Vosko, Wilk & Nusair (VWN5_RPA)' belongs to the 'LDA' family and is defined in the reference(s):
(0): S. H. Vosko, L. Wilk, and M. Nusair.,  Can. J. Phys. 58, 1200 (1980)
The density functional 'Lee, Yang & Parr' belongs to the 'GGA' family and is defined in the reference(s):
(0): C. Lee, W. Yang, and R. G. Parr.,  Phys. Rev. B 37, 785 (1988)
(1): B. Miehlich, A. Savin, H. Stoll, and H. Preuss.,  Chem. Phys. Lett. 157, 200 (1989)
<start_mo> for the frozen-core post-SCF methods 0 is smaller than the number of ecp orbitals 10. Set <start_mo> = 0
Libxc version used in REST: 7.0.0
nbas: 55, natm: 5 for standard basis sets
First valence state for the frozen-core algorithm:     0
final nbas: 212,final natm: 10
numbasis: 155, num_auxbas: 643
Molecule_name: ch2br2
Restricted Hartree-Fock (or Kohn-Sham) algorithm is invoked.
Nuc_energy:     210.36808555 Hartree
No ghost effective potential
No ghost point charges
Overlap matrix is nonsigular:
  Lowest eigenvalue:       0.00058115 with the total number of basis functions:    155
Grid size: 75758

=======================
Generating SAD for atom: C
=======================
SAD generation for C complete.

=======================
Generating SAD for atom: H
=======================
SAD generation for H complete.

=======================
Generating SAD for atom: Br
=======================
SAD generation for Br complete.
Initial guess energy using single atom density (SAD):    -874.2362887226622661
The total energy:      -873.8967259196 Ha by the initial guess
Energy:    -873.7522576903 Ha after    1 iterations (in       0.13 seconds).
SCF Change: DM 7.87504e-3; eev  1.62546e0 Ha; etot 7.24606e-1 Ha
Energy:    -873.0276514765 Ha after    2 iterations (in       0.13 seconds).
SCF Change: DM 6.71566e-4; eev 1.90466e-1 Ha; etot -9.44534e-1 Ha
Energy:    -873.9721851145 Ha after    3 iterations (in       0.13 seconds).
SCF Change: DM 2.55933e-4; eev 9.88956e-2 Ha; etot -2.33578e-3 Ha
Energy:    -873.9745208915 Ha after    4 iterations (in       0.13 seconds).
SCF Change: DM 2.82848e-5; eev 1.19934e-2 Ha; etot -3.02753e-4 Ha
Energy:    -873.9748236450 Ha after    5 iterations (in       0.15 seconds).
SCF Change: DM 6.77930e-6; eev 1.00214e-3 Ha; etot -8.97175e-6 Ha
Energy:    -873.9748326168 Ha after    6 iterations (in       0.13 seconds).
SCF Change: DM 1.76884e-6; eev 5.71721e-4 Ha; etot -3.64640e-7 Ha
Energy:    -873.9748329814 Ha after    7 iterations (in       0.13 seconds).
SCF Change: DM 2.94025e-7; eev 5.36941e-5 Ha; etot -1.25708e-8 Ha
Energy:    -873.9748329940 Ha after    8 iterations (in       0.14 seconds).
SCF Change: DM 4.16091e-8; eev 6.04833e-6 Ha; etot -4.14047e-10 Ha
Energy:    -873.9748329944 Ha after    9 iterations (in       0.14 seconds).
SCF Change: DM 1.21342e-8; eev 2.93108e-6 Ha; etot -7.50333e-12 Ha
Energy:    -873.9748329944 Ha after   10 iterations (in       0.16 seconds).
SCF Change: DM 9.49114e-10; eev 3.19594e-7 Ha; etot -7.04858e-12 Ha
Energy:    -873.9748329944 Ha after   11 iterations (in       0.14 seconds).
SCF Change: DM 1.59258e-10; eev 4.04115e-8 Ha; etot 9.54969e-12 Ha
Energy:    -873.9748329944 Ha after   12 iterations (in       0.15 seconds).
SCF Change: DM 4.48518e-11; eev 3.57078e-9 Ha; etot 2.04636e-12 Ha
Energy:    -873.9748329944 Ha after   13 iterations (in       0.15 seconds).
SCF is converged after   13 iterations.
==========================================
Now evaluate the    PT2 correlation energy
==========================================
----------------------------------------------------------------------
Methods         :       Total Corr,          OS Corr,          SS Corr
----------------------------------------------------------------------
PT2             :      -1.40957698,      -0.98126790,      -0.42830908
----------------------------------------------------------------------
Fifth-rung correlation energy :      -0.428225313148 Ha
E[XYGJOS]=:    -872.51760495 Ha, Ex[HF]:     -64.69888955 Ha, Ec[PT2  ]:      -1.40957698 Ha
Mulliken population analysis:
  0-C  :  -0.400336
  1-H  :   0.187751
  2-H  :   0.187751
  3-Br :   0.012417
  4-Br :   0.012417

====================================================
              REST: Mission accomplished
====================================================
The SCF energy        :    -873.9748329944 Ha
The (R)-xDH energy    :    -872.5176049545 Ha
Detailed time report:
Overall   |:    4.442 s for the whole job
SCF       |:    4.123 s for the scf procedure
PT2       |:    0.317 s for the PT2 evaluation
