Use the default path (/opt/rest_workspace/rest/basis-set-pool/) as rest_basis_dir.
The specified path for the basis sets: /home/symei/basis/br/TZVPP-10-o-all
The specified path for the basis sets: /home/symei/def2-SV(P)-JKFIT
=========================================================
      Input parameters for the REST calculation
=========================================================
Calculation type: Single-point energy
Cube output: wavefunction
The exchange-correlation method: xygjos
Print level:                1
The number of threads used for parallelism:      8
The spheric-GTO basis set is taken from /home/symei/basis/br/TZVPP-10-o-all
The spheric-GTO auxiliary basis set is taken from /home/symei/def2-SV(P)-JKFIT
Charge:   0; Spin:   1
Spin polarization: Off
Input molecular structure (in Angstrom): ----------
C       -0.00000000     -0.00000000     -1.53495100
H       -0.00000000      1.03254200     -1.86426500
H        0.89420800     -0.51627100     -1.86426500
H       -0.89420800     -0.51627100     -1.86426500
Br       0.00000000      0.00000000      0.42292900
End of molecular structure ------------------------
ERI Type: ri_v
SCF convergency thresholds: 1e-8 for density matrix
                            1e-8 Ha. for sum of eigenvalues
                            1e-8 Ha. for total energy
Max. SCF cycle number:      250
It is a finite cluster calculation
The specified checkfile exists but is not loaded because the keyword 'external_init_guess' is specified
It will be updated after the SCF procedure 
(none)
=========================================================
the scf functional for 'xygjos' contains
The density functional 'B3LYP' belongs to the 'Hybrid GGA' family and is defined in the reference(s):
(0): P. J. Stephens, F. J. Devlin, C. F. Chabalowski, and M. J. Frisch.,  J. Phys. Chem. 98, 11623 (1994)
the post-scf functional 'xygjos' is employed, which contains
The density functional 'Slater exchange' belongs to the 'LDA' family and is defined in the reference(s):
(0): P. A. M. Dirac.,  Math. Proc. Cambridge Philos. Soc. 26, 376 (1930)
(1): F. Bloch.,  Z. Phys. 57, 545 (1929)
The density functional 'Becke 88' belongs to the 'GGA' family and is defined in the reference(s):
(0): A. D. Becke.,  Phys. Rev. A 38, 3098 (1988)
The density functional 'Vosko, Wilk & Nusair (VWN5_RPA)' belongs to the 'LDA' family and is defined in the reference(s):
(0): S. H. Vosko, L. Wilk, and M. Nusair.,  Can. J. Phys. 58, 1200 (1980)
The density functional 'Lee, Yang & Parr' belongs to the 'GGA' family and is defined in the reference(s):
(0): C. Lee, W. Yang, and R. G. Parr.,  Phys. Rev. B 37, 785 (1988)
(1): B. Miehlich, A. Savin, H. Stoll, and H. Preuss.,  Chem. Phys. Lett. 157, 200 (1989)
<start_mo> for the frozen-core post-SCF methods 0 is smaller than the number of ecp orbitals 5. Set <start_mo> = 0
Libxc version used in REST: 7.0.0
nbas: 45, natm: 5 for standard basis sets
First valence state for the frozen-core algorithm:     0
final nbas: 148,final natm: 10
numbasis: 121, num_auxbas: 395
Molecule_name: ch3br
Restricted Hartree-Fock (or Kohn-Sham) algorithm is invoked.
Nuc_energy:      66.03405374 Hartree
No ghost effective potential
No ghost point charges
Overlap matrix is nonsigular:
  Lowest eigenvalue:       0.00057445 with the total number of basis functions:    121
Grid size: 64878

=======================
Generating SAD for atom: C
=======================
SAD generation for C complete.

=======================
Generating SAD for atom: H
=======================
SAD generation for H complete.

=======================
Generating SAD for atom: Br
=======================
SAD generation for Br complete.
Initial guess energy using single atom density (SAD):    -457.3192121823136631
The total energy:      -457.1387707651 Ha by the initial guess
Energy:    -457.0190090644 Ha after    1 iterations (in       0.07 seconds).
SCF Change: DM 8.77540e-3; eev  1.70540e0 Ha; etot 4.42456e-1 Ha
Energy:    -456.5765535170 Ha after    2 iterations (in       0.07 seconds).
SCF Change: DM 1.36264e-3; eev 3.42357e-1 Ha; etot -6.76583e-1 Ha
Energy:    -457.2531366776 Ha after    3 iterations (in       0.08 seconds).
SCF Change: DM 5.28804e-4; eev 1.61037e-1 Ha; etot -3.07637e-3 Ha
Energy:    -457.2562130507 Ha after    4 iterations (in       0.09 seconds).
SCF Change: DM 5.19788e-5; eev 1.22056e-2 Ha; etot -1.11849e-3 Ha
Energy:    -457.2573315402 Ha after    5 iterations (in       0.09 seconds).
SCF Change: DM 1.12942e-5; eev 2.22398e-3 Ha; etot -1.36657e-5 Ha
Energy:    -457.2573452059 Ha after    6 iterations (in       0.07 seconds).
SCF Change: DM 3.40312e-6; eev 7.70125e-4 Ha; etot -7.94306e-7 Ha
Energy:    -457.2573460002 Ha after    7 iterations (in       0.07 seconds).
SCF Change: DM 4.90529e-7; eev 7.73676e-5 Ha; etot -2.61923e-8 Ha
Energy:    -457.2573460264 Ha after    8 iterations (in       0.08 seconds).
SCF Change: DM 5.02118e-8; eev 6.99720e-6 Ha; etot -8.37474e-10 Ha
Energy:    -457.2573460273 Ha after    9 iterations (in       0.07 seconds).
SCF Change: DM 1.68549e-8; eev 3.52314e-6 Ha; etot -1.14824e-11 Ha
Energy:    -457.2573460273 Ha after   10 iterations (in       0.08 seconds).
SCF Change: DM 1.02749e-9; eev 2.52559e-7 Ha; etot 2.27374e-13 Ha
Energy:    -457.2573460273 Ha after   11 iterations (in       0.07 seconds).
SCF Change: DM 6.44676e-11; eev 1.46248e-8 Ha; etot 1.02318e-12 Ha
Energy:    -457.2573460273 Ha after   12 iterations (in       0.07 seconds).
SCF Change: DM 5.97852e-12; eev 1.86880e-9 Ha; etot  0.00000e0 Ha
Energy:    -457.2573460273 Ha after   13 iterations (in       0.07 seconds).
SCF is converged after   13 iterations.
==========================================
Now evaluate the    PT2 correlation energy
==========================================
----------------------------------------------------------------------
Methods         :       Total Corr,          OS Corr,          SS Corr
----------------------------------------------------------------------
PT2             :      -0.84472224,      -0.60665993,      -0.23806231
----------------------------------------------------------------------
Fifth-rung correlation energy :      -0.264746394211 Ha
E[XYGJOS]=:    -456.46827046 Ha, Ex[HF]:     -35.64665752 Ha, Ec[PT2  ]:      -0.84472224 Ha
Mulliken population analysis:
  0-C  :  -0.403347
  1-H  :   0.152780
  2-H  :   0.152799
  3-H  :   0.152799
  4-Br :  -0.055031

====================================================
              REST: Mission accomplished
====================================================
The SCF energy        :    -457.2573460273 Ha
The (R)-xDH energy    :    -456.4682704605 Ha
Detailed time report:
PT2       |:    0.162 s for the PT2 evaluation
Overall   |:    2.618 s for the whole job
SCF       |:    2.456 s for the scf procedure
