Use the default path (/opt/rest_workspace/rest/basis-set-pool/) as rest_basis_dir.
The specified path for the basis sets: /home/symei/basis/br/TZVPP-10-o-all
The specified path for the basis sets: /home/symei/def2-SV(P)-JKFIT
=========================================================
      Input parameters for the REST calculation
=========================================================
Calculation type: Single-point energy
Cube output: wavefunction
The exchange-correlation method: xygjos
Print level:                1
The number of threads used for parallelism:      8
The spheric-GTO basis set is taken from /home/symei/basis/br/TZVPP-10-o-all
The spheric-GTO auxiliary basis set is taken from /home/symei/def2-SV(P)-JKFIT
Charge:   0; Spin:   1
Spin polarization: Off
Input molecular structure (in Angstrom): ----------
C       -0.00000000      0.00000000      0.51920700
H       -0.00000000      0.00000000      1.59804200
Br       0.00000000      1.86116900     -0.04488800
Br      -1.61182000     -0.93058500     -0.04488800
Br       1.61182000     -0.93058500     -0.04488800
End of molecular structure ------------------------
ERI Type: ri_v
SCF convergency thresholds: 1e-8 for density matrix
                            1e-8 Ha. for sum of eigenvalues
                            1e-8 Ha. for total energy
Max. SCF cycle number:      250
It is a finite cluster calculation
The specified checkfile exists but is not loaded because the keyword 'external_init_guess' is specified
It will be updated after the SCF procedure 
(none)
=========================================================
the scf functional for 'xygjos' contains
The density functional 'B3LYP' belongs to the 'Hybrid GGA' family and is defined in the reference(s):
(0): P. J. Stephens, F. J. Devlin, C. F. Chabalowski, and M. J. Frisch.,  J. Phys. Chem. 98, 11623 (1994)
the post-scf functional 'xygjos' is employed, which contains
The density functional 'Slater exchange' belongs to the 'LDA' family and is defined in the reference(s):
(0): P. A. M. Dirac.,  Math. Proc. Cambridge Philos. Soc. 26, 376 (1930)
(1): F. Bloch.,  Z. Phys. 57, 545 (1929)
The density functional 'Becke 88' belongs to the 'GGA' family and is defined in the reference(s):
(0): A. D. Becke.,  Phys. Rev. A 38, 3098 (1988)
The density functional 'Vosko, Wilk & Nusair (VWN5_RPA)' belongs to the 'LDA' family and is defined in the reference(s):
(0): S. H. Vosko, L. Wilk, and M. Nusair.,  Can. J. Phys. 58, 1200 (1980)
The density functional 'Lee, Yang & Parr' belongs to the 'GGA' family and is defined in the reference(s):
(0): C. Lee, W. Yang, and R. G. Parr.,  Phys. Rev. B 37, 785 (1988)
(1): B. Miehlich, A. Savin, H. Stoll, and H. Preuss.,  Chem. Phys. Lett. 157, 200 (1989)
<start_mo> for the frozen-core post-SCF methods 0 is smaller than the number of ecp orbitals 15. Set <start_mo> = 0
Libxc version used in REST: 7.0.0
nbas: 65, natm: 5 for standard basis sets
First valence state for the frozen-core algorithm:     0
final nbas: 276,final natm: 10
numbasis: 189, num_auxbas: 891
Molecule_name: chbr3
Restricted Hartree-Fock (or Kohn-Sham) algorithm is invoked.
Nuc_energy:     449.16660610 Hartree
No ghost effective potential
No ghost point charges
Overlap matrix is nonsigular:
  Lowest eigenvalue:       0.00057163 with the total number of basis functions:    189
Grid size: 86638

=======================
Generating SAD for atom: C
=======================
SAD generation for C complete.

=======================
Generating SAD for atom: H
=======================
SAD generation for H complete.

=======================
Generating SAD for atom: Br
=======================
SAD generation for Br complete.
Initial guess energy using single atom density (SAD):   -1291.1456886970795495
The total energy:     -1290.6475357752 Ha by the initial guess
Energy:   -1290.5309548897 Ha after    1 iterations (in       0.20 seconds).
SCF Change: DM 6.07516e-3; eev  1.35224e0 Ha; etot 7.51513e-1 Ha
Energy:   -1289.7794414730 Ha after    2 iterations (in       0.21 seconds).
SCF Change: DM 2.99687e-4; eev 7.36004e-2 Ha; etot -9.08526e-1 Ha
Energy:   -1290.6879672070 Ha after    3 iterations (in       0.23 seconds).
SCF Change: DM 9.77136e-5; eev 3.27994e-2 Ha; etot -1.11269e-3 Ha
Energy:   -1290.6890798972 Ha after    4 iterations (in       0.23 seconds).
SCF Change: DM 1.55779e-5; eev 5.66431e-3 Ha; etot -5.00474e-5 Ha
Energy:   -1290.6891299446 Ha after    5 iterations (in       0.25 seconds).
SCF Change: DM 3.03230e-6; eev 1.65721e-3 Ha; etot -3.30145e-6 Ha
Energy:   -1290.6891332460 Ha after    6 iterations (in       0.21 seconds).
SCF Change: DM 1.02151e-6; eev 4.79163e-4 Ha; etot -9.77950e-8 Ha
Energy:   -1290.6891333438 Ha after    7 iterations (in       0.22 seconds).
SCF Change: DM 2.12629e-7; eev 8.25082e-5 Ha; etot -5.32850e-9 Ha
Energy:   -1290.6891333491 Ha after    8 iterations (in       0.21 seconds).
SCF Change: DM 4.60331e-8; eev 1.13169e-5 Ha; etot -3.07637e-10 Ha
Energy:   -1290.6891333495 Ha after    9 iterations (in       0.22 seconds).
SCF Change: DM 1.26438e-8; eev 2.92518e-6 Ha; etot -2.41016e-11 Ha
Energy:   -1290.6891333495 Ha after   10 iterations (in       0.20 seconds).
SCF Change: DM 2.09594e-9; eev 5.31197e-7 Ha; etot 1.59162e-11 Ha
Energy:   -1290.6891333495 Ha after   11 iterations (in       0.22 seconds).
SCF Change: DM 3.85208e-10; eev 9.26252e-8 Ha; etot -1.13687e-12 Ha
Energy:   -1290.6891333495 Ha after   12 iterations (in       0.24 seconds).
SCF Change: DM 1.51392e-10; eev 3.04444e-8 Ha; etot -2.95586e-12 Ha
Energy:   -1290.6891333495 Ha after   13 iterations (in       0.21 seconds).
SCF Change: DM 3.84213e-11; eev 5.74427e-9 Ha; etot -1.09139e-11 Ha
Energy:   -1290.6891333495 Ha after   14 iterations (in       0.19 seconds).
SCF is converged after   14 iterations.
==========================================
Now evaluate the    PT2 correlation energy
==========================================
----------------------------------------------------------------------
Methods         :       Total Corr,          OS Corr,          SS Corr
----------------------------------------------------------------------
PT2             :      -1.98676271,      -1.36297932,      -0.62378338
----------------------------------------------------------------------
Fifth-rung correlation energy :      -0.594804176777 Ha
E[XYGJOS]=:   -1288.56466814 Ha, Ex[HF]:     -93.74093938 Ha, Ec[PT2  ]:      -1.98676271 Ha
Mulliken population analysis:
  0-C  :  -0.416080
  1-H  :   0.217823
  2-Br :   0.066086
  3-Br :   0.066086
  4-Br :   0.066086

====================================================
              REST: Mission accomplished
====================================================
The SCF energy        :   -1290.6891333495 Ha
The (R)-xDH energy    :   -1288.5646681402 Ha
Detailed time report:
Overall   |:    6.939 s for the whole job
SCF       |:    6.339 s for the scf procedure
PT2       |:    0.597 s for the PT2 evaluation
