Use the default path (/opt/rest_workspace/rest/basis-set-pool/) as rest_basis_dir.
The specified path for the basis sets: /home/symei/basis/br/TZVPP-10-o-all
The specified path for the basis sets: /home/symei/def2-SV(P)-JKFIT
=========================================================
      Input parameters for the REST calculation
=========================================================
Calculation type: Single-point energy
Cube output: wavefunction
The exchange-correlation method: xygjos
Print level:                1
The number of threads used for parallelism:      8
The spheric-GTO basis set is taken from /home/symei/basis/br/TZVPP-10-o-all
The spheric-GTO auxiliary basis set is taken from /home/symei/def2-SV(P)-JKFIT
Charge:   0; Spin:   1
Spin polarization: Off
Input molecular structure (in Angstrom): ----------
Br       0.00000000      0.00000000      0.03956000
H        0.00000000      0.00000000     -1.38460900
End of molecular structure ------------------------
ERI Type: ri_v
SCF convergency thresholds: 1e-8 for density matrix
                            1e-8 Ha. for sum of eigenvalues
                            1e-8 Ha. for total energy
Max. SCF cycle number:      250
It is a finite cluster calculation
The specified checkfile exists but is not loaded because the keyword 'external_init_guess' is specified
It will be updated after the SCF procedure 
(none)
=========================================================
the scf functional for 'xygjos' contains
The density functional 'B3LYP' belongs to the 'Hybrid GGA' family and is defined in the reference(s):
(0): P. J. Stephens, F. J. Devlin, C. F. Chabalowski, and M. J. Frisch.,  J. Phys. Chem. 98, 11623 (1994)
the post-scf functional 'xygjos' is employed, which contains
The density functional 'Slater exchange' belongs to the 'LDA' family and is defined in the reference(s):
(0): P. A. M. Dirac.,  Math. Proc. Cambridge Philos. Soc. 26, 376 (1930)
(1): F. Bloch.,  Z. Phys. 57, 545 (1929)
The density functional 'Becke 88' belongs to the 'GGA' family and is defined in the reference(s):
(0): A. D. Becke.,  Phys. Rev. A 38, 3098 (1988)
The density functional 'Vosko, Wilk & Nusair (VWN5_RPA)' belongs to the 'LDA' family and is defined in the reference(s):
(0): S. H. Vosko, L. Wilk, and M. Nusair.,  Can. J. Phys. 58, 1200 (1980)
The density functional 'Lee, Yang & Parr' belongs to the 'GGA' family and is defined in the reference(s):
(0): C. Lee, W. Yang, and R. G. Parr.,  Phys. Rev. B 37, 785 (1988)
(1): B. Miehlich, A. Savin, H. Stoll, and H. Preuss.,  Chem. Phys. Lett. 157, 200 (1989)
<start_mo> for the frozen-core post-SCF methods 0 is smaller than the number of ecp orbitals 5. Set <start_mo> = 0
Libxc version used in REST: 7.0.0
nbas: 22, natm: 2 for standard basis sets
First valence state for the frozen-core algorithm:     0
final nbas: 88,final natm: 4
numbasis: 62, num_auxbas: 284
Molecule_name: hbr
Restricted Hartree-Fock (or Kohn-Sham) algorithm is invoked.
Nuc_energy:       9.28922776 Hartree
No ghost effective potential
No ghost point charges
Overlap matrix is nonsigular:
  Lowest eigenvalue:       0.00486027 with the total number of basis functions:     62
Grid size: 30928

=======================
Generating SAD for atom: Br
=======================
SAD generation for Br complete.

=======================
Generating SAD for atom: H
=======================
SAD generation for H complete.
Initial guess energy using single atom density (SAD):    -417.9142653533387488
The total energy:      -417.9217776860 Ha by the initial guess
Energy:    -417.9225560426 Ha after    1 iterations (in       0.02 seconds).
SCF Change: DM 2.28709e-3; eev 2.72145e-1 Ha; etot 1.83423e-3 Ha
Energy:    -417.9207218150 Ha after    2 iterations (in       0.02 seconds).
SCF Change: DM 1.53794e-4; eev 2.03766e-2 Ha; etot -7.61099e-3 Ha
Energy:    -417.9283328077 Ha after    3 iterations (in       0.02 seconds).
SCF Change: DM 2.48543e-5; eev 3.78256e-3 Ha; etot -3.41207e-5 Ha
Energy:    -417.9283669284 Ha after    4 iterations (in       0.02 seconds).
SCF Change: DM 7.28425e-6; eev 1.05458e-3 Ha; etot -4.39565e-7 Ha
Energy:    -417.9283673680 Ha after    5 iterations (in       0.02 seconds).
SCF Change: DM 1.01746e-6; eev 1.61605e-4 Ha; etot -5.45992e-8 Ha
Energy:    -417.9283674226 Ha after    6 iterations (in       0.02 seconds).
SCF Change: DM 4.58988e-8; eev 5.49336e-6 Ha; etot -7.22366e-10 Ha
Energy:    -417.9283674233 Ha after    7 iterations (in       0.02 seconds).
SCF Change: DM 3.02518e-9; eev 2.09920e-7 Ha; etot  0.00000e0 Ha
Energy:    -417.9283674233 Ha after    8 iterations (in       0.02 seconds).
SCF Change: DM 2.30421e-10; eev 2.83805e-8 Ha; etot -2.27374e-13 Ha
Energy:    -417.9283674233 Ha after    9 iterations (in       0.02 seconds).
SCF Change: DM 8.58901e-12; eev 1.10173e-9 Ha; etot -1.70530e-13 Ha
Energy:    -417.9283674233 Ha after   10 iterations (in       0.02 seconds).
SCF is converged after   10 iterations.
==========================================
Now evaluate the    PT2 correlation energy
==========================================
----------------------------------------------------------------------
Methods         :       Total Corr,          OS Corr,          SS Corr
----------------------------------------------------------------------
PT2             :      -0.57722009,      -0.39775050,      -0.17946958
----------------------------------------------------------------------
Fifth-rung correlation energy :      -0.173578319904 Ha
E[XYGJOS]=:    -417.25061813 Ha, Ex[HF]:     -29.74525227 Ha, Ec[PT2  ]:      -0.57722009 Ha
Mulliken population analysis:
  0-Br :  -0.130932
  1-H  :   0.130932

====================================================
              REST: Mission accomplished
====================================================
The SCF energy        :    -417.9283674233 Ha
The (R)-xDH energy    :    -417.2506181252 Ha
Detailed time report:
SCF       |:    0.723 s for the scf procedure
PT2       |:    0.046 s for the PT2 evaluation
Overall   |:    0.769 s for the whole job
