Use the default path (/opt/rest_workspace/rest/basis-set-pool/) as rest_basis_dir.
The specified path for the basis sets: /home/symei/basis/br/TZVPP-10-o-all
The specified path for the basis sets: /home/symei/def2-SV(P)-JKFIT
=========================================================
      Input parameters for the REST calculation
=========================================================
Calculation type: Single-point energy
Cube output: wavefunction
The exchange-correlation method: xygjos
Print level:                1
The number of threads used for parallelism:      8
The spheric-GTO basis set is taken from /home/symei/basis/br/TZVPP-10-o-all
The spheric-GTO auxiliary basis set is taken from /home/symei/def2-SV(P)-JKFIT
Charge:   0; Spin:   1
Spin polarization: Off
Input molecular structure (in Angstrom): ----------
O        0.02133700      1.45939800      0.00000000
H       -0.91748000      1.68554500      0.00000000
Br       0.02133700     -0.38173500     -0.00000000
End of molecular structure ------------------------
ERI Type: ri_v
SCF convergency thresholds: 1e-8 for density matrix
                            1e-8 Ha. for sum of eigenvalues
                            1e-8 Ha. for total energy
Max. SCF cycle number:      250
It is a finite cluster calculation
The specified checkfile exists but is not loaded because the keyword 'external_init_guess' is specified
It will be updated after the SCF procedure 
(none)
=========================================================
the scf functional for 'xygjos' contains
The density functional 'B3LYP' belongs to the 'Hybrid GGA' family and is defined in the reference(s):
(0): P. J. Stephens, F. J. Devlin, C. F. Chabalowski, and M. J. Frisch.,  J. Phys. Chem. 98, 11623 (1994)
the post-scf functional 'xygjos' is employed, which contains
The density functional 'Slater exchange' belongs to the 'LDA' family and is defined in the reference(s):
(0): P. A. M. Dirac.,  Math. Proc. Cambridge Philos. Soc. 26, 376 (1930)
(1): F. Bloch.,  Z. Phys. 57, 545 (1929)
The density functional 'Becke 88' belongs to the 'GGA' family and is defined in the reference(s):
(0): A. D. Becke.,  Phys. Rev. A 38, 3098 (1988)
The density functional 'Vosko, Wilk & Nusair (VWN5_RPA)' belongs to the 'LDA' family and is defined in the reference(s):
(0): S. H. Vosko, L. Wilk, and M. Nusair.,  Can. J. Phys. 58, 1200 (1980)
The density functional 'Lee, Yang & Parr' belongs to the 'GGA' family and is defined in the reference(s):
(0): C. Lee, W. Yang, and R. G. Parr.,  Phys. Rev. B 37, 785 (1988)
(1): B. Miehlich, A. Savin, H. Stoll, and H. Preuss.,  Chem. Phys. Lett. 157, 200 (1989)
<start_mo> for the frozen-core post-SCF methods 0 is smaller than the number of ecp orbitals 5. Set <start_mo> = 0
Libxc version used in REST: 7.0.0
nbas: 33, natm: 3 for standard basis sets
First valence state for the frozen-core algorithm:     0
final nbas: 124,final natm: 6
numbasis: 93, num_auxbas: 361
Molecule_name: hobr
Restricted Hartree-Fock (or Kohn-Sham) algorithm is invoked.
Nuc_energy:      67.69452211 Hartree
No ghost effective potential
No ghost point charges
Overlap matrix is nonsigular:
  Lowest eigenvalue:       0.00274634 with the total number of basis functions:     93
Grid size: 45190

=======================
Generating SAD for atom: O
=======================
SAD generation for O complete.

=======================
Generating SAD for atom: H
=======================
SAD generation for H complete.

=======================
Generating SAD for atom: Br
=======================
SAD generation for Br complete.
Initial guess energy using single atom density (SAD):    -493.2349167106383447
The total energy:      -492.9930053901 Ha by the initial guess
Energy:    -492.3883596504 Ha after    1 iterations (in       0.04 seconds).
SCF Change: DM 1.93805e-2; eev  3.63048e0 Ha; etot  1.42276e0 Ha
Energy:    -490.9655968121 Ha after    2 iterations (in       0.04 seconds).
SCF Change: DM 1.52567e-3; eev 2.12071e-1 Ha; etot -2.16303e0 Ha
Energy:    -493.1286229919 Ha after    3 iterations (in       0.04 seconds).
SCF Change: DM 6.37715e-4; eev 5.64277e-2 Ha; etot -7.60341e-3 Ha
Energy:    -493.1362264033 Ha after    4 iterations (in       0.04 seconds).
SCF Change: DM 1.58389e-4; eev 2.05454e-2 Ha; etot -1.56713e-3 Ha
Energy:    -493.1377935323 Ha after    5 iterations (in       0.04 seconds).
SCF Change: DM 2.63394e-5; eev 2.29771e-3 Ha; etot -1.02652e-4 Ha
Energy:    -493.1378961845 Ha after    6 iterations (in       0.04 seconds).
SCF Change: DM 8.14288e-6; eev 7.75796e-4 Ha; etot -1.92858e-6 Ha
Energy:    -493.1378981131 Ha after    7 iterations (in       0.04 seconds).
SCF Change: DM 1.69198e-6; eev 1.95988e-4 Ha; etot -1.26839e-7 Ha
Energy:    -493.1378982400 Ha after    8 iterations (in       0.04 seconds).
SCF Change: DM 2.95670e-7; eev 5.04034e-5 Ha; etot -1.01659e-8 Ha
Energy:    -493.1378982501 Ha after    9 iterations (in       0.04 seconds).
SCF Change: DM 1.34625e-7; eev 3.05535e-5 Ha; etot -2.95245e-10 Ha
Energy:    -493.1378982504 Ha after   10 iterations (in       0.04 seconds).
SCF Change: DM 2.67327e-8; eev 5.82724e-6 Ha; etot -5.44560e-11 Ha
Energy:    -493.1378982505 Ha after   11 iterations (in       0.04 seconds).
SCF Change: DM 1.17827e-8; eev 1.96619e-6 Ha; etot -3.97904e-13 Ha
Energy:    -493.1378982505 Ha after   12 iterations (in       0.04 seconds).
SCF Change: DM 1.45409e-9; eev 2.88347e-7 Ha; etot -3.97904e-13 Ha
Energy:    -493.1378982505 Ha after   13 iterations (in       0.04 seconds).
SCF Change: DM 4.46115e-10; eev 4.18242e-8 Ha; etot 2.27374e-13 Ha
Energy:    -493.1378982505 Ha after   14 iterations (in       0.04 seconds).
SCF Change: DM 5.10001e-11; eev 5.62796e-9 Ha; etot 1.02318e-12 Ha
Energy:    -493.1378982505 Ha after   15 iterations (in       0.05 seconds).
SCF is converged after   15 iterations.
==========================================
Now evaluate the    PT2 correlation energy
==========================================
----------------------------------------------------------------------
Methods         :       Total Corr,          OS Corr,          SS Corr
----------------------------------------------------------------------
PT2             :      -0.94604341,      -0.67268337,      -0.27336004
----------------------------------------------------------------------
Fifth-rung correlation energy :      -0.293559023916 Ha
E[XYGJOS]=:    -492.28582821 Ha, Ex[HF]:     -37.94295902 Ha, Ec[PT2  ]:      -0.94604341 Ha
Mulliken population analysis:
  0-O  :  -0.345568
  1-H  :   0.205218
  2-Br :   0.140350

====================================================
              REST: Mission accomplished
====================================================
The SCF energy        :    -493.1378982505 Ha
The (R)-xDH energy    :    -492.2858282084 Ha
Detailed time report:
SCF       |:    1.670 s for the scf procedure
Overall   |:    1.785 s for the whole job
PT2       |:    0.114 s for the PT2 evaluation
