Use the default path (/opt/rest_workspace/rest/basis-set-pool/) as rest_basis_dir.
The specified path for the basis sets: /home/symei/basis/br/TZVPP-10-o-all
The specified path for the basis sets: /home/symei/def2-SV(P)-JKFIT
=========================================================
      Input parameters for the REST calculation
=========================================================
Calculation type: Single-point energy
Cube output: wavefunction
The exchange-correlation method: xygjos
Print level:                1
The number of threads used for parallelism:      8
The spheric-GTO basis set is taken from /home/symei/basis/br/TZVPP-10-o-all
The spheric-GTO auxiliary basis set is taken from /home/symei/def2-SV(P)-JKFIT
Charge:   0; Spin:   1
Spin polarization: Off
Input molecular structure (in Angstrom): ----------
P        0.00000000      0.00000000      0.87352300
Br       0.00000000      2.01954900     -0.12478900
Br       1.74898100     -1.00977500     -0.12478900
Br      -1.74898100     -1.00977500     -0.12478900
End of molecular structure ------------------------
ERI Type: ri_v
SCF convergency thresholds: 1e-8 for density matrix
                            1e-8 Ha. for sum of eigenvalues
                            1e-8 Ha. for total energy
Max. SCF cycle number:      250
It is a finite cluster calculation
The specified checkfile exists but is not loaded because the keyword 'external_init_guess' is specified
It will be updated after the SCF procedure 
(none)
=========================================================
the scf functional for 'xygjos' contains
The density functional 'B3LYP' belongs to the 'Hybrid GGA' family and is defined in the reference(s):
(0): P. J. Stephens, F. J. Devlin, C. F. Chabalowski, and M. J. Frisch.,  J. Phys. Chem. 98, 11623 (1994)
the post-scf functional 'xygjos' is employed, which contains
The density functional 'Slater exchange' belongs to the 'LDA' family and is defined in the reference(s):
(0): P. A. M. Dirac.,  Math. Proc. Cambridge Philos. Soc. 26, 376 (1930)
(1): F. Bloch.,  Z. Phys. 57, 545 (1929)
The density functional 'Becke 88' belongs to the 'GGA' family and is defined in the reference(s):
(0): A. D. Becke.,  Phys. Rev. A 38, 3098 (1988)
The density functional 'Vosko, Wilk & Nusair (VWN5_RPA)' belongs to the 'LDA' family and is defined in the reference(s):
(0): S. H. Vosko, L. Wilk, and M. Nusair.,  Can. J. Phys. 58, 1200 (1980)
The density functional 'Lee, Yang & Parr' belongs to the 'GGA' family and is defined in the reference(s):
(0): C. Lee, W. Yang, and R. G. Parr.,  Phys. Rev. B 37, 785 (1988)
(1): B. Miehlich, A. Savin, H. Stoll, and H. Preuss.,  Chem. Phys. Lett. 157, 200 (1989)
<start_mo> for the frozen-core post-SCF methods 0 is smaller than the number of ecp orbitals 15. Set <start_mo> = 0
Libxc version used in REST: 7.0.0
nbas: 62, natm: 4 for standard basis sets
First valence state for the frozen-core algorithm:     0
final nbas: 280,final natm: 8
numbasis: 186, num_auxbas: 926
Molecule_name: pbr3
Restricted Hartree-Fock (or Kohn-Sham) algorithm is invoked.
Nuc_energy:     547.91013936 Hartree
No ghost effective potential
No ghost point charges
Overlap matrix is nonsigular:
  Lowest eigenvalue:       0.00424592 with the total number of basis functions:    186
Grid size: 81592

=======================
Generating SAD for atom: P
=======================
SAD generation for P complete.

=======================
Generating SAD for atom: Br
=======================
SAD generation for Br complete.
Initial guess energy using single atom density (SAD):   -1593.7809076156729589
The total energy:     -1593.4173967404 Ha by the initial guess
Energy:   -1593.3933604544 Ha after    1 iterations (in       0.22 seconds).
SCF Change: DM 3.45233e-3; eev 7.23222e-1 Ha; etot 1.10335e-1 Ha
Energy:   -1593.2830254913 Ha after    2 iterations (in       0.26 seconds).
SCF Change: DM 1.74497e-4; eev 3.68558e-2 Ha; etot -1.48437e-1 Ha
Energy:   -1593.4314629035 Ha after    3 iterations (in       0.23 seconds).
SCF Change: DM 4.60874e-5; eev 9.97037e-3 Ha; etot -1.64168e-4 Ha
Energy:   -1593.4316270717 Ha after    4 iterations (in       0.22 seconds).
SCF Change: DM 1.25748e-5; eev 2.18455e-3 Ha; etot -1.22300e-5 Ha
Energy:   -1593.4316393017 Ha after    5 iterations (in       0.26 seconds).
SCF Change: DM 2.51612e-6; eev 9.28412e-4 Ha; etot -1.14809e-6 Ha
Energy:   -1593.4316404497 Ha after    6 iterations (in       0.26 seconds).
SCF Change: DM 7.29198e-7; eev 1.76869e-4 Ha; etot -6.58067e-8 Ha
Energy:   -1593.4316405156 Ha after    7 iterations (in       0.23 seconds).
SCF Change: DM 1.75386e-7; eev 6.32793e-5 Ha; etot -1.53727e-9 Ha
Energy:   -1593.4316405171 Ha after    8 iterations (in       0.27 seconds).
SCF Change: DM 3.37937e-8; eev 6.05508e-6 Ha; etot -2.37151e-10 Ha
Energy:   -1593.4316405173 Ha after    9 iterations (in       0.26 seconds).
SCF Change: DM 3.21945e-9; eev 8.06013e-7 Ha; etot -1.09139e-11 Ha
Energy:   -1593.4316405173 Ha after   10 iterations (in       0.29 seconds).
SCF Change: DM 1.38579e-9; eev 2.81671e-7 Ha; etot -4.32010e-12 Ha
Energy:   -1593.4316405173 Ha after   11 iterations (in       0.26 seconds).
SCF Change: DM 4.88334e-10; eev 7.58701e-8 Ha; etot -6.13909e-12 Ha
Energy:   -1593.4316405173 Ha after   12 iterations (in       0.23 seconds).
SCF Change: DM 1.19513e-10; eev 1.89330e-8 Ha; etot 2.72848e-11 Ha
Energy:   -1593.4316405173 Ha after   13 iterations (in       0.23 seconds).
SCF Change: DM 2.94449e-11; eev 7.35259e-9 Ha; etot -2.95586e-12 Ha
Energy:   -1593.4316405173 Ha after   14 iterations (in       0.23 seconds).
SCF is converged after   14 iterations.
==========================================
Now evaluate the    PT2 correlation energy
==========================================
----------------------------------------------------------------------
Methods         :       Total Corr,          OS Corr,          SS Corr
----------------------------------------------------------------------
PT2             :      -2.12518485,      -1.44857251,      -0.67661234
----------------------------------------------------------------------
Fifth-rung correlation energy :      -0.632157044018 Ha
E[XYGJOS]=:   -1590.99207853 Ha, Ex[HF]:    -110.86765943 Ha, Ec[PT2  ]:      -2.12518485 Ha
Mulliken population analysis:
  0-P  :   0.145993
  1-Br :  -0.048667
  2-Br :  -0.048663
  3-Br :  -0.048663

====================================================
              REST: Mission accomplished
====================================================
The SCF energy        :   -1593.4316405173 Ha
The (R)-xDH energy    :   -1590.9920785302 Ha
Detailed time report:
SCF       |:    6.796 s for the scf procedure
PT2       |:    0.674 s for the PT2 evaluation
Overall   |:    7.472 s for the whole job
