Use the default path (/opt/rest_workspace/rest/basis-set-pool/) as rest_basis_dir.
The specified path for the basis sets: /home/symei/basis/br/TZVPP-10-o-all
The specified path for the basis sets: /home/symei/def2-SV(P)-JKFIT
=========================================================
      Input parameters for the REST calculation
=========================================================
Calculation type: Single-point energy
Cube output: wavefunction
The exchange-correlation method: xygjos
Print level:                1
The number of threads used for parallelism:      8
The spheric-GTO basis set is taken from /home/symei/basis/br/TZVPP-10-o-all
The spheric-GTO auxiliary basis set is taken from /home/symei/def2-SV(P)-JKFIT
Charge:   0; Spin:   1
Spin polarization: Off
Input molecular structure (in Angstrom): ----------
C        0.64769400      1.26531600     -0.13460700
C       -0.00601200      0.00000100      0.39912500
C        0.64769300     -1.26531600     -0.13460400
C        2.15009500     -1.26340600      0.18991500
C        2.83916400      0.00000000     -0.33175900
C        2.15009500      1.26340600      0.18991800
H        0.16482900     -2.14637900      0.28849400
H       -0.00384800      0.00000200      1.48769900
H        0.50517900      1.31091600     -1.21739800
H        0.16483000      2.14638100      0.28848600
H        2.28716000     -1.33037300      1.27414100
H        2.61251100     -2.15638400     -0.23552000
H        3.89318400     -0.00000000     -0.04606300
H        2.81279600      0.00000100     -1.42635500
H        2.28715500      1.33036700      1.27414500
H        2.61251200      2.15638500     -0.23551100
H        0.50517300     -1.31092000     -1.21739400
Br      -1.95468200     -0.00000000     -0.03721900
End of molecular structure ------------------------
ERI Type: ri_v
SCF convergency thresholds: 1e-8 for density matrix
                            1e-8 Ha. for sum of eigenvalues
                            1e-8 Ha. for total energy
Max. SCF cycle number:      250
It is a finite cluster calculation
The specified checkfile exists but is not loaded because the keyword 'external_init_guess' is specified
It will be updated after the SCF procedure 
(none)
=========================================================
the scf functional for 'xygjos' contains
The density functional 'B3LYP' belongs to the 'Hybrid GGA' family and is defined in the reference(s):
(0): P. J. Stephens, F. J. Devlin, C. F. Chabalowski, and M. J. Frisch.,  J. Phys. Chem. 98, 11623 (1994)
the post-scf functional 'xygjos' is employed, which contains
The density functional 'Slater exchange' belongs to the 'LDA' family and is defined in the reference(s):
(0): P. A. M. Dirac.,  Math. Proc. Cambridge Philos. Soc. 26, 376 (1930)
(1): F. Bloch.,  Z. Phys. 57, 545 (1929)
The density functional 'Becke 88' belongs to the 'GGA' family and is defined in the reference(s):
(0): A. D. Becke.,  Phys. Rev. A 38, 3098 (1988)
The density functional 'Vosko, Wilk & Nusair (VWN5_RPA)' belongs to the 'LDA' family and is defined in the reference(s):
(0): S. H. Vosko, L. Wilk, and M. Nusair.,  Can. J. Phys. 58, 1200 (1980)
The density functional 'Lee, Yang & Parr' belongs to the 'GGA' family and is defined in the reference(s):
(0): C. Lee, W. Yang, and R. G. Parr.,  Phys. Rev. B 37, 785 (1988)
(1): B. Miehlich, A. Savin, H. Stoll, and H. Preuss.,  Chem. Phys. Lett. 157, 200 (1989)
<start_mo> for the frozen-core post-SCF methods 0 is smaller than the number of ecp orbitals 5. Set <start_mo> = 0
Libxc version used in REST: 7.0.0
nbas: 148, natm: 18 for standard basis sets
First valence state for the frozen-core algorithm:     0
final nbas: 424,final natm: 36
numbasis: 388, num_auxbas: 914
Molecule_name: ring-c6br1
Restricted Hartree-Fock (or Kohn-Sham) algorithm is invoked.
Nuc_energy:     432.58454865 Hartree
No ghost effective potential
No ghost point charges
Overlap matrix is nonsigular:
  Lowest eigenvalue:       0.00009141 with the total number of basis functions:    388
Grid size: 214580

=======================
Generating SAD for atom: C
=======================
SAD generation for C complete.

=======================
Generating SAD for atom: H
=======================
SAD generation for H complete.

=======================
Generating SAD for atom: Br
=======================
SAD generation for Br complete.
Initial guess energy using single atom density (SAD):    -654.2878761334650335
The total energy:      -652.0733713820 Ha by the initial guess
Energy:    -650.9343876576 Ha after    1 iterations (in       1.05 seconds).
SCF Change: DM 1.78785e-2; eev  7.14113e0 Ha; etot  1.05736e1 Ha
Energy:    -640.3608265167 Ha after    2 iterations (in       0.94 seconds).
SCF Change: DM 5.75562e-3; eev  2.84337e0 Ha; etot -1.19502e1 Ha
Energy:    -652.3110505114 Ha after    3 iterations (in       0.98 seconds).
SCF Change: DM 1.88575e-3; eev  1.07116e0 Ha; etot -3.11926e-1 Ha
Energy:    -652.6229769660 Ha after    4 iterations (in       1.01 seconds).
SCF Change: DM 5.17305e-4; eev 1.47192e-1 Ha; etot -7.27282e-2 Ha
Energy:    -652.6957051738 Ha after    5 iterations (in       0.96 seconds).
SCF Change: DM 1.36953e-4; eev 7.09196e-2 Ha; etot -4.18503e-3 Ha
Energy:    -652.6998902063 Ha after    6 iterations (in       0.94 seconds).
SCF Change: DM 3.71083e-5; eev 2.46890e-2 Ha; etot -6.11369e-4 Ha
Energy:    -652.7005015754 Ha after    7 iterations (in       0.95 seconds).
SCF Change: DM 1.02122e-5; eev 3.72365e-3 Ha; etot -5.25940e-5 Ha
Energy:    -652.7005541693 Ha after    8 iterations (in       0.95 seconds).
SCF Change: DM 3.73257e-6; eev 1.38755e-3 Ha; etot -2.90554e-6 Ha
Energy:    -652.7005570748 Ha after    9 iterations (in       0.96 seconds).
SCF Change: DM 1.93437e-6; eev 6.96118e-4 Ha; etot -4.38434e-7 Ha
Energy:    -652.7005575133 Ha after   10 iterations (in       0.97 seconds).
SCF Change: DM 3.95080e-7; eev 1.06053e-4 Ha; etot -3.11079e-8 Ha
Energy:    -652.7005575444 Ha after   11 iterations (in       0.99 seconds).
SCF Change: DM 7.61460e-8; eev 2.39110e-5 Ha; etot -1.82524e-9 Ha
Energy:    -652.7005575462 Ha after   12 iterations (in       0.99 seconds).
SCF Change: DM 1.55743e-8; eev 6.06952e-6 Ha; etot -1.27670e-10 Ha
Energy:    -652.7005575463 Ha after   13 iterations (in       0.97 seconds).
SCF Change: DM 6.06393e-9; eev 2.26725e-6 Ha; etot -3.20597e-11 Ha
Energy:    -652.7005575464 Ha after   14 iterations (in       0.97 seconds).
SCF Change: DM 2.27260e-9; eev 1.04668e-6 Ha; etot 2.70575e-11 Ha
Energy:    -652.7005575463 Ha after   15 iterations (in       0.98 seconds).
SCF Change: DM 3.73850e-10; eev 2.01679e-7 Ha; etot -2.63753e-11 Ha
Energy:    -652.7005575464 Ha after   16 iterations (in       0.94 seconds).
SCF Change: DM 7.68771e-11; eev 2.86286e-8 Ha; etot 3.75167e-12 Ha
Energy:    -652.7005575464 Ha after   17 iterations (in       0.99 seconds).
SCF Change: DM 4.08225e-11; eev 1.40426e-8 Ha; etot -1.13687e-13 Ha
Energy:    -652.7005575464 Ha after   18 iterations (in       1.00 seconds).
SCF Change: DM 1.53182e-11; eev 3.59911e-9 Ha; etot 2.50111e-12 Ha
Energy:    -652.7005575464 Ha after   19 iterations (in       1.00 seconds).
SCF is converged after   19 iterations.
==========================================
Now evaluate the    PT2 correlation energy
==========================================
----------------------------------------------------------------------
Methods         :       Total Corr,          OS Corr,          SS Corr
----------------------------------------------------------------------
PT2             :      -2.15852864,      -1.60920549,      -0.54932315
----------------------------------------------------------------------
Fifth-rung correlation energy :      -0.702257275045 Ha
E[XYGJOS]=:    -651.38176932 Ha, Ex[HF]:     -64.51015037 Ha, Ec[PT2  ]:      -2.15852864 Ha
Mulliken population analysis:
  0-C  :  -0.103686
  1-C  :  -0.174910
  2-C  :  -0.103686
  3-C  :  -0.132492
  4-C  :  -0.110123
  5-C  :  -0.132493
  6-H  :   0.086294
  7-H  :   0.113548
  8-H  :   0.070384
  9-H  :   0.086294
 10-H  :   0.060809
 11-H  :   0.074883
 12-H  :   0.071048
 13-H  :   0.056900
 14-H  :   0.060809
 15-H  :   0.074884
 16-H  :   0.070384
 17-Br :  -0.068850

====================================================
              REST: Mission accomplished
====================================================
The SCF energy        :    -652.7005575463 Ha
The (R)-xDH energy    :    -651.3817693213 Ha
Detailed time report:
PT2       |:    2.019 s for the PT2 evaluation
Overall   |:   32.111 s for the whole job
SCF       |:   30.084 s for the scf procedure
