=========================================================
Input parameters for the REST calculation
=========================================================
Calculation type: Single-point energy
The exchange-correlation method: xygjos
Print level:                1
The number of threads used for parallelism:      4
The spheric-GTO basis set is taken from /home/symei/TZVPP-debug
The pruning method is nwchem
The radial grid generation method is treutler
ERI Type: ri_v
Turn on the basis pair symmetry for RI 3D-tensors
The spheric-GTO auxiliary basis set is taken from /home/symei/def2-SV(P)-JKFIT
Spin polarization: Off
Charge:   0; Spin:   1
min_num_angular_points: 110
max_num_angular_points: 590
hardness: 3
Grid generation level: 3
Even tempered basis generation: false
SCF convergency thresholds: 1e-8 for density matrix
                            1e-8 Ha. for sum of eigenvalues
                            1e-8 Ha. for total energy
Max. SCF cycle number:      250
The diis mixing with (param, max_vec_len) = (0.2, 8) is employed for the SCF procedure
Turn on the diis mixing after 1 step(s) of SCF iteractions with the linear mixing
The specified checkfile exists but is not loaded because the keyword 'external_init_guess' is specified
It will be updated after the SCF procedure 
(none)
Initial guess is prepared by (sad).
It is a finite cluster calculation
the scf functional for 'xygjos' contains
The density functional 'B3LYP' belongs to the 'Hybrid GGA' family and is defined in the reference(s):
(0): P. J. Stephens, F. J. Devlin, C. F. Chabalowski, and M. J. Frisch.,  J. Phys. Chem. 98, 11623 (1994)
the post-scf functional 'xygjos' is employed, which contains
The density functional 'Slater exchange' belongs to the 'LDA' family and is defined in the reference(s):
(0): P. A. M. Dirac.,  Math. Proc. Cambridge Philos. Soc. 26, 376 (1930)
(1): F. Bloch.,  Z. Phys. 57, 545 (1929)
The density functional 'Becke 88' belongs to the 'GGA' family and is defined in the reference(s):
(0): A. D. Becke.,  Phys. Rev. A 38, 3098 (1988)
The density functional 'Vosko, Wilk & Nusair (VWN5_RPA)' belongs to the 'LDA' family and is defined in the reference(s):
(0): S. H. Vosko, L. Wilk, and M. Nusair.,  Can. J. Phys. 58, 1200 (1980)
The density functional 'Lee, Yang & Parr' belongs to the 'GGA' family and is defined in the reference(s):
(0): C. Lee, W. Yang, and R. G. Parr.,  Phys. Rev. B 37, 785 (1988)
(1): B. Miehlich, A. Savin, H. Stoll, and H. Preuss.,  Chem. Phys. Lett. 157, 200 (1989)
<start_mo> for the frozen-core post-SCF methods 0 is smaller than the number of ecp orbitals 5. Set <start_mo> = 0
Libxc version used in REST: 7.0.0
nbas: 22, natm: 2 for standard basis sets
First valence state for the frozen-core algorithm:     0
final nbas: 88,final natm: 4
numbasis: 62, num_auxbas: 284
Molecule_name: hbr
Restricted Hartree-Fock (or Kohn-Sham) algorithm is invoked.
Nuc_energy:       9.28922776 Hartree
No ghost effective potential
No ghost point charges
Overlap matrix is nonsigular:
  Lowest eigenvalue:       0.00486027 with the total number of basis functions:     62
Grid size: 30928
Generate SAD of Br
Generate SAD of H
Initial guess HF energy:    -567.3165115433531582
The total energy:      -567.4039582941 Ha by the initial guess
Energy:    -567.1309085644 Ha after    1 iterations (in       0.02 seconds).
SCF Change: DM 2.65214e-2; eev  3.03460e0 Ha; etot  1.61907e0 Ha
Energy:    -565.5118380939 Ha after    2 iterations (in       0.03 seconds).
SCF Change: DM 3.94928e-3; eev 1.86014e-1 Ha; etot -1.92252e0 Ha
Energy:    -567.4343586726 Ha after    3 iterations (in       0.03 seconds).
SCF Change: DM 8.31504e-4; eev 6.36453e-2 Ha; etot -1.49626e-2 Ha
Energy:    -567.4493212860 Ha after    4 iterations (in       0.03 seconds).
SCF Change: DM 1.82825e-4; eev 1.16416e-2 Ha; etot -6.52468e-4 Ha
Energy:    -567.4499737536 Ha after    5 iterations (in       0.03 seconds).
SCF Change: DM 2.22168e-5; eev 1.41381e-3 Ha; etot -3.87792e-5 Ha
Energy:    -567.4500125327 Ha after    6 iterations (in       0.03 seconds).
SCF Change: DM 5.95504e-6; eev 4.87080e-4 Ha; etot -2.13292e-7 Ha
Energy:    -567.4500127460 Ha after    7 iterations (in       0.03 seconds).
SCF Change: DM 8.50505e-7; eev 4.10152e-5 Ha; etot -2.88226e-8 Ha
Energy:    -567.4500127749 Ha after    8 iterations (in       0.02 seconds).
SCF Change: DM 2.13247e-7; eev 1.11342e-5 Ha; etot -7.20206e-10 Ha
Energy:    -567.4500127756 Ha after    9 iterations (in       0.02 seconds).
SCF Change: DM 4.11215e-8; eev 2.38375e-7 Ha; etot -3.86535e-11 Ha
Energy:    -567.4500127756 Ha after   10 iterations (in       0.03 seconds).
SCF Change: DM 2.38793e-8; eev 3.97552e-7 Ha; etot -2.04636e-12 Ha
Energy:    -567.4500127756 Ha after   11 iterations (in       0.03 seconds).
SCF Change: DM 1.09973e-8; eev 1.13457e-7 Ha; etot 7.95808e-13 Ha
Energy:    -567.4500127756 Ha after   12 iterations (in       0.03 seconds).
SCF Change: DM 1.04962e-9; eev 1.61832e-8 Ha; etot -4.54747e-13 Ha
Energy:    -567.4500127756 Ha after   13 iterations (in       0.03 seconds).
SCF Change: DM 7.21124e-10; eev 3.76281e-9 Ha; etot -3.41061e-13 Ha
Energy:    -567.4500127756 Ha after   14 iterations (in       0.03 seconds).
SCF is converged after   14 iterations.
==========================================
Now evaluate the    PT2 correlation energy
==========================================
----------------------------------------------------------------------
Methods         :       Total Corr,          OS Corr,          SS Corr
----------------------------------------------------------------------
PT2             :      -1.07274681,      -0.72582305,      -0.34692376
----------------------------------------------------------------------
Fifth-rung correlation energy :      -0.316749177697 Ha
E[XYGJOS]=:    -565.65078803 Ha, Ex[HF]:     -32.73157060 Ha, Ec[PT2  ]:      -1.07274681 Ha
Mulliken population analysis:
  0-Br :  -0.028059
  1-H  :   0.028059

====================================================
              REST: Mission accomplished
====================================================
The SCF energy        :    -567.4500127756 Ha
The (R)-xDH energy    :    -565.6507880307 Ha
Detailed time report:
PT2       |:    0.064 s for the PT2 evaluation
SCF       |:    1.168 s for the scf procedure
Overall   |:    1.682 s for the whole job
