Sender: LSF System <lsfadmin@xc03n06>
Subject: Job 199862: <fit_mixed> in cluster <xdft1> Exited

Job <fit_mixed> was submitted from host <xn01> by user <symei> in cluster <xdft1> at Fri Oct 24 13:19:04 2025
Job was executed on host(s) <8*xc03n06>, in queue <small>, as user <symei> in cluster <xdft1> at Fri Oct 24 13:19:04 2025
</share/home/symei> was used as the home directory.
</share/home/symei/comp/pp-fit/fmin_rms/br-new-mixed> was used as the working directory.
Started at Fri Oct 24 13:19:04 2025
Terminated at Sat Oct 25 16:30:38 2025
Results reported at Sat Oct 25 16:30:38 2025

Your job looked like:

------------------------------------------------------------
# LSBATCH: User input
#! /usr/bin/env bash

#BSUB -q small      # 替换为实际队列名（如 normal、cpu、gpu等）
#BSUB -J fit_mixed         # 作业名称
#BSUB -n 8              # 申请 8 个 CPU 核心
#BSUB -R "span[ptile=16]" # 限制在单节点运行
#BSUB -o %J.out         # 输出日志文件
#BSUB -e %J.err         # 错误日志文件

export ROOT_PATH=/share/home/symei/pseudo_fitting
export FITTING_PATH=${ROOT_PATH}/DFT_Fit
export IGOR_MODULES_PATH=${ROOT_PATH}/Modules

nohup python $FITTING_PATH/DFT_Fit.py br-fitting.ctl

------------------------------------------------------------

Exited with exit code 1.

Resource usage summary:

    CPU time :                                   783534.50 sec.
    Max Memory :                                 6238 MB
    Average Memory :                             2105.27 MB
    Total Requested Memory :                     -
    Delta Memory :                               -
    Max Swap :                                   17592186044415 MB
    Max Processes :                              8
    Max Threads :                                62
    Run time :                                   97894 sec.
    Turnaround time :                            97894 sec.

The output (if any) follows:

Error :: No cl.log in current direction


PS:

Read file <199862.err> for stderr output of this job.

