Sender: LSF System <lsfadmin@xc05n03>
Subject: Job 447616: <fit_mixed> in cluster <xdft1> Done

Job <fit_mixed> was submitted from host <xn01> by user <symei> in cluster <xdft1> at Tue Dec  2 21:07:51 2025
Job was executed on host(s) <8*xc05n03>, in queue <small>, as user <symei> in cluster <xdft1> at Tue Dec  2 21:17:58 2025
</share/home/symei> was used as the home directory.
</share/home/symei/comp/pp-fit/fmin_rms/br-new-mixed> was used as the working directory.
Started at Tue Dec  2 21:17:58 2025
Terminated at Tue Dec  2 21:21:27 2025
Results reported at Tue Dec  2 21:21:27 2025

Your job looked like:

------------------------------------------------------------
# LSBATCH: User input
#! /usr/bin/env bash

#BSUB -q small      # 替换为实际队列名（如 normal、cpu、gpu等）
#BSUB -J fit_mixed         # 作业名称
#BSUB -n 8              # 申请 8 个 CPU 核心
#BSUB -R "span[ptile=16]" # 限制在单节点运行
#BSUB -o %J.out         # 输出日志文件
#BSUB -e %J.err         # 错误日志文件

export ROOT_PATH=/share/home/symei/pseudo_fitting
export FITTING_PATH=${ROOT_PATH}/DFT_Fit
export IGOR_MODULES_PATH=${ROOT_PATH}/Modules

nohup python $FITTING_PATH/DFT_Fit.py br-fitting.ctl

------------------------------------------------------------

Successfully completed.

Resource usage summary:

    CPU time :                                   1217.31 sec.
    Max Memory :                                 6052 MB
    Average Memory :                             2184.18 MB
    Total Requested Memory :                     -
    Delta Memory :                               -
    Max Swap :                                   -
    Max Processes :                              8
    Max Threads :                                32
    Run time :                                   209 sec.
    Turnaround time :                            816 sec.

The output (if any) follows:



PS:

Read file <447616.err> for stderr output of this job.

