=========================================================
Input parameters for the REST calculation
=========================================================
Calculation type: Single-point energy
The exchange-correlation method: xygjos
Print level:                1
The number of threads used for parallelism:      4
The spheric-GTO basis set is taken from /home/symei/def2-TZVPP-optuna-angm
The pruning method is nwchem
The radial grid generation method is treutler
ERI Type: ri_v
Turn on the basis pair symmetry for RI 3D-tensors
The spheric-GTO auxiliary basis set is taken from /home/symei/def2-SV(P)-JKFIT
Spin polarization: On
Charge:   0; Spin:   2
min_num_angular_points: 110
max_num_angular_points: 590
hardness: 3
Grid generation level: 3
Even tempered basis generation: false
SCF convergency thresholds: 1e-8 for density matrix
                            1e-8 Ha. for sum of eigenvalues
                            1e-8 Ha. for total energy
Max. SCF cycle number:      250
The diis mixing with (param, max_vec_len) = (0.2, 8) is employed for the SCF procedure
Turn on the diis mixing after 1 step(s) of SCF iteractions with the linear mixing
The specified checkfile exists but is not loaded because the keyword 'external_init_guess' is specified
It will be updated after the SCF procedure 
(none)
Initial guess is prepared by (sad).
It is a finite cluster calculation
the scf functional for 'xygjos' contains
The density functional 'B3LYP' belongs to the 'Hybrid GGA' family and is defined in the reference(s):
(0): P. J. Stephens, F. J. Devlin, C. F. Chabalowski, and M. J. Frisch.,  J. Phys. Chem. 98, 11623 (1994)
the post-scf functional 'xygjos' is employed, which contains
The density functional 'Slater exchange' belongs to the 'LDA' family and is defined in the reference(s):
(0): P. A. M. Dirac.,  Math. Proc. Cambridge Philos. Soc. 26, 376 (1930)
(1): F. Bloch.,  Z. Phys. 57, 545 (1929)
The density functional 'Becke 88' belongs to the 'GGA' family and is defined in the reference(s):
(0): A. D. Becke.,  Phys. Rev. A 38, 3098 (1988)
The density functional 'Vosko, Wilk & Nusair (VWN5_RPA)' belongs to the 'LDA' family and is defined in the reference(s):
(0): S. H. Vosko, L. Wilk, and M. Nusair.,  Can. J. Phys. 58, 1200 (1980)
The density functional 'Lee, Yang & Parr' belongs to the 'GGA' family and is defined in the reference(s):
(0): C. Lee, W. Yang, and R. G. Parr.,  Phys. Rev. B 37, 785 (1988)
(1): B. Miehlich, A. Savin, H. Stoll, and H. Preuss.,  Chem. Phys. Lett. 157, 200 (1989)
<start_mo> for the frozen-core post-SCF methods 9 is smaller than the number of ecp orbitals 14. Set <start_mo> = 0
Libxc version used in REST: 7.0.0
nbas: 16, natm: 1 for standard basis sets
First valence state for the frozen-core algorithm:     0
final nbas: 76,final natm: 2
numbasis: 48, num_auxbas: 266
Molecule_name: br
Unrestricted Hartree-Fock (or Kohn-Sham) algorithm is invoked.
Nuc_energy:       0.00000000 Hartree
No ghost effective potential
No ghost point charges
Overlap matrix is nonsigular:
  Lowest eigenvalue:       0.02573177 with the total number of basis functions:     48
Grid size: 20904
Generate SAD of Br
Initial guess HF energy:     -14.4672753146163551
The total energy:       -14.5086309723 Ha by the initial guess
Energy:     -14.5115496841 Ha with <S^2> =  0.752 and <2S+1> =  2.002 after    1 iterations (in       0.05 seconds).
SCF Change: DM (1.10332e-4,1.17249e-4); eev 4.89249e-2 Ha; etot -8.33701e-5 Ha
Energy:     -14.5116330541 Ha with <S^2> =  0.752 and <2S+1> =  2.002 after    2 iterations (in       0.05 seconds).
SCF Change: DM (3.72684e-5,3.10509e-5); eev 1.43923e-2 Ha; etot -1.14250e-5 Ha
Energy:     -14.5116444791 Ha with <S^2> =  0.752 and <2S+1> =  2.002 after    3 iterations (in       0.04 seconds).
SCF Change: DM (9.76289e-7,7.16328e-7); eev 3.33907e-4 Ha; etot -2.38055e-6 Ha
Energy:     -14.5116468597 Ha with <S^2> =  0.752 and <2S+1> =  2.002 after    4 iterations (in       0.04 seconds).
SCF Change: DM (1.18701e-7,1.20613e-7); eev 5.37887e-5 Ha; etot -1.65607e-9 Ha
Energy:     -14.5116468613 Ha with <S^2> =  0.752 and <2S+1> =  2.002 after    5 iterations (in       0.04 seconds).
SCF Change: DM (1.31260e-8,3.98964e-8); eev 1.19218e-6 Ha; etot -1.47882e-11 Ha
Energy:     -14.5116468613 Ha with <S^2> =  0.752 and <2S+1> =  2.002 after    6 iterations (in       0.03 seconds).
SCF Change: DM (4.98111e-9,3.42112e-8); eev 2.77661e-7 Ha; etot -1.25233e-12 Ha
Energy:     -14.5116468613 Ha with <S^2> =  0.752 and <2S+1> =  2.002 after    7 iterations (in       0.04 seconds).
SCF Change: DM (2.20868e-8,1.51906e-7); eev 4.48129e-8 Ha; etot -1.01430e-12 Ha
Energy:     -14.5116468613 Ha with <S^2> =  0.752 and <2S+1> =  2.002 after    8 iterations (in       0.04 seconds).
SCF Change: DM (5.19848e-6,3.57534e-5); eev 1.39311e-6 Ha; etot 4.47820e-12 Ha
Energy:     -14.5116468613 Ha with <S^2> =  0.752 and <2S+1> =  2.002 after    9 iterations (in       0.03 seconds).
SCF Change: DM (2.31600e-7,1.59287e-6); eev 9.57036e-8 Ha; etot 9.77140e-10 Ha
Energy:     -14.5116468604 Ha with <S^2> =  0.752 and <2S+1> =  2.002 after   10 iterations (in       0.04 seconds).
SCF Change: DM (2.40264e-6,1.65247e-5); eev 9.13763e-7 Ha; etot 3.98455e-11 Ha
Energy:     -14.5116468603 Ha with <S^2> =  0.752 and <2S+1> =  2.002 after   11 iterations (in       0.04 seconds).
SCF Change: DM (9.19037e-6,6.32057e-5); eev 6.62378e-6 Ha; etot 3.94518e-10 Ha
Energy:     -14.5116468599 Ha with <S^2> =  0.752 and <2S+1> =  2.002 after   12 iterations (in       0.03 seconds).
SCF Change: DM (6.68212e-7,4.44848e-6); eev 1.76756e-5 Ha; etot 1.19495e-9 Ha
Energy:     -14.5116468587 Ha with <S^2> =  0.752 and <2S+1> =  2.002 after   13 iterations (in       0.03 seconds).
SCF Change: DM (1.88723e-8,1.26404e-7); eev 4.50042e-7 Ha; etot 4.23377e-11 Ha
Energy:     -14.5116468587 Ha with <S^2> =  0.752 and <2S+1> =  2.002 after   14 iterations (in       0.03 seconds).
SCF Change: DM (4.36593e-8,2.92213e-7); eev 1.04656e-6 Ha; etot 6.24922e-12 Ha
Energy:     -14.5116468587 Ha with <S^2> =  0.752 and <2S+1> =  2.002 after   15 iterations (in       0.04 seconds).
SCF Change: DM (2.18932e-7,1.49442e-6); eev 2.80649e-6 Ha; etot -1.44134e-11 Ha
Energy:     -14.5116468587 Ha with <S^2> =  0.752 and <2S+1> =  2.002 after   16 iterations (in       0.06 seconds).
SCF Change: DM (6.74694e-7,4.36712e-6); eev 2.30466e-5 Ha; etot -1.40865e-12 Ha
Energy:     -14.5116468587 Ha with <S^2> =  0.752 and <2S+1> =  2.002 after   17 iterations (in       0.04 seconds).
SCF Change: DM (3.32941e-7,2.25694e-6); eev 5.42789e-6 Ha; etot -1.57998e-10 Ha
Energy:     -14.5116468589 Ha with <S^2> =  0.752 and <2S+1> =  2.002 after   18 iterations (in       0.05 seconds).
SCF Change: DM (1.99936e-6,1.37404e-5); eev 4.32840e-6 Ha; etot 1.98384e-11 Ha
Energy:     -14.5116468588 Ha with <S^2> =  0.752 and <2S+1> =  2.002 after   19 iterations (in       0.04 seconds).
SCF Change: DM (1.50308e-6,1.03377e-5); eev 1.40376e-6 Ha; etot -2.28141e-10 Ha
Energy:     -14.5116468591 Ha with <S^2> =  0.752 and <2S+1> =  2.002 after   20 iterations (in       0.04 seconds).
Energy increase is detected. Turn on the linear mixing algorithm with (H[DIIS, i-1] + H[DIIS, i+1]).
Prev_Energies: (    -14.51164686,     -14.51164686)
Energy increase is detected. Turn on the linear mixing algorithm with (H[DIIS, i-1] + H[DIIS, i+1]).
Prev_Energies: (    -14.51164686,     -14.51164686)
SCF Change: DM (1.17232e-6,8.06276e-6); eev 1.14154e-6 Ha; etot 1.33195e-10 Ha
Energy:     -14.5116468589 Ha with <S^2> =  0.752 and <2S+1> =  2.002 after   21 iterations (in       0.04 seconds).
SCF Change: DM (9.30154e-6,6.39668e-5); eev 7.38561e-6 Ha; etot -1.04686e-10 Ha
Energy:     -14.5116468590 Ha with <S^2> =  0.752 and <2S+1> =  2.002 after   22 iterations (in       0.05 seconds).
Energy increase is detected. Turn on the linear mixing algorithm with (H[DIIS, i-1] + H[DIIS, i+1]).
Prev_Energies: (    -14.51164686,     -14.51164686)
Energy increase is detected. Turn on the linear mixing algorithm with (H[DIIS, i-1] + H[DIIS, i+1]).
Prev_Energies: (    -14.51164686,     -14.51164686)
SCF Change: DM (7.19760e-6,4.94971e-5); eev 6.61171e-6 Ha; etot 1.61540e-10 Ha
Energy:     -14.5116468589 Ha with <S^2> =  0.752 and <2S+1> =  2.002 after   23 iterations (in       0.04 seconds).
SCF Change: DM (6.76596e-6,4.65275e-5); eev 5.97514e-6 Ha; etot -9.00986e-11 Ha
Energy:     -14.5116468590 Ha with <S^2> =  0.752 and <2S+1> =  2.002 after   24 iterations (in       0.04 seconds).
Energy increase is detected. Turn on the linear mixing algorithm with (H[DIIS, i-1] + H[DIIS, i+1]).
Prev_Energies: (    -14.51164686,     -14.51164686)
Energy increase is detected. Turn on the linear mixing algorithm with (H[DIIS, i-1] + H[DIIS, i+1]).
Prev_Energies: (    -14.51164686,     -14.51164686)
SCF Change: DM (5.07768e-6,3.49173e-5); eev 5.23741e-6 Ha; etot 7.06706e-11 Ha
Energy:     -14.5116468589 Ha with <S^2> =  0.752 and <2S+1> =  2.002 after   25 iterations (in       0.04 seconds).
SCF Change: DM (6.76765e-6,4.65374e-5); eev 4.87816e-6 Ha; etot -4.85745e-11 Ha
Energy:     -14.5116468589 Ha with <S^2> =  0.752 and <2S+1> =  2.002 after   26 iterations (in       0.03 seconds).
Energy increase is detected. Turn on the linear mixing algorithm with (H[DIIS, i-1] + H[DIIS, i+1]).
Prev_Energies: (    -14.51164686,     -14.51164686)
Energy increase is detected. Turn on the linear mixing algorithm with (H[DIIS, i-1] + H[DIIS, i+1]).
Prev_Energies: (    -14.51164686,     -14.51164686)
SCF Change: DM (5.40241e-6,3.71492e-5); eev 4.25221e-6 Ha; etot 4.43396e-11 Ha
Energy:     -14.5116468589 Ha with <S^2> =  0.752 and <2S+1> =  2.002 after   27 iterations (in       0.05 seconds).
SCF Change: DM (5.44289e-6,3.74269e-5); eev 4.42074e-6 Ha; etot -3.68274e-11 Ha
Energy:     -14.5116468589 Ha with <S^2> =  0.752 and <2S+1> =  2.002 after   28 iterations (in       0.05 seconds).
Energy increase is detected. Turn on the linear mixing algorithm with (H[DIIS, i-1] + H[DIIS, i+1]).
Prev_Energies: (    -14.51164686,     -14.51164686)
Energy increase is detected. Turn on the linear mixing algorithm with (H[DIIS, i-1] + H[DIIS, i+1]).
Prev_Energies: (    -14.51164686,     -14.51164686)
SCF Change: DM (4.43572e-6,3.05013e-5); eev 3.88894e-6 Ha; etot 3.74740e-11 Ha
Energy:     -14.5116468589 Ha with <S^2> =  0.752 and <2S+1> =  2.002 after   29 iterations (in       0.04 seconds).
SCF Change: DM (4.19071e-6,2.88163e-5); eev 3.01847e-6 Ha; etot -3.58220e-11 Ha
Energy:     -14.5116468589 Ha with <S^2> =  0.752 and <2S+1> =  2.002 after   30 iterations (in       0.03 seconds).
Energy increase is detected. Turn on the linear mixing algorithm with (H[DIIS, i-1] + H[DIIS, i+1]).
Prev_Energies: (    -14.51164686,     -14.51164686)
Energy increase is detected. Turn on the linear mixing algorithm with (H[DIIS, i-1] + H[DIIS, i+1]).
Prev_Energies: (    -14.51164686,     -14.51164686)
SCF Change: DM (3.39435e-6,2.33404e-5); eev 2.65953e-6 Ha; etot 3.24007e-11 Ha
Energy:     -14.5116468589 Ha with <S^2> =  0.752 and <2S+1> =  2.002 after   31 iterations (in       0.03 seconds).
SCF Change: DM (3.14525e-6,2.16268e-5); eev 1.93809e-6 Ha; etot -2.93419e-11 Ha
Energy:     -14.5116468589 Ha with <S^2> =  0.752 and <2S+1> =  2.002 after   32 iterations (in       0.04 seconds).
Energy increase is detected. Turn on the linear mixing algorithm with (H[DIIS, i-1] + H[DIIS, i+1]).
Prev_Energies: (    -14.51164686,     -14.51164686)
Energy increase is detected. Turn on the linear mixing algorithm with (H[DIIS, i-1] + H[DIIS, i+1]).
Prev_Energies: (    -14.51164686,     -14.51164686)
SCF Change: DM (2.52055e-6,1.73313e-5); eev 1.67354e-6 Ha; etot 2.53824e-11 Ha
Energy:     -14.5116468589 Ha with <S^2> =  0.752 and <2S+1> =  2.002 after   33 iterations (in       0.03 seconds).
SCF Change: DM (2.19209e-6,1.50710e-5); eev 5.81825e-7 Ha; etot -2.24158e-11 Ha
Energy:     -14.5116468589 Ha with <S^2> =  0.752 and <2S+1> =  2.002 after   34 iterations (in       0.04 seconds).
Energy increase is detected. Turn on the linear mixing algorithm with (H[DIIS, i-1] + H[DIIS, i+1]).
Prev_Energies: (    -14.51164686,     -14.51164686)
Energy increase is detected. Turn on the linear mixing algorithm with (H[DIIS, i-1] + H[DIIS, i+1]).
Prev_Energies: (    -14.51164686,     -14.51164686)
SCF Change: DM (1.73013e-6,1.18948e-5); eev 3.26815e-7 Ha; etot 1.37419e-11 Ha
Energy:     -14.5116468589 Ha with <S^2> =  0.752 and <2S+1> =  2.002 after   35 iterations (in       0.03 seconds).
SCF Change: DM (1.78551e-6,1.22755e-5); eev 1.26212e-6 Ha; etot -1.30989e-11 Ha
Energy:     -14.5116468589 Ha with <S^2> =  0.752 and <2S+1> =  2.002 after   36 iterations (in       0.04 seconds).
Energy increase is detected. Turn on the linear mixing algorithm with (H[DIIS, i-1] + H[DIIS, i+1]).
Prev_Energies: (    -14.51164686,     -14.51164686)
Energy increase is detected. Turn on the linear mixing algorithm with (H[DIIS, i-1] + H[DIIS, i+1]).
Prev_Energies: (    -14.51164686,     -14.51164686)
SCF Change: DM (1.44364e-6,9.92506e-6); eev 1.18124e-6 Ha; etot 1.60458e-11 Ha
Energy:     -14.5116468589 Ha with <S^2> =  0.752 and <2S+1> =  2.002 after   37 iterations (in       0.04 seconds).
SCF Change: DM (1.31276e-6,9.02442e-6); eev 1.25824e-6 Ha; etot -1.55804e-11 Ha
Energy:     -14.5116468589 Ha with <S^2> =  0.752 and <2S+1> =  2.002 after   38 iterations (in       0.04 seconds).
Energy increase is detected. Turn on the linear mixing algorithm with (H[DIIS, i-1] + H[DIIS, i+1]).
Prev_Energies: (    -14.51164686,     -14.51164686)
Energy increase is detected. Turn on the linear mixing algorithm with (H[DIIS, i-1] + H[DIIS, i+1]).
Prev_Energies: (    -14.51164686,     -14.51164686)
SCF Change: DM (1.02928e-6,7.07424e-6); eev 1.79699e-6 Ha; etot 1.18732e-11 Ha
Energy:     -14.5116468589 Ha with <S^2> =  0.752 and <2S+1> =  2.002 after   39 iterations (in       0.04 seconds).
SCF Change: DM (2.27121e-6,1.56202e-5); eev 2.39929e-6 Ha; etot -4.30944e-12 Ha
Energy:     -14.5116468589 Ha with <S^2> =  0.752 and <2S+1> =  2.002 after   40 iterations (in       0.04 seconds).
Energy increase is detected. Turn on the linear mixing algorithm with (H[DIIS, i-1] + H[DIIS, i+1]).
Prev_Energies: (    -14.51164686,     -14.51164686)
Energy increase is detected. Turn on the linear mixing algorithm with (H[DIIS, i-1] + H[DIIS, i+1]).
Prev_Energies: (    -14.51164686,     -14.51164686)
SCF Change: DM (1.81754e-6,1.25002e-5); eev 1.88713e-6 Ha; etot 1.47224e-11 Ha
Energy:     -14.5116468589 Ha with <S^2> =  0.752 and <2S+1> =  2.002 after   41 iterations (in       0.04 seconds).
SCF Change: DM (1.77270e-6,1.21917e-5); eev 1.73019e-6 Ha; etot -9.05587e-12 Ha
Energy:     -14.5116468589 Ha with <S^2> =  0.752 and <2S+1> =  2.002 after   42 iterations (in       0.04 seconds).
Energy increase is detected. Turn on the linear mixing algorithm with (H[DIIS, i-1] + H[DIIS, i+1]).
Prev_Energies: (    -14.51164686,     -14.51164686)
Energy increase is detected. Turn on the linear mixing algorithm with (H[DIIS, i-1] + H[DIIS, i+1]).
Prev_Energies: (    -14.51164686,     -14.51164686)
SCF Change: DM (1.42886e-6,9.82703e-6); eev 1.34321e-6 Ha; etot 9.06297e-12 Ha
Energy:     -14.5116468589 Ha with <S^2> =  0.752 and <2S+1> =  2.002 after   43 iterations (in       0.03 seconds).
SCF Change: DM (1.35661e-6,9.32997e-6); eev 1.48889e-6 Ha; etot -5.75362e-12 Ha
Energy:     -14.5116468589 Ha with <S^2> =  0.752 and <2S+1> =  2.002 after   44 iterations (in       0.05 seconds).
Energy increase is detected. Turn on the linear mixing algorithm with (H[DIIS, i-1] + H[DIIS, i+1]).
Prev_Energies: (    -14.51164686,     -14.51164686)
Energy increase is detected. Turn on the linear mixing algorithm with (H[DIIS, i-1] + H[DIIS, i+1]).
Prev_Energies: (    -14.51164686,     -14.51164686)
SCF Change: DM (1.09026e-6,7.49816e-6); eev 1.17492e-6 Ha; etot 5.79092e-12 Ha
Energy:     -14.5116468589 Ha with <S^2> =  0.752 and <2S+1> =  2.002 after   45 iterations (in       0.05 seconds).
SCF Change: DM (1.06626e-6,7.33308e-6); eev 1.19882e-6 Ha; etot -3.76943e-12 Ha
Energy:     -14.5116468589 Ha with <S^2> =  0.752 and <2S+1> =  2.002 after   46 iterations (in       0.04 seconds).
Energy increase is detected. Turn on the linear mixing algorithm with (H[DIIS, i-1] + H[DIIS, i+1]).
Prev_Energies: (    -14.51164686,     -14.51164686)
Energy increase is detected. Turn on the linear mixing algorithm with (H[DIIS, i-1] + H[DIIS, i+1]).
Prev_Energies: (    -14.51164686,     -14.51164686)
SCF Change: DM (8.47888e-7,5.83125e-6); eev 9.48881e-7 Ha; etot 3.74101e-12 Ha
Energy:     -14.5116468589 Ha with <S^2> =  0.752 and <2S+1> =  2.002 after   47 iterations (in       0.04 seconds).
SCF Change: DM (8.78774e-7,6.04372e-6); eev 9.30471e-7 Ha; etot -2.39986e-12 Ha
Energy:     -14.5116468589 Ha with <S^2> =  0.752 and <2S+1> =  2.002 after   48 iterations (in       0.03 seconds).
Energy increase is detected. Turn on the linear mixing algorithm with (H[DIIS, i-1] + H[DIIS, i+1]).
Prev_Energies: (    -14.51164686,     -14.51164686)
Energy increase is detected. Turn on the linear mixing algorithm with (H[DIIS, i-1] + H[DIIS, i+1]).
Prev_Energies: (    -14.51164686,     -14.51164686)
SCF Change: DM (7.03262e-7,4.83665e-6); eev 7.33989e-7 Ha; etot 2.40341e-12 Ha
Energy:     -14.5116468589 Ha with <S^2> =  0.752 and <2S+1> =  2.002 after   49 iterations (in       0.04 seconds).
SCF Change: DM (7.02143e-7,4.82895e-6); eev 7.37371e-7 Ha; etot -1.54188e-12 Ha
Energy:     -14.5116468589 Ha with <S^2> =  0.752 and <2S+1> =  2.002 after   50 iterations (in       0.04 seconds).
Energy increase is detected. Turn on the linear mixing algorithm with (H[DIIS, i-1] + H[DIIS, i+1]).
Prev_Energies: (    -14.51164686,     -14.51164686)
Energy increase is detected. Turn on the linear mixing algorithm with (H[DIIS, i-1] + H[DIIS, i+1]).
Prev_Energies: (    -14.51164686,     -14.51164686)
SCF Change: DM (5.61696e-7,3.86304e-6); eev 5.83408e-7 Ha; etot 1.55076e-12 Ha
Energy:     -14.5116468589 Ha with <S^2> =  0.752 and <2S+1> =  2.002 after   51 iterations (in       0.04 seconds).
SCF Change: DM (5.62181e-7,3.86638e-6); eev 5.82896e-7 Ha; etot -9.82325e-13 Ha
Energy:     -14.5116468589 Ha with <S^2> =  0.752 and <2S+1> =  2.002 after   52 iterations (in       0.04 seconds).
Energy increase is detected. Turn on the linear mixing algorithm with (H[DIIS, i-1] + H[DIIS, i+1]).
Prev_Energies: (    -14.51164686,     -14.51164686)
Energy increase is detected. Turn on the linear mixing algorithm with (H[DIIS, i-1] + H[DIIS, i+1]).
Prev_Energies: (    -14.51164686,     -14.51164686)
SCF Change: DM (4.49645e-7,3.09242e-6); eev 4.61930e-7 Ha; etot 9.80549e-13 Ha
Energy:     -14.5116468589 Ha with <S^2> =  0.752 and <2S+1> =  2.002 after   53 iterations (in       0.04 seconds).
SCF Change: DM (4.50399e-7,3.09761e-6); eev 4.61415e-7 Ha; etot -6.32383e-13 Ha
Energy:     -14.5116468589 Ha with <S^2> =  0.752 and <2S+1> =  2.002 after   54 iterations (in       0.04 seconds).
Energy increase is detected. Turn on the linear mixing algorithm with (H[DIIS, i-1] + H[DIIS, i+1]).
Prev_Energies: (    -14.51164686,     -14.51164686)
Energy increase is detected. Turn on the linear mixing algorithm with (H[DIIS, i-1] + H[DIIS, i+1]).
Prev_Energies: (    -14.51164686,     -14.51164686)
SCF Change: DM (3.60298e-7,2.47794e-6); eev 3.66072e-7 Ha; etot 6.34159e-13 Ha
Energy:     -14.5116468589 Ha with <S^2> =  0.752 and <2S+1> =  2.002 after   55 iterations (in       0.04 seconds).
SCF Change: DM (3.60377e-7,2.47849e-6); eev 3.66095e-7 Ha; etot -3.94351e-13 Ha
Energy:     -14.5116468589 Ha with <S^2> =  0.752 and <2S+1> =  2.002 after   56 iterations (in       0.03 seconds).
Energy increase is detected. Turn on the linear mixing algorithm with (H[DIIS, i-1] + H[DIIS, i+1]).
Prev_Energies: (    -14.51164686,     -14.51164686)
Energy increase is detected. Turn on the linear mixing algorithm with (H[DIIS, i-1] + H[DIIS, i+1]).
Prev_Energies: (    -14.51164686,     -14.51164686)
SCF Change: DM (2.88314e-7,1.98288e-6); eev 2.90683e-7 Ha; etot 3.89022e-13 Ha
Energy:     -14.5116468589 Ha with <S^2> =  0.752 and <2S+1> =  2.002 after   57 iterations (in       0.03 seconds).
SCF Change: DM (2.87951e-7,1.98038e-6); eev 2.91501e-7 Ha; etot -2.55795e-13 Ha
Energy:     -14.5116468589 Ha with <S^2> =  0.752 and <2S+1> =  2.002 after   58 iterations (in       0.03 seconds).
Energy increase is detected. Turn on the linear mixing algorithm with (H[DIIS, i-1] + H[DIIS, i+1]).
Prev_Energies: (    -14.51164686,     -14.51164686)
Energy increase is detected. Turn on the linear mixing algorithm with (H[DIIS, i-1] + H[DIIS, i+1]).
Prev_Energies: (    -14.51164686,     -14.51164686)
SCF Change: DM (2.30368e-7,1.58435e-6); eev 2.31623e-7 Ha; etot 2.77112e-13 Ha
Energy:     -14.5116468589 Ha with <S^2> =  0.752 and <2S+1> =  2.002 after   59 iterations (in       0.03 seconds).
SCF Change: DM (2.30409e-7,1.58464e-6); eev 2.31849e-7 Ha; etot -1.79412e-13 Ha
Energy:     -14.5116468589 Ha with <S^2> =  0.752 and <2S+1> =  2.002 after   60 iterations (in       0.03 seconds).
Energy increase is detected. Turn on the linear mixing algorithm with (H[DIIS, i-1] + H[DIIS, i+1]).
Prev_Energies: (    -14.51164686,     -14.51164686)
Energy increase is detected. Turn on the linear mixing algorithm with (H[DIIS, i-1] + H[DIIS, i+1]).
Prev_Energies: (    -14.51164686,     -14.51164686)
SCF Change: DM (1.84324e-7,1.26769e-6); eev 1.84383e-7 Ha; etot 1.77636e-13 Ha
Energy:     -14.5116468589 Ha with <S^2> =  0.752 and <2S+1> =  2.002 after   61 iterations (in       0.04 seconds).
SCF Change: DM (1.84367e-7,1.26798e-6); eev 1.84422e-7 Ha; etot -1.31450e-13 Ha
Energy:     -14.5116468589 Ha with <S^2> =  0.752 and <2S+1> =  2.002 after   62 iterations (in       0.03 seconds).
Energy increase is detected. Turn on the linear mixing algorithm with (H[DIIS, i-1] + H[DIIS, i+1]).
Prev_Energies: (    -14.51164686,     -14.51164686)
Energy increase is detected. Turn on the linear mixing algorithm with (H[DIIS, i-1] + H[DIIS, i+1]).
Prev_Energies: (    -14.51164686,     -14.51164686)
SCF Change: DM (1.47491e-7,1.01437e-6); eev 1.46780e-7 Ha; etot 1.24345e-13 Ha
Energy:     -14.5116468589 Ha with <S^2> =  0.752 and <2S+1> =  2.002 after   63 iterations (in       0.04 seconds).
SCF Change: DM (1.47515e-7,1.01453e-6); eev 1.46757e-7 Ha; etot -9.76996e-14 Ha
Energy:     -14.5116468589 Ha with <S^2> =  0.752 and <2S+1> =  2.002 after   64 iterations (in       0.04 seconds).
Energy increase is detected. Turn on the linear mixing algorithm with (H[DIIS, i-1] + H[DIIS, i+1]).
Prev_Energies: (    -14.51164686,     -14.51164686)
Energy increase is detected. Turn on the linear mixing algorithm with (H[DIIS, i-1] + H[DIIS, i+1]).
Prev_Energies: (    -14.51164686,     -14.51164686)
SCF Change: DM (1.18014e-7,8.11637e-7); eev 1.16883e-7 Ha; etot 8.70415e-14 Ha
Energy:     -14.5116468589 Ha with <S^2> =  0.752 and <2S+1> =  2.002 after   65 iterations (in       0.04 seconds).
SCF Change: DM (1.18011e-7,8.11616e-7); eev 1.16892e-7 Ha; etot -4.26326e-14 Ha
Energy:     -14.5116468589 Ha with <S^2> =  0.752 and <2S+1> =  2.002 after   66 iterations (in       0.03 seconds).
Energy increase is detected. Turn on the linear mixing algorithm with (H[DIIS, i-1] + H[DIIS, i+1]).
Prev_Energies: (    -14.51164686,     -14.51164686)
Energy increase is detected. Turn on the linear mixing algorithm with (H[DIIS, i-1] + H[DIIS, i+1]).
Prev_Energies: (    -14.51164686,     -14.51164686)
SCF Change: DM (9.44083e-8,6.49292e-7); eev 9.31640e-8 Ha; etot 4.26326e-14 Ha
Energy:     -14.5116468589 Ha with <S^2> =  0.752 and <2S+1> =  2.002 after   67 iterations (in       0.03 seconds).
SCF Change: DM (9.44082e-8,6.49292e-7); eev 9.31683e-8 Ha; etot -2.13163e-14 Ha
Energy:     -14.5116468589 Ha with <S^2> =  0.752 and <2S+1> =  2.002 after   68 iterations (in       0.03 seconds).
Energy increase is detected. Turn on the linear mixing algorithm with (H[DIIS, i-1] + H[DIIS, i+1]).
Prev_Energies: (    -14.51164686,     -14.51164686)
Energy increase is detected. Turn on the linear mixing algorithm with (H[DIIS, i-1] + H[DIIS, i+1]).
Prev_Energies: (    -14.51164686,     -14.51164686)
SCF Change: DM (7.55272e-8,5.19438e-7); eev 7.43047e-8 Ha; etot 2.48690e-14 Ha
Energy:     -14.5116468589 Ha with <S^2> =  0.752 and <2S+1> =  2.002 after   69 iterations (in       0.03 seconds).
SCF Change: DM (7.55242e-8,5.19417e-7); eev 7.43046e-8 Ha; etot -3.55271e-14 Ha
Energy:     -14.5116468589 Ha with <S^2> =  0.752 and <2S+1> =  2.002 after   70 iterations (in       0.03 seconds).
Energy increase is detected. Turn on the linear mixing algorithm with (H[DIIS, i-1] + H[DIIS, i+1]).
Prev_Energies: (    -14.51164686,     -14.51164686)
Energy increase is detected. Turn on the linear mixing algorithm with (H[DIIS, i-1] + H[DIIS, i+1]).
Prev_Energies: (    -14.51164686,     -14.51164686)
SCF Change: DM (6.04188e-8,4.15530e-7); eev 5.92947e-8 Ha; etot 3.19744e-14 Ha
Energy:     -14.5116468589 Ha with <S^2> =  0.752 and <2S+1> =  2.002 after   71 iterations (in       0.03 seconds).
SCF Change: DM (6.04216e-8,4.15549e-7); eev 5.92925e-8 Ha; etot -2.66454e-14 Ha
Energy:     -14.5116468589 Ha with <S^2> =  0.752 and <2S+1> =  2.002 after   72 iterations (in       0.03 seconds).
Energy increase is detected. Turn on the linear mixing algorithm with (H[DIIS, i-1] + H[DIIS, i+1]).
Prev_Energies: (    -14.51164686,     -14.51164686)
Energy increase is detected. Turn on the linear mixing algorithm with (H[DIIS, i-1] + H[DIIS, i+1]).
Prev_Energies: (    -14.51164686,     -14.51164686)
SCF Change: DM (4.83370e-8,3.32437e-7); eev 4.73382e-8 Ha; etot 3.01981e-14 Ha
Energy:     -14.5116468589 Ha with <S^2> =  0.752 and <2S+1> =  2.002 after   73 iterations (in       0.03 seconds).
SCF Change: DM (4.83395e-8,3.32455e-7); eev 4.73350e-8 Ha; etot -2.13163e-14 Ha
Energy:     -14.5116468589 Ha with <S^2> =  0.752 and <2S+1> =  2.002 after   74 iterations (in       0.03 seconds).
Energy increase is detected. Turn on the linear mixing algorithm with (H[DIIS, i-1] + H[DIIS, i+1]).
Prev_Energies: (    -14.51164686,     -14.51164686)
Energy increase is detected. Turn on the linear mixing algorithm with (H[DIIS, i-1] + H[DIIS, i+1]).
Prev_Energies: (    -14.51164686,     -14.51164686)
SCF Change: DM (3.86721e-8,2.65967e-7); eev 3.78054e-8 Ha; etot 2.30926e-14 Ha
Energy:     -14.5116468589 Ha with <S^2> =  0.752 and <2S+1> =  2.002 after   75 iterations (in       0.03 seconds).
SCF Change: DM (3.86686e-8,2.65943e-7); eev 3.78131e-8 Ha; etot  0.00000e0 Ha
Energy:     -14.5116468589 Ha with <S^2> =  0.752 and <2S+1> =  2.002 after   76 iterations (in       0.03 seconds).
Energy increase is detected. Turn on the linear mixing algorithm with (H[DIIS, i-1] + H[DIIS, i+1]).
Prev_Energies: (    -14.51164686,     -14.51164686)
Energy increase is detected. Turn on the linear mixing algorithm with (H[DIIS, i-1] + H[DIIS, i+1]).
Prev_Energies: (    -14.51164686,     -14.51164686)
SCF Change: DM (3.09345e-8,2.12752e-7); eev 3.02117e-8 Ha; etot 1.77636e-15 Ha
Energy:     -14.5116468589 Ha with <S^2> =  0.752 and <2S+1> =  2.002 after   77 iterations (in       0.03 seconds).
SCF Change: DM (3.09354e-8,2.12758e-7); eev 3.02125e-8 Ha; etot -7.10543e-15 Ha
Energy:     -14.5116468589 Ha with <S^2> =  0.752 and <2S+1> =  2.002 after   78 iterations (in       0.03 seconds).
Energy increase is detected. Turn on the linear mixing algorithm with (H[DIIS, i-1] + H[DIIS, i+1]).
Prev_Energies: (    -14.51164686,     -14.51164686)
Energy increase is detected. Turn on the linear mixing algorithm with (H[DIIS, i-1] + H[DIIS, i+1]).
Prev_Energies: (    -14.51164686,     -14.51164686)
SCF Change: DM (2.47485e-8,1.70208e-7); eev 2.41448e-8 Ha; etot 3.55271e-15 Ha
Energy:     -14.5116468589 Ha with <S^2> =  0.752 and <2S+1> =  2.002 after   79 iterations (in       0.03 seconds).
SCF Change: DM (2.47476e-8,1.70201e-7); eev 2.41459e-8 Ha; etot -8.88178e-15 Ha
Energy:     -14.5116468589 Ha with <S^2> =  0.752 and <2S+1> =  2.002 after   80 iterations (in       0.03 seconds).
Energy increase is detected. Turn on the linear mixing algorithm with (H[DIIS, i-1] + H[DIIS, i+1]).
Prev_Energies: (    -14.51164686,     -14.51164686)
Energy increase is detected. Turn on the linear mixing algorithm with (H[DIIS, i-1] + H[DIIS, i+1]).
Prev_Energies: (    -14.51164686,     -14.51164686)
SCF Change: DM (1.97979e-8,1.36160e-7); eev 1.93016e-8 Ha; etot 2.48690e-14 Ha
Energy:     -14.5116468589 Ha with <S^2> =  0.752 and <2S+1> =  2.002 after   81 iterations (in       0.03 seconds).
SCF Change: DM (1.97989e-8,1.36167e-7); eev 1.92993e-8 Ha; etot -1.95399e-14 Ha
Energy:     -14.5116468589 Ha with <S^2> =  0.752 and <2S+1> =  2.002 after   82 iterations (in       0.03 seconds).
SCF Change: DM (6.77829e-13,4.66084e-12); eev 3.97082e-11 Ha; etot  0.00000e0 Ha
Energy:     -14.5116468589 Ha with <S^2> =  0.752 and <2S+1> =  2.002 after   83 iterations (in       0.03 seconds).
SCF is converged after   83 iterations.
==========================================
Now evaluate the    PT2 correlation energy
==========================================
----------------------------------------------------------------------
Methods         :       Total Corr,          OS Corr,          SS Corr
----------------------------------------------------------------------
PT2             :      -0.20329228,      -0.15525815,      -0.04803413
----------------------------------------------------------------------
Fifth-rung correlation energy :      -0.067754658782 Ha
E[XYGJOS]=:     -14.46896547 Ha, Ex[HF]:      -2.45168233 Ha, Ec[PT2  ]:      -0.20329228 Ha
Mulliken population analysis:
  0-Br :   0.000000

====================================================
              REST: Mission accomplished
====================================================
The SCF energy        :     -14.5116468589 Ha
The (R)-xDH energy    :     -14.4689654716 Ha
Detailed time report:
PT2       |:    0.091 s for the PT2 evaluation
Overall   |:    4.168 s for the whole job
SCF       |:    3.597 s for the scf procedure
