=========================================================
Input parameters for the REST calculation
=========================================================
Calculation type: Single-point energy
The exchange-correlation method: xygjos
Print level:                1
The number of threads used for parallelism:      4
The spheric-GTO basis set is taken from /home/symei/def2-TZVPP-optuna-angm
The pruning method is nwchem
The radial grid generation method is treutler
ERI Type: ri_v
Turn on the basis pair symmetry for RI 3D-tensors
The spheric-GTO auxiliary basis set is taken from /home/symei/def2-SV(P)-JKFIT
Spin polarization: Off
Charge:   0; Spin:   1
min_num_angular_points: 110
max_num_angular_points: 590
hardness: 3
Grid generation level: 3
Even tempered basis generation: false
SCF convergency thresholds: 1e-8 for density matrix
                            1e-8 Ha. for sum of eigenvalues
                            1e-8 Ha. for total energy
Max. SCF cycle number:      250
The diis mixing with (param, max_vec_len) = (0.2, 8) is employed for the SCF procedure
Turn on the diis mixing after 1 step(s) of SCF iteractions with the linear mixing
The specified checkfile exists but is not loaded because the keyword 'external_init_guess' is specified
It will be updated after the SCF procedure 
(none)
Initial guess is prepared by (sad).
It is a finite cluster calculation
the scf functional for 'xygjos' contains
The density functional 'B3LYP' belongs to the 'Hybrid GGA' family and is defined in the reference(s):
(0): P. J. Stephens, F. J. Devlin, C. F. Chabalowski, and M. J. Frisch.,  J. Phys. Chem. 98, 11623 (1994)
the post-scf functional 'xygjos' is employed, which contains
The density functional 'Slater exchange' belongs to the 'LDA' family and is defined in the reference(s):
(0): P. A. M. Dirac.,  Math. Proc. Cambridge Philos. Soc. 26, 376 (1930)
(1): F. Bloch.,  Z. Phys. 57, 545 (1929)
The density functional 'Becke 88' belongs to the 'GGA' family and is defined in the reference(s):
(0): A. D. Becke.,  Phys. Rev. A 38, 3098 (1988)
The density functional 'Vosko, Wilk & Nusair (VWN5_RPA)' belongs to the 'LDA' family and is defined in the reference(s):
(0): S. H. Vosko, L. Wilk, and M. Nusair.,  Can. J. Phys. 58, 1200 (1980)
The density functional 'Lee, Yang & Parr' belongs to the 'GGA' family and is defined in the reference(s):
(0): C. Lee, W. Yang, and R. G. Parr.,  Phys. Rev. B 37, 785 (1988)
(1): B. Miehlich, A. Savin, H. Stoll, and H. Preuss.,  Chem. Phys. Lett. 157, 200 (1989)
<start_mo> for the frozen-core post-SCF methods 21 is smaller than the number of ecp orbitals 28. Set <start_mo> = 0
Libxc version used in REST: 7.0.0
nbas: 101, natm: 11 for standard basis sets
First valence state for the frozen-core algorithm:     0
final nbas: 332,final natm: 22
numbasis: 273, num_auxbas: 865
Molecule_name: c-cbrcbr
Restricted Hartree-Fock (or Kohn-Sham) algorithm is invoked.
Nuc_energy:     140.66498059 Hartree
No ghost effective potential
No ghost point charges
Overlap matrix is nonsigular:
  Lowest eigenvalue:       0.00024625 with the total number of basis functions:    273
Grid size: 143658
Generate SAD of C
Generate SAD of H
Generate SAD of Br
Initial guess HF energy:    -147.6645182180056395
The total energy:      -146.7262834360 Ha by the initial guess
Energy:    -145.9967673043 Ha after    1 iterations (in       0.81 seconds).
SCF Change: DM 2.02503e-2; eev  4.23709e0 Ha; etot  8.96904e0 Ha
Energy:    -137.0277292373 Ha after    2 iterations (in       0.75 seconds).
SCF Change: DM 3.33576e-3; eev  1.32393e0 Ha; etot -9.98791e0 Ha
Energy:    -147.0156354022 Ha after    3 iterations (in       0.77 seconds).
SCF Change: DM 1.21934e-3; eev 4.77248e-1 Ha; etot -3.99671e-2 Ha
Energy:    -147.0556024741 Ha after    4 iterations (in       0.78 seconds).
SCF Change: DM 2.56448e-4; eev 7.10527e-2 Ha; etot -3.20915e-2 Ha
Energy:    -147.0876940009 Ha after    5 iterations (in       0.78 seconds).
SCF Change: DM 6.17232e-5; eev 2.30101e-2 Ha; etot -1.20031e-3 Ha
Energy:    -147.0888943150 Ha after    6 iterations (in       0.78 seconds).
SCF Change: DM 2.26839e-5; eev 6.02397e-3 Ha; etot -9.95317e-5 Ha
Energy:    -147.0889938466 Ha after    7 iterations (in       0.83 seconds).
SCF Change: DM 5.85639e-6; eev 1.57029e-3 Ha; etot -1.09436e-5 Ha
Energy:    -147.0890047903 Ha after    8 iterations (in       0.73 seconds).
SCF Change: DM 2.09940e-6; eev 5.49735e-4 Ha; etot -7.45290e-7 Ha
Energy:    -147.0890055356 Ha after    9 iterations (in       0.76 seconds).
SCF Change: DM 4.44869e-7; eev 6.08356e-5 Ha; etot -8.88370e-8 Ha
Energy:    -147.0890056244 Ha after   10 iterations (in       0.79 seconds).
SCF Change: DM 7.66874e-8; eev 2.99504e-5 Ha; etot -3.68357e-9 Ha
Energy:    -147.0890056281 Ha after   11 iterations (in       0.78 seconds).
SCF Change: DM 2.38249e-8; eev 9.46541e-6 Ha; etot -5.71276e-11 Ha
Energy:    -147.0890056281 Ha after   12 iterations (in       0.75 seconds).
SCF Change: DM 8.23013e-9; eev 2.25297e-6 Ha; etot -8.83915e-12 Ha
Energy:    -147.0890056282 Ha after   13 iterations (in       0.72 seconds).
SCF Change: DM 1.17013e-9; eev 2.47747e-7 Ha; etot 1.13687e-13 Ha
Energy:    -147.0890056282 Ha after   14 iterations (in       0.74 seconds).
SCF Change: DM 5.49693e-10; eev 1.38457e-7 Ha; etot 1.02318e-12 Ha
Energy:    -147.0890056282 Ha after   15 iterations (in       0.77 seconds).
SCF Change: DM 2.30765e-10; eev 8.06706e-8 Ha; etot -3.66640e-12 Ha
Energy:    -147.0890056282 Ha after   16 iterations (in       0.77 seconds).
SCF Change: DM 6.92882e-11; eev 2.04428e-8 Ha; etot 3.52429e-12 Ha
Energy:    -147.0890056282 Ha after   17 iterations (in       0.73 seconds).
SCF Change: DM 2.33906e-11; eev 1.01572e-8 Ha; etot 6.53699e-13 Ha
Energy:    -147.0890056282 Ha after   18 iterations (in       0.72 seconds).
SCF Change: DM 4.82457e-12; eev 1.38915e-9 Ha; etot 3.21165e-12 Ha
Energy:    -147.0890056282 Ha after   19 iterations (in       0.72 seconds).
SCF is converged after   19 iterations.
==========================================
Now evaluate the    PT2 correlation energy
==========================================
----------------------------------------------------------------------
Methods         :       Total Corr,          OS Corr,          SS Corr
----------------------------------------------------------------------
PT2             :      -1.32700943,      -1.01013560,      -0.31687384
----------------------------------------------------------------------
Fifth-rung correlation energy :      -0.440823174439 Ha
E[XYGJOS]=:    -146.68105201 Ha, Ex[HF]:     -22.56214346 Ha, Ec[PT2  ]:      -1.32700943 Ha
Mulliken population analysis:
  0-C  :  -0.272258
  1-H  :   0.089780
  2-H  :   0.093204
  3-H  :   0.106271
  4-C  :   0.061576
  5-H  :   0.102580
  6-C  :  -0.130449
  7-H  :   0.123652
  8-H  :   0.123948
  9-Br :  -0.134352
 10-Br :  -0.163952

====================================================
              REST: Mission accomplished
====================================================
The SCF energy        :    -147.0890056282 Ha
The (R)-xDH energy    :    -146.6810520114 Ha
Detailed time report:
Overall   |:   25.636 s for the whole job
SCF       |:   23.945 s for the scf procedure
PT2       |:    1.207 s for the PT2 evaluation
