=========================================================
Input parameters for the REST calculation
=========================================================
Calculation type: Single-point energy
The exchange-correlation method: xygjos
Print level:                1
The number of threads used for parallelism:      4
The spheric-GTO basis set is taken from /home/symei/def2-TZVPP-optuna-angm
The pruning method is nwchem
The radial grid generation method is treutler
ERI Type: ri_v
Turn on the basis pair symmetry for RI 3D-tensors
The spheric-GTO auxiliary basis set is taken from /home/symei/def2-SV(P)-JKFIT
Spin polarization: Off
Charge:   0; Spin:   1
min_num_angular_points: 110
max_num_angular_points: 590
hardness: 3
Grid generation level: 3
Even tempered basis generation: false
SCF convergency thresholds: 1e-8 for density matrix
                            1e-8 Ha. for sum of eigenvalues
                            1e-8 Ha. for total energy
Max. SCF cycle number:      250
The diis mixing with (param, max_vec_len) = (0.2, 8) is employed for the SCF procedure
Turn on the diis mixing after 1 step(s) of SCF iteractions with the linear mixing
The specified checkfile exists but is not loaded because the keyword 'external_init_guess' is specified
It will be updated after the SCF procedure 
(none)
Initial guess is prepared by (sad).
It is a finite cluster calculation
the scf functional for 'xygjos' contains
The density functional 'B3LYP' belongs to the 'Hybrid GGA' family and is defined in the reference(s):
(0): P. J. Stephens, F. J. Devlin, C. F. Chabalowski, and M. J. Frisch.,  J. Phys. Chem. 98, 11623 (1994)
the post-scf functional 'xygjos' is employed, which contains
The density functional 'Slater exchange' belongs to the 'LDA' family and is defined in the reference(s):
(0): P. A. M. Dirac.,  Math. Proc. Cambridge Philos. Soc. 26, 376 (1930)
(1): F. Bloch.,  Z. Phys. 57, 545 (1929)
The density functional 'Becke 88' belongs to the 'GGA' family and is defined in the reference(s):
(0): A. D. Becke.,  Phys. Rev. A 38, 3098 (1988)
The density functional 'Vosko, Wilk & Nusair (VWN5_RPA)' belongs to the 'LDA' family and is defined in the reference(s):
(0): S. H. Vosko, L. Wilk, and M. Nusair.,  Can. J. Phys. 58, 1200 (1980)
The density functional 'Lee, Yang & Parr' belongs to the 'GGA' family and is defined in the reference(s):
(0): C. Lee, W. Yang, and R. G. Parr.,  Phys. Rev. B 37, 785 (1988)
(1): B. Miehlich, A. Savin, H. Stoll, and H. Preuss.,  Chem. Phys. Lett. 157, 200 (1989)
<start_mo> for the frozen-core post-SCF methods 37 is smaller than the number of ecp orbitals 56. Set <start_mo> = 0
Libxc version used in REST: 7.0.0
nbas: 75, natm: 5 for standard basis sets
First valence state for the frozen-core algorithm:     0
final nbas: 340,final natm: 10
numbasis: 223, num_auxbas: 1139
Molecule_name: cbr4
Restricted Hartree-Fock (or Kohn-Sham) algorithm is invoked.
Nuc_energy:      94.14653564 Hartree
No ghost effective potential
No ghost point charges
Overlap matrix is nonsigular:
  Lowest eigenvalue:       0.00320099 with the total number of basis functions:    223
Grid size: 97518
Generate SAD of C
Generate SAD of Br
Initial guess HF energy:     -96.6430212612612252
The total energy:       -96.2808980642 Ha by the initial guess
Energy:     -96.1713465107 Ha after    1 iterations (in       0.49 seconds).
SCF Change: DM 4.68397e-3; eev  1.31140e0 Ha; etot 8.31173e-1 Ha
Energy:     -95.3401730950 Ha after    2 iterations (in       0.49 seconds).
SCF Change: DM 4.15976e-4; eev 1.97956e-1 Ha; etot -9.63431e-1 Ha
Energy:     -96.3036039727 Ha after    3 iterations (in       0.46 seconds).
SCF Change: DM 1.40946e-4; eev 7.67426e-2 Ha; etot -1.86072e-3 Ha
Energy:     -96.3054646957 Ha after    4 iterations (in       0.51 seconds).
SCF Change: DM 3.59744e-6; eev 1.21597e-3 Ha; etot -3.36269e-4 Ha
Energy:     -96.3058009649 Ha after    5 iterations (in       0.48 seconds).
SCF Change: DM 9.26591e-7; eev 5.83238e-4 Ha; etot -3.98829e-7 Ha
Energy:     -96.3058013638 Ha after    6 iterations (in       0.51 seconds).
SCF Change: DM 1.09130e-7; eev 6.33921e-5 Ha; etot -8.18312e-9 Ha
Energy:     -96.3058013719 Ha after    7 iterations (in       0.49 seconds).
SCF Change: DM 2.28315e-8; eev 2.53403e-6 Ha; etot -7.11395e-11 Ha
Energy:     -96.3058013720 Ha after    8 iterations (in       0.52 seconds).
SCF Change: DM 8.85533e-9; eev 1.50103e-6 Ha; etot -4.88853e-12 Ha
Energy:     -96.3058013720 Ha after    9 iterations (in       0.50 seconds).
SCF Change: DM 3.46024e-10; eev 1.23701e-7 Ha; etot -5.21538e-12 Ha
Energy:     -96.3058013720 Ha after   10 iterations (in       0.47 seconds).
SCF Change: DM 6.12523e-11; eev 5.13179e-9 Ha; etot 7.81597e-13 Ha
Energy:     -96.3058013720 Ha after   11 iterations (in       0.48 seconds).
SCF is converged after   11 iterations.
==========================================
Now evaluate the    PT2 correlation energy
==========================================
----------------------------------------------------------------------
Methods         :       Total Corr,          OS Corr,          SS Corr
----------------------------------------------------------------------
PT2             :      -1.33440806,      -0.97804470,      -0.35636337
----------------------------------------------------------------------
Fifth-rung correlation energy :      -0.426818705487 Ha
E[XYGJOS]=:     -96.04536653 Ha, Ex[HF]:     -14.86142004 Ha, Ec[PT2  ]:      -1.33440806 Ha
Mulliken population analysis:
  0-C  :   0.037134
  1-Br :  -0.009289
  2-Br :  -0.009285
  3-Br :  -0.009285
  4-Br :  -0.009275

====================================================
              REST: Mission accomplished
====================================================
The SCF energy        :     -96.3058013720 Ha
The (R)-xDH energy    :     -96.0453665254 Ha
Detailed time report:
SCF       |:   11.938 s for the scf procedure
PT2       |:    0.804 s for the PT2 evaluation
Overall   |:   13.240 s for the whole job
