=========================================================
Input parameters for the REST calculation
=========================================================
Calculation type: Single-point energy
The exchange-correlation method: xygjos
Print level:                1
The number of threads used for parallelism:      4
The spheric-GTO basis set is taken from /home/symei/def2-TZVPP-optuna-angm
The pruning method is nwchem
The radial grid generation method is treutler
ERI Type: ri_v
Turn on the basis pair symmetry for RI 3D-tensors
The spheric-GTO auxiliary basis set is taken from /home/symei/def2-SV(P)-JKFIT
Spin polarization: Off
Charge:   0; Spin:   1
min_num_angular_points: 110
max_num_angular_points: 590
hardness: 3
Grid generation level: 3
Even tempered basis generation: false
SCF convergency thresholds: 1e-8 for density matrix
                            1e-8 Ha. for sum of eigenvalues
                            1e-8 Ha. for total energy
Max. SCF cycle number:      250
The diis mixing with (param, max_vec_len) = (0.2, 8) is employed for the SCF procedure
Turn on the diis mixing after 1 step(s) of SCF iteractions with the linear mixing
The specified checkfile exists but is not loaded because the keyword 'external_init_guess' is specified
It will be updated after the SCF procedure 
(none)
Initial guess is prepared by (sad).
It is a finite cluster calculation
the scf functional for 'xygjos' contains
The density functional 'B3LYP' belongs to the 'Hybrid GGA' family and is defined in the reference(s):
(0): P. J. Stephens, F. J. Devlin, C. F. Chabalowski, and M. J. Frisch.,  J. Phys. Chem. 98, 11623 (1994)
the post-scf functional 'xygjos' is employed, which contains
The density functional 'Slater exchange' belongs to the 'LDA' family and is defined in the reference(s):
(0): P. A. M. Dirac.,  Math. Proc. Cambridge Philos. Soc. 26, 376 (1930)
(1): F. Bloch.,  Z. Phys. 57, 545 (1929)
The density functional 'Becke 88' belongs to the 'GGA' family and is defined in the reference(s):
(0): A. D. Becke.,  Phys. Rev. A 38, 3098 (1988)
The density functional 'Vosko, Wilk & Nusair (VWN5_RPA)' belongs to the 'LDA' family and is defined in the reference(s):
(0): S. H. Vosko, L. Wilk, and M. Nusair.,  Can. J. Phys. 58, 1200 (1980)
The density functional 'Lee, Yang & Parr' belongs to the 'GGA' family and is defined in the reference(s):
(0): C. Lee, W. Yang, and R. G. Parr.,  Phys. Rev. B 37, 785 (1988)
(1): B. Miehlich, A. Savin, H. Stoll, and H. Preuss.,  Chem. Phys. Lett. 157, 200 (1989)
<start_mo> for the frozen-core post-SCF methods 20 is smaller than the number of ecp orbitals 28. Set <start_mo> = 0
Libxc version used in REST: 7.0.0
nbas: 78, natm: 8 for standard basis sets
First valence state for the frozen-core algorithm:     0
final nbas: 272,final natm: 16
numbasis: 214, num_auxbas: 754
Molecule_name: cbrcbr
Restricted Hartree-Fock (or Kohn-Sham) algorithm is invoked.
Nuc_energy:      85.99082700 Hartree
No ghost effective potential
No ghost point charges
Overlap matrix is nonsigular:
  Lowest eigenvalue:       0.00035717 with the total number of basis functions:    214
Grid size: 109708
Generate SAD of C
Generate SAD of H
Generate SAD of Br
Initial guess HF energy:    -108.0891245621928931
The total energy:      -107.5234756783 Ha by the initial guess
Energy:    -107.0536688866 Ha after    1 iterations (in       0.38 seconds).
SCF Change: DM 1.07932e-2; eev  3.22669e0 Ha; etot  2.35660e0 Ha
Energy:    -104.6970700520 Ha after    2 iterations (in       0.40 seconds).
SCF Change: DM 1.13917e-3; eev 5.60524e-1 Ha; etot -3.05866e0 Ha
Energy:    -107.7557299416 Ha after    3 iterations (in       0.40 seconds).
SCF Change: DM 4.88533e-4; eev 2.39143e-1 Ha; etot -3.31449e-3 Ha
Energy:    -107.7590444357 Ha after    4 iterations (in       0.45 seconds).
SCF Change: DM 2.24052e-5; eev 4.81592e-3 Ha; etot -2.24158e-3 Ha
Energy:    -107.7612860125 Ha after    5 iterations (in       0.40 seconds).
SCF Change: DM 5.70079e-6; eev 1.93733e-3 Ha; etot -6.14285e-6 Ha
Energy:    -107.7612921553 Ha after    6 iterations (in       0.39 seconds).
SCF Change: DM 1.52591e-6; eev 3.17606e-4 Ha; etot -6.37127e-7 Ha
Energy:    -107.7612927924 Ha after    7 iterations (in       0.42 seconds).
SCF Change: DM 3.26099e-7; eev 5.91035e-5 Ha; etot -3.47259e-8 Ha
Energy:    -107.7612928272 Ha after    8 iterations (in       0.40 seconds).
SCF Change: DM 4.26643e-8; eev 1.63795e-5 Ha; etot -2.03711e-9 Ha
Energy:    -107.7612928292 Ha after    9 iterations (in       0.35 seconds).
SCF Change: DM 9.06823e-9; eev 2.06483e-6 Ha; etot -1.83462e-11 Ha
Energy:    -107.7612928292 Ha after   10 iterations (in       0.40 seconds).
SCF Change: DM 1.78035e-9; eev 3.81965e-7 Ha; etot 1.37845e-12 Ha
Energy:    -107.7612928292 Ha after   11 iterations (in       0.42 seconds).
SCF Change: DM 4.89919e-10; eev 1.18887e-7 Ha; etot 4.68958e-13 Ha
Energy:    -107.7612928292 Ha after   12 iterations (in       0.40 seconds).
SCF Change: DM 1.09610e-10; eev 4.65402e-8 Ha; etot -1.27898e-12 Ha
Energy:    -107.7612928292 Ha after   13 iterations (in       0.40 seconds).
SCF Change: DM 1.03042e-11; eev 4.27078e-9 Ha; etot 1.64846e-12 Ha
Energy:    -107.7612928292 Ha after   14 iterations (in       0.41 seconds).
SCF is converged after   14 iterations.
==========================================
Now evaluate the    PT2 correlation energy
==========================================
----------------------------------------------------------------------
Methods         :       Total Corr,          OS Corr,          SS Corr
----------------------------------------------------------------------
PT2             :      -1.05213988,      -0.79936250,      -0.25277738
----------------------------------------------------------------------
Fifth-rung correlation energy :      -0.348841796942 Ha
E[XYGJOS]=:    -107.45971910 Ha, Ex[HF]:     -16.65656760 Ha, Ec[PT2  ]:      -1.05213988 Ha
Mulliken population analysis:
  0-C  :  -0.123536
  1-H  :   0.130713
  2-H  :   0.130713
  3-C  :  -0.123536
  4-H  :   0.130713
  5-H  :   0.130713
  6-Br :  -0.137891
  7-Br :  -0.137891

====================================================
              REST: Mission accomplished
====================================================
The SCF energy        :    -107.7612928292 Ha
The (R)-xDH energy    :    -107.4597191037 Ha
Detailed time report:
Overall   |:   12.331 s for the whole job
PT2       |:    0.644 s for the PT2 evaluation
SCF       |:   11.173 s for the scf procedure
