=========================================================
Input parameters for the REST calculation
=========================================================
Calculation type: Single-point energy
The exchange-correlation method: xygjos
Print level:                1
The number of threads used for parallelism:      4
The spheric-GTO basis set is taken from /home/symei/def2-TZVPP-optuna-angm
The pruning method is nwchem
The radial grid generation method is treutler
ERI Type: ri_v
Turn on the basis pair symmetry for RI 3D-tensors
The spheric-GTO auxiliary basis set is taken from /home/symei/def2-SV(P)-JKFIT
Spin polarization: Off
Charge:   0; Spin:   1
min_num_angular_points: 110
max_num_angular_points: 590
hardness: 3
Grid generation level: 3
Even tempered basis generation: false
SCF convergency thresholds: 1e-8 for density matrix
                            1e-8 Ha. for sum of eigenvalues
                            1e-8 Ha. for total energy
Max. SCF cycle number:      250
The diis mixing with (param, max_vec_len) = (0.2, 8) is employed for the SCF procedure
Turn on the diis mixing after 1 step(s) of SCF iteractions with the linear mixing
The specified checkfile exists but is not loaded because the keyword 'external_init_guess' is specified
It will be updated after the SCF procedure 
(none)
Initial guess is prepared by (sad).
It is a finite cluster calculation
the scf functional for 'xygjos' contains
The density functional 'B3LYP' belongs to the 'Hybrid GGA' family and is defined in the reference(s):
(0): P. J. Stephens, F. J. Devlin, C. F. Chabalowski, and M. J. Frisch.,  J. Phys. Chem. 98, 11623 (1994)
the post-scf functional 'xygjos' is employed, which contains
The density functional 'Slater exchange' belongs to the 'LDA' family and is defined in the reference(s):
(0): P. A. M. Dirac.,  Math. Proc. Cambridge Philos. Soc. 26, 376 (1930)
(1): F. Bloch.,  Z. Phys. 57, 545 (1929)
The density functional 'Becke 88' belongs to the 'GGA' family and is defined in the reference(s):
(0): A. D. Becke.,  Phys. Rev. A 38, 3098 (1988)
The density functional 'Vosko, Wilk & Nusair (VWN5_RPA)' belongs to the 'LDA' family and is defined in the reference(s):
(0): S. H. Vosko, L. Wilk, and M. Nusair.,  Can. J. Phys. 58, 1200 (1980)
The density functional 'Lee, Yang & Parr' belongs to the 'GGA' family and is defined in the reference(s):
(0): C. Lee, W. Yang, and R. G. Parr.,  Phys. Rev. B 37, 785 (1988)
(1): B. Miehlich, A. Savin, H. Stoll, and H. Preuss.,  Chem. Phys. Lett. 157, 200 (1989)
<start_mo> for the frozen-core post-SCF methods 19 is smaller than the number of ecp orbitals 28. Set <start_mo> = 0
Libxc version used in REST: 7.0.0
nbas: 55, natm: 5 for standard basis sets
First valence state for the frozen-core algorithm:     0
final nbas: 212,final natm: 10
numbasis: 155, num_auxbas: 643
Molecule_name: ch2br2
Restricted Hartree-Fock (or Kohn-Sham) algorithm is invoked.
Nuc_energy:      42.91821290 Hartree
No ghost effective potential
No ghost point charges
Overlap matrix is nonsigular:
  Lowest eigenvalue:       0.00058115 with the total number of basis functions:    155
Grid size: 75758
Generate SAD of C
Generate SAD of H
Generate SAD of Br
Initial guess HF energy:     -68.5431738599922653
The total energy:       -68.3296412771 Ha by the initial guess
Energy:     -68.1083238660 Ha after    1 iterations (in       0.19 seconds).
SCF Change: DM 8.24115e-3; eev  1.90182e0 Ha; etot 9.65410e-1 Ha
Energy:     -67.1429138303 Ha after    2 iterations (in       0.23 seconds).
SCF Change: DM 6.50162e-4; eev 2.26378e-1 Ha; etot -1.27973e0 Ha
Energy:     -68.4226447007 Ha after    3 iterations (in       0.18 seconds).
SCF Change: DM 2.41231e-4; eev 9.20626e-2 Ha; etot -1.96258e-3 Ha
Energy:     -68.4246072759 Ha after    4 iterations (in       0.20 seconds).
SCF Change: DM 2.88735e-5; eev 6.81316e-3 Ha; etot -3.94658e-4 Ha
Energy:     -68.4250019342 Ha after    5 iterations (in       0.18 seconds).
SCF Change: DM 8.86433e-6; eev 6.25688e-4 Ha; etot -3.90494e-6 Ha
Energy:     -68.4250058391 Ha after    6 iterations (in       0.24 seconds).
SCF Change: DM 1.32661e-6; eev 1.27102e-4 Ha; etot -4.97647e-7 Ha
Energy:     -68.4250063368 Ha after    7 iterations (in       0.21 seconds).
SCF Change: DM 1.96246e-7; eev 5.13988e-5 Ha; etot -1.59332e-8 Ha
Energy:     -68.4250063527 Ha after    8 iterations (in       0.18 seconds).
SCF Change: DM 5.08813e-8; eev 1.70746e-5 Ha; etot -2.02405e-10 Ha
Energy:     -68.4250063529 Ha after    9 iterations (in       0.18 seconds).
SCF Change: DM 1.09237e-8; eev 3.53251e-6 Ha; etot -1.53904e-11 Ha
Energy:     -68.4250063529 Ha after   10 iterations (in       0.25 seconds).
SCF Change: DM 7.52141e-10; eev 2.07197e-7 Ha; etot -3.55271e-13 Ha
Energy:     -68.4250063529 Ha after   11 iterations (in       0.21 seconds).
SCF Change: DM 1.07801e-10; eev 3.11462e-8 Ha; etot 2.41585e-13 Ha
Energy:     -68.4250063529 Ha after   12 iterations (in       0.21 seconds).
SCF Change: DM 1.94136e-11; eev 6.76805e-9 Ha; etot -8.52651e-14 Ha
Energy:     -68.4250063529 Ha after   13 iterations (in       0.21 seconds).
SCF is converged after   13 iterations.
==========================================
Now evaluate the    PT2 correlation energy
==========================================
----------------------------------------------------------------------
Methods         :       Total Corr,          OS Corr,          SS Corr
----------------------------------------------------------------------
PT2             :      -0.79110690,      -0.59655652,      -0.19455038
----------------------------------------------------------------------
Fifth-rung correlation energy :      -0.260337267070 Ha
E[XYGJOS]=:     -68.23248469 Ha, Ex[HF]:     -10.74411845 Ha, Ec[PT2  ]:      -0.79110690 Ha
Mulliken population analysis:
  0-C  :  -0.154237
  1-H  :   0.163983
  2-H  :   0.163983
  3-Br :  -0.086865
  4-Br :  -0.086865

====================================================
              REST: Mission accomplished
====================================================
The SCF energy        :     -68.4250063529 Ha
The (R)-xDH energy    :     -68.2324846901 Ha
Detailed time report:
Overall   |:    6.584 s for the whole job
SCF       |:    5.815 s for the scf procedure
PT2       |:    0.323 s for the PT2 evaluation
