=========================================================
Input parameters for the REST calculation
=========================================================
Calculation type: Single-point energy
The exchange-correlation method: xygjos
Print level:                1
The number of threads used for parallelism:      4
The spheric-GTO basis set is taken from /home/symei/def2-TZVPP-optuna-angm
The pruning method is nwchem
The radial grid generation method is treutler
ERI Type: ri_v
Turn on the basis pair symmetry for RI 3D-tensors
The spheric-GTO auxiliary basis set is taken from /home/symei/def2-SV(P)-JKFIT
Spin polarization: Off
Charge:   0; Spin:   1
min_num_angular_points: 110
max_num_angular_points: 590
hardness: 3
Grid generation level: 3
Even tempered basis generation: false
SCF convergency thresholds: 1e-8 for density matrix
                            1e-8 Ha. for sum of eigenvalues
                            1e-8 Ha. for total energy
Max. SCF cycle number:      250
The diis mixing with (param, max_vec_len) = (0.2, 8) is employed for the SCF procedure
Turn on the diis mixing after 1 step(s) of SCF iteractions with the linear mixing
The specified checkfile exists but is not loaded because the keyword 'external_init_guess' is specified
It will be updated after the SCF procedure 
(none)
Initial guess is prepared by (sad).
It is a finite cluster calculation
the scf functional for 'xygjos' contains
The density functional 'B3LYP' belongs to the 'Hybrid GGA' family and is defined in the reference(s):
(0): P. J. Stephens, F. J. Devlin, C. F. Chabalowski, and M. J. Frisch.,  J. Phys. Chem. 98, 11623 (1994)
the post-scf functional 'xygjos' is employed, which contains
The density functional 'Slater exchange' belongs to the 'LDA' family and is defined in the reference(s):
(0): P. A. M. Dirac.,  Math. Proc. Cambridge Philos. Soc. 26, 376 (1930)
(1): F. Bloch.,  Z. Phys. 57, 545 (1929)
The density functional 'Becke 88' belongs to the 'GGA' family and is defined in the reference(s):
(0): A. D. Becke.,  Phys. Rev. A 38, 3098 (1988)
The density functional 'Vosko, Wilk & Nusair (VWN5_RPA)' belongs to the 'LDA' family and is defined in the reference(s):
(0): S. H. Vosko, L. Wilk, and M. Nusair.,  Can. J. Phys. 58, 1200 (1980)
The density functional 'Lee, Yang & Parr' belongs to the 'GGA' family and is defined in the reference(s):
(0): C. Lee, W. Yang, and R. G. Parr.,  Phys. Rev. B 37, 785 (1988)
(1): B. Miehlich, A. Savin, H. Stoll, and H. Preuss.,  Chem. Phys. Lett. 157, 200 (1989)
<start_mo> for the frozen-core post-SCF methods 9 is smaller than the number of ecp orbitals 14. Set <start_mo> = 0
Libxc version used in REST: 7.0.0
nbas: 22, natm: 2 for standard basis sets
First valence state for the frozen-core algorithm:     0
final nbas: 88,final natm: 4
numbasis: 62, num_auxbas: 284
Molecule_name: hbr
Restricted Hartree-Fock (or Kohn-Sham) algorithm is invoked.
Nuc_energy:       2.60098377 Hartree
No ghost effective potential
No ghost point charges
Overlap matrix is nonsigular:
  Lowest eigenvalue:       0.00486027 with the total number of basis functions:     62
Grid size: 30928
Generate SAD of Br
Generate SAD of H
Initial guess HF energy:     -15.0767236092346000
The total energy:       -15.1486309799 Ha by the initial guess
Energy:     -15.1501522582 Ha after    1 iterations (in       0.03 seconds).
SCF Change: DM 1.37913e-3; eev 1.93930e-1 Ha; etot -1.24556e-5 Ha
Energy:     -15.1501647138 Ha after    2 iterations (in       0.03 seconds).
SCF Change: DM 1.26485e-4; eev 1.94578e-2 Ha; etot -3.40493e-3 Ha
Energy:     -15.1535696412 Ha after    3 iterations (in       0.03 seconds).
SCF Change: DM 8.58128e-6; eev 1.64348e-3 Ha; etot -2.85440e-5 Ha
Energy:     -15.1535981852 Ha after    4 iterations (in       0.03 seconds).
SCF Change: DM 1.19365e-6; eev 2.79334e-4 Ha; etot -6.17769e-8 Ha
Energy:     -15.1535982469 Ha after    5 iterations (in       0.03 seconds).
SCF Change: DM 6.62503e-8; eev 1.16262e-5 Ha; etot -1.40019e-9 Ha
Energy:     -15.1535982483 Ha after    6 iterations (in       0.06 seconds).
SCF Change: DM 3.34387e-9; eev 5.98499e-7 Ha; etot -3.96838e-12 Ha
Energy:     -15.1535982483 Ha after    7 iterations (in       0.04 seconds).
SCF Change: DM 2.06077e-10; eev 2.39592e-8 Ha; etot -7.10543e-15 Ha
Energy:     -15.1535982483 Ha after    8 iterations (in       0.04 seconds).
SCF Change: DM 1.36025e-11; eev 3.48174e-9 Ha; etot 3.55271e-15 Ha
Energy:     -15.1535982483 Ha after    9 iterations (in       0.04 seconds).
SCF is converged after    9 iterations.
==========================================
Now evaluate the    PT2 correlation energy
==========================================
----------------------------------------------------------------------
Methods         :       Total Corr,          OS Corr,          SS Corr
----------------------------------------------------------------------
PT2             :      -0.26803176,      -0.20582777,      -0.06220399
----------------------------------------------------------------------
Fifth-rung correlation energy :      -0.089823237047 Ha
E[XYGJOS]=:     -15.10834348 Ha, Ex[HF]:      -2.76884502 Ha, Ec[PT2  ]:      -0.26803176 Ha
Mulliken population analysis:
  0-Br :  -0.174966
  1-H  :   0.174966

====================================================
              REST: Mission accomplished
====================================================
The SCF energy        :     -15.1535982483 Ha
The (R)-xDH energy    :     -15.1083434809 Ha
Detailed time report:
PT2       |:    0.065 s for the PT2 evaluation
SCF       |:    1.056 s for the scf procedure
Overall   |:    1.567 s for the whole job
