=========================================================
Input parameters for the REST calculation
=========================================================
Calculation type: Single-point energy
The exchange-correlation method: xygjos
Print level:                1
The number of threads used for parallelism:      4
The spheric-GTO basis set is taken from /home/symei/def2-TZVPP-optuna-angm
The pruning method is nwchem
The radial grid generation method is treutler
ERI Type: ri_v
Turn on the basis pair symmetry for RI 3D-tensors
The spheric-GTO auxiliary basis set is taken from /home/symei/def2-SV(P)-JKFIT
Spin polarization: Off
Charge:   0; Spin:   1
min_num_angular_points: 110
max_num_angular_points: 590
hardness: 3
Grid generation level: 3
Even tempered basis generation: false
SCF convergency thresholds: 1e-8 for density matrix
                            1e-8 Ha. for sum of eigenvalues
                            1e-8 Ha. for total energy
Max. SCF cycle number:      250
The diis mixing with (param, max_vec_len) = (0.2, 8) is employed for the SCF procedure
Turn on the diis mixing after 1 step(s) of SCF iteractions with the linear mixing
The specified checkfile exists but is not loaded because the keyword 'external_init_guess' is specified
It will be updated after the SCF procedure 
(none)
Initial guess is prepared by (sad).
It is a finite cluster calculation
the scf functional for 'xygjos' contains
The density functional 'B3LYP' belongs to the 'Hybrid GGA' family and is defined in the reference(s):
(0): P. J. Stephens, F. J. Devlin, C. F. Chabalowski, and M. J. Frisch.,  J. Phys. Chem. 98, 11623 (1994)
the post-scf functional 'xygjos' is employed, which contains
The density functional 'Slater exchange' belongs to the 'LDA' family and is defined in the reference(s):
(0): P. A. M. Dirac.,  Math. Proc. Cambridge Philos. Soc. 26, 376 (1930)
(1): F. Bloch.,  Z. Phys. 57, 545 (1929)
The density functional 'Becke 88' belongs to the 'GGA' family and is defined in the reference(s):
(0): A. D. Becke.,  Phys. Rev. A 38, 3098 (1988)
The density functional 'Vosko, Wilk & Nusair (VWN5_RPA)' belongs to the 'LDA' family and is defined in the reference(s):
(0): S. H. Vosko, L. Wilk, and M. Nusair.,  Can. J. Phys. 58, 1200 (1980)
The density functional 'Lee, Yang & Parr' belongs to the 'GGA' family and is defined in the reference(s):
(0): C. Lee, W. Yang, and R. G. Parr.,  Phys. Rev. B 37, 785 (1988)
(1): B. Miehlich, A. Savin, H. Stoll, and H. Preuss.,  Chem. Phys. Lett. 157, 200 (1989)
<start_mo> for the frozen-core post-SCF methods 10 is smaller than the number of ecp orbitals 14. Set <start_mo> = 0
Libxc version used in REST: 7.0.0
nbas: 33, natm: 3 for standard basis sets
First valence state for the frozen-core algorithm:     0
final nbas: 124,final natm: 6
numbasis: 93, num_auxbas: 361
Molecule_name: hobr
Restricted Hartree-Fock (or Kohn-Sham) algorithm is invoked.
Nuc_energy:      22.11088467 Hartree
No ghost effective potential
No ghost point charges
Overlap matrix is nonsigular:
  Lowest eigenvalue:       0.00274634 with the total number of basis functions:     93
Grid size: 45190
Generate SAD of O
Generate SAD of H
Generate SAD of Br
Initial guess HF energy:     -90.4118542911064083
The total energy:       -90.2070294225 Ha by the initial guess
Energy:     -89.5053039736 Ha after    1 iterations (in       0.06 seconds).
SCF Change: DM 1.89414e-2; eev  3.55538e0 Ha; etot  1.49158e0 Ha
Energy:     -88.0137216665 Ha after    2 iterations (in       0.06 seconds).
SCF Change: DM 1.18646e-3; eev 1.84743e-1 Ha; etot -2.34353e0 Ha
Energy:     -90.3572479883 Ha after    3 iterations (in       0.06 seconds).
SCF Change: DM 5.02518e-4; eev 3.24671e-2 Ha; etot -4.92944e-3 Ha
Energy:     -90.3621774284 Ha after    4 iterations (in       0.06 seconds).
SCF Change: DM 1.14994e-4; eev 2.20547e-2 Ha; etot -1.02036e-3 Ha
Energy:     -90.3631977845 Ha after    5 iterations (in       0.06 seconds).
SCF Change: DM 2.67459e-5; eev 3.64133e-3 Ha; etot -5.18245e-5 Ha
Energy:     -90.3632496090 Ha after    6 iterations (in       0.06 seconds).
SCF Change: DM 3.77068e-6; eev 3.78702e-4 Ha; etot -2.92857e-6 Ha
Energy:     -90.3632525376 Ha after    7 iterations (in       0.06 seconds).
SCF Change: DM 1.26785e-6; eev 1.98330e-4 Ha; etot -3.03900e-8 Ha
Energy:     -90.3632525680 Ha after    8 iterations (in       0.06 seconds).
SCF Change: DM 1.44358e-7; eev 3.41953e-5 Ha; etot -7.48345e-9 Ha
Energy:     -90.3632525754 Ha after    9 iterations (in       0.08 seconds).
SCF Change: DM 5.60263e-8; eev 1.02964e-5 Ha; etot -1.23521e-10 Ha
Energy:     -90.3632525756 Ha after   10 iterations (in       0.07 seconds).
SCF Change: DM 1.42147e-8; eev 3.34858e-6 Ha; etot -1.00329e-11 Ha
Energy:     -90.3632525756 Ha after   11 iterations (in       0.07 seconds).
SCF Change: DM 2.64002e-9; eev 4.15208e-7 Ha; etot -3.69482e-13 Ha
Energy:     -90.3632525756 Ha after   12 iterations (in       0.07 seconds).
SCF Change: DM 5.73943e-10; eev 1.18217e-7 Ha; etot 4.26326e-14 Ha
Energy:     -90.3632525756 Ha after   13 iterations (in       0.06 seconds).
SCF Change: DM 1.43055e-10; eev 1.13990e-8 Ha; etot -3.55271e-13 Ha
Energy:     -90.3632525756 Ha after   14 iterations (in       0.06 seconds).
SCF Change: DM 1.43276e-11; eev 9.84302e-10 Ha; etot 8.24230e-13 Ha
Energy:     -90.3632525756 Ha after   15 iterations (in       0.06 seconds).
SCF is converged after   15 iterations.
==========================================
Now evaluate the    PT2 correlation energy
==========================================
----------------------------------------------------------------------
Methods         :       Total Corr,          OS Corr,          SS Corr
----------------------------------------------------------------------
PT2             :      -0.63597554,      -0.47939091,      -0.15658463
----------------------------------------------------------------------
Fifth-rung correlation energy :      -0.209206195069 Ha
E[XYGJOS]=:     -90.14523347 Ha, Ex[HF]:     -10.97146756 Ha, Ec[PT2  ]:      -0.63597554 Ha
Mulliken population analysis:
  0-O  :  -0.316130
  1-H  :   0.200814
  2-Br :   0.115316

====================================================
              REST: Mission accomplished
====================================================
The SCF energy        :     -90.3632525756 Ha
The (R)-xDH energy    :     -90.1452334670 Ha
Detailed time report:
PT2       |:    0.096 s for the PT2 evaluation
Overall   |:    2.886 s for the whole job
SCF       |:    2.345 s for the scf procedure
