=========================================================
Input parameters for the REST calculation
=========================================================
Calculation type: Single-point energy
The exchange-correlation method: xygjos
Print level:                1
The number of threads used for parallelism:      4
The spheric-GTO basis set is taken from /home/symei/def2-TZVPP-optuna-angm
The pruning method is nwchem
The radial grid generation method is treutler
ERI Type: ri_v
Turn on the basis pair symmetry for RI 3D-tensors
The spheric-GTO auxiliary basis set is taken from /home/symei/def2-SV(P)-JKFIT
Spin polarization: Off
Charge:   0; Spin:   1
min_num_angular_points: 110
max_num_angular_points: 590
hardness: 3
Grid generation level: 3
Even tempered basis generation: false
SCF convergency thresholds: 1e-8 for density matrix
                            1e-8 Ha. for sum of eigenvalues
                            1e-8 Ha. for total energy
Max. SCF cycle number:      250
The diis mixing with (param, max_vec_len) = (0.2, 8) is employed for the SCF procedure
Turn on the diis mixing after 1 step(s) of SCF iteractions with the linear mixing
The specified checkfile exists but is not loaded because the keyword 'external_init_guess' is specified
It will be updated after the SCF procedure 
(none)
Initial guess is prepared by (sad).
It is a finite cluster calculation
the scf functional for 'xygjos' contains
The density functional 'B3LYP' belongs to the 'Hybrid GGA' family and is defined in the reference(s):
(0): P. J. Stephens, F. J. Devlin, C. F. Chabalowski, and M. J. Frisch.,  J. Phys. Chem. 98, 11623 (1994)
the post-scf functional 'xygjos' is employed, which contains
The density functional 'Slater exchange' belongs to the 'LDA' family and is defined in the reference(s):
(0): P. A. M. Dirac.,  Math. Proc. Cambridge Philos. Soc. 26, 376 (1930)
(1): F. Bloch.,  Z. Phys. 57, 545 (1929)
The density functional 'Becke 88' belongs to the 'GGA' family and is defined in the reference(s):
(0): A. D. Becke.,  Phys. Rev. A 38, 3098 (1988)
The density functional 'Vosko, Wilk & Nusair (VWN5_RPA)' belongs to the 'LDA' family and is defined in the reference(s):
(0): S. H. Vosko, L. Wilk, and M. Nusair.,  Can. J. Phys. 58, 1200 (1980)
The density functional 'Lee, Yang & Parr' belongs to the 'GGA' family and is defined in the reference(s):
(0): C. Lee, W. Yang, and R. G. Parr.,  Phys. Rev. B 37, 785 (1988)
(1): B. Miehlich, A. Savin, H. Stoll, and H. Preuss.,  Chem. Phys. Lett. 157, 200 (1989)
<start_mo> for the frozen-core post-SCF methods 14 is larger than the number of ecp orbitals 14. Take the <start_mo> -= ecp_orbitals
Libxc version used in REST: 7.0.0
nbas: 28, natm: 2 for standard basis sets
First valence state for the frozen-core algorithm:     0
final nbas: 122,final natm: 4
numbasis: 80, num_auxbas: 378
Molecule_name: nabr
Restricted Hartree-Fock (or Kohn-Sham) algorithm is invoked.
Nuc_energy:      16.20902857 Hartree
No ghost effective potential
No ghost point charges
Overlap matrix is nonsigular:
  Lowest eigenvalue:       0.01111532 with the total number of basis functions:     80
Grid size: 37792
Generate SAD of Na
Generate SAD of Br
Initial guess HF energy:    -176.3939770151946504
The total energy:      -176.5784667070 Ha by the initial guess
Energy:    -176.5508753847 Ha after    1 iterations (in       0.05 seconds).
SCF Change: DM 1.07957e-2; eev  2.30308e0 Ha; etot -6.08639e-2 Ha
Energy:    -176.6117392812 Ha after    2 iterations (in       0.05 seconds).
SCF Change: DM 1.81190e-3; eev 2.88950e-1 Ha; etot -3.09934e-1 Ha
Energy:    -176.9216737277 Ha after    3 iterations (in       0.05 seconds).
SCF Change: DM 4.41674e-4; eev 8.31219e-2 Ha; etot -2.71720e-3 Ha
Energy:    -176.9243909295 Ha after    4 iterations (in       0.04 seconds).
SCF Change: DM 5.81689e-5; eev 1.49644e-2 Ha; etot -2.95068e-4 Ha
Energy:    -176.9246859977 Ha after    5 iterations (in       0.05 seconds).
SCF Change: DM 1.21565e-5; eev 1.55388e-3 Ha; etot -7.03049e-6 Ha
Energy:    -176.9246930281 Ha after    6 iterations (in       0.05 seconds).
SCF Change: DM 1.99887e-6; eev 2.28062e-4 Ha; etot -1.09765e-7 Ha
Energy:    -176.9246931379 Ha after    7 iterations (in       0.05 seconds).
SCF Change: DM 5.02076e-7; eev 6.94896e-5 Ha; etot -1.39285e-8 Ha
Energy:    -176.9246931518 Ha after    8 iterations (in       0.05 seconds).
SCF Change: DM 8.04771e-8; eev 1.36671e-5 Ha; etot -3.33017e-10 Ha
Energy:    -176.9246931522 Ha after    9 iterations (in       0.05 seconds).
SCF Change: DM 4.73896e-9; eev 7.31645e-7 Ha; etot -8.83915e-12 Ha
Energy:    -176.9246931522 Ha after   10 iterations (in       0.04 seconds).
SCF Change: DM 8.38891e-10; eev 6.04573e-8 Ha; etot 1.70530e-13 Ha
Energy:    -176.9246931522 Ha after   11 iterations (in       0.05 seconds).
SCF Change: DM 7.01130e-11; eev 8.66006e-9 Ha; etot -2.84217e-14 Ha
Energy:    -176.9246931522 Ha after   12 iterations (in       0.04 seconds).
SCF is converged after   12 iterations.
==========================================
Now evaluate the    PT2 correlation energy
==========================================
----------------------------------------------------------------------
Methods         :       Total Corr,          OS Corr,          SS Corr
----------------------------------------------------------------------
PT2             :      -0.46986845,      -0.34526838,      -0.12460007
----------------------------------------------------------------------
Fifth-rung correlation energy :      -0.150675121282 Ha
E[XYGJOS]=:    -176.57786985 Ha, Ex[HF]:     -16.51989866 Ha, Ec[PT2  ]:      -0.46986845 Ha
Mulliken population analysis:
  0-Na :   0.589867
  1-Br :  -0.589867

====================================================
              REST: Mission accomplished
====================================================
The SCF energy        :    -176.9246931522 Ha
The (R)-xDH energy    :    -176.5778698496 Ha
Detailed time report:
PT2       |:    0.088 s for the PT2 evaluation
Overall   |:    2.299 s for the whole job
SCF       |:    1.710 s for the scf procedure
