=========================================================
Input parameters for the REST calculation
=========================================================
Calculation type: Single-point energy
The exchange-correlation method: xygjos
Print level:                1
The number of threads used for parallelism:      4
The spheric-GTO basis set is taken from /home/symei/def2-TZVPP-optuna-angm
The pruning method is nwchem
The radial grid generation method is treutler
ERI Type: ri_v
Turn on the basis pair symmetry for RI 3D-tensors
The spheric-GTO auxiliary basis set is taken from /home/symei/def2-SV(P)-JKFIT
Spin polarization: On
Charge:   0; Spin:   4
min_num_angular_points: 110
max_num_angular_points: 590
hardness: 3
Grid generation level: 3
Even tempered basis generation: false
SCF convergency thresholds: 1e-8 for density matrix
                            1e-8 Ha. for sum of eigenvalues
                            1e-8 Ha. for total energy
Max. SCF cycle number:      250
The diis mixing with (param, max_vec_len) = (0.2, 8) is employed for the SCF procedure
Turn on the diis mixing after 1 step(s) of SCF iteractions with the linear mixing
The specified checkfile exists but is not loaded because the keyword 'external_init_guess' is specified
It will be updated after the SCF procedure 
(none)
Initial guess is prepared by (sad).
It is a finite cluster calculation
the scf functional for 'xygjos' contains
The density functional 'B3LYP' belongs to the 'Hybrid GGA' family and is defined in the reference(s):
(0): P. J. Stephens, F. J. Devlin, C. F. Chabalowski, and M. J. Frisch.,  J. Phys. Chem. 98, 11623 (1994)
the post-scf functional 'xygjos' is employed, which contains
The density functional 'Slater exchange' belongs to the 'LDA' family and is defined in the reference(s):
(0): P. A. M. Dirac.,  Math. Proc. Cambridge Philos. Soc. 26, 376 (1930)
(1): F. Bloch.,  Z. Phys. 57, 545 (1929)
The density functional 'Becke 88' belongs to the 'GGA' family and is defined in the reference(s):
(0): A. D. Becke.,  Phys. Rev. A 38, 3098 (1988)
The density functional 'Vosko, Wilk & Nusair (VWN5_RPA)' belongs to the 'LDA' family and is defined in the reference(s):
(0): S. H. Vosko, L. Wilk, and M. Nusair.,  Can. J. Phys. 58, 1200 (1980)
The density functional 'Lee, Yang & Parr' belongs to the 'GGA' family and is defined in the reference(s):
(0): C. Lee, W. Yang, and R. G. Parr.,  Phys. Rev. B 37, 785 (1988)
(1): B. Miehlich, A. Savin, H. Stoll, and H. Preuss.,  Chem. Phys. Lett. 157, 200 (1989)
For SCF calculation, no core orbital is frozen by effective core potential (ECP) approximation
Libxc version used in REST: 7.0.0
nbas: 14, natm: 1 for standard basis sets
First valence state for the frozen-core algorithm:     5
final nbas: 52,final natm: 2
numbasis: 42, num_auxbas: 128
Molecule_name: p
Unrestricted Hartree-Fock (or Kohn-Sham) algorithm is invoked.
Nuc_energy:       0.00000000 Hartree
No ghost effective potential
No ghost point charges
Overlap matrix is nonsigular:
  Lowest eigenvalue:       0.05460075 with the total number of basis functions:     42
Grid size: 18880
Generate SAD of P
Initial guess HF energy:    -341.1598752030160995
The total energy:      -341.2794626905 Ha by the initial guess
Energy:    -341.2805882728 Ha with <S^2> =  3.750 and <2S+1> =  4.000 after    1 iterations (in       0.02 seconds).
SCF Change: DM (1.23762e-4,1.53659e-4); eev 4.27508e-2 Ha; etot -4.66554e-5 Ha
Energy:    -341.2806349283 Ha with <S^2> =  3.750 and <2S+1> =  4.000 after    2 iterations (in       0.02 seconds).
SCF Change: DM (6.55464e-6,2.14072e-5); eev 1.45033e-3 Ha; etot -1.41514e-5 Ha
Energy:    -341.2806490796 Ha with <S^2> =  3.750 and <2S+1> =  4.000 after    3 iterations (in       0.02 seconds).
SCF Change: DM (1.22507e-6,6.45728e-8); eev 2.07334e-4 Ha; etot -4.89102e-8 Ha
Energy:    -341.2806491285 Ha with <S^2> =  3.750 and <2S+1> =  4.000 after    4 iterations (in       0.02 seconds).
SCF Change: DM (1.67138e-7,2.30894e-7); eev 1.12350e-5 Ha; etot -5.26654e-10 Ha
Energy:    -341.2806491291 Ha with <S^2> =  3.750 and <2S+1> =  4.000 after    5 iterations (in       0.03 seconds).
SCF Change: DM (2.89900e-9,3.48562e-9); eev 1.76705e-7 Ha; etot -7.78755e-12 Ha
Energy:    -341.2806491291 Ha with <S^2> =  3.750 and <2S+1> =  4.000 after    6 iterations (in       0.03 seconds).
SCF Change: DM (9.64666e-11,8.73412e-11); eev 6.28058e-9 Ha; etot -3.41061e-13 Ha
Energy:    -341.2806491291 Ha with <S^2> =  3.750 and <2S+1> =  4.000 after    7 iterations (in       0.02 seconds).
SCF is converged after    7 iterations.
==========================================
Now evaluate the    PT2 correlation energy
==========================================
----------------------------------------------------------------------
Methods         :       Total Corr,          OS Corr,          SS Corr
----------------------------------------------------------------------
PT2             :      -0.12483520,      -0.09058594,      -0.03424926
----------------------------------------------------------------------
Fifth-rung correlation energy :      -0.039531706108 Ha
E[XYGJOS]=:    -340.81096435 Ha, Ex[HF]:     -22.62559216 Ha, Ec[PT2  ]:      -0.12483520 Ha
Mulliken population analysis:
  0-P  :  -0.000000

====================================================
              REST: Mission accomplished
====================================================
The SCF energy        :    -341.2806491291 Ha
The (R)-xDH energy    :    -340.8109643505 Ha
Detailed time report:
Overall   |:    1.065 s for the whole job
SCF       |:    0.543 s for the scf procedure
PT2       |:    0.083 s for the PT2 evaluation
