=========================================================
Input parameters for the REST calculation
=========================================================
Calculation type: Single-point energy
The exchange-correlation method: xygjos
Print level:                1
The number of threads used for parallelism:      4
The spheric-GTO basis set is taken from /home/symei/def2-TZVPP-optuna-angm
The pruning method is nwchem
The radial grid generation method is treutler
ERI Type: ri_v
Turn on the basis pair symmetry for RI 3D-tensors
The spheric-GTO auxiliary basis set is taken from /home/symei/def2-SV(P)-JKFIT
Spin polarization: Off
Charge:   0; Spin:   1
min_num_angular_points: 110
max_num_angular_points: 590
hardness: 3
Grid generation level: 3
Even tempered basis generation: false
SCF convergency thresholds: 1e-8 for density matrix
                            1e-8 Ha. for sum of eigenvalues
                            1e-8 Ha. for total energy
Max. SCF cycle number:      250
The diis mixing with (param, max_vec_len) = (0.2, 8) is employed for the SCF procedure
Turn on the diis mixing after 1 step(s) of SCF iteractions with the linear mixing
The specified checkfile exists but is not loaded because the keyword 'external_init_guess' is specified
It will be updated after the SCF procedure 
(none)
Initial guess is prepared by (sad).
It is a finite cluster calculation
the scf functional for 'xygjos' contains
The density functional 'B3LYP' belongs to the 'Hybrid GGA' family and is defined in the reference(s):
(0): P. J. Stephens, F. J. Devlin, C. F. Chabalowski, and M. J. Frisch.,  J. Phys. Chem. 98, 11623 (1994)
the post-scf functional 'xygjos' is employed, which contains
The density functional 'Slater exchange' belongs to the 'LDA' family and is defined in the reference(s):
(0): P. A. M. Dirac.,  Math. Proc. Cambridge Philos. Soc. 26, 376 (1930)
(1): F. Bloch.,  Z. Phys. 57, 545 (1929)
The density functional 'Becke 88' belongs to the 'GGA' family and is defined in the reference(s):
(0): A. D. Becke.,  Phys. Rev. A 38, 3098 (1988)
The density functional 'Vosko, Wilk & Nusair (VWN5_RPA)' belongs to the 'LDA' family and is defined in the reference(s):
(0): S. H. Vosko, L. Wilk, and M. Nusair.,  Can. J. Phys. 58, 1200 (1980)
The density functional 'Lee, Yang & Parr' belongs to the 'GGA' family and is defined in the reference(s):
(0): C. Lee, W. Yang, and R. G. Parr.,  Phys. Rev. B 37, 785 (1988)
(1): B. Miehlich, A. Savin, H. Stoll, and H. Preuss.,  Chem. Phys. Lett. 157, 200 (1989)
<start_mo> for the frozen-core post-SCF methods 32 is smaller than the number of ecp orbitals 42. Set <start_mo> = 0
Libxc version used in REST: 7.0.0
nbas: 62, natm: 4 for standard basis sets
First valence state for the frozen-core algorithm:     0
final nbas: 280,final natm: 8
numbasis: 186, num_auxbas: 926
Molecule_name: pbr3
Restricted Hartree-Fock (or Kohn-Sham) algorithm is invoked.
Nuc_energy:      96.23040328 Hartree
No ghost effective potential
No ghost point charges
Overlap matrix is nonsigular:
  Lowest eigenvalue:       0.00424592 with the total number of basis functions:    186
Grid size: 81592
Generate SAD of P
Generate SAD of Br
Initial guess HF energy:    -385.2678418657928887
The total energy:      -385.1069781996 Ha by the initial guess
Energy:    -385.1007242257 Ha after    1 iterations (in       0.34 seconds).
SCF Change: DM 2.29263e-3; eev 4.50170e-1 Ha; etot 4.54149e-2 Ha
Energy:    -385.0553092952 Ha after    2 iterations (in       0.30 seconds).
SCF Change: DM 1.98595e-4; eev 9.27249e-2 Ha; etot -6.12937e-2 Ha
Energy:    -385.1166029994 Ha after    3 iterations (in       0.32 seconds).
SCF Change: DM 3.12833e-5; eev 4.94899e-3 Ha; etot -3.68748e-4 Ha
Energy:    -385.1169717471 Ha after    4 iterations (in       0.33 seconds).
SCF Change: DM 9.26375e-6; eev 1.76558e-3 Ha; etot -1.04661e-5 Ha
Energy:    -385.1169822132 Ha after    5 iterations (in       0.33 seconds).
SCF Change: DM 2.57927e-6; eev 2.28420e-4 Ha; etot -6.86966e-7 Ha
Energy:    -385.1169829002 Ha after    6 iterations (in       0.34 seconds).
SCF Change: DM 4.64808e-7; eev 3.18136e-5 Ha; etot -5.32967e-8 Ha
Energy:    -385.1169829535 Ha after    7 iterations (in       0.33 seconds).
SCF Change: DM 7.24673e-8; eev 1.38475e-5 Ha; etot -8.55835e-10 Ha
Energy:    -385.1169829543 Ha after    8 iterations (in       0.33 seconds).
SCF Change: DM 1.17049e-8; eev 4.32186e-6 Ha; etot -7.84439e-12 Ha
Energy:    -385.1169829543 Ha after    9 iterations (in       0.31 seconds).
SCF Change: DM 1.90011e-9; eev 6.10075e-7 Ha; etot -7.50333e-12 Ha
Energy:    -385.1169829543 Ha after   10 iterations (in       0.32 seconds).
SCF Change: DM 8.95182e-10; eev 9.89612e-8 Ha; etot 3.86535e-12 Ha
Energy:    -385.1169829543 Ha after   11 iterations (in       0.34 seconds).
SCF Change: DM 2.13390e-10; eev 7.76730e-8 Ha; etot -3.41061e-12 Ha
Energy:    -385.1169829543 Ha after   12 iterations (in       0.33 seconds).
SCF Change: DM 3.53030e-11; eev 9.98882e-9 Ha; etot 2.89901e-12 Ha
Energy:    -385.1169829543 Ha after   13 iterations (in       0.30 seconds).
SCF is converged after   13 iterations.
==========================================
Now evaluate the    PT2 correlation energy
==========================================
----------------------------------------------------------------------
Methods         :       Total Corr,          OS Corr,          SS Corr
----------------------------------------------------------------------
PT2             :      -1.19865129,      -0.87199680,      -0.32665449
----------------------------------------------------------------------
Fifth-rung correlation energy :      -0.380539404528 Ha
E[XYGJOS]=:    -384.57712555 Ha, Ex[HF]:     -29.93447895 Ha, Ec[PT2  ]:      -1.19865129 Ha
Mulliken population analysis:
  0-P  :   0.371510
  1-Br :  -0.123840
  2-Br :  -0.123835
  3-Br :  -0.123835

====================================================
              REST: Mission accomplished
====================================================
The SCF energy        :    -385.1169829543 Ha
The (R)-xDH energy    :    -384.5771255518 Ha
Detailed time report:
PT2       |:    0.567 s for the PT2 evaluation
Overall   |:    9.566 s for the whole job
SCF       |:    8.456 s for the scf procedure
