=========================================================
Input parameters for the REST calculation
=========================================================
Calculation type: Single-point energy
The exchange-correlation method: xygjos
Print level:                1
The number of threads used for parallelism:      4
The spheric-GTO basis set is taken from /home/symei/def2-TZVPP-optuna-angm
The pruning method is nwchem
The radial grid generation method is treutler
ERI Type: ri_v
Turn on the basis pair symmetry for RI 3D-tensors
The spheric-GTO auxiliary basis set is taken from /home/symei/def2-SV(P)-JKFIT
Spin polarization: Off
Charge:   0; Spin:   1
min_num_angular_points: 110
max_num_angular_points: 590
hardness: 3
Grid generation level: 3
Even tempered basis generation: false
SCF convergency thresholds: 1e-8 for density matrix
                            1e-8 Ha. for sum of eigenvalues
                            1e-8 Ha. for total energy
Max. SCF cycle number:      250
The diis mixing with (param, max_vec_len) = (0.2, 8) is employed for the SCF procedure
Turn on the diis mixing after 1 step(s) of SCF iteractions with the linear mixing
The specified checkfile exists but is not loaded because the keyword 'external_init_guess' is specified
It will be updated after the SCF procedure 
(none)
Initial guess is prepared by (sad).
It is a finite cluster calculation
the scf functional for 'xygjos' contains
The density functional 'B3LYP' belongs to the 'Hybrid GGA' family and is defined in the reference(s):
(0): P. J. Stephens, F. J. Devlin, C. F. Chabalowski, and M. J. Frisch.,  J. Phys. Chem. 98, 11623 (1994)
the post-scf functional 'xygjos' is employed, which contains
The density functional 'Slater exchange' belongs to the 'LDA' family and is defined in the reference(s):
(0): P. A. M. Dirac.,  Math. Proc. Cambridge Philos. Soc. 26, 376 (1930)
(1): F. Bloch.,  Z. Phys. 57, 545 (1929)
The density functional 'Becke 88' belongs to the 'GGA' family and is defined in the reference(s):
(0): A. D. Becke.,  Phys. Rev. A 38, 3098 (1988)
The density functional 'Vosko, Wilk & Nusair (VWN5_RPA)' belongs to the 'LDA' family and is defined in the reference(s):
(0): S. H. Vosko, L. Wilk, and M. Nusair.,  Can. J. Phys. 58, 1200 (1980)
The density functional 'Lee, Yang & Parr' belongs to the 'GGA' family and is defined in the reference(s):
(0): C. Lee, W. Yang, and R. G. Parr.,  Phys. Rev. B 37, 785 (1988)
(1): B. Miehlich, A. Savin, H. Stoll, and H. Preuss.,  Chem. Phys. Lett. 157, 200 (1989)
<start_mo> for the frozen-core post-SCF methods 15 is larger than the number of ecp orbitals 14. Take the <start_mo> -= ecp_orbitals
Libxc version used in REST: 7.0.0
nbas: 148, natm: 18 for standard basis sets
First valence state for the frozen-core algorithm:     1
final nbas: 424,final natm: 36
numbasis: 388, num_auxbas: 914
Molecule_name: ring-c6br1
Restricted Hartree-Fock (or Kohn-Sham) algorithm is invoked.
Nuc_energy:     298.16491839 Hartree
No ghost effective potential
No ghost point charges
Overlap matrix is nonsigular:
  Lowest eigenvalue:       0.00009141 with the total number of basis functions:    388
Grid size: 214580
Generate SAD of C
Generate SAD of H
Generate SAD of Br
Initial guess HF energy:    -251.4435282229497375
The total energy:      -249.2778436035 Ha by the initial guess
Energy:    -247.9771034519 Ha after    1 iterations (in       1.51 seconds).
SCF Change: DM 1.71666e-2; eev  7.33166e0 Ha; etot  1.07718e1 Ha
Energy:    -237.2053139157 Ha after    2 iterations (in       1.53 seconds).
SCF Change: DM 4.86990e-3; eev  2.32493e0 Ha; etot -1.23626e1 Ha
Energy:    -249.5679093464 Ha after    3 iterations (in       1.38 seconds).
SCF Change: DM 1.52650e-3; eev 5.90470e-1 Ha; etot -3.11987e-1 Ha
Energy:    -249.8798961438 Ha after    4 iterations (in       1.54 seconds).
SCF Change: DM 4.45550e-4; eev 1.75225e-1 Ha; etot -3.59779e-2 Ha
Energy:    -249.9158740292 Ha after    5 iterations (in       1.44 seconds).
SCF Change: DM 9.04365e-5; eev 3.86498e-2 Ha; etot -7.26379e-3 Ha
Energy:    -249.9231378154 Ha after    6 iterations (in       1.40 seconds).
SCF Change: DM 2.83986e-5; eev 8.82571e-3 Ha; etot -2.95706e-4 Ha
Energy:    -249.9234335210 Ha after    7 iterations (in       1.47 seconds).
SCF Change: DM 1.29345e-5; eev 4.56483e-3 Ha; etot -3.23402e-5 Ha
Energy:    -249.9234658612 Ha after    8 iterations (in       1.45 seconds).
SCF Change: DM 2.58997e-6; eev 7.98011e-4 Ha; etot -3.37695e-6 Ha
Energy:    -249.9234692381 Ha after    9 iterations (in       1.46 seconds).
SCF Change: DM 2.00668e-6; eev 4.96445e-4 Ha; etot -9.79970e-8 Ha
Energy:    -249.9234693361 Ha after   10 iterations (in       1.51 seconds).
SCF Change: DM 2.23807e-7; eev 8.76381e-5 Ha; etot -5.13656e-8 Ha
Energy:    -249.9234693875 Ha after   11 iterations (in       1.41 seconds).
SCF Change: DM 1.08611e-7; eev 3.34280e-5 Ha; etot -9.28537e-10 Ha
Energy:    -249.9234693884 Ha after   12 iterations (in       1.51 seconds).
SCF Change: DM 2.23327e-8; eev 9.79629e-6 Ha; etot -2.28226e-10 Ha
Energy:    -249.9234693887 Ha after   13 iterations (in       1.60 seconds).
SCF Change: DM 3.01206e-9; eev 1.08771e-6 Ha; etot -6.19593e-12 Ha
Energy:    -249.9234693887 Ha after   14 iterations (in       1.47 seconds).
SCF Change: DM 2.24765e-9; eev 7.49518e-7 Ha; etot -1.03455e-11 Ha
Energy:    -249.9234693887 Ha after   15 iterations (in       1.53 seconds).
SCF Change: DM 3.72039e-10; eev 1.45543e-7 Ha; etot 5.62750e-12 Ha
Energy:    -249.9234693887 Ha after   16 iterations (in       1.52 seconds).
SCF Change: DM 1.93432e-10; eev 7.56913e-8 Ha; etot 2.78533e-12 Ha
Energy:    -249.9234693887 Ha after   17 iterations (in       1.47 seconds).
SCF Change: DM 3.79943e-11; eev 9.50047e-9 Ha; etot 5.68434e-14 Ha
Energy:    -249.9234693887 Ha after   18 iterations (in       1.50 seconds).
SCF is converged after   18 iterations.
==========================================
Now evaluate the    PT2 correlation energy
==========================================
----------------------------------------------------------------------
Methods         :       Total Corr,          OS Corr,          SS Corr
----------------------------------------------------------------------
PT2             :      -1.82777283,      -1.39804048,      -0.42973235
----------------------------------------------------------------------
Fifth-rung correlation energy :      -0.610104867622 Ha
E[XYGJOS]=:    -249.22800766 Ha, Ex[HF]:     -37.53264245 Ha, Ec[PT2  ]:      -1.82777283 Ha
Mulliken population analysis:
  0-C  :  -0.154733
  1-C  :   0.079923
  2-C  :  -0.154733
  3-C  :  -0.128385
  4-C  :  -0.111573
  5-C  :  -0.128386
  6-H  :   0.082821
  7-H  :   0.094459
  8-H  :   0.066600
  9-H  :   0.082821
 10-H  :   0.060320
 11-H  :   0.072822
 12-H  :   0.070395
 13-H  :   0.056768
 14-H  :   0.060320
 15-H  :   0.072823
 16-H  :   0.066600
 17-Br :  -0.188863

====================================================
              REST: Mission accomplished
====================================================
The SCF energy        :    -249.9234693887 Ha
The (R)-xDH energy    :    -249.2280076554 Ha
Detailed time report:
PT2       |:    2.668 s for the PT2 evaluation
Overall   |:   47.730 s for the whole job
SCF       |:   44.566 s for the scf procedure
