Sender: LSF System <lsfadmin@xc06n02>
Subject: Job 170677: <o-28-all> in cluster <xdft1> Exited

Job <o-28-all> was submitted from host <xn01> by user <symei> in cluster <xdft1> at Thu Oct 16 19:54:16 2025
Job was executed on host(s) <6*xc06n02>, in queue <small>, as user <symei> in cluster <xdft1> at Thu Oct 16 19:54:17 2025
</share/home/symei> was used as the home directory.
</share/home/symei/comp/pp-fit/optuna_rms/br-all-28> was used as the working directory.
Started at Thu Oct 16 19:54:17 2025
Terminated at Sun Oct 19 22:59:41 2025
Results reported at Sun Oct 19 22:59:41 2025

Your job looked like:

------------------------------------------------------------
# LSBATCH: User input
#! /usr/bin/env bash

#BSUB -q small      # 替换为实际队列名（如 normal、cpu、gpu等）
#BSUB -J o-28-all        # 作业名称
#BSUB -n 6              # 申请 8 个 CPU 核心
#BSUB -R "span[ptile=16]" # 限制在单节点运行
#BSUB -o %J.out         # 输出日志文件
#BSUB -e %J.err         # 错误日志文件

export ROOT_PATH=/share/home/symei/pseudo_fitting
export FITTING_PATH=${ROOT_PATH}/DFT_Fit
export IGOR_MODULES_PATH=${ROOT_PATH}/Modules

nohup python $FITTING_PATH/DFT_Fit.py br-fitting.ctl

------------------------------------------------------------

TERM_OWNER: job killed by owner.
Exited with exit code 143.

Resource usage summary:

    CPU time :                                   1078045.00 sec.
    Max Memory :                                 6234 MB
    Average Memory :                             2217.98 MB
    Total Requested Memory :                     -
    Delta Memory :                               -
    Max Swap :                                   17592186044415 MB
    Max Processes :                              8
    Max Threads :                                54
    Run time :                                   270323 sec.
    Turnaround time :                            270325 sec.

The output (if any) follows:



PS:

Read file <170677.err> for stderr output of this job.

