Sender: LSF System <lsfadmin@xc05n07>
Subject: Job 179818: <o-28-all> in cluster <xdft1> Exited

Job <o-28-all> was submitted from host <xc03n08> by user <symei> in cluster <xdft1> at Sun Oct 19 23:06:55 2025
Job was executed on host(s) <8*xc05n07>, in queue <small>, as user <symei> in cluster <xdft1> at Sun Oct 19 23:06:55 2025
</share/home/symei> was used as the home directory.
</share/home/symei/comp/pp-fit/optuna_rms/br-all-28> was used as the working directory.
Started at Sun Oct 19 23:06:55 2025
Terminated at Tue Oct 21 16:10:52 2025
Results reported at Tue Oct 21 16:10:52 2025

Your job looked like:

------------------------------------------------------------
# LSBATCH: User input
#! /usr/bin/env bash

#BSUB -q small      # 替换为实际队列名（如 normal、cpu、gpu等）
#BSUB -J o-28-all        # 作业名称
#BSUB -n 8              # 申请 8 个 CPU 核心
#BSUB -R "span[ptile=16]" # 限制在单节点运行
#BSUB -o %J.out         # 输出日志文件
#BSUB -e %J.err         # 错误日志文件

export ROOT_PATH=/share/home/symei/pseudo_fitting
export FITTING_PATH=${ROOT_PATH}/DFT_Fit
export IGOR_MODULES_PATH=${ROOT_PATH}/Modules

nohup python $FITTING_PATH/DFT_Fit.py br-fitting.ctl

------------------------------------------------------------

TERM_OWNER: job killed by owner.
Exited with exit code 143.

Resource usage summary:

    CPU time :                                   619130.00 sec.
    Max Memory :                                 6220 MB
    Average Memory :                             2200.70 MB
    Total Requested Memory :                     -
    Delta Memory :                               -
    Max Swap :                                   17592186044415 MB
    Max Processes :                              8
    Max Threads :                                66
    Run time :                                   147837 sec.
    Turnaround time :                            147837 sec.

The output (if any) follows:



PS:

Read file <179818.err> for stderr output of this job.

