Sender: LSF System <lsfadmin@xc03n06>
Subject: Job 93929: <o-mixed> in cluster <xdft1> Exited

Job <o-mixed> was submitted from host <xc03n08> by user <symei> in cluster <xdft1> at Thu Sep 25 14:49:32 2025
Job was executed on host(s) <4*xc03n06>, in queue <small>, as user <symei> in cluster <xdft1> at Thu Sep 25 14:49:32 2025
</share/home/symei> was used as the home directory.
</share/home/symei/comp/pp-fit/optuna_rms/br-mixed> was used as the working directory.
Started at Thu Sep 25 14:49:32 2025
Terminated at Fri Sep 26 02:16:07 2025
Results reported at Fri Sep 26 02:16:07 2025

Your job looked like:

------------------------------------------------------------
# LSBATCH: User input
#! /usr/bin/env bash

#BSUB -q small      # 替换为实际队列名（如 normal、cpu、gpu等）
#BSUB -J o-mixed         # 作业名称
#BSUB -n 4              # 申请 8 个 CPU 核心
#BSUB -R "span[ptile=16]" # 限制在单节点运行
#BSUB -o %J.out         # 输出日志文件
#BSUB -e %J.err         # 错误日志文件

export ROOT_PATH=/share/home/symei/pseudo_fitting
export FITTING_PATH=${ROOT_PATH}/DFT_Fit
export IGOR_MODULES_PATH=${ROOT_PATH}/Modules

nohup python $FITTING_PATH/DFT_Fit.py br-fitting.ctl

------------------------------------------------------------

Exited with exit code 1.

Resource usage summary:

    CPU time :                                   167653.34 sec.
    Max Memory :                                 6204 MB
    Average Memory :                             2289.66 MB
    Total Requested Memory :                     -
    Delta Memory :                               -
    Max Swap :                                   17592186044415 MB
    Max Processes :                              8
    Max Threads :                                61
    Run time :                                   41195 sec.
    Turnaround time :                            41195 sec.

The output (if any) follows:

Error :: SCF doesn't sucess in br
Error :: SCF doesn't sucess in br
Error :: SCF doesn't sucess in br
Error :: SCF doesn't sucess in br
Error :: SCF doesn't sucess in c-cbrcbr-c
Error :: SCF doesn't sucess in br
Error :: SCF doesn't sucess in br
Error :: SCF doesn't sucess in br
Error :: SCF doesn't sucess in c-cbrcbr-c
Error :: SCF doesn't sucess in br
Error :: SCF doesn't sucess in br
Error :: SCF doesn't sucess in br


PS:

Read file <93929.err> for stderr output of this job.

