=========================================================
Input parameters for the REST calculation
=========================================================
Calculation type: Single-point energy
The exchange-correlation method: xygjos
Print level:                1
The number of threads used for parallelism:      4
The spheric-GTO basis set is taken from /home/symei/def2-TZVPP-optuna-ptype
The pruning method is nwchem
The radial grid generation method is treutler
ERI Type: ri_v
Turn on the basis pair symmetry for RI 3D-tensors
The spheric-GTO auxiliary basis set is taken from /home/symei/def2-SV(P)-JKFIT
Spin polarization: On
Charge:   0; Spin:   2
min_num_angular_points: 110
max_num_angular_points: 590
hardness: 3
Grid generation level: 3
Even tempered basis generation: false
SCF convergency thresholds: 1e-8 for density matrix
                            1e-8 Ha. for sum of eigenvalues
                            1e-8 Ha. for total energy
Max. SCF cycle number:      250
The diis mixing with (param, max_vec_len) = (0.2, 8) is employed for the SCF procedure
Turn on the diis mixing after 1 step(s) of SCF iteractions with the linear mixing
The specified checkfile exists but is not loaded because the keyword 'external_init_guess' is specified
It will be updated after the SCF procedure 
(none)
Initial guess is prepared by (sad).
It is a finite cluster calculation
the scf functional for 'xygjos' contains
The density functional 'B3LYP' belongs to the 'Hybrid GGA' family and is defined in the reference(s):
(0): P. J. Stephens, F. J. Devlin, C. F. Chabalowski, and M. J. Frisch.,  J. Phys. Chem. 98, 11623 (1994)
the post-scf functional 'xygjos' is employed, which contains
The density functional 'Slater exchange' belongs to the 'LDA' family and is defined in the reference(s):
(0): P. A. M. Dirac.,  Math. Proc. Cambridge Philos. Soc. 26, 376 (1930)
(1): F. Bloch.,  Z. Phys. 57, 545 (1929)
The density functional 'Becke 88' belongs to the 'GGA' family and is defined in the reference(s):
(0): A. D. Becke.,  Phys. Rev. A 38, 3098 (1988)
The density functional 'Vosko, Wilk & Nusair (VWN5_RPA)' belongs to the 'LDA' family and is defined in the reference(s):
(0): S. H. Vosko, L. Wilk, and M. Nusair.,  Can. J. Phys. 58, 1200 (1980)
The density functional 'Lee, Yang & Parr' belongs to the 'GGA' family and is defined in the reference(s):
(0): C. Lee, W. Yang, and R. G. Parr.,  Phys. Rev. B 37, 785 (1988)
(1): B. Miehlich, A. Savin, H. Stoll, and H. Preuss.,  Chem. Phys. Lett. 157, 200 (1989)
<start_mo> for the frozen-core post-SCF methods 9 is smaller than the number of ecp orbitals 14. Set <start_mo> = 0
Libxc version used in REST: 7.0.0
nbas: 16, natm: 1 for standard basis sets
First valence state for the frozen-core algorithm:     0
final nbas: 76,final natm: 2
numbasis: 48, num_auxbas: 266
Molecule_name: br
Unrestricted Hartree-Fock (or Kohn-Sham) algorithm is invoked.
Nuc_energy:       0.00000000 Hartree
No ghost effective potential
No ghost point charges
Overlap matrix is nonsigular:
  Lowest eigenvalue:       0.02573177 with the total number of basis functions:     48
Grid size: 20904
Generate SAD of Br
Initial guess HF energy:     -13.4746615479857876
The total energy:       -13.5145433417 Ha by the initial guess
Energy:     -13.5173463258 Ha with <S^2> =  0.752 and <2S+1> =  2.002 after    1 iterations (in       0.03 seconds).
SCF Change: DM (1.43949e-4,1.63404e-4); eev 5.95274e-2 Ha; etot -8.54011e-5 Ha
Energy:     -13.5174317270 Ha with <S^2> =  0.752 and <2S+1> =  2.002 after    2 iterations (in       0.04 seconds).
SCF Change: DM (4.81035e-5,3.68731e-5); eev 1.65453e-2 Ha; etot -1.64570e-5 Ha
Energy:     -13.5174481840 Ha with <S^2> =  0.752 and <2S+1> =  2.002 after    3 iterations (in       0.04 seconds).
SCF Change: DM (1.01073e-6,1.59442e-6); eev 6.01462e-4 Ha; etot -2.83532e-6 Ha
Energy:     -13.5174510193 Ha with <S^2> =  0.752 and <2S+1> =  2.002 after    4 iterations (in       0.03 seconds).
SCF Change: DM (1.07052e-7,1.32278e-7); eev 2.30111e-4 Ha; etot -2.49902e-9 Ha
Energy:     -13.5174510218 Ha with <S^2> =  0.752 and <2S+1> =  2.002 after    5 iterations (in       0.04 seconds).
SCF Change: DM (1.61074e-8,9.70249e-8); eev 2.30925e-5 Ha; etot -1.40563e-11 Ha
Energy:     -13.5174510218 Ha with <S^2> =  0.752 and <2S+1> =  2.002 after    6 iterations (in       0.04 seconds).
SCF Change: DM (1.84323e-8,1.12960e-7); eev 7.50893e-7 Ha; etot -8.23697e-12 Ha
Energy:     -13.5174510218 Ha with <S^2> =  0.752 and <2S+1> =  2.002 after    7 iterations (in       0.05 seconds).
SCF Change: DM (1.23358e-7,7.56605e-7); eev 2.94694e-6 Ha; etot -9.55680e-12 Ha
Energy:     -13.5174510218 Ha with <S^2> =  0.752 and <2S+1> =  2.002 after    8 iterations (in       0.04 seconds).
SCF Change: DM (1.54149e-5,9.45400e-5); eev 3.24230e-4 Ha; etot 6.40554e-11 Ha
Energy:     -13.5174510218 Ha with <S^2> =  0.752 and <2S+1> =  2.002 after    9 iterations (in       0.04 seconds).
SCF Change: DM (1.20956e-8,7.41651e-8); eev 3.80812e-7 Ha; etot 7.77147e-9 Ha
Energy:     -13.5174510140 Ha with <S^2> =  0.752 and <2S+1> =  2.002 after   10 iterations (in       0.03 seconds).
SCF Change: DM (7.22431e-6,4.43030e-5); eev 1.68724e-4 Ha; etot -5.76073e-12 Ha
Energy:     -13.5174510140 Ha with <S^2> =  0.752 and <2S+1> =  2.002 after   11 iterations (in       0.03 seconds).
SCF Change: DM (9.35371e-5,5.72041e-4); eev 3.41174e-3 Ha; etot -3.58666e-9 Ha
Energy:     -13.5174510176 Ha with <S^2> =  0.752 and <2S+1> =  2.002 after   12 iterations (in       0.03 seconds).
SCF Change: DM (3.96723e-5,2.42150e-4); eev 1.91166e-3 Ha; etot 6.35687e-8 Ha
Energy:     -13.5174509540 Ha with <S^2> =  0.752 and <2S+1> =  2.002 after   13 iterations (in       0.03 seconds).
SCF Change: DM (7.12246e-6,4.35706e-5); eev 3.08288e-4 Ha; etot -3.65145e-8 Ha
Energy:     -13.5174509905 Ha with <S^2> =  0.752 and <2S+1> =  2.002 after   14 iterations (in       0.03 seconds).
SCF Change: DM (7.96429e-6,4.87618e-5); eev 2.48590e-4 Ha; etot -4.21981e-9 Ha
Energy:     -13.5174509948 Ha with <S^2> =  0.752 and <2S+1> =  2.002 after   15 iterations (in       0.03 seconds).
SCF Change: DM (3.31364e-7,5.66378e-7); eev 2.39691e-4 Ha; etot 4.02890e-9 Ha
Energy:     -13.5174509907 Ha with <S^2> =  0.752 and <2S+1> =  2.002 after   16 iterations (in       0.03 seconds).
SCF Change: DM (2.32299e-6,1.24282e-5); eev 8.37061e-4 Ha; etot -1.45606e-9 Ha
Energy:     -13.5174509922 Ha with <S^2> =  0.752 and <2S+1> =  2.002 after   17 iterations (in       0.03 seconds).
SCF Change: DM (1.17493e-6,7.18720e-6); eev 6.67267e-5 Ha; etot -2.99801e-9 Ha
Energy:     -13.5174509952 Ha with <S^2> =  0.752 and <2S+1> =  2.002 after   18 iterations (in       0.04 seconds).
SCF Change: DM (1.16771e-6,7.15701e-6); eev 3.70575e-5 Ha; etot -3.99382e-10 Ha
Energy:     -13.5174509956 Ha with <S^2> =  0.752 and <2S+1> =  2.002 after   19 iterations (in       0.04 seconds).
SCF Change: DM (2.92365e-6,1.79226e-5); eev 1.02541e-4 Ha; etot 3.94762e-10 Ha
Energy:     -13.5174509952 Ha with <S^2> =  0.752 and <2S+1> =  2.002 after   20 iterations (in       0.03 seconds).
Energy increase is detected. Turn on the linear mixing algorithm with (H[DIIS, i-1] + H[DIIS, i+1]).
Prev_Energies: (    -13.51745100,     -13.51745099)
Energy increase is detected. Turn on the linear mixing algorithm with (H[DIIS, i-1] + H[DIIS, i+1]).
Prev_Energies: (    -13.51745100,     -13.51745099)
SCF Change: DM (2.82632e-6,1.73243e-5); eev 1.08607e-4 Ha; etot 9.82356e-10 Ha
Energy:     -13.5174509942 Ha with <S^2> =  0.752 and <2S+1> =  2.002 after   21 iterations (in       0.03 seconds).
SCF Change: DM (8.17825e-7,5.01450e-6); eev 2.07779e-5 Ha; etot -9.49543e-10 Ha
Energy:     -13.5174509952 Ha with <S^2> =  0.752 and <2S+1> =  2.002 after   22 iterations (in       0.03 seconds).
Energy increase is detected. Turn on the linear mixing algorithm with (H[DIIS, i-1] + H[DIIS, i+1]).
Prev_Energies: (    -13.51745100,     -13.51745099)
Energy increase is detected. Turn on the linear mixing algorithm with (H[DIIS, i-1] + H[DIIS, i+1]).
Prev_Energies: (    -13.51745100,     -13.51745099)
SCF Change: DM (1.27327e-6,7.80764e-6); eev 7.09456e-5 Ha; etot 2.62622e-10 Ha
Energy:     -13.5174509949 Ha with <S^2> =  0.752 and <2S+1> =  2.002 after   23 iterations (in       0.03 seconds).
Energy increase is detected. Turn on the linear mixing algorithm with (H[DIIS, i-1] + H[DIIS, i+1]).
Prev_Energies: (    -13.51745099,     -13.51745099)
Energy increase is detected. Turn on the linear mixing algorithm with (H[DIIS, i-1] + H[DIIS, i+1]).
Prev_Energies: (    -13.51745099,     -13.51745099)
SCF Change: DM (3.78617e-6,2.32237e-5); eev 7.60725e-5 Ha; etot 3.12852e-10 Ha
Energy:     -13.5174509946 Ha with <S^2> =  0.752 and <2S+1> =  2.002 after   24 iterations (in       0.04 seconds).
Energy increase is detected. Turn on the linear mixing algorithm with (H[DIIS, i-1] + H[DIIS, i+1]).
Prev_Energies: (    -13.51745099,     -13.51745099)
Energy increase is detected. Turn on the linear mixing algorithm with (H[DIIS, i-1] + H[DIIS, i+1]).
Prev_Energies: (    -13.51745099,     -13.51745099)
SCF Change: DM (2.92691e-6,1.79505e-5); eev 1.02140e-4 Ha; etot 9.53531e-10 Ha
Energy:     -13.5174509936 Ha with <S^2> =  0.752 and <2S+1> =  2.002 after   25 iterations (in       0.03 seconds).
Energy increase is detected. Turn on the linear mixing algorithm with (H[DIIS, i-1] + H[DIIS, i+1]).
Prev_Energies: (    -13.51745099,     -13.51745099)
Energy increase is detected. Turn on the linear mixing algorithm with (H[DIIS, i-1] + H[DIIS, i+1]).
Prev_Energies: (    -13.51745099,     -13.51745099)
SCF Change: DM (2.87790e-6,1.76517e-5); eev 5.27685e-5 Ha; etot 4.53628e-10 Ha
Energy:     -13.5174509932 Ha with <S^2> =  0.752 and <2S+1> =  2.002 after   26 iterations (in       0.03 seconds).
Energy increase is detected. Turn on the linear mixing algorithm with (H[DIIS, i-1] + H[DIIS, i+1]).
Prev_Energies: (    -13.51745099,     -13.51745099)
Energy increase is detected. Turn on the linear mixing algorithm with (H[DIIS, i-1] + H[DIIS, i+1]).
Prev_Energies: (    -13.51745099,     -13.51745099)
SCF Change: DM (3.25190e-6,1.99412e-5); eev 1.01516e-4 Ha; etot 5.61615e-10 Ha
Energy:     -13.5174509926 Ha with <S^2> =  0.752 and <2S+1> =  2.002 after   27 iterations (in       0.03 seconds).
Energy increase is detected. Turn on the linear mixing algorithm with (H[DIIS, i-1] + H[DIIS, i+1]).
Prev_Energies: (    -13.51745099,     -13.51745099)
Energy increase is detected. Turn on the linear mixing algorithm with (H[DIIS, i-1] + H[DIIS, i+1]).
Prev_Energies: (    -13.51745099,     -13.51745099)
SCF Change: DM (2.14635e-6,1.31636e-5); eev 3.80518e-5 Ha; etot 2.93483e-10 Ha
Energy:     -13.5174509923 Ha with <S^2> =  0.752 and <2S+1> =  2.002 after   28 iterations (in       0.03 seconds).
Energy increase is detected. Turn on the linear mixing algorithm with (H[DIIS, i-1] + H[DIIS, i+1]).
Prev_Energies: (    -13.51745099,     -13.51745099)
Energy increase is detected. Turn on the linear mixing algorithm with (H[DIIS, i-1] + H[DIIS, i+1]).
Prev_Energies: (    -13.51745099,     -13.51745099)
SCF Change: DM (4.83117e-6,2.96168e-5); eev 2.00182e-4 Ha; etot 5.30035e-10 Ha
Energy:     -13.5174509918 Ha with <S^2> =  0.752 and <2S+1> =  2.002 after   29 iterations (in       0.05 seconds).
Energy increase is detected. Turn on the linear mixing algorithm with (H[DIIS, i-1] + H[DIIS, i+1]).
Prev_Energies: (    -13.51745099,     -13.51745099)
Energy increase is detected. Turn on the linear mixing algorithm with (H[DIIS, i-1] + H[DIIS, i+1]).
Prev_Energies: (    -13.51745099,     -13.51745099)
SCF Change: DM (2.38780e-6,1.46108e-5); eev 9.02522e-5 Ha; etot 1.00926e-9 Ha
Energy:     -13.5174509908 Ha with <S^2> =  0.752 and <2S+1> =  2.002 after   30 iterations (in       0.05 seconds).
SCF Change: DM (1.05921e-5,6.47007e-5); eev 6.89548e-4 Ha; etot -5.77351e-10 Ha
Energy:     -13.5174509914 Ha with <S^2> =  0.752 and <2S+1> =  2.002 after   31 iterations (in       0.04 seconds).
Energy increase is detected. Turn on the linear mixing algorithm with (H[DIIS, i-1] + H[DIIS, i+1]).
Prev_Energies: (    -13.51745099,     -13.51745099)
Energy increase is detected. Turn on the linear mixing algorithm with (H[DIIS, i-1] + H[DIIS, i+1]).
Prev_Energies: (    -13.51745099,     -13.51745099)
SCF Change: DM (1.13295e-5,6.92342e-5); eev 7.19438e-4 Ha; etot 2.15177e-9 Ha
Energy:     -13.5174509892 Ha with <S^2> =  0.752 and <2S+1> =  2.002 after   32 iterations (in       0.03 seconds).
SCF Change: DM (1.59737e-5,9.79491e-5); eev 5.11777e-4 Ha; etot -2.65648e-9 Ha
Energy:     -13.5174509919 Ha with <S^2> =  0.752 and <2S+1> =  2.002 after   33 iterations (in       0.03 seconds).
SCF Change: DM (2.97239e-6,1.82129e-5); eev 5.65204e-5 Ha; etot -4.33375e-9 Ha
Energy:     -13.5174509962 Ha with <S^2> =  0.752 and <2S+1> =  2.002 after   34 iterations (in       0.03 seconds).
Energy increase is detected. Turn on the linear mixing algorithm with (H[DIIS, i-1] + H[DIIS, i+1]).
Prev_Energies: (    -13.51745100,     -13.51745100)
Energy increase is detected. Turn on the linear mixing algorithm with (H[DIIS, i-1] + H[DIIS, i+1]).
Prev_Energies: (    -13.51745100,     -13.51745100)
SCF Change: DM (2.60566e-6,1.59686e-5); eev 4.56695e-5 Ha; etot 7.20513e-10 Ha
Energy:     -13.5174509955 Ha with <S^2> =  0.752 and <2S+1> =  2.002 after   35 iterations (in       0.03 seconds).
SCF Change: DM (1.14345e-5,7.01043e-5); eev 3.21108e-4 Ha; etot -6.93275e-10 Ha
Energy:     -13.5174509962 Ha with <S^2> =  0.752 and <2S+1> =  2.002 after   36 iterations (in       0.03 seconds).
Energy increase is detected. Turn on the linear mixing algorithm with (H[DIIS, i-1] + H[DIIS, i+1]).
Prev_Energies: (    -13.51745100,     -13.51745099)
Energy increase is detected. Turn on the linear mixing algorithm with (H[DIIS, i-1] + H[DIIS, i+1]).
Prev_Energies: (    -13.51745100,     -13.51745099)
SCF Change: DM (1.02335e-5,6.27348e-5); eev 2.75686e-4 Ha; etot 3.70276e-9 Ha
Energy:     -13.5174509925 Ha with <S^2> =  0.752 and <2S+1> =  2.002 after   37 iterations (in       0.03 seconds).
SCF Change: DM (2.96023e-6,1.81423e-5); eev 8.18719e-5 Ha; etot -2.72417e-9 Ha
Energy:     -13.5174509952 Ha with <S^2> =  0.752 and <2S+1> =  2.002 after   38 iterations (in       0.03 seconds).
Energy increase is detected. Turn on the linear mixing algorithm with (H[DIIS, i-1] + H[DIIS, i+1]).
Prev_Energies: (    -13.51745100,     -13.51745100)
Energy increase is detected. Turn on the linear mixing algorithm with (H[DIIS, i-1] + H[DIIS, i+1]).
Prev_Energies: (    -13.51745100,     -13.51745100)
SCF Change: DM (3.23061e-6,1.98030e-5); eev 7.73303e-5 Ha; etot 1.32886e-10 Ha
Energy:     -13.5174509951 Ha with <S^2> =  0.752 and <2S+1> =  2.002 after   39 iterations (in       0.03 seconds).
SCF Change: DM (2.48301e-5,1.52211e-4); eev 8.52044e-4 Ha; etot -6.73058e-10 Ha
Energy:     -13.5174509957 Ha with <S^2> =  0.752 and <2S+1> =  2.002 after   40 iterations (in       0.03 seconds).
Energy increase is detected. Turn on the linear mixing algorithm with (H[DIIS, i-1] + H[DIIS, i+1]).
Prev_Energies: (    -13.51745100,     -13.51745099)
Energy increase is detected. Turn on the linear mixing algorithm with (H[DIIS, i-1] + H[DIIS, i+1]).
Prev_Energies: (    -13.51745100,     -13.51745099)
SCF Change: DM (2.09760e-5,1.28578e-4); eev 7.16566e-4 Ha; etot 5.11346e-9 Ha
Energy:     -13.5174509906 Ha with <S^2> =  0.752 and <2S+1> =  2.002 after   41 iterations (in       0.03 seconds).
SCF Change: DM (8.69214e-6,5.32697e-5); eev 3.03134e-4 Ha; etot -4.28601e-9 Ha
Energy:     -13.5174509949 Ha with <S^2> =  0.752 and <2S+1> =  2.002 after   42 iterations (in       0.03 seconds).
Energy increase is detected. Turn on the linear mixing algorithm with (H[DIIS, i-1] + H[DIIS, i+1]).
Prev_Energies: (    -13.51745099,     -13.51745099)
Energy increase is detected. Turn on the linear mixing algorithm with (H[DIIS, i-1] + H[DIIS, i+1]).
Prev_Energies: (    -13.51745099,     -13.51745099)
SCF Change: DM (6.12505e-6,3.75225e-5); eev 3.05336e-4 Ha; etot 1.01211e-9 Ha
Energy:     -13.5174509939 Ha with <S^2> =  0.752 and <2S+1> =  2.002 after   43 iterations (in       0.03 seconds).
SCF Change: DM (1.49187e-5,9.14543e-5); eev 2.17980e-4 Ha; etot -1.32841e-9 Ha
Energy:     -13.5174509952 Ha with <S^2> =  0.752 and <2S+1> =  2.002 after   44 iterations (in       0.03 seconds).
SCF Change: DM (1.59376e-5,9.76715e-5); eev 3.18800e-4 Ha; etot -1.21476e-9 Ha
Energy:     -13.5174509964 Ha with <S^2> =  0.752 and <2S+1> =  2.002 after   45 iterations (in       0.03 seconds).
Energy increase is detected. Turn on the linear mixing algorithm with (H[DIIS, i-1] + H[DIIS, i+1]).
Prev_Energies: (    -13.51745100,     -13.51745099)
Energy increase is detected. Turn on the linear mixing algorithm with (H[DIIS, i-1] + H[DIIS, i+1]).
Prev_Energies: (    -13.51745100,     -13.51745099)
SCF Change: DM (1.11952e-5,6.86210e-5); eev 2.81794e-4 Ha; etot 1.51623e-9 Ha
Energy:     -13.5174509949 Ha with <S^2> =  0.752 and <2S+1> =  2.002 after   46 iterations (in       0.03 seconds).
SCF Change: DM (2.03733e-5,1.24727e-4); eev 5.15581e-4 Ha; etot -1.51430e-9 Ha
Energy:     -13.5174509964 Ha with <S^2> =  0.752 and <2S+1> =  2.002 after   47 iterations (in       0.05 seconds).
Energy increase is detected. Turn on the linear mixing algorithm with (H[DIIS, i-1] + H[DIIS, i+1]).
Prev_Energies: (    -13.51745100,     -13.51745099)
Energy increase is detected. Turn on the linear mixing algorithm with (H[DIIS, i-1] + H[DIIS, i+1]).
Prev_Energies: (    -13.51745100,     -13.51745099)
SCF Change: DM (1.65990e-5,1.01608e-4); eev 4.32249e-4 Ha; etot 3.35095e-9 Ha
Energy:     -13.5174509931 Ha with <S^2> =  0.752 and <2S+1> =  2.002 after   48 iterations (in       0.05 seconds).
SCF Change: DM (4.78286e-6,2.92136e-5); eev 2.31899e-4 Ha; etot -2.94497e-9 Ha
Energy:     -13.5174509960 Ha with <S^2> =  0.752 and <2S+1> =  2.002 after   49 iterations (in       0.04 seconds).
Energy increase is detected. Turn on the linear mixing algorithm with (H[DIIS, i-1] + H[DIIS, i+1]).
Prev_Energies: (    -13.51745100,     -13.51745099)
Energy increase is detected. Turn on the linear mixing algorithm with (H[DIIS, i-1] + H[DIIS, i+1]).
Prev_Energies: (    -13.51745100,     -13.51745099)
SCF Change: DM (8.47625e-6,5.18089e-5); eev 3.61568e-4 Ha; etot 1.13852e-9 Ha
Energy:     -13.5174509949 Ha with <S^2> =  0.752 and <2S+1> =  2.002 after   50 iterations (in       0.03 seconds).
SCF Change: DM (1.83549e-5,1.12431e-4); eev 6.43072e-4 Ha; etot -1.29560e-9 Ha
Energy:     -13.5174509962 Ha with <S^2> =  0.752 and <2S+1> =  2.002 after   51 iterations (in       0.05 seconds).
Energy increase is detected. Turn on the linear mixing algorithm with (H[DIIS, i-1] + H[DIIS, i+1]).
Prev_Energies: (    -13.51745100,     -13.51745099)
Energy increase is detected. Turn on the linear mixing algorithm with (H[DIIS, i-1] + H[DIIS, i+1]).
Prev_Energies: (    -13.51745100,     -13.51745099)
SCF Change: DM (1.65396e-5,1.01305e-4); eev 5.25160e-4 Ha; etot 3.20352e-9 Ha
Energy:     -13.5174509930 Ha with <S^2> =  0.752 and <2S+1> =  2.002 after   52 iterations (in       0.04 seconds).
SCF Change: DM (2.36762e-5,1.45178e-4); eev 5.14172e-4 Ha; etot -2.70029e-9 Ha
Energy:     -13.5174509957 Ha with <S^2> =  0.752 and <2S+1> =  2.002 after   53 iterations (in       0.04 seconds).
Energy increase is detected. Turn on the linear mixing algorithm with (H[DIIS, i-1] + H[DIIS, i+1]).
Prev_Energies: (    -13.51745100,     -13.51745100)
Energy increase is detected. Turn on the linear mixing algorithm with (H[DIIS, i-1] + H[DIIS, i+1]).
Prev_Energies: (    -13.51745100,     -13.51745100)
SCF Change: DM (1.94698e-5,1.19384e-4); eev 4.05903e-4 Ha; etot 1.73399e-10 Ha
Energy:     -13.5174509955 Ha with <S^2> =  0.752 and <2S+1> =  2.002 after   54 iterations (in       0.04 seconds).
Energy increase is detected. Turn on the linear mixing algorithm with (H[DIIS, i-1] + H[DIIS, i+1]).
Prev_Energies: (    -13.51745100,     -13.51745100)
Energy increase is detected. Turn on the linear mixing algorithm with (H[DIIS, i-1] + H[DIIS, i+1]).
Prev_Energies: (    -13.51745100,     -13.51745100)
SCF Change: DM (1.84509e-5,1.13137e-4); eev 4.13976e-4 Ha; etot 1.17995e-10 Ha
Energy:     -13.5174509954 Ha with <S^2> =  0.752 and <2S+1> =  2.002 after   55 iterations (in       0.04 seconds).
Energy increase is detected. Turn on the linear mixing algorithm with (H[DIIS, i-1] + H[DIIS, i+1]).
Prev_Energies: (    -13.51745100,     -13.51745100)
Energy increase is detected. Turn on the linear mixing algorithm with (H[DIIS, i-1] + H[DIIS, i+1]).
Prev_Energies: (    -13.51745100,     -13.51745100)
SCF Change: DM (1.56139e-5,9.57395e-5); eev 2.94871e-4 Ha; etot 7.86748e-12 Ha
Energy:     -13.5174509954 Ha with <S^2> =  0.752 and <2S+1> =  2.002 after   56 iterations (in       0.03 seconds).
Energy increase is detected. Turn on the linear mixing algorithm with (H[DIIS, i-1] + H[DIIS, i+1]).
Prev_Energies: (    -13.51745100,     -13.51745100)
Energy increase is detected. Turn on the linear mixing algorithm with (H[DIIS, i-1] + H[DIIS, i+1]).
Prev_Energies: (    -13.51745100,     -13.51745100)
SCF Change: DM (1.41943e-5,8.70351e-5); eev 3.16221e-4 Ha; etot 2.43862e-10 Ha
Energy:     -13.5174509951 Ha with <S^2> =  0.752 and <2S+1> =  2.002 after   57 iterations (in       0.03 seconds).
SCF Change: DM (1.59609e-5,9.78672e-5); eev 1.38236e-4 Ha; etot -4.45031e-11 Ha
Energy:     -13.5174509952 Ha with <S^2> =  0.752 and <2S+1> =  2.002 after   58 iterations (in       0.03 seconds).
Energy increase is detected. Turn on the linear mixing algorithm with (H[DIIS, i-1] + H[DIIS, i+1]).
Prev_Energies: (    -13.51745100,     -13.51745099)
Energy increase is detected. Turn on the linear mixing algorithm with (H[DIIS, i-1] + H[DIIS, i+1]).
Prev_Energies: (    -13.51745100,     -13.51745099)
SCF Change: DM (1.33424e-5,8.18132e-5); eev 1.30148e-4 Ha; etot 7.80467e-10 Ha
Energy:     -13.5174509944 Ha with <S^2> =  0.752 and <2S+1> =  2.002 after   59 iterations (in       0.03 seconds).
SCF Change: DM (5.27983e-6,3.23584e-5); eev 2.04634e-4 Ha; etot -5.56298e-10 Ha
Energy:     -13.5174509950 Ha with <S^2> =  0.752 and <2S+1> =  2.002 after   60 iterations (in       0.03 seconds).
SCF Change: DM (4.60895e-6,2.81983e-5); eev 4.64898e-4 Ha; etot -6.00227e-10 Ha
Energy:     -13.5174509956 Ha with <S^2> =  0.752 and <2S+1> =  2.002 after   61 iterations (in       0.03 seconds).
SCF Change: DM (2.34217e-7,1.42769e-6); eev 3.30661e-5 Ha; etot -5.27487e-10 Ha
Energy:     -13.5174509961 Ha with <S^2> =  0.752 and <2S+1> =  2.002 after   62 iterations (in       0.03 seconds).
SCF Change: DM (2.01396e-5,1.23506e-4); eev 3.27388e-4 Ha; etot -1.86855e-11 Ha
Energy:     -13.5174509961 Ha with <S^2> =  0.752 and <2S+1> =  2.002 after   63 iterations (in       0.03 seconds).
Energy increase is detected. Turn on the linear mixing algorithm with (H[DIIS, i-1] + H[DIIS, i+1]).
Prev_Energies: (    -13.51745100,     -13.51745099)
Energy increase is detected. Turn on the linear mixing algorithm with (H[DIIS, i-1] + H[DIIS, i+1]).
Prev_Energies: (    -13.51745100,     -13.51745099)
SCF Change: DM (1.86949e-5,1.14648e-4); eev 2.49095e-4 Ha; etot 1.43687e-9 Ha
Energy:     -13.5174509947 Ha with <S^2> =  0.752 and <2S+1> =  2.002 after   64 iterations (in       0.03 seconds).
SCF Change: DM (7.49056e-6,4.59121e-5); eev 3.29055e-4 Ha; etot -1.31266e-9 Ha
Energy:     -13.5174509960 Ha with <S^2> =  0.752 and <2S+1> =  2.002 after   65 iterations (in       0.03 seconds).
Energy increase is detected. Turn on the linear mixing algorithm with (H[DIIS, i-1] + H[DIIS, i+1]).
Prev_Energies: (    -13.51745100,     -13.51745100)
Energy increase is detected. Turn on the linear mixing algorithm with (H[DIIS, i-1] + H[DIIS, i+1]).
Prev_Energies: (    -13.51745100,     -13.51745100)
SCF Change: DM (5.91851e-6,3.62729e-5); eev 2.91148e-4 Ha; etot 6.32097e-10 Ha
Energy:     -13.5174509954 Ha with <S^2> =  0.752 and <2S+1> =  2.002 after   66 iterations (in       0.03 seconds).
SCF Change: DM (1.71958e-5,1.05449e-4); eev 3.11429e-4 Ha; etot -3.99732e-10 Ha
Energy:     -13.5174509958 Ha with <S^2> =  0.752 and <2S+1> =  2.002 after   67 iterations (in       0.03 seconds).
Energy increase is detected. Turn on the linear mixing algorithm with (H[DIIS, i-1] + H[DIIS, i+1]).
Prev_Energies: (    -13.51745100,     -13.51745099)
Energy increase is detected. Turn on the linear mixing algorithm with (H[DIIS, i-1] + H[DIIS, i+1]).
Prev_Energies: (    -13.51745100,     -13.51745099)
SCF Change: DM (1.59264e-5,9.76659e-5); eev 2.84007e-4 Ha; etot 1.02225e-9 Ha
Energy:     -13.5174509947 Ha with <S^2> =  0.752 and <2S+1> =  2.002 after   68 iterations (in       0.03 seconds).
SCF Change: DM (7.05055e-6,4.32322e-5); eev 1.47473e-4 Ha; etot -8.70994e-10 Ha
Energy:     -13.5174509956 Ha with <S^2> =  0.752 and <2S+1> =  2.002 after   69 iterations (in       0.03 seconds).
Energy increase is detected. Turn on the linear mixing algorithm with (H[DIIS, i-1] + H[DIIS, i+1]).
Prev_Energies: (    -13.51745100,     -13.51745099)
Energy increase is detected. Turn on the linear mixing algorithm with (H[DIIS, i-1] + H[DIIS, i+1]).
Prev_Energies: (    -13.51745100,     -13.51745099)
SCF Change: DM (5.77746e-6,3.54233e-5); eev 8.16276e-5 Ha; etot 7.50690e-10 Ha
Energy:     -13.5174509948 Ha with <S^2> =  0.752 and <2S+1> =  2.002 after   70 iterations (in       0.03 seconds).
SCF Change: DM (4.98700e-6,3.05775e-5); eev 1.52989e-4 Ha; etot -6.16113e-10 Ha
Energy:     -13.5174509955 Ha with <S^2> =  0.752 and <2S+1> =  2.002 after   71 iterations (in       0.03 seconds).
Energy increase is detected. Turn on the linear mixing algorithm with (H[DIIS, i-1] + H[DIIS, i+1]).
Prev_Energies: (    -13.51745100,     -13.51745100)
Energy increase is detected. Turn on the linear mixing algorithm with (H[DIIS, i-1] + H[DIIS, i+1]).
Prev_Energies: (    -13.51745100,     -13.51745100)
SCF Change: DM (4.56724e-6,2.80061e-5); eev 1.16810e-4 Ha; etot 3.12360e-10 Ha
Energy:     -13.5174509952 Ha with <S^2> =  0.752 and <2S+1> =  2.002 after   72 iterations (in       0.03 seconds).
SCF Change: DM (2.63042e-6,1.61207e-5); eev 1.45390e-4 Ha; etot -2.44039e-10 Ha
Energy:     -13.5174509954 Ha with <S^2> =  0.752 and <2S+1> =  2.002 after   73 iterations (in       0.04 seconds).
Energy increase is detected. Turn on the linear mixing algorithm with (H[DIIS, i-1] + H[DIIS, i+1]).
Prev_Energies: (    -13.51745100,     -13.51745100)
Energy increase is detected. Turn on the linear mixing algorithm with (H[DIIS, i-1] + H[DIIS, i+1]).
Prev_Energies: (    -13.51745100,     -13.51745100)
SCF Change: DM (1.99745e-6,1.22402e-5); eev 1.30681e-4 Ha; etot 2.96527e-10 Ha
Energy:     -13.5174509951 Ha with <S^2> =  0.752 and <2S+1> =  2.002 after   74 iterations (in       0.03 seconds).
SCF Change: DM (3.94570e-6,2.41898e-5); eev 1.19383e-4 Ha; etot -2.36543e-10 Ha
Energy:     -13.5174509953 Ha with <S^2> =  0.752 and <2S+1> =  2.002 after   75 iterations (in       0.04 seconds).
Energy increase is detected. Turn on the linear mixing algorithm with (H[DIIS, i-1] + H[DIIS, i+1]).
Prev_Energies: (    -13.51745100,     -13.51745099)
Energy increase is detected. Turn on the linear mixing algorithm with (H[DIIS, i-1] + H[DIIS, i+1]).
Prev_Energies: (    -13.51745100,     -13.51745099)
SCF Change: DM (3.20431e-6,1.96447e-5); eev 1.18596e-4 Ha; etot 4.13396e-10 Ha
Energy:     -13.5174509949 Ha with <S^2> =  0.752 and <2S+1> =  2.002 after   76 iterations (in       0.03 seconds).
SCF Change: DM (4.58020e-6,2.80761e-5); eev 5.34569e-5 Ha; etot -2.93179e-10 Ha
Energy:     -13.5174509952 Ha with <S^2> =  0.752 and <2S+1> =  2.002 after   77 iterations (in       0.03 seconds).
Energy increase is detected. Turn on the linear mixing algorithm with (H[DIIS, i-1] + H[DIIS, i+1]).
Prev_Energies: (    -13.51745100,     -13.51745099)
Energy increase is detected. Turn on the linear mixing algorithm with (H[DIIS, i-1] + H[DIIS, i+1]).
Prev_Energies: (    -13.51745100,     -13.51745099)
SCF Change: DM (4.21992e-6,2.58702e-5); eev 4.39118e-5 Ha; etot 5.72022e-10 Ha
Energy:     -13.5174509946 Ha with <S^2> =  0.752 and <2S+1> =  2.002 after   78 iterations (in       0.03 seconds).
SCF Change: DM (3.10776e-6,1.90474e-5); eev 9.02995e-5 Ha; etot -5.34349e-10 Ha
Energy:     -13.5174509952 Ha with <S^2> =  0.752 and <2S+1> =  2.002 after   79 iterations (in       0.03 seconds).
SCF Change: DM (2.45758e-6,1.50740e-5); eev 2.88972e-5 Ha; etot -2.79371e-10 Ha
Energy:     -13.5174509955 Ha with <S^2> =  0.752 and <2S+1> =  2.002 after   80 iterations (in       0.03 seconds).
SCF Change: DM (4.40820e-6,2.70396e-5); eev 6.58400e-5 Ha; etot -4.97309e-11 Ha
Energy:     -13.5174509955 Ha with <S^2> =  0.752 and <2S+1> =  2.002 after   81 iterations (in       0.03 seconds).
Energy increase is detected. Turn on the linear mixing algorithm with (H[DIIS, i-1] + H[DIIS, i+1]).
Prev_Energies: (    -13.51745100,     -13.51745100)
Energy increase is detected. Turn on the linear mixing algorithm with (H[DIIS, i-1] + H[DIIS, i+1]).
Prev_Energies: (    -13.51745100,     -13.51745100)
SCF Change: DM (3.50364e-6,2.14910e-5); eev 5.27955e-5 Ha; etot 4.20528e-10 Ha
Energy:     -13.5174509951 Ha with <S^2> =  0.752 and <2S+1> =  2.002 after   82 iterations (in       0.03 seconds).
SCF Change: DM (6.14463e-6,3.76598e-5); eev 2.26745e-4 Ha; etot -3.25448e-10 Ha
Energy:     -13.5174509954 Ha with <S^2> =  0.752 and <2S+1> =  2.002 after   83 iterations (in       0.03 seconds).
Energy increase is detected. Turn on the linear mixing algorithm with (H[DIIS, i-1] + H[DIIS, i+1]).
Prev_Energies: (    -13.51745100,     -13.51745100)
Energy increase is detected. Turn on the linear mixing algorithm with (H[DIIS, i-1] + H[DIIS, i+1]).
Prev_Energies: (    -13.51745100,     -13.51745100)
SCF Change: DM (5.22535e-6,3.20226e-5); eev 1.94345e-4 Ha; etot 6.78906e-11 Ha
Energy:     -13.5174509953 Ha with <S^2> =  0.752 and <2S+1> =  2.002 after   84 iterations (in       0.03 seconds).
Energy increase is detected. Turn on the linear mixing algorithm with (H[DIIS, i-1] + H[DIIS, i+1]).
Prev_Energies: (    -13.51745100,     -13.51745100)
Energy increase is detected. Turn on the linear mixing algorithm with (H[DIIS, i-1] + H[DIIS, i+1]).
Prev_Energies: (    -13.51745100,     -13.51745100)
SCF Change: DM (5.26240e-6,3.22608e-5); eev 1.65498e-4 Ha; etot 1.09672e-11 Ha
Energy:     -13.5174509953 Ha with <S^2> =  0.752 and <2S+1> =  2.002 after   85 iterations (in       0.03 seconds).
Energy increase is detected. Turn on the linear mixing algorithm with (H[DIIS, i-1] + H[DIIS, i+1]).
Prev_Energies: (    -13.51745100,     -13.51745100)
Energy increase is detected. Turn on the linear mixing algorithm with (H[DIIS, i-1] + H[DIIS, i+1]).
Prev_Energies: (    -13.51745100,     -13.51745100)
SCF Change: DM (5.00974e-6,3.07111e-5); eev 1.44666e-4 Ha; etot 7.41522e-11 Ha
Energy:     -13.5174509953 Ha with <S^2> =  0.752 and <2S+1> =  2.002 after   86 iterations (in       0.03 seconds).
Energy increase is detected. Turn on the linear mixing algorithm with (H[DIIS, i-1] + H[DIIS, i+1]).
Prev_Energies: (    -13.51745100,     -13.51745100)
Energy increase is detected. Turn on the linear mixing algorithm with (H[DIIS, i-1] + H[DIIS, i+1]).
Prev_Energies: (    -13.51745100,     -13.51745100)
SCF Change: DM (5.11924e-6,3.13888e-5); eev 1.22630e-4 Ha; etot 4.41958e-11 Ha
Energy:     -13.5174509952 Ha with <S^2> =  0.752 and <2S+1> =  2.002 after   87 iterations (in       0.03 seconds).
SCF Change: DM (7.79285e-6,4.77819e-5); eev 1.88394e-4 Ha; etot -6.91003e-13 Ha
Energy:     -13.5174509952 Ha with <S^2> =  0.752 and <2S+1> =  2.002 after   88 iterations (in       0.03 seconds).
SCF Change: DM (9.13778e-6,5.60271e-5); eev 1.82915e-4 Ha; etot -6.78245e-10 Ha
Energy:     -13.5174509959 Ha with <S^2> =  0.752 and <2S+1> =  2.002 after   89 iterations (in       0.03 seconds).
SCF Change: DM (1.72688e-6,1.05895e-5); eev 1.97416e-5 Ha; etot -3.76179e-10 Ha
Energy:     -13.5174509963 Ha with <S^2> =  0.752 and <2S+1> =  2.002 after   90 iterations (in       0.04 seconds).
Energy increase is detected. Turn on the linear mixing algorithm with (H[DIIS, i-1] + H[DIIS, i+1]).
Prev_Energies: (    -13.51745100,     -13.51745100)
Energy increase is detected. Turn on the linear mixing algorithm with (H[DIIS, i-1] + H[DIIS, i+1]).
Prev_Energies: (    -13.51745100,     -13.51745100)
SCF Change: DM (1.14894e-6,7.04637e-6); eev 1.81597e-5 Ha; etot 1.27791e-11 Ha
Energy:     -13.5174509963 Ha with <S^2> =  0.752 and <2S+1> =  2.002 after   91 iterations (in       0.04 seconds).
SCF Change: DM (4.31768e-6,2.64760e-5); eev 4.58926e-5 Ha; etot -2.00906e-11 Ha
Energy:     -13.5174509963 Ha with <S^2> =  0.752 and <2S+1> =  2.002 after   92 iterations (in       0.04 seconds).
SCF Change: DM (4.39050e-6,2.69169e-5); eev 8.94595e-5 Ha; etot -8.56026e-12 Ha
Energy:     -13.5174509963 Ha with <S^2> =  0.752 and <2S+1> =  2.002 after   93 iterations (in       0.03 seconds).
SCF Change: DM (3.14131e-6,1.92615e-5); eev 4.17370e-5 Ha; etot -6.14566e-11 Ha
Energy:     -13.5174509963 Ha with <S^2> =  0.752 and <2S+1> =  2.002 after   94 iterations (in       0.03 seconds).
Energy increase is detected. Turn on the linear mixing algorithm with (H[DIIS, i-1] + H[DIIS, i+1]).
Prev_Energies: (    -13.51745100,     -13.51745100)
Energy increase is detected. Turn on the linear mixing algorithm with (H[DIIS, i-1] + H[DIIS, i+1]).
Prev_Energies: (    -13.51745100,     -13.51745100)
SCF Change: DM (2.98006e-6,1.82725e-5); eev 4.08939e-5 Ha; etot 1.68328e-11 Ha
Energy:     -13.5174509963 Ha with <S^2> =  0.752 and <2S+1> =  2.002 after   95 iterations (in       0.03 seconds).
SCF Change: DM (1.66401e-6,1.02029e-5); eev 2.98896e-5 Ha; etot -2.89617e-11 Ha
Energy:     -13.5174509964 Ha with <S^2> =  0.752 and <2S+1> =  2.002 after   96 iterations (in       0.03 seconds).
SCF Change: DM (1.32755e-6,8.14301e-6); eev 7.22147e-6 Ha; etot -4.11742e-11 Ha
Energy:     -13.5174509964 Ha with <S^2> =  0.752 and <2S+1> =  2.002 after   97 iterations (in       0.03 seconds).
Energy increase is detected. Turn on the linear mixing algorithm with (H[DIIS, i-1] + H[DIIS, i+1]).
Prev_Energies: (    -13.51745100,     -13.51745100)
Energy increase is detected. Turn on the linear mixing algorithm with (H[DIIS, i-1] + H[DIIS, i+1]).
Prev_Energies: (    -13.51745100,     -13.51745100)
SCF Change: DM (9.69911e-7,5.94825e-6); eev 8.56011e-6 Ha; etot 3.25961e-11 Ha
Energy:     -13.5174509964 Ha with <S^2> =  0.752 and <2S+1> =  2.002 after   98 iterations (in       0.03 seconds).
SCF Change: DM (3.22019e-6,1.97538e-5); eev 1.80193e-5 Ha; etot -1.64544e-11 Ha
Energy:     -13.5174509964 Ha with <S^2> =  0.752 and <2S+1> =  2.002 after   99 iterations (in       0.03 seconds).
Energy increase is detected. Turn on the linear mixing algorithm with (H[DIIS, i-1] + H[DIIS, i+1]).
Prev_Energies: (    -13.51745100,     -13.51745100)
Energy increase is detected. Turn on the linear mixing algorithm with (H[DIIS, i-1] + H[DIIS, i+1]).
Prev_Energies: (    -13.51745100,     -13.51745100)
SCF Change: DM (2.58675e-6,1.58679e-5); eev 1.64423e-5 Ha; etot 4.51230e-11 Ha
Energy:     -13.5174509963 Ha with <S^2> =  0.752 and <2S+1> =  2.002 after  100 iterations (in       0.03 seconds).
SCF Change: DM (2.78382e-6,1.70773e-5); eev 9.57954e-6 Ha; etot -2.98428e-11 Ha
Energy:     -13.5174509964 Ha with <S^2> =  0.752 and <2S+1> =  2.002 after  101 iterations (in       0.03 seconds).
Energy increase is detected. Turn on the linear mixing algorithm with (H[DIIS, i-1] + H[DIIS, i+1]).
Prev_Energies: (    -13.51745100,     -13.51745100)
Energy increase is detected. Turn on the linear mixing algorithm with (H[DIIS, i-1] + H[DIIS, i+1]).
Prev_Energies: (    -13.51745100,     -13.51745100)
SCF Change: DM (2.22971e-6,1.36781e-5); eev 7.75005e-6 Ha; etot 2.88978e-11 Ha
Energy:     -13.5174509963 Ha with <S^2> =  0.752 and <2S+1> =  2.002 after  102 iterations (in       0.03 seconds).
SCF Change: DM (2.21925e-6,1.36139e-5); eev 7.57451e-6 Ha; etot -1.84617e-11 Ha
Energy:     -13.5174509964 Ha with <S^2> =  0.752 and <2S+1> =  2.002 after  103 iterations (in       0.03 seconds).
Energy increase is detected. Turn on the linear mixing algorithm with (H[DIIS, i-1] + H[DIIS, i+1]).
Prev_Energies: (    -13.51745100,     -13.51745100)
Energy increase is detected. Turn on the linear mixing algorithm with (H[DIIS, i-1] + H[DIIS, i+1]).
Prev_Energies: (    -13.51745100,     -13.51745100)
SCF Change: DM (1.77694e-6,1.09006e-5); eev 6.23626e-6 Ha; etot 1.84279e-11 Ha
Energy:     -13.5174509963 Ha with <S^2> =  0.752 and <2S+1> =  2.002 after  104 iterations (in       0.03 seconds).
SCF Change: DM (1.77803e-6,1.09073e-5); eev 5.83170e-6 Ha; etot -1.18039e-11 Ha
Energy:     -13.5174509964 Ha with <S^2> =  0.752 and <2S+1> =  2.002 after  105 iterations (in       0.03 seconds).
Energy increase is detected. Turn on the linear mixing algorithm with (H[DIIS, i-1] + H[DIIS, i+1]).
Prev_Energies: (    -13.51745100,     -13.51745100)
Energy increase is detected. Turn on the linear mixing algorithm with (H[DIIS, i-1] + H[DIIS, i+1]).
Prev_Energies: (    -13.51745100,     -13.51745100)
SCF Change: DM (1.42452e-6,8.73866e-6); eev 4.78032e-6 Ha; etot 1.17915e-11 Ha
Energy:     -13.5174509963 Ha with <S^2> =  0.752 and <2S+1> =  2.002 after  106 iterations (in       0.03 seconds).
SCF Change: DM (1.40987e-6,8.64881e-6); eev 4.13214e-6 Ha; etot -7.53886e-12 Ha
Energy:     -13.5174509963 Ha with <S^2> =  0.752 and <2S+1> =  2.002 after  107 iterations (in       0.03 seconds).
Energy increase is detected. Turn on the linear mixing algorithm with (H[DIIS, i-1] + H[DIIS, i+1]).
Prev_Energies: (    -13.51745100,     -13.51745100)
Energy increase is detected. Turn on the linear mixing algorithm with (H[DIIS, i-1] + H[DIIS, i+1]).
Prev_Energies: (    -13.51745100,     -13.51745100)
SCF Change: DM (1.12751e-6,6.91666e-6); eev 3.31128e-6 Ha; etot 7.53175e-12 Ha
Energy:     -13.5174509963 Ha with <S^2> =  0.752 and <2S+1> =  2.002 after  108 iterations (in       0.03 seconds).
SCF Change: DM (1.12978e-6,6.93060e-6); eev 3.31984e-6 Ha; etot -4.81215e-12 Ha
Energy:     -13.5174509963 Ha with <S^2> =  0.752 and <2S+1> =  2.002 after  109 iterations (in       0.03 seconds).
Energy increase is detected. Turn on the linear mixing algorithm with (H[DIIS, i-1] + H[DIIS, i+1]).
Prev_Energies: (    -13.51745100,     -13.51745100)
Energy increase is detected. Turn on the linear mixing algorithm with (H[DIIS, i-1] + H[DIIS, i+1]).
Prev_Energies: (    -13.51745100,     -13.51745100)
SCF Change: DM (9.03800e-7,5.54433e-6); eev 2.66162e-6 Ha; etot 4.80860e-12 Ha
Energy:     -13.5174509963 Ha with <S^2> =  0.752 and <2S+1> =  2.002 after  110 iterations (in       0.03 seconds).
SCF Change: DM (9.03793e-7,5.54429e-6); eev 2.66172e-6 Ha; etot -3.09086e-12 Ha
Energy:     -13.5174509963 Ha with <S^2> =  0.752 and <2S+1> =  2.002 after  111 iterations (in       0.03 seconds).
Energy increase is detected. Turn on the linear mixing algorithm with (H[DIIS, i-1] + H[DIIS, i+1]).
Prev_Energies: (    -13.51745100,     -13.51745100)
Energy increase is detected. Turn on the linear mixing algorithm with (H[DIIS, i-1] + H[DIIS, i+1]).
Prev_Energies: (    -13.51745100,     -13.51745100)
SCF Change: DM (7.22965e-7,4.43501e-6); eev 2.13394e-6 Ha; etot 3.09797e-12 Ha
Energy:     -13.5174509963 Ha with <S^2> =  0.752 and <2S+1> =  2.002 after  112 iterations (in       0.03 seconds).
SCF Change: DM (7.23254e-7,4.43678e-6); eev 2.13372e-6 Ha; etot -1.97709e-12 Ha
Energy:     -13.5174509963 Ha with <S^2> =  0.752 and <2S+1> =  2.002 after  113 iterations (in       0.03 seconds).
Energy increase is detected. Turn on the linear mixing algorithm with (H[DIIS, i-1] + H[DIIS, i+1]).
Prev_Energies: (    -13.51745100,     -13.51745100)
Energy increase is detected. Turn on the linear mixing algorithm with (H[DIIS, i-1] + H[DIIS, i+1]).
Prev_Energies: (    -13.51745100,     -13.51745100)
SCF Change: DM (5.78568e-7,3.54920e-6); eev 1.71017e-6 Ha; etot 1.97709e-12 Ha
Energy:     -13.5174509963 Ha with <S^2> =  0.752 and <2S+1> =  2.002 after  114 iterations (in       0.03 seconds).
SCF Change: DM (5.78647e-7,3.54969e-6); eev 1.71055e-6 Ha; etot -1.25766e-12 Ha
Energy:     -13.5174509963 Ha with <S^2> =  0.752 and <2S+1> =  2.002 after  115 iterations (in       0.03 seconds).
Energy increase is detected. Turn on the linear mixing algorithm with (H[DIIS, i-1] + H[DIIS, i+1]).
Prev_Energies: (    -13.51745100,     -13.51745100)
Energy increase is detected. Turn on the linear mixing algorithm with (H[DIIS, i-1] + H[DIIS, i+1]).
Prev_Energies: (    -13.51745100,     -13.51745100)
SCF Change: DM (4.62895e-7,2.83961e-6); eev 1.37073e-6 Ha; etot 1.25056e-12 Ha
Energy:     -13.5174509963 Ha with <S^2> =  0.752 and <2S+1> =  2.002 after  116 iterations (in       0.03 seconds).
SCF Change: DM (4.62975e-7,2.84010e-6); eev 1.37068e-6 Ha; etot -8.01137e-13 Ha
Energy:     -13.5174509963 Ha with <S^2> =  0.752 and <2S+1> =  2.002 after  117 iterations (in       0.04 seconds).
Energy increase is detected. Turn on the linear mixing algorithm with (H[DIIS, i-1] + H[DIIS, i+1]).
Prev_Energies: (    -13.51745100,     -13.51745100)
Energy increase is detected. Turn on the linear mixing algorithm with (H[DIIS, i-1] + H[DIIS, i+1]).
Prev_Energies: (    -13.51745100,     -13.51745100)
SCF Change: DM (3.70373e-7,2.27204e-6); eev 1.09812e-6 Ha; etot 8.01137e-13 Ha
Energy:     -13.5174509963 Ha with <S^2> =  0.752 and <2S+1> =  2.002 after  118 iterations (in       0.04 seconds).
SCF Change: DM (3.70408e-7,2.27225e-6); eev 1.09809e-6 Ha; etot -5.09814e-13 Ha
Energy:     -13.5174509963 Ha with <S^2> =  0.752 and <2S+1> =  2.002 after  119 iterations (in       0.03 seconds).
Energy increase is detected. Turn on the linear mixing algorithm with (H[DIIS, i-1] + H[DIIS, i+1]).
Prev_Energies: (    -13.51745100,     -13.51745100)
Energy increase is detected. Turn on the linear mixing algorithm with (H[DIIS, i-1] + H[DIIS, i+1]).
Prev_Energies: (    -13.51745100,     -13.51745100)
SCF Change: DM (2.96324e-7,1.81779e-6); eev 8.79529e-7 Ha; etot 5.22249e-13 Ha
Energy:     -13.5174509963 Ha with <S^2> =  0.752 and <2S+1> =  2.002 after  120 iterations (in       0.03 seconds).
SCF Change: DM (2.96339e-7,1.81788e-6); eev 8.79373e-7 Ha; etot -3.37508e-13 Ha
Energy:     -13.5174509963 Ha with <S^2> =  0.752 and <2S+1> =  2.002 after  121 iterations (in       0.03 seconds).
Energy increase is detected. Turn on the linear mixing algorithm with (H[DIIS, i-1] + H[DIIS, i+1]).
Prev_Energies: (    -13.51745100,     -13.51745100)
Energy increase is detected. Turn on the linear mixing algorithm with (H[DIIS, i-1] + H[DIIS, i+1]).
Prev_Energies: (    -13.51745100,     -13.51745100)
SCF Change: DM (2.37071e-7,1.45430e-6); eev 7.04219e-7 Ha; etot 3.25073e-13 Ha
Energy:     -13.5174509963 Ha with <S^2> =  0.752 and <2S+1> =  2.002 after  122 iterations (in       0.03 seconds).
SCF Change: DM (2.37100e-7,1.45448e-6); eev 7.03846e-7 Ha; etot -2.00728e-13 Ha
Energy:     -13.5174509963 Ha with <S^2> =  0.752 and <2S+1> =  2.002 after  123 iterations (in       0.03 seconds).
Energy increase is detected. Turn on the linear mixing algorithm with (H[DIIS, i-1] + H[DIIS, i+1]).
Prev_Energies: (    -13.51745100,     -13.51745100)
Energy increase is detected. Turn on the linear mixing algorithm with (H[DIIS, i-1] + H[DIIS, i+1]).
Prev_Energies: (    -13.51745100,     -13.51745100)
SCF Change: DM (1.89680e-7,1.16359e-6); eev 5.63550e-7 Ha; etot 2.09610e-13 Ha
Energy:     -13.5174509963 Ha with <S^2> =  0.752 and <2S+1> =  2.002 after  124 iterations (in       0.03 seconds).
SCF Change: DM (1.89704e-7,1.16373e-6); eev 5.63148e-7 Ha; etot -1.42109e-13 Ha
Energy:     -13.5174509963 Ha with <S^2> =  0.752 and <2S+1> =  2.002 after  125 iterations (in       0.03 seconds).
Energy increase is detected. Turn on the linear mixing algorithm with (H[DIIS, i-1] + H[DIIS, i+1]).
Prev_Energies: (    -13.51745100,     -13.51745100)
Energy increase is detected. Turn on the linear mixing algorithm with (H[DIIS, i-1] + H[DIIS, i+1]).
Prev_Energies: (    -13.51745100,     -13.51745100)
SCF Change: DM (1.51762e-7,9.30978e-7); eev 4.50863e-7 Ha; etot 1.38556e-13 Ha
Energy:     -13.5174509963 Ha with <S^2> =  0.752 and <2S+1> =  2.002 after  126 iterations (in       0.03 seconds).
SCF Change: DM (1.51800e-7,9.31212e-7); eev 4.50363e-7 Ha; etot -8.17124e-14 Ha
Energy:     -13.5174509963 Ha with <S^2> =  0.752 and <2S+1> =  2.002 after  127 iterations (in       0.03 seconds).
Energy increase is detected. Turn on the linear mixing algorithm with (H[DIIS, i-1] + H[DIIS, i+1]).
Prev_Energies: (    -13.51745100,     -13.51745100)
Energy increase is detected. Turn on the linear mixing algorithm with (H[DIIS, i-1] + H[DIIS, i+1]).
Prev_Energies: (    -13.51745100,     -13.51745100)
SCF Change: DM (1.21438e-7,7.44955e-7); eev 3.60498e-7 Ha; etot 8.17124e-14 Ha
Energy:     -13.5174509963 Ha with <S^2> =  0.752 and <2S+1> =  2.002 after  128 iterations (in       0.03 seconds).
SCF Change: DM (1.21468e-7,7.45143e-7); eev 3.60949e-7 Ha; etot -4.26326e-14 Ha
Energy:     -13.5174509963 Ha with <S^2> =  0.752 and <2S+1> =  2.002 after  129 iterations (in       0.03 seconds).
Energy increase is detected. Turn on the linear mixing algorithm with (H[DIIS, i-1] + H[DIIS, i+1]).
Prev_Energies: (    -13.51745100,     -13.51745100)
Energy increase is detected. Turn on the linear mixing algorithm with (H[DIIS, i-1] + H[DIIS, i+1]).
Prev_Energies: (    -13.51745100,     -13.51745100)
SCF Change: DM (9.71722e-8,5.96099e-7); eev 2.88662e-7 Ha; etot 3.73035e-14 Ha
Energy:     -13.5174509963 Ha with <S^2> =  0.752 and <2S+1> =  2.002 after  130 iterations (in       0.03 seconds).
SCF Change: DM (9.71984e-8,5.96260e-7); eev 2.91402e-7 Ha; etot -3.90799e-14 Ha
Energy:     -13.5174509963 Ha with <S^2> =  0.752 and <2S+1> =  2.002 after  131 iterations (in       0.03 seconds).
Energy increase is detected. Turn on the linear mixing algorithm with (H[DIIS, i-1] + H[DIIS, i+1]).
Prev_Energies: (    -13.51745100,     -13.51745100)
Energy increase is detected. Turn on the linear mixing algorithm with (H[DIIS, i-1] + H[DIIS, i+1]).
Prev_Energies: (    -13.51745100,     -13.51745100)
SCF Change: DM (7.77536e-8,4.76977e-7); eev 2.33393e-7 Ha; etot 4.44089e-14 Ha
Energy:     -13.5174509963 Ha with <S^2> =  0.752 and <2S+1> =  2.002 after  132 iterations (in       0.03 seconds).
SCF Change: DM (7.78047e-8,4.77290e-7); eev 2.37361e-7 Ha; etot -1.77636e-14 Ha
Energy:     -13.5174509963 Ha with <S^2> =  0.752 and <2S+1> =  2.002 after  133 iterations (in       0.03 seconds).
Energy increase is detected. Turn on the linear mixing algorithm with (H[DIIS, i-1] + H[DIIS, i+1]).
Prev_Energies: (    -13.51745100,     -13.51745100)
Energy increase is detected. Turn on the linear mixing algorithm with (H[DIIS, i-1] + H[DIIS, i+1]).
Prev_Energies: (    -13.51745100,     -13.51745100)
SCF Change: DM (6.22404e-8,3.81811e-7); eev 1.90696e-7 Ha; etot 1.59872e-14 Ha
Energy:     -13.5174509963 Ha with <S^2> =  0.752 and <2S+1> =  2.002 after  134 iterations (in       0.03 seconds).
SCF Change: DM (6.21325e-8,3.81149e-7); eev 2.22927e-7 Ha; etot -1.42109e-14 Ha
Energy:     -13.5174509963 Ha with <S^2> =  0.752 and <2S+1> =  2.002 after  135 iterations (in       0.03 seconds).
Energy increase is detected. Turn on the linear mixing algorithm with (H[DIIS, i-1] + H[DIIS, i+1]).
Prev_Energies: (    -13.51745100,     -13.51745100)
Energy increase is detected. Turn on the linear mixing algorithm with (H[DIIS, i-1] + H[DIIS, i+1]).
Prev_Energies: (    -13.51745100,     -13.51745100)
SCF Change: DM (4.97199e-8,3.05005e-7); eev 1.70178e-7 Ha; etot 7.10543e-15 Ha
Energy:     -13.5174509963 Ha with <S^2> =  0.752 and <2S+1> =  2.002 after  136 iterations (in       0.03 seconds).
SCF Change: DM (4.96260e-8,3.04428e-7); eev 2.26296e-7 Ha; etot -8.88178e-15 Ha
Energy:     -13.5174509963 Ha with <S^2> =  0.752 and <2S+1> =  2.002 after  137 iterations (in       0.03 seconds).
Energy increase is detected. Turn on the linear mixing algorithm with (H[DIIS, i-1] + H[DIIS, i+1]).
Prev_Energies: (    -13.51745100,     -13.51745100)
Energy increase is detected. Turn on the linear mixing algorithm with (H[DIIS, i-1] + H[DIIS, i+1]).
Prev_Energies: (    -13.51745100,     -13.51745100)
SCF Change: DM (3.97148e-8,2.43629e-7); eev 1.77355e-7 Ha; etot 1.24345e-14 Ha
Energy:     -13.5174509963 Ha with <S^2> =  0.752 and <2S+1> =  2.002 after  138 iterations (in       0.03 seconds).
Energy increase is detected. Turn on the linear mixing algorithm with (H[DIIS, i-1] + H[DIIS, i+1]).
Prev_Energies: (    -13.51745100,     -13.51745100)
Energy increase is detected. Turn on the linear mixing algorithm with (H[DIIS, i-1] + H[DIIS, i+1]).
Prev_Energies: (    -13.51745100,     -13.51745100)
SCF Change: DM (3.97061e-8,2.43575e-7); eev 1.81406e-7 Ha; etot 1.77636e-15 Ha
Energy:     -13.5174509963 Ha with <S^2> =  0.752 and <2S+1> =  2.002 after  139 iterations (in       0.03 seconds).
Energy increase is detected. Turn on the linear mixing algorithm with (H[DIIS, i-1] + H[DIIS, i+1]).
Prev_Energies: (    -13.51745100,     -13.51745100)
Energy increase is detected. Turn on the linear mixing algorithm with (H[DIIS, i-1] + H[DIIS, i+1]).
Prev_Energies: (    -13.51745100,     -13.51745100)
SCF Change: DM (3.17713e-8,1.94900e-7); eev 1.44054e-7 Ha; etot 3.55271e-15 Ha
Energy:     -13.5174509963 Ha with <S^2> =  0.752 and <2S+1> =  2.002 after  140 iterations (in       0.03 seconds).
SCF Change: DM (3.17469e-8,1.94750e-7); eev 1.48805e-7 Ha; etot -7.10543e-15 Ha
Energy:     -13.5174509963 Ha with <S^2> =  0.752 and <2S+1> =  2.002 after  141 iterations (in       0.03 seconds).
Energy increase is detected. Turn on the linear mixing algorithm with (H[DIIS, i-1] + H[DIIS, i+1]).
Prev_Energies: (    -13.51745100,     -13.51745100)
Energy increase is detected. Turn on the linear mixing algorithm with (H[DIIS, i-1] + H[DIIS, i+1]).
Prev_Energies: (    -13.51745100,     -13.51745100)
SCF Change: DM (2.53973e-8,1.55798e-7); eev 1.19172e-7 Ha; etot 1.42109e-14 Ha
Energy:     -13.5174509963 Ha with <S^2> =  0.752 and <2S+1> =  2.002 after  142 iterations (in       0.03 seconds).
SCF Change: DM (2.54000e-8,1.55815e-7); eev 1.18523e-7 Ha; etot -3.55271e-15 Ha
Energy:     -13.5174509963 Ha with <S^2> =  0.752 and <2S+1> =  2.002 after  143 iterations (in       0.03 seconds).
SCF Change: DM (7.66600e-12,4.69776e-11); eev 4.66748e-10 Ha; etot -3.55271e-15 Ha
Energy:     -13.5174509963 Ha with <S^2> =  0.752 and <2S+1> =  2.002 after  144 iterations (in       0.03 seconds).
SCF is converged after  144 iterations.
==========================================
Now evaluate the    PT2 correlation energy
==========================================
----------------------------------------------------------------------
Methods         :       Total Corr,          OS Corr,          SS Corr
----------------------------------------------------------------------
PT2             :      -0.18014398,      -0.13922155,      -0.04092243
----------------------------------------------------------------------
Fifth-rung correlation energy :      -0.060756284919 Ha
E[XYGJOS]=:     -13.47571243 Ha, Ex[HF]:      -2.34170538 Ha, Ec[PT2  ]:      -0.18014398 Ha
Mulliken population analysis:
  0-Br :   0.000000

====================================================
              REST: Mission accomplished
====================================================
The SCF energy        :     -13.5174509963 Ha
The (R)-xDH energy    :     -13.4757124320 Ha
Detailed time report:
SCF       |:    5.245 s for the scf procedure
PT2       |:    0.074 s for the PT2 evaluation
Overall   |:    5.800 s for the whole job
