=========================================================
Input parameters for the REST calculation
=========================================================
Calculation type: Single-point energy
The exchange-correlation method: xygjos
Print level:                1
The number of threads used for parallelism:      4
The spheric-GTO basis set is taken from /home/symei/def2-TZVPP-optuna-ptype
The pruning method is nwchem
The radial grid generation method is treutler
ERI Type: ri_v
Turn on the basis pair symmetry for RI 3D-tensors
The spheric-GTO auxiliary basis set is taken from /home/symei/def2-SV(P)-JKFIT
Spin polarization: Off
Charge:   0; Spin:   1
min_num_angular_points: 110
max_num_angular_points: 590
hardness: 3
Grid generation level: 3
Even tempered basis generation: false
SCF convergency thresholds: 1e-8 for density matrix
                            1e-8 Ha. for sum of eigenvalues
                            1e-8 Ha. for total energy
Max. SCF cycle number:      250
The diis mixing with (param, max_vec_len) = (0.2, 8) is employed for the SCF procedure
Turn on the diis mixing after 1 step(s) of SCF iteractions with the linear mixing
The specified checkfile exists but is not loaded because the keyword 'external_init_guess' is specified
It will be updated after the SCF procedure 
(none)
Initial guess is prepared by (sad).
It is a finite cluster calculation
the scf functional for 'xygjos' contains
The density functional 'B3LYP' belongs to the 'Hybrid GGA' family and is defined in the reference(s):
(0): P. J. Stephens, F. J. Devlin, C. F. Chabalowski, and M. J. Frisch.,  J. Phys. Chem. 98, 11623 (1994)
the post-scf functional 'xygjos' is employed, which contains
The density functional 'Slater exchange' belongs to the 'LDA' family and is defined in the reference(s):
(0): P. A. M. Dirac.,  Math. Proc. Cambridge Philos. Soc. 26, 376 (1930)
(1): F. Bloch.,  Z. Phys. 57, 545 (1929)
The density functional 'Becke 88' belongs to the 'GGA' family and is defined in the reference(s):
(0): A. D. Becke.,  Phys. Rev. A 38, 3098 (1988)
The density functional 'Vosko, Wilk & Nusair (VWN5_RPA)' belongs to the 'LDA' family and is defined in the reference(s):
(0): S. H. Vosko, L. Wilk, and M. Nusair.,  Can. J. Phys. 58, 1200 (1980)
The density functional 'Lee, Yang & Parr' belongs to the 'GGA' family and is defined in the reference(s):
(0): C. Lee, W. Yang, and R. G. Parr.,  Phys. Rev. B 37, 785 (1988)
(1): B. Miehlich, A. Savin, H. Stoll, and H. Preuss.,  Chem. Phys. Lett. 157, 200 (1989)
<start_mo> for the frozen-core post-SCF methods 18 is smaller than the number of ecp orbitals 28. Set <start_mo> = 0
Libxc version used in REST: 7.0.0
nbas: 32, natm: 2 for standard basis sets
First valence state for the frozen-core algorithm:     0
final nbas: 152,final natm: 4
numbasis: 96, num_auxbas: 532
Molecule_name: br2
Restricted Hartree-Fock (or Kohn-Sham) algorithm is invoked.
Nuc_energy:      11.19609389 Hartree
No ghost effective potential
No ghost point charges
Overlap matrix is nonsigular:
  Lowest eigenvalue:       0.00835797 with the total number of basis functions:     96
Grid size: 41808
Generate SAD of Br
Initial guess HF energy:     -27.1291257423100163
The total energy:       -27.0887606329 Ha by the initial guess
Energy:     -27.0910293084 Ha after    1 iterations (in       0.06 seconds).
SCF Change: DM 1.68983e-4; eev 1.16194e-2 Ha; etot -1.05702e-4 Ha
Energy:     -27.0911350103 Ha after    2 iterations (in       0.07 seconds).
SCF Change: DM 4.20469e-5; eev 1.11332e-2 Ha; etot -1.38575e-4 Ha
Energy:     -27.0912735856 Ha after    3 iterations (in       0.06 seconds).
SCF Change: DM 9.26192e-6; eev 2.34698e-3 Ha; etot -2.02664e-6 Ha
Energy:     -27.0912756123 Ha after    4 iterations (in       0.06 seconds).
SCF Change: DM 9.15873e-8; eev 6.39564e-5 Ha; etot -1.14337e-7 Ha
Energy:     -27.0912757266 Ha after    5 iterations (in       0.07 seconds).
SCF Change: DM 4.14102e-9; eev 7.48805e-6 Ha; etot -1.91243e-11 Ha
Energy:     -27.0912757266 Ha after    6 iterations (in       0.06 seconds).
SCF Change: DM 9.04007e-11; eev 4.54396e-7 Ha; etot 6.75016e-14 Ha
Energy:     -27.0912757266 Ha after    7 iterations (in       0.07 seconds).
SCF Change: DM 5.17995e-12; eev 8.37649e-9 Ha; etot -2.73559e-13 Ha
Energy:     -27.0912757266 Ha after    8 iterations (in       0.09 seconds).
SCF is converged after    8 iterations.
==========================================
Now evaluate the    PT2 correlation energy
==========================================
----------------------------------------------------------------------
Methods         :       Total Corr,          OS Corr,          SS Corr
----------------------------------------------------------------------
PT2             :      -0.45251322,      -0.34248580,      -0.11002742
----------------------------------------------------------------------
Fifth-rung correlation energy :      -0.149460803670 Ha
E[XYGJOS]=:     -27.00956391 Ha, Ex[HF]:      -4.67385220 Ha, Ec[PT2  ]:      -0.45251322 Ha
Mulliken population analysis:
  0-Br :   0.000000
  1-Br :  -0.000000

====================================================
              REST: Mission accomplished
====================================================
The SCF energy        :     -27.0912757266 Ha
The (R)-xDH energy    :     -27.0095639113 Ha
Detailed time report:
PT2       |:    0.117 s for the PT2 evaluation
Overall   |:    2.620 s for the whole job
SCF       |:    1.994 s for the scf procedure
