=========================================================
Input parameters for the REST calculation
=========================================================
Calculation type: Single-point energy
The exchange-correlation method: xygjos
Print level:                1
The number of threads used for parallelism:      4
The spheric-GTO basis set is taken from /home/symei/def2-TZVPP-optuna-ptype
The pruning method is nwchem
The radial grid generation method is treutler
ERI Type: ri_v
Turn on the basis pair symmetry for RI 3D-tensors
The spheric-GTO auxiliary basis set is taken from /home/symei/def2-SV(P)-JKFIT
Spin polarization: Off
Charge:   0; Spin:   1
min_num_angular_points: 110
max_num_angular_points: 590
hardness: 3
Grid generation level: 3
Even tempered basis generation: false
SCF convergency thresholds: 1e-8 for density matrix
                            1e-8 Ha. for sum of eigenvalues
                            1e-8 Ha. for total energy
Max. SCF cycle number:      250
The diis mixing with (param, max_vec_len) = (0.2, 8) is employed for the SCF procedure
Turn on the diis mixing after 1 step(s) of SCF iteractions with the linear mixing
The specified checkfile exists but is not loaded because the keyword 'external_init_guess' is specified
It will be updated after the SCF procedure 
(none)
Initial guess is prepared by (sad).
It is a finite cluster calculation
the scf functional for 'xygjos' contains
The density functional 'B3LYP' belongs to the 'Hybrid GGA' family and is defined in the reference(s):
(0): P. J. Stephens, F. J. Devlin, C. F. Chabalowski, and M. J. Frisch.,  J. Phys. Chem. 98, 11623 (1994)
the post-scf functional 'xygjos' is employed, which contains
The density functional 'Slater exchange' belongs to the 'LDA' family and is defined in the reference(s):
(0): P. A. M. Dirac.,  Math. Proc. Cambridge Philos. Soc. 26, 376 (1930)
(1): F. Bloch.,  Z. Phys. 57, 545 (1929)
The density functional 'Becke 88' belongs to the 'GGA' family and is defined in the reference(s):
(0): A. D. Becke.,  Phys. Rev. A 38, 3098 (1988)
The density functional 'Vosko, Wilk & Nusair (VWN5_RPA)' belongs to the 'LDA' family and is defined in the reference(s):
(0): S. H. Vosko, L. Wilk, and M. Nusair.,  Can. J. Phys. 58, 1200 (1980)
The density functional 'Lee, Yang & Parr' belongs to the 'GGA' family and is defined in the reference(s):
(0): C. Lee, W. Yang, and R. G. Parr.,  Phys. Rev. B 37, 785 (1988)
(1): B. Miehlich, A. Savin, H. Stoll, and H. Preuss.,  Chem. Phys. Lett. 157, 200 (1989)
<start_mo> for the frozen-core post-SCF methods 14 is larger than the number of ecp orbitals 14. Take the <start_mo> -= ecp_orbitals
Libxc version used in REST: 7.0.0
nbas: 30, natm: 2 for standard basis sets
First valence state for the frozen-core algorithm:     0
final nbas: 128,final natm: 4
numbasis: 90, num_auxbas: 394
Molecule_name: brcl
Restricted Hartree-Fock (or Kohn-Sham) algorithm is invoked.
Nuc_energy:      29.08125662 Hartree
No ghost effective potential
No ghost point charges
Overlap matrix is nonsigular:
  Lowest eigenvalue:       0.00912335 with the total number of basis functions:     90
Grid size: 39784
Generate SAD of Br
Generate SAD of Cl
Initial guess HF energy:    -473.8417935922457787
The total energy:      -473.7462211064 Ha by the initial guess
Energy:    -473.7300415945 Ha after    1 iterations (in       0.07 seconds).
SCF Change: DM 4.79895e-3; eev 7.77278e-1 Ha; etot 4.77623e-2 Ha
Energy:    -473.6822793314 Ha after    2 iterations (in       0.06 seconds).
SCF Change: DM 1.36434e-4; eev 2.13426e-2 Ha; etot -7.56953e-2 Ha
Energy:    -473.7579746579 Ha after    3 iterations (in       0.06 seconds).
SCF Change: DM 6.56520e-5; eev 7.55155e-3 Ha; etot -2.61910e-5 Ha
Energy:    -473.7580008489 Ha after    4 iterations (in       0.06 seconds).
SCF Change: DM 1.56805e-5; eev 4.03589e-3 Ha; etot -1.50982e-5 Ha
Energy:    -473.7580159471 Ha after    5 iterations (in       0.06 seconds).
SCF Change: DM 2.40539e-6; eev 5.90039e-4 Ha; etot -3.59161e-7 Ha
Energy:    -473.7580163063 Ha after    6 iterations (in       0.06 seconds).
SCF Change: DM 2.46687e-7; eev 6.43567e-5 Ha; etot -9.84255e-9 Ha
Energy:    -473.7580163161 Ha after    7 iterations (in       0.06 seconds).
SCF Change: DM 3.11267e-8; eev 6.85319e-6 Ha; etot -2.94676e-10 Ha
Energy:    -473.7580163164 Ha after    8 iterations (in       0.06 seconds).
SCF Change: DM 2.79264e-9; eev 8.00233e-7 Ha; etot 1.64846e-12 Ha
Energy:    -473.7580163164 Ha after    9 iterations (in       0.06 seconds).
SCF Change: DM 8.13317e-10; eev 2.63780e-7 Ha; etot -9.09495e-13 Ha
Energy:    -473.7580163164 Ha after   10 iterations (in       0.06 seconds).
SCF Change: DM 4.44652e-11; eev 2.31631e-8 Ha; etot 3.97904e-13 Ha
Energy:    -473.7580163164 Ha after   11 iterations (in       0.06 seconds).
SCF Change: DM 5.34940e-12; eev 1.29785e-9 Ha; etot -1.02318e-12 Ha
Energy:    -473.7580163164 Ha after   12 iterations (in       0.06 seconds).
SCF is converged after   12 iterations.
==========================================
Now evaluate the    PT2 correlation energy
==========================================
----------------------------------------------------------------------
Methods         :       Total Corr,          OS Corr,          SS Corr
----------------------------------------------------------------------
PT2             :      -0.68801594,      -0.50416565,      -0.18385028
----------------------------------------------------------------------
Fifth-rung correlation energy :      -0.220017891140 Ha
E[XYGJOS]=:    -473.23861042 Ha, Ex[HF]:     -29.86639918 Ha, Ec[PT2  ]:      -0.68801594 Ha
Mulliken population analysis:
  0-Br :   0.137648
  1-Cl :  -0.137648

====================================================
              REST: Mission accomplished
====================================================
The SCF energy        :    -473.7580163164 Ha
The (R)-xDH energy    :    -473.2386104153 Ha
Detailed time report:
PT2       |:    0.113 s for the PT2 evaluation
SCF       |:    1.961 s for the scf procedure
Overall   |:    2.561 s for the whole job
