=========================================================
Input parameters for the REST calculation
=========================================================
Calculation type: Single-point energy
The exchange-correlation method: xygjos
Print level:                1
The number of threads used for parallelism:      4
The spheric-GTO basis set is taken from /home/symei/def2-TZVPP-optuna-ptype
The pruning method is nwchem
The radial grid generation method is treutler
ERI Type: ri_v
Turn on the basis pair symmetry for RI 3D-tensors
The spheric-GTO auxiliary basis set is taken from /home/symei/def2-SV(P)-JKFIT
Spin polarization: Off
Charge:   0; Spin:   1
min_num_angular_points: 110
max_num_angular_points: 590
hardness: 3
Grid generation level: 3
Even tempered basis generation: false
SCF convergency thresholds: 1e-8 for density matrix
                            1e-8 Ha. for sum of eigenvalues
                            1e-8 Ha. for total energy
Max. SCF cycle number:      250
The diis mixing with (param, max_vec_len) = (0.2, 8) is employed for the SCF procedure
Turn on the diis mixing after 1 step(s) of SCF iteractions with the linear mixing
The specified checkfile exists but is not loaded because the keyword 'external_init_guess' is specified
It will be updated after the SCF procedure 
(none)
Initial guess is prepared by (sad).
It is a finite cluster calculation
the scf functional for 'xygjos' contains
The density functional 'B3LYP' belongs to the 'Hybrid GGA' family and is defined in the reference(s):
(0): P. J. Stephens, F. J. Devlin, C. F. Chabalowski, and M. J. Frisch.,  J. Phys. Chem. 98, 11623 (1994)
the post-scf functional 'xygjos' is employed, which contains
The density functional 'Slater exchange' belongs to the 'LDA' family and is defined in the reference(s):
(0): P. A. M. Dirac.,  Math. Proc. Cambridge Philos. Soc. 26, 376 (1930)
(1): F. Bloch.,  Z. Phys. 57, 545 (1929)
The density functional 'Becke 88' belongs to the 'GGA' family and is defined in the reference(s):
(0): A. D. Becke.,  Phys. Rev. A 38, 3098 (1988)
The density functional 'Vosko, Wilk & Nusair (VWN5_RPA)' belongs to the 'LDA' family and is defined in the reference(s):
(0): S. H. Vosko, L. Wilk, and M. Nusair.,  Can. J. Phys. 58, 1200 (1980)
The density functional 'Lee, Yang & Parr' belongs to the 'GGA' family and is defined in the reference(s):
(0): C. Lee, W. Yang, and R. G. Parr.,  Phys. Rev. B 37, 785 (1988)
(1): B. Miehlich, A. Savin, H. Stoll, and H. Preuss.,  Chem. Phys. Lett. 157, 200 (1989)
<start_mo> for the frozen-core post-SCF methods 22 is smaller than the number of ecp orbitals 28. Set <start_mo> = 0
Libxc version used in REST: 7.0.0
nbas: 124, natm: 14 for standard basis sets
First valence state for the frozen-core algorithm:     0
final nbas: 392,final natm: 28
numbasis: 332, num_auxbas: 976
Molecule_name: c-cbrcbr-c
Restricted Hartree-Fock (or Kohn-Sham) algorithm is invoked.
Nuc_energy:     205.48088420 Hartree
No ghost effective potential
No ghost point charges
Overlap matrix is nonsigular:
  Lowest eigenvalue:       0.00016151 with the total number of basis functions:    332
Grid size: 177608
Generate SAD of C
Generate SAD of H
Generate SAD of Br
Initial guess HF energy:    -185.2666473430045926
The total energy:      -183.9307637174 Ha by the initial guess
Energy:    -183.1115740951 Ha after    1 iterations (in       1.17 seconds).
SCF Change: DM 2.13609e-2; eev  4.98454e0 Ha; etot  8.36978e0 Ha
Energy:    -174.7417937068 Ha after    2 iterations (in       1.20 seconds).
SCF Change: DM 2.66082e-3; eev  1.41313e0 Ha; etot -9.56374e0 Ha
Energy:    -184.3055296110 Ha after    3 iterations (in       1.10 seconds).
SCF Change: DM 1.05770e-3; eev 4.40684e-1 Ha; etot -3.77096e-2 Ha
Energy:    -184.3432392422 Ha after    4 iterations (in       1.09 seconds).
SCF Change: DM 3.22268e-4; eev 1.79856e-1 Ha; etot -5.98599e-2 Ha
Energy:    -184.4030991459 Ha after    5 iterations (in       1.07 seconds).
SCF Change: DM 4.56537e-5; eev 4.37933e-2 Ha; etot -1.37429e-3 Ha
Energy:    -184.4044734353 Ha after    6 iterations (in       1.04 seconds).
SCF Change: DM 1.10975e-5; eev 4.44972e-3 Ha; etot -3.85929e-5 Ha
Energy:    -184.4045120282 Ha after    7 iterations (in       1.06 seconds).
SCF Change: DM 1.78034e-6; eev 9.62785e-4 Ha; etot -2.75658e-6 Ha
Energy:    -184.4045147848 Ha after    8 iterations (in       1.10 seconds).
SCF Change: DM 3.87430e-7; eev 1.58928e-4 Ha; etot -7.25192e-8 Ha
Energy:    -184.4045148573 Ha after    9 iterations (in       1.09 seconds).
SCF Change: DM 7.19733e-8; eev 1.61229e-5 Ha; etot -1.81396e-9 Ha
Energy:    -184.4045148591 Ha after   10 iterations (in       1.09 seconds).
SCF Change: DM 1.62313e-8; eev 8.89601e-6 Ha; etot -7.02016e-11 Ha
Energy:    -184.4045148592 Ha after   11 iterations (in       1.13 seconds).
SCF Change: DM 3.62596e-9; eev 1.30563e-6 Ha; etot -4.29168e-12 Ha
Energy:    -184.4045148592 Ha after   12 iterations (in       1.08 seconds).
SCF Change: DM 9.81515e-10; eev 2.48228e-7 Ha; etot 1.08002e-12 Ha
Energy:    -184.4045148592 Ha after   13 iterations (in       1.15 seconds).
SCF Change: DM 2.58393e-10; eev 5.25734e-8 Ha; etot 2.55795e-13 Ha
Energy:    -184.4045148592 Ha after   14 iterations (in       1.12 seconds).
SCF Change: DM 5.49470e-11; eev 3.92596e-8 Ha; etot 5.03064e-12 Ha
Energy:    -184.4045148592 Ha after   15 iterations (in       1.09 seconds).
SCF Change: DM 2.62280e-11; eev 1.44233e-8 Ha; etot -4.49063e-12 Ha
Energy:    -184.4045148592 Ha after   16 iterations (in       1.07 seconds).
SCF Change: DM 8.86606e-12; eev 4.23248e-9 Ha; etot -3.29692e-12 Ha
Energy:    -184.4045148592 Ha after   17 iterations (in       1.19 seconds).
SCF is converged after   17 iterations.
==========================================
Now evaluate the    PT2 correlation energy
==========================================
----------------------------------------------------------------------
Methods         :       Total Corr,          OS Corr,          SS Corr
----------------------------------------------------------------------
PT2             :      -1.55008677,      -1.18362604,      -0.36646074
----------------------------------------------------------------------
Fifth-rung correlation energy :      -0.516534402600 Ha
E[XYGJOS]=:    -183.89239295 Ha, Ex[HF]:     -28.27181695 Ha, Ec[PT2  ]:      -1.55008677 Ha
Mulliken population analysis:
  0-C  :  -0.006633
  1-H  :   0.133825
  2-C  :  -0.006633
  3-H  :   0.133825
  4-C  :  -0.281001
  5-C  :  -0.281001
  6-H  :   0.102137
  7-H  :   0.092028
  8-H  :   0.092393
  9-H  :   0.092028
 10-H  :   0.092393
 11-H  :   0.102137
 12-Br :  -0.132749
 13-Br :  -0.132749

====================================================
              REST: Mission accomplished
====================================================
The SCF energy        :    -184.4045148592 Ha
The (R)-xDH energy    :    -183.8923929513 Ha
Detailed time report:
PT2       |:    1.981 s for the PT2 evaluation
Overall   |:   35.165 s for the whole job
SCF       |:   32.676 s for the scf procedure
