=========================================================
Input parameters for the REST calculation
=========================================================
Calculation type: Single-point energy
The exchange-correlation method: xygjos
Print level:                1
The number of threads used for parallelism:      4
The spheric-GTO basis set is taken from /home/symei/def2-TZVPP-optuna-ptype
The pruning method is nwchem
The radial grid generation method is treutler
ERI Type: ri_v
Turn on the basis pair symmetry for RI 3D-tensors
The spheric-GTO auxiliary basis set is taken from /home/symei/def2-SV(P)-JKFIT
Spin polarization: Off
Charge:   0; Spin:   1
min_num_angular_points: 110
max_num_angular_points: 590
hardness: 3
Grid generation level: 3
Even tempered basis generation: false
SCF convergency thresholds: 1e-8 for density matrix
                            1e-8 Ha. for sum of eigenvalues
                            1e-8 Ha. for total energy
Max. SCF cycle number:      250
The diis mixing with (param, max_vec_len) = (0.2, 8) is employed for the SCF procedure
Turn on the diis mixing after 1 step(s) of SCF iteractions with the linear mixing
The specified checkfile exists but is not loaded because the keyword 'external_init_guess' is specified
It will be updated after the SCF procedure 
(none)
Initial guess is prepared by (sad).
It is a finite cluster calculation
the scf functional for 'xygjos' contains
The density functional 'B3LYP' belongs to the 'Hybrid GGA' family and is defined in the reference(s):
(0): P. J. Stephens, F. J. Devlin, C. F. Chabalowski, and M. J. Frisch.,  J. Phys. Chem. 98, 11623 (1994)
the post-scf functional 'xygjos' is employed, which contains
The density functional 'Slater exchange' belongs to the 'LDA' family and is defined in the reference(s):
(0): P. A. M. Dirac.,  Math. Proc. Cambridge Philos. Soc. 26, 376 (1930)
(1): F. Bloch.,  Z. Phys. 57, 545 (1929)
The density functional 'Becke 88' belongs to the 'GGA' family and is defined in the reference(s):
(0): A. D. Becke.,  Phys. Rev. A 38, 3098 (1988)
The density functional 'Vosko, Wilk & Nusair (VWN5_RPA)' belongs to the 'LDA' family and is defined in the reference(s):
(0): S. H. Vosko, L. Wilk, and M. Nusair.,  Can. J. Phys. 58, 1200 (1980)
The density functional 'Lee, Yang & Parr' belongs to the 'GGA' family and is defined in the reference(s):
(0): C. Lee, W. Yang, and R. G. Parr.,  Phys. Rev. B 37, 785 (1988)
(1): B. Miehlich, A. Savin, H. Stoll, and H. Preuss.,  Chem. Phys. Lett. 157, 200 (1989)
<start_mo> for the frozen-core post-SCF methods 21 is smaller than the number of ecp orbitals 28. Set <start_mo> = 0
Libxc version used in REST: 7.0.0
nbas: 101, natm: 11 for standard basis sets
First valence state for the frozen-core algorithm:     0
final nbas: 332,final natm: 22
numbasis: 273, num_auxbas: 865
Molecule_name: c-cbrcbr
Restricted Hartree-Fock (or Kohn-Sham) algorithm is invoked.
Nuc_energy:     140.66498059 Hartree
No ghost effective potential
No ghost point charges
Overlap matrix is nonsigular:
  Lowest eigenvalue:       0.00024625 with the total number of basis functions:    273
Grid size: 143658
Generate SAD of C
Generate SAD of H
Generate SAD of Br
Initial guess HF energy:    -145.7025851336337610
The total energy:      -144.7041480194 Ha by the initial guess
Energy:    -144.0373326256 Ha after    1 iterations (in       0.78 seconds).
SCF Change: DM 2.00663e-2; eev  4.34498e0 Ha; etot  7.83425e0 Ha
Energy:    -136.2030816829 Ha after    2 iterations (in       0.77 seconds).
SCF Change: DM 3.29389e-3; eev  1.36046e0 Ha; etot -8.81212e0 Ha
Energy:    -145.0152026190 Ha after    3 iterations (in       0.77 seconds).
SCF Change: DM 1.27490e-3; eev 5.14890e-1 Ha; etot -1.88340e-2 Ha
Energy:    -145.0340366268 Ha after    4 iterations (in       0.80 seconds).
SCF Change: DM 2.69973e-4; eev 9.26914e-2 Ha; etot -3.42468e-2 Ha
Energy:    -145.0682834534 Ha after    5 iterations (in       0.72 seconds).
SCF Change: DM 5.43355e-5; eev 3.20289e-2 Ha; etot -8.45185e-4 Ha
Energy:    -145.0691286387 Ha after    6 iterations (in       0.72 seconds).
SCF Change: DM 1.94157e-5; eev 6.36701e-3 Ha; etot -6.47560e-5 Ha
Energy:    -145.0691933947 Ha after    7 iterations (in       0.77 seconds).
SCF Change: DM 5.97117e-6; eev 1.50410e-3 Ha; etot -7.58974e-6 Ha
Energy:    -145.0692009844 Ha after    8 iterations (in       0.76 seconds).
SCF Change: DM 1.71093e-6; eev 6.76737e-4 Ha; etot -7.71363e-7 Ha
Energy:    -145.0692017558 Ha after    9 iterations (in       0.76 seconds).
SCF Change: DM 3.11258e-7; eev 9.10784e-5 Ha; etot -3.87706e-8 Ha
Energy:    -145.0692017946 Ha after   10 iterations (in       0.77 seconds).
SCF Change: DM 5.92021e-8; eev 2.22997e-5 Ha; etot -1.32758e-9 Ha
Energy:    -145.0692017959 Ha after   11 iterations (in       0.82 seconds).
SCF Change: DM 1.93035e-8; eev 6.94651e-6 Ha; etot -2.66311e-11 Ha
Energy:    -145.0692017959 Ha after   12 iterations (in       0.84 seconds).
SCF Change: DM 5.95024e-9; eev 1.82500e-6 Ha; etot 5.40012e-13 Ha
Energy:    -145.0692017959 Ha after   13 iterations (in       0.78 seconds).
SCF Change: DM 9.60732e-10; eev 2.27189e-7 Ha; etot -5.96856e-12 Ha
Energy:    -145.0692017959 Ha after   14 iterations (in       0.74 seconds).
SCF Change: DM 3.23956e-10; eev 9.61485e-8 Ha; etot 5.11591e-13 Ha
Energy:    -145.0692017959 Ha after   15 iterations (in       0.76 seconds).
SCF Change: DM 1.46124e-10; eev 4.03332e-8 Ha; etot -9.66338e-13 Ha
Energy:    -145.0692017959 Ha after   16 iterations (in       0.76 seconds).
SCF Change: DM 4.58041e-11; eev 1.51096e-8 Ha; etot 2.58638e-12 Ha
Energy:    -145.0692017959 Ha after   17 iterations (in       0.77 seconds).
SCF Change: DM 1.40711e-11; eev 7.31147e-9 Ha; etot -4.54747e-13 Ha
Energy:    -145.0692017959 Ha after   18 iterations (in       0.80 seconds).
SCF is converged after   18 iterations.
==========================================
Now evaluate the    PT2 correlation energy
==========================================
----------------------------------------------------------------------
Methods         :       Total Corr,          OS Corr,          SS Corr
----------------------------------------------------------------------
PT2             :      -1.27412734,      -0.97252939,      -0.30159794
----------------------------------------------------------------------
Fifth-rung correlation energy :      -0.424411827213 Ha
E[XYGJOS]=:    -144.66468792 Ha, Ex[HF]:     -22.37028197 Ha, Ec[PT2  ]:      -1.27412734 Ha
Mulliken population analysis:
  0-C  :  -0.268653
  1-H  :   0.085420
  2-H  :   0.093043
  3-H  :   0.105245
  4-C  :   0.010524
  5-H  :   0.107704
  6-C  :  -0.182362
  7-H  :   0.128841
  8-H  :   0.126904
  9-Br :  -0.089403
 10-Br :  -0.117263

====================================================
              REST: Mission accomplished
====================================================
The SCF energy        :    -145.0692017959 Ha
The (R)-xDH energy    :    -144.6646879238 Ha
Detailed time report:
SCF       |:   23.485 s for the scf procedure
PT2       |:    1.195 s for the PT2 evaluation
Overall   |:   25.152 s for the whole job
