=========================================================
Input parameters for the REST calculation
=========================================================
Calculation type: Single-point energy
The exchange-correlation method: xygjos
Print level:                1
The number of threads used for parallelism:      4
The spheric-GTO basis set is taken from /home/symei/def2-TZVPP-optuna-ptype
The pruning method is nwchem
The radial grid generation method is treutler
ERI Type: ri_v
Turn on the basis pair symmetry for RI 3D-tensors
The spheric-GTO auxiliary basis set is taken from /home/symei/def2-SV(P)-JKFIT
Spin polarization: Off
Charge:   0; Spin:   1
min_num_angular_points: 110
max_num_angular_points: 590
hardness: 3
Grid generation level: 3
Even tempered basis generation: false
SCF convergency thresholds: 1e-8 for density matrix
                            1e-8 Ha. for sum of eigenvalues
                            1e-8 Ha. for total energy
Max. SCF cycle number:      250
The diis mixing with (param, max_vec_len) = (0.2, 8) is employed for the SCF procedure
Turn on the diis mixing after 1 step(s) of SCF iteractions with the linear mixing
The specified checkfile exists but is not loaded because the keyword 'external_init_guess' is specified
It will be updated after the SCF procedure 
(none)
Initial guess is prepared by (sad).
It is a finite cluster calculation
the scf functional for 'xygjos' contains
The density functional 'B3LYP' belongs to the 'Hybrid GGA' family and is defined in the reference(s):
(0): P. J. Stephens, F. J. Devlin, C. F. Chabalowski, and M. J. Frisch.,  J. Phys. Chem. 98, 11623 (1994)
the post-scf functional 'xygjos' is employed, which contains
The density functional 'Slater exchange' belongs to the 'LDA' family and is defined in the reference(s):
(0): P. A. M. Dirac.,  Math. Proc. Cambridge Philos. Soc. 26, 376 (1930)
(1): F. Bloch.,  Z. Phys. 57, 545 (1929)
The density functional 'Becke 88' belongs to the 'GGA' family and is defined in the reference(s):
(0): A. D. Becke.,  Phys. Rev. A 38, 3098 (1988)
The density functional 'Vosko, Wilk & Nusair (VWN5_RPA)' belongs to the 'LDA' family and is defined in the reference(s):
(0): S. H. Vosko, L. Wilk, and M. Nusair.,  Can. J. Phys. 58, 1200 (1980)
The density functional 'Lee, Yang & Parr' belongs to the 'GGA' family and is defined in the reference(s):
(0): C. Lee, W. Yang, and R. G. Parr.,  Phys. Rev. B 37, 785 (1988)
(1): B. Miehlich, A. Savin, H. Stoll, and H. Preuss.,  Chem. Phys. Lett. 157, 200 (1989)
<start_mo> for the frozen-core post-SCF methods 20 is smaller than the number of ecp orbitals 28. Set <start_mo> = 0
Libxc version used in REST: 7.0.0
nbas: 78, natm: 8 for standard basis sets
First valence state for the frozen-core algorithm:     0
final nbas: 272,final natm: 16
numbasis: 214, num_auxbas: 754
Molecule_name: cbrcbr
Restricted Hartree-Fock (or Kohn-Sham) algorithm is invoked.
Nuc_energy:      85.99082700 Hartree
No ghost effective potential
No ghost point charges
Overlap matrix is nonsigular:
  Lowest eigenvalue:       0.00035717 with the total number of basis functions:    214
Grid size: 109708
Generate SAD of C
Generate SAD of H
Generate SAD of Br
Initial guess HF energy:    -106.1250875445758481
The total energy:      -105.5038589651 Ha by the initial guess
Energy:    -105.0766655247 Ha after    1 iterations (in       0.42 seconds).
SCF Change: DM 1.10186e-2; eev  3.32616e0 Ha; etot  2.23120e0 Ha
Energy:    -102.8454610603 Ha after    2 iterations (in       0.45 seconds).
SCF Change: DM 1.26547e-3; eev 6.08494e-1 Ha; etot -2.89028e0 Ha
Energy:    -105.7357457358 Ha after    3 iterations (in       0.42 seconds).
SCF Change: DM 5.80682e-4; eev 2.67361e-1 Ha; etot -4.34286e-3 Ha
Energy:    -105.7400885992 Ha after    4 iterations (in       0.44 seconds).
SCF Change: DM 3.47732e-5; eev 2.07085e-2 Ha; etot -2.29954e-3 Ha
Energy:    -105.7423881379 Ha after    5 iterations (in       0.42 seconds).
SCF Change: DM 4.86455e-6; eev 3.14917e-3 Ha; etot -1.20764e-5 Ha
Energy:    -105.7424002143 Ha after    6 iterations (in       0.42 seconds).
SCF Change: DM 1.45584e-6; eev 4.36896e-4 Ha; etot -4.04237e-7 Ha
Energy:    -105.7424006185 Ha after    7 iterations (in       0.46 seconds).
SCF Change: DM 3.16320e-7; eev 1.16904e-4 Ha; etot -2.60062e-8 Ha
Energy:    -105.7424006445 Ha after    8 iterations (in       0.43 seconds).
SCF Change: DM 5.52838e-8; eev 2.12081e-5 Ha; etot -1.43876e-9 Ha
Energy:    -105.7424006460 Ha after    9 iterations (in       0.47 seconds).
SCF Change: DM 9.78087e-9; eev 2.22842e-6 Ha; etot -2.51532e-11 Ha
Energy:    -105.7424006460 Ha after   10 iterations (in       0.43 seconds).
SCF Change: DM 1.44321e-9; eev 3.26638e-7 Ha; etot 9.94760e-14 Ha
Energy:    -105.7424006460 Ha after   11 iterations (in       0.42 seconds).
SCF Change: DM 3.44700e-10; eev 8.17772e-8 Ha; etot -2.27374e-13 Ha
Energy:    -105.7424006460 Ha after   12 iterations (in       0.41 seconds).
SCF Change: DM 7.36376e-11; eev 2.43592e-8 Ha; etot 3.26850e-13 Ha
Energy:    -105.7424006460 Ha after   13 iterations (in       0.43 seconds).
SCF Change: DM 6.13519e-12; eev 2.86649e-9 Ha; etot 1.77636e-12 Ha
Energy:    -105.7424006460 Ha after   14 iterations (in       0.41 seconds).
SCF is converged after   14 iterations.
==========================================
Now evaluate the    PT2 correlation energy
==========================================
----------------------------------------------------------------------
Methods         :       Total Corr,          OS Corr,          SS Corr
----------------------------------------------------------------------
PT2             :      -0.99971343,      -0.76200858,      -0.23770485
----------------------------------------------------------------------
Fifth-rung correlation energy :      -0.332540542636 Ha
E[XYGJOS]=:    -105.44406402 Ha, Ex[HF]:     -16.46301011 Ha, Ec[PT2  ]:      -0.99971343 Ha
Mulliken population analysis:
  0-C  :  -0.176154
  1-H  :   0.136998
  2-H  :   0.136998
  3-C  :  -0.176154
  4-H  :   0.136998
  5-H  :   0.136998
  6-Br :  -0.097843
  7-Br :  -0.097843

====================================================
              REST: Mission accomplished
====================================================
The SCF energy        :    -105.7424006460 Ha
The (R)-xDH energy    :    -105.4440640180 Ha
Detailed time report:
PT2       |:    0.623 s for the PT2 evaluation
Overall   |:   13.080 s for the whole job
SCF       |:   11.941 s for the scf procedure
