=========================================================
Input parameters for the REST calculation
=========================================================
Calculation type: Single-point energy
The exchange-correlation method: xygjos
Print level:                1
The number of threads used for parallelism:      4
The spheric-GTO basis set is taken from /home/symei/def2-TZVPP-optuna-ptype
The pruning method is nwchem
The radial grid generation method is treutler
ERI Type: ri_v
Turn on the basis pair symmetry for RI 3D-tensors
The spheric-GTO auxiliary basis set is taken from /home/symei/def2-SV(P)-JKFIT
Spin polarization: Off
Charge:   0; Spin:   1
min_num_angular_points: 110
max_num_angular_points: 590
hardness: 3
Grid generation level: 3
Even tempered basis generation: false
SCF convergency thresholds: 1e-8 for density matrix
                            1e-8 Ha. for sum of eigenvalues
                            1e-8 Ha. for total energy
Max. SCF cycle number:      250
The diis mixing with (param, max_vec_len) = (0.2, 8) is employed for the SCF procedure
Turn on the diis mixing after 1 step(s) of SCF iteractions with the linear mixing
The specified checkfile exists but is not loaded because the keyword 'external_init_guess' is specified
It will be updated after the SCF procedure 
(none)
Initial guess is prepared by (sad).
It is a finite cluster calculation
the scf functional for 'xygjos' contains
The density functional 'B3LYP' belongs to the 'Hybrid GGA' family and is defined in the reference(s):
(0): P. J. Stephens, F. J. Devlin, C. F. Chabalowski, and M. J. Frisch.,  J. Phys. Chem. 98, 11623 (1994)
the post-scf functional 'xygjos' is employed, which contains
The density functional 'Slater exchange' belongs to the 'LDA' family and is defined in the reference(s):
(0): P. A. M. Dirac.,  Math. Proc. Cambridge Philos. Soc. 26, 376 (1930)
(1): F. Bloch.,  Z. Phys. 57, 545 (1929)
The density functional 'Becke 88' belongs to the 'GGA' family and is defined in the reference(s):
(0): A. D. Becke.,  Phys. Rev. A 38, 3098 (1988)
The density functional 'Vosko, Wilk & Nusair (VWN5_RPA)' belongs to the 'LDA' family and is defined in the reference(s):
(0): S. H. Vosko, L. Wilk, and M. Nusair.,  Can. J. Phys. 58, 1200 (1980)
The density functional 'Lee, Yang & Parr' belongs to the 'GGA' family and is defined in the reference(s):
(0): C. Lee, W. Yang, and R. G. Parr.,  Phys. Rev. B 37, 785 (1988)
(1): B. Miehlich, A. Savin, H. Stoll, and H. Preuss.,  Chem. Phys. Lett. 157, 200 (1989)
<start_mo> for the frozen-core post-SCF methods 12 is smaller than the number of ecp orbitals 14. Set <start_mo> = 0
Libxc version used in REST: 7.0.0
nbas: 91, natm: 11 for standard basis sets
First valence state for the frozen-core algorithm:     0
final nbas: 268,final natm: 22
numbasis: 239, num_auxbas: 617
Molecule_name: cccbr1
Restricted Hartree-Fock (or Kohn-Sham) algorithm is invoked.
Nuc_energy:     107.88470623 Hartree
No ghost effective potential
No ghost point charges
Overlap matrix is nonsigular:
  Lowest eigenvalue:       0.00026850 with the total number of basis functions:    239
Grid size: 132778
Generate SAD of C
Generate SAD of H
Generate SAD of Br
Initial guess HF energy:    -132.6093569739497013
The total energy:      -131.7679455116 Ha by the initial guess
Energy:    -131.2942691367 Ha after    1 iterations (in       0.52 seconds).
SCF Change: DM 1.52957e-2; eev  3.88823e0 Ha; etot  2.33063e0 Ha
Energy:    -128.9636378975 Ha after    2 iterations (in       0.52 seconds).
SCF Change: DM 2.89779e-3; eev  1.06365e0 Ha; etot -3.13041e0 Ha
Energy:    -132.0940430311 Ha after    3 iterations (in       0.49 seconds).
SCF Change: DM 1.06043e-3; eev 3.15150e-1 Ha; etot -1.43013e-2 Ha
Energy:    -132.1083443239 Ha after    4 iterations (in       0.49 seconds).
SCF Change: DM 3.08900e-4; eev 1.24297e-1 Ha; etot -2.41913e-2 Ha
Energy:    -132.1325356016 Ha after    5 iterations (in       0.47 seconds).
SCF Change: DM 3.30745e-5; eev 1.99262e-2 Ha; etot -7.88543e-4 Ha
Energy:    -132.1333241443 Ha after    6 iterations (in       0.48 seconds).
SCF Change: DM 6.96374e-6; eev 3.01423e-3 Ha; etot -1.63462e-5 Ha
Energy:    -132.1333404905 Ha after    7 iterations (in       0.46 seconds).
SCF Change: DM 4.95087e-6; eev 1.56425e-3 Ha; etot -9.85375e-7 Ha
Energy:    -132.1333414758 Ha after    8 iterations (in       0.47 seconds).
SCF Change: DM 7.72483e-7; eev 2.18592e-4 Ha; etot -2.45579e-7 Ha
Energy:    -132.1333417214 Ha after    9 iterations (in       0.47 seconds).
SCF Change: DM 1.86341e-7; eev 5.81420e-5 Ha; etot -3.99609e-9 Ha
Energy:    -132.1333417254 Ha after   10 iterations (in       0.44 seconds).
SCF Change: DM 2.14548e-8; eev 6.88329e-6 Ha; etot -4.70891e-10 Ha
Energy:    -132.1333417259 Ha after   11 iterations (in       0.47 seconds).
SCF Change: DM 3.87700e-9; eev 1.06315e-6 Ha; etot -2.41585e-12 Ha
Energy:    -132.1333417259 Ha after   12 iterations (in       0.44 seconds).
SCF Change: DM 8.44160e-10; eev 1.99894e-7 Ha; etot 1.64846e-12 Ha
Energy:    -132.1333417259 Ha after   13 iterations (in       0.45 seconds).
SCF Change: DM 3.24070e-10; eev 7.15180e-8 Ha; etot 1.84741e-12 Ha
Energy:    -132.1333417259 Ha after   14 iterations (in       0.52 seconds).
SCF Change: DM 4.92744e-11; eev 1.20284e-8 Ha; etot -5.48539e-12 Ha
Energy:    -132.1333417259 Ha after   15 iterations (in       0.53 seconds).
SCF Change: DM 1.55468e-11; eev 7.40332e-9 Ha; etot 1.05160e-12 Ha
Energy:    -132.1333417259 Ha after   16 iterations (in       0.48 seconds).
SCF is converged after   16 iterations.
==========================================
Now evaluate the    PT2 correlation energy
==========================================
----------------------------------------------------------------------
Methods         :       Total Corr,          OS Corr,          SS Corr
----------------------------------------------------------------------
PT2             :      -1.04376033,      -0.80895109,      -0.23480923
----------------------------------------------------------------------
Fifth-rung correlation energy :      -0.353026257644 Ha
E[XYGJOS]=:    -131.76062627 Ha, Ex[HF]:     -20.38854877 Ha, Ec[PT2  ]:      -1.04376033 Ha
Mulliken population analysis:
  0-C  :  -0.263836
  1-H  :   0.080709
  2-H  :   0.080709
  3-H  :   0.090808
  4-C  :  -0.079265
  5-H  :   0.068685
  6-H  :   0.068685
  7-C  :  -0.170269
  8-H  :   0.120520
  9-H  :   0.120520
 10-Br :  -0.117266

====================================================
              REST: Mission accomplished
====================================================
The SCF energy        :    -132.1333417259 Ha
The (R)-xDH energy    :    -131.7606262710 Ha
Detailed time report:
Overall   |:   15.332 s for the whole job
SCF       |:   14.111 s for the scf procedure
PT2       |:    0.757 s for the PT2 evaluation
