=========================================================
Input parameters for the REST calculation
=========================================================
Calculation type: Single-point energy
The exchange-correlation method: xygjos
Print level:                1
The number of threads used for parallelism:      4
The spheric-GTO basis set is taken from /home/symei/def2-TZVPP-optuna-ptype
The pruning method is nwchem
The radial grid generation method is treutler
ERI Type: ri_v
Turn on the basis pair symmetry for RI 3D-tensors
The spheric-GTO auxiliary basis set is taken from /home/symei/def2-SV(P)-JKFIT
Spin polarization: Off
Charge:   0; Spin:   1
min_num_angular_points: 110
max_num_angular_points: 590
hardness: 3
Grid generation level: 3
Even tempered basis generation: false
SCF convergency thresholds: 1e-8 for density matrix
                            1e-8 Ha. for sum of eigenvalues
                            1e-8 Ha. for total energy
Max. SCF cycle number:      250
The diis mixing with (param, max_vec_len) = (0.2, 8) is employed for the SCF procedure
Turn on the diis mixing after 1 step(s) of SCF iteractions with the linear mixing
The specified checkfile exists but is not loaded because the keyword 'external_init_guess' is specified
It will be updated after the SCF procedure 
(none)
Initial guess is prepared by (sad).
It is a finite cluster calculation
the scf functional for 'xygjos' contains
The density functional 'B3LYP' belongs to the 'Hybrid GGA' family and is defined in the reference(s):
(0): P. J. Stephens, F. J. Devlin, C. F. Chabalowski, and M. J. Frisch.,  J. Phys. Chem. 98, 11623 (1994)
the post-scf functional 'xygjos' is employed, which contains
The density functional 'Slater exchange' belongs to the 'LDA' family and is defined in the reference(s):
(0): P. A. M. Dirac.,  Math. Proc. Cambridge Philos. Soc. 26, 376 (1930)
(1): F. Bloch.,  Z. Phys. 57, 545 (1929)
The density functional 'Becke 88' belongs to the 'GGA' family and is defined in the reference(s):
(0): A. D. Becke.,  Phys. Rev. A 38, 3098 (1988)
The density functional 'Vosko, Wilk & Nusair (VWN5_RPA)' belongs to the 'LDA' family and is defined in the reference(s):
(0): S. H. Vosko, L. Wilk, and M. Nusair.,  Can. J. Phys. 58, 1200 (1980)
The density functional 'Lee, Yang & Parr' belongs to the 'GGA' family and is defined in the reference(s):
(0): C. Lee, W. Yang, and R. G. Parr.,  Phys. Rev. B 37, 785 (1988)
(1): B. Miehlich, A. Savin, H. Stoll, and H. Preuss.,  Chem. Phys. Lett. 157, 200 (1989)
<start_mo> for the frozen-core post-SCF methods 10 is smaller than the number of ecp orbitals 14. Set <start_mo> = 0
Libxc version used in REST: 7.0.0
nbas: 45, natm: 5 for standard basis sets
First valence state for the frozen-core algorithm:     0
final nbas: 148,final natm: 10
numbasis: 121, num_auxbas: 395
Molecule_name: ch3br
Restricted Hartree-Fock (or Kohn-Sham) algorithm is invoked.
Nuc_energy:      25.45660701 Hartree
No ghost effective potential
No ghost point charges
Overlap matrix is nonsigular:
  Lowest eigenvalue:       0.00057445 with the total number of basis functions:    121
Grid size: 64878
Generate SAD of C
Generate SAD of H
Generate SAD of Br
Initial guess HF energy:     -53.4912075660572981
The total energy:       -53.3413105793 Ha by the initial guess
Energy:     -53.2004110096 Ha after    1 iterations (in       0.12 seconds).
SCF Change: DM 8.69804e-3; eev  1.86042e0 Ha; etot 4.68495e-1 Ha
Energy:     -52.7319158443 Ha after    2 iterations (in       0.11 seconds).
SCF Change: DM 1.01999e-3; eev 3.20464e-1 Ha; etot -7.37187e-1 Ha
Energy:     -53.4691025315 Ha after    3 iterations (in       0.11 seconds).
SCF Change: DM 4.27605e-4; eev 1.20512e-1 Ha; etot -2.23495e-3 Ha
Energy:     -53.4713374837 Ha after    4 iterations (in       0.13 seconds).
SCF Change: DM 4.88268e-5; eev 1.30646e-2 Ha; etot -4.61399e-4 Ha
Energy:     -53.4717988830 Ha after    5 iterations (in       0.12 seconds).
SCF Change: DM 4.89141e-6; eev 1.40152e-3 Ha; etot -1.08523e-5 Ha
Energy:     -53.4718097352 Ha after    6 iterations (in       0.10 seconds).
SCF Change: DM 1.52065e-6; eev 4.55096e-4 Ha; etot -1.51943e-7 Ha
Energy:     -53.4718098872 Ha after    7 iterations (in       0.12 seconds).
SCF Change: DM 1.56544e-7; eev 5.14694e-5 Ha; etot -6.85411e-9 Ha
Energy:     -53.4718098940 Ha after    8 iterations (in       0.12 seconds).
SCF Change: DM 2.34349e-8; eev 7.70817e-6 Ha; etot -1.14021e-10 Ha
Energy:     -53.4718098942 Ha after    9 iterations (in       0.10 seconds).
SCF Change: DM 2.36554e-9; eev 8.87637e-7 Ha; etot -1.08002e-12 Ha
Energy:     -53.4718098942 Ha after   10 iterations (in       0.12 seconds).
SCF Change: DM 6.10975e-11; eev 3.20613e-8 Ha; etot -4.05009e-13 Ha
Energy:     -53.4718098942 Ha after   11 iterations (in       0.10 seconds).
SCF Change: DM 5.66411e-12; eev 1.81011e-9 Ha; etot 5.68434e-14 Ha
Energy:     -53.4718098942 Ha after   12 iterations (in       0.10 seconds).
SCF is converged after   12 iterations.
==========================================
Now evaluate the    PT2 correlation energy
==========================================
----------------------------------------------------------------------
Methods         :       Total Corr,          OS Corr,          SS Corr
----------------------------------------------------------------------
PT2             :      -0.50887987,      -0.39559735,      -0.11328252
----------------------------------------------------------------------
Fifth-rung correlation energy :      -0.172638684281 Ha
E[XYGJOS]=:     -53.31660224 Ha, Ex[HF]:      -8.57347365 Ha, Ec[PT2  ]:      -0.50887987 Ha
Mulliken population analysis:
  0-C  :  -0.335831
  1-H  :   0.145401
  2-H  :   0.145421
  3-H  :   0.145421
  4-Br :  -0.100412

====================================================
              REST: Mission accomplished
====================================================
The SCF energy        :     -53.4718098942 Ha
The (R)-xDH energy    :     -53.3166022431 Ha
Detailed time report:
SCF       |:    3.482 s for the scf procedure
Overall   |:    4.140 s for the whole job
PT2       |:    0.203 s for the PT2 evaluation
