=========================================================
Input parameters for the REST calculation
=========================================================
Calculation type: Single-point energy
The exchange-correlation method: xygjos
Print level:                1
The number of threads used for parallelism:      4
The spheric-GTO basis set is taken from /home/symei/def2-TZVPP-optuna-ptype
The pruning method is nwchem
The radial grid generation method is treutler
ERI Type: ri_v
Turn on the basis pair symmetry for RI 3D-tensors
The spheric-GTO auxiliary basis set is taken from /home/symei/def2-SV(P)-JKFIT
Spin polarization: Off
Charge:   0; Spin:   1
min_num_angular_points: 110
max_num_angular_points: 590
hardness: 3
Grid generation level: 3
Even tempered basis generation: false
SCF convergency thresholds: 1e-8 for density matrix
                            1e-8 Ha. for sum of eigenvalues
                            1e-8 Ha. for total energy
Max. SCF cycle number:      250
The diis mixing with (param, max_vec_len) = (0.2, 8) is employed for the SCF procedure
Turn on the diis mixing after 1 step(s) of SCF iteractions with the linear mixing
The specified checkfile exists but is not loaded because the keyword 'external_init_guess' is specified
It will be updated after the SCF procedure 
(none)
Initial guess is prepared by (sad).
It is a finite cluster calculation
the scf functional for 'xygjos' contains
The density functional 'B3LYP' belongs to the 'Hybrid GGA' family and is defined in the reference(s):
(0): P. J. Stephens, F. J. Devlin, C. F. Chabalowski, and M. J. Frisch.,  J. Phys. Chem. 98, 11623 (1994)
the post-scf functional 'xygjos' is employed, which contains
The density functional 'Slater exchange' belongs to the 'LDA' family and is defined in the reference(s):
(0): P. A. M. Dirac.,  Math. Proc. Cambridge Philos. Soc. 26, 376 (1930)
(1): F. Bloch.,  Z. Phys. 57, 545 (1929)
The density functional 'Becke 88' belongs to the 'GGA' family and is defined in the reference(s):
(0): A. D. Becke.,  Phys. Rev. A 38, 3098 (1988)
The density functional 'Vosko, Wilk & Nusair (VWN5_RPA)' belongs to the 'LDA' family and is defined in the reference(s):
(0): S. H. Vosko, L. Wilk, and M. Nusair.,  Can. J. Phys. 58, 1200 (1980)
The density functional 'Lee, Yang & Parr' belongs to the 'GGA' family and is defined in the reference(s):
(0): C. Lee, W. Yang, and R. G. Parr.,  Phys. Rev. B 37, 785 (1988)
(1): B. Miehlich, A. Savin, H. Stoll, and H. Preuss.,  Chem. Phys. Lett. 157, 200 (1989)
<start_mo> for the frozen-core post-SCF methods 28 is smaller than the number of ecp orbitals 42. Set <start_mo> = 0
Libxc version used in REST: 7.0.0
nbas: 65, natm: 5 for standard basis sets
First valence state for the frozen-core algorithm:     0
final nbas: 276,final natm: 10
numbasis: 189, num_auxbas: 891
Molecule_name: chbr3
Restricted Hartree-Fock (or Kohn-Sham) algorithm is invoked.
Nuc_energy:      65.83498434 Hartree
No ghost effective potential
No ghost point charges
Overlap matrix is nonsigular:
  Lowest eigenvalue:       0.00057163 with the total number of basis functions:    189
Grid size: 86638
Generate SAD of C
Generate SAD of H
Generate SAD of Br
Initial guess HF energy:     -79.6529237639982597
The total energy:       -79.2744220728 Ha by the initial guess
Energy:     -79.0894940927 Ha after    1 iterations (in       0.33 seconds).
SCF Change: DM 7.20345e-3; eev  1.80396e0 Ha; etot  1.09720e0 Ha
Energy:     -77.9922919834 Ha after    2 iterations (in       0.34 seconds).
SCF Change: DM 4.55510e-4; eev 2.10906e-1 Ha; etot -1.33881e0 Ha
Energy:     -79.3310990478 Ha after    3 iterations (in       0.34 seconds).
SCF Change: DM 1.76735e-4; eev 8.77599e-2 Ha; etot -2.11490e-3 Ha
Energy:     -79.3332139460 Ha after    4 iterations (in       0.34 seconds).
SCF Change: DM 1.70551e-5; eev 6.74571e-3 Ha; etot -2.34295e-4 Ha
Energy:     -79.3334482408 Ha after    5 iterations (in       0.34 seconds).
SCF Change: DM 5.04172e-6; eev 9.45492e-4 Ha; etot -3.54246e-6 Ha
Energy:     -79.3334517832 Ha after    6 iterations (in       0.32 seconds).
SCF Change: DM 7.13356e-7; eev 2.09141e-4 Ha; etot -3.26390e-7 Ha
Energy:     -79.3334521096 Ha after    7 iterations (in       0.33 seconds).
SCF Change: DM 1.04009e-7; eev 4.09434e-5 Ha; etot -8.18342e-9 Ha
Energy:     -79.3334521178 Ha after    8 iterations (in       0.31 seconds).
SCF Change: DM 1.65749e-8; eev 4.35873e-6 Ha; etot -4.89422e-11 Ha
Energy:     -79.3334521179 Ha after    9 iterations (in       0.31 seconds).
SCF Change: DM 2.35621e-9; eev 9.32263e-7 Ha; etot -5.68434e-12 Ha
Energy:     -79.3334521179 Ha after   10 iterations (in       0.34 seconds).
SCF Change: DM 7.56490e-10; eev 2.17544e-7 Ha; etot 1.13687e-12 Ha
Energy:     -79.3334521179 Ha after   11 iterations (in       0.34 seconds).
SCF Change: DM 2.58043e-10; eev 5.77547e-8 Ha; etot 1.53477e-12 Ha
Energy:     -79.3334521179 Ha after   12 iterations (in       0.34 seconds).
SCF Change: DM 8.09681e-11; eev 3.33958e-8 Ha; etot -2.27374e-13 Ha
Energy:     -79.3334521179 Ha after   13 iterations (in       0.36 seconds).
SCF Change: DM 1.24699e-11; eev 2.89284e-9 Ha; etot -2.84217e-14 Ha
Energy:     -79.3334521179 Ha after   14 iterations (in       0.33 seconds).
SCF is converged after   14 iterations.
==========================================
Now evaluate the    PT2 correlation energy
==========================================
----------------------------------------------------------------------
Methods         :       Total Corr,          OS Corr,          SS Corr
----------------------------------------------------------------------
PT2             :      -0.97690286,      -0.72749923,      -0.24940363
----------------------------------------------------------------------
Fifth-rung correlation energy :      -0.317480662929 Ha
E[XYGJOS]=:     -79.11072654 Ha, Ex[HF]:     -12.52634086 Ha, Ec[PT2  ]:      -0.97690286 Ha
Mulliken population analysis:
  0-C  :  -0.185974
  1-H  :   0.190074
  2-Br :  -0.001366
  3-Br :  -0.001367
  4-Br :  -0.001367

====================================================
              REST: Mission accomplished
====================================================
The SCF energy        :     -79.3334521179 Ha
The (R)-xDH energy    :     -79.1107265355 Ha
Detailed time report:
Overall   |:   10.456 s for the whole job
SCF       |:    9.483 s for the scf procedure
PT2       |:    0.518 s for the PT2 evaluation
