=========================================================
Input parameters for the REST calculation
=========================================================
Calculation type: Single-point energy
The exchange-correlation method: xygjos
Print level:                1
The number of threads used for parallelism:      4
The spheric-GTO basis set is taken from /home/symei/def2-TZVPP-optuna-ptype
The pruning method is nwchem
The radial grid generation method is treutler
ERI Type: ri_v
Turn on the basis pair symmetry for RI 3D-tensors
The spheric-GTO auxiliary basis set is taken from /home/symei/def2-SV(P)-JKFIT
Spin polarization: Off
Charge:   0; Spin:   1
min_num_angular_points: 110
max_num_angular_points: 590
hardness: 3
Grid generation level: 3
Even tempered basis generation: false
SCF convergency thresholds: 1e-8 for density matrix
                            1e-8 Ha. for sum of eigenvalues
                            1e-8 Ha. for total energy
Max. SCF cycle number:      250
The diis mixing with (param, max_vec_len) = (0.2, 8) is employed for the SCF procedure
Turn on the diis mixing after 1 step(s) of SCF iteractions with the linear mixing
The specified checkfile exists but is not loaded because the keyword 'external_init_guess' is specified
It will be updated after the SCF procedure 
(none)
Initial guess is prepared by (sad).
It is a finite cluster calculation
the scf functional for 'xygjos' contains
The density functional 'B3LYP' belongs to the 'Hybrid GGA' family and is defined in the reference(s):
(0): P. J. Stephens, F. J. Devlin, C. F. Chabalowski, and M. J. Frisch.,  J. Phys. Chem. 98, 11623 (1994)
the post-scf functional 'xygjos' is employed, which contains
The density functional 'Slater exchange' belongs to the 'LDA' family and is defined in the reference(s):
(0): P. A. M. Dirac.,  Math. Proc. Cambridge Philos. Soc. 26, 376 (1930)
(1): F. Bloch.,  Z. Phys. 57, 545 (1929)
The density functional 'Becke 88' belongs to the 'GGA' family and is defined in the reference(s):
(0): A. D. Becke.,  Phys. Rev. A 38, 3098 (1988)
The density functional 'Vosko, Wilk & Nusair (VWN5_RPA)' belongs to the 'LDA' family and is defined in the reference(s):
(0): S. H. Vosko, L. Wilk, and M. Nusair.,  Can. J. Phys. 58, 1200 (1980)
The density functional 'Lee, Yang & Parr' belongs to the 'GGA' family and is defined in the reference(s):
(0): C. Lee, W. Yang, and R. G. Parr.,  Phys. Rev. B 37, 785 (1988)
(1): B. Miehlich, A. Savin, H. Stoll, and H. Preuss.,  Chem. Phys. Lett. 157, 200 (1989)
<start_mo> for the frozen-core post-SCF methods 14 is larger than the number of ecp orbitals 14. Take the <start_mo> -= ecp_orbitals
Libxc version used in REST: 7.0.0
nbas: 28, natm: 2 for standard basis sets
First valence state for the frozen-core algorithm:     0
final nbas: 122,final natm: 4
numbasis: 80, num_auxbas: 378
Molecule_name: nabr
Restricted Hartree-Fock (or Kohn-Sham) algorithm is invoked.
Nuc_energy:      16.20902857 Hartree
No ghost effective potential
No ghost point charges
Overlap matrix is nonsigular:
  Lowest eigenvalue:       0.01111532 with the total number of basis functions:     80
Grid size: 37792
Generate SAD of Na
Generate SAD of Br
Initial guess HF energy:    -175.4007873462171005
The total energy:      -175.5762141493 Ha by the initial guess
Energy:    -175.5255426096 Ha after    1 iterations (in       0.05 seconds).
SCF Change: DM 1.24505e-2; eev  2.52267e0 Ha; etot -4.81511e-2 Ha
Energy:    -175.5736937244 Ha after    2 iterations (in       0.05 seconds).
SCF Change: DM 1.82211e-3; eev 3.97042e-1 Ha; etot -3.45587e-1 Ha
Energy:    -175.9192806718 Ha after    3 iterations (in       0.05 seconds).
SCF Change: DM 3.94836e-4; eev 8.81973e-2 Ha; etot -2.33677e-3 Ha
Energy:    -175.9216174441 Ha after    4 iterations (in       0.05 seconds).
SCF Change: DM 7.97339e-5; eev 3.11867e-2 Ha; etot -1.50667e-4 Ha
Energy:    -175.9217681116 Ha after    5 iterations (in       0.06 seconds).
SCF Change: DM 1.13224e-5; eev 1.76304e-3 Ha; etot -1.44159e-5 Ha
Energy:    -175.9217825275 Ha after    6 iterations (in       0.07 seconds).
SCF Change: DM 1.57857e-6; eev 4.56930e-4 Ha; etot -9.36996e-8 Ha
Energy:    -175.9217826212 Ha after    7 iterations (in       0.06 seconds).
SCF Change: DM 5.29034e-7; eev 1.40030e-4 Ha; etot -6.81055e-9 Ha
Energy:    -175.9217826280 Ha after    8 iterations (in       0.06 seconds).
SCF Change: DM 1.01275e-7; eev 1.52365e-5 Ha; etot -4.44032e-10 Ha
Energy:    -175.9217826284 Ha after    9 iterations (in       0.05 seconds).
SCF Change: DM 4.94711e-9; eev 1.95416e-6 Ha; etot -1.18803e-11 Ha
Energy:    -175.9217826284 Ha after   10 iterations (in       0.05 seconds).
SCF Change: DM 9.56890e-10; eev 1.50881e-7 Ha; etot 2.84217e-13 Ha
Energy:    -175.9217826284 Ha after   11 iterations (in       0.06 seconds).
SCF Change: DM 7.50078e-11; eev 1.95086e-8 Ha; etot -4.26326e-13 Ha
Energy:    -175.9217826284 Ha after   12 iterations (in       0.05 seconds).
SCF Change: DM 3.30246e-12; eev 1.18170e-9 Ha; etot 5.40012e-13 Ha
Energy:    -175.9217826284 Ha after   13 iterations (in       0.05 seconds).
SCF is converged after   13 iterations.
==========================================
Now evaluate the    PT2 correlation energy
==========================================
----------------------------------------------------------------------
Methods         :       Total Corr,          OS Corr,          SS Corr
----------------------------------------------------------------------
PT2             :      -0.44109276,      -0.32477211,      -0.11632064
----------------------------------------------------------------------
Fifth-rung correlation energy :      -0.141730549367 Ha
E[XYGJOS]=:    -175.57657290 Ha, Ex[HF]:     -16.40897435 Ha, Ec[PT2  ]:      -0.44109276 Ha
Mulliken population analysis:
  0-Na :   0.563958
  1-Br :  -0.563958

====================================================
              REST: Mission accomplished
====================================================
The SCF energy        :    -175.9217826284 Ha
The (R)-xDH energy    :    -175.5765729042 Ha
Detailed time report:
SCF       |:    1.853 s for the scf procedure
PT2       |:    0.091 s for the PT2 evaluation
Overall   |:    2.430 s for the whole job
