Sender: LSF System <lsfadmin@xc03n06>
Subject: Job 206304: <o-all-10> in cluster <xdft1> Done

Job <o-all-10> was submitted from host <xc03n08> by user <symei> in cluster <xdft1> at Wed Oct 29 10:12:36 2025
Job was executed on host(s) <8*xc03n06>, in queue <small>, as user <symei> in cluster <xdft1> at Wed Oct 29 10:12:36 2025
</share/home/symei> was used as the home directory.
</share/home/symei/comp/pp-fit/optuna_rms/br-all-10/fmin_rms-o10> was used as the working directory.
Started at Wed Oct 29 10:12:36 2025
Terminated at Wed Oct 29 15:09:27 2025
Results reported at Wed Oct 29 15:09:27 2025

Your job looked like:

------------------------------------------------------------
# LSBATCH: User input
#! /usr/bin/env bash

#BSUB -q small      # 替换为实际队列名（如 normal、cpu、gpu等）
#BSUB -J o-all-10         # 作业名称
#BSUB -n 8              # 申请 8 个 CPU 核心
#BSUB -R "span[ptile=16]" # 限制在单节点运行
#BSUB -o %J.out         # 输出日志文件
#BSUB -e %J.err         # 错误日志文件

export ROOT_PATH=/share/home/symei/pseudo_fitting
export FITTING_PATH=${ROOT_PATH}/DFT_Fit
export IGOR_MODULES_PATH=${ROOT_PATH}/Modules

nohup python $FITTING_PATH/DFT_Fit.py br-fitting.ctl

------------------------------------------------------------

Successfully completed.

Resource usage summary:

    CPU time :                                   143363.27 sec.
    Max Memory :                                 6177 MB
    Average Memory :                             2051.43 MB
    Total Requested Memory :                     -
    Delta Memory :                               -
    Max Swap :                                   17592186044415 MB
    Max Processes :                              8
    Max Threads :                                62
    Run time :                                   17810 sec.
    Turnaround time :                            17811 sec.

The output (if any) follows:

Optimization terminated successfully.
         Current function value: 5.545507
         Iterations: 1
         Function evaluations: 42
Optimization terminated successfully.
         Current function value: 5.545441
         Iterations: 1
         Function evaluations: 34


PS:

Read file <206304.err> for stderr output of this job.

