=========================================================
Input parameters for the REST calculation
=========================================================
Calculation type: Single-point energy
The exchange-correlation method: xygjos
Print level:                1
The number of threads used for parallelism:      4
The spheric-GTO basis set is taken from /home/symei/def2-TZVPP
The pruning method is nwchem
The radial grid generation method is treutler
ERI Type: ri_v
Turn on the basis pair symmetry for RI 3D-tensors
The spheric-GTO auxiliary basis set is taken from /home/symei/def2-SV(P)-JKFIT
Spin polarization: On
Charge:   0; Spin:   2
min_num_angular_points: 110
max_num_angular_points: 590
hardness: 3
Grid generation level: 3
Even tempered basis generation: false
SCF convergency thresholds: 1e-8 for density matrix
                            1e-8 Ha. for sum of eigenvalues
                            1e-8 Ha. for total energy
Max. SCF cycle number:      250
The diis mixing with (param, max_vec_len) = (0.2, 8) is employed for the SCF procedure
Turn on the diis mixing after 1 step(s) of SCF iteractions with the linear mixing
The specified checkfile exists but is not loaded because the keyword 'external_init_guess' is specified
It will be updated after the SCF procedure 
(none)
Initial guess is prepared by (sad).
It is a finite cluster calculation
the scf functional for 'xygjos' contains
The density functional 'B3LYP' belongs to the 'Hybrid GGA' family and is defined in the reference(s):
(0): P. J. Stephens, F. J. Devlin, C. F. Chabalowski, and M. J. Frisch.,  J. Phys. Chem. 98, 11623 (1994)
the post-scf functional 'xygjos' is employed, which contains
The density functional 'Slater exchange' belongs to the 'LDA' family and is defined in the reference(s):
(0): P. A. M. Dirac.,  Math. Proc. Cambridge Philos. Soc. 26, 376 (1930)
(1): F. Bloch.,  Z. Phys. 57, 545 (1929)
The density functional 'Becke 88' belongs to the 'GGA' family and is defined in the reference(s):
(0): A. D. Becke.,  Phys. Rev. A 38, 3098 (1988)
The density functional 'Vosko, Wilk & Nusair (VWN5_RPA)' belongs to the 'LDA' family and is defined in the reference(s):
(0): S. H. Vosko, L. Wilk, and M. Nusair.,  Can. J. Phys. 58, 1200 (1980)
The density functional 'Lee, Yang & Parr' belongs to the 'GGA' family and is defined in the reference(s):
(0): C. Lee, W. Yang, and R. G. Parr.,  Phys. Rev. B 37, 785 (1988)
(1): B. Miehlich, A. Savin, H. Stoll, and H. Preuss.,  Chem. Phys. Lett. 157, 200 (1989)
For SCF calculation, no core orbital is frozen by effective core potential (ECP) approximation
Libxc version used in REST: 7.0.0
nbas: 16, natm: 1 for standard basis sets
First valence state for the frozen-core algorithm:     9
final nbas: 76,final natm: 2
numbasis: 48, num_auxbas: 266
Molecule_name: br
Unrestricted Hartree-Fock (or Kohn-Sham) algorithm is invoked.
Nuc_energy:       0.00000000 Hartree
No ghost effective potential
No ghost point charges
Overlap matrix is nonsigular:
  Lowest eigenvalue:       0.02573177 with the total number of basis functions:     48
Grid size: 20904
Generate SAD of Br
Initial guess HF energy:   -2574.0924733831197955
The total energy:     -2574.1372042558 Ha by the initial guess
Energy:   -2574.1407210463 Ha with <S^2> =  0.752 and <2S+1> =  2.002 after    1 iterations (in       0.03 seconds).
SCF Change: DM (1.56871e-4,1.45217e-4); eev 7.98002e-2 Ha; etot -1.81091e-4 Ha
Energy:   -2574.1409021376 Ha with <S^2> =  0.752 and <2S+1> =  2.002 after    2 iterations (in       0.03 seconds).
SCF Change: DM (5.52597e-5,6.22024e-5); eev 1.93251e-2 Ha; etot -7.72813e-5 Ha
Energy:   -2574.1409794189 Ha with <S^2> =  0.752 and <2S+1> =  2.002 after    3 iterations (in       0.03 seconds).
SCF Change: DM (2.20847e-5,1.91207e-5); eev 6.07431e-3 Ha; etot -2.08619e-6 Ha
Energy:   -2574.1409815051 Ha with <S^2> =  0.752 and <2S+1> =  2.002 after    4 iterations (in       0.03 seconds).
SCF Change: DM (1.79781e-6,1.85172e-6); eev 5.39062e-4 Ha; etot -4.23885e-7 Ha
Energy:   -2574.1409819290 Ha with <S^2> =  0.752 and <2S+1> =  2.002 after    5 iterations (in       0.04 seconds).
SCF Change: DM (4.34109e-8,5.20547e-8); eev 1.61750e-6 Ha; etot -3.71438e-9 Ha
Energy:   -2574.1409819327 Ha with <S^2> =  0.752 and <2S+1> =  2.002 after    6 iterations (in       0.05 seconds).
SCF Change: DM (6.32027e-9,2.78564e-8); eev 1.28488e-7 Ha; etot 1.81899e-12 Ha
Energy:   -2574.1409819327 Ha with <S^2> =  0.752 and <2S+1> =  2.002 after    7 iterations (in       0.04 seconds).
SCF Change: DM (3.19507e-9,2.39846e-8); eev 4.23705e-9 Ha; etot -3.63798e-12 Ha
Energy:   -2574.1409819327 Ha with <S^2> =  0.752 and <2S+1> =  2.002 after    8 iterations (in       0.04 seconds).
SCF Change: DM (2.30889e-9,1.73485e-8); eev 4.59269e-10 Ha; etot 2.72848e-12 Ha
Energy:   -2574.1409819327 Ha with <S^2> =  0.752 and <2S+1> =  2.002 after    9 iterations (in       0.03 seconds).
SCF Change: DM (1.98686e-7,1.49290e-6); eev 2.36276e-7 Ha; etot 4.54747e-13 Ha
Energy:   -2574.1409819327 Ha with <S^2> =  0.752 and <2S+1> =  2.002 after   10 iterations (in       0.03 seconds).
SCF Change: DM (1.34763e-6,1.01259e-5); eev 3.21833e-7 Ha; etot -1.77351e-11 Ha
Energy:   -2574.1409819327 Ha with <S^2> =  0.752 and <2S+1> =  2.002 after   11 iterations (in       0.04 seconds).
SCF Change: DM (8.75833e-7,6.58086e-6); eev 4.88746e-6 Ha; etot -1.07775e-10 Ha
Energy:   -2574.1409819328 Ha with <S^2> =  0.752 and <2S+1> =  2.002 after   12 iterations (in       0.04 seconds).
SCF Change: DM (2.21512e-5,1.66415e-4); eev 1.95179e-5 Ha; etot -7.27596e-11 Ha
Energy:   -2574.1409819329 Ha with <S^2> =  0.752 and <2S+1> =  2.002 after   13 iterations (in       0.03 seconds).
SCF Change: DM (4.55081e-5,3.41885e-4); eev 6.77389e-6 Ha; etot -1.66528e-9 Ha
Energy:   -2574.1409819345 Ha with <S^2> =  0.752 and <2S+1> =  2.002 after   14 iterations (in       0.03 seconds).
SCF Change: DM (8.23237e-5,6.18075e-4); eev 1.07168e-4 Ha; etot 3.59796e-9 Ha
Energy:   -2574.1409819309 Ha with <S^2> =  0.752 and <2S+1> =  2.002 after   15 iterations (in       0.03 seconds).
SCF Change: DM (5.15518e-5,3.85406e-4); eev 2.86068e-4 Ha; etot -2.95813e-9 Ha
Energy:   -2574.1409819339 Ha with <S^2> =  0.752 and <2S+1> =  2.002 after   16 iterations (in       0.03 seconds).
SCF Change: DM (2.03993e-5,1.52258e-4); eev 1.31971e-4 Ha; etot 3.15508e-8 Ha
Energy:   -2574.1409819023 Ha with <S^2> =  0.752 and <2S+1> =  2.002 after   17 iterations (in       0.03 seconds).
SCF Change: DM (5.29593e-6,3.95276e-5); eev 3.85394e-5 Ha; etot -1.94691e-8 Ha
Energy:   -2574.1409819218 Ha with <S^2> =  0.752 and <2S+1> =  2.002 after   18 iterations (in       0.03 seconds).
SCF Change: DM (2.75129e-6,2.05558e-5); eev 1.81377e-5 Ha; etot -4.19095e-9 Ha
Energy:   -2574.1409819260 Ha with <S^2> =  0.752 and <2S+1> =  2.002 after   19 iterations (in       0.03 seconds).
SCF Change: DM (9.14516e-7,4.64118e-6); eev 5.37676e-5 Ha; etot -1.72076e-9 Ha
Energy:   -2574.1409819277 Ha with <S^2> =  0.752 and <2S+1> =  2.002 after   20 iterations (in       0.03 seconds).
SCF Change: DM (9.28245e-5,6.94263e-4); eev 3.59575e-4 Ha; etot -4.57885e-9 Ha
Energy:   -2574.1409819323 Ha with <S^2> =  0.752 and <2S+1> =  2.002 after   21 iterations (in       0.03 seconds).
Energy increase is detected. Turn on the linear mixing algorithm with (H[DIIS, i-1] + H[DIIS, i+1]).
Prev_Energies: (  -2574.14098193,   -2574.14098188)
Energy increase is detected. Turn on the linear mixing algorithm with (H[DIIS, i-1] + H[DIIS, i+1]).
Prev_Energies: (  -2574.14098193,   -2574.14098188)
SCF Change: DM (7.35656e-5,5.49923e-4); eev 3.27809e-4 Ha; etot 5.38275e-8 Ha
Energy:   -2574.1409818785 Ha with <S^2> =  0.752 and <2S+1> =  2.002 after   22 iterations (in       0.03 seconds).
SCF Change: DM (3.61431e-5,2.71065e-4); eev 3.61747e-5 Ha; etot -5.20513e-8 Ha
Energy:   -2574.1409819305 Ha with <S^2> =  0.752 and <2S+1> =  2.002 after   23 iterations (in       0.03 seconds).
SCF Change: DM (3.18411e-6,2.38830e-5); eev 3.88846e-6 Ha; etot -3.74575e-9 Ha
Energy:   -2574.1409819343 Ha with <S^2> =  0.752 and <2S+1> =  2.002 after   24 iterations (in       0.03 seconds).
Energy increase is detected. Turn on the linear mixing algorithm with (H[DIIS, i-1] + H[DIIS, i+1]).
Prev_Energies: (  -2574.14098193,   -2574.14098193)
Energy increase is detected. Turn on the linear mixing algorithm with (H[DIIS, i-1] + H[DIIS, i+1]).
Prev_Energies: (  -2574.14098193,   -2574.14098193)
SCF Change: DM (4.98702e-6,3.73754e-5); eev 1.79339e-5 Ha; etot 2.47837e-10 Ha
Energy:   -2574.1409819340 Ha with <S^2> =  0.752 and <2S+1> =  2.002 after   25 iterations (in       0.03 seconds).
SCF Change: DM (6.70483e-6,5.01079e-5); eev 4.87782e-5 Ha; etot -1.18462e-9 Ha
Energy:   -2574.1409819352 Ha with <S^2> =  0.752 and <2S+1> =  2.002 after   26 iterations (in       0.03 seconds).
SCF Change: DM (7.98510e-6,5.98528e-5); eev 3.65049e-5 Ha; etot -2.73121e-9 Ha
Energy:   -2574.1409819379 Ha with <S^2> =  0.752 and <2S+1> =  2.002 after   27 iterations (in       0.03 seconds).
SCF Change: DM (3.04786e-6,2.28213e-5); eev 1.87409e-5 Ha; etot -1.33969e-9 Ha
Energy:   -2574.1409819393 Ha with <S^2> =  0.752 and <2S+1> =  2.002 after   28 iterations (in       0.03 seconds).
SCF Change: DM (2.36360e-6,1.72932e-5); eev 4.22261e-5 Ha; etot -4.38831e-10 Ha
Energy:   -2574.1409819397 Ha with <S^2> =  0.752 and <2S+1> =  2.002 after   29 iterations (in       0.03 seconds).
SCF Change: DM (2.88303e-6,2.16475e-5); eev 7.85257e-6 Ha; etot -3.70164e-10 Ha
Energy:   -2574.1409819401 Ha with <S^2> =  0.752 and <2S+1> =  2.002 after   30 iterations (in       0.03 seconds).
Energy increase is detected. Turn on the linear mixing algorithm with (H[DIIS, i-1] + H[DIIS, i+1]).
Prev_Energies: (  -2574.14098194,   -2574.14098194)
Energy increase is detected. Turn on the linear mixing algorithm with (H[DIIS, i-1] + H[DIIS, i+1]).
Prev_Energies: (  -2574.14098194,   -2574.14098194)
SCF Change: DM (2.34893e-6,1.76335e-5); eev 7.47044e-6 Ha; etot 1.95541e-11 Ha
Energy:   -2574.1409819401 Ha with <S^2> =  0.752 and <2S+1> =  2.002 after   31 iterations (in       0.03 seconds).
SCF Change: DM (2.89088e-6,2.17201e-5); eev 2.11478e-6 Ha; etot -2.77396e-11 Ha
Energy:   -2574.1409819401 Ha with <S^2> =  0.752 and <2S+1> =  2.002 after   32 iterations (in       0.03 seconds).
Energy increase is detected. Turn on the linear mixing algorithm with (H[DIIS, i-1] + H[DIIS, i+1]).
Prev_Energies: (  -2574.14098194,   -2574.14098194)
Energy increase is detected. Turn on the linear mixing algorithm with (H[DIIS, i-1] + H[DIIS, i+1]).
Prev_Energies: (  -2574.14098194,   -2574.14098194)
SCF Change: DM (2.52232e-6,1.89512e-5); eev 1.65675e-6 Ha; etot 2.36469e-11 Ha
Energy:   -2574.1409819401 Ha with <S^2> =  0.752 and <2S+1> =  2.002 after   33 iterations (in       0.04 seconds).
SCF Change: DM (1.46128e-6,1.09785e-5); eev 1.53015e-6 Ha; etot -1.59162e-11 Ha
Energy:   -2574.1409819401 Ha with <S^2> =  0.752 and <2S+1> =  2.002 after   34 iterations (in       0.05 seconds).
Energy increase is detected. Turn on the linear mixing algorithm with (H[DIIS, i-1] + H[DIIS, i+1]).
Prev_Energies: (  -2574.14098194,   -2574.14098194)
Energy increase is detected. Turn on the linear mixing algorithm with (H[DIIS, i-1] + H[DIIS, i+1]).
Prev_Energies: (  -2574.14098194,   -2574.14098194)
SCF Change: DM (1.13749e-6,8.54534e-6); eev 1.52948e-6 Ha; etot 6.36646e-12 Ha
Energy:   -2574.1409819401 Ha with <S^2> =  0.752 and <2S+1> =  2.002 after   35 iterations (in       0.05 seconds).
SCF Change: DM (1.47409e-6,1.10757e-5); eev 6.96355e-7 Ha; etot -6.36646e-12 Ha
Energy:   -2574.1409819401 Ha with <S^2> =  0.752 and <2S+1> =  2.002 after   36 iterations (in       0.04 seconds).
Energy increase is detected. Turn on the linear mixing algorithm with (H[DIIS, i-1] + H[DIIS, i+1]).
Prev_Energies: (  -2574.14098194,   -2574.14098194)
Energy increase is detected. Turn on the linear mixing algorithm with (H[DIIS, i-1] + H[DIIS, i+1]).
Prev_Energies: (  -2574.14098194,   -2574.14098194)
SCF Change: DM (1.19913e-6,9.00974e-6); eev 5.27661e-7 Ha; etot 9.09495e-12 Ha
Energy:   -2574.1409819401 Ha with <S^2> =  0.752 and <2S+1> =  2.002 after   37 iterations (in       0.04 seconds).
SCF Change: DM (1.60684e-6,1.20730e-5); eev 9.11683e-7 Ha; etot -4.09273e-12 Ha
Energy:   -2574.1409819401 Ha with <S^2> =  0.752 and <2S+1> =  2.002 after   38 iterations (in       0.03 seconds).
Energy increase is detected. Turn on the linear mixing algorithm with (H[DIIS, i-1] + H[DIIS, i+1]).
Prev_Energies: (  -2574.14098194,   -2574.14098194)
Energy increase is detected. Turn on the linear mixing algorithm with (H[DIIS, i-1] + H[DIIS, i+1]).
Prev_Energies: (  -2574.14098194,   -2574.14098194)
SCF Change: DM (1.35466e-6,1.01782e-5); eev 7.83580e-7 Ha; etot 2.27374e-12 Ha
Energy:   -2574.1409819401 Ha with <S^2> =  0.752 and <2S+1> =  2.002 after   39 iterations (in       0.03 seconds).
SCF Change: DM (1.29015e-6,9.69348e-6); eev 7.43000e-7 Ha; etot -4.09273e-12 Ha
Energy:   -2574.1409819401 Ha with <S^2> =  0.752 and <2S+1> =  2.002 after   40 iterations (in       0.03 seconds).
Energy increase is detected. Turn on the linear mixing algorithm with (H[DIIS, i-1] + H[DIIS, i+1]).
Prev_Energies: (  -2574.14098194,   -2574.14098194)
Energy increase is detected. Turn on the linear mixing algorithm with (H[DIIS, i-1] + H[DIIS, i+1]).
Prev_Energies: (  -2574.14098194,   -2574.14098194)
SCF Change: DM (1.58198e-6,1.18863e-5); eev 6.45910e-7 Ha; etot 5.45697e-12 Ha
Energy:   -2574.1409819401 Ha with <S^2> =  0.752 and <2S+1> =  2.002 after   41 iterations (in       0.03 seconds).
SCF Change: DM (1.08533e-6,8.15464e-6); eev 5.96796e-7 Ha; etot -1.13687e-11 Ha
Energy:   -2574.1409819401 Ha with <S^2> =  0.752 and <2S+1> =  2.002 after   42 iterations (in       0.03 seconds).
SCF Change: DM (4.40181e-7,3.30717e-6); eev 4.22971e-7 Ha; etot -3.18323e-12 Ha
Energy:   -2574.1409819401 Ha with <S^2> =  0.752 and <2S+1> =  2.002 after   43 iterations (in       0.03 seconds).
Energy increase is detected. Turn on the linear mixing algorithm with (H[DIIS, i-1] + H[DIIS, i+1]).
Prev_Energies: (  -2574.14098194,   -2574.14098194)
Energy increase is detected. Turn on the linear mixing algorithm with (H[DIIS, i-1] + H[DIIS, i+1]).
Prev_Energies: (  -2574.14098194,   -2574.14098194)
SCF Change: DM (6.16118e-7,4.62916e-6); eev 4.13909e-7 Ha; etot 8.64020e-12 Ha
Energy:   -2574.1409819401 Ha with <S^2> =  0.752 and <2S+1> =  2.002 after   44 iterations (in       0.03 seconds).
SCF Change: DM (1.34820e-6,1.01299e-5); eev 1.09025e-7 Ha; etot -8.64020e-12 Ha
Energy:   -2574.1409819401 Ha with <S^2> =  0.752 and <2S+1> =  2.002 after   45 iterations (in       0.03 seconds).
SCF Change: DM (1.60694e-6,1.20741e-5); eev 8.82088e-8 Ha; etot -5.91172e-12 Ha
Energy:   -2574.1409819401 Ha with <S^2> =  0.752 and <2S+1> =  2.002 after   46 iterations (in       0.03 seconds).
SCF Change: DM (6.77705e-7,5.09214e-6); eev 5.70894e-8 Ha; etot -5.45697e-12 Ha
Energy:   -2574.1409819401 Ha with <S^2> =  0.752 and <2S+1> =  2.002 after   47 iterations (in       0.03 seconds).
Energy increase is detected. Turn on the linear mixing algorithm with (H[DIIS, i-1] + H[DIIS, i+1]).
Prev_Energies: (  -2574.14098194,   -2574.14098194)
Energy increase is detected. Turn on the linear mixing algorithm with (H[DIIS, i-1] + H[DIIS, i+1]).
Prev_Energies: (  -2574.14098194,   -2574.14098194)
SCF Change: DM (5.86293e-7,4.40529e-6); eev 2.12697e-8 Ha; etot 3.18323e-12 Ha
Energy:   -2574.1409819401 Ha with <S^2> =  0.752 and <2S+1> =  2.002 after   48 iterations (in       0.03 seconds).
SCF Change: DM (5.41414e-7,4.06800e-6); eev 4.43420e-8 Ha; etot -5.45697e-12 Ha
Energy:   -2574.1409819401 Ha with <S^2> =  0.752 and <2S+1> =  2.002 after   49 iterations (in       0.03 seconds).
SCF Change: DM (4.82234e-7,3.62313e-6); eev 4.63039e-7 Ha; etot -9.09495e-13 Ha
Energy:   -2574.1409819401 Ha with <S^2> =  0.752 and <2S+1> =  2.002 after   50 iterations (in       0.03 seconds).
Energy increase is detected. Turn on the linear mixing algorithm with (H[DIIS, i-1] + H[DIIS, i+1]).
Prev_Energies: (  -2574.14098194,   -2574.14098194)
Energy increase is detected. Turn on the linear mixing algorithm with (H[DIIS, i-1] + H[DIIS, i+1]).
Prev_Energies: (  -2574.14098194,   -2574.14098194)
SCF Change: DM (4.35997e-7,3.27560e-6); eev 5.16694e-7 Ha; etot 1.81899e-12 Ha
Energy:   -2574.1409819401 Ha with <S^2> =  0.752 and <2S+1> =  2.002 after   51 iterations (in       0.03 seconds).
SCF Change: DM (9.82320e-7,7.38076e-6); eev 4.35633e-7 Ha; etot -4.54747e-13 Ha
Energy:   -2574.1409819401 Ha with <S^2> =  0.752 and <2S+1> =  2.002 after   52 iterations (in       0.03 seconds).
Energy increase is detected. Turn on the linear mixing algorithm with (H[DIIS, i-1] + H[DIIS, i+1]).
Prev_Energies: (  -2574.14098194,   -2574.14098194)
Energy increase is detected. Turn on the linear mixing algorithm with (H[DIIS, i-1] + H[DIIS, i+1]).
Prev_Energies: (  -2574.14098194,   -2574.14098194)
SCF Change: DM (8.00354e-7,6.01355e-6); eev 3.19806e-7 Ha; etot 8.18545e-12 Ha
Energy:   -2574.1409819401 Ha with <S^2> =  0.752 and <2S+1> =  2.002 after   53 iterations (in       0.03 seconds).
SCF Change: DM (6.32563e-7,4.75271e-6); eev 4.11114e-7 Ha; etot -7.73070e-12 Ha
Energy:   -2574.1409819401 Ha with <S^2> =  0.752 and <2S+1> =  2.002 after   54 iterations (in       0.03 seconds).
Energy increase is detected. Turn on the linear mixing algorithm with (H[DIIS, i-1] + H[DIIS, i+1]).
Prev_Energies: (  -2574.14098194,   -2574.14098194)
Energy increase is detected. Turn on the linear mixing algorithm with (H[DIIS, i-1] + H[DIIS, i+1]).
Prev_Energies: (  -2574.14098194,   -2574.14098194)
SCF Change: DM (6.57651e-7,4.94132e-6); eev 3.39626e-7 Ha; etot 4.54747e-12 Ha
Energy:   -2574.1409819401 Ha with <S^2> =  0.752 and <2S+1> =  2.002 after   55 iterations (in       0.03 seconds).
SCF Change: DM (1.32438e-6,9.95116e-6); eev 2.37847e-7 Ha; etot -2.72848e-12 Ha
Energy:   -2574.1409819401 Ha with <S^2> =  0.752 and <2S+1> =  2.002 after   56 iterations (in       0.03 seconds).
SCF Change: DM (2.25300e-7,1.69281e-6); eev 8.19707e-8 Ha; etot -1.50067e-11 Ha
Energy:   -2574.1409819401 Ha with <S^2> =  0.752 and <2S+1> =  2.002 after   57 iterations (in       0.03 seconds).
SCF Change: DM (4.47867e-5,3.36350e-4); eev 6.68511e-5 Ha; etot -3.63798e-12 Ha
Energy:   -2574.1409819401 Ha with <S^2> =  0.752 and <2S+1> =  2.002 after   58 iterations (in       0.03 seconds).
Energy increase is detected. Turn on the linear mixing algorithm with (H[DIIS, i-1] + H[DIIS, i+1]).
Prev_Energies: (  -2574.14098194,   -2574.14098194)
Energy increase is detected. Turn on the linear mixing algorithm with (H[DIIS, i-1] + H[DIIS, i+1]).
Prev_Energies: (  -2574.14098194,   -2574.14098194)
SCF Change: DM (4.70268e-5,3.53178e-4); eev 6.68887e-5 Ha; etot 8.32188e-10 Ha
Energy:   -2574.1409819393 Ha with <S^2> =  0.752 and <2S+1> =  2.002 after   59 iterations (in       0.03 seconds).
SCF Change: DM (1.36313e-5,1.02419e-4); eev 5.14201e-6 Ha; etot -8.06722e-10 Ha
Energy:   -2574.1409819401 Ha with <S^2> =  0.752 and <2S+1> =  2.002 after   60 iterations (in       0.03 seconds).
SCF Change: DM (1.87991e-6,1.41241e-5); eev 1.36760e-6 Ha; etot -9.82254e-11 Ha
Energy:   -2574.1409819402 Ha with <S^2> =  0.752 and <2S+1> =  2.002 after   61 iterations (in       0.03 seconds).
Energy increase is detected. Turn on the linear mixing algorithm with (H[DIIS, i-1] + H[DIIS, i+1]).
Prev_Energies: (  -2574.14098194,   -2574.14098194)
Energy increase is detected. Turn on the linear mixing algorithm with (H[DIIS, i-1] + H[DIIS, i+1]).
Prev_Energies: (  -2574.14098194,   -2574.14098194)
SCF Change: DM (3.74195e-6,2.81135e-5); eev 3.04027e-6 Ha; etot 1.36424e-11 Ha
Energy:   -2574.1409819402 Ha with <S^2> =  0.752 and <2S+1> =  2.002 after   62 iterations (in       0.03 seconds).
SCF Change: DM (7.16390e-6,5.38167e-5); eev 8.28264e-6 Ha; etot -1.72804e-11 Ha
Energy:   -2574.1409819402 Ha with <S^2> =  0.752 and <2S+1> =  2.002 after   63 iterations (in       0.03 seconds).
Energy increase is detected. Turn on the linear mixing algorithm with (H[DIIS, i-1] + H[DIIS, i+1]).
Prev_Energies: (  -2574.14098194,   -2574.14098194)
Energy increase is detected. Turn on the linear mixing algorithm with (H[DIIS, i-1] + H[DIIS, i+1]).
Prev_Energies: (  -2574.14098194,   -2574.14098194)
SCF Change: DM (5.29327e-6,3.97633e-5); eev 6.43556e-6 Ha; etot 4.54747e-12 Ha
Energy:   -2574.1409819402 Ha with <S^2> =  0.752 and <2S+1> =  2.002 after   64 iterations (in       0.03 seconds).
SCF Change: DM (1.57867e-5,1.18571e-4); eev 2.49158e-5 Ha; etot -7.73070e-12 Ha
Energy:   -2574.1409819402 Ha with <S^2> =  0.752 and <2S+1> =  2.002 after   65 iterations (in       0.03 seconds).
Energy increase is detected. Turn on the linear mixing algorithm with (H[DIIS, i-1] + H[DIIS, i+1]).
Prev_Energies: (  -2574.14098194,   -2574.14098194)
Energy increase is detected. Turn on the linear mixing algorithm with (H[DIIS, i-1] + H[DIIS, i+1]).
Prev_Energies: (  -2574.14098194,   -2574.14098194)
SCF Change: DM (1.55613e-5,1.16878e-4); eev 2.46429e-5 Ha; etot 1.68711e-10 Ha
Energy:   -2574.1409819400 Ha with <S^2> =  0.752 and <2S+1> =  2.002 after   66 iterations (in       0.03 seconds).
SCF Change: DM (6.09228e-6,4.57712e-5); eev 4.73227e-6 Ha; etot -1.67802e-10 Ha
Energy:   -2574.1409819402 Ha with <S^2> =  0.752 and <2S+1> =  2.002 after   67 iterations (in       0.03 seconds).
Energy increase is detected. Turn on the linear mixing algorithm with (H[DIIS, i-1] + H[DIIS, i+1]).
Prev_Energies: (  -2574.14098194,   -2574.14098194)
Energy increase is detected. Turn on the linear mixing algorithm with (H[DIIS, i-1] + H[DIIS, i+1]).
Prev_Energies: (  -2574.14098194,   -2574.14098194)
SCF Change: DM (3.77887e-6,2.83913e-5); eev 2.41730e-6 Ha; etot 1.63709e-11 Ha
Energy:   -2574.1409819402 Ha with <S^2> =  0.752 and <2S+1> =  2.002 after   68 iterations (in       0.03 seconds).
SCF Change: DM (8.79338e-6,6.60676e-5); eev 5.55559e-6 Ha; etot -1.13687e-11 Ha
Energy:   -2574.1409819402 Ha with <S^2> =  0.752 and <2S+1> =  2.002 after   69 iterations (in       0.03 seconds).
Energy increase is detected. Turn on the linear mixing algorithm with (H[DIIS, i-1] + H[DIIS, i+1]).
Prev_Energies: (  -2574.14098194,   -2574.14098194)
Energy increase is detected. Turn on the linear mixing algorithm with (H[DIIS, i-1] + H[DIIS, i+1]).
Prev_Energies: (  -2574.14098194,   -2574.14098194)
SCF Change: DM (7.85029e-6,5.89822e-5); eev 4.71946e-6 Ha; etot 5.04770e-11 Ha
Energy:   -2574.1409819401 Ha with <S^2> =  0.752 and <2S+1> =  2.002 after   70 iterations (in       0.03 seconds).
SCF Change: DM (4.03526e-6,3.03179e-5); eev 2.57992e-6 Ha; etot -4.91127e-11 Ha
Energy:   -2574.1409819402 Ha with <S^2> =  0.752 and <2S+1> =  2.002 after   71 iterations (in       0.03 seconds).
Energy increase is detected. Turn on the linear mixing algorithm with (H[DIIS, i-1] + H[DIIS, i+1]).
Prev_Energies: (  -2574.14098194,   -2574.14098194)
Energy increase is detected. Turn on the linear mixing algorithm with (H[DIIS, i-1] + H[DIIS, i+1]).
Prev_Energies: (  -2574.14098194,   -2574.14098194)
SCF Change: DM (3.79429e-6,2.85075e-5); eev 2.42295e-6 Ha; etot 1.72804e-11 Ha
Energy:   -2574.1409819402 Ha with <S^2> =  0.752 and <2S+1> =  2.002 after   72 iterations (in       0.03 seconds).
SCF Change: DM (7.04590e-6,5.29384e-5); eev 4.21135e-6 Ha; etot -2.36469e-11 Ha
Energy:   -2574.1409819402 Ha with <S^2> =  0.752 and <2S+1> =  2.002 after   73 iterations (in       0.03 seconds).
Energy increase is detected. Turn on the linear mixing algorithm with (H[DIIS, i-1] + H[DIIS, i+1]).
Prev_Energies: (  -2574.14098194,   -2574.14098194)
Energy increase is detected. Turn on the linear mixing algorithm with (H[DIIS, i-1] + H[DIIS, i+1]).
Prev_Energies: (  -2574.14098194,   -2574.14098194)
SCF Change: DM (4.48182e-6,3.36741e-5); eev 2.25059e-6 Ha; etot 4.36557e-11 Ha
Energy:   -2574.1409819402 Ha with <S^2> =  0.752 and <2S+1> =  2.002 after   74 iterations (in       0.03 seconds).
SCF Change: DM (1.07597e-5,8.08445e-5); eev 3.60562e-6 Ha; etot -2.63753e-11 Ha
Energy:   -2574.1409819402 Ha with <S^2> =  0.752 and <2S+1> =  2.002 after   75 iterations (in       0.03 seconds).
Energy increase is detected. Turn on the linear mixing algorithm with (H[DIIS, i-1] + H[DIIS, i+1]).
Prev_Energies: (  -2574.14098194,   -2574.14098194)
Energy increase is detected. Turn on the linear mixing algorithm with (H[DIIS, i-1] + H[DIIS, i+1]).
Prev_Energies: (  -2574.14098194,   -2574.14098194)
SCF Change: DM (9.56923e-6,7.19001e-5); eev 2.86775e-6 Ha; etot 8.13998e-11 Ha
Energy:   -2574.1409819401 Ha with <S^2> =  0.752 and <2S+1> =  2.002 after   76 iterations (in       0.03 seconds).
SCF Change: DM (1.75737e-6,1.32041e-5); eev 9.81253e-7 Ha; etot -7.45786e-11 Ha
Energy:   -2574.1409819402 Ha with <S^2> =  0.752 and <2S+1> =  2.002 after   77 iterations (in       0.03 seconds).
Energy increase is detected. Turn on the linear mixing algorithm with (H[DIIS, i-1] + H[DIIS, i+1]).
Prev_Energies: (  -2574.14098194,   -2574.14098194)
Energy increase is detected. Turn on the linear mixing algorithm with (H[DIIS, i-1] + H[DIIS, i+1]).
Prev_Energies: (  -2574.14098194,   -2574.14098194)
SCF Change: DM (5.08058e-7,3.81743e-6); eev 1.59354e-7 Ha; etot 1.22782e-11 Ha
Energy:   -2574.1409819402 Ha with <S^2> =  0.752 and <2S+1> =  2.002 after   78 iterations (in       0.03 seconds).
SCF Change: DM (3.81803e-6,2.86869e-5); eev 2.09992e-6 Ha; etot -3.18323e-12 Ha
Energy:   -2574.1409819402 Ha with <S^2> =  0.752 and <2S+1> =  2.002 after   79 iterations (in       0.03 seconds).
Energy increase is detected. Turn on the linear mixing algorithm with (H[DIIS, i-1] + H[DIIS, i+1]).
Prev_Energies: (  -2574.14098194,   -2574.14098194)
Energy increase is detected. Turn on the linear mixing algorithm with (H[DIIS, i-1] + H[DIIS, i+1]).
Prev_Energies: (  -2574.14098194,   -2574.14098194)
SCF Change: DM (1.16186e-6,8.72923e-6); eev 8.58118e-7 Ha; etot 2.72848e-11 Ha
Energy:   -2574.1409819401 Ha with <S^2> =  0.752 and <2S+1> =  2.002 after   80 iterations (in       0.03 seconds).
SCF Change: DM (5.07142e-6,3.81056e-5); eev 1.21312e-6 Ha; etot -2.72848e-12 Ha
Energy:   -2574.1409819401 Ha with <S^2> =  0.752 and <2S+1> =  2.002 after   81 iterations (in       0.03 seconds).
Energy increase is detected. Turn on the linear mixing algorithm with (H[DIIS, i-1] + H[DIIS, i+1]).
Prev_Energies: (  -2574.14098194,   -2574.14098194)
Energy increase is detected. Turn on the linear mixing algorithm with (H[DIIS, i-1] + H[DIIS, i+1]).
Prev_Energies: (  -2574.14098194,   -2574.14098194)
SCF Change: DM (3.92090e-6,2.94610e-5); eev 7.25121e-7 Ha; etot 4.09273e-11 Ha
Energy:   -2574.1409819401 Ha with <S^2> =  0.752 and <2S+1> =  2.002 after   82 iterations (in       0.03 seconds).
SCF Change: DM (4.08825e-6,3.07180e-5); eev 1.09730e-6 Ha; etot -3.45608e-11 Ha
Energy:   -2574.1409819401 Ha with <S^2> =  0.752 and <2S+1> =  2.002 after   83 iterations (in       0.03 seconds).
SCF Change: DM (5.42477e-6,4.07613e-5); eev 8.01132e-7 Ha; etot -2.13731e-11 Ha
Energy:   -2574.1409819402 Ha with <S^2> =  0.752 and <2S+1> =  2.002 after   84 iterations (in       0.03 seconds).
Energy increase is detected. Turn on the linear mixing algorithm with (H[DIIS, i-1] + H[DIIS, i+1]).
Prev_Energies: (  -2574.14098194,   -2574.14098194)
Energy increase is detected. Turn on the linear mixing algorithm with (H[DIIS, i-1] + H[DIIS, i+1]).
Prev_Energies: (  -2574.14098194,   -2574.14098194)
SCF Change: DM (5.21806e-6,3.92081e-5); eev 7.14340e-7 Ha; etot 3.77440e-11 Ha
Energy:   -2574.1409819401 Ha with <S^2> =  0.752 and <2S+1> =  2.002 after   85 iterations (in       0.03 seconds).
SCF Change: DM (6.11018e-6,4.59079e-5); eev 4.59106e-6 Ha; etot -3.50155e-11 Ha
Energy:   -2574.1409819402 Ha with <S^2> =  0.752 and <2S+1> =  2.002 after   86 iterations (in       0.03 seconds).
SCF Change: DM (7.52280e-7,5.65168e-6); eev 8.70775e-7 Ha; etot -3.86535e-11 Ha
Energy:   -2574.1409819402 Ha with <S^2> =  0.752 and <2S+1> =  2.002 after   87 iterations (in       0.03 seconds).
SCF Change: DM (3.44975e-6,2.59186e-5); eev 2.78731e-6 Ha; etot -5.00222e-12 Ha
Energy:   -2574.1409819402 Ha with <S^2> =  0.752 and <2S+1> =  2.002 after   88 iterations (in       0.05 seconds).
Energy increase is detected. Turn on the linear mixing algorithm with (H[DIIS, i-1] + H[DIIS, i+1]).
Prev_Energies: (  -2574.14098194,   -2574.14098194)
Energy increase is detected. Turn on the linear mixing algorithm with (H[DIIS, i-1] + H[DIIS, i+1]).
Prev_Energies: (  -2574.14098194,   -2574.14098194)
SCF Change: DM (1.58431e-6,1.19033e-5); eev 1.29469e-6 Ha; etot 1.86446e-11 Ha
Energy:   -2574.1409819402 Ha with <S^2> =  0.752 and <2S+1> =  2.002 after   89 iterations (in       0.04 seconds).
SCF Change: DM (6.85423e-6,5.14996e-5); eev 3.44689e-6 Ha; etot -8.18545e-12 Ha
Energy:   -2574.1409819402 Ha with <S^2> =  0.752 and <2S+1> =  2.002 after   90 iterations (in       0.03 seconds).
Energy increase is detected. Turn on the linear mixing algorithm with (H[DIIS, i-1] + H[DIIS, i+1]).
Prev_Energies: (  -2574.14098194,   -2574.14098194)
Energy increase is detected. Turn on the linear mixing algorithm with (H[DIIS, i-1] + H[DIIS, i+1]).
Prev_Energies: (  -2574.14098194,   -2574.14098194)
SCF Change: DM (5.11650e-6,3.84434e-5); eev 2.32528e-6 Ha; etot 4.45652e-11 Ha
Energy:   -2574.1409819401 Ha with <S^2> =  0.752 and <2S+1> =  2.002 after   91 iterations (in       0.03 seconds).
SCF Change: DM (7.33994e-6,5.51499e-5); eev 2.21682e-6 Ha; etot -3.54703e-11 Ha
Energy:   -2574.1409819402 Ha with <S^2> =  0.752 and <2S+1> =  2.002 after   92 iterations (in       0.03 seconds).
Energy increase is detected. Turn on the linear mixing algorithm with (H[DIIS, i-1] + H[DIIS, i+1]).
Prev_Energies: (  -2574.14098194,   -2574.14098194)
Energy increase is detected. Turn on the linear mixing algorithm with (H[DIIS, i-1] + H[DIIS, i+1]).
Prev_Energies: (  -2574.14098194,   -2574.14098194)
SCF Change: DM (6.36135e-6,4.77974e-5); eev 1.65115e-6 Ha; etot 5.27507e-11 Ha
Energy:   -2574.1409819401 Ha with <S^2> =  0.752 and <2S+1> =  2.002 after   93 iterations (in       0.03 seconds).
SCF Change: DM (1.04986e-5,7.88837e-5); eev 9.64343e-7 Ha; etot -5.00222e-11 Ha
Energy:   -2574.1409819402 Ha with <S^2> =  0.752 and <2S+1> =  2.002 after   94 iterations (in       0.03 seconds).
Energy increase is detected. Turn on the linear mixing algorithm with (H[DIIS, i-1] + H[DIIS, i+1]).
Prev_Energies: (  -2574.14098194,   -2574.14098194)
Energy increase is detected. Turn on the linear mixing algorithm with (H[DIIS, i-1] + H[DIIS, i+1]).
Prev_Energies: (  -2574.14098194,   -2574.14098194)
SCF Change: DM (7.99497e-6,6.00724e-5); eev 1.86518e-7 Ha; etot 8.27640e-11 Ha
Energy:   -2574.1409819401 Ha with <S^2> =  0.752 and <2S+1> =  2.002 after   95 iterations (in       0.03 seconds).
SCF Change: DM (4.34188e-6,3.26223e-5); eev 2.94438e-6 Ha; etot -6.63931e-11 Ha
Energy:   -2574.1409819402 Ha with <S^2> =  0.752 and <2S+1> =  2.002 after   96 iterations (in       0.03 seconds).
SCF Change: DM (2.80455e-6,2.10719e-5); eev 6.05421e-7 Ha; etot -2.45564e-11 Ha
Energy:   -2574.1409819402 Ha with <S^2> =  0.752 and <2S+1> =  2.002 after   97 iterations (in       0.03 seconds).
SCF Change: DM (2.26817e-6,1.70420e-5); eev 1.66887e-7 Ha; etot -2.00089e-11 Ha
Energy:   -2574.1409819402 Ha with <S^2> =  0.752 and <2S+1> =  2.002 after   98 iterations (in       0.03 seconds).
SCF Change: DM (7.17879e-6,5.39312e-5); eev 7.56162e-6 Ha; etot -1.09139e-11 Ha
Energy:   -2574.1409819402 Ha with <S^2> =  0.752 and <2S+1> =  2.002 after   99 iterations (in       0.06 seconds).
SCF Change: DM (2.52555e-6,1.89725e-5); eev 2.93079e-6 Ha; etot -8.18545e-12 Ha
Energy:   -2574.1409819402 Ha with <S^2> =  0.752 and <2S+1> =  2.002 after  100 iterations (in       0.04 seconds).
SCF Change: DM (5.13991e-6,3.86123e-5); eev 5.60032e-6 Ha; etot -6.36646e-12 Ha
Energy:   -2574.1409819402 Ha with <S^2> =  0.752 and <2S+1> =  2.002 after  101 iterations (in       0.04 seconds).
Energy increase is detected. Turn on the linear mixing algorithm with (H[DIIS, i-1] + H[DIIS, i+1]).
Prev_Energies: (  -2574.14098194,   -2574.14098194)
Energy increase is detected. Turn on the linear mixing algorithm with (H[DIIS, i-1] + H[DIIS, i+1]).
Prev_Energies: (  -2574.14098194,   -2574.14098194)
SCF Change: DM (5.89336e-6,4.42727e-5); eev 6.37712e-6 Ha; etot 7.27596e-12 Ha
Energy:   -2574.1409819402 Ha with <S^2> =  0.752 and <2S+1> =  2.002 after  102 iterations (in       0.04 seconds).
SCF Change: DM (1.98312e-5,1.49000e-4); eev 6.55568e-6 Ha; etot -3.18323e-12 Ha
Energy:   -2574.1409819402 Ha with <S^2> =  0.752 and <2S+1> =  2.002 after  103 iterations (in       0.04 seconds).
Energy increase is detected. Turn on the linear mixing algorithm with (H[DIIS, i-1] + H[DIIS, i+1]).
Prev_Energies: (  -2574.14098194,   -2574.14098194)
Energy increase is detected. Turn on the linear mixing algorithm with (H[DIIS, i-1] + H[DIIS, i+1]).
Prev_Energies: (  -2574.14098194,   -2574.14098194)
SCF Change: DM (1.67132e-5,1.25576e-4); eev 3.19526e-6 Ha; etot 1.18689e-10 Ha
Energy:   -2574.1409819401 Ha with <S^2> =  0.752 and <2S+1> =  2.002 after  104 iterations (in       0.03 seconds).
SCF Change: DM (1.80859e-5,1.35891e-4); eev 4.47254e-6 Ha; etot -1.14142e-10 Ha
Energy:   -2574.1409819402 Ha with <S^2> =  0.752 and <2S+1> =  2.002 after  105 iterations (in       0.03 seconds).
Energy increase is detected. Turn on the linear mixing algorithm with (H[DIIS, i-1] + H[DIIS, i+1]).
Prev_Energies: (  -2574.14098194,   -2574.14098194)
Energy increase is detected. Turn on the linear mixing algorithm with (H[DIIS, i-1] + H[DIIS, i+1]).
Prev_Energies: (  -2574.14098194,   -2574.14098194)
SCF Change: DM (1.51574e-5,1.13889e-4); eev 2.21851e-6 Ha; etot 1.22327e-10 Ha
Energy:   -2574.1409819401 Ha with <S^2> =  0.752 and <2S+1> =  2.002 after  106 iterations (in       0.03 seconds).
SCF Change: DM (9.60905e-6,7.21822e-5); eev 1.39531e-5 Ha; etot -1.09139e-10 Ha
Energy:   -2574.1409819402 Ha with <S^2> =  0.752 and <2S+1> =  2.002 after  107 iterations (in       0.03 seconds).
Energy increase is detected. Turn on the linear mixing algorithm with (H[DIIS, i-1] + H[DIIS, i+1]).
Prev_Energies: (  -2574.14098194,   -2574.14098194)
Energy increase is detected. Turn on the linear mixing algorithm with (H[DIIS, i-1] + H[DIIS, i+1]).
Prev_Energies: (  -2574.14098194,   -2574.14098194)
SCF Change: DM (8.87433e-6,6.66641e-5); eev 1.18918e-5 Ha; etot 6.36646e-12 Ha
Energy:   -2574.1409819402 Ha with <S^2> =  0.752 and <2S+1> =  2.002 after  108 iterations (in       0.03 seconds).
SCF Change: DM (7.73732e-6,5.81345e-5); eev 7.37675e-7 Ha; etot -6.82121e-12 Ha
Energy:   -2574.1409819402 Ha with <S^2> =  0.752 and <2S+1> =  2.002 after  109 iterations (in       0.03 seconds).
Energy increase is detected. Turn on the linear mixing algorithm with (H[DIIS, i-1] + H[DIIS, i+1]).
Prev_Energies: (  -2574.14098194,   -2574.14098194)
Energy increase is detected. Turn on the linear mixing algorithm with (H[DIIS, i-1] + H[DIIS, i+1]).
Prev_Energies: (  -2574.14098194,   -2574.14098194)
SCF Change: DM (6.05530e-6,4.54967e-5); eev 4.05437e-7 Ha; etot 5.18412e-11 Ha
Energy:   -2574.1409819402 Ha with <S^2> =  0.752 and <2S+1> =  2.002 after  110 iterations (in       0.03 seconds).
SCF Change: DM (1.28987e-5,9.69162e-5); eev 3.99385e-6 Ha; etot -4.41105e-11 Ha
Energy:   -2574.1409819402 Ha with <S^2> =  0.752 and <2S+1> =  2.002 after  111 iterations (in       0.03 seconds).
Energy increase is detected. Turn on the linear mixing algorithm with (H[DIIS, i-1] + H[DIIS, i+1]).
Prev_Energies: (  -2574.14098194,   -2574.14098194)
Energy increase is detected. Turn on the linear mixing algorithm with (H[DIIS, i-1] + H[DIIS, i+1]).
Prev_Energies: (  -2574.14098194,   -2574.14098194)
SCF Change: DM (9.27590e-6,6.96969e-5); eev 1.57715e-6 Ha; etot 9.27685e-11 Ha
Energy:   -2574.1409819401 Ha with <S^2> =  0.752 and <2S+1> =  2.002 after  112 iterations (in       0.03 seconds).
SCF Change: DM (1.44008e-5,1.08204e-4); eev 1.72052e-6 Ha; etot -7.09406e-11 Ha
Energy:   -2574.1409819402 Ha with <S^2> =  0.752 and <2S+1> =  2.002 after  113 iterations (in       0.03 seconds).
Energy increase is detected. Turn on the linear mixing algorithm with (H[DIIS, i-1] + H[DIIS, i+1]).
Prev_Energies: (  -2574.14098194,   -2574.14098194)
Energy increase is detected. Turn on the linear mixing algorithm with (H[DIIS, i-1] + H[DIIS, i+1]).
Prev_Energies: (  -2574.14098194,   -2574.14098194)
SCF Change: DM (1.18690e-5,8.91818e-5); eev 5.92858e-7 Ha; etot 1.14596e-10 Ha
Energy:   -2574.1409819401 Ha with <S^2> =  0.752 and <2S+1> =  2.002 after  114 iterations (in       0.03 seconds).
SCF Change: DM (9.52274e-6,7.15524e-5); eev 9.44607e-7 Ha; etot -9.91349e-11 Ha
Energy:   -2574.1409819402 Ha with <S^2> =  0.752 and <2S+1> =  2.002 after  115 iterations (in       0.03 seconds).
Energy increase is detected. Turn on the linear mixing algorithm with (H[DIIS, i-1] + H[DIIS, i+1]).
Prev_Energies: (  -2574.14098194,   -2574.14098194)
Energy increase is detected. Turn on the linear mixing algorithm with (H[DIIS, i-1] + H[DIIS, i+1]).
Prev_Energies: (  -2574.14098194,   -2574.14098194)
SCF Change: DM (7.54412e-6,5.66856e-5); eev 3.59144e-7 Ha; etot 7.82165e-11 Ha
Energy:   -2574.1409819401 Ha with <S^2> =  0.752 and <2S+1> =  2.002 after  116 iterations (in       0.03 seconds).
SCF Change: DM (7.98760e-6,6.00179e-5); eev 5.70122e-7 Ha; etot -5.91172e-11 Ha
Energy:   -2574.1409819401 Ha with <S^2> =  0.752 and <2S+1> =  2.002 after  117 iterations (in       0.03 seconds).
Energy increase is detected. Turn on the linear mixing algorithm with (H[DIIS, i-1] + H[DIIS, i+1]).
Prev_Energies: (  -2574.14098194,   -2574.14098194)
Energy increase is detected. Turn on the linear mixing algorithm with (H[DIIS, i-1] + H[DIIS, i+1]).
Prev_Energies: (  -2574.14098194,   -2574.14098194)
SCF Change: DM (6.50766e-6,4.88980e-5); eev 2.21368e-7 Ha; etot 6.41194e-11 Ha
Energy:   -2574.1409819401 Ha with <S^2> =  0.752 and <2S+1> =  2.002 after  118 iterations (in       0.03 seconds).
SCF Change: DM (4.81713e-6,3.61954e-5); eev 1.45584e-6 Ha; etot -5.59339e-11 Ha
Energy:   -2574.1409819401 Ha with <S^2> =  0.752 and <2S+1> =  2.002 after  119 iterations (in       0.03 seconds).
Energy increase is detected. Turn on the linear mixing algorithm with (H[DIIS, i-1] + H[DIIS, i+1]).
Prev_Energies: (  -2574.14098194,   -2574.14098194)
Energy increase is detected. Turn on the linear mixing algorithm with (H[DIIS, i-1] + H[DIIS, i+1]).
Prev_Energies: (  -2574.14098194,   -2574.14098194)
SCF Change: DM (3.83362e-6,2.88056e-5); eev 1.05703e-6 Ha; etot 4.36557e-11 Ha
Energy:   -2574.1409819401 Ha with <S^2> =  0.752 and <2S+1> =  2.002 after  120 iterations (in       0.03 seconds).
SCF Change: DM (4.00520e-6,3.00947e-5); eev 1.11968e-6 Ha; etot -3.13776e-11 Ha
Energy:   -2574.1409819401 Ha with <S^2> =  0.752 and <2S+1> =  2.002 after  121 iterations (in       0.03 seconds).
Energy increase is detected. Turn on the linear mixing algorithm with (H[DIIS, i-1] + H[DIIS, i+1]).
Prev_Energies: (  -2574.14098194,   -2574.14098194)
Energy increase is detected. Turn on the linear mixing algorithm with (H[DIIS, i-1] + H[DIIS, i+1]).
Prev_Energies: (  -2574.14098194,   -2574.14098194)
SCF Change: DM (3.23976e-6,2.43434e-5); eev 7.26469e-7 Ha; etot 2.68301e-11 Ha
Energy:   -2574.1409819401 Ha with <S^2> =  0.752 and <2S+1> =  2.002 after  122 iterations (in       0.03 seconds).
SCF Change: DM (3.11249e-6,2.33867e-5); eev 1.62789e-6 Ha; etot -2.00089e-11 Ha
Energy:   -2574.1409819401 Ha with <S^2> =  0.752 and <2S+1> =  2.002 after  123 iterations (in       0.03 seconds).
Energy increase is detected. Turn on the linear mixing algorithm with (H[DIIS, i-1] + H[DIIS, i+1]).
Prev_Energies: (  -2574.14098194,   -2574.14098194)
Energy increase is detected. Turn on the linear mixing algorithm with (H[DIIS, i-1] + H[DIIS, i+1]).
Prev_Energies: (  -2574.14098194,   -2574.14098194)
SCF Change: DM (2.44968e-6,1.84065e-5); eev 1.25873e-6 Ha; etot 2.22826e-11 Ha
Energy:   -2574.1409819401 Ha with <S^2> =  0.752 and <2S+1> =  2.002 after  124 iterations (in       0.03 seconds).
SCF Change: DM (2.23861e-6,1.68206e-5); eev 4.90259e-7 Ha; etot -1.95541e-11 Ha
Energy:   -2574.1409819401 Ha with <S^2> =  0.752 and <2S+1> =  2.002 after  125 iterations (in       0.03 seconds).
SCF Change: DM (3.01846e-6,2.26808e-5); eev 3.58150e-7 Ha; etot -1.63709e-11 Ha
Energy:   -2574.1409819401 Ha with <S^2> =  0.752 and <2S+1> =  2.002 after  126 iterations (in       0.03 seconds).
Energy increase is detected. Turn on the linear mixing algorithm with (H[DIIS, i-1] + H[DIIS, i+1]).
Prev_Energies: (  -2574.14098194,   -2574.14098194)
Energy increase is detected. Turn on the linear mixing algorithm with (H[DIIS, i-1] + H[DIIS, i+1]).
Prev_Energies: (  -2574.14098194,   -2574.14098194)
SCF Change: DM (1.91413e-6,1.43828e-5); eev 3.60309e-7 Ha; etot 2.81943e-11 Ha
Energy:   -2574.1409819401 Ha with <S^2> =  0.752 and <2S+1> =  2.002 after  127 iterations (in       0.03 seconds).
SCF Change: DM (3.55142e-6,2.66848e-5); eev 1.26456e-6 Ha; etot -1.68257e-11 Ha
Energy:   -2574.1409819401 Ha with <S^2> =  0.752 and <2S+1> =  2.002 after  128 iterations (in       0.03 seconds).
Energy increase is detected. Turn on the linear mixing algorithm with (H[DIIS, i-1] + H[DIIS, i+1]).
Prev_Energies: (  -2574.14098194,   -2574.14098194)
Energy increase is detected. Turn on the linear mixing algorithm with (H[DIIS, i-1] + H[DIIS, i+1]).
Prev_Energies: (  -2574.14098194,   -2574.14098194)
SCF Change: DM (2.89984e-6,2.17889e-5); eev 1.00266e-6 Ha; etot 2.13731e-11 Ha
Energy:   -2574.1409819401 Ha with <S^2> =  0.752 and <2S+1> =  2.002 after  129 iterations (in       0.03 seconds).
SCF Change: DM (5.19175e-6,3.90093e-5); eev 2.67449e-6 Ha; etot -1.68257e-11 Ha
Energy:   -2574.1409819401 Ha with <S^2> =  0.752 and <2S+1> =  2.002 after  130 iterations (in       0.03 seconds).
SCF Change: DM (5.28849e-6,3.97351e-5); eev 2.72800e-6 Ha; etot -3.86535e-11 Ha
Energy:   -2574.1409819402 Ha with <S^2> =  0.752 and <2S+1> =  2.002 after  131 iterations (in       0.03 seconds).
SCF Change: DM (8.34968e-6,6.27363e-5); eev 3.32324e-6 Ha; etot -2.31921e-11 Ha
Energy:   -2574.1409819402 Ha with <S^2> =  0.752 and <2S+1> =  2.002 after  132 iterations (in       0.03 seconds).
Energy increase is detected. Turn on the linear mixing algorithm with (H[DIIS, i-1] + H[DIIS, i+1]).
Prev_Energies: (  -2574.14098194,   -2574.14098194)
Energy increase is detected. Turn on the linear mixing algorithm with (H[DIIS, i-1] + H[DIIS, i+1]).
Prev_Energies: (  -2574.14098194,   -2574.14098194)
SCF Change: DM (1.18214e-5,8.88191e-5); eev 6.31337e-6 Ha; etot 4.68390e-11 Ha
Energy:   -2574.1409819401 Ha with <S^2> =  0.752 and <2S+1> =  2.002 after  133 iterations (in       0.03 seconds).
SCF Change: DM (1.29695e-5,9.74248e-5); eev 1.64010e-5 Ha; etot -6.95763e-11 Ha
Energy:   -2574.1409819402 Ha with <S^2> =  0.752 and <2S+1> =  2.002 after  134 iterations (in       0.03 seconds).
Energy increase is detected. Turn on the linear mixing algorithm with (H[DIIS, i-1] + H[DIIS, i+1]).
Prev_Energies: (  -2574.14098194,   -2574.14098194)
Energy increase is detected. Turn on the linear mixing algorithm with (H[DIIS, i-1] + H[DIIS, i+1]).
Prev_Energies: (  -2574.14098194,   -2574.14098194)
SCF Change: DM (1.23404e-5,9.26974e-5); eev 1.62349e-5 Ha; etot 4.36557e-11 Ha
Energy:   -2574.1409819402 Ha with <S^2> =  0.752 and <2S+1> =  2.002 after  135 iterations (in       0.03 seconds).
SCF Change: DM (8.45348e-6,6.35129e-5); eev 6.04758e-6 Ha; etot -4.95675e-11 Ha
Energy:   -2574.1409819402 Ha with <S^2> =  0.752 and <2S+1> =  2.002 after  136 iterations (in       0.03 seconds).
Energy increase is detected. Turn on the linear mixing algorithm with (H[DIIS, i-1] + H[DIIS, i+1]).
Prev_Energies: (  -2574.14098194,   -2574.14098194)
Energy increase is detected. Turn on the linear mixing algorithm with (H[DIIS, i-1] + H[DIIS, i+1]).
Prev_Energies: (  -2574.14098194,   -2574.14098194)
SCF Change: DM (6.57603e-6,4.94081e-5); eev 3.90646e-6 Ha; etot 3.63798e-11 Ha
Energy:   -2574.1409819402 Ha with <S^2> =  0.752 and <2S+1> =  2.002 after  137 iterations (in       0.03 seconds).
SCF Change: DM (1.07407e-5,8.07012e-5); eev 4.26157e-6 Ha; etot -2.54659e-11 Ha
Energy:   -2574.1409819402 Ha with <S^2> =  0.752 and <2S+1> =  2.002 after  138 iterations (in       0.03 seconds).
Energy increase is detected. Turn on the linear mixing algorithm with (H[DIIS, i-1] + H[DIIS, i+1]).
Prev_Energies: (  -2574.14098194,   -2574.14098194)
Energy increase is detected. Turn on the linear mixing algorithm with (H[DIIS, i-1] + H[DIIS, i+1]).
Prev_Energies: (  -2574.14098194,   -2574.14098194)
SCF Change: DM (8.49947e-6,6.38622e-5); eev 2.71033e-6 Ha; etot 7.00311e-11 Ha
Energy:   -2574.1409819401 Ha with <S^2> =  0.752 and <2S+1> =  2.002 after  139 iterations (in       0.03 seconds).
SCF Change: DM (8.46411e-6,6.35966e-5); eev 2.17178e-6 Ha; etot -6.04814e-11 Ha
Energy:   -2574.1409819402 Ha with <S^2> =  0.752 and <2S+1> =  2.002 after  140 iterations (in       0.03 seconds).
Energy increase is detected. Turn on the linear mixing algorithm with (H[DIIS, i-1] + H[DIIS, i+1]).
Prev_Energies: (  -2574.14098194,   -2574.14098194)
Energy increase is detected. Turn on the linear mixing algorithm with (H[DIIS, i-1] + H[DIIS, i+1]).
Prev_Energies: (  -2574.14098194,   -2574.14098194)
SCF Change: DM (7.70158e-6,5.78674e-5); eev 1.74310e-6 Ha; etot 6.18456e-11 Ha
Energy:   -2574.1409819401 Ha with <S^2> =  0.752 and <2S+1> =  2.002 after  141 iterations (in       0.03 seconds).
SCF Change: DM (1.51924e-5,1.14135e-4); eev 1.39579e-5 Ha; etot -5.41149e-11 Ha
Energy:   -2574.1409819402 Ha with <S^2> =  0.752 and <2S+1> =  2.002 after  142 iterations (in       0.03 seconds).
SCF Change: DM (1.56826e-6,1.17769e-5); eev 3.69899e-6 Ha; etot -2.72848e-11 Ha
Energy:   -2574.1409819402 Ha with <S^2> =  0.752 and <2S+1> =  2.002 after  143 iterations (in       0.03 seconds).
SCF Change: DM (1.40645e-6,1.05642e-5); eev 2.42456e-6 Ha; etot -2.18279e-11 Ha
Energy:   -2574.1409819402 Ha with <S^2> =  0.752 and <2S+1> =  2.002 after  144 iterations (in       0.03 seconds).
Energy increase is detected. Turn on the linear mixing algorithm with (H[DIIS, i-1] + H[DIIS, i+1]).
Prev_Energies: (  -2574.14098194,   -2574.14098194)
Energy increase is detected. Turn on the linear mixing algorithm with (H[DIIS, i-1] + H[DIIS, i+1]).
Prev_Energies: (  -2574.14098194,   -2574.14098194)
SCF Change: DM (3.14058e-6,2.35951e-5); eev 1.74983e-6 Ha; etot 4.54747e-13 Ha
Energy:   -2574.1409819402 Ha with <S^2> =  0.752 and <2S+1> =  2.002 after  145 iterations (in       0.03 seconds).
SCF Change: DM (1.64541e-5,1.23625e-4); eev 6.91405e-6 Ha; etot -1.36424e-12 Ha
Energy:   -2574.1409819402 Ha with <S^2> =  0.752 and <2S+1> =  2.002 after  146 iterations (in       0.03 seconds).
Energy increase is detected. Turn on the linear mixing algorithm with (H[DIIS, i-1] + H[DIIS, i+1]).
Prev_Energies: (  -2574.14098194,   -2574.14098194)
Energy increase is detected. Turn on the linear mixing algorithm with (H[DIIS, i-1] + H[DIIS, i+1]).
Prev_Energies: (  -2574.14098194,   -2574.14098194)
SCF Change: DM (1.29999e-5,9.76746e-5); eev 3.99250e-6 Ha; etot 9.86802e-11 Ha
Energy:   -2574.1409819401 Ha with <S^2> =  0.752 and <2S+1> =  2.002 after  147 iterations (in       0.03 seconds).
SCF Change: DM (1.08172e-5,8.12750e-5); eev 3.16861e-6 Ha; etot -8.68567e-11 Ha
Energy:   -2574.1409819402 Ha with <S^2> =  0.752 and <2S+1> =  2.002 after  148 iterations (in       0.03 seconds).
Energy increase is detected. Turn on the linear mixing algorithm with (H[DIIS, i-1] + H[DIIS, i+1]).
Prev_Energies: (  -2574.14098194,   -2574.14098194)
Energy increase is detected. Turn on the linear mixing algorithm with (H[DIIS, i-1] + H[DIIS, i+1]).
Prev_Energies: (  -2574.14098194,   -2574.14098194)
SCF Change: DM (8.24821e-6,6.19736e-5); eev 1.44079e-6 Ha; etot 6.73026e-11 Ha
Energy:   -2574.1409819401 Ha with <S^2> =  0.752 and <2S+1> =  2.002 after  149 iterations (in       0.03 seconds).
SCF Change: DM (1.05908e-5,7.95752e-5); eev 2.88143e-6 Ha; etot -5.36602e-11 Ha
Energy:   -2574.1409819402 Ha with <S^2> =  0.752 and <2S+1> =  2.002 after  150 iterations (in       0.03 seconds).
Energy increase is detected. Turn on the linear mixing algorithm with (H[DIIS, i-1] + H[DIIS, i+1]).
Prev_Energies: (  -2574.14098194,   -2574.14098194)
Energy increase is detected. Turn on the linear mixing algorithm with (H[DIIS, i-1] + H[DIIS, i+1]).
Prev_Energies: (  -2574.14098194,   -2574.14098194)
SCF Change: DM (8.56745e-6,6.43732e-5); eev 1.35932e-6 Ha; etot 7.00311e-11 Ha
Energy:   -2574.1409819401 Ha with <S^2> =  0.752 and <2S+1> =  2.002 after  151 iterations (in       0.03 seconds).
SCF Change: DM (8.13100e-6,6.10937e-5); eev 3.71425e-6 Ha; etot -6.09361e-11 Ha
Energy:   -2574.1409819402 Ha with <S^2> =  0.752 and <2S+1> =  2.002 after  152 iterations (in       0.03 seconds).
Energy increase is detected. Turn on the linear mixing algorithm with (H[DIIS, i-1] + H[DIIS, i+1]).
Prev_Energies: (  -2574.14098194,   -2574.14098194)
Energy increase is detected. Turn on the linear mixing algorithm with (H[DIIS, i-1] + H[DIIS, i+1]).
Prev_Energies: (  -2574.14098194,   -2574.14098194)
SCF Change: DM (6.60153e-6,4.96022e-5); eev 2.85661e-6 Ha; etot 6.00267e-11 Ha
Energy:   -2574.1409819401 Ha with <S^2> =  0.752 and <2S+1> =  2.002 after  153 iterations (in       0.03 seconds).
SCF Change: DM (7.09012e-6,5.32735e-5); eev 2.51728e-6 Ha; etot -5.36602e-11 Ha
Energy:   -2574.1409819402 Ha with <S^2> =  0.752 and <2S+1> =  2.002 after  154 iterations (in       0.04 seconds).
Energy increase is detected. Turn on the linear mixing algorithm with (H[DIIS, i-1] + H[DIIS, i+1]).
Prev_Energies: (  -2574.14098194,   -2574.14098194)
Energy increase is detected. Turn on the linear mixing algorithm with (H[DIIS, i-1] + H[DIIS, i+1]).
Prev_Energies: (  -2574.14098194,   -2574.14098194)
SCF Change: DM (5.86710e-6,4.40842e-5); eev 1.98993e-6 Ha; etot 5.41149e-11 Ha
Energy:   -2574.1409819401 Ha with <S^2> =  0.752 and <2S+1> =  2.002 after  155 iterations (in       0.06 seconds).
SCF Change: DM (2.95290e-6,2.21870e-5); eev 1.04714e-6 Ha; etot -4.09273e-11 Ha
Energy:   -2574.1409819402 Ha with <S^2> =  0.752 and <2S+1> =  2.002 after  156 iterations (in       0.04 seconds).
Energy increase is detected. Turn on the linear mixing algorithm with (H[DIIS, i-1] + H[DIIS, i+1]).
Prev_Energies: (  -2574.14098194,   -2574.14098194)
Energy increase is detected. Turn on the linear mixing algorithm with (H[DIIS, i-1] + H[DIIS, i+1]).
Prev_Energies: (  -2574.14098194,   -2574.14098194)
SCF Change: DM (2.28502e-6,1.71688e-5); eev 7.85268e-7 Ha; etot 1.13687e-11 Ha
Energy:   -2574.1409819402 Ha with <S^2> =  0.752 and <2S+1> =  2.002 after  157 iterations (in       0.03 seconds).
SCF Change: DM (4.03364e-6,3.03080e-5); eev 9.02768e-7 Ha; etot -4.54747e-12 Ha
Energy:   -2574.1409819402 Ha with <S^2> =  0.752 and <2S+1> =  2.002 after  158 iterations (in       0.04 seconds).
Energy increase is detected. Turn on the linear mixing algorithm with (H[DIIS, i-1] + H[DIIS, i+1]).
Prev_Energies: (  -2574.14098194,   -2574.14098194)
Energy increase is detected. Turn on the linear mixing algorithm with (H[DIIS, i-1] + H[DIIS, i+1]).
Prev_Energies: (  -2574.14098194,   -2574.14098194)
SCF Change: DM (3.04565e-6,2.28844e-5); eev 6.05840e-7 Ha; etot 2.91038e-11 Ha
Energy:   -2574.1409819401 Ha with <S^2> =  0.752 and <2S+1> =  2.002 after  159 iterations (in       0.03 seconds).
SCF Change: DM (6.28344e-6,4.72125e-5); eev 5.73323e-7 Ha; etot -2.22826e-11 Ha
Energy:   -2574.1409819402 Ha with <S^2> =  0.752 and <2S+1> =  2.002 after  160 iterations (in       0.03 seconds).
Energy increase is detected. Turn on the linear mixing algorithm with (H[DIIS, i-1] + H[DIIS, i+1]).
Prev_Energies: (  -2574.14098194,   -2574.14098194)
Energy increase is detected. Turn on the linear mixing algorithm with (H[DIIS, i-1] + H[DIIS, i+1]).
Prev_Energies: (  -2574.14098194,   -2574.14098194)
SCF Change: DM (4.26715e-6,3.20625e-5); eev 3.81793e-7 Ha; etot 4.54747e-11 Ha
Energy:   -2574.1409819401 Ha with <S^2> =  0.752 and <2S+1> =  2.002 after  161 iterations (in       0.03 seconds).
SCF Change: DM (1.07811e-6,8.09245e-6); eev 3.84326e-6 Ha; etot -3.09228e-11 Ha
Energy:   -2574.1409819401 Ha with <S^2> =  0.752 and <2S+1> =  2.002 after  162 iterations (in       0.03 seconds).
SCF Change: DM (3.64952e-6,2.74205e-5); eev 3.00109e-6 Ha; etot -5.00222e-12 Ha
Energy:   -2574.1409819402 Ha with <S^2> =  0.752 and <2S+1> =  2.002 after  163 iterations (in       0.03 seconds).
SCF Change: DM (8.77063e-6,6.58999e-5); eev 2.70105e-6 Ha; etot -1.27329e-11 Ha
Energy:   -2574.1409819402 Ha with <S^2> =  0.752 and <2S+1> =  2.002 after  164 iterations (in       0.03 seconds).
SCF Change: DM (9.79457e-6,7.35876e-5); eev 7.29608e-6 Ha; etot -6.32099e-11 Ha
Energy:   -2574.1409819402 Ha with <S^2> =  0.752 and <2S+1> =  2.002 after  165 iterations (in       0.03 seconds).
SCF Change: DM (1.65593e-5,1.24367e-4); eev 2.80362e-5 Ha; etot -3.04681e-11 Ha
Energy:   -2574.1409819403 Ha with <S^2> =  0.752 and <2S+1> =  2.002 after  166 iterations (in       0.03 seconds).
Energy increase is detected. Turn on the linear mixing algorithm with (H[DIIS, i-1] + H[DIIS, i+1]).
Prev_Energies: (  -2574.14098194,   -2574.14098194)
Energy increase is detected. Turn on the linear mixing algorithm with (H[DIIS, i-1] + H[DIIS, i+1]).
Prev_Energies: (  -2574.14098194,   -2574.14098194)
SCF Change: DM (1.85814e-5,1.39559e-4); eev 3.01790e-5 Ha; etot 2.46473e-10 Ha
Energy:   -2574.1409819400 Ha with <S^2> =  0.752 and <2S+1> =  2.002 after  167 iterations (in       0.03 seconds).
SCF Change: DM (1.80135e-5,1.35344e-4); eev 7.78477e-6 Ha; etot -2.41926e-10 Ha
Energy:   -2574.1409819403 Ha with <S^2> =  0.752 and <2S+1> =  2.002 after  168 iterations (in       0.03 seconds).
Energy increase is detected. Turn on the linear mixing algorithm with (H[DIIS, i-1] + H[DIIS, i+1]).
Prev_Energies: (  -2574.14098194,   -2574.14098194)
Energy increase is detected. Turn on the linear mixing algorithm with (H[DIIS, i-1] + H[DIIS, i+1]).
Prev_Energies: (  -2574.14098194,   -2574.14098194)
SCF Change: DM (1.56279e-5,1.17422e-4); eev 5.49884e-6 Ha; etot 1.01863e-10 Ha
Energy:   -2574.1409819402 Ha with <S^2> =  0.752 and <2S+1> =  2.002 after  169 iterations (in       0.03 seconds).
SCF Change: DM (2.63865e-5,1.98254e-4); eev 8.64160e-7 Ha; etot -9.95897e-11 Ha
Energy:   -2574.1409819403 Ha with <S^2> =  0.752 and <2S+1> =  2.002 after  170 iterations (in       0.03 seconds).
Energy increase is detected. Turn on the linear mixing algorithm with (H[DIIS, i-1] + H[DIIS, i+1]).
Prev_Energies: (  -2574.14098194,   -2574.14098194)
Energy increase is detected. Turn on the linear mixing algorithm with (H[DIIS, i-1] + H[DIIS, i+1]).
Prev_Energies: (  -2574.14098194,   -2574.14098194)
SCF Change: DM (2.12527e-5,1.59684e-4); eev 4.06292e-6 Ha; etot 1.94632e-10 Ha
Energy:   -2574.1409819401 Ha with <S^2> =  0.752 and <2S+1> =  2.002 after  171 iterations (in       0.03 seconds).
SCF Change: DM (1.67241e-5,1.25661e-4); eev 1.23692e-6 Ha; etot -1.70530e-10 Ha
Energy:   -2574.1409819402 Ha with <S^2> =  0.752 and <2S+1> =  2.002 after  172 iterations (in       0.03 seconds).
Energy increase is detected. Turn on the linear mixing algorithm with (H[DIIS, i-1] + H[DIIS, i+1]).
Prev_Energies: (  -2574.14098194,   -2574.14098194)
Energy increase is detected. Turn on the linear mixing algorithm with (H[DIIS, i-1] + H[DIIS, i+1]).
Prev_Energies: (  -2574.14098194,   -2574.14098194)
SCF Change: DM (1.34324e-5,1.00929e-4); eev 6.34744e-7 Ha; etot 1.23237e-10 Ha
Energy:   -2574.1409819401 Ha with <S^2> =  0.752 and <2S+1> =  2.002 after  173 iterations (in       0.03 seconds).
SCF Change: DM (1.33844e-5,1.00569e-4); eev 3.67987e-7 Ha; etot -9.73159e-11 Ha
Energy:   -2574.1409819402 Ha with <S^2> =  0.752 and <2S+1> =  2.002 after  174 iterations (in       0.03 seconds).
Energy increase is detected. Turn on the linear mixing algorithm with (H[DIIS, i-1] + H[DIIS, i+1]).
Prev_Energies: (  -2574.14098194,   -2574.14098194)
Energy increase is detected. Turn on the linear mixing algorithm with (H[DIIS, i-1] + H[DIIS, i+1]).
Prev_Energies: (  -2574.14098194,   -2574.14098194)
SCF Change: DM (1.06292e-5,7.98668e-5); eev 1.52801e-6 Ha; etot 9.64064e-11 Ha
Energy:   -2574.1409819401 Ha with <S^2> =  0.752 and <2S+1> =  2.002 after  175 iterations (in       0.03 seconds).
SCF Change: DM (1.04265e-5,7.83434e-5); eev 2.40244e-6 Ha; etot -8.00355e-11 Ha
Energy:   -2574.1409819402 Ha with <S^2> =  0.752 and <2S+1> =  2.002 after  176 iterations (in       0.03 seconds).
Energy increase is detected. Turn on the linear mixing algorithm with (H[DIIS, i-1] + H[DIIS, i+1]).
Prev_Energies: (  -2574.14098194,   -2574.14098194)
Energy increase is detected. Turn on the linear mixing algorithm with (H[DIIS, i-1] + H[DIIS, i+1]).
Prev_Energies: (  -2574.14098194,   -2574.14098194)
SCF Change: DM (8.26134e-6,6.20742e-5); eev 2.70440e-6 Ha; etot 7.82165e-11 Ha
Energy:   -2574.1409819401 Ha with <S^2> =  0.752 and <2S+1> =  2.002 after  177 iterations (in       0.03 seconds).
SCF Change: DM (8.88251e-6,6.67424e-5); eev 1.84475e-6 Ha; etot -6.04814e-11 Ha
Energy:   -2574.1409819402 Ha with <S^2> =  0.752 and <2S+1> =  2.002 after  178 iterations (in       0.03 seconds).
Energy increase is detected. Turn on the linear mixing algorithm with (H[DIIS, i-1] + H[DIIS, i+1]).
Prev_Energies: (  -2574.14098194,   -2574.14098194)
Energy increase is detected. Turn on the linear mixing algorithm with (H[DIIS, i-1] + H[DIIS, i+1]).
Prev_Energies: (  -2574.14098194,   -2574.14098194)
SCF Change: DM (7.03424e-6,5.28545e-5); eev 1.87190e-6 Ha; etot 6.50289e-11 Ha
Energy:   -2574.1409819401 Ha with <S^2> =  0.752 and <2S+1> =  2.002 after  179 iterations (in       0.03 seconds).
SCF Change: DM (7.40076e-6,5.56086e-5); eev 1.88284e-6 Ha; etot -5.50244e-11 Ha
Energy:   -2574.1409819402 Ha with <S^2> =  0.752 and <2S+1> =  2.002 after  180 iterations (in       0.03 seconds).
Energy increase is detected. Turn on the linear mixing algorithm with (H[DIIS, i-1] + H[DIIS, i+1]).
Prev_Energies: (  -2574.14098194,   -2574.14098194)
Energy increase is detected. Turn on the linear mixing algorithm with (H[DIIS, i-1] + H[DIIS, i+1]).
Prev_Energies: (  -2574.14098194,   -2574.14098194)
SCF Change: DM (5.91939e-6,4.44775e-5); eev 1.77811e-6 Ha; etot 6.13909e-11 Ha
Energy:   -2574.1409819401 Ha with <S^2> =  0.752 and <2S+1> =  2.002 after  181 iterations (in       0.03 seconds).
SCF Change: DM (5.73304e-6,4.30765e-5); eev 2.68524e-6 Ha; etot -5.04770e-11 Ha
Energy:   -2574.1409819401 Ha with <S^2> =  0.752 and <2S+1> =  2.002 after  182 iterations (in       0.03 seconds).
Energy increase is detected. Turn on the linear mixing algorithm with (H[DIIS, i-1] + H[DIIS, i+1]).
Prev_Energies: (  -2574.14098194,   -2574.14098194)
Energy increase is detected. Turn on the linear mixing algorithm with (H[DIIS, i-1] + H[DIIS, i+1]).
Prev_Energies: (  -2574.14098194,   -2574.14098194)
SCF Change: DM (4.63876e-6,3.48543e-5); eev 2.12834e-6 Ha; etot 4.63842e-11 Ha
Energy:   -2574.1409819401 Ha with <S^2> =  0.752 and <2S+1> =  2.002 after  183 iterations (in       0.03 seconds).
SCF Change: DM (4.48253e-6,3.36800e-5); eev 2.49938e-6 Ha; etot -3.72893e-11 Ha
Energy:   -2574.1409819401 Ha with <S^2> =  0.752 and <2S+1> =  2.002 after  184 iterations (in       0.03 seconds).
Energy increase is detected. Turn on the linear mixing algorithm with (H[DIIS, i-1] + H[DIIS, i+1]).
Prev_Energies: (  -2574.14098194,   -2574.14098194)
Energy increase is detected. Turn on the linear mixing algorithm with (H[DIIS, i-1] + H[DIIS, i+1]).
Prev_Energies: (  -2574.14098194,   -2574.14098194)
SCF Change: DM (3.65681e-6,2.74758e-5); eev 1.92871e-6 Ha; etot 3.86535e-11 Ha
Energy:   -2574.1409819401 Ha with <S^2> =  0.752 and <2S+1> =  2.002 after  185 iterations (in       0.03 seconds).
SCF Change: DM (2.83553e-6,2.13022e-5); eev 3.55390e-6 Ha; etot -3.36513e-11 Ha
Energy:   -2574.1409819401 Ha with <S^2> =  0.752 and <2S+1> =  2.002 after  186 iterations (in       0.03 seconds).
Energy increase is detected. Turn on the linear mixing algorithm with (H[DIIS, i-1] + H[DIIS, i+1]).
Prev_Energies: (  -2574.14098194,   -2574.14098194)
Energy increase is detected. Turn on the linear mixing algorithm with (H[DIIS, i-1] + H[DIIS, i+1]).
Prev_Energies: (  -2574.14098194,   -2574.14098194)
SCF Change: DM (2.30191e-6,1.72935e-5); eev 2.92400e-6 Ha; etot 2.72848e-11 Ha
Energy:   -2574.1409819401 Ha with <S^2> =  0.752 and <2S+1> =  2.002 after  187 iterations (in       0.03 seconds).
SCF Change: DM (2.67294e-6,2.00834e-5); eev 1.38922e-6 Ha; etot -2.36469e-11 Ha
Energy:   -2574.1409819401 Ha with <S^2> =  0.752 and <2S+1> =  2.002 after  188 iterations (in       0.03 seconds).
Energy increase is detected. Turn on the linear mixing algorithm with (H[DIIS, i-1] + H[DIIS, i+1]).
Prev_Energies: (  -2574.14098194,   -2574.14098194)
Energy increase is detected. Turn on the linear mixing algorithm with (H[DIIS, i-1] + H[DIIS, i+1]).
Prev_Energies: (  -2574.14098194,   -2574.14098194)
SCF Change: DM (2.20396e-6,1.65597e-5); eev 1.19494e-6 Ha; etot 2.50111e-11 Ha
Energy:   -2574.1409819401 Ha with <S^2> =  0.752 and <2S+1> =  2.002 after  189 iterations (in       0.03 seconds).
SCF Change: DM (1.58033e-6,1.18740e-5); eev 6.26230e-7 Ha; etot -1.90994e-11 Ha
Energy:   -2574.1409819401 Ha with <S^2> =  0.752 and <2S+1> =  2.002 after  190 iterations (in       0.03 seconds).
Energy increase is detected. Turn on the linear mixing algorithm with (H[DIIS, i-1] + H[DIIS, i+1]).
Prev_Energies: (  -2574.14098194,   -2574.14098194)
Energy increase is detected. Turn on the linear mixing algorithm with (H[DIIS, i-1] + H[DIIS, i+1]).
Prev_Energies: (  -2574.14098194,   -2574.14098194)
SCF Change: DM (1.30998e-6,9.84275e-6); eev 4.27616e-7 Ha; etot 1.09139e-11 Ha
Energy:   -2574.1409819401 Ha with <S^2> =  0.752 and <2S+1> =  2.002 after  191 iterations (in       0.03 seconds).
SCF Change: DM (1.98950e-6,1.49487e-5); eev 5.40159e-8 Ha; etot -3.18323e-12 Ha
Energy:   -2574.1409819401 Ha with <S^2> =  0.752 and <2S+1> =  2.002 after  192 iterations (in       0.03 seconds).
Energy increase is detected. Turn on the linear mixing algorithm with (H[DIIS, i-1] + H[DIIS, i+1]).
Prev_Energies: (  -2574.14098194,   -2574.14098194)
Energy increase is detected. Turn on the linear mixing algorithm with (H[DIIS, i-1] + H[DIIS, i+1]).
Prev_Energies: (  -2574.14098194,   -2574.14098194)
SCF Change: DM (1.72785e-6,1.29827e-5); eev 4.65670e-8 Ha; etot 1.04592e-11 Ha
Energy:   -2574.1409819401 Ha with <S^2> =  0.752 and <2S+1> =  2.002 after  193 iterations (in       0.03 seconds).
SCF Change: DM (4.37101e-6,3.28423e-5); eev 1.33158e-7 Ha; etot -1.18234e-11 Ha
Energy:   -2574.1409819401 Ha with <S^2> =  0.752 and <2S+1> =  2.002 after  194 iterations (in       0.03 seconds).
Energy increase is detected. Turn on the linear mixing algorithm with (H[DIIS, i-1] + H[DIIS, i+1]).
Prev_Energies: (  -2574.14098194,   -2574.14098194)
Energy increase is detected. Turn on the linear mixing algorithm with (H[DIIS, i-1] + H[DIIS, i+1]).
Prev_Energies: (  -2574.14098194,   -2574.14098194)
SCF Change: DM (1.01191e-5,7.60317e-5); eev 1.82714e-6 Ha; etot 1.95541e-11 Ha
Energy:   -2574.1409819401 Ha with <S^2> =  0.752 and <2S+1> =  2.002 after  195 iterations (in       0.03 seconds).
SCF Change: DM (4.59983e-6,3.45599e-5); eev 2.98608e-6 Ha; etot -7.59428e-11 Ha
Energy:   -2574.1409819402 Ha with <S^2> =  0.752 and <2S+1> =  2.002 after  196 iterations (in       0.03 seconds).
SCF Change: DM (7.99505e-6,6.00704e-5); eev 3.45915e-6 Ha; etot -2.63753e-11 Ha
Energy:   -2574.1409819402 Ha with <S^2> =  0.752 and <2S+1> =  2.002 after  197 iterations (in       0.03 seconds).
Energy increase is detected. Turn on the linear mixing algorithm with (H[DIIS, i-1] + H[DIIS, i+1]).
Prev_Energies: (  -2574.14098194,   -2574.14098194)
Energy increase is detected. Turn on the linear mixing algorithm with (H[DIIS, i-1] + H[DIIS, i+1]).
Prev_Energies: (  -2574.14098194,   -2574.14098194)
SCF Change: DM (5.38324e-6,4.04473e-5); eev 1.76966e-6 Ha; etot 4.91127e-11 Ha
Energy:   -2574.1409819401 Ha with <S^2> =  0.752 and <2S+1> =  2.002 after  198 iterations (in       0.03 seconds).
SCF Change: DM (1.05630e-5,7.93665e-5); eev 2.57467e-6 Ha; etot -4.27463e-11 Ha
Energy:   -2574.1409819402 Ha with <S^2> =  0.752 and <2S+1> =  2.002 after  199 iterations (in       0.03 seconds).
Energy increase is detected. Turn on the linear mixing algorithm with (H[DIIS, i-1] + H[DIIS, i+1]).
Prev_Energies: (  -2574.14098194,   -2574.14098194)
Energy increase is detected. Turn on the linear mixing algorithm with (H[DIIS, i-1] + H[DIIS, i+1]).
Prev_Energies: (  -2574.14098194,   -2574.14098194)
SCF Change: DM (7.32313e-6,5.50237e-5); eev 7.79358e-7 Ha; etot 8.32188e-11 Ha
Energy:   -2574.1409819401 Ha with <S^2> =  0.752 and <2S+1> =  2.002 after  200 iterations (in       0.03 seconds).
SCF Change: DM (9.26361e-6,6.96010e-5); eev 4.87746e-6 Ha; etot -5.72982e-11 Ha
Energy:   -2574.1409819402 Ha with <S^2> =  0.752 and <2S+1> =  2.002 after  201 iterations (in       0.03 seconds).
SCF Change: DM (8.17060e-6,6.13873e-5); eev 6.35218e-6 Ha; etot -4.68390e-11 Ha
Energy:   -2574.1409819402 Ha with <S^2> =  0.752 and <2S+1> =  2.002 after  202 iterations (in       0.03 seconds).
Energy increase is detected. Turn on the linear mixing algorithm with (H[DIIS, i-1] + H[DIIS, i+1]).
Prev_Energies: (  -2574.14098194,   -2574.14098194)
Energy increase is detected. Turn on the linear mixing algorithm with (H[DIIS, i-1] + H[DIIS, i+1]).
Prev_Energies: (  -2574.14098194,   -2574.14098194)
SCF Change: DM (7.53332e-6,5.66002e-5); eev 5.22721e-6 Ha; etot 4.00178e-11 Ha
Energy:   -2574.1409819402 Ha with <S^2> =  0.752 and <2S+1> =  2.002 after  203 iterations (in       0.03 seconds).
SCF Change: DM (4.70625e-6,3.53582e-5); eev 4.14315e-6 Ha; etot -4.32010e-11 Ha
Energy:   -2574.1409819402 Ha with <S^2> =  0.752 and <2S+1> =  2.002 after  204 iterations (in       0.03 seconds).
Energy increase is detected. Turn on the linear mixing algorithm with (H[DIIS, i-1] + H[DIIS, i+1]).
Prev_Energies: (  -2574.14098194,   -2574.14098194)
Energy increase is detected. Turn on the linear mixing algorithm with (H[DIIS, i-1] + H[DIIS, i+1]).
Prev_Energies: (  -2574.14098194,   -2574.14098194)
SCF Change: DM (4.55022e-6,3.41866e-5); eev 3.52269e-6 Ha; etot 2.27374e-11 Ha
Energy:   -2574.1409819402 Ha with <S^2> =  0.752 and <2S+1> =  2.002 after  205 iterations (in       0.05 seconds).
SCF Change: DM (2.00645e-6,1.50723e-5); eev 3.17952e-6 Ha; etot -2.00089e-11 Ha
Energy:   -2574.1409819402 Ha with <S^2> =  0.752 and <2S+1> =  2.002 after  206 iterations (in       0.04 seconds).
SCF Change: DM (1.96123e-5,1.47329e-4); eev 2.29450e-5 Ha; etot -1.13687e-11 Ha
Energy:   -2574.1409819402 Ha with <S^2> =  0.752 and <2S+1> =  2.002 after  207 iterations (in       0.04 seconds).
Energy increase is detected. Turn on the linear mixing algorithm with (H[DIIS, i-1] + H[DIIS, i+1]).
Prev_Energies: (  -2574.14098194,   -2574.14098194)
Energy increase is detected. Turn on the linear mixing algorithm with (H[DIIS, i-1] + H[DIIS, i+1]).
Prev_Energies: (  -2574.14098194,   -2574.14098194)
SCF Change: DM (2.07420e-5,1.55816e-4); eev 2.36763e-5 Ha; etot 4.82032e-11 Ha
Energy:   -2574.1409819402 Ha with <S^2> =  0.752 and <2S+1> =  2.002 after  208 iterations (in       0.03 seconds).
SCF Change: DM (7.75226e-6,5.82490e-5); eev 2.14407e-6 Ha; etot -4.32010e-11 Ha
Energy:   -2574.1409819402 Ha with <S^2> =  0.752 and <2S+1> =  2.002 after  209 iterations (in       0.03 seconds).
Energy increase is detected. Turn on the linear mixing algorithm with (H[DIIS, i-1] + H[DIIS, i+1]).
Prev_Energies: (  -2574.14098194,   -2574.14098194)
Energy increase is detected. Turn on the linear mixing algorithm with (H[DIIS, i-1] + H[DIIS, i+1]).
Prev_Energies: (  -2574.14098194,   -2574.14098194)
SCF Change: DM (5.45487e-6,4.09871e-5); eev 1.26090e-6 Ha; etot 5.41149e-11 Ha
Energy:   -2574.1409819402 Ha with <S^2> =  0.752 and <2S+1> =  2.002 after  210 iterations (in       0.04 seconds).
SCF Change: DM (1.31876e-7,9.04180e-7); eev 3.84911e-6 Ha; etot -3.81988e-11 Ha
Energy:   -2574.1409819402 Ha with <S^2> =  0.752 and <2S+1> =  2.002 after  211 iterations (in       0.03 seconds).
Energy increase is detected. Turn on the linear mixing algorithm with (H[DIIS, i-1] + H[DIIS, i+1]).
Prev_Energies: (  -2574.14098194,   -2574.14098194)
Energy increase is detected. Turn on the linear mixing algorithm with (H[DIIS, i-1] + H[DIIS, i+1]).
Prev_Energies: (  -2574.14098194,   -2574.14098194)
SCF Change: DM (1.47090e-6,1.10458e-5); eev 3.59214e-6 Ha; etot 6.36646e-12 Ha
Energy:   -2574.1409819402 Ha with <S^2> =  0.752 and <2S+1> =  2.002 after  212 iterations (in       0.03 seconds).
SCF Change: DM (4.36028e-6,3.27606e-5); eev 2.63204e-6 Ha; etot -9.09495e-13 Ha
Energy:   -2574.1409819402 Ha with <S^2> =  0.752 and <2S+1> =  2.002 after  213 iterations (in       0.03 seconds).
Energy increase is detected. Turn on the linear mixing algorithm with (H[DIIS, i-1] + H[DIIS, i+1]).
Prev_Energies: (  -2574.14098194,   -2574.14098194)
Energy increase is detected. Turn on the linear mixing algorithm with (H[DIIS, i-1] + H[DIIS, i+1]).
Prev_Energies: (  -2574.14098194,   -2574.14098194)
SCF Change: DM (3.42659e-6,2.57451e-5); eev 2.39373e-6 Ha; etot 2.54659e-11 Ha
Energy:   -2574.1409819402 Ha with <S^2> =  0.752 and <2S+1> =  2.002 after  214 iterations (in       0.03 seconds).
SCF Change: DM (4.40736e-6,3.31148e-5); eev 2.17577e-6 Ha; etot -1.81899e-11 Ha
Energy:   -2574.1409819402 Ha with <S^2> =  0.752 and <2S+1> =  2.002 after  215 iterations (in       0.03 seconds).
Energy increase is detected. Turn on the linear mixing algorithm with (H[DIIS, i-1] + H[DIIS, i+1]).
Prev_Energies: (  -2574.14098194,   -2574.14098194)
Energy increase is detected. Turn on the linear mixing algorithm with (H[DIIS, i-1] + H[DIIS, i+1]).
Prev_Energies: (  -2574.14098194,   -2574.14098194)
SCF Change: DM (3.09108e-6,2.32248e-5); eev 1.52823e-6 Ha; etot 3.00133e-11 Ha
Energy:   -2574.1409819402 Ha with <S^2> =  0.752 and <2S+1> =  2.002 after  216 iterations (in       0.03 seconds).
SCF Change: DM (8.25813e-6,6.20476e-5); eev 3.18757e-6 Ha; etot -2.13731e-11 Ha
Energy:   -2574.1409819402 Ha with <S^2> =  0.752 and <2S+1> =  2.002 after  217 iterations (in       0.03 seconds).
Energy increase is detected. Turn on the linear mixing algorithm with (H[DIIS, i-1] + H[DIIS, i+1]).
Prev_Energies: (  -2574.14098194,   -2574.14098194)
Energy increase is detected. Turn on the linear mixing algorithm with (H[DIIS, i-1] + H[DIIS, i+1]).
Prev_Energies: (  -2574.14098194,   -2574.14098194)
SCF Change: DM (7.94534e-6,5.96975e-5); eev 2.76114e-6 Ha; etot 5.95719e-11 Ha
Energy:   -2574.1409819401 Ha with <S^2> =  0.752 and <2S+1> =  2.002 after  218 iterations (in       0.03 seconds).
SCF Change: DM (2.42128e-6,1.81920e-5); eev 1.46469e-6 Ha; etot -6.09361e-11 Ha
Energy:   -2574.1409819402 Ha with <S^2> =  0.752 and <2S+1> =  2.002 after  219 iterations (in       0.03 seconds).
SCF Change: DM (2.05321e-6,1.54262e-5); eev 1.60761e-6 Ha; etot -6.36646e-12 Ha
Energy:   -2574.1409819402 Ha with <S^2> =  0.752 and <2S+1> =  2.002 after  220 iterations (in       0.03 seconds).
SCF Change: DM (2.12845e-6,1.59912e-5); eev 1.85370e-6 Ha; etot -1.45519e-11 Ha
Energy:   -2574.1409819402 Ha with <S^2> =  0.752 and <2S+1> =  2.002 after  221 iterations (in       0.03 seconds).
SCF Change: DM (4.94940e-6,3.71868e-5); eev 2.84852e-6 Ha; etot -1.31877e-11 Ha
Energy:   -2574.1409819402 Ha with <S^2> =  0.752 and <2S+1> =  2.002 after  222 iterations (in       0.03 seconds).
SCF Change: DM (1.08678e-6,8.16380e-6); eev 1.69496e-6 Ha; etot -2.91038e-11 Ha
Energy:   -2574.1409819402 Ha with <S^2> =  0.752 and <2S+1> =  2.002 after  223 iterations (in       0.03 seconds).
SCF Change: DM (4.57638e-6,3.43829e-5); eev 4.36460e-6 Ha; etot -2.27374e-12 Ha
Energy:   -2574.1409819402 Ha with <S^2> =  0.752 and <2S+1> =  2.002 after  224 iterations (in       0.03 seconds).
SCF Change: DM (1.64210e-5,1.23376e-4); eev 5.47689e-6 Ha; etot -1.54614e-11 Ha
Energy:   -2574.1409819403 Ha with <S^2> =  0.752 and <2S+1> =  2.002 after  225 iterations (in       0.03 seconds).
Energy increase is detected. Turn on the linear mixing algorithm with (H[DIIS, i-1] + H[DIIS, i+1]).
Prev_Energies: (  -2574.14098194,   -2574.14098194)
Energy increase is detected. Turn on the linear mixing algorithm with (H[DIIS, i-1] + H[DIIS, i+1]).
Prev_Energies: (  -2574.14098194,   -2574.14098194)
SCF Change: DM (1.19254e-5,8.95976e-5); eev 7.23252e-6 Ha; etot 1.07775e-10 Ha
Energy:   -2574.1409819402 Ha with <S^2> =  0.752 and <2S+1> =  2.002 after  226 iterations (in       0.03 seconds).
SCF Change: DM (1.36387e-5,1.02473e-4); eev 5.68814e-6 Ha; etot -9.41327e-11 Ha
Energy:   -2574.1409819403 Ha with <S^2> =  0.752 and <2S+1> =  2.002 after  227 iterations (in       0.03 seconds).
Energy increase is detected. Turn on the linear mixing algorithm with (H[DIIS, i-1] + H[DIIS, i+1]).
Prev_Energies: (  -2574.14098194,   -2574.14098194)
Energy increase is detected. Turn on the linear mixing algorithm with (H[DIIS, i-1] + H[DIIS, i+1]).
Prev_Energies: (  -2574.14098194,   -2574.14098194)
SCF Change: DM (1.10834e-5,8.32736e-5); eev 5.77184e-6 Ha; etot 1.00044e-10 Ha
Energy:   -2574.1409819402 Ha with <S^2> =  0.752 and <2S+1> =  2.002 after  228 iterations (in       0.03 seconds).
SCF Change: DM (9.65993e-6,7.25795e-5); eev 3.96179e-6 Ha; etot -8.18545e-11 Ha
Energy:   -2574.1409819402 Ha with <S^2> =  0.752 and <2S+1> =  2.002 after  229 iterations (in       0.03 seconds).
Energy increase is detected. Turn on the linear mixing algorithm with (H[DIIS, i-1] + H[DIIS, i+1]).
Prev_Energies: (  -2574.14098194,   -2574.14098194)
Energy increase is detected. Turn on the linear mixing algorithm with (H[DIIS, i-1] + H[DIIS, i+1]).
Prev_Energies: (  -2574.14098194,   -2574.14098194)
SCF Change: DM (7.68890e-6,5.77699e-5); eev 3.65140e-6 Ha; etot 6.59384e-11 Ha
Energy:   -2574.1409819402 Ha with <S^2> =  0.752 and <2S+1> =  2.002 after  230 iterations (in       0.03 seconds).
SCF Change: DM (7.26695e-6,5.45996e-5); eev 3.42957e-6 Ha; etot -5.91172e-11 Ha
Energy:   -2574.1409819402 Ha with <S^2> =  0.752 and <2S+1> =  2.002 after  231 iterations (in       0.03 seconds).
Energy increase is detected. Turn on the linear mixing algorithm with (H[DIIS, i-1] + H[DIIS, i+1]).
Prev_Energies: (  -2574.14098194,   -2574.14098194)
Energy increase is detected. Turn on the linear mixing algorithm with (H[DIIS, i-1] + H[DIIS, i+1]).
Prev_Energies: (  -2574.14098194,   -2574.14098194)
SCF Change: DM (5.86436e-6,4.40612e-5); eev 2.99958e-6 Ha; etot 5.59339e-11 Ha
Energy:   -2574.1409819402 Ha with <S^2> =  0.752 and <2S+1> =  2.002 after  232 iterations (in       0.05 seconds).
SCF Change: DM (5.68342e-6,4.27017e-5); eev 2.94164e-6 Ha; etot -4.45652e-11 Ha
Energy:   -2574.1409819402 Ha with <S^2> =  0.752 and <2S+1> =  2.002 after  233 iterations (in       0.04 seconds).
Energy increase is detected. Turn on the linear mixing algorithm with (H[DIIS, i-1] + H[DIIS, i+1]).
Prev_Energies: (  -2574.14098194,   -2574.14098194)
Energy increase is detected. Turn on the linear mixing algorithm with (H[DIIS, i-1] + H[DIIS, i+1]).
Prev_Energies: (  -2574.14098194,   -2574.14098194)
SCF Change: DM (4.55491e-6,3.42226e-5); eev 2.53559e-6 Ha; etot 4.32010e-11 Ha
Energy:   -2574.1409819402 Ha with <S^2> =  0.752 and <2S+1> =  2.002 after  234 iterations (in       0.04 seconds).
SCF Change: DM (3.90788e-6,2.93609e-5); eev 2.52634e-6 Ha; etot -3.50155e-11 Ha
Energy:   -2574.1409819402 Ha with <S^2> =  0.752 and <2S+1> =  2.002 after  235 iterations (in       0.03 seconds).
Energy increase is detected. Turn on the linear mixing algorithm with (H[DIIS, i-1] + H[DIIS, i+1]).
Prev_Energies: (  -2574.14098194,   -2574.14098194)
Energy increase is detected. Turn on the linear mixing algorithm with (H[DIIS, i-1] + H[DIIS, i+1]).
Prev_Energies: (  -2574.14098194,   -2574.14098194)
SCF Change: DM (3.20299e-6,2.40649e-5); eev 1.98310e-6 Ha; etot 3.04681e-11 Ha
Energy:   -2574.1409819402 Ha with <S^2> =  0.752 and <2S+1> =  2.002 after  236 iterations (in       0.04 seconds).
SCF Change: DM (4.60098e-6,3.45697e-5); eev 7.23757e-7 Ha; etot -3.00133e-11 Ha
Energy:   -2574.1409819402 Ha with <S^2> =  0.752 and <2S+1> =  2.002 after  237 iterations (in       0.03 seconds).
Energy increase is detected. Turn on the linear mixing algorithm with (H[DIIS, i-1] + H[DIIS, i+1]).
Prev_Energies: (  -2574.14098194,   -2574.14098194)
Energy increase is detected. Turn on the linear mixing algorithm with (H[DIIS, i-1] + H[DIIS, i+1]).
Prev_Energies: (  -2574.14098194,   -2574.14098194)
SCF Change: DM (3.82656e-6,2.87510e-5); eev 9.54754e-7 Ha; etot 3.59250e-11 Ha
Energy:   -2574.1409819402 Ha with <S^2> =  0.752 and <2S+1> =  2.002 after  238 iterations (in       0.03 seconds).
SCF Change: DM (3.93255e-6,2.95474e-5); eev 8.93047e-7 Ha; etot -2.91038e-11 Ha
Energy:   -2574.1409819402 Ha with <S^2> =  0.752 and <2S+1> =  2.002 after  239 iterations (in       0.03 seconds).
Energy increase is detected. Turn on the linear mixing algorithm with (H[DIIS, i-1] + H[DIIS, i+1]).
Prev_Energies: (  -2574.14098194,   -2574.14098194)
Energy increase is detected. Turn on the linear mixing algorithm with (H[DIIS, i-1] + H[DIIS, i+1]).
Prev_Energies: (  -2574.14098194,   -2574.14098194)
SCF Change: DM (3.18915e-6,2.39618e-5); eev 9.16534e-7 Ha; etot 2.72848e-11 Ha
Energy:   -2574.1409819402 Ha with <S^2> =  0.752 and <2S+1> =  2.002 after  240 iterations (in       0.03 seconds).
SCF Change: DM (2.35597e-6,1.77014e-5); eev 1.56890e-6 Ha; etot -2.13731e-11 Ha
Energy:   -2574.1409819402 Ha with <S^2> =  0.752 and <2S+1> =  2.002 after  241 iterations (in       0.03 seconds).
Energy increase is detected. Turn on the linear mixing algorithm with (H[DIIS, i-1] + H[DIIS, i+1]).
Prev_Energies: (  -2574.14098194,   -2574.14098194)
Energy increase is detected. Turn on the linear mixing algorithm with (H[DIIS, i-1] + H[DIIS, i+1]).
Prev_Energies: (  -2574.14098194,   -2574.14098194)
SCF Change: DM (1.86365e-6,1.40024e-5); eev 1.17033e-6 Ha; etot 1.68257e-11 Ha
Energy:   -2574.1409819402 Ha with <S^2> =  0.752 and <2S+1> =  2.002 after  242 iterations (in       0.05 seconds).
SCF Change: DM (2.95749e-6,2.22199e-5); eev 2.61129e-6 Ha; etot -1.40972e-11 Ha
Energy:   -2574.1409819402 Ha with <S^2> =  0.752 and <2S+1> =  2.002 after  243 iterations (in       0.04 seconds).
Energy increase is detected. Turn on the linear mixing algorithm with (H[DIIS, i-1] + H[DIIS, i+1]).
Prev_Energies: (  -2574.14098194,   -2574.14098194)
Energy increase is detected. Turn on the linear mixing algorithm with (H[DIIS, i-1] + H[DIIS, i+1]).
Prev_Energies: (  -2574.14098194,   -2574.14098194)
SCF Change: DM (2.52150e-6,1.89444e-5); eev 2.04650e-6 Ha; etot 1.00044e-11 Ha
Energy:   -2574.1409819402 Ha with <S^2> =  0.752 and <2S+1> =  2.002 after  244 iterations (in       0.04 seconds).
SCF Change: DM (4.80059e-6,3.60699e-5); eev 1.24443e-6 Ha; etot -9.54969e-12 Ha
Energy:   -2574.1409819402 Ha with <S^2> =  0.752 and <2S+1> =  2.002 after  245 iterations (in       0.03 seconds).
SCF Change: DM (1.95859e-6,1.47164e-5); eev 3.34749e-7 Ha; etot -3.04681e-11 Ha
Energy:   -2574.1409819402 Ha with <S^2> =  0.752 and <2S+1> =  2.002 after  246 iterations (in       0.04 seconds).
SCF Change: DM (5.55846e-6,4.17652e-5); eev 5.00302e-7 Ha; etot -1.04592e-11 Ha
Energy:   -2574.1409819402 Ha with <S^2> =  0.752 and <2S+1> =  2.002 after  247 iterations (in       0.03 seconds).
Energy increase is detected. Turn on the linear mixing algorithm with (H[DIIS, i-1] + H[DIIS, i+1]).
Prev_Energies: (  -2574.14098194,   -2574.14098194)
Energy increase is detected. Turn on the linear mixing algorithm with (H[DIIS, i-1] + H[DIIS, i+1]).
Prev_Energies: (  -2574.14098194,   -2574.14098194)
SCF Change: DM (3.68572e-6,2.76938e-5); eev 3.91139e-7 Ha; etot 3.36513e-11 Ha
Energy:   -2574.1409819402 Ha with <S^2> =  0.752 and <2S+1> =  2.002 after  248 iterations (in       0.03 seconds).
SCF Change: DM (6.75217e-6,5.07346e-5); eev 9.62885e-7 Ha; etot -1.90994e-11 Ha
Energy:   -2574.1409819402 Ha with <S^2> =  0.752 and <2S+1> =  2.002 after  249 iterations (in       0.03 seconds).
Energy increase is detected. Turn on the linear mixing algorithm with (H[DIIS, i-1] + H[DIIS, i+1]).
Prev_Energies: (  -2574.14098194,   -2574.14098194)
Energy increase is detected. Turn on the linear mixing algorithm with (H[DIIS, i-1] + H[DIIS, i+1]).
Prev_Energies: (  -2574.14098194,   -2574.14098194)
SCF Change: DM (5.53478e-6,4.15875e-5); eev 5.37337e-7 Ha; etot 3.63798e-11 Ha
Energy:   -2574.1409819402 Ha with <S^2> =  0.752 and <2S+1> =  2.002 after  250 iterations (in       0.03 seconds).
SCF does not converge within 251 iterations
==========================================
Now evaluate the    PT2 correlation energy
==========================================
----------------------------------------------------------------------
Methods         :       Total Corr,          OS Corr,          SS Corr
----------------------------------------------------------------------
PT2             :      -0.32967542,      -0.23118669,      -0.09848872
----------------------------------------------------------------------
Fifth-rung correlation energy :      -0.100889873233 Ha
E[XYGJOS]=:   -2572.71779019 Ha, Ex[HF]:     -89.55564688 Ha, Ec[PT2  ]:      -0.32967542 Ha
Mulliken population analysis:
  0-Br :  -0.000000

====================================================
              REST: Mission accomplished
====================================================
The SCF energy        :   -2574.1409819402 Ha
The (R)-xDH energy    :   -2572.7177901914 Ha
Detailed time report:
SCF       |:    8.371 s for the scf procedure
Overall   |:    8.919 s for the whole job
PT2       |:    0.115 s for the PT2 evaluation
