=========================================================
Input parameters for the REST calculation
=========================================================
Calculation type: Single-point energy
The exchange-correlation method: xygjos
Print level:                1
The number of threads used for parallelism:      4
The spheric-GTO basis set is taken from /home/symei/def2-TZVPP
The pruning method is nwchem
The radial grid generation method is treutler
ERI Type: ri_v
Turn on the basis pair symmetry for RI 3D-tensors
The spheric-GTO auxiliary basis set is taken from /home/symei/def2-SV(P)-JKFIT
Spin polarization: Off
Charge:   0; Spin:   1
min_num_angular_points: 110
max_num_angular_points: 590
hardness: 3
Grid generation level: 3
Even tempered basis generation: false
SCF convergency thresholds: 1e-8 for density matrix
                            1e-8 Ha. for sum of eigenvalues
                            1e-8 Ha. for total energy
Max. SCF cycle number:      250
The diis mixing with (param, max_vec_len) = (0.2, 8) is employed for the SCF procedure
Turn on the diis mixing after 1 step(s) of SCF iteractions with the linear mixing
The specified checkfile exists but is not loaded because the keyword 'external_init_guess' is specified
It will be updated after the SCF procedure 
(none)
Initial guess is prepared by (sad).
It is a finite cluster calculation
the scf functional for 'xygjos' contains
The density functional 'B3LYP' belongs to the 'Hybrid GGA' family and is defined in the reference(s):
(0): P. J. Stephens, F. J. Devlin, C. F. Chabalowski, and M. J. Frisch.,  J. Phys. Chem. 98, 11623 (1994)
the post-scf functional 'xygjos' is employed, which contains
The density functional 'Slater exchange' belongs to the 'LDA' family and is defined in the reference(s):
(0): P. A. M. Dirac.,  Math. Proc. Cambridge Philos. Soc. 26, 376 (1930)
(1): F. Bloch.,  Z. Phys. 57, 545 (1929)
The density functional 'Becke 88' belongs to the 'GGA' family and is defined in the reference(s):
(0): A. D. Becke.,  Phys. Rev. A 38, 3098 (1988)
The density functional 'Vosko, Wilk & Nusair (VWN5_RPA)' belongs to the 'LDA' family and is defined in the reference(s):
(0): S. H. Vosko, L. Wilk, and M. Nusair.,  Can. J. Phys. 58, 1200 (1980)
The density functional 'Lee, Yang & Parr' belongs to the 'GGA' family and is defined in the reference(s):
(0): C. Lee, W. Yang, and R. G. Parr.,  Phys. Rev. B 37, 785 (1988)
(1): B. Miehlich, A. Savin, H. Stoll, and H. Preuss.,  Chem. Phys. Lett. 157, 200 (1989)
For SCF calculation, no core orbital is frozen by effective core potential (ECP) approximation
Libxc version used in REST: 7.0.0
nbas: 32, natm: 2 for standard basis sets
First valence state for the frozen-core algorithm:    18
final nbas: 152,final natm: 4
numbasis: 96, num_auxbas: 532
Molecule_name: br2
Restricted Hartree-Fock (or Kohn-Sham) algorithm is invoked.
Nuc_energy:     279.90234718 Hartree
No ghost effective potential
No ghost point charges
Overlap matrix is nonsigular:
  Lowest eigenvalue:       0.00835797 with the total number of basis functions:     96
Grid size: 41808
Generate SAD of Br
Initial guess HF energy:   -5148.4827989327723117
The total energy:     -5148.3549547537 Ha by the initial guess
Energy:   -5148.3581465691 Ha after    1 iterations (in       0.10 seconds).
SCF Change: DM 6.16634e-4; eev 1.37442e-1 Ha; etot 6.82133e-5 Ha
Energy:   -5148.3580783558 Ha after    2 iterations (in       0.11 seconds).
SCF Change: DM 7.41429e-5; eev 1.02708e-2 Ha; etot -1.33227e-3 Ha
Energy:   -5148.3594106294 Ha after    3 iterations (in       0.09 seconds).
SCF Change: DM 9.69947e-6; eev 2.82626e-3 Ha; etot -1.15502e-5 Ha
Energy:   -5148.3594221796 Ha after    4 iterations (in       0.08 seconds).
SCF Change: DM 2.92995e-6; eev 6.70523e-4 Ha; etot -1.34060e-7 Ha
Energy:   -5148.3594223137 Ha after    5 iterations (in       0.07 seconds).
SCF Change: DM 1.38504e-7; eev 2.17585e-5 Ha; etot -8.96762e-9 Ha
Energy:   -5148.3594223227 Ha after    6 iterations (in       0.07 seconds).
SCF Change: DM 2.04930e-9; eev 3.52520e-7 Ha; etot -2.72848e-11 Ha
Energy:   -5148.3594223227 Ha after    7 iterations (in       0.07 seconds).
SCF Change: DM 7.49812e-11; eev 7.19778e-9 Ha; etot 1.45519e-11 Ha
Energy:   -5148.3594223227 Ha after    8 iterations (in       0.07 seconds).
SCF is converged after    8 iterations.
==========================================
Now evaluate the    PT2 correlation energy
==========================================
----------------------------------------------------------------------
Methods         :       Total Corr,          OS Corr,          SS Corr
----------------------------------------------------------------------
PT2             :      -0.74967217,      -0.52298534,      -0.22668683
----------------------------------------------------------------------
Fifth-rung correlation energy :      -0.228230802249 Ha
E[XYGJOS]=:   -5145.51374336 Ha, Ex[HF]:    -179.10630072 Ha, Ec[PT2  ]:      -0.74967217 Ha
Mulliken population analysis:
  0-Br :   0.000000
  1-Br :  -0.000000

====================================================
              REST: Mission accomplished
====================================================
The SCF energy        :   -5148.3594223227 Ha
The (R)-xDH energy    :   -5145.5137433633 Ha
Detailed time report:
Overall   |:    2.509 s for the whole job
SCF       |:    1.942 s for the scf procedure
PT2       |:    0.147 s for the PT2 evaluation
