=========================================================
Input parameters for the REST calculation
=========================================================
Calculation type: Single-point energy
The exchange-correlation method: xygjos
Print level:                1
The number of threads used for parallelism:      4
The spheric-GTO basis set is taken from /home/symei/def2-TZVPP
The pruning method is nwchem
The radial grid generation method is treutler
ERI Type: ri_v
Turn on the basis pair symmetry for RI 3D-tensors
The spheric-GTO auxiliary basis set is taken from /home/symei/def2-SV(P)-JKFIT
Spin polarization: Off
Charge:   0; Spin:   1
min_num_angular_points: 110
max_num_angular_points: 590
hardness: 3
Grid generation level: 3
Even tempered basis generation: false
SCF convergency thresholds: 1e-8 for density matrix
                            1e-8 Ha. for sum of eigenvalues
                            1e-8 Ha. for total energy
Max. SCF cycle number:      250
The diis mixing with (param, max_vec_len) = (0.2, 8) is employed for the SCF procedure
Turn on the diis mixing after 1 step(s) of SCF iteractions with the linear mixing
The specified checkfile exists but is not loaded because the keyword 'external_init_guess' is specified
It will be updated after the SCF procedure 
(none)
Initial guess is prepared by (sad).
It is a finite cluster calculation
the scf functional for 'xygjos' contains
The density functional 'B3LYP' belongs to the 'Hybrid GGA' family and is defined in the reference(s):
(0): P. J. Stephens, F. J. Devlin, C. F. Chabalowski, and M. J. Frisch.,  J. Phys. Chem. 98, 11623 (1994)
the post-scf functional 'xygjos' is employed, which contains
The density functional 'Slater exchange' belongs to the 'LDA' family and is defined in the reference(s):
(0): P. A. M. Dirac.,  Math. Proc. Cambridge Philos. Soc. 26, 376 (1930)
(1): F. Bloch.,  Z. Phys. 57, 545 (1929)
The density functional 'Becke 88' belongs to the 'GGA' family and is defined in the reference(s):
(0): A. D. Becke.,  Phys. Rev. A 38, 3098 (1988)
The density functional 'Vosko, Wilk & Nusair (VWN5_RPA)' belongs to the 'LDA' family and is defined in the reference(s):
(0): S. H. Vosko, L. Wilk, and M. Nusair.,  Can. J. Phys. 58, 1200 (1980)
The density functional 'Lee, Yang & Parr' belongs to the 'GGA' family and is defined in the reference(s):
(0): C. Lee, W. Yang, and R. G. Parr.,  Phys. Rev. B 37, 785 (1988)
(1): B. Miehlich, A. Savin, H. Stoll, and H. Preuss.,  Chem. Phys. Lett. 157, 200 (1989)
For SCF calculation, no core orbital is frozen by effective core potential (ECP) approximation
Libxc version used in REST: 7.0.0
nbas: 124, natm: 14 for standard basis sets
First valence state for the frozen-core algorithm:    22
final nbas: 392,final natm: 28
numbasis: 332, num_auxbas: 976
Molecule_name: c-cbrcbr-c
Restricted Hartree-Fock (or Kohn-Sham) algorithm is invoked.
Nuc_energy:     675.95283210 Hartree
No ghost effective potential
No ghost point charges
Overlap matrix is nonsigular:
  Lowest eigenvalue:       0.00016151 with the total number of basis functions:    332
Grid size: 177608
Generate SAD of C
Generate SAD of H
Generate SAD of Br
Initial guess HF energy:   -5306.7045657052203751
The total energy:     -5305.2706810091 Ha by the initial guess
Energy:   -5304.6666711407 Ha after    1 iterations (in       1.16 seconds).
SCF Change: DM 1.58906e-2; eev  4.45453e0 Ha; etot  3.21749e0 Ha
Energy:   -5301.4491847574 Ha after    2 iterations (in       1.36 seconds).
SCF Change: DM 1.93506e-3; eev 6.99984e-1 Ha; etot -4.15950e0 Ha
Energy:   -5305.6086828250 Ha after    3 iterations (in       1.29 seconds).
SCF Change: DM 6.94075e-4; eev 2.41492e-1 Ha; etot -5.31035e-2 Ha
Energy:   -5305.6617863454 Ha after    4 iterations (in       1.38 seconds).
SCF Change: DM 2.09544e-4; eev 9.49697e-2 Ha; etot -2.61053e-2 Ha
Energy:   -5305.6878916578 Ha after    5 iterations (in       1.24 seconds).
SCF Change: DM 3.50018e-5; eev 2.55087e-2 Ha; etot -4.38925e-4 Ha
Energy:   -5305.6883305828 Ha after    6 iterations (in       1.17 seconds).
SCF Change: DM 5.08745e-6; eev 4.22532e-3 Ha; etot -1.97796e-5 Ha
Energy:   -5305.6883503624 Ha after    7 iterations (in       1.19 seconds).
SCF Change: DM 1.41029e-6; eev 6.57074e-4 Ha; etot -8.27999e-7 Ha
Energy:   -5305.6883511904 Ha after    8 iterations (in       1.18 seconds).
SCF Change: DM 5.17822e-7; eev 1.64577e-4 Ha; etot -5.47834e-8 Ha
Energy:   -5305.6883512452 Ha after    9 iterations (in       1.19 seconds).
SCF Change: DM 1.14282e-7; eev 3.99377e-5 Ha; etot -3.11047e-9 Ha
Energy:   -5305.6883512483 Ha after   10 iterations (in       1.26 seconds).
SCF Change: DM 1.81266e-8; eev 7.17950e-6 Ha; etot -2.36469e-10 Ha
Energy:   -5305.6883512485 Ha after   11 iterations (in       1.34 seconds).
SCF Change: DM 3.04687e-9; eev 1.36406e-6 Ha; etot 2.52840e-10 Ha
Energy:   -5305.6883512483 Ha after   12 iterations (in       1.21 seconds).
SCF Change: DM 8.78636e-10; eev 2.44582e-7 Ha; etot -1.80989e-10 Ha
Energy:   -5305.6883512485 Ha after   13 iterations (in       1.28 seconds).
SCF Change: DM 2.61497e-10; eev 1.01063e-7 Ha; etot -4.82032e-11 Ha
Energy:   -5305.6883512485 Ha after   14 iterations (in       1.21 seconds).
SCF Change: DM 1.08859e-10; eev 4.85726e-8 Ha; etot -5.54792e-11 Ha
Energy:   -5305.6883512486 Ha after   15 iterations (in       1.25 seconds).
SCF Change: DM 1.20444e-11; eev 4.93598e-9 Ha; etot 3.63798e-12 Ha
Energy:   -5305.6883512486 Ha after   16 iterations (in       1.19 seconds).
SCF is converged after   16 iterations.
==========================================
Now evaluate the    PT2 correlation energy
==========================================
----------------------------------------------------------------------
Methods         :       Total Corr,          OS Corr,          SS Corr
----------------------------------------------------------------------
PT2             :      -1.75627332,      -1.28438837,      -0.47188495
----------------------------------------------------------------------
Fifth-rung correlation energy :      -0.560507085441 Ha
E[XYGJOS]=:   -5302.38201547 Ha, Ex[HF]:    -202.71984621 Ha, Ec[PT2  ]:      -1.75627332 Ha
Mulliken population analysis:
  0-C  :  -0.004896
  1-H  :   0.147358
  2-C  :  -0.004896
  3-H  :   0.147358
  4-C  :  -0.268814
  5-C  :  -0.268814
  6-H  :   0.106230
  7-H  :   0.101110
  8-H  :   0.094704
  9-H  :   0.101110
 10-H  :   0.094704
 11-H  :   0.106230
 12-Br :  -0.175692
 13-Br :  -0.175692

====================================================
              REST: Mission accomplished
====================================================
The SCF energy        :   -5305.6883512486 Ha
The (R)-xDH energy    :   -5302.3820154718 Ha
Detailed time report:
SCF       |:   31.943 s for the scf procedure
Overall   |:   34.748 s for the whole job
PT2       |:    2.335 s for the PT2 evaluation
