=========================================================
Input parameters for the REST calculation
=========================================================
Calculation type: Single-point energy
The exchange-correlation method: xygjos
Print level:                1
The number of threads used for parallelism:      4
The spheric-GTO basis set is taken from /home/symei/def2-TZVPP
The pruning method is nwchem
The radial grid generation method is treutler
ERI Type: ri_v
Turn on the basis pair symmetry for RI 3D-tensors
The spheric-GTO auxiliary basis set is taken from /home/symei/def2-SV(P)-JKFIT
Spin polarization: Off
Charge:   0; Spin:   1
min_num_angular_points: 110
max_num_angular_points: 590
hardness: 3
Grid generation level: 3
Even tempered basis generation: false
SCF convergency thresholds: 1e-8 for density matrix
                            1e-8 Ha. for sum of eigenvalues
                            1e-8 Ha. for total energy
Max. SCF cycle number:      250
The diis mixing with (param, max_vec_len) = (0.2, 8) is employed for the SCF procedure
Turn on the diis mixing after 1 step(s) of SCF iteractions with the linear mixing
The specified checkfile exists but is not loaded because the keyword 'external_init_guess' is specified
It will be updated after the SCF procedure 
(none)
Initial guess is prepared by (sad).
It is a finite cluster calculation
the scf functional for 'xygjos' contains
The density functional 'B3LYP' belongs to the 'Hybrid GGA' family and is defined in the reference(s):
(0): P. J. Stephens, F. J. Devlin, C. F. Chabalowski, and M. J. Frisch.,  J. Phys. Chem. 98, 11623 (1994)
the post-scf functional 'xygjos' is employed, which contains
The density functional 'Slater exchange' belongs to the 'LDA' family and is defined in the reference(s):
(0): P. A. M. Dirac.,  Math. Proc. Cambridge Philos. Soc. 26, 376 (1930)
(1): F. Bloch.,  Z. Phys. 57, 545 (1929)
The density functional 'Becke 88' belongs to the 'GGA' family and is defined in the reference(s):
(0): A. D. Becke.,  Phys. Rev. A 38, 3098 (1988)
The density functional 'Vosko, Wilk & Nusair (VWN5_RPA)' belongs to the 'LDA' family and is defined in the reference(s):
(0): S. H. Vosko, L. Wilk, and M. Nusair.,  Can. J. Phys. 58, 1200 (1980)
The density functional 'Lee, Yang & Parr' belongs to the 'GGA' family and is defined in the reference(s):
(0): C. Lee, W. Yang, and R. G. Parr.,  Phys. Rev. B 37, 785 (1988)
(1): B. Miehlich, A. Savin, H. Stoll, and H. Preuss.,  Chem. Phys. Lett. 157, 200 (1989)
For SCF calculation, no core orbital is frozen by effective core potential (ECP) approximation
Libxc version used in REST: 7.0.0
nbas: 75, natm: 5 for standard basis sets
First valence state for the frozen-core algorithm:    37
final nbas: 340,final natm: 10
numbasis: 223, num_auxbas: 1139
Molecule_name: cbr4
Restricted Hartree-Fock (or Kohn-Sham) algorithm is invoked.
Nuc_energy:    1444.76028925 Hartree
No ghost effective potential
No ghost point charges
Overlap matrix is nonsigular:
  Lowest eigenvalue:       0.00320099 with the total number of basis functions:    223
Grid size: 97518
Generate SAD of C
Generate SAD of Br
Initial guess HF energy:  -10335.6217123368442117
The total energy:    -10334.8062778928 Ha by the initial guess
Energy:  -10334.7976091882 Ha after    1 iterations (in       0.60 seconds).
SCF Change: DM 1.86852e-3; eev 4.67580e-1 Ha; etot 1.00321e-1 Ha
Energy:  -10334.6972880306 Ha after    2 iterations (in       0.60 seconds).
SCF Change: DM 1.03956e-4; eev 3.49588e-2 Ha; etot -1.18732e-1 Ha
Energy:  -10334.8160200550 Ha after    3 iterations (in       0.55 seconds).
SCF Change: DM 1.46120e-5; eev 3.12135e-3 Ha; etot -9.08416e-5 Ha
Energy:  -10334.8161108966 Ha after    4 iterations (in       0.62 seconds).
SCF Change: DM 3.88240e-6; eev 1.37070e-3 Ha; etot -3.32387e-6 Ha
Energy:  -10334.8161142205 Ha after    5 iterations (in       0.63 seconds).
SCF Change: DM 1.01861e-6; eev 6.34749e-4 Ha; etot -2.45354e-7 Ha
Energy:  -10334.8161144659 Ha after    6 iterations (in       0.60 seconds).
SCF Change: DM 1.78290e-7; eev 9.25986e-5 Ha; etot -6.64477e-9 Ha
Energy:  -10334.8161144725 Ha after    7 iterations (in       0.60 seconds).
SCF Change: DM 1.08647e-8; eev 1.66062e-6 Ha; etot -1.60071e-10 Ha
Energy:  -10334.8161144727 Ha after    8 iterations (in       0.64 seconds).
SCF Change: DM 2.53831e-9; eev 7.90280e-7 Ha; etot -1.27329e-11 Ha
Energy:  -10334.8161144727 Ha after    9 iterations (in       0.59 seconds).
SCF Change: DM 1.28977e-9; eev 4.05731e-7 Ha; etot -1.25510e-10 Ha
Energy:  -10334.8161144728 Ha after   10 iterations (in       0.64 seconds).
SCF Change: DM 3.32070e-11; eev 1.59546e-8 Ha; etot 1.10958e-10 Ha
Energy:  -10334.8161144727 Ha after   11 iterations (in       0.61 seconds).
SCF Change: DM 5.33611e-12; eev 2.88970e-9 Ha; etot -3.03771e-10 Ha
Energy:  -10334.8161144730 Ha after   12 iterations (in       0.60 seconds).
SCF is converged after   12 iterations.
==========================================
Now evaluate the    PT2 correlation energy
==========================================
----------------------------------------------------------------------
Methods         :       Total Corr,          OS Corr,          SS Corr
----------------------------------------------------------------------
PT2             :      -1.78937639,      -1.23802372,      -0.55135267
----------------------------------------------------------------------
Fifth-rung correlation energy :      -0.540273551346 Ha
E[XYGJOS]=:  -10329.02988276 Ha, Ex[HF]:    -363.37887911 Ha, Ec[PT2  ]:      -1.78937639 Ha
Mulliken population analysis:
  0-C  :  -0.006169
  1-Br :   0.001533
  2-Br :   0.001539
  3-Br :   0.001539
  4-Br :   0.001558

====================================================
              REST: Mission accomplished
====================================================
The SCF energy        :  -10334.8161144730 Ha
The (R)-xDH energy    :  -10329.0298827615 Ha
Detailed time report:
PT2       |:    1.373 s for the PT2 evaluation
Overall   |:   15.100 s for the whole job
SCF       |:   13.281 s for the scf procedure
