=========================================================
Input parameters for the REST calculation
=========================================================
Calculation type: Single-point energy
The exchange-correlation method: xygjos
Print level:                1
The number of threads used for parallelism:      4
The spheric-GTO basis set is taken from /home/symei/def2-TZVPP
The pruning method is nwchem
The radial grid generation method is treutler
ERI Type: ri_v
Turn on the basis pair symmetry for RI 3D-tensors
The spheric-GTO auxiliary basis set is taken from /home/symei/def2-SV(P)-JKFIT
Spin polarization: Off
Charge:   0; Spin:   1
min_num_angular_points: 110
max_num_angular_points: 590
hardness: 3
Grid generation level: 3
Even tempered basis generation: false
SCF convergency thresholds: 1e-8 for density matrix
                            1e-8 Ha. for sum of eigenvalues
                            1e-8 Ha. for total energy
Max. SCF cycle number:      250
The diis mixing with (param, max_vec_len) = (0.2, 8) is employed for the SCF procedure
Turn on the diis mixing after 1 step(s) of SCF iteractions with the linear mixing
The specified checkfile exists but is not loaded because the keyword 'external_init_guess' is specified
It will be updated after the SCF procedure 
(none)
Initial guess is prepared by (sad).
It is a finite cluster calculation
the scf functional for 'xygjos' contains
The density functional 'B3LYP' belongs to the 'Hybrid GGA' family and is defined in the reference(s):
(0): P. J. Stephens, F. J. Devlin, C. F. Chabalowski, and M. J. Frisch.,  J. Phys. Chem. 98, 11623 (1994)
the post-scf functional 'xygjos' is employed, which contains
The density functional 'Slater exchange' belongs to the 'LDA' family and is defined in the reference(s):
(0): P. A. M. Dirac.,  Math. Proc. Cambridge Philos. Soc. 26, 376 (1930)
(1): F. Bloch.,  Z. Phys. 57, 545 (1929)
The density functional 'Becke 88' belongs to the 'GGA' family and is defined in the reference(s):
(0): A. D. Becke.,  Phys. Rev. A 38, 3098 (1988)
The density functional 'Vosko, Wilk & Nusair (VWN5_RPA)' belongs to the 'LDA' family and is defined in the reference(s):
(0): S. H. Vosko, L. Wilk, and M. Nusair.,  Can. J. Phys. 58, 1200 (1980)
The density functional 'Lee, Yang & Parr' belongs to the 'GGA' family and is defined in the reference(s):
(0): C. Lee, W. Yang, and R. G. Parr.,  Phys. Rev. B 37, 785 (1988)
(1): B. Miehlich, A. Savin, H. Stoll, and H. Preuss.,  Chem. Phys. Lett. 157, 200 (1989)
For SCF calculation, no core orbital is frozen by effective core potential (ECP) approximation
Libxc version used in REST: 7.0.0
nbas: 78, natm: 8 for standard basis sets
First valence state for the frozen-core algorithm:    20
final nbas: 272,final natm: 16
numbasis: 214, num_auxbas: 754
Molecule_name: cbrcbr
Restricted Hartree-Fock (or Kohn-Sham) algorithm is invoked.
Nuc_energy:     414.57911499 Hartree
No ghost effective potential
No ghost point charges
Overlap matrix is nonsigular:
  Lowest eigenvalue:       0.00035717 with the total number of basis functions:    214
Grid size: 109708
Generate SAD of C
Generate SAD of H
Generate SAD of Br
Initial guess HF energy:   -5227.5725550924125855
The total energy:     -5226.8346273720 Ha by the initial guess
Energy:   -5226.5421851054 Ha after    1 iterations (in       0.45 seconds).
SCF Change: DM 9.19833e-3; eev  2.79607e0 Ha; etot  1.33926e0 Ha
Energy:   -5225.2029245139 Ha after    2 iterations (in       0.51 seconds).
SCF Change: DM 1.24297e-3; eev 4.09957e-1 Ha; etot -1.81469e0 Ha
Energy:   -5227.0176103058 Ha after    3 iterations (in       0.42 seconds).
SCF Change: DM 5.05344e-4; eev 2.17265e-1 Ha; etot -7.72503e-3 Ha
Energy:   -5227.0253353334 Ha after    4 iterations (in       0.41 seconds).
SCF Change: DM 4.61026e-5; eev 3.27431e-2 Ha; etot -1.98339e-3 Ha
Energy:   -5227.0273187222 Ha after    5 iterations (in       0.42 seconds).
SCF Change: DM 9.53891e-6; eev 4.96986e-3 Ha; etot -2.66119e-5 Ha
Energy:   -5227.0273453341 Ha after    6 iterations (in       0.40 seconds).
SCF Change: DM 3.12837e-6; eev 1.41326e-3 Ha; etot -1.17015e-6 Ha
Energy:   -5227.0273465043 Ha after    7 iterations (in       0.50 seconds).
SCF Change: DM 5.12250e-7; eev 1.01835e-4 Ha; etot -6.25514e-8 Ha
Energy:   -5227.0273465668 Ha after    8 iterations (in       0.43 seconds).
SCF Change: DM 9.79616e-8; eev 1.24156e-5 Ha; etot -2.24918e-9 Ha
Energy:   -5227.0273465691 Ha after    9 iterations (in       0.42 seconds).
SCF Change: DM 2.16449e-8; eev 2.02795e-6 Ha; etot -1.06411e-10 Ha
Energy:   -5227.0273465692 Ha after   10 iterations (in       0.43 seconds).
SCF Change: DM 4.90747e-9; eev 1.06980e-6 Ha; etot -6.45741e-11 Ha
Energy:   -5227.0273465693 Ha after   11 iterations (in       0.38 seconds).
SCF Change: DM 7.09116e-10; eev 2.66956e-7 Ha; etot 4.63842e-11 Ha
Energy:   -5227.0273465692 Ha after   12 iterations (in       0.42 seconds).
SCF Change: DM 8.09858e-11; eev 7.02756e-9 Ha; etot -1.08230e-10 Ha
Energy:   -5227.0273465693 Ha after   13 iterations (in       0.49 seconds).
SCF is converged after   13 iterations.
==========================================
Now evaluate the    PT2 correlation energy
==========================================
----------------------------------------------------------------------
Methods         :       Total Corr,          OS Corr,          SS Corr
----------------------------------------------------------------------
PT2             :      -1.24919473,      -0.90073742,      -0.34845731
----------------------------------------------------------------------
Fifth-rung correlation energy :      -0.393081809714 Ha
E[XYGJOS]=:   -5223.95111280 Ha, Ex[HF]:    -190.91004718 Ha, Ec[PT2  ]:      -1.24919473 Ha
Mulliken population analysis:
  0-C  :  -0.154572
  1-H  :   0.146023
  2-H  :   0.146023
  3-C  :  -0.154572
  4-H  :   0.146023
  5-H  :   0.146023
  6-Br :  -0.137475
  7-Br :  -0.137475

====================================================
              REST: Mission accomplished
====================================================
The SCF energy        :   -5227.0273465693 Ha
The (R)-xDH energy    :   -5223.9511127985 Ha
Detailed time report:
SCF       |:   10.641 s for the scf procedure
PT2       |:    0.833 s for the PT2 evaluation
Overall   |:   11.888 s for the whole job
