=========================================================
Input parameters for the REST calculation
=========================================================
Calculation type: Single-point energy
The exchange-correlation method: xygjos
Print level:                1
The number of threads used for parallelism:      4
The spheric-GTO basis set is taken from /home/symei/def2-TZVPP
The pruning method is nwchem
The radial grid generation method is treutler
ERI Type: ri_v
Turn on the basis pair symmetry for RI 3D-tensors
The spheric-GTO auxiliary basis set is taken from /home/symei/def2-SV(P)-JKFIT
Spin polarization: Off
Charge:   0; Spin:   1
min_num_angular_points: 110
max_num_angular_points: 590
hardness: 3
Grid generation level: 3
Even tempered basis generation: false
SCF convergency thresholds: 1e-8 for density matrix
                            1e-8 Ha. for sum of eigenvalues
                            1e-8 Ha. for total energy
Max. SCF cycle number:      250
The diis mixing with (param, max_vec_len) = (0.2, 8) is employed for the SCF procedure
Turn on the diis mixing after 1 step(s) of SCF iteractions with the linear mixing
The specified checkfile exists but is not loaded because the keyword 'external_init_guess' is specified
It will be updated after the SCF procedure 
(none)
Initial guess is prepared by (sad).
It is a finite cluster calculation
the scf functional for 'xygjos' contains
The density functional 'B3LYP' belongs to the 'Hybrid GGA' family and is defined in the reference(s):
(0): P. J. Stephens, F. J. Devlin, C. F. Chabalowski, and M. J. Frisch.,  J. Phys. Chem. 98, 11623 (1994)
the post-scf functional 'xygjos' is employed, which contains
The density functional 'Slater exchange' belongs to the 'LDA' family and is defined in the reference(s):
(0): P. A. M. Dirac.,  Math. Proc. Cambridge Philos. Soc. 26, 376 (1930)
(1): F. Bloch.,  Z. Phys. 57, 545 (1929)
The density functional 'Becke 88' belongs to the 'GGA' family and is defined in the reference(s):
(0): A. D. Becke.,  Phys. Rev. A 38, 3098 (1988)
The density functional 'Vosko, Wilk & Nusair (VWN5_RPA)' belongs to the 'LDA' family and is defined in the reference(s):
(0): S. H. Vosko, L. Wilk, and M. Nusair.,  Can. J. Phys. 58, 1200 (1980)
The density functional 'Lee, Yang & Parr' belongs to the 'GGA' family and is defined in the reference(s):
(0): C. Lee, W. Yang, and R. G. Parr.,  Phys. Rev. B 37, 785 (1988)
(1): B. Miehlich, A. Savin, H. Stoll, and H. Preuss.,  Chem. Phys. Lett. 157, 200 (1989)
For SCF calculation, no core orbital is frozen by effective core potential (ECP) approximation
Libxc version used in REST: 7.0.0
nbas: 91, natm: 11 for standard basis sets
First valence state for the frozen-core algorithm:    12
final nbas: 268,final natm: 22
numbasis: 239, num_auxbas: 617
Molecule_name: cccbr1
Restricted Hartree-Fock (or Kohn-Sham) algorithm is invoked.
Nuc_energy:     234.97873007 Hartree
No ghost effective potential
No ghost point charges
Overlap matrix is nonsigular:
  Lowest eigenvalue:       0.00026850 with the total number of basis functions:    239
Grid size: 132778
Generate SAD of C
Generate SAD of H
Generate SAD of Br
Initial guess HF energy:   -2693.3326716122651305
The total energy:     -2692.4393317273 Ha by the initial guess
Energy:   -2692.0560459809 Ha after    1 iterations (in       0.55 seconds).
SCF Change: DM 1.04710e-2; eev  3.56587e0 Ha; etot  1.26842e0 Ha
Energy:   -2690.7876301249 Ha after    2 iterations (in       0.53 seconds).
SCF Change: DM 2.27327e-3; eev 6.77822e-1 Ha; etot -1.95715e0 Ha
Energy:   -2692.7447751305 Ha after    3 iterations (in       0.54 seconds).
SCF Change: DM 7.29162e-4; eev 2.13622e-1 Ha; etot -1.67101e-2 Ha
Energy:   -2692.7614852343 Ha after    4 iterations (in       0.47 seconds).
SCF Change: DM 2.51966e-4; eev 9.07731e-2 Ha; etot -1.49183e-2 Ha
Energy:   -2692.7764035380 Ha after    5 iterations (in       0.49 seconds).
SCF Change: DM 3.65256e-5; eev 2.33698e-2 Ha; etot -3.01962e-4 Ha
Energy:   -2692.7767054997 Ha after    6 iterations (in       0.50 seconds).
SCF Change: DM 5.37244e-6; eev 2.90213e-3 Ha; etot -1.68598e-5 Ha
Energy:   -2692.7767223595 Ha after    7 iterations (in       0.54 seconds).
SCF Change: DM 2.29332e-6; eev 5.72833e-4 Ha; etot -5.21898e-7 Ha
Energy:   -2692.7767228814 Ha after    8 iterations (in       0.55 seconds).
SCF Change: DM 3.98638e-7; eev 2.20047e-4 Ha; etot -4.17272e-8 Ha
Energy:   -2692.7767229231 Ha after    9 iterations (in       0.52 seconds).
SCF Change: DM 1.95012e-7; eev 8.60264e-5 Ha; etot -2.10593e-9 Ha
Energy:   -2692.7767229252 Ha after   10 iterations (in       0.59 seconds).
SCF Change: DM 2.13526e-8; eev 6.92410e-6 Ha; etot -3.99268e-10 Ha
Energy:   -2692.7767229256 Ha after   11 iterations (in       0.56 seconds).
SCF Change: DM 5.56773e-9; eev 9.78928e-7 Ha; etot -1.81899e-11 Ha
Energy:   -2692.7767229256 Ha after   12 iterations (in       0.55 seconds).
SCF Change: DM 1.25456e-9; eev 2.74434e-7 Ha; etot -6.68479e-11 Ha
Energy:   -2692.7767229257 Ha after   13 iterations (in       0.52 seconds).
SCF Change: DM 3.95415e-10; eev 9.61492e-8 Ha; etot 1.20508e-10 Ha
Energy:   -2692.7767229256 Ha after   14 iterations (in       0.59 seconds).
SCF Change: DM 2.13766e-10; eev 5.91279e-8 Ha; etot -3.27418e-11 Ha
Energy:   -2692.7767229256 Ha after   15 iterations (in       0.57 seconds).
SCF Change: DM 2.99743e-11; eev 7.58090e-9 Ha; etot 2.22826e-11 Ha
Energy:   -2692.7767229256 Ha after   16 iterations (in       0.52 seconds).
SCF is converged after   16 iterations.
==========================================
Now evaluate the    PT2 correlation energy
==========================================
----------------------------------------------------------------------
Methods         :       Total Corr,          OS Corr,          SS Corr
----------------------------------------------------------------------
PT2             :      -1.12610059,      -0.84083298,      -0.28526761
----------------------------------------------------------------------
Fifth-rung correlation energy :      -0.366939511382 Ha
E[XYGJOS]=:   -2690.99871992 Ha, Ex[HF]:    -107.61246860 Ha, Ec[PT2  ]:      -1.12610059 Ha
Mulliken population analysis:
  0-C  :  -0.262606
  1-H  :   0.081541
  2-H  :   0.081541
  3-H  :   0.092702
  4-C  :  -0.082607
  5-H  :   0.073041
  6-H  :   0.073041
  7-C  :  -0.150773
  8-H  :   0.127207
  9-H  :   0.127207
 10-Br :  -0.160295

====================================================
              REST: Mission accomplished
====================================================
The SCF energy        :   -2692.7767229256 Ha
The (R)-xDH energy    :   -2690.9987199156 Ha
Detailed time report:
SCF       |:   14.273 s for the scf procedure
Overall   |:   15.603 s for the whole job
PT2       |:    0.914 s for the PT2 evaluation
