=========================================================
Input parameters for the REST calculation
=========================================================
Calculation type: Single-point energy
The exchange-correlation method: xygjos
Print level:                1
The number of threads used for parallelism:      4
The spheric-GTO basis set is taken from /home/symei/def2-TZVPP
The pruning method is nwchem
The radial grid generation method is treutler
ERI Type: ri_v
Turn on the basis pair symmetry for RI 3D-tensors
The spheric-GTO auxiliary basis set is taken from /home/symei/def2-SV(P)-JKFIT
Spin polarization: Off
Charge:   0; Spin:   1
min_num_angular_points: 110
max_num_angular_points: 590
hardness: 3
Grid generation level: 3
Even tempered basis generation: false
SCF convergency thresholds: 1e-8 for density matrix
                            1e-8 Ha. for sum of eigenvalues
                            1e-8 Ha. for total energy
Max. SCF cycle number:      250
The diis mixing with (param, max_vec_len) = (0.2, 8) is employed for the SCF procedure
Turn on the diis mixing after 1 step(s) of SCF iteractions with the linear mixing
The specified checkfile exists but is not loaded because the keyword 'external_init_guess' is specified
It will be updated after the SCF procedure 
(none)
Initial guess is prepared by (sad).
It is a finite cluster calculation
the scf functional for 'xygjos' contains
The density functional 'B3LYP' belongs to the 'Hybrid GGA' family and is defined in the reference(s):
(0): P. J. Stephens, F. J. Devlin, C. F. Chabalowski, and M. J. Frisch.,  J. Phys. Chem. 98, 11623 (1994)
the post-scf functional 'xygjos' is employed, which contains
The density functional 'Slater exchange' belongs to the 'LDA' family and is defined in the reference(s):
(0): P. A. M. Dirac.,  Math. Proc. Cambridge Philos. Soc. 26, 376 (1930)
(1): F. Bloch.,  Z. Phys. 57, 545 (1929)
The density functional 'Becke 88' belongs to the 'GGA' family and is defined in the reference(s):
(0): A. D. Becke.,  Phys. Rev. A 38, 3098 (1988)
The density functional 'Vosko, Wilk & Nusair (VWN5_RPA)' belongs to the 'LDA' family and is defined in the reference(s):
(0): S. H. Vosko, L. Wilk, and M. Nusair.,  Can. J. Phys. 58, 1200 (1980)
The density functional 'Lee, Yang & Parr' belongs to the 'GGA' family and is defined in the reference(s):
(0): C. Lee, W. Yang, and R. G. Parr.,  Phys. Rev. B 37, 785 (1988)
(1): B. Miehlich, A. Savin, H. Stoll, and H. Preuss.,  Chem. Phys. Lett. 157, 200 (1989)
For SCF calculation, no core orbital is frozen by effective core potential (ECP) approximation
Libxc version used in REST: 7.0.0
nbas: 22, natm: 2 for standard basis sets
First valence state for the frozen-core algorithm:     9
final nbas: 88,final natm: 4
numbasis: 62, num_auxbas: 284
Molecule_name: hbr
Restricted Hartree-Fock (or Kohn-Sham) algorithm is invoked.
Nuc_energy:      13.00491886 Hartree
No ghost effective potential
No ghost point charges
Overlap matrix is nonsigular:
  Lowest eigenvalue:       0.00486027 with the total number of basis functions:     62
Grid size: 30928
Generate SAD of Br
Generate SAD of H
Initial guess HF energy:   -2574.8026275550264472
The total energy:     -2574.7824115888 Ha by the initial guess
Energy:   -2574.7841354241 Ha after    1 iterations (in       0.03 seconds).
SCF Change: DM 2.24681e-3; eev 2.48895e-1 Ha; etot 6.77684e-4 Ha
Energy:   -2574.7834577406 Ha after    2 iterations (in       0.03 seconds).
SCF Change: DM 1.48500e-4; eev 1.52731e-2 Ha; etot -6.26048e-3 Ha
Energy:   -2574.7897182172 Ha after    3 iterations (in       0.03 seconds).
SCF Change: DM 6.44670e-6; eev 6.39727e-4 Ha; etot -1.98767e-5 Ha
Energy:   -2574.7897380939 Ha after    4 iterations (in       0.03 seconds).
SCF Change: DM 2.43408e-6; eev 3.71593e-4 Ha; etot -3.24885e-8 Ha
Energy:   -2574.7897381264 Ha after    5 iterations (in       0.03 seconds).
SCF Change: DM 3.53796e-7; eev 6.43224e-5 Ha; etot -2.75122e-9 Ha
Energy:   -2574.7897381292 Ha after    6 iterations (in       0.03 seconds).
SCF Change: DM 3.87555e-8; eev 6.46973e-6 Ha; etot -1.32331e-10 Ha
Energy:   -2574.7897381293 Ha after    7 iterations (in       0.03 seconds).
SCF Change: DM 4.74524e-9; eev 5.78669e-7 Ha; etot -1.31877e-11 Ha
Energy:   -2574.7897381293 Ha after    8 iterations (in       0.03 seconds).
SCF Change: DM 2.30923e-10; eev 3.22727e-8 Ha; etot 8.18545e-12 Ha
Energy:   -2574.7897381293 Ha after    9 iterations (in       0.03 seconds).
SCF Change: DM 1.26727e-11; eev 1.57596e-9 Ha; etot -8.64020e-12 Ha
Energy:   -2574.7897381293 Ha after   10 iterations (in       0.03 seconds).
SCF is converged after   10 iterations.
==========================================
Now evaluate the    PT2 correlation energy
==========================================
----------------------------------------------------------------------
Methods         :       Total Corr,          OS Corr,          SS Corr
----------------------------------------------------------------------
PT2             :      -0.38920186,      -0.27594145,      -0.11326042
----------------------------------------------------------------------
Fifth-rung correlation energy :      -0.120420848207 Ha
E[XYGJOS]=:   -2573.36471867 Ha, Ex[HF]:     -89.89374412 Ha, Ec[PT2  ]:      -0.38920186 Ha
Mulliken population analysis:
  0-Br :  -0.133599
  1-H  :   0.133599

====================================================
              REST: Mission accomplished
====================================================
The SCF energy        :   -2574.7897381293 Ha
The (R)-xDH energy    :   -2573.3647186735 Ha
Detailed time report:
PT2       |:    0.060 s for the PT2 evaluation
Overall   |:    1.464 s for the whole job
SCF       |:    0.996 s for the scf procedure
