=========================================================
Input parameters for the REST calculation
=========================================================
Calculation type: Single-point energy
The exchange-correlation method: xygjos
Print level:                1
The number of threads used for parallelism:      4
The spheric-GTO basis set is taken from /home/symei/def2-TZVPP
The pruning method is nwchem
The radial grid generation method is treutler
ERI Type: ri_v
Turn on the basis pair symmetry for RI 3D-tensors
The spheric-GTO auxiliary basis set is taken from /home/symei/def2-SV(P)-JKFIT
Spin polarization: Off
Charge:   0; Spin:   1
min_num_angular_points: 110
max_num_angular_points: 590
hardness: 3
Grid generation level: 3
Even tempered basis generation: false
SCF convergency thresholds: 1e-8 for density matrix
                            1e-8 Ha. for sum of eigenvalues
                            1e-8 Ha. for total energy
Max. SCF cycle number:      250
The diis mixing with (param, max_vec_len) = (0.2, 8) is employed for the SCF procedure
Turn on the diis mixing after 1 step(s) of SCF iteractions with the linear mixing
The specified checkfile exists but is not loaded because the keyword 'external_init_guess' is specified
It will be updated after the SCF procedure 
(none)
Initial guess is prepared by (sad).
It is a finite cluster calculation
the scf functional for 'xygjos' contains
The density functional 'B3LYP' belongs to the 'Hybrid GGA' family and is defined in the reference(s):
(0): P. J. Stephens, F. J. Devlin, C. F. Chabalowski, and M. J. Frisch.,  J. Phys. Chem. 98, 11623 (1994)
the post-scf functional 'xygjos' is employed, which contains
The density functional 'Slater exchange' belongs to the 'LDA' family and is defined in the reference(s):
(0): P. A. M. Dirac.,  Math. Proc. Cambridge Philos. Soc. 26, 376 (1930)
(1): F. Bloch.,  Z. Phys. 57, 545 (1929)
The density functional 'Becke 88' belongs to the 'GGA' family and is defined in the reference(s):
(0): A. D. Becke.,  Phys. Rev. A 38, 3098 (1988)
The density functional 'Vosko, Wilk & Nusair (VWN5_RPA)' belongs to the 'LDA' family and is defined in the reference(s):
(0): S. H. Vosko, L. Wilk, and M. Nusair.,  Can. J. Phys. 58, 1200 (1980)
The density functional 'Lee, Yang & Parr' belongs to the 'GGA' family and is defined in the reference(s):
(0): C. Lee, W. Yang, and R. G. Parr.,  Phys. Rev. B 37, 785 (1988)
(1): B. Miehlich, A. Savin, H. Stoll, and H. Preuss.,  Chem. Phys. Lett. 157, 200 (1989)
For SCF calculation, no core orbital is frozen by effective core potential (ECP) approximation
Libxc version used in REST: 7.0.0
nbas: 33, natm: 3 for standard basis sets
First valence state for the frozen-core algorithm:    10
final nbas: 124,final natm: 6
numbasis: 93, num_auxbas: 361
Molecule_name: hobr
Restricted Hartree-Fock (or Kohn-Sham) algorithm is invoked.
Nuc_energy:      93.01876513 Hartree
No ghost effective potential
No ghost point charges
Overlap matrix is nonsigular:
  Lowest eigenvalue:       0.00274634 with the total number of basis functions:     93
Grid size: 45190
Generate SAD of O
Generate SAD of H
Generate SAD of Br
Initial guess HF energy:   -2650.1247767580753134
The total energy:     -2649.8641567491 Ha by the initial guess
Energy:   -2649.3744467093 Ha after    1 iterations (in       0.06 seconds).
SCF Change: DM 1.78790e-2; eev  3.28890e0 Ha; etot  1.18684e0 Ha
Energy:   -2648.1876040210 Ha after    2 iterations (in       0.07 seconds).
SCF Change: DM 1.45887e-3; eev 1.13619e-1 Ha; etot -1.79800e0 Ha
Energy:   -2649.9856006423 Ha after    3 iterations (in       0.06 seconds).
SCF Change: DM 7.30197e-4; eev 7.65621e-2 Ha; etot -6.15495e-3 Ha
Energy:   -2649.9917555937 Ha after    4 iterations (in       0.06 seconds).
SCF Change: DM 1.56496e-4; eev 3.46292e-2 Ha; etot -1.50326e-3 Ha
Energy:   -2649.9932588520 Ha after    5 iterations (in       0.06 seconds).
SCF Change: DM 3.66288e-5; eev 1.05817e-2 Ha; etot -7.22313e-5 Ha
Energy:   -2649.9933310833 Ha after    6 iterations (in       0.07 seconds).
SCF Change: DM 7.89254e-6; eev 1.96997e-3 Ha; etot -3.32647e-6 Ha
Energy:   -2649.9933344098 Ha after    7 iterations (in       0.08 seconds).
SCF Change: DM 2.63486e-6; eev 4.47019e-4 Ha; etot -1.05906e-7 Ha
Energy:   -2649.9933345157 Ha after    8 iterations (in       0.08 seconds).
SCF Change: DM 5.16399e-7; eev 6.07496e-5 Ha; etot -9.69067e-9 Ha
Energy:   -2649.9933345254 Ha after    9 iterations (in       0.06 seconds).
SCF Change: DM 1.09148e-7; eev 1.18624e-5 Ha; etot -9.06766e-10 Ha
Energy:   -2649.9933345263 Ha after   10 iterations (in       0.06 seconds).
SCF Change: DM 2.11182e-8; eev 2.51998e-6 Ha; etot -1.86446e-11 Ha
Energy:   -2649.9933345263 Ha after   11 iterations (in       0.06 seconds).
SCF Change: DM 7.85242e-9; eev 8.45946e-7 Ha; etot -1.27329e-11 Ha
Energy:   -2649.9933345263 Ha after   12 iterations (in       0.05 seconds).
SCF Change: DM 9.40627e-10; eev 2.15259e-7 Ha; etot 3.18323e-12 Ha
Energy:   -2649.9933345263 Ha after   13 iterations (in       0.06 seconds).
SCF Change: DM 3.86831e-10; eev 6.45447e-8 Ha; etot 1.36424e-11 Ha
Energy:   -2649.9933345263 Ha after   14 iterations (in       0.06 seconds).
SCF Change: DM 6.86204e-11; eev 1.39127e-8 Ha; etot -4.54747e-12 Ha
Energy:   -2649.9933345263 Ha after   15 iterations (in       0.06 seconds).
SCF Change: DM 1.26044e-11; eev 1.96047e-9 Ha; etot -1.00044e-11 Ha
Energy:   -2649.9933345263 Ha after   16 iterations (in       0.06 seconds).
SCF is converged after   16 iterations.
==========================================
Now evaluate the    PT2 correlation energy
==========================================
----------------------------------------------------------------------
Methods         :       Total Corr,          OS Corr,          SS Corr
----------------------------------------------------------------------
PT2             :      -0.73528558,      -0.53091519,      -0.20437039
----------------------------------------------------------------------
Fifth-rung correlation energy :      -0.231691389822 Ha
E[XYGJOS]=:   -2648.38700168 Ha, Ex[HF]:     -98.09357746 Ha, Ec[PT2  ]:      -0.73528558 Ha
Mulliken population analysis:
  0-O  :  -0.299725
  1-H  :   0.208356
  2-Br :   0.091369

====================================================
              REST: Mission accomplished
====================================================
The SCF energy        :   -2649.9933345263 Ha
The (R)-xDH energy    :   -2648.3870016822 Ha
Detailed time report:
Overall   |:    2.822 s for the whole job
SCF       |:    2.259 s for the scf procedure
PT2       |:    0.153 s for the PT2 evaluation
