=========================================================
Input parameters for the REST calculation
=========================================================
Calculation type: Single-point energy
The exchange-correlation method: xygjos
Print level:                1
The number of threads used for parallelism:      4
The spheric-GTO basis set is taken from /home/symei/def2-TZVPP
The pruning method is nwchem
The radial grid generation method is treutler
ERI Type: ri_v
Turn on the basis pair symmetry for RI 3D-tensors
The spheric-GTO auxiliary basis set is taken from /home/symei/def2-SV(P)-JKFIT
Spin polarization: Off
Charge:   0; Spin:   1
min_num_angular_points: 110
max_num_angular_points: 590
hardness: 3
Grid generation level: 3
Even tempered basis generation: false
SCF convergency thresholds: 1e-8 for density matrix
                            1e-8 Ha. for sum of eigenvalues
                            1e-8 Ha. for total energy
Max. SCF cycle number:      250
The diis mixing with (param, max_vec_len) = (0.2, 8) is employed for the SCF procedure
Turn on the diis mixing after 1 step(s) of SCF iteractions with the linear mixing
The specified checkfile exists but is not loaded because the keyword 'external_init_guess' is specified
It will be updated after the SCF procedure 
(none)
Initial guess is prepared by (sad).
It is a finite cluster calculation
the scf functional for 'xygjos' contains
The density functional 'B3LYP' belongs to the 'Hybrid GGA' family and is defined in the reference(s):
(0): P. J. Stephens, F. J. Devlin, C. F. Chabalowski, and M. J. Frisch.,  J. Phys. Chem. 98, 11623 (1994)
the post-scf functional 'xygjos' is employed, which contains
The density functional 'Slater exchange' belongs to the 'LDA' family and is defined in the reference(s):
(0): P. A. M. Dirac.,  Math. Proc. Cambridge Philos. Soc. 26, 376 (1930)
(1): F. Bloch.,  Z. Phys. 57, 545 (1929)
The density functional 'Becke 88' belongs to the 'GGA' family and is defined in the reference(s):
(0): A. D. Becke.,  Phys. Rev. A 38, 3098 (1988)
The density functional 'Vosko, Wilk & Nusair (VWN5_RPA)' belongs to the 'LDA' family and is defined in the reference(s):
(0): S. H. Vosko, L. Wilk, and M. Nusair.,  Can. J. Phys. 58, 1200 (1980)
The density functional 'Lee, Yang & Parr' belongs to the 'GGA' family and is defined in the reference(s):
(0): C. Lee, W. Yang, and R. G. Parr.,  Phys. Rev. B 37, 785 (1988)
(1): B. Miehlich, A. Savin, H. Stoll, and H. Preuss.,  Chem. Phys. Lett. 157, 200 (1989)
For SCF calculation, no core orbital is frozen by effective core potential (ECP) approximation
Libxc version used in REST: 7.0.0
nbas: 62, natm: 4 for standard basis sets
First valence state for the frozen-core algorithm:    32
final nbas: 280,final natm: 8
numbasis: 186, num_auxbas: 926
Molecule_name: pbr3
Restricted Hartree-Fock (or Kohn-Sham) algorithm is invoked.
Nuc_energy:     925.91984993 Hartree
No ghost effective potential
No ghost point charges
Overlap matrix is nonsigular:
  Lowest eigenvalue:       0.00424592 with the total number of basis functions:    186
Grid size: 81592
Generate SAD of P
Generate SAD of Br
Initial guess HF energy:   -8064.4590458753154962
The total energy:     -8063.9857632986 Ha by the initial guess
Energy:   -8063.9544976086 Ha after    1 iterations (in       0.47 seconds).
SCF Change: DM 3.89602e-3; eev 7.81591e-1 Ha; etot 1.24791e-1 Ha
Energy:   -8063.8297063291 Ha after    2 iterations (in       0.47 seconds).
SCF Change: DM 2.37788e-4; eev 4.74091e-2 Ha; etot -1.74367e-1 Ha
Energy:   -8064.0040729437 Ha after    3 iterations (in       0.43 seconds).
SCF Change: DM 6.91186e-5; eev 2.10986e-2 Ha; etot -1.85633e-4 Ha
Energy:   -8064.0042585765 Ha after    4 iterations (in       0.34 seconds).
SCF Change: DM 1.69107e-5; eev 7.01090e-3 Ha; etot -2.45165e-5 Ha
Energy:   -8064.0042830930 Ha after    5 iterations (in       0.33 seconds).
SCF Change: DM 2.82610e-6; eev 8.05844e-4 Ha; etot -2.36312e-6 Ha
Energy:   -8064.0042854562 Ha after    6 iterations (in       0.33 seconds).
SCF Change: DM 8.54559e-7; eev 2.66446e-4 Ha; etot -7.88405e-8 Ha
Energy:   -8064.0042855350 Ha after    7 iterations (in       0.31 seconds).
SCF Change: DM 2.54216e-7; eev 8.21037e-5 Ha; etot -3.04226e-9 Ha
Energy:   -8064.0042855380 Ha after    8 iterations (in       0.33 seconds).
SCF Change: DM 2.99228e-8; eev 4.26691e-6 Ha; etot -1.10049e-10 Ha
Energy:   -8064.0042855382 Ha after    9 iterations (in       0.33 seconds).
SCF Change: DM 4.06595e-9; eev 7.63491e-7 Ha; etot -2.63753e-10 Ha
Energy:   -8064.0042855384 Ha after   10 iterations (in       0.33 seconds).
SCF Change: DM 1.65455e-9; eev 3.38680e-7 Ha; etot 9.09495e-11 Ha
Energy:   -8064.0042855383 Ha after   11 iterations (in       0.35 seconds).
SCF Change: DM 1.96969e-10; eev 3.26024e-8 Ha; etot 2.54659e-11 Ha
Energy:   -8064.0042855383 Ha after   12 iterations (in       0.38 seconds).
SCF Change: DM 8.86689e-11; eev 1.98555e-8 Ha; etot 6.09361e-11 Ha
Energy:   -8064.0042855382 Ha after   13 iterations (in       0.42 seconds).
SCF Change: DM 1.66603e-11; eev 4.04817e-9 Ha; etot 4.00178e-11 Ha
Energy:   -8064.0042855382 Ha after   14 iterations (in       0.38 seconds).
SCF is converged after   14 iterations.
==========================================
Now evaluate the    PT2 correlation energy
==========================================
----------------------------------------------------------------------
Methods         :       Total Corr,          OS Corr,          SS Corr
----------------------------------------------------------------------
PT2             :      -1.36512759,      -0.94894319,      -0.41618441
----------------------------------------------------------------------
Fifth-rung correlation energy :      -0.414118807451 Ha
E[XYGJOS]=:   -8059.26903456 Ha, Ex[HF]:    -291.32044285 Ha, Ec[PT2  ]:      -1.36512759 Ha
Mulliken population analysis:
  0-P  :   0.374220
  1-Br :  -0.124743
  2-Br :  -0.124738
  3-Br :  -0.124738

====================================================
              REST: Mission accomplished
====================================================
The SCF energy        :   -8064.0042855382 Ha
The (R)-xDH energy    :   -8059.2690345627 Ha
Detailed time report:
Overall   |:   10.747 s for the whole job
SCF       |:    9.454 s for the scf procedure
PT2       |:    0.881 s for the PT2 evaluation
