=========================================================
Input parameters for the REST calculation
=========================================================
Calculation type: Single-point energy
The exchange-correlation method: xygjos
Print level:                1
The number of threads used for parallelism:      4
The spheric-GTO basis set is taken from /home/symei/def2-TZVPP
The pruning method is nwchem
The radial grid generation method is treutler
ERI Type: ri_v
Turn on the basis pair symmetry for RI 3D-tensors
The spheric-GTO auxiliary basis set is taken from /home/symei/def2-SV(P)-JKFIT
Spin polarization: Off
Charge:   0; Spin:   1
min_num_angular_points: 110
max_num_angular_points: 590
hardness: 3
Grid generation level: 3
Even tempered basis generation: false
SCF convergency thresholds: 1e-8 for density matrix
                            1e-8 Ha. for sum of eigenvalues
                            1e-8 Ha. for total energy
Max. SCF cycle number:      250
The diis mixing with (param, max_vec_len) = (0.2, 8) is employed for the SCF procedure
Turn on the diis mixing after 1 step(s) of SCF iteractions with the linear mixing
The specified checkfile exists but is not loaded because the keyword 'external_init_guess' is specified
It will be updated after the SCF procedure 
(none)
Initial guess is prepared by (sad).
It is a finite cluster calculation
the scf functional for 'xygjos' contains
The density functional 'B3LYP' belongs to the 'Hybrid GGA' family and is defined in the reference(s):
(0): P. J. Stephens, F. J. Devlin, C. F. Chabalowski, and M. J. Frisch.,  J. Phys. Chem. 98, 11623 (1994)
the post-scf functional 'xygjos' is employed, which contains
The density functional 'Slater exchange' belongs to the 'LDA' family and is defined in the reference(s):
(0): P. A. M. Dirac.,  Math. Proc. Cambridge Philos. Soc. 26, 376 (1930)
(1): F. Bloch.,  Z. Phys. 57, 545 (1929)
The density functional 'Becke 88' belongs to the 'GGA' family and is defined in the reference(s):
(0): A. D. Becke.,  Phys. Rev. A 38, 3098 (1988)
The density functional 'Vosko, Wilk & Nusair (VWN5_RPA)' belongs to the 'LDA' family and is defined in the reference(s):
(0): S. H. Vosko, L. Wilk, and M. Nusair.,  Can. J. Phys. 58, 1200 (1980)
The density functional 'Lee, Yang & Parr' belongs to the 'GGA' family and is defined in the reference(s):
(0): C. Lee, W. Yang, and R. G. Parr.,  Phys. Rev. B 37, 785 (1988)
(1): B. Miehlich, A. Savin, H. Stoll, and H. Preuss.,  Chem. Phys. Lett. 157, 200 (1989)
For SCF calculation, no core orbital is frozen by effective core potential (ECP) approximation
Libxc version used in REST: 7.0.0
nbas: 148, natm: 18 for standard basis sets
First valence state for the frozen-core algorithm:    15
final nbas: 424,final natm: 36
numbasis: 388, num_auxbas: 914
Molecule_name: ring-c6br1
Restricted Hartree-Fock (or Kohn-Sham) algorithm is invoked.
Nuc_energy:     507.26212101 Hartree
No ghost effective potential
No ghost point charges
Overlap matrix is nonsigular:
  Lowest eigenvalue:       0.00009141 with the total number of basis functions:    388
Grid size: 214580
Generate SAD of C
Generate SAD of H
Generate SAD of Br
Initial guess HF energy:   -2811.1848591549619414
The total energy:     -2808.9441906288 Ha by the initial guess
Energy:   -2807.8850517994 Ha after    1 iterations (in       1.56 seconds).
SCF Change: DM 1.77283e-2; eev  6.84678e0 Ha; etot  9.77920e0 Ha
Energy:   -2798.1058532042 Ha after    2 iterations (in       1.62 seconds).
SCF Change: DM 6.01976e-3; eev  2.79739e0 Ha; etot -1.11468e1 Ha
Energy:   -2809.2526763785 Ha after    3 iterations (in       1.73 seconds).
SCF Change: DM 2.14840e-3; eev  1.06316e0 Ha; etot -2.26225e-1 Ha
Energy:   -2809.4789016098 Ha after    4 iterations (in       1.51 seconds).
SCF Change: DM 4.94829e-4; eev 1.52965e-1 Ha; etot -7.26841e-2 Ha
Energy:   -2809.5515857379 Ha after    5 iterations (in       1.56 seconds).
SCF Change: DM 1.36009e-4; eev 8.86462e-2 Ha; etot -4.61827e-3 Ha
Energy:   -2809.5562040065 Ha after    6 iterations (in       1.60 seconds).
SCF Change: DM 3.78504e-5; eev 2.47553e-2 Ha; etot -5.57936e-4 Ha
Energy:   -2809.5567619429 Ha after    7 iterations (in       1.45 seconds).
SCF Change: DM 1.10595e-5; eev 5.39167e-3 Ha; etot -3.93100e-5 Ha
Energy:   -2809.5568012529 Ha after    8 iterations (in       1.42 seconds).
SCF Change: DM 3.82312e-6; eev 1.37789e-3 Ha; etot -3.65703e-6 Ha
Energy:   -2809.5568049100 Ha after    9 iterations (in       1.69 seconds).
SCF Change: DM 1.09287e-6; eev 4.25881e-4 Ha; etot -2.62628e-7 Ha
Energy:   -2809.5568051726 Ha after   10 iterations (in       1.59 seconds).
SCF Change: DM 2.37123e-7; eev 5.58204e-5 Ha; etot -1.11418e-8 Ha
Energy:   -2809.5568051837 Ha after   11 iterations (in       1.55 seconds).
SCF Change: DM 7.63459e-8; eev 2.67843e-5 Ha; etot -1.19780e-9 Ha
Energy:   -2809.5568051849 Ha after   12 iterations (in       1.61 seconds).
SCF Change: DM 1.27271e-8; eev 5.50462e-6 Ha; etot -1.00954e-10 Ha
Energy:   -2809.5568051850 Ha after   13 iterations (in       1.64 seconds).
SCF Change: DM 3.78488e-9; eev 2.63709e-6 Ha; etot 8.36735e-11 Ha
Energy:   -2809.5568051849 Ha after   14 iterations (in       1.48 seconds).
SCF Change: DM 2.27367e-9; eev 9.96688e-7 Ha; etot 1.90994e-11 Ha
Energy:   -2809.5568051849 Ha after   15 iterations (in       1.40 seconds).
SCF Change: DM 2.77772e-10; eev 1.49062e-7 Ha; etot -4.72937e-11 Ha
Energy:   -2809.5568051850 Ha after   16 iterations (in       1.60 seconds).
SCF Change: DM 5.67681e-11; eev 3.94304e-8 Ha; etot -3.63798e-11 Ha
Energy:   -2809.5568051850 Ha after   17 iterations (in       1.46 seconds).
SCF Change: DM 2.50736e-11; eev 8.46146e-9 Ha; etot -5.36602e-11 Ha
Energy:   -2809.5568051851 Ha after   18 iterations (in       1.39 seconds).
SCF is converged after   18 iterations.
==========================================
Now evaluate the    PT2 correlation energy
==========================================
----------------------------------------------------------------------
Methods         :       Total Corr,          OS Corr,          SS Corr
----------------------------------------------------------------------
PT2             :      -1.83903868,      -1.37245920,      -0.46657949
----------------------------------------------------------------------
Fifth-rung correlation energy :      -0.598941193594 Ha
E[XYGJOS]=:   -2807.44135519 Ha, Ex[HF]:    -124.66119614 Ha, Ec[PT2  ]:      -1.83903868 Ha
Mulliken population analysis:
  0-C  :  -0.138868
  1-C  :   0.017529
  2-C  :  -0.138868
  3-C  :  -0.132659
  4-C  :  -0.110976
  5-C  :  -0.132660
  6-H  :   0.086413
  7-H  :   0.109625
  8-H  :   0.071607
  9-H  :   0.086413
 10-H  :   0.060821
 11-H  :   0.074637
 12-H  :   0.071128
 13-H  :   0.057239
 14-H  :   0.060821
 15-H  :   0.074638
 16-H  :   0.071607
 17-Br :  -0.188447

====================================================
              REST: Mission accomplished
====================================================
The SCF energy        :   -2809.5568051851 Ha
The (R)-xDH energy    :   -2807.4413551867 Ha
Detailed time report:
Overall   |:   46.965 s for the whole job
PT2       |:    2.580 s for the PT2 evaluation
SCF       |:   43.942 s for the scf procedure
