=========================================================
Input parameters for the REST calculation
=========================================================
Calculation type: Single-point energy
The exchange-correlation method: xygjos
Print level:                3
The number of threads used for parallelism:      4
The spheric-GTO basis set is taken from /home/symei/def2-TZVPP
The pruning method is nwchem
The radial grid generation method is treutler
ERI Type: ri_v
Turn on the basis pair symmetry for RI 3D-tensors
The spheric-GTO auxiliary basis set is taken from /home/symei/def2-SV(P)-JKFIT
Spin polarization: On
Charge:   0; Spin:   2
min_num_angular_points: 110
max_num_angular_points: 590
hardness: 3
Grid generation level: 3
Even tempered basis generation: false
SCF convergency thresholds: 1e-8 for density matrix
                            1e-6 Ha. for sum of eigenvalues
                            1e-8 Ha. for total energy
Max. SCF cycle number:      100
The diis mixing with (param, max_vec_len) = (0.2, 8) is employed for the SCF procedure
Turn on the diis mixing after 1 step(s) of SCF iteractions with the linear mixing
The specified checkfile exists but is not loaded because the keyword 'external_init_guess' is specified
It will be updated after the SCF procedure 
(none)
Initial guess is prepared by (sad).
It is a finite cluster calculation
the scf functional for 'xygjos' contains
The density functional 'B3LYP' belongs to the 'Hybrid GGA' family and is defined in the reference(s):
(0): P. J. Stephens, F. J. Devlin, C. F. Chabalowski, and M. J. Frisch.,  J. Phys. Chem. 98, 11623 (1994)
the post-scf functional 'xygjos' is employed, which contains
The density functional 'Slater exchange' belongs to the 'LDA' family and is defined in the reference(s):
(0): P. A. M. Dirac.,  Math. Proc. Cambridge Philos. Soc. 26, 376 (1930)
(1): F. Bloch.,  Z. Phys. 57, 545 (1929)
The density functional 'Becke 88' belongs to the 'GGA' family and is defined in the reference(s):
(0): A. D. Becke.,  Phys. Rev. A 38, 3098 (1988)
The density functional 'Vosko, Wilk & Nusair (VWN5_RPA)' belongs to the 'LDA' family and is defined in the reference(s):
(0): S. H. Vosko, L. Wilk, and M. Nusair.,  Can. J. Phys. 58, 1200 (1980)
The density functional 'Lee, Yang & Parr' belongs to the 'GGA' family and is defined in the reference(s):
(0): C. Lee, W. Yang, and R. G. Parr.,  Phys. Rev. B 37, 785 (1988)
(1): B. Miehlich, A. Savin, H. Stoll, and H. Preuss.,  Chem. Phys. Lett. 157, 200 (1989)
For SCF calculation, no core orbital is frozen by effective core potential (ECP) approximation
Libxc version used in REST: 7.0.0
nbas: 16, natm: 1 for standard basis sets
First valence state for the frozen-core algorithm:     0
final nbas: 76,final natm: 2
numbasis: 48, num_auxbas: 266
Molecule_name: br
job_type = "SinglePoint"
print_level = 3
basis_path = "/home/symei/def2-TZVPP"
basis_type = "spheric"
auxbas_path = "/home/symei/def2-SV(P)-JKFIT"
auxbas_type = "spheric"
use_auxbas = true
even_tempered_basis = false
etb_start_atom_number = 1
etb_beta = 1.0
ri_k_only = false
auxbasis_response = false
use_isdf = false
isdf_k_only = false
isdf_k_mu = 8
isdf_new = false
eri_type = "ri_v"
use_ri_symm = true
xc = "xygjos"
post_xc = []
post_correlation = []
post_ai_correction = "none"
charge = 0.0
spin = 2.0
spin_channel = 2
spin_polarization = true
frozen_core_postscf = 0
frequency_points = 20
lambda_points = 20
freq_grid_type = 0
freq_cut_off = 10.0
radial_precision = 0.000000000001
min_num_angular_points = 110
max_num_angular_points = 590
grid_gen_level = 3
hardness = 3
pruning = "nwchem"
rad_grid_method = "treutler"
external_grids = "grids"
mixer = "diis"
mix_param = 0.2
num_max_diis = 8
start_diis_cycle = 1
start_check_oscillation = 20
max_scf_cycle = 100
scf_acc_rho = 0.00000001
scf_acc_eev = 0.000001
scf_acc_etot = 0.00000001
restart = false
chkfile = "none"
chkfile_type = "hdf5"
guessfile = "none"
guessfile_type = "none"
external_init_guess = false
initial_guess = "sad"
noiter = false
check_stab = false
use_dm_only = false
use_ri_vj = true
fciqmc_dump = false
outputs = []
cube_orb_setting = [3.0, 80.0]
cube_orb_indices = []
atom_sad = false
occupation_type = "INTEGER"
frac_tolerant = 0.001
deep_pot = false
bench_eps = false
num_threads = 4
batch_size = 64
nforce_displacement = 0.0013
force_state_occupation = []
auxiliary_reference_states = []
pt2_mpi_mode = 0

Unrestricted Hartree-Fock (or Kohn-Sham) algorithm is invoked.
Nuc_energy:       0.00000000 Hartree
no empirical dispersion correction is employed
No ghost effective potential
No ghost point charges
Detailed time report:
aux_ij    |:    0.006 s for for the coulomb matrix of auxiliary basis
all ri    |:    0.061 s for for the total evaluations of ri3fn
ri_v      |:    0.002 s for for RI dot aux_v^{-1/2}
prim ri   |:    0.022 s for for the pure three-center integrals
inv_sqrt  |:    0.031 s for for the sqrt inverse of aux_ij
Overlap matrix is nonsigular:
  Lowest eigenvalue:       0.02573177 with the total number of basis functions:     48
Grid size: 20904
Generate SAD of Br
the functional of 'hf' contains
For SCF calculation, no core orbital is frozen by effective core potential (ECP) approximation
Libxc version used in REST: 7.0.0
nbas: 16, natm: 1 for standard basis sets
First valence state for the frozen-core algorithm:     0
final nbas: 76,final natm: 2
numbasis: 48, num_auxbas: 266
Restricted Hartree-Fock (or Kohn-Sham) algorithm is invoked.
Nuc_energy:       0.00000000 Hartree
no empirical dispersion correction is employed
No ghost effective potential
No ghost point charges
Detailed time report:
aux_ij    |:    0.005 s for for the coulomb matrix of auxiliary basis
all ri    |:    0.033 s for for the total evaluations of ri3fn
prim ri   |:    0.013 s for for the pure three-center integrals
inv_sqrt  |:    0.013 s for for the sqrt inverse of aux_ij
ri_v      |:    0.002 s for for RI dot aux_v^{-1/2}
Overlap matrix is nonsigular:
  Lowest eigenvalue:       0.02573177 with the total number of basis functions:     48
Grid size: 20904
Initial guess from SAP
The evaluation of vmat costs             0.02 seconds
Detailed time report:
ISDF      |:    0.000 s for ISDF initialization
InitGuess |:    0.026 s for Prepare initial guess
DFT Grids |:    0.051 s for Initialization of the tabulated Grids and AOs
Overall   |:    0.112 s for SCF Preparation
CInt      |:    0.036 s for Two, Three, and Four-center integrals
Exc:       0.00000000, Vxc:       0.00000000
The total energy:     -2572.1867210285 Ha by the initial guess
Exc:       0.00000000, Vxc:       0.00000000
Energy:   -2572.2925322428 Ha after    1 iterations (in       0.01 seconds).
Detailed timing info in this SCF step:
prepare_next_input:            0.01s
diagonalize_hamiltonian:       0.00s
generate_density_matrix:       0.00s
check_scf_convergence:         0.00s
scf_records.update:            0.00s
Exc:       0.00000000, Vxc:       0.00000000
SCF Change: DM 1.54719e-3; eev 2.52791e-1 Ha; etot 8.78978e-2 Ha
Energy:   -2572.2046344753 Ha after    2 iterations (in       0.01 seconds).
Detailed timing info in this SCF step:
prepare_next_input:            0.00s
diagonalize_hamiltonian:       0.00s
generate_density_matrix:       0.00s
check_scf_convergence:         0.00s
scf_records.update:            0.00s
Exc:       0.00000000, Vxc:       0.00000000
SCF Change: DM 7.66831e-4; eev 2.18427e-1 Ha; etot 3.32091e-3 Ha
Energy:   -2572.2013135619 Ha after    3 iterations (in       0.01 seconds).
Detailed timing info in this SCF step:
prepare_next_input:            0.00s
diagonalize_hamiltonian:       0.00s
generate_density_matrix:       0.00s
check_scf_convergence:         0.00s
scf_records.update:            0.00s
Exc:       0.00000000, Vxc:       0.00000000
SCF Change: DM 3.40534e-4; eev 3.06411e-2 Ha; etot -2.80889e-2 Ha
Energy:   -2572.2294024291 Ha after    4 iterations (in       0.01 seconds).
Detailed timing info in this SCF step:
prepare_next_input:            0.00s
diagonalize_hamiltonian:       0.00s
generate_density_matrix:       0.00s
check_scf_convergence:         0.00s
scf_records.update:            0.00s
Exc:       0.00000000, Vxc:       0.00000000
SCF Change: DM 3.08659e-4; eev 7.96268e-2 Ha; etot 4.16237e-3 Ha
Energy:   -2572.2252400577 Ha after    5 iterations (in       0.01 seconds).
Detailed timing info in this SCF step:
prepare_next_input:            0.00s
diagonalize_hamiltonian:       0.00s
generate_density_matrix:       0.00s
check_scf_convergence:         0.00s
scf_records.update:            0.00s
Exc:       0.00000000, Vxc:       0.00000000
SCF Change: DM 8.33858e-5; eev 4.93049e-3 Ha; etot 7.68540e-3 Ha
Energy:   -2572.2175546538 Ha after    6 iterations (in       0.01 seconds).
Detailed timing info in this SCF step:
prepare_next_input:            0.00s
diagonalize_hamiltonian:       0.00s
generate_density_matrix:       0.00s
check_scf_convergence:         0.00s
scf_records.update:            0.00s
Exc:       0.00000000, Vxc:       0.00000000
SCF Change: DM 1.07303e-4; eev 2.52765e-2 Ha; etot -2.79805e-3 Ha
Energy:   -2572.2203527070 Ha after    7 iterations (in       0.01 seconds).
Detailed timing info in this SCF step:
prepare_next_input:            0.00s
diagonalize_hamiltonian:       0.00s
generate_density_matrix:       0.00s
check_scf_convergence:         0.00s
scf_records.update:            0.00s
Exc:       0.00000000, Vxc:       0.00000000
SCF Change: DM 2.97786e-5; eev 1.22623e-2 Ha; etot -6.89370e-4 Ha
Energy:   -2572.2210420770 Ha after    8 iterations (in       0.01 seconds).
Detailed timing info in this SCF step:
prepare_next_input:            0.01s
diagonalize_hamiltonian:       0.00s
generate_density_matrix:       0.00s
check_scf_convergence:         0.00s
scf_records.update:            0.00s
Exc:       0.00000000, Vxc:       0.00000000
SCF Change: DM 1.03865e-5; eev 3.21444e-3 Ha; etot -2.90653e-7 Ha
Energy:   -2572.2210423677 Ha after    9 iterations (in       0.00 seconds).
Detailed timing info in this SCF step:
prepare_next_input:            0.00s
diagonalize_hamiltonian:       0.00s
generate_density_matrix:       0.00s
check_scf_convergence:         0.00s
scf_records.update:            0.00s
Exc:       0.00000000, Vxc:       0.00000000
SCF Change: DM 2.82542e-7; eev 1.44035e-4 Ha; etot -8.87712e-8 Ha
Energy:   -2572.2210424564 Ha after   10 iterations (in       0.01 seconds).
Detailed timing info in this SCF step:
prepare_next_input:            0.00s
diagonalize_hamiltonian:       0.00s
generate_density_matrix:       0.00s
check_scf_convergence:         0.00s
scf_records.update:            0.00s
Exc:       0.00000000, Vxc:       0.00000000
SCF Change: DM 4.09916e-8; eev 5.98415e-6 Ha; etot -7.09406e-11 Ha
Energy:   -2572.2210424565 Ha after   11 iterations (in       0.01 seconds).
Detailed timing info in this SCF step:
prepare_next_input:            0.00s
diagonalize_hamiltonian:       0.00s
generate_density_matrix:       0.00s
check_scf_convergence:         0.00s
scf_records.update:            0.00s
Exc:       0.00000000, Vxc:       0.00000000
SCF Change: DM 1.99390e-9; eev 1.39271e-7 Ha; etot -4.54747e-13 Ha
Energy:   -2572.2210424565 Ha after   12 iterations (in       0.01 seconds).
Detailed timing info in this SCF step:
prepare_next_input:            0.00s
diagonalize_hamiltonian:       0.00s
generate_density_matrix:       0.00s
check_scf_convergence:         0.00s
scf_records.update:            0.00s
Exc:       0.00000000, Vxc:       0.00000000
SCF Change: DM 4.05295e-10; eev 1.03912e-8 Ha; etot 2.72848e-12 Ha
Energy:   -2572.2210424565 Ha after   13 iterations (in       0.01 seconds).
Detailed timing info in this SCF step:
prepare_next_input:            0.00s
diagonalize_hamiltonian:       0.00s
generate_density_matrix:       0.00s
check_scf_convergence:         0.00s
scf_records.update:            0.00s
Exc:       0.00000000, Vxc:       0.00000000
SCF Change: DM 9.46274e-12; eev 2.05739e-10 Ha; etot -1.36424e-12 Ha
Energy:   -2572.2210424565 Ha after   14 iterations (in       0.01 seconds).
Detailed timing info in this SCF step:
prepare_next_input:            0.00s
diagonalize_hamiltonian:       0.00s
generate_density_matrix:       0.00s
check_scf_convergence:         0.00s
scf_records.update:            0.00s
SCF is converged after   14 iterations.
   State    Occupation        Eigenvalue
       0       2.00000       -490.081695
       1       2.00000        -65.222325
       2       2.00000        -58.576453
       3       2.00000        -58.576453
       4       2.00000        -58.576453
       5       2.00000         -9.893649
       6       2.00000         -7.500190
       7       2.00000         -7.500190
       8       2.00000         -7.500190
       9       2.00000         -3.241491
      10       2.00000         -3.241491
      11       2.00000         -3.241491
      12       2.00000         -3.241491
      13       2.00000         -3.241491
      14       2.00000         -1.004021
      15       1.66667         -0.397332
      16       1.66667         -0.397332
      17       1.66667         -0.397332
      18       0.00000          0.358085
      19       0.00000          0.358085
      20       0.00000          0.358085
the job spends             0.20 seconds
electron number in alpha-channel:  17.50000000
electron number in beta-channel:   17.50000000
The evaluation of Vj, Vk and Vxc matrices cost       0.00,       0.01 and       0.04 seconds, respectively
Exc:     -73.41917812, Vxc:     -47.67079406
Initial guess HF energy:   -2574.0924733831184312
Initial density matrix by Atom SAD:
                 0,           1,           2,           3,           4
    0     1.119319,   -0.402090,    0.068234,    0.094673,   -0.030196
    1    -0.402090,    1.355244,   -0.286243,   -0.342729,    0.090451
    2     0.068234,   -0.286243,    0.436020,    0.429558,   -0.198303
    3     0.094673,   -0.342729,    0.429558,    0.448287,   -0.291416
    4    -0.030196,    0.090451,   -0.198303,   -0.291416,    0.531248
    5    -0.023806,    0.078776,   -0.167420,   -0.232637,    0.387866
    6    -0.000000,   -0.000000,   -0.000000,    0.000000,   -0.000000
    7     0.000000,   -0.000000,    0.000000,    0.000000,   -0.000000
    8     0.000000,    0.000000,    0.000000,   -0.000000,    0.000000
    9     0.000000,    0.000000,    0.000000,   -0.000000,    0.000000
   10    -0.000000,    0.000000,   -0.000000,   -0.000000,    0.000000
   11    -0.000000,    0.000000,   -0.000000,    0.000000,    0.000000
   12     0.000000,   -0.000000,   -0.000000,    0.000000,   -0.000000
   13     0.000000,   -0.000000,    0.000000,    0.000000,   -0.000000
   14     0.000000,   -0.000000,    0.000000,    0.000000,   -0.000000
   15    -0.000000,    0.000000,   -0.000000,    0.000000,    0.000000
   16    -0.000000,    0.000000,   -0.000000,   -0.000000,   -0.000000
   17    -0.000000,    0.000000,    0.000000,   -0.000000,   -0.000000
   18     0.000000,   -0.000000,   -0.000000,    0.000000,   -0.000000
   19     0.000000,   -0.000000,    0.000000,    0.000000,   -0.000000
   20    -0.000000,    0.000000,   -0.000000,   -0.000000,   -0.000000
   21     0.000000,   -0.000000,    0.000000,   -0.000000,    0.000000
   22    -0.000000,   -0.000000,   -0.000000,    0.000000,   -0.000000
   23    -0.000000,    0.000000,   -0.000000,    0.000000,    0.000000
   24    -0.000000,    0.000000,   -0.000000,    0.000000,    0.000000
   25     0.000000,   -0.000000,    0.000000,   -0.000000,    0.000000
   26    -0.000000,    0.000000,   -0.000000,   -0.000000,    0.000000
   27    -0.000000,    0.000000,   -0.000000,    0.000000,   -0.000000
   28     0.000000,   -0.000000,   -0.000000,    0.000000,    0.000000
   29     0.000000,   -0.000000,    0.000000,    0.000000,   -0.000000
   30    -0.000000,    0.000000,   -0.000000,   -0.000000,    0.000000
   31     0.000000,   -0.000000,    0.000000,   -0.000000,    0.000000
   32     0.000000,   -0.000000,    0.000000,    0.000000,    0.000000
   33    -0.000000,    0.000000,   -0.000000,   -0.000000,    0.000000
   34    -0.000000,    0.000000,   -0.000000,   -0.000000,    0.000000
   35     0.000000,   -0.000000,    0.000000,    0.000000,   -0.000000
   36    -0.000000,    0.000000,   -0.000000,   -0.000000,    0.000000
   37    -0.000000,    0.000000,   -0.000000,    0.000000,   -0.000000
   38     0.000000,   -0.000000,    0.000000,    0.000000,    0.000000
   39     0.000000,   -0.000000,    0.000000,    0.000000,   -0.000000
   40    -0.000000,    0.000000,   -0.000000,   -0.000000,    0.000000
   41     0.000000,   -0.000000,    0.000000,    0.000000,   -0.000000
   42    -0.000000,    0.000000,   -0.000000,   -0.000000,    0.000000
   43     0.000000,   -0.000000,    0.000000,    0.000000,   -0.000000
   44     0.000000,   -0.000000,    0.000000,    0.000000,   -0.000000
   45    -0.000000,    0.000000,   -0.000000,   -0.000000,    0.000000
   46     0.000000,   -0.000000,    0.000000,    0.000000,   -0.000000
   47    -0.000000,    0.000000,   -0.000000,   -0.000000,    0.000000
                 5,           6,           7,           8,           9
    0    -0.023806,   -0.000000,    0.000000,    0.000000,    0.000000
    1     0.078776,   -0.000000,   -0.000000,    0.000000,    0.000000
    2    -0.167420,   -0.000000,    0.000000,    0.000000,    0.000000
    3    -0.232637,    0.000000,    0.000000,   -0.000000,   -0.000000
    4     0.387866,   -0.000000,   -0.000000,    0.000000,    0.000000
    5     0.284606,    0.000000,    0.000000,    0.000000,   -0.000000
    6     0.000000,    1.172074,   -0.000000,   -0.000000,   -0.463079
    7     0.000000,   -0.000000,    1.172074,    0.000000,   -0.000000
    8     0.000000,   -0.000000,    0.000000,    1.172074,    0.000000
    9    -0.000000,   -0.463079,   -0.000000,    0.000000,    1.255086
   10    -0.000000,   -0.000000,   -0.463079,   -0.000000,    0.000000
   11    -0.000000,    0.000000,   -0.000000,   -0.463079,   -0.000000
   12    -0.000000,    0.014533,   -0.000000,   -0.000000,   -0.081475
   13     0.000000,    0.000000,    0.014533,    0.000000,   -0.000000
   14     0.000000,    0.000000,    0.000000,    0.014533,   -0.000000
   15     0.000000,    0.067275,   -0.000000,   -0.000000,   -0.205795
   16     0.000000,   -0.000000,    0.067275,    0.000000,    0.000000
   17     0.000000,   -0.000000,    0.000000,    0.067275,    0.000000
   18    -0.000000,    0.032406,    0.000000,    0.000000,   -0.111177
   19     0.000000,   -0.000000,    0.032406,   -0.000000,    0.000000
   20     0.000000,   -0.000000,   -0.000000,    0.032406,    0.000000
   21    -0.000000,    0.000000,   -0.000000,    0.000000,    0.000000
   22     0.000000,   -0.000000,    0.000000,    0.000000,    0.000000
   23    -0.000000,   -0.000000,   -0.000000,    0.000000,    0.000000
   24    -0.000000,    0.000000,    0.000000,    0.000000,   -0.000000
   25    -0.000000,    0.000000,   -0.000000,    0.000000,   -0.000000
   26     0.000000,   -0.000000,    0.000000,    0.000000,   -0.000000
   27     0.000000,   -0.000000,   -0.000000,   -0.000000,    0.000000
   28     0.000000,    0.000000,    0.000000,   -0.000000,   -0.000000
   29    -0.000000,   -0.000000,    0.000000,   -0.000000,   -0.000000
   30     0.000000,   -0.000000,    0.000000,    0.000000,    0.000000
   31     0.000000,   -0.000000,   -0.000000,   -0.000000,    0.000000
   32     0.000000,    0.000000,    0.000000,    0.000000,   -0.000000
   33     0.000000,   -0.000000,   -0.000000,   -0.000000,    0.000000
   34     0.000000,    0.000000,   -0.000000,    0.000000,    0.000000
   35    -0.000000,    0.000000,   -0.000000,    0.000000,   -0.000000
   36     0.000000,    0.000000,    0.000000,    0.000000,   -0.000000
   37    -0.000000,   -0.000000,    0.000000,    0.000000,    0.000000
   38     0.000000,    0.000000,    0.000000,   -0.000000,   -0.000000
   39    -0.000000,   -0.000000,    0.000000,   -0.000000,    0.000000
   40     0.000000,   -0.000000,    0.000000,   -0.000000,    0.000000
   41    -0.000000,    0.000000,   -0.000000,    0.000000,    0.000000
   42     0.000000,    0.000000,    0.000000,    0.000000,   -0.000000
   43    -0.000000,   -0.000000,    0.000000,   -0.000000,    0.000000
   44    -0.000000,   -0.000000,   -0.000000,    0.000000,    0.000000
   45     0.000000,    0.000000,    0.000000,    0.000000,   -0.000000
   46    -0.000000,    0.000000,    0.000000,    0.000000,   -0.000000
   47     0.000000,    0.000000,   -0.000000,   -0.000000,   -0.000000
                10,          11,          12,          13,          14
    0    -0.000000,   -0.000000,    0.000000,    0.000000,    0.000000
    1     0.000000,    0.000000,   -0.000000,   -0.000000,   -0.000000
    2    -0.000000,   -0.000000,   -0.000000,    0.000000,    0.000000
    3    -0.000000,    0.000000,    0.000000,    0.000000,    0.000000
    4     0.000000,    0.000000,   -0.000000,   -0.000000,   -0.000000
    5    -0.000000,   -0.000000,   -0.000000,    0.000000,    0.000000
    6    -0.000000,    0.000000,    0.014533,    0.000000,    0.000000
    7    -0.463079,   -0.000000,   -0.000000,    0.014533,    0.000000
    8    -0.000000,   -0.463079,   -0.000000,    0.000000,    0.014533
    9     0.000000,   -0.000000,   -0.081475,   -0.000000,   -0.000000
   10     1.255086,    0.000000,    0.000000,   -0.081475,   -0.000000
   11     0.000000,    1.255086,    0.000000,   -0.000000,   -0.081475
   12     0.000000,    0.000000,    0.121567,    0.000000,   -0.000000
   13    -0.081475,   -0.000000,    0.000000,    0.121567,    0.000000
   14    -0.000000,   -0.081475,   -0.000000,    0.000000,    0.121567
   15     0.000000,    0.000000,    0.182918,    0.000000,    0.000000
   16    -0.205795,   -0.000000,   -0.000000,    0.182918,    0.000000
   17    -0.000000,   -0.205795,   -0.000000,    0.000000,    0.182918
   18    -0.000000,   -0.000000,    0.105882,    0.000000,    0.000000
   19    -0.111177,    0.000000,   -0.000000,    0.105882,   -0.000000
   20     0.000000,   -0.111177,   -0.000000,    0.000000,    0.105882
   21     0.000000,   -0.000000,   -0.000000,   -0.000000,    0.000000
   22    -0.000000,   -0.000000,   -0.000000,    0.000000,    0.000000
   23     0.000000,   -0.000000,    0.000000,   -0.000000,    0.000000
   24    -0.000000,   -0.000000,    0.000000,    0.000000,    0.000000
   25     0.000000,   -0.000000,    0.000000,   -0.000000,   -0.000000
   26    -0.000000,   -0.000000,    0.000000,   -0.000000,    0.000000
   27     0.000000,    0.000000,    0.000000,   -0.000000,   -0.000000
   28    -0.000000,   -0.000000,    0.000000,    0.000000,    0.000000
   29    -0.000000,    0.000000,    0.000000,    0.000000,   -0.000000
   30    -0.000000,   -0.000000,   -0.000000,    0.000000,    0.000000
   31     0.000000,    0.000000,   -0.000000,   -0.000000,   -0.000000
   32    -0.000000,   -0.000000,    0.000000,    0.000000,    0.000000
   33     0.000000,    0.000000,   -0.000000,   -0.000000,   -0.000000
   34     0.000000,   -0.000000,   -0.000000,   -0.000000,    0.000000
   35     0.000000,   -0.000000,    0.000000,   -0.000000,   -0.000000
   36    -0.000000,   -0.000000,    0.000000,    0.000000,    0.000000
   37    -0.000000,   -0.000000,   -0.000000,    0.000000,    0.000000
   38    -0.000000,    0.000000,    0.000000,    0.000000,   -0.000000
   39    -0.000000,    0.000000,    0.000000,    0.000000,   -0.000000
   40    -0.000000,    0.000000,   -0.000000,    0.000000,   -0.000000
   41     0.000000,    0.000000,    0.000000,   -0.000000,    0.000000
   42    -0.000000,   -0.000000,    0.000000,    0.000000,    0.000000
   43    -0.000000,    0.000000,   -0.000000,    0.000000,   -0.000000
   44     0.000000,   -0.000000,   -0.000000,   -0.000000,    0.000000
   45    -0.000000,    0.000000,    0.000000,    0.000000,   -0.000000
   46    -0.000000,   -0.000000,    0.000000,    0.000000,    0.000000
   47     0.000000,    0.000000,    0.000000,   -0.000000,   -0.000000
                15,          16,          17,          18,          19
    0    -0.000000,   -0.000000,   -0.000000,    0.000000,    0.000000
    1     0.000000,    0.000000,    0.000000,   -0.000000,   -0.000000
    2    -0.000000,   -0.000000,    0.000000,   -0.000000,    0.000000
    3     0.000000,   -0.000000,   -0.000000,    0.000000,    0.000000
    4     0.000000,   -0.000000,   -0.000000,   -0.000000,   -0.000000
    5     0.000000,    0.000000,    0.000000,   -0.000000,    0.000000
    6     0.067275,   -0.000000,   -0.000000,    0.032406,   -0.000000
    7    -0.000000,    0.067275,    0.000000,    0.000000,    0.032406
    8    -0.000000,    0.000000,    0.067275,    0.000000,   -0.000000
    9    -0.205795,    0.000000,    0.000000,   -0.111177,    0.000000
   10     0.000000,   -0.205795,   -0.000000,   -0.000000,   -0.111177
   11     0.000000,   -0.000000,   -0.205795,   -0.000000,    0.000000
   12     0.182918,   -0.000000,   -0.000000,    0.105882,   -0.000000
   13     0.000000,    0.182918,    0.000000,    0.000000,    0.105882
   14     0.000000,    0.000000,    0.182918,    0.000000,   -0.000000
   15     0.281192,   -0.000000,   -0.000000,    0.162168,   -0.000000
   16    -0.000000,    0.281192,    0.000000,    0.000000,    0.162168
   17    -0.000000,    0.000000,    0.281192,    0.000000,   -0.000000
   18     0.162168,    0.000000,    0.000000,    0.093589,    0.000000
   19    -0.000000,    0.162168,   -0.000000,    0.000000,    0.093589
   20    -0.000000,   -0.000000,    0.162168,    0.000000,   -0.000000
   21     0.000000,    0.000000,    0.000000,    0.000000,    0.000000
   22    -0.000000,   -0.000000,   -0.000000,   -0.000000,   -0.000000
   23    -0.000000,    0.000000,    0.000000,   -0.000000,   -0.000000
   24    -0.000000,   -0.000000,    0.000000,    0.000000,    0.000000
   25    -0.000000,    0.000000,    0.000000,    0.000000,    0.000000
   26     0.000000,   -0.000000,    0.000000,    0.000000,   -0.000000
   27    -0.000000,   -0.000000,   -0.000000,    0.000000,   -0.000000
   28     0.000000,    0.000000,    0.000000,    0.000000,    0.000000
   29     0.000000,    0.000000,   -0.000000,    0.000000,    0.000000
   30    -0.000000,    0.000000,    0.000000,   -0.000000,    0.000000
   31    -0.000000,   -0.000000,   -0.000000,   -0.000000,   -0.000000
   32     0.000000,    0.000000,    0.000000,    0.000000,    0.000000
   33    -0.000000,   -0.000000,   -0.000000,   -0.000000,   -0.000000
   34    -0.000000,   -0.000000,    0.000000,   -0.000000,   -0.000000
   35     0.000000,   -0.000000,   -0.000000,    0.000000,   -0.000000
   36     0.000000,    0.000000,    0.000000,    0.000000,    0.000000
   37    -0.000000,    0.000000,    0.000000,   -0.000000,    0.000000
   38     0.000000,    0.000000,   -0.000000,    0.000000,    0.000000
   39     0.000000,    0.000000,   -0.000000,    0.000000,    0.000000
   40    -0.000000,    0.000000,   -0.000000,   -0.000000,    0.000000
   41     0.000000,   -0.000000,    0.000000,    0.000000,   -0.000000
   42     0.000000,    0.000000,    0.000000,    0.000000,    0.000000
   43    -0.000000,    0.000000,   -0.000000,   -0.000000,    0.000000
   44    -0.000000,   -0.000000,    0.000000,   -0.000000,   -0.000000
   45     0.000000,    0.000000,   -0.000000,    0.000000,    0.000000
   46     0.000000,    0.000000,    0.000000,    0.000000,    0.000000
   47     0.000000,   -0.000000,   -0.000000,    0.000000,   -0.000000
                20,          21,          22,          23,          24
    0    -0.000000,    0.000000,   -0.000000,   -0.000000,   -0.000000
    1     0.000000,   -0.000000,   -0.000000,    0.000000,    0.000000
    2    -0.000000,    0.000000,   -0.000000,   -0.000000,   -0.000000
    3    -0.000000,   -0.000000,    0.000000,    0.000000,    0.000000
    4    -0.000000,    0.000000,   -0.000000,    0.000000,    0.000000
    5     0.000000,   -0.000000,    0.000000,   -0.000000,   -0.000000
    6    -0.000000,    0.000000,   -0.000000,   -0.000000,    0.000000
    7    -0.000000,   -0.000000,    0.000000,   -0.000000,    0.000000
    8     0.032406,    0.000000,    0.000000,    0.000000,    0.000000
    9     0.000000,    0.000000,    0.000000,    0.000000,   -0.000000
   10     0.000000,    0.000000,   -0.000000,    0.000000,   -0.000000
   11    -0.111177,   -0.000000,   -0.000000,   -0.000000,   -0.000000
   12    -0.000000,   -0.000000,   -0.000000,    0.000000,    0.000000
   13     0.000000,   -0.000000,    0.000000,   -0.000000,    0.000000
   14     0.105882,    0.000000,    0.000000,    0.000000,    0.000000
   15    -0.000000,    0.000000,   -0.000000,   -0.000000,   -0.000000
   16    -0.000000,    0.000000,   -0.000000,    0.000000,   -0.000000
   17     0.162168,    0.000000,   -0.000000,    0.000000,    0.000000
   18     0.000000,    0.000000,   -0.000000,   -0.000000,    0.000000
   19    -0.000000,    0.000000,   -0.000000,   -0.000000,    0.000000
   20     0.093589,    0.000000,   -0.000000,    0.000000,    0.000000
   21     0.000000,    0.821310,   -0.000000,    0.000000,   -0.000000
   22    -0.000000,   -0.000000,    0.821310,   -0.000000,    0.000000
   23     0.000000,    0.000000,   -0.000000,    0.821310,    0.000000
   24     0.000000,   -0.000000,    0.000000,    0.000000,    0.821310
   25     0.000000,   -0.000000,   -0.000000,   -0.000000,    0.000000
   26     0.000000,    0.165141,    0.000000,   -0.000000,    0.000000
   27    -0.000000,    0.000000,    0.165141,   -0.000000,    0.000000
   28     0.000000,    0.000000,   -0.000000,    0.165141,   -0.000000
   29    -0.000000,   -0.000000,   -0.000000,    0.000000,    0.165141
   30     0.000000,   -0.000000,    0.000000,    0.000000,   -0.000000
   31    -0.000000,    0.004424,   -0.000000,    0.000000,   -0.000000
   32     0.000000,    0.000000,    0.004424,    0.000000,   -0.000000
   33    -0.000000,    0.000000,    0.000000,    0.004424,    0.000000
   34     0.000000,    0.000000,    0.000000,   -0.000000,    0.004424
   35    -0.000000,    0.000000,    0.000000,   -0.000000,    0.000000
   36     0.000000,    0.006655,    0.000000,   -0.000000,    0.000000
   37     0.000000,   -0.000000,    0.006655,   -0.000000,    0.000000
   38    -0.000000,   -0.000000,   -0.000000,    0.006655,   -0.000000
   39    -0.000000,   -0.000000,   -0.000000,    0.000000,    0.006655
   40    -0.000000,   -0.000000,    0.000000,    0.000000,   -0.000000
   41     0.000000,    0.000000,    0.000000,    0.000000,    0.000000
   42     0.000000,    0.000000,    0.000000,   -0.000000,   -0.000000
   43    -0.000000,   -0.000000,   -0.000000,   -0.000000,    0.000000
   44     0.000000,   -0.000000,    0.000000,    0.000000,   -0.000000
   45    -0.000000,    0.000000,    0.000000,   -0.000000,    0.000000
   46     0.000000,    0.000000,    0.000000,   -0.000000,   -0.000000
   47    -0.000000,    0.000000,   -0.000000,    0.000000,    0.000000
                25,          26,          27,          28,          29
    0     0.000000,   -0.000000,   -0.000000,    0.000000,    0.000000
    1    -0.000000,    0.000000,    0.000000,   -0.000000,   -0.000000
    2     0.000000,   -0.000000,   -0.000000,   -0.000000,    0.000000
    3    -0.000000,   -0.000000,    0.000000,    0.000000,    0.000000
    4     0.000000,    0.000000,   -0.000000,    0.000000,   -0.000000
    5    -0.000000,    0.000000,    0.000000,    0.000000,   -0.000000
    6     0.000000,   -0.000000,   -0.000000,    0.000000,   -0.000000
    7    -0.000000,    0.000000,   -0.000000,    0.000000,    0.000000
    8     0.000000,    0.000000,   -0.000000,   -0.000000,   -0.000000
    9    -0.000000,   -0.000000,    0.000000,   -0.000000,   -0.000000
   10     0.000000,   -0.000000,    0.000000,   -0.000000,   -0.000000
   11    -0.000000,   -0.000000,    0.000000,   -0.000000,    0.000000
   12     0.000000,    0.000000,    0.000000,    0.000000,    0.000000
   13    -0.000000,   -0.000000,   -0.000000,    0.000000,    0.000000
   14    -0.000000,    0.000000,   -0.000000,    0.000000,   -0.000000
   15    -0.000000,    0.000000,   -0.000000,    0.000000,    0.000000
   16     0.000000,   -0.000000,   -0.000000,    0.000000,    0.000000
   17     0.000000,    0.000000,   -0.000000,    0.000000,   -0.000000
   18     0.000000,    0.000000,    0.000000,    0.000000,    0.000000
   19     0.000000,   -0.000000,   -0.000000,    0.000000,    0.000000
   20     0.000000,    0.000000,   -0.000000,    0.000000,   -0.000000
   21    -0.000000,    0.165141,    0.000000,    0.000000,   -0.000000
   22    -0.000000,    0.000000,    0.165141,   -0.000000,   -0.000000
   23    -0.000000,   -0.000000,   -0.000000,    0.165141,    0.000000
   24     0.000000,    0.000000,    0.000000,   -0.000000,    0.165141
   25     0.821310,    0.000000,   -0.000000,    0.000000,   -0.000000
   26     0.000000,    0.033205,    0.000000,   -0.000000,    0.000000
   27    -0.000000,    0.000000,    0.033205,   -0.000000,    0.000000
   28     0.000000,   -0.000000,   -0.000000,    0.033205,   -0.000000
   29    -0.000000,    0.000000,    0.000000,   -0.000000,    0.033205
   30     0.165141,    0.000000,   -0.000000,    0.000000,   -0.000000
   31    -0.000000,    0.000890,   -0.000000,    0.000000,   -0.000000
   32     0.000000,    0.000000,    0.000890,    0.000000,   -0.000000
   33    -0.000000,    0.000000,    0.000000,    0.000890,    0.000000
   34     0.000000,    0.000000,    0.000000,   -0.000000,    0.000890
   35     0.004424,    0.000000,    0.000000,   -0.000000,    0.000000
   36     0.000000,    0.001338,    0.000000,   -0.000000,    0.000000
   37     0.000000,   -0.000000,    0.001338,   -0.000000,    0.000000
   38     0.000000,   -0.000000,   -0.000000,    0.001338,   -0.000000
   39    -0.000000,   -0.000000,   -0.000000,    0.000000,    0.001338
   40     0.006655,   -0.000000,    0.000000,    0.000000,   -0.000000
   41    -0.000000,    0.000000,    0.000000,    0.000000,    0.000000
   42     0.000000,    0.000000,    0.000000,   -0.000000,   -0.000000
   43    -0.000000,   -0.000000,   -0.000000,   -0.000000,    0.000000
   44    -0.000000,   -0.000000,    0.000000,    0.000000,   -0.000000
   45     0.000000,    0.000000,    0.000000,   -0.000000,    0.000000
   46    -0.000000,    0.000000,    0.000000,   -0.000000,   -0.000000
   47     0.000000,    0.000000,   -0.000000,    0.000000,    0.000000
                30,          31,          32,          33,          34
    0    -0.000000,    0.000000,    0.000000,   -0.000000,   -0.000000
    1     0.000000,   -0.000000,   -0.000000,    0.000000,    0.000000
    2    -0.000000,    0.000000,    0.000000,   -0.000000,   -0.000000
    3    -0.000000,   -0.000000,    0.000000,   -0.000000,   -0.000000
    4     0.000000,    0.000000,    0.000000,    0.000000,    0.000000
    5     0.000000,    0.000000,    0.000000,    0.000000,    0.000000
    6    -0.000000,   -0.000000,    0.000000,   -0.000000,    0.000000
    7     0.000000,   -0.000000,    0.000000,   -0.000000,   -0.000000
    8     0.000000,   -0.000000,    0.000000,   -0.000000,    0.000000
    9     0.000000,    0.000000,   -0.000000,    0.000000,    0.000000
   10    -0.000000,    0.000000,   -0.000000,    0.000000,    0.000000
   11    -0.000000,    0.000000,   -0.000000,    0.000000,   -0.000000
   12    -0.000000,   -0.000000,    0.000000,   -0.000000,   -0.000000
   13     0.000000,   -0.000000,    0.000000,   -0.000000,   -0.000000
   14     0.000000,   -0.000000,    0.000000,   -0.000000,    0.000000
   15    -0.000000,   -0.000000,    0.000000,   -0.000000,   -0.000000
   16     0.000000,   -0.000000,    0.000000,   -0.000000,   -0.000000
   17     0.000000,   -0.000000,    0.000000,   -0.000000,    0.000000
   18    -0.000000,   -0.000000,    0.000000,   -0.000000,   -0.000000
   19     0.000000,   -0.000000,    0.000000,   -0.000000,   -0.000000
   20     0.000000,   -0.000000,    0.000000,   -0.000000,    0.000000
   21    -0.000000,    0.004424,    0.000000,    0.000000,    0.000000
   22     0.000000,   -0.000000,    0.004424,    0.000000,    0.000000
   23     0.000000,    0.000000,    0.000000,    0.004424,   -0.000000
   24    -0.000000,   -0.000000,   -0.000000,    0.000000,    0.004424
   25     0.165141,   -0.000000,    0.000000,   -0.000000,    0.000000
   26     0.000000,    0.000890,    0.000000,    0.000000,    0.000000
   27    -0.000000,   -0.000000,    0.000890,    0.000000,    0.000000
   28     0.000000,    0.000000,    0.000000,    0.000890,   -0.000000
   29    -0.000000,   -0.000000,   -0.000000,    0.000000,    0.000890
   30     0.033205,   -0.000000,    0.000000,   -0.000000,    0.000000
   31    -0.000000,    0.000024,   -0.000000,    0.000000,   -0.000000
   32     0.000000,   -0.000000,    0.000024,    0.000000,   -0.000000
   33    -0.000000,    0.000000,    0.000000,    0.000024,    0.000000
   34     0.000000,   -0.000000,   -0.000000,    0.000000,    0.000024
   35     0.000890,   -0.000000,    0.000000,   -0.000000,    0.000000
   36     0.000000,    0.000036,    0.000000,   -0.000000,    0.000000
   37     0.000000,   -0.000000,    0.000036,    0.000000,    0.000000
   38     0.000000,    0.000000,    0.000000,    0.000036,   -0.000000
   39    -0.000000,   -0.000000,   -0.000000,    0.000000,    0.000036
   40     0.001338,   -0.000000,    0.000000,   -0.000000,    0.000000
   41    -0.000000,    0.000000,    0.000000,    0.000000,    0.000000
   42     0.000000,    0.000000,    0.000000,   -0.000000,   -0.000000
   43    -0.000000,   -0.000000,   -0.000000,   -0.000000,    0.000000
   44    -0.000000,   -0.000000,    0.000000,    0.000000,   -0.000000
   45     0.000000,    0.000000,    0.000000,   -0.000000,    0.000000
   46    -0.000000,    0.000000,    0.000000,   -0.000000,   -0.000000
   47     0.000000,    0.000000,   -0.000000,    0.000000,    0.000000
                35,          36,          37,          38,          39
    0     0.000000,   -0.000000,   -0.000000,    0.000000,    0.000000
    1    -0.000000,    0.000000,    0.000000,   -0.000000,   -0.000000
    2     0.000000,   -0.000000,   -0.000000,    0.000000,    0.000000
    3     0.000000,   -0.000000,    0.000000,    0.000000,    0.000000
    4    -0.000000,    0.000000,   -0.000000,    0.000000,   -0.000000
    5    -0.000000,    0.000000,   -0.000000,    0.000000,   -0.000000
    6     0.000000,    0.000000,   -0.000000,    0.000000,   -0.000000
    7    -0.000000,    0.000000,    0.000000,    0.000000,    0.000000
    8     0.000000,    0.000000,    0.000000,   -0.000000,   -0.000000
    9    -0.000000,   -0.000000,    0.000000,   -0.000000,    0.000000
   10     0.000000,   -0.000000,   -0.000000,   -0.000000,   -0.000000
   11    -0.000000,   -0.000000,   -0.000000,    0.000000,    0.000000
   12     0.000000,    0.000000,   -0.000000,    0.000000,    0.000000
   13    -0.000000,    0.000000,    0.000000,    0.000000,    0.000000
   14    -0.000000,    0.000000,    0.000000,   -0.000000,   -0.000000
   15     0.000000,    0.000000,   -0.000000,    0.000000,    0.000000
   16    -0.000000,    0.000000,    0.000000,    0.000000,    0.000000
   17    -0.000000,    0.000000,    0.000000,   -0.000000,   -0.000000
   18     0.000000,    0.000000,   -0.000000,    0.000000,    0.000000
   19    -0.000000,    0.000000,    0.000000,    0.000000,    0.000000
   20    -0.000000,    0.000000,    0.000000,   -0.000000,   -0.000000
   21     0.000000,    0.006655,   -0.000000,   -0.000000,   -0.000000
   22     0.000000,    0.000000,    0.006655,   -0.000000,   -0.000000
   23    -0.000000,   -0.000000,   -0.000000,    0.006655,    0.000000
   24     0.000000,    0.000000,    0.000000,   -0.000000,    0.006655
   25     0.004424,    0.000000,    0.000000,    0.000000,   -0.000000
   26     0.000000,    0.001338,   -0.000000,   -0.000000,   -0.000000
   27     0.000000,    0.000000,    0.001338,   -0.000000,   -0.000000
   28    -0.000000,   -0.000000,   -0.000000,    0.001338,    0.000000
   29     0.000000,    0.000000,    0.000000,   -0.000000,    0.001338
   30     0.000890,    0.000000,    0.000000,    0.000000,   -0.000000
   31    -0.000000,    0.000036,   -0.000000,    0.000000,   -0.000000
   32     0.000000,    0.000000,    0.000036,    0.000000,   -0.000000
   33    -0.000000,   -0.000000,    0.000000,    0.000036,    0.000000
   34     0.000000,    0.000000,    0.000000,   -0.000000,    0.000036
   35     0.000024,    0.000000,    0.000000,   -0.000000,    0.000000
   36     0.000000,    0.000054,    0.000000,   -0.000000,    0.000000
   37     0.000000,    0.000000,    0.000054,   -0.000000,    0.000000
   38    -0.000000,   -0.000000,   -0.000000,    0.000054,   -0.000000
   39     0.000000,    0.000000,    0.000000,   -0.000000,    0.000054
   40     0.000036,    0.000000,    0.000000,    0.000000,   -0.000000
   41    -0.000000,    0.000000,    0.000000,    0.000000,    0.000000
   42     0.000000,    0.000000,    0.000000,   -0.000000,   -0.000000
   43    -0.000000,   -0.000000,   -0.000000,   -0.000000,    0.000000
   44    -0.000000,   -0.000000,    0.000000,    0.000000,   -0.000000
   45     0.000000,    0.000000,    0.000000,   -0.000000,    0.000000
   46    -0.000000,    0.000000,    0.000000,   -0.000000,   -0.000000
   47     0.000000,    0.000000,   -0.000000,    0.000000,    0.000000
                40,          41,          42,          43,          44
    0    -0.000000,    0.000000,   -0.000000,    0.000000,    0.000000
    1     0.000000,   -0.000000,    0.000000,   -0.000000,   -0.000000
    2    -0.000000,    0.000000,   -0.000000,    0.000000,    0.000000
    3    -0.000000,    0.000000,   -0.000000,    0.000000,    0.000000
    4     0.000000,   -0.000000,    0.000000,   -0.000000,   -0.000000
    5     0.000000,   -0.000000,    0.000000,   -0.000000,   -0.000000
    6    -0.000000,    0.000000,    0.000000,   -0.000000,   -0.000000
    7     0.000000,   -0.000000,    0.000000,    0.000000,   -0.000000
    8    -0.000000,    0.000000,    0.000000,   -0.000000,    0.000000
    9     0.000000,    0.000000,   -0.000000,    0.000000,    0.000000
   10    -0.000000,    0.000000,   -0.000000,   -0.000000,    0.000000
   11     0.000000,    0.000000,   -0.000000,    0.000000,   -0.000000
   12    -0.000000,    0.000000,    0.000000,   -0.000000,   -0.000000
   13     0.000000,   -0.000000,    0.000000,    0.000000,   -0.000000
   14    -0.000000,    0.000000,    0.000000,   -0.000000,    0.000000
   15    -0.000000,    0.000000,    0.000000,   -0.000000,   -0.000000
   16     0.000000,   -0.000000,    0.000000,    0.000000,   -0.000000
   17    -0.000000,    0.000000,    0.000000,   -0.000000,    0.000000
   18    -0.000000,    0.000000,    0.000000,   -0.000000,   -0.000000
   19     0.000000,   -0.000000,    0.000000,    0.000000,   -0.000000
   20    -0.000000,    0.000000,    0.000000,   -0.000000,    0.000000
   21    -0.000000,    0.000000,    0.000000,   -0.000000,   -0.000000
   22     0.000000,    0.000000,    0.000000,   -0.000000,    0.000000
   23     0.000000,    0.000000,   -0.000000,   -0.000000,    0.000000
   24    -0.000000,    0.000000,   -0.000000,    0.000000,   -0.000000
   25     0.006655,   -0.000000,    0.000000,   -0.000000,   -0.000000
   26    -0.000000,    0.000000,    0.000000,   -0.000000,   -0.000000
   27     0.000000,    0.000000,    0.000000,   -0.000000,    0.000000
   28     0.000000,    0.000000,   -0.000000,   -0.000000,    0.000000
   29    -0.000000,    0.000000,   -0.000000,    0.000000,   -0.000000
   30     0.001338,   -0.000000,    0.000000,   -0.000000,   -0.000000
   31    -0.000000,    0.000000,    0.000000,   -0.000000,   -0.000000
   32     0.000000,    0.000000,    0.000000,   -0.000000,    0.000000
   33    -0.000000,    0.000000,   -0.000000,   -0.000000,    0.000000
   34     0.000000,    0.000000,   -0.000000,    0.000000,   -0.000000
   35     0.000036,   -0.000000,    0.000000,   -0.000000,   -0.000000
   36     0.000000,    0.000000,    0.000000,   -0.000000,   -0.000000
   37     0.000000,    0.000000,    0.000000,   -0.000000,    0.000000
   38     0.000000,    0.000000,   -0.000000,   -0.000000,    0.000000
   39    -0.000000,    0.000000,   -0.000000,    0.000000,   -0.000000
   40     0.000054,   -0.000000,    0.000000,   -0.000000,   -0.000000
   41    -0.000000,    0.000000,   -0.000000,    0.000000,    0.000000
   42     0.000000,   -0.000000,    0.000000,    0.000000,    0.000000
   43    -0.000000,    0.000000,    0.000000,    0.000000,    0.000000
   44    -0.000000,    0.000000,    0.000000,    0.000000,    0.000000
   45     0.000000,   -0.000000,    0.000000,   -0.000000,   -0.000000
   46    -0.000000,    0.000000,    0.000000,    0.000000,    0.000000
   47     0.000000,   -0.000000,   -0.000000,   -0.000000,   -0.000000
                45,          46,          47
    0    -0.000000,    0.000000,   -0.000000
    1     0.000000,   -0.000000,    0.000000
    2    -0.000000,    0.000000,   -0.000000
    3    -0.000000,    0.000000,   -0.000000
    4     0.000000,   -0.000000,    0.000000
    5     0.000000,   -0.000000,    0.000000
    6     0.000000,    0.000000,    0.000000
    7     0.000000,    0.000000,   -0.000000
    8     0.000000,    0.000000,   -0.000000
    9    -0.000000,   -0.000000,   -0.000000
   10    -0.000000,   -0.000000,    0.000000
   11     0.000000,   -0.000000,    0.000000
   12     0.000000,    0.000000,    0.000000
   13     0.000000,    0.000000,   -0.000000
   14    -0.000000,    0.000000,   -0.000000
   15     0.000000,    0.000000,    0.000000
   16     0.000000,    0.000000,   -0.000000
   17    -0.000000,    0.000000,   -0.000000
   18     0.000000,    0.000000,    0.000000
   19     0.000000,    0.000000,   -0.000000
   20    -0.000000,    0.000000,   -0.000000
   21     0.000000,    0.000000,    0.000000
   22     0.000000,    0.000000,   -0.000000
   23    -0.000000,   -0.000000,    0.000000
   24     0.000000,   -0.000000,    0.000000
   25     0.000000,   -0.000000,    0.000000
   26     0.000000,    0.000000,    0.000000
   27     0.000000,    0.000000,   -0.000000
   28    -0.000000,   -0.000000,    0.000000
   29     0.000000,   -0.000000,    0.000000
   30     0.000000,   -0.000000,    0.000000
   31     0.000000,    0.000000,    0.000000
   32     0.000000,    0.000000,   -0.000000
   33    -0.000000,   -0.000000,    0.000000
   34     0.000000,   -0.000000,    0.000000
   35     0.000000,   -0.000000,    0.000000
   36     0.000000,    0.000000,    0.000000
   37     0.000000,    0.000000,   -0.000000
   38    -0.000000,   -0.000000,    0.000000
   39     0.000000,   -0.000000,    0.000000
   40     0.000000,   -0.000000,    0.000000
   41    -0.000000,    0.000000,   -0.000000
   42     0.000000,    0.000000,   -0.000000
   43    -0.000000,    0.000000,   -0.000000
   44    -0.000000,    0.000000,   -0.000000
   45     0.000000,   -0.000000,    0.000000
   46    -0.000000,    0.000000,   -0.000000
   47     0.000000,   -0.000000,    0.000000
Detailed time report:
ISDF      |:    0.000 s for ISDF initialization
InitGuess |:    0.259 s for Prepare initial guess
CInt      |:    0.066 s for Two, Three, and Four-center integrals
Overall   |:    0.532 s for SCF Preparation
DFT Grids |:    0.206 s for Initialization of the tabulated Grids and AOs
electron number in alpha-channel:  18.00000000
electron number in beta-channel:   17.00000000
The evaluation of Vj, Vk and Vxc matrices cost       0.00,       0.00 and       0.03 seconds, respectively
Exc:     -73.37386121, Vxc:     -47.64090575
The total energy:     -2574.1372042615 Ha by the initial guess
electron number in alpha-channel:  18.00000000
electron number in beta-channel:   17.00000000
The evaluation of Vj, Vk and Vxc matrices cost       0.00,       0.00 and       0.03 seconds, respectively
Exc:     -73.41377812, Vxc:     -47.66727896
Hamiltonian: generation by       0.04s and DIIS extrapolation by       0.00s
Energy:   -2574.1407210543 Ha with <S^2> =  0.752 and <2S+1> =  2.002 after    1 iterations (in       0.04 seconds).
Detailed timing info in this SCF step:
prepare_next_input:            0.04s
diagonalize_hamiltonian:       0.00s
generate_density_matrix:       0.00s
check_scf_convergence:         0.00s
scf_records.update:            0.00s
electron number in alpha-channel:  18.00000000
electron number in beta-channel:   17.00000000
The evaluation of Vj, Vk and Vxc matrices cost       0.00,       0.00 and       0.03 seconds, respectively
Exc:     -73.38451563, Vxc:     -47.64796952
Hamiltonian: generation by       0.04s and DIIS extrapolation by       0.00s
SCF Change: DM (1.56871e-4,1.45217e-4); eev 7.98002e-2 Ha; etot -1.81091e-4 Ha
Energy:   -2574.1409021458 Ha with <S^2> =  0.752 and <2S+1> =  2.002 after    2 iterations (in       0.04 seconds).
Detailed timing info in this SCF step:
prepare_next_input:            0.04s
diagonalize_hamiltonian:       0.00s
generate_density_matrix:       0.00s
check_scf_convergence:         0.00s
scf_records.update:            0.00s
electron number in alpha-channel:  18.00000000
electron number in beta-channel:   17.00000000
The evaluation of Vj, Vk and Vxc matrices cost       0.00,       0.01 and       0.03 seconds, respectively
Exc:     -73.39994139, Vxc:     -47.65814198
Hamiltonian: generation by       0.04s and DIIS extrapolation by       0.00s
SCF Change: DM (5.52597e-5,6.22023e-5); eev 1.93251e-2 Ha; etot -7.72813e-5 Ha
Energy:   -2574.1409794271 Ha with <S^2> =  0.752 and <2S+1> =  2.002 after    3 iterations (in       0.04 seconds).
Detailed timing info in this SCF step:
prepare_next_input:            0.04s
diagonalize_hamiltonian:       0.00s
generate_density_matrix:       0.00s
check_scf_convergence:         0.00s
scf_records.update:            0.00s
electron number in alpha-channel:  18.00000000
electron number in beta-channel:   17.00000000
The evaluation of Vj, Vk and Vxc matrices cost       0.00,       0.00 and       0.03 seconds, respectively
Exc:     -73.39720968, Vxc:     -47.65634327
Hamiltonian: generation by       0.04s and DIIS extrapolation by       0.00s
SCF Change: DM (2.20847e-5,1.91207e-5); eev 6.07432e-3 Ha; etot -2.08620e-6 Ha
Energy:   -2574.1409815133 Ha with <S^2> =  0.752 and <2S+1> =  2.002 after    4 iterations (in       0.04 seconds).
Detailed timing info in this SCF step:
prepare_next_input:            0.04s
diagonalize_hamiltonian:       0.00s
generate_density_matrix:       0.00s
check_scf_convergence:         0.00s
scf_records.update:            0.00s
electron number in alpha-channel:  18.00000000
electron number in beta-channel:   17.00000000
The evaluation of Vj, Vk and Vxc matrices cost       0.00,       0.00 and       0.03 seconds, respectively
Exc:     -73.39803748, Vxc:     -47.65688810
Hamiltonian: generation by       0.04s and DIIS extrapolation by       0.00s
SCF Change: DM (1.79781e-6,1.85162e-6); eev 5.39063e-4 Ha; etot -4.23885e-7 Ha
Energy:   -2574.1409819372 Ha with <S^2> =  0.752 and <2S+1> =  2.002 after    5 iterations (in       0.04 seconds).
Detailed timing info in this SCF step:
prepare_next_input:            0.04s
diagonalize_hamiltonian:       0.00s
generate_density_matrix:       0.00s
check_scf_convergence:         0.00s
scf_records.update:            0.00s
electron number in alpha-channel:  18.00000000
electron number in beta-channel:   17.00000000
The evaluation of Vj, Vk and Vxc matrices cost       0.00,       0.01 and       0.03 seconds, respectively
Exc:     -73.39797273, Vxc:     -47.65684549
Hamiltonian: generation by       0.04s and DIIS extrapolation by       0.00s
SCF Change: DM (4.32847e-8,4.57692e-8); eev 1.61752e-6 Ha; etot -3.71483e-9 Ha
Energy:   -2574.1409819409 Ha with <S^2> =  0.752 and <2S+1> =  2.002 after    6 iterations (in       0.04 seconds).
Detailed timing info in this SCF step:
prepare_next_input:            0.04s
diagonalize_hamiltonian:       0.00s
generate_density_matrix:       0.00s
check_scf_convergence:         0.00s
scf_records.update:            0.00s
electron number in alpha-channel:  18.00000000
electron number in beta-channel:   17.00000000
The evaluation of Vj, Vk and Vxc matrices cost       0.00,       0.01 and       0.03 seconds, respectively
Exc:     -73.39797280, Vxc:     -47.65684554
Hamiltonian: generation by       0.04s and DIIS extrapolation by       0.00s
SCF Change: DM (5.17645e-9,5.78217e-9); eev 1.28495e-7 Ha; etot -1.36424e-12 Ha
Energy:   -2574.1409819409 Ha with <S^2> =  0.752 and <2S+1> =  2.002 after    7 iterations (in       0.05 seconds).
Detailed timing info in this SCF step:
prepare_next_input:            0.04s
diagonalize_hamiltonian:       0.00s
generate_density_matrix:       0.00s
check_scf_convergence:         0.00s
scf_records.update:            0.00s
SCF is converged after    7 iterations.
Spin-up eigenvalues
 
   State    Occupation        Eigenvalue
       0       1.00000       -482.895340
       1       1.00000        -62.542267
       2       1.00000        -56.361847
       3       1.00000        -56.354119
       4       1.00000        -56.354119
       5       1.00000         -8.733598
       6       1.00000         -6.570289
       7       1.00000         -6.548909
       8       1.00000         -6.548909
       9       1.00000         -2.681930
      10       1.00000         -2.676681
      11       1.00000         -2.676681
      12       1.00000         -2.660923
      13       1.00000         -2.660923
      14       1.00000         -0.797718
      15       1.00000         -0.373675
      16       1.00000         -0.325943
      17       1.00000         -0.325943
      18       0.00000          0.218965
      19       0.00000          0.236927
      20       0.00000          0.236927
 
Spin-down eigenvalues
 
   State    Occupation        Eigenvalue
       0       1.00000       -482.892773
       1       1.00000        -62.540821
       2       1.00000        -56.356075
       3       1.00000        -56.353080
       4       1.00000        -56.353080
       5       1.00000         -8.729641
       6       1.00000         -6.559222
       7       1.00000         -6.547215
       8       1.00000         -6.547215
       9       1.00000         -2.674022
      10       1.00000         -2.670638
      11       1.00000         -2.670638
      12       1.00000         -2.660071
      13       1.00000         -2.660071
      14       1.00000         -0.754347
      15       1.00000         -0.312890
      16       1.00000         -0.312890
      17       0.00000         -0.235750
      18       0.00000          0.240014
      19       0.00000          0.240014
      20       0.00000          0.242022
==========================================
Now evaluate the    PT2 correlation energy
==========================================
generate RI3MO only for occ_range:0..18, vir_range:17..48
Finish the RI3MO generation
Exc_scf: (-73.39797278564515,0.2),Exc_pos: (-20.54954992685523,0.7731)
----------------------------------------------------------------------
Methods         :       Total Corr,          OS Corr,          SS Corr
----------------------------------------------------------------------
PT2             :      -0.41324581,      -0.28646419,      -0.12678162
----------------------------------------------------------------------
Fifth-rung correlation energy :      -0.125012972930 Ha
E[XYGJOS]=:   -2572.74191329 Ha, Ex[HF]:     -89.55564690 Ha, Ec[PT2  ]:      -0.41324581 Ha
Detailed time report:
c_r5dft   |:    0.007 s for for advanced correlations
xc_energy |:    0.130 s for for x_hf, xc_scf, xc_xdh
ao2mo     |:    0.007 s for for the generation of RI3MO
Mulliken population:
 0-Br-S-0              1.99956
 0-Br-S-0              2.00528
 0-Br-S-0              1.15656
 0-Br-S-0              0.78326
 0-Br-S-0              1.09906
 0-Br-S-0              0.95525
 0-Br-P-0              1.99874
 0-Br-P-1              1.99867
 0-Br-P-2              1.99881
 0-Br-P-0              1.97410
 0-Br-P-1              1.97147
 0-Br-P-2              1.97668
 0-Br-P-0              0.44476
 0-Br-P-1              0.37660
 0-Br-P-2              0.51152
 0-Br-P-0              0.83095
 0-Br-P-1              0.69631
 0-Br-P-2              0.96282
 0-Br-P-0              0.41988
 0-Br-P-1              0.33078
 0-Br-P-2              0.50713
 0-Br-D-0              1.78910
 0-Br-D-1              1.78947
 0-Br-D-2              1.78993
 0-Br-D-3              1.78991
 0-Br-D-4              1.78903
 0-Br-D-0              0.20425
 0-Br-D-1              0.20371
 0-Br-D-2              0.20315
 0-Br-D-3              0.20315
 0-Br-D-4              0.20426
 0-Br-D-0              0.00532
 0-Br-D-1              0.00515
 0-Br-D-2              0.00533
 0-Br-D-3              0.00525
 0-Br-D-4              0.00502
 0-Br-D-0              0.00197
 0-Br-D-1              0.00176
 0-Br-D-2              0.00179
 0-Br-D-3              0.00174
 0-Br-D-4              0.00176
 0-Br-F-0              0.00019
 0-Br-F-1              0.00014
 0-Br-F-2              0.00009
 0-Br-F-3              0.00008
 0-Br-F-4              0.00005
 0-Br-F-5              0.00004
 0-Br-F-6              0.00019
Mulliken population analysis:
  0-Br :  -0.000000

====================================================
              REST: Mission accomplished
====================================================
The SCF energy        :   -2574.1409819409 Ha
The (R)-xDH energy    :   -2572.7419132927 Ha
Detailed time report:
SCF       |:    0.864 s for the scf procedure
PT2       |:    0.144 s for the PT2 evaluation
Overall   |:    1.487 s for the whole job
