=========================================================
Input parameters for the REST calculation
=========================================================
Calculation type: Single-point energy
The exchange-correlation method: xygjos
Print level:                1
The number of threads used for parallelism:      4
The spheric-GTO basis set is taken from /home/symei/def2-TZVPP-mixed
The pruning method is nwchem
The radial grid generation method is treutler
ERI Type: ri_v
Turn on the basis pair symmetry for RI 3D-tensors
The spheric-GTO auxiliary basis set is taken from /home/symei/def2-SV(P)-JKFIT
Spin polarization: On
Charge:   0; Spin:   2
min_num_angular_points: 110
max_num_angular_points: 590
hardness: 3
Grid generation level: 3
Even tempered basis generation: false
SCF convergency thresholds: 1e-8 for density matrix
                            1e-8 Ha. for sum of eigenvalues
                            1e-8 Ha. for total energy
Max. SCF cycle number:      250
The diis mixing with (param, max_vec_len) = (0.2, 8) is employed for the SCF procedure
Turn on the diis mixing after 1 step(s) of SCF iteractions with the linear mixing
The specified checkfile exists but is not loaded because the keyword 'external_init_guess' is specified
It will be updated after the SCF procedure 
(none)
Initial guess is prepared by (sad).
It is a finite cluster calculation
the scf functional for 'xygjos' contains
The density functional 'B3LYP' belongs to the 'Hybrid GGA' family and is defined in the reference(s):
(0): P. J. Stephens, F. J. Devlin, C. F. Chabalowski, and M. J. Frisch.,  J. Phys. Chem. 98, 11623 (1994)
the post-scf functional 'xygjos' is employed, which contains
The density functional 'Slater exchange' belongs to the 'LDA' family and is defined in the reference(s):
(0): P. A. M. Dirac.,  Math. Proc. Cambridge Philos. Soc. 26, 376 (1930)
(1): F. Bloch.,  Z. Phys. 57, 545 (1929)
The density functional 'Becke 88' belongs to the 'GGA' family and is defined in the reference(s):
(0): A. D. Becke.,  Phys. Rev. A 38, 3098 (1988)
The density functional 'Vosko, Wilk & Nusair (VWN5_RPA)' belongs to the 'LDA' family and is defined in the reference(s):
(0): S. H. Vosko, L. Wilk, and M. Nusair.,  Can. J. Phys. 58, 1200 (1980)
The density functional 'Lee, Yang & Parr' belongs to the 'GGA' family and is defined in the reference(s):
(0): C. Lee, W. Yang, and R. G. Parr.,  Phys. Rev. B 37, 785 (1988)
(1): B. Miehlich, A. Savin, H. Stoll, and H. Preuss.,  Chem. Phys. Lett. 157, 200 (1989)
<start_mo> for the frozen-core post-SCF methods 9 is smaller than the number of ecp orbitals 14. Set <start_mo> = 0
Libxc version used in REST: 7.0.0
nbas: 16, natm: 1 for standard basis sets
First valence state for the frozen-core algorithm:     0
final nbas: 76,final natm: 2
numbasis: 48, num_auxbas: 266
Molecule_name: br
Unrestricted Hartree-Fock (or Kohn-Sham) algorithm is invoked.
Nuc_energy:       0.00000000 Hartree
No ghost effective potential
No ghost point charges
Overlap matrix is nonsigular:
  Lowest eigenvalue:       0.02573177 with the total number of basis functions:     48
Grid size: 20904
Generate SAD of Br
Initial guess HF energy:     -15.0251687848900914
The total energy:       -15.0683927003 Ha by the initial guess
Energy:     -15.0692735425 Ha with <S^2> =  0.755 and <2S+1> =  2.005 after    1 iterations (in       0.04 seconds).
SCF Change: DM (2.07597e-4,3.22605e-4); eev  1.41992e2 Ha; etot 1.67955e-3 Ha
Energy:     -15.0675939949 Ha with <S^2> =  0.755 and <2S+1> =  2.005 after    2 iterations (in       0.03 seconds).
SCF Change: DM (8.58969e-5,1.35117e-4); eev  1.68867e2 Ha; etot -4.99020e-3 Ha
Energy:     -15.0725841953 Ha with <S^2> =  0.756 and <2S+1> =  2.006 after    3 iterations (in       0.03 seconds).
SCF Change: DM (6.94487e-5,7.64866e-5); eev  2.49487e2 Ha; etot -5.25749e-4 Ha
Energy:     -15.0731099445 Ha with <S^2> =  0.757 and <2S+1> =  2.007 after    4 iterations (in       0.03 seconds).
SCF Change: DM (2.55672e-5,1.76780e-5); eev  2.89172e2 Ha; etot 6.41409e-5 Ha
Energy:     -15.0730458036 Ha with <S^2> =  0.757 and <2S+1> =  2.007 after    5 iterations (in       0.03 seconds).
SCF Change: DM (1.89902e-5,1.41284e-5); eev  1.45396e2 Ha; etot -4.48571e-5 Ha
Energy:     -15.0730906607 Ha with <S^2> =  0.757 and <2S+1> =  2.007 after    6 iterations (in       0.03 seconds).
SCF Change: DM (6.47432e-6,7.84868e-6); eev  2.47629e2 Ha; etot -9.01078e-5 Ha
Energy:     -15.0731807685 Ha with <S^2> =  0.757 and <2S+1> =  2.007 after    7 iterations (in       0.04 seconds).
SCF Change: DM (7.15939e-6,4.22167e-6); eev  2.94221e2 Ha; etot -6.52447e-7 Ha
Energy:     -15.0731814210 Ha with <S^2> =  0.757 and <2S+1> =  2.007 after    8 iterations (in       0.03 seconds).
SCF Change: DM (6.76023e-6,4.22966e-6); eev  4.56056e1 Ha; etot 4.68389e-7 Ha
Energy:     -15.0731809526 Ha with <S^2> =  0.757 and <2S+1> =  2.007 after    9 iterations (in       0.03 seconds).
SCF Change: DM (1.61840e-6,1.10206e-6); eev  5.14173e1 Ha; etot -4.40932e-7 Ha
Energy:     -15.0731813935 Ha with <S^2> =  0.757 and <2S+1> =  2.007 after   10 iterations (in       0.03 seconds).
SCF Change: DM (2.26907e-6,1.79371e-6); eev  3.23726e1 Ha; etot -4.93207e-7 Ha
Energy:     -15.0731818867 Ha with <S^2> =  0.757 and <2S+1> =  2.007 after   11 iterations (in       0.03 seconds).
SCF Change: DM (1.35079e-6,1.02072e-6); eev  5.00040e1 Ha; etot -5.52560e-6 Ha
Energy:     -15.0731874123 Ha with <S^2> =  0.757 and <2S+1> =  2.007 after   12 iterations (in       0.03 seconds).
SCF Change: DM (1.48365e-6,2.06207e-6); eev  4.70198e1 Ha; etot -2.89623e-7 Ha
Energy:     -15.0731877019 Ha with <S^2> =  0.757 and <2S+1> =  2.007 after   13 iterations (in       0.03 seconds).
SCF Change: DM (8.78448e-7,1.07982e-6); eev  1.35063e1 Ha; etot 1.03196e-7 Ha
Energy:     -15.0731875987 Ha with <S^2> =  0.757 and <2S+1> =  2.007 after   14 iterations (in       0.03 seconds).
SCF Change: DM (2.56149e-7,9.54186e-7); eev  1.46719e1 Ha; etot -1.09919e-7 Ha
Energy:     -15.0731877087 Ha with <S^2> =  0.757 and <2S+1> =  2.007 after   15 iterations (in       0.03 seconds).
SCF Change: DM (2.87238e-7,1.39364e-6); eev  1.54968e1 Ha; etot -1.88879e-9 Ha
Energy:     -15.0731877106 Ha with <S^2> =  0.757 and <2S+1> =  2.007 after   16 iterations (in       0.03 seconds).
SCF Change: DM (2.68744e-7,1.30755e-6); eev  4.77968e0 Ha; etot -1.90444e-9 Ha
Energy:     -15.0731877125 Ha with <S^2> =  0.757 and <2S+1> =  2.007 after   17 iterations (in       0.03 seconds).
SCF Change: DM (1.41282e-7,6.90313e-7); eev  1.31985e0 Ha; etot -1.28321e-9 Ha
Energy:     -15.0731877137 Ha with <S^2> =  0.757 and <2S+1> =  2.007 after   18 iterations (in       0.03 seconds).
SCF Change: DM (1.94540e-6,9.51226e-6); eev 2.93168e-2 Ha; etot -6.45350e-10 Ha
Energy:     -15.0731877144 Ha with <S^2> =  0.757 and <2S+1> =  2.007 after   19 iterations (in       0.03 seconds).
SCF Change: DM (1.10895e-4,5.40779e-4); eev 7.68962e-2 Ha; etot 8.79973e-9 Ha
Energy:     -15.0731877056 Ha with <S^2> =  0.757 and <2S+1> =  2.007 after   20 iterations (in       0.03 seconds).
Energy increase is detected. Turn on the linear mixing algorithm with (H[DIIS, i-1] + H[DIIS, i+1]).
Prev_Energies: (    -15.07318771,     -15.07318728)
Energy increase is detected. Turn on the linear mixing algorithm with (H[DIIS, i-1] + H[DIIS, i+1]).
Prev_Energies: (    -15.07318771,     -15.07318728)
SCF Change: DM (8.56871e-5,4.17618e-4); eev 7.03021e-2 Ha; etot 4.23216e-7 Ha
Energy:     -15.0731872824 Ha with <S^2> =  0.757 and <2S+1> =  2.007 after   21 iterations (in       0.03 seconds).
SCF Change: DM (9.57692e-5,4.66542e-4); eev 3.30964e-2 Ha; etot -3.15316e-7 Ha
Energy:     -15.0731875977 Ha with <S^2> =  0.757 and <2S+1> =  2.007 after   22 iterations (in       0.03 seconds).
Energy increase is detected. Turn on the linear mixing algorithm with (H[DIIS, i-1] + H[DIIS, i+1]).
Prev_Energies: (    -15.07318760,     -15.07318724)
Energy increase is detected. Turn on the linear mixing algorithm with (H[DIIS, i-1] + H[DIIS, i+1]).
Prev_Energies: (    -15.07318760,     -15.07318724)
SCF Change: DM (7.57468e-5,3.68756e-4); eev 2.54770e-2 Ha; etot 3.56062e-7 Ha
Energy:     -15.0731872416 Ha with <S^2> =  0.757 and <2S+1> =  2.007 after   23 iterations (in       0.03 seconds).
SCF Change: DM (9.36388e-5,4.55341e-4); eev 4.59326e-2 Ha; etot -2.77515e-7 Ha
Energy:     -15.0731875191 Ha with <S^2> =  0.757 and <2S+1> =  2.007 after   24 iterations (in       0.03 seconds).
Energy increase is detected. Turn on the linear mixing algorithm with (H[DIIS, i-1] + H[DIIS, i+1]).
Prev_Energies: (    -15.07318752,     -15.07318717)
Energy increase is detected. Turn on the linear mixing algorithm with (H[DIIS, i-1] + H[DIIS, i+1]).
Prev_Energies: (    -15.07318752,     -15.07318717)
SCF Change: DM (7.40950e-5,3.59999e-4); eev 3.56372e-2 Ha; etot 3.53085e-7 Ha
Energy:     -15.0731871661 Ha with <S^2> =  0.757 and <2S+1> =  2.007 after   25 iterations (in       0.03 seconds).
SCF Change: DM (6.40451e-5,3.11422e-4); eev 1.87109e-2 Ha; etot -2.80834e-7 Ha
Energy:     -15.0731874469 Ha with <S^2> =  0.757 and <2S+1> =  2.007 after   26 iterations (in       0.02 seconds).
Energy increase is detected. Turn on the linear mixing algorithm with (H[DIIS, i-1] + H[DIIS, i+1]).
Prev_Energies: (    -15.07318745,     -15.07318721)
Energy increase is detected. Turn on the linear mixing algorithm with (H[DIIS, i-1] + H[DIIS, i+1]).
Prev_Energies: (    -15.07318745,     -15.07318721)
SCF Change: DM (4.82008e-5,2.34197e-4); eev 1.21634e-2 Ha; etot 2.36490e-7 Ha
Energy:     -15.0731872104 Ha with <S^2> =  0.757 and <2S+1> =  2.007 after   27 iterations (in       0.03 seconds).
SCF Change: DM (3.26870e-5,1.59122e-4); eev 1.44792e-2 Ha; etot -1.80096e-7 Ha
Energy:     -15.0731873905 Ha with <S^2> =  0.757 and <2S+1> =  2.007 after   28 iterations (in       0.02 seconds).
Energy increase is detected. Turn on the linear mixing algorithm with (H[DIIS, i-1] + H[DIIS, i+1]).
Prev_Energies: (    -15.07318739,     -15.07318728)
Energy increase is detected. Turn on the linear mixing algorithm with (H[DIIS, i-1] + H[DIIS, i+1]).
Prev_Energies: (    -15.07318739,     -15.07318728)
SCF Change: DM (2.80571e-5,1.36565e-4); eev 1.04262e-2 Ha; etot 1.13411e-7 Ha
Energy:     -15.0731872771 Ha with <S^2> =  0.757 and <2S+1> =  2.007 after   29 iterations (in       0.03 seconds).
SCF Change: DM (7.83835e-5,3.80915e-4); eev 4.94750e-2 Ha; etot -9.65110e-8 Ha
Energy:     -15.0731873736 Ha with <S^2> =  0.757 and <2S+1> =  2.007 after   30 iterations (in       0.02 seconds).
Energy increase is detected. Turn on the linear mixing algorithm with (H[DIIS, i-1] + H[DIIS, i+1]).
Prev_Energies: (    -15.07318737,     -15.07318713)
Energy increase is detected. Turn on the linear mixing algorithm with (H[DIIS, i-1] + H[DIIS, i+1]).
Prev_Energies: (    -15.07318737,     -15.07318713)
SCF Change: DM (6.51853e-5,3.16614e-4); eev 4.59008e-2 Ha; etot 2.40698e-7 Ha
Energy:     -15.0731871329 Ha with <S^2> =  0.757 and <2S+1> =  2.007 after   31 iterations (in       0.02 seconds).
SCF Change: DM (7.50881e-5,3.65482e-4); eev 1.32314e-2 Ha; etot -2.03397e-7 Ha
Energy:     -15.0731873363 Ha with <S^2> =  0.757 and <2S+1> =  2.007 after   32 iterations (in       0.03 seconds).
Energy increase is detected. Turn on the linear mixing algorithm with (H[DIIS, i-1] + H[DIIS, i+1]).
Prev_Energies: (    -15.07318734,     -15.07318719)
Energy increase is detected. Turn on the linear mixing algorithm with (H[DIIS, i-1] + H[DIIS, i+1]).
Prev_Energies: (    -15.07318734,     -15.07318719)
SCF Change: DM (5.95600e-5,2.89971e-4); eev 1.19066e-2 Ha; etot 1.50101e-7 Ha
Energy:     -15.0731871862 Ha with <S^2> =  0.757 and <2S+1> =  2.007 after   33 iterations (in       0.03 seconds).
SCF Change: DM (2.81908e-5,1.36874e-4); eev 2.08073e-2 Ha; etot -1.14738e-7 Ha
Energy:     -15.0731873009 Ha with <S^2> =  0.757 and <2S+1> =  2.007 after   34 iterations (in       0.03 seconds).
Energy increase is detected. Turn on the linear mixing algorithm with (H[DIIS, i-1] + H[DIIS, i+1]).
Prev_Energies: (    -15.07318730,     -15.07318725)
Energy increase is detected. Turn on the linear mixing algorithm with (H[DIIS, i-1] + H[DIIS, i+1]).
Prev_Energies: (    -15.07318730,     -15.07318725)
SCF Change: DM (2.11108e-5,1.02504e-4); eev 1.68416e-2 Ha; etot 5.30665e-8 Ha
Energy:     -15.0731872479 Ha with <S^2> =  0.757 and <2S+1> =  2.007 after   35 iterations (in       0.03 seconds).
SCF Change: DM (3.26647e-5,1.58933e-4); eev 8.01207e-3 Ha; etot -3.94490e-8 Ha
Energy:     -15.0731872873 Ha with <S^2> =  0.757 and <2S+1> =  2.007 after   36 iterations (in       0.03 seconds).
Energy increase is detected. Turn on the linear mixing algorithm with (H[DIIS, i-1] + H[DIIS, i+1]).
Prev_Energies: (    -15.07318729,     -15.07318723)
Energy increase is detected. Turn on the linear mixing algorithm with (H[DIIS, i-1] + H[DIIS, i+1]).
Prev_Energies: (    -15.07318729,     -15.07318723)
SCF Change: DM (2.45529e-5,1.19492e-4); eev 6.25600e-3 Ha; etot 6.03446e-8 Ha
Energy:     -15.0731872270 Ha with <S^2> =  0.757 and <2S+1> =  2.007 after   37 iterations (in       0.03 seconds).
SCF Change: DM (2.63029e-5,1.27901e-4); eev 1.14029e-2 Ha; etot -4.42517e-8 Ha
Energy:     -15.0731872712 Ha with <S^2> =  0.757 and <2S+1> =  2.007 after   38 iterations (in       0.03 seconds).
Energy increase is detected. Turn on the linear mixing algorithm with (H[DIIS, i-1] + H[DIIS, i+1]).
Prev_Energies: (    -15.07318727,     -15.07318722)
Energy increase is detected. Turn on the linear mixing algorithm with (H[DIIS, i-1] + H[DIIS, i+1]).
Prev_Energies: (    -15.07318727,     -15.07318722)
SCF Change: DM (1.89860e-5,9.23186e-5); eev 8.70407e-3 Ha; etot 4.70249e-8 Ha
Energy:     -15.0731872242 Ha with <S^2> =  0.757 and <2S+1> =  2.007 after   39 iterations (in       0.03 seconds).
SCF Change: DM (2.61000e-5,1.26958e-4); eev 1.22736e-2 Ha; etot -3.32274e-8 Ha
Energy:     -15.0731872574 Ha with <S^2> =  0.757 and <2S+1> =  2.007 after   40 iterations (in       0.03 seconds).
Energy increase is detected. Turn on the linear mixing algorithm with (H[DIIS, i-1] + H[DIIS, i+1]).
Prev_Energies: (    -15.07318726,     -15.07318721)
Energy increase is detected. Turn on the linear mixing algorithm with (H[DIIS, i-1] + H[DIIS, i+1]).
Prev_Energies: (    -15.07318726,     -15.07318721)
SCF Change: DM (2.22469e-5,1.08262e-4); eev 9.07798e-3 Ha; etot 4.49008e-8 Ha
Energy:     -15.0731872125 Ha with <S^2> =  0.757 and <2S+1> =  2.007 after   41 iterations (in       0.03 seconds).
SCF Change: DM (2.58007e-5,1.25655e-4); eev 8.07196e-3 Ha; etot -3.81799e-8 Ha
Energy:     -15.0731872507 Ha with <S^2> =  0.757 and <2S+1> =  2.007 after   42 iterations (in       0.03 seconds).
Energy increase is detected. Turn on the linear mixing algorithm with (H[DIIS, i-1] + H[DIIS, i+1]).
Prev_Energies: (    -15.07318725,     -15.07318721)
Energy increase is detected. Turn on the linear mixing algorithm with (H[DIIS, i-1] + H[DIIS, i+1]).
Prev_Energies: (    -15.07318725,     -15.07318721)
SCF Change: DM (1.55234e-5,7.55416e-5); eev 9.32632e-3 Ha; etot 4.31330e-8 Ha
Energy:     -15.0731872076 Ha with <S^2> =  0.757 and <2S+1> =  2.007 after   43 iterations (in       0.02 seconds).
SCF Change: DM (5.92918e-5,2.89004e-4); eev 1.47186e-2 Ha; etot -2.45629e-8 Ha
Energy:     -15.0731872321 Ha with <S^2> =  0.757 and <2S+1> =  2.007 after   44 iterations (in       0.02 seconds).
Energy increase is detected. Turn on the linear mixing algorithm with (H[DIIS, i-1] + H[DIIS, i+1]).
Prev_Energies: (    -15.07318723,     -15.07318716)
Energy increase is detected. Turn on the linear mixing algorithm with (H[DIIS, i-1] + H[DIIS, i+1]).
Prev_Energies: (    -15.07318723,     -15.07318716)
SCF Change: DM (4.78681e-5,2.33317e-4); eev 1.21549e-2 Ha; etot 6.80754e-8 Ha
Energy:     -15.0731871641 Ha with <S^2> =  0.757 and <2S+1> =  2.007 after   45 iterations (in       0.02 seconds).
SCF Change: DM (5.06596e-5,2.46978e-4); eev 1.05062e-2 Ha; etot -4.96769e-8 Ha
Energy:     -15.0731872137 Ha with <S^2> =  0.757 and <2S+1> =  2.007 after   46 iterations (in       0.02 seconds).
Energy increase is detected. Turn on the linear mixing algorithm with (H[DIIS, i-1] + H[DIIS, i+1]).
Prev_Energies: (    -15.07318721,     -15.07318716)
Energy increase is detected. Turn on the linear mixing algorithm with (H[DIIS, i-1] + H[DIIS, i+1]).
Prev_Energies: (    -15.07318721,     -15.07318716)
SCF Change: DM (4.29672e-5,2.09476e-4); eev 1.01661e-2 Ha; etot 4.98885e-8 Ha
Energy:     -15.0731871638 Ha with <S^2> =  0.757 and <2S+1> =  2.007 after   47 iterations (in       0.02 seconds).
SCF Change: DM (3.18111e-5,1.55035e-4); eev 9.50006e-3 Ha; etot -3.90350e-8 Ha
Energy:     -15.0731872029 Ha with <S^2> =  0.757 and <2S+1> =  2.007 after   48 iterations (in       0.02 seconds).
Energy increase is detected. Turn on the linear mixing algorithm with (H[DIIS, i-1] + H[DIIS, i+1]).
Prev_Energies: (    -15.07318720,     -15.07318717)
Energy increase is detected. Turn on the linear mixing algorithm with (H[DIIS, i-1] + H[DIIS, i+1]).
Prev_Energies: (    -15.07318720,     -15.07318717)
SCF Change: DM (2.51612e-5,1.22635e-4); eev 8.24623e-3 Ha; etot 3.57351e-8 Ha
Energy:     -15.0731871671 Ha with <S^2> =  0.757 and <2S+1> =  2.007 after   49 iterations (in       0.02 seconds).
SCF Change: DM (2.60212e-5,1.26703e-4); eev 1.48169e-2 Ha; etot -2.72503e-8 Ha
Energy:     -15.0731871944 Ha with <S^2> =  0.757 and <2S+1> =  2.007 after   50 iterations (in       0.02 seconds).
Energy increase is detected. Turn on the linear mixing algorithm with (H[DIIS, i-1] + H[DIIS, i+1]).
Prev_Energies: (    -15.07318719,     -15.07318716)
Energy increase is detected. Turn on the linear mixing algorithm with (H[DIIS, i-1] + H[DIIS, i+1]).
Prev_Energies: (    -15.07318719,     -15.07318716)
SCF Change: DM (1.89857e-5,9.23620e-5); eev 1.37869e-2 Ha; etot 3.11714e-8 Ha
Energy:     -15.0731871632 Ha with <S^2> =  0.757 and <2S+1> =  2.007 after   51 iterations (in       0.02 seconds).
SCF Change: DM (2.81686e-5,1.37468e-4); eev 2.22844e-3 Ha; etot -2.29758e-8 Ha
Energy:     -15.0731871862 Ha with <S^2> =  0.757 and <2S+1> =  2.007 after   52 iterations (in       0.02 seconds).
Energy increase is detected. Turn on the linear mixing algorithm with (H[DIIS, i-1] + H[DIIS, i+1]).
Prev_Energies: (    -15.07318719,     -15.07318717)
Energy increase is detected. Turn on the linear mixing algorithm with (H[DIIS, i-1] + H[DIIS, i+1]).
Prev_Energies: (    -15.07318719,     -15.07318717)
SCF Change: DM (2.23811e-5,1.09225e-4); eev 2.23975e-3 Ha; etot 2.11960e-8 Ha
Energy:     -15.0731871650 Ha with <S^2> =  0.757 and <2S+1> =  2.007 after   53 iterations (in       0.02 seconds).
SCF Change: DM (2.40587e-5,1.17348e-4); eev 6.34262e-3 Ha; etot -1.54861e-8 Ha
Energy:     -15.0731871805 Ha with <S^2> =  0.757 and <2S+1> =  2.007 after   54 iterations (in       0.02 seconds).
Energy increase is detected. Turn on the linear mixing algorithm with (H[DIIS, i-1] + H[DIIS, i+1]).
Prev_Energies: (    -15.07318718,     -15.07318717)
Energy increase is detected. Turn on the linear mixing algorithm with (H[DIIS, i-1] + H[DIIS, i+1]).
Prev_Energies: (    -15.07318718,     -15.07318717)
SCF Change: DM (1.97143e-5,9.61514e-5); eev 5.52291e-3 Ha; etot 1.54498e-8 Ha
Energy:     -15.0731871650 Ha with <S^2> =  0.757 and <2S+1> =  2.007 after   55 iterations (in       0.02 seconds).
SCF Change: DM (1.94327e-5,9.47917e-5); eev 4.06822e-3 Ha; etot -1.17079e-8 Ha
Energy:     -15.0731871767 Ha with <S^2> =  0.757 and <2S+1> =  2.007 after   56 iterations (in       0.02 seconds).
Energy increase is detected. Turn on the linear mixing algorithm with (H[DIIS, i-1] + H[DIIS, i+1]).
Prev_Energies: (    -15.07318718,     -15.07318717)
Energy increase is detected. Turn on the linear mixing algorithm with (H[DIIS, i-1] + H[DIIS, i+1]).
Prev_Energies: (    -15.07318718,     -15.07318717)
SCF Change: DM (1.55491e-5,7.58431e-5); eev 3.33588e-3 Ha; etot 1.15934e-8 Ha
Energy:     -15.0731871652 Ha with <S^2> =  0.757 and <2S+1> =  2.007 after   57 iterations (in       0.02 seconds).
SCF Change: DM (2.26863e-5,1.10632e-4); eev 4.91572e-3 Ha; etot -8.57652e-9 Ha
Energy:     -15.0731871737 Ha with <S^2> =  0.757 and <2S+1> =  2.007 after   58 iterations (in       0.02 seconds).
Energy increase is detected. Turn on the linear mixing algorithm with (H[DIIS, i-1] + H[DIIS, i+1]).
Prev_Energies: (    -15.07318717,     -15.07318716)
Energy increase is detected. Turn on the linear mixing algorithm with (H[DIIS, i-1] + H[DIIS, i+1]).
Prev_Energies: (    -15.07318717,     -15.07318716)
SCF Change: DM (1.79869e-5,8.77061e-5); eev 3.97764e-3 Ha; etot 1.08231e-8 Ha
Energy:     -15.0731871629 Ha with <S^2> =  0.757 and <2S+1> =  2.007 after   59 iterations (in       0.02 seconds).
SCF Change: DM (1.82439e-5,8.89740e-5); eev 3.73791e-3 Ha; etot -7.66500e-9 Ha
Energy:     -15.0731871706 Ha with <S^2> =  0.757 and <2S+1> =  2.007 after   60 iterations (in       0.02 seconds).
Energy increase is detected. Turn on the linear mixing algorithm with (H[DIIS, i-1] + H[DIIS, i+1]).
Prev_Energies: (    -15.07318717,     -15.07318716)
Energy increase is detected. Turn on the linear mixing algorithm with (H[DIIS, i-1] + H[DIIS, i+1]).
Prev_Energies: (    -15.07318717,     -15.07318716)
SCF Change: DM (1.51006e-5,7.36461e-5); eev 2.69710e-3 Ha; etot 7.66024e-9 Ha
Energy:     -15.0731871629 Ha with <S^2> =  0.757 and <2S+1> =  2.007 after   61 iterations (in       0.02 seconds).
SCF Change: DM (1.09138e-5,5.31409e-5); eev 4.62541e-3 Ha; etot -5.86246e-9 Ha
Energy:     -15.0731871688 Ha with <S^2> =  0.757 and <2S+1> =  2.007 after   62 iterations (in       0.02 seconds).
Energy increase is detected. Turn on the linear mixing algorithm with (H[DIIS, i-1] + H[DIIS, i+1]).
Prev_Energies: (    -15.07318717,     -15.07318716)
Energy increase is detected. Turn on the linear mixing algorithm with (H[DIIS, i-1] + H[DIIS, i+1]).
Prev_Energies: (    -15.07318717,     -15.07318716)
SCF Change: DM (8.56439e-6,4.16950e-5); eev 3.62800e-3 Ha; etot 4.99846e-9 Ha
Energy:     -15.0731871638 Ha with <S^2> =  0.757 and <2S+1> =  2.007 after   63 iterations (in       0.02 seconds).
SCF Change: DM (9.09902e-6,4.43201e-5); eev 3.57882e-3 Ha; etot -3.79111e-9 Ha
Energy:     -15.0731871676 Ha with <S^2> =  0.757 and <2S+1> =  2.007 after   64 iterations (in       0.02 seconds).
Energy increase is detected. Turn on the linear mixing algorithm with (H[DIIS, i-1] + H[DIIS, i+1]).
Prev_Energies: (    -15.07318717,     -15.07318716)
Energy increase is detected. Turn on the linear mixing algorithm with (H[DIIS, i-1] + H[DIIS, i+1]).
Prev_Energies: (    -15.07318717,     -15.07318716)
SCF Change: DM (7.41993e-6,3.61404e-5); eev 2.88874e-3 Ha; etot 3.88283e-9 Ha
Energy:     -15.0731871637 Ha with <S^2> =  0.757 and <2S+1> =  2.007 after   65 iterations (in       0.02 seconds).
SCF Change: DM (4.33662e-6,2.11224e-5); eev 8.66312e-4 Ha; etot -3.07175e-9 Ha
Energy:     -15.0731871668 Ha with <S^2> =  0.757 and <2S+1> =  2.007 after   66 iterations (in       0.02 seconds).
Energy increase is detected. Turn on the linear mixing algorithm with (H[DIIS, i-1] + H[DIIS, i+1]).
Prev_Energies: (    -15.07318717,     -15.07318716)
Energy increase is detected. Turn on the linear mixing algorithm with (H[DIIS, i-1] + H[DIIS, i+1]).
Prev_Energies: (    -15.07318717,     -15.07318716)
SCF Change: DM (3.91513e-6,1.90766e-5); eev 5.70203e-4 Ha; etot 1.90357e-9 Ha
Energy:     -15.0731871649 Ha with <S^2> =  0.757 and <2S+1> =  2.007 after   67 iterations (in       0.02 seconds).
SCF Change: DM (1.24273e-6,5.96318e-6); eev 1.22917e-3 Ha; etot -1.69875e-9 Ha
Energy:     -15.0731871665 Ha with <S^2> =  0.757 and <2S+1> =  2.007 after   68 iterations (in       0.02 seconds).
Energy increase is detected. Turn on the linear mixing algorithm with (H[DIIS, i-1] + H[DIIS, i+1]).
Prev_Energies: (    -15.07318717,     -15.07318717)
Energy increase is detected. Turn on the linear mixing algorithm with (H[DIIS, i-1] + H[DIIS, i+1]).
Prev_Energies: (    -15.07318717,     -15.07318717)
SCF Change: DM (8.19113e-7,3.89727e-6); eev 9.92888e-4 Ha; etot 6.73740e-10 Ha
Energy:     -15.0731871659 Ha with <S^2> =  0.757 and <2S+1> =  2.007 after   69 iterations (in       0.02 seconds).
SCF Change: DM (4.56436e-7,2.15014e-6); eev 4.36337e-4 Ha; etot -4.66741e-10 Ha
Energy:     -15.0731871663 Ha with <S^2> =  0.757 and <2S+1> =  2.007 after   70 iterations (in       0.02 seconds).
Energy increase is detected. Turn on the linear mixing algorithm with (H[DIIS, i-1] + H[DIIS, i+1]).
Prev_Energies: (    -15.07318717,     -15.07318717)
Energy increase is detected. Turn on the linear mixing algorithm with (H[DIIS, i-1] + H[DIIS, i+1]).
Prev_Energies: (    -15.07318717,     -15.07318717)
SCF Change: DM (1.93377e-7,8.47259e-7); eev 1.79874e-4 Ha; etot 2.12497e-10 Ha
Energy:     -15.0731871661 Ha with <S^2> =  0.757 and <2S+1> =  2.007 after   71 iterations (in       0.02 seconds).
SCF Change: DM (1.32263e-6,6.43278e-6); eev 1.81355e-4 Ha; etot -9.29514e-11 Ha
Energy:     -15.0731871662 Ha with <S^2> =  0.757 and <2S+1> =  2.007 after   72 iterations (in       0.02 seconds).
Energy increase is detected. Turn on the linear mixing algorithm with (H[DIIS, i-1] + H[DIIS, i+1]).
Prev_Energies: (    -15.07318717,     -15.07318717)
Energy increase is detected. Turn on the linear mixing algorithm with (H[DIIS, i-1] + H[DIIS, i+1]).
Prev_Energies: (    -15.07318717,     -15.07318717)
SCF Change: DM (9.88741e-7,4.80848e-6); eev 1.42072e-4 Ha; etot 4.93824e-10 Ha
Energy:     -15.0731871657 Ha with <S^2> =  0.757 and <2S+1> =  2.007 after   73 iterations (in       0.03 seconds).
SCF Change: DM (2.90414e-6,1.41574e-5); eev 9.17081e-4 Ha; etot -3.65540e-10 Ha
Energy:     -15.0731871661 Ha with <S^2> =  0.757 and <2S+1> =  2.007 after   74 iterations (in       0.05 seconds).
Energy increase is detected. Turn on the linear mixing algorithm with (H[DIIS, i-1] + H[DIIS, i+1]).
Prev_Energies: (    -15.07318717,     -15.07318716)
Energy increase is detected. Turn on the linear mixing algorithm with (H[DIIS, i-1] + H[DIIS, i+1]).
Prev_Energies: (    -15.07318717,     -15.07318716)
SCF Change: DM (2.80149e-6,1.36592e-5); eev 1.13768e-3 Ha; etot 1.13688e-9 Ha
Energy:     -15.0731871650 Ha with <S^2> =  0.757 and <2S+1> =  2.007 after   75 iterations (in       0.04 seconds).
SCF Change: DM (1.13215e-6,5.50891e-6); eev 5.99808e-4 Ha; etot -1.10082e-9 Ha
Energy:     -15.0731871661 Ha with <S^2> =  0.757 and <2S+1> =  2.007 after   76 iterations (in       0.04 seconds).
Energy increase is detected. Turn on the linear mixing algorithm with (H[DIIS, i-1] + H[DIIS, i+1]).
Prev_Energies: (    -15.07318717,     -15.07318717)
Energy increase is detected. Turn on the linear mixing algorithm with (H[DIIS, i-1] + H[DIIS, i+1]).
Prev_Energies: (    -15.07318717,     -15.07318717)
SCF Change: DM (1.13336e-6,5.51644e-6); eev 4.69235e-4 Ha; etot 4.35442e-10 Ha
Energy:     -15.0731871656 Ha with <S^2> =  0.757 and <2S+1> =  2.007 after   77 iterations (in       0.03 seconds).
SCF Change: DM (6.67691e-8,2.76443e-7); eev 4.97028e-4 Ha; etot -4.36264e-10 Ha
Energy:     -15.0731871661 Ha with <S^2> =  0.757 and <2S+1> =  2.007 after   78 iterations (in       0.03 seconds).
Energy increase is detected. Turn on the linear mixing algorithm with (H[DIIS, i-1] + H[DIIS, i+1]).
Prev_Energies: (    -15.07318717,     -15.07318717)
Energy increase is detected. Turn on the linear mixing algorithm with (H[DIIS, i-1] + H[DIIS, i+1]).
Prev_Energies: (    -15.07318717,     -15.07318717)
SCF Change: DM (3.37796e-8,1.18028e-7); eev 3.80726e-4 Ha; etot 2.19664e-11 Ha
Energy:     -15.0731871660 Ha with <S^2> =  0.757 and <2S+1> =  2.007 after   79 iterations (in       0.03 seconds).
Energy increase is detected. Turn on the linear mixing algorithm with (H[DIIS, i-1] + H[DIIS, i+1]).
Prev_Energies: (    -15.07318717,     -15.07318717)
Energy increase is detected. Turn on the linear mixing algorithm with (H[DIIS, i-1] + H[DIIS, i+1]).
Prev_Energies: (    -15.07318717,     -15.07318717)
SCF Change: DM (3.97945e-7,1.92914e-6); eev 3.06877e-4 Ha; etot 9.17311e-12 Ha
Energy:     -15.0731871660 Ha with <S^2> =  0.757 and <2S+1> =  2.007 after   80 iterations (in       0.03 seconds).
Energy increase is detected. Turn on the linear mixing algorithm with (H[DIIS, i-1] + H[DIIS, i+1]).
Prev_Energies: (    -15.07318717,     -15.07318717)
Energy increase is detected. Turn on the linear mixing algorithm with (H[DIIS, i-1] + H[DIIS, i+1]).
Prev_Energies: (    -15.07318717,     -15.07318717)
SCF Change: DM (4.05034e-8,1.63580e-7); eev 2.83654e-4 Ha; etot 1.53110e-10 Ha
Energy:     -15.0731871659 Ha with <S^2> =  0.757 and <2S+1> =  2.007 after   81 iterations (in       0.03 seconds).
Energy increase is detected. Turn on the linear mixing algorithm with (H[DIIS, i-1] + H[DIIS, i+1]).
Prev_Energies: (    -15.07318717,     -15.07318717)
Energy increase is detected. Turn on the linear mixing algorithm with (H[DIIS, i-1] + H[DIIS, i+1]).
Prev_Energies: (    -15.07318717,     -15.07318717)
SCF Change: DM (3.49396e-7,1.69465e-6); eev 3.09557e-4 Ha; etot 5.94902e-12 Ha
Energy:     -15.0731871659 Ha with <S^2> =  0.757 and <2S+1> =  2.007 after   82 iterations (in       0.03 seconds).
Energy increase is detected. Turn on the linear mixing algorithm with (H[DIIS, i-1] + H[DIIS, i+1]).
Prev_Energies: (    -15.07318717,     -15.07318717)
Energy increase is detected. Turn on the linear mixing algorithm with (H[DIIS, i-1] + H[DIIS, i+1]).
Prev_Energies: (    -15.07318717,     -15.07318717)
SCF Change: DM (3.78942e-8,1.58127e-7); eev 4.25905e-4 Ha; etot 1.37472e-10 Ha
Energy:     -15.0731871657 Ha with <S^2> =  0.757 and <2S+1> =  2.007 after   83 iterations (in       0.03 seconds).
SCF Change: DM (9.46006e-8,4.46047e-7); eev 3.14337e-4 Ha; etot -2.51266e-11 Ha
Energy:     -15.0731871658 Ha with <S^2> =  0.757 and <2S+1> =  2.007 after   84 iterations (in       0.03 seconds).
SCF Change: DM (2.92677e-7,1.42557e-6); eev 2.62130e-5 Ha; etot -7.46656e-11 Ha
Energy:     -15.0731871658 Ha with <S^2> =  0.757 and <2S+1> =  2.007 after   85 iterations (in       0.03 seconds).
Energy increase is detected. Turn on the linear mixing algorithm with (H[DIIS, i-1] + H[DIIS, i+1]).
Prev_Energies: (    -15.07318717,     -15.07318717)
Energy increase is detected. Turn on the linear mixing algorithm with (H[DIIS, i-1] + H[DIIS, i+1]).
Prev_Energies: (    -15.07318717,     -15.07318717)
SCF Change: DM (2.98929e-7,1.45535e-6); eev 2.31209e-5 Ha; etot 1.09059e-10 Ha
Energy:     -15.0731871657 Ha with <S^2> =  0.757 and <2S+1> =  2.007 after   86 iterations (in       0.03 seconds).
SCF Change: DM (3.01476e-7,1.46789e-6); eev 8.47666e-5 Ha; etot -1.10173e-10 Ha
Energy:     -15.0731871658 Ha with <S^2> =  0.757 and <2S+1> =  2.007 after   87 iterations (in       0.02 seconds).
Energy increase is detected. Turn on the linear mixing algorithm with (H[DIIS, i-1] + H[DIIS, i+1]).
Prev_Energies: (    -15.07318717,     -15.07318717)
Energy increase is detected. Turn on the linear mixing algorithm with (H[DIIS, i-1] + H[DIIS, i+1]).
Prev_Energies: (    -15.07318717,     -15.07318717)
SCF Change: DM (1.63041e-6,7.95530e-6); eev 3.61532e-4 Ha; etot 1.20698e-10 Ha
Energy:     -15.0731871657 Ha with <S^2> =  0.757 and <2S+1> =  2.007 after   88 iterations (in       0.03 seconds).
Energy increase is detected. Turn on the linear mixing algorithm with (H[DIIS, i-1] + H[DIIS, i+1]).
Prev_Energies: (    -15.07318717,     -15.07318717)
Energy increase is detected. Turn on the linear mixing algorithm with (H[DIIS, i-1] + H[DIIS, i+1]).
Prev_Energies: (    -15.07318717,     -15.07318717)
SCF Change: DM (3.23166e-7,1.57499e-6); eev 5.67663e-5 Ha; etot 6.46294e-10 Ha
Energy:     -15.0731871651 Ha with <S^2> =  0.757 and <2S+1> =  2.007 after   89 iterations (in       0.03 seconds).
Energy increase is detected. Turn on the linear mixing algorithm with (H[DIIS, i-1] + H[DIIS, i+1]).
Prev_Energies: (    -15.07318717,     -15.07318716)
Energy increase is detected. Turn on the linear mixing algorithm with (H[DIIS, i-1] + H[DIIS, i+1]).
Prev_Energies: (    -15.07318717,     -15.07318716)
SCF Change: DM (1.03051e-6,5.02742e-6); eev 1.25146e-4 Ha; etot 1.15545e-10 Ha
Energy:     -15.0731871650 Ha with <S^2> =  0.757 and <2S+1> =  2.007 after   90 iterations (in       0.02 seconds).
Energy increase is detected. Turn on the linear mixing algorithm with (H[DIIS, i-1] + H[DIIS, i+1]).
Prev_Energies: (    -15.07318716,     -15.07318716)
Energy increase is detected. Turn on the linear mixing algorithm with (H[DIIS, i-1] + H[DIIS, i+1]).
Prev_Energies: (    -15.07318716,     -15.07318716)
SCF Change: DM (2.74061e-7,1.33610e-6); eev 1.13628e-4 Ha; etot 3.68246e-10 Ha
Energy:     -15.0731871646 Ha with <S^2> =  0.757 and <2S+1> =  2.007 after   91 iterations (in       0.03 seconds).
Energy increase is detected. Turn on the linear mixing algorithm with (H[DIIS, i-1] + H[DIIS, i+1]).
Prev_Energies: (    -15.07318716,     -15.07318716)
Energy increase is detected. Turn on the linear mixing algorithm with (H[DIIS, i-1] + H[DIIS, i+1]).
Prev_Energies: (    -15.07318716,     -15.07318716)
SCF Change: DM (7.85090e-7,3.83022e-6); eev 1.39063e-4 Ha; etot 8.98250e-11 Ha
Energy:     -15.0731871645 Ha with <S^2> =  0.757 and <2S+1> =  2.007 after   92 iterations (in       0.02 seconds).
Energy increase is detected. Turn on the linear mixing algorithm with (H[DIIS, i-1] + H[DIIS, i+1]).
Prev_Energies: (    -15.07318716,     -15.07318716)
Energy increase is detected. Turn on the linear mixing algorithm with (H[DIIS, i-1] + H[DIIS, i+1]).
Prev_Energies: (    -15.07318716,     -15.07318716)
SCF Change: DM (2.45374e-7,1.19498e-6); eev 1.65712e-4 Ha; etot 2.61240e-10 Ha
Energy:     -15.0731871642 Ha with <S^2> =  0.757 and <2S+1> =  2.007 after   93 iterations (in       0.02 seconds).
Energy increase is detected. Turn on the linear mixing algorithm with (H[DIIS, i-1] + H[DIIS, i+1]).
Prev_Energies: (    -15.07318716,     -15.07318716)
Energy increase is detected. Turn on the linear mixing algorithm with (H[DIIS, i-1] + H[DIIS, i+1]).
Prev_Energies: (    -15.07318716,     -15.07318716)
SCF Change: DM (6.24623e-7,3.04727e-6); eev 1.11000e-4 Ha; etot 6.77289e-11 Ha
Energy:     -15.0731871642 Ha with <S^2> =  0.757 and <2S+1> =  2.007 after   94 iterations (in       0.02 seconds).
Energy increase is detected. Turn on the linear mixing algorithm with (H[DIIS, i-1] + H[DIIS, i+1]).
Prev_Energies: (    -15.07318716,     -15.07318716)
Energy increase is detected. Turn on the linear mixing algorithm with (H[DIIS, i-1] + H[DIIS, i+1]).
Prev_Energies: (    -15.07318716,     -15.07318716)
SCF Change: DM (8.14397e-7,3.97319e-6); eev 6.31712e-5 Ha; etot 1.94412e-10 Ha
Energy:     -15.0731871640 Ha with <S^2> =  0.757 and <2S+1> =  2.007 after   95 iterations (in       0.02 seconds).
Energy increase is detected. Turn on the linear mixing algorithm with (H[DIIS, i-1] + H[DIIS, i+1]).
Prev_Energies: (    -15.07318716,     -15.07318716)
Energy increase is detected. Turn on the linear mixing algorithm with (H[DIIS, i-1] + H[DIIS, i+1]).
Prev_Energies: (    -15.07318716,     -15.07318716)
SCF Change: DM (3.68326e-7,1.79496e-6); eev 4.43135e-5 Ha; etot 2.23901e-10 Ha
Energy:     -15.0731871637 Ha with <S^2> =  0.757 and <2S+1> =  2.007 after   96 iterations (in       0.02 seconds).
SCF Change: DM (1.46901e-6,7.16627e-6); eev 4.89570e-4 Ha; etot -1.05048e-10 Ha
Energy:     -15.0731871639 Ha with <S^2> =  0.757 and <2S+1> =  2.007 after   97 iterations (in       0.02 seconds).
Energy increase is detected. Turn on the linear mixing algorithm with (H[DIIS, i-1] + H[DIIS, i+1]).
Prev_Energies: (    -15.07318716,     -15.07318716)
Energy increase is detected. Turn on the linear mixing algorithm with (H[DIIS, i-1] + H[DIIS, i+1]).
Prev_Energies: (    -15.07318716,     -15.07318716)
SCF Change: DM (6.26834e-7,3.05462e-6); eev 4.87460e-4 Ha; etot 3.53923e-10 Ha
Energy:     -15.0731871635 Ha with <S^2> =  0.757 and <2S+1> =  2.007 after   98 iterations (in       0.02 seconds).
SCF Change: DM (4.63203e-6,2.26017e-5); eev 8.59742e-4 Ha; etot -1.30175e-10 Ha
Energy:     -15.0731871636 Ha with <S^2> =  0.757 and <2S+1> =  2.007 after   99 iterations (in       0.02 seconds).
Energy increase is detected. Turn on the linear mixing algorithm with (H[DIIS, i-1] + H[DIIS, i+1]).
Prev_Energies: (    -15.07318716,     -15.07318716)
Energy increase is detected. Turn on the linear mixing algorithm with (H[DIIS, i-1] + H[DIIS, i+1]).
Prev_Energies: (    -15.07318716,     -15.07318716)
SCF Change: DM (4.98513e-6,2.43248e-5); eev 8.16572e-4 Ha; etot 9.27669e-10 Ha
Energy:     -15.0731871627 Ha with <S^2> =  0.757 and <2S+1> =  2.007 after  100 iterations (in       0.02 seconds).
SCF Change: DM (1.11295e-6,5.42700e-6); eev 8.80087e-5 Ha; etot -1.01836e-9 Ha
Energy:     -15.0731871637 Ha with <S^2> =  0.757 and <2S+1> =  2.007 after  101 iterations (in       0.02 seconds).
SCF Change: DM (7.83033e-8,3.30284e-7); eev 2.93267e-4 Ha; etot -3.03405e-10 Ha
Energy:     -15.0731871640 Ha with <S^2> =  0.757 and <2S+1> =  2.007 after  102 iterations (in       0.02 seconds).
Energy increase is detected. Turn on the linear mixing algorithm with (H[DIIS, i-1] + H[DIIS, i+1]).
Prev_Energies: (    -15.07318716,     -15.07318716)
Energy increase is detected. Turn on the linear mixing algorithm with (H[DIIS, i-1] + H[DIIS, i+1]).
Prev_Energies: (    -15.07318716,     -15.07318716)
SCF Change: DM (8.83014e-8,4.07197e-7); eev 3.03626e-4 Ha; etot 1.01430e-12 Ha
Energy:     -15.0731871640 Ha with <S^2> =  0.757 and <2S+1> =  2.007 after  103 iterations (in       0.02 seconds).
SCF Change: DM (7.03583e-7,3.42150e-6); eev 2.05157e-4 Ha; etot -1.69127e-11 Ha
Energy:     -15.0731871640 Ha with <S^2> =  0.757 and <2S+1> =  2.007 after  104 iterations (in       0.02 seconds).
SCF Change: DM (2.19851e-7,1.06659e-6); eev 3.61747e-4 Ha; etot -2.68489e-10 Ha
Energy:     -15.0731871643 Ha with <S^2> =  0.757 and <2S+1> =  2.007 after  105 iterations (in       0.02 seconds).
SCF Change: DM (3.83523e-8,1.81332e-7); eev 6.32087e-5 Ha; etot -7.62963e-11 Ha
Energy:     -15.0731871644 Ha with <S^2> =  0.757 and <2S+1> =  2.007 after  106 iterations (in       0.02 seconds).
SCF Change: DM (1.97044e-6,9.61138e-6); eev 4.16931e-4 Ha; etot -2.21920e-11 Ha
Energy:     -15.0731871644 Ha with <S^2> =  0.757 and <2S+1> =  2.007 after  107 iterations (in       0.02 seconds).
Energy increase is detected. Turn on the linear mixing algorithm with (H[DIIS, i-1] + H[DIIS, i+1]).
Prev_Energies: (    -15.07318716,     -15.07318716)
Energy increase is detected. Turn on the linear mixing algorithm with (H[DIIS, i-1] + H[DIIS, i+1]).
Prev_Energies: (    -15.07318716,     -15.07318716)
SCF Change: DM (1.86305e-6,9.08817e-6); eev 3.41667e-4 Ha; etot 6.54433e-10 Ha
Energy:     -15.0731871637 Ha with <S^2> =  0.757 and <2S+1> =  2.007 after  108 iterations (in       0.02 seconds).
SCF Change: DM (3.70513e-7,1.79820e-6); eev 2.81756e-4 Ha; etot -6.23221e-10 Ha
Energy:     -15.0731871644 Ha with <S^2> =  0.757 and <2S+1> =  2.007 after  109 iterations (in       0.02 seconds).
Energy increase is detected. Turn on the linear mixing algorithm with (H[DIIS, i-1] + H[DIIS, i+1]).
Prev_Energies: (    -15.07318716,     -15.07318716)
Energy increase is detected. Turn on the linear mixing algorithm with (H[DIIS, i-1] + H[DIIS, i+1]).
Prev_Energies: (    -15.07318716,     -15.07318716)
SCF Change: DM (2.01218e-7,9.65509e-7); eev 3.27482e-4 Ha; etot 9.83036e-11 Ha
Energy:     -15.0731871643 Ha with <S^2> =  0.757 and <2S+1> =  2.007 after  110 iterations (in       0.05 seconds).
SCF Change: DM (1.67651e-6,8.17287e-6); eev 4.93760e-4 Ha; etot -3.63709e-11 Ha
Energy:     -15.0731871643 Ha with <S^2> =  0.757 and <2S+1> =  2.007 after  111 iterations (in       0.04 seconds).
Energy increase is detected. Turn on the linear mixing algorithm with (H[DIIS, i-1] + H[DIIS, i+1]).
Prev_Energies: (    -15.07318716,     -15.07318716)
Energy increase is detected. Turn on the linear mixing algorithm with (H[DIIS, i-1] + H[DIIS, i+1]).
Prev_Energies: (    -15.07318716,     -15.07318716)
SCF Change: DM (1.35255e-6,6.59395e-6); eev 4.22641e-4 Ha; etot 5.82064e-10 Ha
Energy:     -15.0731871637 Ha with <S^2> =  0.757 and <2S+1> =  2.007 after  112 iterations (in       0.03 seconds).
SCF Change: DM (7.62811e-7,3.71101e-6); eev 5.52686e-4 Ha; etot -4.65846e-10 Ha
Energy:     -15.0731871642 Ha with <S^2> =  0.757 and <2S+1> =  2.007 after  113 iterations (in       0.03 seconds).
Energy increase is detected. Turn on the linear mixing algorithm with (H[DIIS, i-1] + H[DIIS, i+1]).
Prev_Energies: (    -15.07318716,     -15.07318716)
Energy increase is detected. Turn on the linear mixing algorithm with (H[DIIS, i-1] + H[DIIS, i+1]).
Prev_Energies: (    -15.07318716,     -15.07318716)
SCF Change: DM (6.47538e-7,3.15106e-6); eev 4.14989e-4 Ha; etot 2.41640e-10 Ha
Energy:     -15.0731871640 Ha with <S^2> =  0.757 and <2S+1> =  2.007 after  114 iterations (in       0.03 seconds).
SCF Change: DM (6.09894e-7,2.96664e-6); eev 4.79115e-4 Ha; etot -2.08923e-10 Ha
Energy:     -15.0731871642 Ha with <S^2> =  0.757 and <2S+1> =  2.007 after  115 iterations (in       0.04 seconds).
Energy increase is detected. Turn on the linear mixing algorithm with (H[DIIS, i-1] + H[DIIS, i+1]).
Prev_Energies: (    -15.07318716,     -15.07318716)
Energy increase is detected. Turn on the linear mixing algorithm with (H[DIIS, i-1] + H[DIIS, i+1]).
Prev_Energies: (    -15.07318716,     -15.07318716)
SCF Change: DM (4.86393e-7,2.36591e-6); eev 3.78140e-4 Ha; etot 1.63533e-10 Ha
Energy:     -15.0731871640 Ha with <S^2> =  0.757 and <2S+1> =  2.007 after  116 iterations (in       0.04 seconds).
SCF Change: DM (6.58534e-7,3.20752e-6); eev 4.69657e-4 Ha; etot -1.35355e-10 Ha
Energy:     -15.0731871641 Ha with <S^2> =  0.757 and <2S+1> =  2.007 after  117 iterations (in       0.03 seconds).
Energy increase is detected. Turn on the linear mixing algorithm with (H[DIIS, i-1] + H[DIIS, i+1]).
Prev_Energies: (    -15.07318716,     -15.07318716)
Energy increase is detected. Turn on the linear mixing algorithm with (H[DIIS, i-1] + H[DIIS, i+1]).
Prev_Energies: (    -15.07318716,     -15.07318716)
SCF Change: DM (4.89506e-7,2.38344e-6); eev 3.92950e-4 Ha; etot 1.59650e-10 Ha
Energy:     -15.0731871640 Ha with <S^2> =  0.757 and <2S+1> =  2.007 after  118 iterations (in       0.03 seconds).
SCF Change: DM (3.28058e-7,1.59465e-6); eev 1.41731e-4 Ha; etot -1.13541e-10 Ha
Energy:     -15.0731871641 Ha with <S^2> =  0.757 and <2S+1> =  2.007 after  119 iterations (in       0.03 seconds).
Energy increase is detected. Turn on the linear mixing algorithm with (H[DIIS, i-1] + H[DIIS, i+1]).
Prev_Energies: (    -15.07318716,     -15.07318716)
Energy increase is detected. Turn on the linear mixing algorithm with (H[DIIS, i-1] + H[DIIS, i+1]).
Prev_Energies: (    -15.07318716,     -15.07318716)
SCF Change: DM (3.14886e-7,1.53242e-6); eev 7.10841e-5 Ha; etot 6.34213e-11 Ha
Energy:     -15.0731871640 Ha with <S^2> =  0.757 and <2S+1> =  2.007 after  120 iterations (in       0.03 seconds).
SCF Change: DM (8.33326e-8,3.92583e-7); eev 2.72028e-4 Ha; etot -6.85745e-11 Ha
Energy:     -15.0731871641 Ha with <S^2> =  0.757 and <2S+1> =  2.007 after  121 iterations (in       0.03 seconds).
SCF Change: DM (7.26147e-7,3.54294e-6); eev 2.66016e-4 Ha; etot -5.35181e-11 Ha
Energy:     -15.0731871641 Ha with <S^2> =  0.757 and <2S+1> =  2.007 after  122 iterations (in       0.03 seconds).
SCF Change: DM (2.27899e-7,1.10667e-6); eev 3.71283e-5 Ha; etot -2.96946e-10 Ha
Energy:     -15.0731871644 Ha with <S^2> =  0.757 and <2S+1> =  2.007 after  123 iterations (in       0.03 seconds).
Energy increase is detected. Turn on the linear mixing algorithm with (H[DIIS, i-1] + H[DIIS, i+1]).
Prev_Energies: (    -15.07318716,     -15.07318716)
Energy increase is detected. Turn on the linear mixing algorithm with (H[DIIS, i-1] + H[DIIS, i+1]).
Prev_Energies: (    -15.07318716,     -15.07318716)
SCF Change: DM (2.10430e-7,1.02243e-6); eev 2.11346e-5 Ha; etot 1.13534e-10 Ha
Energy:     -15.0731871643 Ha with <S^2> =  0.757 and <2S+1> =  2.007 after  124 iterations (in       0.03 seconds).
SCF Change: DM (4.81503e-7,2.34736e-6); eev 2.61174e-4 Ha; etot -1.01123e-10 Ha
Energy:     -15.0731871644 Ha with <S^2> =  0.757 and <2S+1> =  2.007 after  125 iterations (in       0.03 seconds).
Energy increase is detected. Turn on the linear mixing algorithm with (H[DIIS, i-1] + H[DIIS, i+1]).
Prev_Energies: (    -15.07318716,     -15.07318716)
Energy increase is detected. Turn on the linear mixing algorithm with (H[DIIS, i-1] + H[DIIS, i+1]).
Prev_Energies: (    -15.07318716,     -15.07318716)
SCF Change: DM (4.32296e-7,2.10717e-6); eev 1.98656e-4 Ha; etot 1.88479e-10 Ha
Energy:     -15.0731871642 Ha with <S^2> =  0.757 and <2S+1> =  2.007 after  126 iterations (in       0.03 seconds).
SCF Change: DM (2.55614e-7,1.23580e-6); eev 2.19119e-5 Ha; etot -1.61174e-10 Ha
Energy:     -15.0731871644 Ha with <S^2> =  0.757 and <2S+1> =  2.007 after  127 iterations (in       0.02 seconds).
Energy increase is detected. Turn on the linear mixing algorithm with (H[DIIS, i-1] + H[DIIS, i+1]).
Prev_Energies: (    -15.07318716,     -15.07318716)
Energy increase is detected. Turn on the linear mixing algorithm with (H[DIIS, i-1] + H[DIIS, i+1]).
Prev_Energies: (    -15.07318716,     -15.07318716)
SCF Change: DM (3.36449e-7,1.63630e-6); eev 1.38581e-4 Ha; etot 1.13610e-10 Ha
Energy:     -15.0731871643 Ha with <S^2> =  0.757 and <2S+1> =  2.007 after  128 iterations (in       0.03 seconds).
Energy increase is detected. Turn on the linear mixing algorithm with (H[DIIS, i-1] + H[DIIS, i+1]).
Prev_Energies: (    -15.07318716,     -15.07318716)
Energy increase is detected. Turn on the linear mixing algorithm with (H[DIIS, i-1] + H[DIIS, i+1]).
Prev_Energies: (    -15.07318716,     -15.07318716)
SCF Change: DM (1.08046e-6,5.27135e-6); eev 8.93134e-5 Ha; etot 9.72662e-11 Ha
Energy:     -15.0731871642 Ha with <S^2> =  0.757 and <2S+1> =  2.007 after  129 iterations (in       0.02 seconds).
Energy increase is detected. Turn on the linear mixing algorithm with (H[DIIS, i-1] + H[DIIS, i+1]).
Prev_Energies: (    -15.07318716,     -15.07318716)
Energy increase is detected. Turn on the linear mixing algorithm with (H[DIIS, i-1] + H[DIIS, i+1]).
Prev_Energies: (    -15.07318716,     -15.07318716)
SCF Change: DM (1.92406e-7,9.30210e-7); eev 8.99992e-5 Ha; etot 3.74875e-10 Ha
Energy:     -15.0731871638 Ha with <S^2> =  0.757 and <2S+1> =  2.007 after  130 iterations (in       0.03 seconds).
Energy increase is detected. Turn on the linear mixing algorithm with (H[DIIS, i-1] + H[DIIS, i+1]).
Prev_Energies: (    -15.07318716,     -15.07318716)
Energy increase is detected. Turn on the linear mixing algorithm with (H[DIIS, i-1] + H[DIIS, i+1]).
Prev_Energies: (    -15.07318716,     -15.07318716)
SCF Change: DM (8.72163e-7,4.25508e-6); eev 7.18349e-5 Ha; etot 3.43636e-11 Ha
Energy:     -15.0731871638 Ha with <S^2> =  0.757 and <2S+1> =  2.007 after  131 iterations (in       0.02 seconds).
Energy increase is detected. Turn on the linear mixing algorithm with (H[DIIS, i-1] + H[DIIS, i+1]).
Prev_Energies: (    -15.07318716,     -15.07318716)
Energy increase is detected. Turn on the linear mixing algorithm with (H[DIIS, i-1] + H[DIIS, i+1]).
Prev_Energies: (    -15.07318716,     -15.07318716)
SCF Change: DM (2.30006e-7,1.11803e-6); eev 8.07766e-5 Ha; etot 2.79510e-10 Ha
Energy:     -15.0731871635 Ha with <S^2> =  0.757 and <2S+1> =  2.007 after  132 iterations (in       0.03 seconds).
Energy increase is detected. Turn on the linear mixing algorithm with (H[DIIS, i-1] + H[DIIS, i+1]).
Prev_Energies: (    -15.07318716,     -15.07318716)
Energy increase is detected. Turn on the linear mixing algorithm with (H[DIIS, i-1] + H[DIIS, i+1]).
Prev_Energies: (    -15.07318716,     -15.07318716)
SCF Change: DM (7.36433e-7,3.59310e-6); eev 6.05128e-5 Ha; etot 4.74145e-11 Ha
Energy:     -15.0731871635 Ha with <S^2> =  0.757 and <2S+1> =  2.007 after  133 iterations (in       0.03 seconds).
Energy increase is detected. Turn on the linear mixing algorithm with (H[DIIS, i-1] + H[DIIS, i+1]).
Prev_Energies: (    -15.07318716,     -15.07318716)
Energy increase is detected. Turn on the linear mixing algorithm with (H[DIIS, i-1] + H[DIIS, i+1]).
Prev_Energies: (    -15.07318716,     -15.07318716)
SCF Change: DM (1.95398e-7,9.50455e-7); eev 6.44840e-5 Ha; etot 2.17611e-10 Ha
Energy:     -15.0731871632 Ha with <S^2> =  0.757 and <2S+1> =  2.007 after  134 iterations (in       0.02 seconds).
Energy increase is detected. Turn on the linear mixing algorithm with (H[DIIS, i-1] + H[DIIS, i+1]).
Prev_Energies: (    -15.07318716,     -15.07318716)
Energy increase is detected. Turn on the linear mixing algorithm with (H[DIIS, i-1] + H[DIIS, i+1]).
Prev_Energies: (    -15.07318716,     -15.07318716)
SCF Change: DM (5.81128e-7,2.83524e-6); eev 4.86684e-5 Ha; etot 3.87015e-11 Ha
Energy:     -15.0731871632 Ha with <S^2> =  0.757 and <2S+1> =  2.007 after  135 iterations (in       0.03 seconds).
Energy increase is detected. Turn on the linear mixing algorithm with (H[DIIS, i-1] + H[DIIS, i+1]).
Prev_Energies: (    -15.07318716,     -15.07318716)
Energy increase is detected. Turn on the linear mixing algorithm with (H[DIIS, i-1] + H[DIIS, i+1]).
Prev_Energies: (    -15.07318716,     -15.07318716)
SCF Change: DM (1.29815e-7,6.29967e-7); eev 6.65626e-5 Ha; etot 1.61316e-10 Ha
Energy:     -15.0731871630 Ha with <S^2> =  0.757 and <2S+1> =  2.007 after  136 iterations (in       0.03 seconds).
Energy increase is detected. Turn on the linear mixing algorithm with (H[DIIS, i-1] + H[DIIS, i+1]).
Prev_Energies: (    -15.07318716,     -15.07318716)
Energy increase is detected. Turn on the linear mixing algorithm with (H[DIIS, i-1] + H[DIIS, i+1]).
Prev_Energies: (    -15.07318716,     -15.07318716)
SCF Change: DM (2.25865e-7,1.10059e-6); eev 6.94874e-5 Ha; etot 2.04317e-11 Ha
Energy:     -15.0731871630 Ha with <S^2> =  0.757 and <2S+1> =  2.007 after  137 iterations (in       0.03 seconds).
Energy increase is detected. Turn on the linear mixing algorithm with (H[DIIS, i-1] + H[DIIS, i+1]).
Prev_Energies: (    -15.07318716,     -15.07318716)
Energy increase is detected. Turn on the linear mixing algorithm with (H[DIIS, i-1] + H[DIIS, i+1]).
Prev_Energies: (    -15.07318716,     -15.07318716)
SCF Change: DM (4.20739e-8,1.97635e-7); eev 5.70685e-5 Ha; etot 5.14859e-11 Ha
Energy:     -15.0731871630 Ha with <S^2> =  0.757 and <2S+1> =  2.007 after  138 iterations (in       0.03 seconds).
SCF Change: DM (2.80119e-7,1.35160e-6); eev 1.22605e-4 Ha; etot -9.20153e-13 Ha
Energy:     -15.0731871630 Ha with <S^2> =  0.757 and <2S+1> =  2.007 after  139 iterations (in       0.03 seconds).
SCF Change: DM (1.24356e-7,5.98798e-7); eev 8.80874e-5 Ha; etot -1.46123e-11 Ha
Energy:     -15.0731871630 Ha with <S^2> =  0.757 and <2S+1> =  2.007 after  140 iterations (in       0.03 seconds).
SCF Change: DM (5.22168e-7,2.54386e-6); eev 1.00282e-4 Ha; etot -8.60290e-12 Ha
Energy:     -15.0731871630 Ha with <S^2> =  0.757 and <2S+1> =  2.007 after  141 iterations (in       0.03 seconds).
SCF Change: DM (2.62703e-8,1.11430e-7); eev 1.95059e-4 Ha; etot -9.22142e-11 Ha
Energy:     -15.0731871631 Ha with <S^2> =  0.757 and <2S+1> =  2.007 after  142 iterations (in       0.03 seconds).
SCF Change: DM (1.94233e-7,9.47780e-7); eev 3.36594e-5 Ha; etot -2.50129e-11 Ha
Energy:     -15.0731871631 Ha with <S^2> =  0.757 and <2S+1> =  2.007 after  143 iterations (in       0.03 seconds).
Energy increase is detected. Turn on the linear mixing algorithm with (H[DIIS, i-1] + H[DIIS, i+1]).
Prev_Energies: (    -15.07318716,     -15.07318716)
Energy increase is detected. Turn on the linear mixing algorithm with (H[DIIS, i-1] + H[DIIS, i+1]).
Prev_Energies: (    -15.07318716,     -15.07318716)
SCF Change: DM (2.22063e-7,1.08369e-6); eev 2.62585e-5 Ha; etot 5.20401e-11 Ha
Energy:     -15.0731871631 Ha with <S^2> =  0.757 and <2S+1> =  2.007 after  144 iterations (in       0.02 seconds).
SCF Change: DM (5.90533e-8,2.86069e-7); eev 1.25456e-4 Ha; etot -5.65912e-11 Ha
Energy:     -15.0731871631 Ha with <S^2> =  0.757 and <2S+1> =  2.007 after  145 iterations (in       0.03 seconds).
Energy increase is detected. Turn on the linear mixing algorithm with (H[DIIS, i-1] + H[DIIS, i+1]).
Prev_Energies: (    -15.07318716,     -15.07318716)
Energy increase is detected. Turn on the linear mixing algorithm with (H[DIIS, i-1] + H[DIIS, i+1]).
Prev_Energies: (    -15.07318716,     -15.07318716)
SCF Change: DM (1.70201e-8,7.50845e-8); eev 1.36009e-4 Ha; etot 1.68381e-11 Ha
Energy:     -15.0731871631 Ha with <S^2> =  0.757 and <2S+1> =  2.007 after  146 iterations (in       0.02 seconds).
SCF Change: DM (1.98412e-7,9.58218e-7); eev 2.07501e-5 Ha; etot -8.29736e-12 Ha
Energy:     -15.0731871631 Ha with <S^2> =  0.757 and <2S+1> =  2.007 after  147 iterations (in       0.03 seconds).
Energy increase is detected. Turn on the linear mixing algorithm with (H[DIIS, i-1] + H[DIIS, i+1]).
Prev_Energies: (    -15.07318716,     -15.07318716)
Energy increase is detected. Turn on the linear mixing algorithm with (H[DIIS, i-1] + H[DIIS, i+1]).
Prev_Energies: (    -15.07318716,     -15.07318716)
SCF Change: DM (1.52937e-7,7.28926e-7); eev 1.27122e-5 Ha; etot 3.56337e-12 Ha
Energy:     -15.0731871631 Ha with <S^2> =  0.757 and <2S+1> =  2.007 after  148 iterations (in       0.02 seconds).
Energy increase is detected. Turn on the linear mixing algorithm with (H[DIIS, i-1] + H[DIIS, i+1]).
Prev_Energies: (    -15.07318716,     -15.07318716)
Energy increase is detected. Turn on the linear mixing algorithm with (H[DIIS, i-1] + H[DIIS, i+1]).
Prev_Energies: (    -15.07318716,     -15.07318716)
SCF Change: DM (1.50861e-7,7.27745e-7); eev 1.36982e-5 Ha; etot 1.06333e-11 Ha
Energy:     -15.0731871631 Ha with <S^2> =  0.757 and <2S+1> =  2.007 after  149 iterations (in       0.03 seconds).
Energy increase is detected. Turn on the linear mixing algorithm with (H[DIIS, i-1] + H[DIIS, i+1]).
Prev_Energies: (    -15.07318716,     -15.07318716)
Energy increase is detected. Turn on the linear mixing algorithm with (H[DIIS, i-1] + H[DIIS, i+1]).
Prev_Energies: (    -15.07318716,     -15.07318716)
SCF Change: DM (4.89351e-8,1.96012e-7); eev 7.29467e-5 Ha; etot 8.31335e-13 Ha
Energy:     -15.0731871631 Ha with <S^2> =  0.757 and <2S+1> =  2.007 after  150 iterations (in       0.02 seconds).
Energy increase is detected. Turn on the linear mixing algorithm with (H[DIIS, i-1] + H[DIIS, i+1]).
Prev_Energies: (    -15.07318716,     -15.07318716)
Energy increase is detected. Turn on the linear mixing algorithm with (H[DIIS, i-1] + H[DIIS, i+1]).
Prev_Energies: (    -15.07318716,     -15.07318716)
SCF Change: DM (3.89508e-7,1.89871e-6); eev 4.18941e-5 Ha; etot 4.61196e-11 Ha
Energy:     -15.0731871630 Ha with <S^2> =  0.757 and <2S+1> =  2.007 after  151 iterations (in       0.02 seconds).
Energy increase is detected. Turn on the linear mixing algorithm with (H[DIIS, i-1] + H[DIIS, i+1]).
Prev_Energies: (    -15.07318716,     -15.07318716)
Energy increase is detected. Turn on the linear mixing algorithm with (H[DIIS, i-1] + H[DIIS, i+1]).
Prev_Energies: (    -15.07318716,     -15.07318716)
SCF Change: DM (9.11937e-8,4.32145e-7); eev 4.77136e-5 Ha; etot 6.02878e-11 Ha
Energy:     -15.0731871630 Ha with <S^2> =  0.757 and <2S+1> =  2.007 after  152 iterations (in       0.02 seconds).
Energy increase is detected. Turn on the linear mixing algorithm with (H[DIIS, i-1] + H[DIIS, i+1]).
Prev_Energies: (    -15.07318716,     -15.07318716)
Energy increase is detected. Turn on the linear mixing algorithm with (H[DIIS, i-1] + H[DIIS, i+1]).
Prev_Energies: (    -15.07318716,     -15.07318716)
SCF Change: DM (4.31896e-7,2.10657e-6); eev 4.09982e-5 Ha; etot 6.13376e-12 Ha
Energy:     -15.0731871630 Ha with <S^2> =  0.757 and <2S+1> =  2.007 after  153 iterations (in       0.02 seconds).
Energy increase is detected. Turn on the linear mixing algorithm with (H[DIIS, i-1] + H[DIIS, i+1]).
Prev_Energies: (    -15.07318716,     -15.07318716)
Energy increase is detected. Turn on the linear mixing algorithm with (H[DIIS, i-1] + H[DIIS, i+1]).
Prev_Energies: (    -15.07318716,     -15.07318716)
SCF Change: DM (2.11688e-7,1.02866e-6); eev 5.86489e-5 Ha; etot 8.66471e-11 Ha
Energy:     -15.0731871629 Ha with <S^2> =  0.757 and <2S+1> =  2.007 after  154 iterations (in       0.02 seconds).
SCF Change: DM (8.79979e-7,4.28838e-6); eev 1.05908e-4 Ha; etot -2.46292e-11 Ha
Energy:     -15.0731871629 Ha with <S^2> =  0.757 and <2S+1> =  2.007 after  155 iterations (in       0.02 seconds).
Energy increase is detected. Turn on the linear mixing algorithm with (H[DIIS, i-1] + H[DIIS, i+1]).
Prev_Energies: (    -15.07318716,     -15.07318716)
Energy increase is detected. Turn on the linear mixing algorithm with (H[DIIS, i-1] + H[DIIS, i+1]).
Prev_Energies: (    -15.07318716,     -15.07318716)
SCF Change: DM (7.01352e-7,3.41779e-6); eev 8.46049e-5 Ha; etot 1.99620e-10 Ha
Energy:     -15.0731871627 Ha with <S^2> =  0.757 and <2S+1> =  2.007 after  156 iterations (in       0.02 seconds).
SCF Change: DM (8.25695e-7,4.02524e-6); eev 1.18116e-4 Ha; etot -1.57160e-10 Ha
Energy:     -15.0731871629 Ha with <S^2> =  0.757 and <2S+1> =  2.007 after  157 iterations (in       0.02 seconds).
Energy increase is detected. Turn on the linear mixing algorithm with (H[DIIS, i-1] + H[DIIS, i+1]).
Prev_Energies: (    -15.07318716,     -15.07318716)
Energy increase is detected. Turn on the linear mixing algorithm with (H[DIIS, i-1] + H[DIIS, i+1]).
Prev_Energies: (    -15.07318716,     -15.07318716)
SCF Change: DM (6.63804e-7,3.23611e-6); eev 1.05643e-4 Ha; etot 2.28534e-10 Ha
Energy:     -15.0731871626 Ha with <S^2> =  0.757 and <2S+1> =  2.007 after  158 iterations (in       0.02 seconds).
SCF Change: DM (3.58265e-7,1.74135e-6); eev 4.49374e-5 Ha; etot -1.82503e-10 Ha
Energy:     -15.0731871628 Ha with <S^2> =  0.757 and <2S+1> =  2.007 after  159 iterations (in       0.02 seconds).
Energy increase is detected. Turn on the linear mixing algorithm with (H[DIIS, i-1] + H[DIIS, i+1]).
Prev_Energies: (    -15.07318716,     -15.07318716)
Energy increase is detected. Turn on the linear mixing algorithm with (H[DIIS, i-1] + H[DIIS, i+1]).
Prev_Energies: (    -15.07318716,     -15.07318716)
SCF Change: DM (2.35381e-7,1.14172e-6); eev 2.67033e-5 Ha; etot 7.90870e-11 Ha
Energy:     -15.0731871627 Ha with <S^2> =  0.757 and <2S+1> =  2.007 after  160 iterations (in       0.02 seconds).
SCF Change: DM (3.12661e-7,1.52064e-6); eev 5.81784e-5 Ha; etot -4.84253e-11 Ha
Energy:     -15.0731871628 Ha with <S^2> =  0.757 and <2S+1> =  2.007 after  161 iterations (in       0.02 seconds).
Energy increase is detected. Turn on the linear mixing algorithm with (H[DIIS, i-1] + H[DIIS, i+1]).
Prev_Energies: (    -15.07318716,     -15.07318716)
Energy increase is detected. Turn on the linear mixing algorithm with (H[DIIS, i-1] + H[DIIS, i+1]).
Prev_Energies: (    -15.07318716,     -15.07318716)
SCF Change: DM (1.82968e-7,8.87268e-7); eev 3.87668e-5 Ha; etot 7.72147e-11 Ha
Energy:     -15.0731871627 Ha with <S^2> =  0.757 and <2S+1> =  2.007 after  162 iterations (in       0.02 seconds).
SCF Change: DM (4.39491e-7,2.14196e-6); eev 4.49892e-5 Ha; etot -4.41727e-11 Ha
Energy:     -15.0731871628 Ha with <S^2> =  0.757 and <2S+1> =  2.007 after  163 iterations (in       0.02 seconds).
Energy increase is detected. Turn on the linear mixing algorithm with (H[DIIS, i-1] + H[DIIS, i+1]).
Prev_Energies: (    -15.07318716,     -15.07318716)
Energy increase is detected. Turn on the linear mixing algorithm with (H[DIIS, i-1] + H[DIIS, i+1]).
Prev_Energies: (    -15.07318716,     -15.07318716)
SCF Change: DM (3.84515e-7,1.87435e-6); eev 4.07719e-5 Ha; etot 7.12763e-11 Ha
Energy:     -15.0731871627 Ha with <S^2> =  0.757 and <2S+1> =  2.007 after  164 iterations (in       0.02 seconds).
SCF Change: DM (1.06793e-7,5.15225e-7); eev 2.14168e-5 Ha; etot -6.37108e-11 Ha
Energy:     -15.0731871628 Ha with <S^2> =  0.757 and <2S+1> =  2.007 after  165 iterations (in       0.02 seconds).
Energy increase is detected. Turn on the linear mixing algorithm with (H[DIIS, i-1] + H[DIIS, i+1]).
Prev_Energies: (    -15.07318716,     -15.07318716)
Energy increase is detected. Turn on the linear mixing algorithm with (H[DIIS, i-1] + H[DIIS, i+1]).
Prev_Energies: (    -15.07318716,     -15.07318716)
SCF Change: DM (8.07278e-8,3.89051e-7); eev 1.46748e-5 Ha; etot 1.24345e-14 Ha
Energy:     -15.0731871628 Ha with <S^2> =  0.757 and <2S+1> =  2.007 after  166 iterations (in       0.02 seconds).
SCF Change: DM (1.29169e-7,6.26376e-7); eev 2.87542e-5 Ha; etot -1.03739e-12 Ha
Energy:     -15.0731871628 Ha with <S^2> =  0.757 and <2S+1> =  2.007 after  167 iterations (in       0.02 seconds).
Energy increase is detected. Turn on the linear mixing algorithm with (H[DIIS, i-1] + H[DIIS, i+1]).
Prev_Energies: (    -15.07318716,     -15.07318716)
Energy increase is detected. Turn on the linear mixing algorithm with (H[DIIS, i-1] + H[DIIS, i+1]).
Prev_Energies: (    -15.07318716,     -15.07318716)
SCF Change: DM (1.29483e-7,6.29350e-7); eev 1.29259e-5 Ha; etot 4.11760e-12 Ha
Energy:     -15.0731871628 Ha with <S^2> =  0.757 and <2S+1> =  2.007 after  168 iterations (in       0.02 seconds).
SCF Change: DM (5.80701e-8,2.73614e-7); eev 3.97984e-5 Ha; etot -1.04663e-11 Ha
Energy:     -15.0731871628 Ha with <S^2> =  0.757 and <2S+1> =  2.007 after  169 iterations (in       0.02 seconds).
SCF Change: DM (5.33520e-8,2.55072e-7); eev 1.47664e-4 Ha; etot -4.83578e-11 Ha
Energy:     -15.0731871628 Ha with <S^2> =  0.757 and <2S+1> =  2.007 after  170 iterations (in       0.02 seconds).
Energy increase is detected. Turn on the linear mixing algorithm with (H[DIIS, i-1] + H[DIIS, i+1]).
Prev_Energies: (    -15.07318716,     -15.07318716)
Energy increase is detected. Turn on the linear mixing algorithm with (H[DIIS, i-1] + H[DIIS, i+1]).
Prev_Energies: (    -15.07318716,     -15.07318716)
SCF Change: DM (3.87711e-8,1.83813e-7); eev 1.02189e-4 Ha; etot 1.02034e-11 Ha
Energy:     -15.0731871628 Ha with <S^2> =  0.757 and <2S+1> =  2.007 after  171 iterations (in       0.02 seconds).
SCF Change: DM (1.15512e-7,5.44669e-7); eev 3.31183e-5 Ha; etot -3.07843e-12 Ha
Energy:     -15.0731871628 Ha with <S^2> =  0.757 and <2S+1> =  2.007 after  172 iterations (in       0.02 seconds).
SCF Change: DM (5.43919e-8,2.54201e-7); eev 1.32034e-4 Ha; etot -6.81410e-12 Ha
Energy:     -15.0731871628 Ha with <S^2> =  0.757 and <2S+1> =  2.007 after  173 iterations (in       0.02 seconds).
SCF Change: DM (2.19656e-7,1.06997e-6); eev 2.27246e-5 Ha; etot -5.89928e-11 Ha
Energy:     -15.0731871629 Ha with <S^2> =  0.757 and <2S+1> =  2.007 after  174 iterations (in       0.02 seconds).
SCF Change: DM (1.61103e-7,7.85072e-7); eev 2.29935e-5 Ha; etot -1.06338e-10 Ha
Energy:     -15.0731871630 Ha with <S^2> =  0.757 and <2S+1> =  2.007 after  175 iterations (in       0.02 seconds).
Energy increase is detected. Turn on the linear mixing algorithm with (H[DIIS, i-1] + H[DIIS, i+1]).
Prev_Energies: (    -15.07318716,     -15.07318716)
Energy increase is detected. Turn on the linear mixing algorithm with (H[DIIS, i-1] + H[DIIS, i+1]).
Prev_Energies: (    -15.07318716,     -15.07318716)
SCF Change: DM (1.21861e-7,5.93647e-7); eev 2.21207e-5 Ha; etot 7.50102e-11 Ha
Energy:     -15.0731871629 Ha with <S^2> =  0.757 and <2S+1> =  2.007 after  176 iterations (in       0.02 seconds).
SCF Change: DM (4.92526e-8,2.37902e-7); eev 1.45500e-5 Ha; etot -5.84919e-11 Ha
Energy:     -15.0731871630 Ha with <S^2> =  0.757 and <2S+1> =  2.007 after  177 iterations (in       0.02 seconds).
Energy increase is detected. Turn on the linear mixing algorithm with (H[DIIS, i-1] + H[DIIS, i+1]).
Prev_Energies: (    -15.07318716,     -15.07318716)
Energy increase is detected. Turn on the linear mixing algorithm with (H[DIIS, i-1] + H[DIIS, i+1]).
Prev_Energies: (    -15.07318716,     -15.07318716)
SCF Change: DM (2.72903e-8,1.31583e-7); eev 2.36279e-5 Ha; etot 2.65796e-11 Ha
Energy:     -15.0731871629 Ha with <S^2> =  0.757 and <2S+1> =  2.007 after  178 iterations (in       0.02 seconds).
SCF Change: DM (1.14981e-7,5.58496e-7); eev 8.96972e-5 Ha; etot -1.31841e-11 Ha
Energy:     -15.0731871629 Ha with <S^2> =  0.757 and <2S+1> =  2.007 after  179 iterations (in       0.02 seconds).
Energy increase is detected. Turn on the linear mixing algorithm with (H[DIIS, i-1] + H[DIIS, i+1]).
Prev_Energies: (    -15.07318716,     -15.07318716)
Energy increase is detected. Turn on the linear mixing algorithm with (H[DIIS, i-1] + H[DIIS, i+1]).
Prev_Energies: (    -15.07318716,     -15.07318716)
SCF Change: DM (9.88699e-8,4.80016e-7); eev 5.39647e-5 Ha; etot 5.38840e-11 Ha
Energy:     -15.0731871629 Ha with <S^2> =  0.757 and <2S+1> =  2.007 after  180 iterations (in       0.02 seconds).
SCF Change: DM (2.26652e-8,7.77193e-8); eev 9.79493e-7 Ha; etot -4.54197e-11 Ha
Energy:     -15.0731871629 Ha with <S^2> =  0.757 and <2S+1> =  2.007 after  181 iterations (in       0.02 seconds).
Energy increase is detected. Turn on the linear mixing algorithm with (H[DIIS, i-1] + H[DIIS, i+1]).
Prev_Energies: (    -15.07318716,     -15.07318716)
Energy increase is detected. Turn on the linear mixing algorithm with (H[DIIS, i-1] + H[DIIS, i+1]).
Prev_Energies: (    -15.07318716,     -15.07318716)
SCF Change: DM (2.91060e-8,1.28192e-7); eev 1.58727e-5 Ha; etot 1.58007e-11 Ha
Energy:     -15.0731871629 Ha with <S^2> =  0.757 and <2S+1> =  2.007 after  182 iterations (in       0.02 seconds).
SCF Change: DM (7.38284e-8,3.44518e-7); eev 3.44631e-5 Ha; etot -1.36584e-11 Ha
Energy:     -15.0731871629 Ha with <S^2> =  0.757 and <2S+1> =  2.007 after  183 iterations (in       0.02 seconds).
SCF Change: DM (6.11740e-8,2.97796e-7); eev 1.68172e-5 Ha; etot -8.13163e-11 Ha
Energy:     -15.0731871630 Ha with <S^2> =  0.757 and <2S+1> =  2.007 after  184 iterations (in       0.02 seconds).
Energy increase is detected. Turn on the linear mixing algorithm with (H[DIIS, i-1] + H[DIIS, i+1]).
Prev_Energies: (    -15.07318716,     -15.07318716)
Energy increase is detected. Turn on the linear mixing algorithm with (H[DIIS, i-1] + H[DIIS, i+1]).
Prev_Energies: (    -15.07318716,     -15.07318716)
SCF Change: DM (2.89396e-8,1.40739e-7); eev 1.64731e-5 Ha; etot 2.84679e-11 Ha
Energy:     -15.0731871630 Ha with <S^2> =  0.757 and <2S+1> =  2.007 after  185 iterations (in       0.02 seconds).
SCF Change: DM (1.04970e-7,5.10900e-7); eev 1.77645e-5 Ha; etot -1.52873e-11 Ha
Energy:     -15.0731871630 Ha with <S^2> =  0.757 and <2S+1> =  2.007 after  186 iterations (in       0.02 seconds).
Energy increase is detected. Turn on the linear mixing algorithm with (H[DIIS, i-1] + H[DIIS, i+1]).
Prev_Energies: (    -15.07318716,     -15.07318716)
Energy increase is detected. Turn on the linear mixing algorithm with (H[DIIS, i-1] + H[DIIS, i+1]).
Prev_Energies: (    -15.07318716,     -15.07318716)
SCF Change: DM (8.58386e-8,4.17956e-7); eev 2.31600e-5 Ha; etot 4.86153e-11 Ha
Energy:     -15.0731871630 Ha with <S^2> =  0.757 and <2S+1> =  2.007 after  187 iterations (in       0.02 seconds).
SCF Change: DM (1.33245e-7,6.49162e-7); eev 3.68865e-5 Ha; etot -3.59126e-11 Ha
Energy:     -15.0731871630 Ha with <S^2> =  0.757 and <2S+1> =  2.007 after  188 iterations (in       0.02 seconds).
Energy increase is detected. Turn on the linear mixing algorithm with (H[DIIS, i-1] + H[DIIS, i+1]).
Prev_Energies: (    -15.07318716,     -15.07318716)
Energy increase is detected. Turn on the linear mixing algorithm with (H[DIIS, i-1] + H[DIIS, i+1]).
Prev_Energies: (    -15.07318716,     -15.07318716)
SCF Change: DM (1.30192e-7,6.34132e-7); eev 4.88597e-5 Ha; etot 6.03748e-11 Ha
Energy:     -15.0731871629 Ha with <S^2> =  0.757 and <2S+1> =  2.007 after  189 iterations (in       0.02 seconds).
SCF Change: DM (4.46595e-8,2.14999e-7); eev 8.88187e-5 Ha; etot -5.89786e-11 Ha
Energy:     -15.0731871630 Ha with <S^2> =  0.757 and <2S+1> =  2.007 after  190 iterations (in       0.02 seconds).
Energy increase is detected. Turn on the linear mixing algorithm with (H[DIIS, i-1] + H[DIIS, i+1]).
Prev_Energies: (    -15.07318716,     -15.07318716)
Energy increase is detected. Turn on the linear mixing algorithm with (H[DIIS, i-1] + H[DIIS, i+1]).
Prev_Energies: (    -15.07318716,     -15.07318716)
SCF Change: DM (2.23602e-8,1.02502e-7); eev 5.88746e-5 Ha; etot 4.00391e-12 Ha
Energy:     -15.0731871630 Ha with <S^2> =  0.757 and <2S+1> =  2.007 after  191 iterations (in       0.02 seconds).
Energy increase is detected. Turn on the linear mixing algorithm with (H[DIIS, i-1] + H[DIIS, i+1]).
Prev_Energies: (    -15.07318716,     -15.07318716)
Energy increase is detected. Turn on the linear mixing algorithm with (H[DIIS, i-1] + H[DIIS, i+1]).
Prev_Energies: (    -15.07318716,     -15.07318716)
SCF Change: DM (4.28243e-8,2.06650e-7); eev 6.64397e-5 Ha; etot 4.88498e-12 Ha
Energy:     -15.0731871630 Ha with <S^2> =  0.757 and <2S+1> =  2.007 after  192 iterations (in       0.02 seconds).
Energy increase is detected. Turn on the linear mixing algorithm with (H[DIIS, i-1] + H[DIIS, i+1]).
Prev_Energies: (    -15.07318716,     -15.07318716)
Energy increase is detected. Turn on the linear mixing algorithm with (H[DIIS, i-1] + H[DIIS, i+1]).
Prev_Energies: (    -15.07318716,     -15.07318716)
SCF Change: DM (5.46986e-8,2.60618e-7); eev 6.39480e-5 Ha; etot 3.81917e-12 Ha
Energy:     -15.0731871630 Ha with <S^2> =  0.757 and <2S+1> =  2.007 after  193 iterations (in       0.02 seconds).
Energy increase is detected. Turn on the linear mixing algorithm with (H[DIIS, i-1] + H[DIIS, i+1]).
Prev_Energies: (    -15.07318716,     -15.07318716)
Energy increase is detected. Turn on the linear mixing algorithm with (H[DIIS, i-1] + H[DIIS, i+1]).
Prev_Energies: (    -15.07318716,     -15.07318716)
SCF Change: DM (7.94302e-8,3.86912e-7); eev 2.82654e-5 Ha; etot 1.88916e-11 Ha
Energy:     -15.0731871630 Ha with <S^2> =  0.757 and <2S+1> =  2.007 after  194 iterations (in       0.02 seconds).
Energy increase is detected. Turn on the linear mixing algorithm with (H[DIIS, i-1] + H[DIIS, i+1]).
Prev_Energies: (    -15.07318716,     -15.07318716)
Energy increase is detected. Turn on the linear mixing algorithm with (H[DIIS, i-1] + H[DIIS, i+1]).
Prev_Energies: (    -15.07318716,     -15.07318716)
SCF Change: DM (2.44682e-8,1.06887e-7); eev 5.73525e-6 Ha; etot 1.56124e-11 Ha
Energy:     -15.0731871629 Ha with <S^2> =  0.757 and <2S+1> =  2.007 after  195 iterations (in       0.02 seconds).
Energy increase is detected. Turn on the linear mixing algorithm with (H[DIIS, i-1] + H[DIIS, i+1]).
Prev_Energies: (    -15.07318716,     -15.07318716)
Energy increase is detected. Turn on the linear mixing algorithm with (H[DIIS, i-1] + H[DIIS, i+1]).
Prev_Energies: (    -15.07318716,     -15.07318716)
SCF Change: DM (9.05454e-8,4.41442e-7); eev 2.15146e-5 Ha; etot 1.30385e-12 Ha
Energy:     -15.0731871629 Ha with <S^2> =  0.757 and <2S+1> =  2.007 after  196 iterations (in       0.02 seconds).
Energy increase is detected. Turn on the linear mixing algorithm with (H[DIIS, i-1] + H[DIIS, i+1]).
Prev_Energies: (    -15.07318716,     -15.07318716)
Energy increase is detected. Turn on the linear mixing algorithm with (H[DIIS, i-1] + H[DIIS, i+1]).
Prev_Energies: (    -15.07318716,     -15.07318716)
SCF Change: DM (3.85775e-8,1.83084e-7); eev 1.78939e-5 Ha; etot 1.76303e-11 Ha
Energy:     -15.0731871629 Ha with <S^2> =  0.757 and <2S+1> =  2.007 after  197 iterations (in       0.02 seconds).
SCF Change: DM (3.59844e-7,1.75045e-6); eev 1.45448e-4 Ha; etot -3.61666e-11 Ha
Energy:     -15.0731871630 Ha with <S^2> =  0.757 and <2S+1> =  2.007 after  198 iterations (in       0.02 seconds).
SCF Change: DM (2.27040e-9,1.05572e-8); eev 4.01550e-6 Ha; etot -7.87459e-12 Ha
Energy:     -15.0731871630 Ha with <S^2> =  0.757 and <2S+1> =  2.007 after  199 iterations (in       0.02 seconds).
SCF Change: DM (1.29502e-7,6.23016e-7); eev 1.72935e-4 Ha; etot -2.04992e-12 Ha
Energy:     -15.0731871630 Ha with <S^2> =  0.757 and <2S+1> =  2.007 after  200 iterations (in       0.02 seconds).
Energy increase is detected. Turn on the linear mixing algorithm with (H[DIIS, i-1] + H[DIIS, i+1]).
Prev_Energies: (    -15.07318716,     -15.07318716)
Energy increase is detected. Turn on the linear mixing algorithm with (H[DIIS, i-1] + H[DIIS, i+1]).
Prev_Energies: (    -15.07318716,     -15.07318716)
SCF Change: DM (1.21442e-7,5.85825e-7); eev 1.62205e-4 Ha; etot 4.33733e-11 Ha
Energy:     -15.0731871629 Ha with <S^2> =  0.757 and <2S+1> =  2.007 after  201 iterations (in       0.02 seconds).
SCF Change: DM (7.11319e-8,3.20120e-7); eev 2.48811e-4 Ha; etot -4.52438e-11 Ha
Energy:     -15.0731871630 Ha with <S^2> =  0.757 and <2S+1> =  2.007 after  202 iterations (in       0.02 seconds).
SCF Change: DM (1.59817e-7,7.71855e-7); eev 2.93572e-4 Ha; etot -6.25509e-11 Ha
Energy:     -15.0731871630 Ha with <S^2> =  0.757 and <2S+1> =  2.007 after  203 iterations (in       0.02 seconds).
SCF Change: DM (7.81402e-8,3.65020e-7); eev 1.83355e-4 Ha; etot -3.77209e-11 Ha
Energy:     -15.0731871631 Ha with <S^2> =  0.757 and <2S+1> =  2.007 after  204 iterations (in       0.02 seconds).
Energy increase is detected. Turn on the linear mixing algorithm with (H[DIIS, i-1] + H[DIIS, i+1]).
Prev_Energies: (    -15.07318716,     -15.07318716)
Energy increase is detected. Turn on the linear mixing algorithm with (H[DIIS, i-1] + H[DIIS, i+1]).
Prev_Energies: (    -15.07318716,     -15.07318716)
SCF Change: DM (3.53993e-8,1.61008e-7); eev 2.02061e-4 Ha; etot 5.16085e-11 Ha
Energy:     -15.0731871630 Ha with <S^2> =  0.757 and <2S+1> =  2.007 after  205 iterations (in       0.02 seconds).
SCF Change: DM (2.78098e-7,1.33572e-6); eev 7.67299e-5 Ha; etot -2.99956e-11 Ha
Energy:     -15.0731871630 Ha with <S^2> =  0.757 and <2S+1> =  2.007 after  206 iterations (in       0.02 seconds).
Energy increase is detected. Turn on the linear mixing algorithm with (H[DIIS, i-1] + H[DIIS, i+1]).
Prev_Energies: (    -15.07318716,     -15.07318716)
Energy increase is detected. Turn on the linear mixing algorithm with (H[DIIS, i-1] + H[DIIS, i+1]).
Prev_Energies: (    -15.07318716,     -15.07318716)
SCF Change: DM (2.40806e-7,1.15785e-6); eev 5.52142e-5 Ha; etot 8.05720e-11 Ha
Energy:     -15.0731871630 Ha with <S^2> =  0.757 and <2S+1> =  2.007 after  207 iterations (in       0.02 seconds).
SCF Change: DM (2.11747e-7,1.01425e-6); eev 2.30112e-5 Ha; etot -5.87246e-11 Ha
Energy:     -15.0731871630 Ha with <S^2> =  0.757 and <2S+1> =  2.007 after  208 iterations (in       0.02 seconds).
Energy increase is detected. Turn on the linear mixing algorithm with (H[DIIS, i-1] + H[DIIS, i+1]).
Prev_Energies: (    -15.07318716,     -15.07318716)
Energy increase is detected. Turn on the linear mixing algorithm with (H[DIIS, i-1] + H[DIIS, i+1]).
Prev_Energies: (    -15.07318716,     -15.07318716)
SCF Change: DM (9.71309e-8,4.39533e-7); eev 3.49875e-5 Ha; etot 5.38734e-11 Ha
Energy:     -15.0731871630 Ha with <S^2> =  0.757 and <2S+1> =  2.007 after  209 iterations (in       0.02 seconds).
SCF Change: DM (2.04497e-6,9.97137e-6); eev 4.07724e-4 Ha; etot -8.78284e-11 Ha
Energy:     -15.0731871631 Ha with <S^2> =  0.757 and <2S+1> =  2.007 after  210 iterations (in       0.02 seconds).
SCF Change: DM (1.55665e-7,7.45803e-7); eev 1.93410e-4 Ha; etot -7.41748e-10 Ha
Energy:     -15.0731871638 Ha with <S^2> =  0.757 and <2S+1> =  2.007 after  211 iterations (in       0.02 seconds).
SCF Change: DM (3.35337e-7,1.63306e-6); eev 3.28288e-5 Ha; etot -6.83187e-11 Ha
Energy:     -15.0731871639 Ha with <S^2> =  0.757 and <2S+1> =  2.007 after  212 iterations (in       0.02 seconds).
SCF Change: DM (1.54930e-6,7.56412e-6); eev 1.05057e-4 Ha; etot -1.67786e-10 Ha
Energy:     -15.0731871640 Ha with <S^2> =  0.757 and <2S+1> =  2.007 after  213 iterations (in       0.02 seconds).
SCF Change: DM (6.04588e-7,2.95091e-6); eev 4.10273e-4 Ha; etot -7.80730e-10 Ha
Energy:     -15.0731871648 Ha with <S^2> =  0.757 and <2S+1> =  2.007 after  214 iterations (in       0.02 seconds).
Energy increase is detected. Turn on the linear mixing algorithm with (H[DIIS, i-1] + H[DIIS, i+1]).
Prev_Energies: (    -15.07318716,     -15.07318716)
Energy increase is detected. Turn on the linear mixing algorithm with (H[DIIS, i-1] + H[DIIS, i+1]).
Prev_Energies: (    -15.07318716,     -15.07318716)
SCF Change: DM (4.92105e-7,2.40172e-6); eev 3.27287e-4 Ha; etot 2.21750e-10 Ha
Energy:     -15.0731871646 Ha with <S^2> =  0.757 and <2S+1> =  2.007 after  215 iterations (in       0.02 seconds).
SCF Change: DM (4.26055e-7,2.07897e-6); eev 3.37847e-4 Ha; etot -1.75771e-10 Ha
Energy:     -15.0731871648 Ha with <S^2> =  0.757 and <2S+1> =  2.007 after  216 iterations (in       0.02 seconds).
Energy increase is detected. Turn on the linear mixing algorithm with (H[DIIS, i-1] + H[DIIS, i+1]).
Prev_Energies: (    -15.07318716,     -15.07318716)
Energy increase is detected. Turn on the linear mixing algorithm with (H[DIIS, i-1] + H[DIIS, i+1]).
Prev_Energies: (    -15.07318716,     -15.07318716)
SCF Change: DM (3.49875e-7,1.70711e-6); eev 2.92786e-4 Ha; etot 1.67560e-10 Ha
Energy:     -15.0731871646 Ha with <S^2> =  0.757 and <2S+1> =  2.007 after  217 iterations (in       0.02 seconds).
SCF Change: DM (3.31257e-7,1.58924e-6); eev 7.02714e-4 Ha; etot -1.40076e-10 Ha
Energy:     -15.0731871647 Ha with <S^2> =  0.757 and <2S+1> =  2.007 after  218 iterations (in       0.02 seconds).
SCF Change: DM (7.85033e-7,3.82163e-6); eev 3.13625e-4 Ha; etot -1.62792e-10 Ha
Energy:     -15.0731871649 Ha with <S^2> =  0.757 and <2S+1> =  2.007 after  219 iterations (in       0.02 seconds).
Energy increase is detected. Turn on the linear mixing algorithm with (H[DIIS, i-1] + H[DIIS, i+1]).
Prev_Energies: (    -15.07318716,     -15.07318716)
Energy increase is detected. Turn on the linear mixing algorithm with (H[DIIS, i-1] + H[DIIS, i+1]).
Prev_Energies: (    -15.07318716,     -15.07318716)
SCF Change: DM (5.48593e-7,2.67276e-6); eev 3.32631e-4 Ha; etot 3.52445e-10 Ha
Energy:     -15.0731871646 Ha with <S^2> =  0.757 and <2S+1> =  2.007 after  220 iterations (in       0.02 seconds).
SCF Change: DM (9.06048e-7,4.39963e-6); eev 7.83407e-5 Ha; etot -2.44144e-10 Ha
Energy:     -15.0731871648 Ha with <S^2> =  0.757 and <2S+1> =  2.007 after  221 iterations (in       0.02 seconds).
Energy increase is detected. Turn on the linear mixing algorithm with (H[DIIS, i-1] + H[DIIS, i+1]).
Prev_Energies: (    -15.07318716,     -15.07318716)
Energy increase is detected. Turn on the linear mixing algorithm with (H[DIIS, i-1] + H[DIIS, i+1]).
Prev_Energies: (    -15.07318716,     -15.07318716)
SCF Change: DM (7.35122e-7,3.56968e-6); eev 5.77416e-5 Ha; etot 4.00004e-10 Ha
Energy:     -15.0731871644 Ha with <S^2> =  0.757 and <2S+1> =  2.007 after  222 iterations (in       0.02 seconds).
SCF Change: DM (5.60141e-7,2.70876e-6); eev 1.41556e-4 Ha; etot -3.26615e-10 Ha
Energy:     -15.0731871647 Ha with <S^2> =  0.757 and <2S+1> =  2.007 after  223 iterations (in       0.02 seconds).
Energy increase is detected. Turn on the linear mixing algorithm with (H[DIIS, i-1] + H[DIIS, i+1]).
Prev_Energies: (    -15.07318716,     -15.07318716)
Energy increase is detected. Turn on the linear mixing algorithm with (H[DIIS, i-1] + H[DIIS, i+1]).
Prev_Energies: (    -15.07318716,     -15.07318716)
SCF Change: DM (4.80953e-7,2.32823e-6); eev 1.23725e-4 Ha; etot 1.90584e-10 Ha
Energy:     -15.0731871645 Ha with <S^2> =  0.757 and <2S+1> =  2.007 after  224 iterations (in       0.02 seconds).
SCF Change: DM (5.24716e-7,2.54704e-6); eev 3.58112e-5 Ha; etot -1.69710e-10 Ha
Energy:     -15.0731871647 Ha with <S^2> =  0.757 and <2S+1> =  2.007 after  225 iterations (in       0.02 seconds).
Energy increase is detected. Turn on the linear mixing algorithm with (H[DIIS, i-1] + H[DIIS, i+1]).
Prev_Energies: (    -15.07318716,     -15.07318716)
Energy increase is detected. Turn on the linear mixing algorithm with (H[DIIS, i-1] + H[DIIS, i+1]).
Prev_Energies: (    -15.07318716,     -15.07318716)
SCF Change: DM (6.05165e-7,2.94329e-6); eev 7.12711e-5 Ha; etot 1.94932e-10 Ha
Energy:     -15.0731871645 Ha with <S^2> =  0.757 and <2S+1> =  2.007 after  226 iterations (in       0.02 seconds).
SCF Change: DM (2.67716e-7,1.29733e-6); eev 2.68150e-4 Ha; etot -2.49226e-10 Ha
Energy:     -15.0731871648 Ha with <S^2> =  0.757 and <2S+1> =  2.007 after  227 iterations (in       0.02 seconds).
SCF Change: DM (5.91029e-7,2.86401e-6); eev 2.50368e-4 Ha; etot -1.81281e-10 Ha
Energy:     -15.0731871649 Ha with <S^2> =  0.757 and <2S+1> =  2.007 after  228 iterations (in       0.02 seconds).
Energy increase is detected. Turn on the linear mixing algorithm with (H[DIIS, i-1] + H[DIIS, i+1]).
Prev_Energies: (    -15.07318716,     -15.07318716)
Energy increase is detected. Turn on the linear mixing algorithm with (H[DIIS, i-1] + H[DIIS, i+1]).
Prev_Energies: (    -15.07318716,     -15.07318716)
SCF Change: DM (5.05606e-7,2.44948e-6); eev 2.60528e-4 Ha; etot 3.03459e-10 Ha
Energy:     -15.0731871646 Ha with <S^2> =  0.757 and <2S+1> =  2.007 after  229 iterations (in       0.02 seconds).
SCF Change: DM (6.53147e-7,3.17767e-6); eev 5.94041e-5 Ha; etot -2.68278e-10 Ha
Energy:     -15.0731871649 Ha with <S^2> =  0.757 and <2S+1> =  2.007 after  230 iterations (in       0.02 seconds).
Energy increase is detected. Turn on the linear mixing algorithm with (H[DIIS, i-1] + H[DIIS, i+1]).
Prev_Energies: (    -15.07318716,     -15.07318716)
Energy increase is detected. Turn on the linear mixing algorithm with (H[DIIS, i-1] + H[DIIS, i+1]).
Prev_Energies: (    -15.07318716,     -15.07318716)
SCF Change: DM (8.61276e-7,4.20020e-6); eev 6.71416e-5 Ha; etot 2.79096e-10 Ha
Energy:     -15.0731871646 Ha with <S^2> =  0.757 and <2S+1> =  2.007 after  231 iterations (in       0.02 seconds).
SCF Change: DM (7.76512e-8,2.72400e-7); eev 2.81312e-4 Ha; etot -3.63986e-10 Ha
Energy:     -15.0731871650 Ha with <S^2> =  0.757 and <2S+1> =  2.007 after  232 iterations (in       0.02 seconds).
Energy increase is detected. Turn on the linear mixing algorithm with (H[DIIS, i-1] + H[DIIS, i+1]).
Prev_Energies: (    -15.07318716,     -15.07318716)
Energy increase is detected. Turn on the linear mixing algorithm with (H[DIIS, i-1] + H[DIIS, i+1]).
Prev_Energies: (    -15.07318716,     -15.07318716)
SCF Change: DM (6.89870e-8,2.55581e-7); eev 2.10969e-4 Ha; etot 4.11227e-11 Ha
Energy:     -15.0731871650 Ha with <S^2> =  0.757 and <2S+1> =  2.007 after  233 iterations (in       0.02 seconds).
SCF Change: DM (2.88041e-7,1.37405e-6); eev 2.65430e-4 Ha; etot -5.70015e-11 Ha
Energy:     -15.0731871650 Ha with <S^2> =  0.757 and <2S+1> =  2.007 after  234 iterations (in       0.02 seconds).
SCF Change: DM (9.00705e-7,4.38621e-6); eev 2.42686e-4 Ha; etot -6.40057e-11 Ha
Energy:     -15.0731871651 Ha with <S^2> =  0.757 and <2S+1> =  2.007 after  235 iterations (in       0.02 seconds).
Energy increase is detected. Turn on the linear mixing algorithm with (H[DIIS, i-1] + H[DIIS, i+1]).
Prev_Energies: (    -15.07318717,     -15.07318716)
Energy increase is detected. Turn on the linear mixing algorithm with (H[DIIS, i-1] + H[DIIS, i+1]).
Prev_Energies: (    -15.07318717,     -15.07318716)
SCF Change: DM (7.60246e-7,3.70221e-6); eev 2.54283e-4 Ha; etot 3.63309e-10 Ha
Energy:     -15.0731871647 Ha with <S^2> =  0.757 and <2S+1> =  2.007 after  236 iterations (in       0.02 seconds).
SCF Change: DM (9.34699e-7,4.56159e-6); eev 4.10839e-4 Ha; etot -3.09063e-10 Ha
Energy:     -15.0731871650 Ha with <S^2> =  0.757 and <2S+1> =  2.007 after  237 iterations (in       0.02 seconds).
Energy increase is detected. Turn on the linear mixing algorithm with (H[DIIS, i-1] + H[DIIS, i+1]).
Prev_Energies: (    -15.07318717,     -15.07318716)
Energy increase is detected. Turn on the linear mixing algorithm with (H[DIIS, i-1] + H[DIIS, i+1]).
Prev_Energies: (    -15.07318717,     -15.07318716)
SCF Change: DM (7.23122e-7,3.52882e-6); eev 3.34249e-4 Ha; etot 3.26784e-10 Ha
Energy:     -15.0731871647 Ha with <S^2> =  0.757 and <2S+1> =  2.007 after  238 iterations (in       0.02 seconds).
SCF Change: DM (9.03499e-7,4.41139e-6); eev 1.03723e-4 Ha; etot -2.50051e-10 Ha
Energy:     -15.0731871649 Ha with <S^2> =  0.757 and <2S+1> =  2.007 after  239 iterations (in       0.02 seconds).
SCF Change: DM (5.43235e-7,2.63113e-6); eev 6.80951e-4 Ha; etot -3.74309e-10 Ha
Energy:     -15.0731871653 Ha with <S^2> =  0.757 and <2S+1> =  2.007 after  240 iterations (in       0.02 seconds).
SCF Change: DM (3.67168e-7,1.78808e-6); eev 1.63071e-4 Ha; etot -2.88155e-10 Ha
Energy:     -15.0731871656 Ha with <S^2> =  0.757 and <2S+1> =  2.007 after  241 iterations (in       0.02 seconds).
Energy increase is detected. Turn on the linear mixing algorithm with (H[DIIS, i-1] + H[DIIS, i+1]).
Prev_Energies: (    -15.07318717,     -15.07318717)
Energy increase is detected. Turn on the linear mixing algorithm with (H[DIIS, i-1] + H[DIIS, i+1]).
Prev_Energies: (    -15.07318717,     -15.07318717)
SCF Change: DM (6.10804e-7,2.98065e-6); eev 2.17041e-4 Ha; etot 1.65576e-10 Ha
Energy:     -15.0731871654 Ha with <S^2> =  0.757 and <2S+1> =  2.007 after  242 iterations (in       0.02 seconds).
SCF Change: DM (3.18355e-7,1.39245e-6); eev 5.27819e-4 Ha; etot -2.45132e-10 Ha
Energy:     -15.0731871657 Ha with <S^2> =  0.757 and <2S+1> =  2.007 after  243 iterations (in       0.02 seconds).
Energy increase is detected. Turn on the linear mixing algorithm with (H[DIIS, i-1] + H[DIIS, i+1]).
Prev_Energies: (    -15.07318717,     -15.07318717)
Energy increase is detected. Turn on the linear mixing algorithm with (H[DIIS, i-1] + H[DIIS, i+1]).
Prev_Energies: (    -15.07318717,     -15.07318717)
SCF Change: DM (3.10665e-7,1.40787e-6); eev 4.17424e-4 Ha; etot 2.09273e-10 Ha
Energy:     -15.0731871655 Ha with <S^2> =  0.757 and <2S+1> =  2.007 after  244 iterations (in       0.02 seconds).
SCF Change: DM (7.49506e-7,3.61041e-6); eev 5.20062e-4 Ha; etot -1.97115e-10 Ha
Energy:     -15.0731871657 Ha with <S^2> =  0.757 and <2S+1> =  2.007 after  245 iterations (in       0.02 seconds).
SCF Change: DM (1.27232e-6,6.20597e-6); eev 7.99997e-4 Ha; etot -2.38611e-10 Ha
Energy:     -15.0731871659 Ha with <S^2> =  0.757 and <2S+1> =  2.007 after  246 iterations (in       0.02 seconds).
Energy increase is detected. Turn on the linear mixing algorithm with (H[DIIS, i-1] + H[DIIS, i+1]).
Prev_Energies: (    -15.07318717,     -15.07318717)
Energy increase is detected. Turn on the linear mixing algorithm with (H[DIIS, i-1] + H[DIIS, i+1]).
Prev_Energies: (    -15.07318717,     -15.07318717)
SCF Change: DM (8.89976e-7,4.34074e-6); eev 8.29503e-4 Ha; etot 5.26681e-10 Ha
Energy:     -15.0731871654 Ha with <S^2> =  0.757 and <2S+1> =  2.007 after  247 iterations (in       0.02 seconds).
SCF Change: DM (1.36277e-6,6.64384e-6); eev 1.16016e-4 Ha; etot -3.66038e-10 Ha
Energy:     -15.0731871657 Ha with <S^2> =  0.757 and <2S+1> =  2.007 after  248 iterations (in       0.02 seconds).
Energy increase is detected. Turn on the linear mixing algorithm with (H[DIIS, i-1] + H[DIIS, i+1]).
Prev_Energies: (    -15.07318717,     -15.07318717)
Energy increase is detected. Turn on the linear mixing algorithm with (H[DIIS, i-1] + H[DIIS, i+1]).
Prev_Energies: (    -15.07318717,     -15.07318717)
SCF Change: DM (1.06672e-6,5.20024e-6); eev 8.98119e-5 Ha; etot 5.34817e-10 Ha
Energy:     -15.0731871652 Ha with <S^2> =  0.757 and <2S+1> =  2.007 after  249 iterations (in       0.02 seconds).
SCF Change: DM (1.28917e-6,6.28927e-6); eev 1.09288e-4 Ha; etot -4.20069e-10 Ha
Energy:     -15.0731871656 Ha with <S^2> =  0.757 and <2S+1> =  2.007 after  250 iterations (in       0.02 seconds).
SCF does not converge within 251 iterations
==========================================
Now evaluate the    PT2 correlation energy
==========================================
----------------------------------------------------------------------
Methods         :       Total Corr,          OS Corr,          SS Corr
----------------------------------------------------------------------
PT2             :      -0.37206711,      -0.27277881,      -0.09928829
----------------------------------------------------------------------
Fifth-rung correlation energy :      -0.119040674725 Ha
E[XYGJOS]=:     -15.07409446 Ha, Ex[HF]:      -2.58816507 Ha, Ec[PT2  ]:      -0.37206711 Ha
Mulliken population analysis:
  0-Br :   0.000000

====================================================
              REST: Mission accomplished
====================================================
The SCF energy        :     -15.0731871656 Ha
The (R)-xDH energy    :     -15.0740944602 Ha
Detailed time report:
SCF       |:    6.781 s for the scf procedure
PT2       |:    0.055 s for the PT2 evaluation
Overall   |:    7.258 s for the whole job
