=========================================================
Input parameters for the REST calculation
=========================================================
Calculation type: Single-point energy
The exchange-correlation method: xygjos
Print level:                1
The number of threads used for parallelism:      4
The spheric-GTO basis set is taken from /home/symei/def2-TZVPP-mixed
The pruning method is nwchem
The radial grid generation method is treutler
ERI Type: ri_v
Turn on the basis pair symmetry for RI 3D-tensors
The spheric-GTO auxiliary basis set is taken from /home/symei/def2-SV(P)-JKFIT
Spin polarization: Off
Charge:   0; Spin:   1
min_num_angular_points: 110
max_num_angular_points: 590
hardness: 3
Grid generation level: 3
Even tempered basis generation: false
SCF convergency thresholds: 1e-8 for density matrix
                            1e-8 Ha. for sum of eigenvalues
                            1e-8 Ha. for total energy
Max. SCF cycle number:      250
The diis mixing with (param, max_vec_len) = (0.2, 8) is employed for the SCF procedure
Turn on the diis mixing after 1 step(s) of SCF iteractions with the linear mixing
The specified checkfile exists but is not loaded because the keyword 'external_init_guess' is specified
It will be updated after the SCF procedure 
(none)
Initial guess is prepared by (sad).
It is a finite cluster calculation
the scf functional for 'xygjos' contains
The density functional 'B3LYP' belongs to the 'Hybrid GGA' family and is defined in the reference(s):
(0): P. J. Stephens, F. J. Devlin, C. F. Chabalowski, and M. J. Frisch.,  J. Phys. Chem. 98, 11623 (1994)
the post-scf functional 'xygjos' is employed, which contains
The density functional 'Slater exchange' belongs to the 'LDA' family and is defined in the reference(s):
(0): P. A. M. Dirac.,  Math. Proc. Cambridge Philos. Soc. 26, 376 (1930)
(1): F. Bloch.,  Z. Phys. 57, 545 (1929)
The density functional 'Becke 88' belongs to the 'GGA' family and is defined in the reference(s):
(0): A. D. Becke.,  Phys. Rev. A 38, 3098 (1988)
The density functional 'Vosko, Wilk & Nusair (VWN5_RPA)' belongs to the 'LDA' family and is defined in the reference(s):
(0): S. H. Vosko, L. Wilk, and M. Nusair.,  Can. J. Phys. 58, 1200 (1980)
The density functional 'Lee, Yang & Parr' belongs to the 'GGA' family and is defined in the reference(s):
(0): C. Lee, W. Yang, and R. G. Parr.,  Phys. Rev. B 37, 785 (1988)
(1): B. Miehlich, A. Savin, H. Stoll, and H. Preuss.,  Chem. Phys. Lett. 157, 200 (1989)
<start_mo> for the frozen-core post-SCF methods 18 is smaller than the number of ecp orbitals 28. Set <start_mo> = 0
Libxc version used in REST: 7.0.0
nbas: 32, natm: 2 for standard basis sets
First valence state for the frozen-core algorithm:     0
final nbas: 152,final natm: 4
numbasis: 96, num_auxbas: 532
Molecule_name: br2
Restricted Hartree-Fock (or Kohn-Sham) algorithm is invoked.
Nuc_energy:      11.19609389 Hartree
No ghost effective potential
No ghost point charges
Overlap matrix is nonsigular:
  Lowest eigenvalue:       0.00835797 with the total number of basis functions:     96
Grid size: 41808
Generate SAD of Br
Initial guess HF energy:     -30.1778728439202659
The total energy:       -30.2060827339 Ha by the initial guess
Energy:     -30.2065342422 Ha after    1 iterations (in       0.06 seconds).
SCF Change: DM 2.34374e-3; eev  1.79999e2 Ha; etot 1.20537e-2 Ha
Energy:     -30.1944805751 Ha after    2 iterations (in       0.06 seconds).
SCF Change: DM 1.85695e-4; eev  2.75713e1 Ha; etot -1.88052e-2 Ha
Energy:     -30.2132857324 Ha after    3 iterations (in       0.05 seconds).
SCF Change: DM 2.77913e-4; eev  1.78714e2 Ha; etot -2.92898e-4 Ha
Energy:     -30.2135786306 Ha after    4 iterations (in       0.06 seconds).
SCF Change: DM 1.63235e-4; eev  5.58232e0 Ha; etot -9.05778e-5 Ha
Energy:     -30.2136692085 Ha after    5 iterations (in       0.05 seconds).
SCF Change: DM 3.80956e-5; eev  1.89863e1 Ha; etot -3.67890e-5 Ha
Energy:     -30.2137059974 Ha after    6 iterations (in       0.06 seconds).
SCF Change: DM 5.27247e-5; eev  1.14032e1 Ha; etot -4.25598e-6 Ha
Energy:     -30.2137102534 Ha after    7 iterations (in       0.06 seconds).
SCF Change: DM 3.88792e-6; eev  2.40750e0 Ha; etot -1.87905e-6 Ha
Energy:     -30.2137121324 Ha after    8 iterations (in       0.06 seconds).
SCF Change: DM 2.81475e-7; eev 3.19904e-2 Ha; etot -1.20365e-8 Ha
Energy:     -30.2137121445 Ha after    9 iterations (in       0.06 seconds).
SCF Change: DM 3.43411e-8; eev 6.71092e-3 Ha; etot -2.52697e-10 Ha
Energy:     -30.2137121447 Ha after   10 iterations (in       0.06 seconds).
SCF Change: DM 1.37233e-8; eev 1.54137e-3 Ha; etot -3.97904e-13 Ha
Energy:     -30.2137121447 Ha after   11 iterations (in       0.05 seconds).
SCF Change: DM 1.87946e-9; eev 3.20494e-5 Ha; etot -1.52767e-13 Ha
Energy:     -30.2137121447 Ha after   12 iterations (in       0.05 seconds).
SCF Change: DM 1.11455e-9; eev 9.31241e-7 Ha; etot -7.10543e-14 Ha
Energy:     -30.2137121447 Ha after   13 iterations (in       0.05 seconds).
SCF Change: DM 2.47130e-10; eev 1.46230e-5 Ha; etot -6.75016e-14 Ha
Energy:     -30.2137121447 Ha after   14 iterations (in       0.05 seconds).
SCF Change: DM 4.23758e-11; eev 3.55713e-6 Ha; etot 1.24345e-13 Ha
Energy:     -30.2137121447 Ha after   15 iterations (in       0.05 seconds).
SCF Change: DM 8.30868e-12; eev 6.87165e-7 Ha; etot -2.06057e-13 Ha
Energy:     -30.2137121447 Ha after   16 iterations (in       0.05 seconds).
SCF Change: DM 1.05821e-12; eev 5.27259e-8 Ha; etot 1.56319e-13 Ha
Energy:     -30.2137121447 Ha after   17 iterations (in       0.05 seconds).
SCF Change: DM 1.17268e-12; eev 5.04645e-8 Ha; etot -3.90799e-14 Ha
Energy:     -30.2137121447 Ha after   18 iterations (in       0.05 seconds).
SCF Change: DM 1.39698e-13; eev 5.19771e-9 Ha; etot 8.17124e-14 Ha
Energy:     -30.2137121447 Ha after   19 iterations (in       0.05 seconds).
SCF is converged after   19 iterations.
==========================================
Now evaluate the    PT2 correlation energy
==========================================
----------------------------------------------------------------------
Methods         :       Total Corr,          OS Corr,          SS Corr
----------------------------------------------------------------------
PT2             :      -0.88532494,      -0.64734013,      -0.23798480
----------------------------------------------------------------------
Fifth-rung correlation energy :      -0.282499234559 Ha
E[XYGJOS]=:     -30.20339484 Ha, Ex[HF]:      -5.07567755 Ha, Ec[PT2  ]:      -0.88532494 Ha
Mulliken population analysis:
  0-Br :  -0.000000
  1-Br :   0.000000

====================================================
              REST: Mission accomplished
====================================================
The SCF energy        :     -30.2137121447 Ha
The (R)-xDH energy    :     -30.2033948391 Ha
Detailed time report:
PT2       |:    0.112 s for the PT2 evaluation
Overall   |:    2.815 s for the whole job
SCF       |:    2.315 s for the scf procedure
