=========================================================
Input parameters for the REST calculation
=========================================================
Calculation type: Single-point energy
The exchange-correlation method: xygjos
Print level:                1
The number of threads used for parallelism:      4
The spheric-GTO basis set is taken from /home/symei/def2-TZVPP-mixed
The pruning method is nwchem
The radial grid generation method is treutler
ERI Type: ri_v
Turn on the basis pair symmetry for RI 3D-tensors
The spheric-GTO auxiliary basis set is taken from /home/symei/def2-SV(P)-JKFIT
Spin polarization: Off
Charge:   0; Spin:   1
min_num_angular_points: 110
max_num_angular_points: 590
hardness: 3
Grid generation level: 3
Even tempered basis generation: false
SCF convergency thresholds: 1e-8 for density matrix
                            1e-8 Ha. for sum of eigenvalues
                            1e-8 Ha. for total energy
Max. SCF cycle number:      250
The diis mixing with (param, max_vec_len) = (0.2, 8) is employed for the SCF procedure
Turn on the diis mixing after 1 step(s) of SCF iteractions with the linear mixing
The specified checkfile exists but is not loaded because the keyword 'external_init_guess' is specified
It will be updated after the SCF procedure 
(none)
Initial guess is prepared by (sad).
It is a finite cluster calculation
the scf functional for 'xygjos' contains
The density functional 'B3LYP' belongs to the 'Hybrid GGA' family and is defined in the reference(s):
(0): P. J. Stephens, F. J. Devlin, C. F. Chabalowski, and M. J. Frisch.,  J. Phys. Chem. 98, 11623 (1994)
the post-scf functional 'xygjos' is employed, which contains
The density functional 'Slater exchange' belongs to the 'LDA' family and is defined in the reference(s):
(0): P. A. M. Dirac.,  Math. Proc. Cambridge Philos. Soc. 26, 376 (1930)
(1): F. Bloch.,  Z. Phys. 57, 545 (1929)
The density functional 'Becke 88' belongs to the 'GGA' family and is defined in the reference(s):
(0): A. D. Becke.,  Phys. Rev. A 38, 3098 (1988)
The density functional 'Vosko, Wilk & Nusair (VWN5_RPA)' belongs to the 'LDA' family and is defined in the reference(s):
(0): S. H. Vosko, L. Wilk, and M. Nusair.,  Can. J. Phys. 58, 1200 (1980)
The density functional 'Lee, Yang & Parr' belongs to the 'GGA' family and is defined in the reference(s):
(0): C. Lee, W. Yang, and R. G. Parr.,  Phys. Rev. B 37, 785 (1988)
(1): B. Miehlich, A. Savin, H. Stoll, and H. Preuss.,  Chem. Phys. Lett. 157, 200 (1989)
<start_mo> for the frozen-core post-SCF methods 21 is smaller than the number of ecp orbitals 28. Set <start_mo> = 0
Libxc version used in REST: 7.0.0
nbas: 101, natm: 11 for standard basis sets
First valence state for the frozen-core algorithm:     0
final nbas: 332,final natm: 22
numbasis: 273, num_auxbas: 865
Molecule_name: c-cbrcbr
Restricted Hartree-Fock (or Kohn-Sham) algorithm is invoked.
Nuc_energy:     140.66498059 Hartree
No ghost effective potential
No ghost point charges
Overlap matrix is nonsigular:
  Lowest eigenvalue:       0.00024625 with the total number of basis functions:    273
Grid size: 143658
Generate SAD of C
Generate SAD of H
Generate SAD of Br
Initial guess HF energy:    -148.7167936791699390
The total energy:      -147.7631673087 Ha by the initial guess
Energy:    -142.5300363733 Ha after    1 iterations (in       0.73 seconds).
SCF Change: DM 6.91260e-2; eev  6.98484e1 Ha; etot  3.40021e1 Ha
Energy:    -108.5278879046 Ha after    2 iterations (in       0.68 seconds).
SCF Change: DM 2.91116e-2; eev  5.88004e1 Ha; etot -3.66883e1 Ha
Energy:    -145.2161699634 Ha after    3 iterations (in       0.64 seconds).
SCF Change: DM 1.75198e-2; eev  1.07013e1 Ha; etot  5.72380e1 Ha
Energy:     -87.9782144587 Ha after    4 iterations (in       0.64 seconds).
SCF Change: DM 1.92593e-2; eev  2.00291e1 Ha; etot -4.02601e1 Ha
Energy:    -128.2383250596 Ha after    5 iterations (in       0.64 seconds).
SCF Change: DM 1.00628e-2; eev  1.31870e2 Ha; etot -1.94279e1 Ha
Energy:    -147.6662090862 Ha after    6 iterations (in       0.65 seconds).
SCF Change: DM 7.97560e-3; eev  2.38132e1 Ha; etot 5.40881e-1 Ha
Energy:    -147.1253276420 Ha after    7 iterations (in       0.65 seconds).
SCF Change: DM 1.63916e-3; eev  4.67931e1 Ha; etot -1.03303e0 Ha
Energy:    -148.1583546913 Ha after    8 iterations (in       0.65 seconds).
SCF Change: DM 8.01570e-4; eev  9.37276e1 Ha; etot -2.17154e-2 Ha
Energy:    -148.1800700417 Ha after    9 iterations (in       0.65 seconds).
SCF Change: DM 3.01900e-4; eev  8.02007e1 Ha; etot -1.02489e-2 Ha
Energy:    -148.1903189375 Ha after   10 iterations (in       0.63 seconds).
SCF Change: DM 1.08658e-4; eev  2.44237e1 Ha; etot -1.29297e-3 Ha
Energy:    -148.1916119112 Ha after   11 iterations (in       0.68 seconds).
SCF Change: DM 5.86565e-5; eev  9.42530e0 Ha; etot -1.23790e-4 Ha
Energy:    -148.1917357010 Ha after   12 iterations (in       0.64 seconds).
SCF Change: DM 6.80491e-5; eev  7.51487e0 Ha; etot -6.11143e-5 Ha
Energy:    -148.1917968153 Ha after   13 iterations (in       0.64 seconds).
SCF Change: DM 6.28183e-5; eev  1.85566e0 Ha; etot -4.04085e-5 Ha
Energy:    -148.1918372238 Ha after   14 iterations (in       0.64 seconds).
SCF Change: DM 8.24895e-5; eev  2.00385e0 Ha; etot -3.19988e-5 Ha
Energy:    -148.1918692227 Ha after   15 iterations (in       0.65 seconds).
SCF Change: DM 5.88527e-5; eev  1.78781e0 Ha; etot -3.66107e-5 Ha
Energy:    -148.1919058333 Ha after   16 iterations (in       0.64 seconds).
SCF Change: DM 7.38192e-5; eev 6.82586e-1 Ha; etot -2.40230e-5 Ha
Energy:    -148.1919298564 Ha after   17 iterations (in       0.63 seconds).
SCF Change: DM 9.62470e-5; eev 6.53913e-1 Ha; etot -2.80087e-5 Ha
Energy:    -148.1919578651 Ha after   18 iterations (in       0.64 seconds).
SCF Change: DM 1.88830e-5; eev 7.04918e-1 Ha; etot -3.22802e-5 Ha
Energy:    -148.1919901453 Ha after   19 iterations (in       0.67 seconds).
SCF Change: DM 2.01537e-4; eev  2.12792e0 Ha; etot -5.53892e-6 Ha
Energy:    -148.1919956842 Ha after   20 iterations (in       0.64 seconds).
SCF Change: DM 3.40444e-5; eev 7.41748e-1 Ha; etot -3.50055e-5 Ha
Energy:    -148.1920306897 Ha after   21 iterations (in       0.65 seconds).
Energy increase is detected. Turn on the linear mixing algorithm with (H[DIIS, i-1] + H[DIIS, i+1]).
Prev_Energies: (   -148.19203069,    -148.19202947)
SCF Change: DM 3.75799e-5; eev 5.44123e-1 Ha; etot 1.21648e-6 Ha
Energy:    -148.1920294732 Ha after   22 iterations (in       0.65 seconds).
SCF Change: DM 4.00034e-5; eev  2.67441e0 Ha; etot -1.82866e-6 Ha
Energy:    -148.1920313019 Ha after   23 iterations (in       0.63 seconds).
SCF Change: DM 3.14158e-5; eev 2.80033e-1 Ha; etot -7.04621e-7 Ha
Energy:    -148.1920320065 Ha after   24 iterations (in       0.65 seconds).
SCF Change: DM 1.14594e-5; eev 5.20382e-1 Ha; etot -2.26156e-6 Ha
Energy:    -148.1920342681 Ha after   25 iterations (in       0.65 seconds).
SCF Change: DM 1.52831e-5; eev 1.65659e-1 Ha; etot -6.09096e-7 Ha
Energy:    -148.1920348772 Ha after   26 iterations (in       0.63 seconds).
SCF Change: DM 9.28183e-6; eev 1.13998e-1 Ha; etot -5.69713e-7 Ha
Energy:    -148.1920354469 Ha after   27 iterations (in       0.66 seconds).
SCF Change: DM 8.94009e-6; eev 1.93406e-2 Ha; etot -2.82538e-7 Ha
Energy:    -148.1920357294 Ha after   28 iterations (in       0.65 seconds).
SCF Change: DM 8.41301e-6; eev 1.14051e-1 Ha; etot -1.78957e-7 Ha
Energy:    -148.1920359084 Ha after   29 iterations (in       0.65 seconds).
SCF Change: DM 5.53662e-6; eev 1.78315e-1 Ha; etot -1.28338e-7 Ha
Energy:    -148.1920360367 Ha after   30 iterations (in       0.64 seconds).
SCF Change: DM 4.03893e-6; eev 4.47567e-2 Ha; etot -4.03144e-8 Ha
Energy:    -148.1920360770 Ha after   31 iterations (in       0.67 seconds).
SCF Change: DM 1.11397e-6; eev 3.62042e-2 Ha; etot -2.49298e-8 Ha
Energy:    -148.1920361020 Ha after   32 iterations (in       0.63 seconds).
SCF Change: DM 1.15052e-6; eev 8.00179e-3 Ha; etot -6.30689e-9 Ha
Energy:    -148.1920361083 Ha after   33 iterations (in       0.66 seconds).
SCF Change: DM 1.32365e-6; eev 8.57386e-3 Ha; etot -6.64261e-9 Ha
Energy:    -148.1920361149 Ha after   34 iterations (in       0.66 seconds).
SCF Change: DM 1.10362e-6; eev 1.53617e-2 Ha; etot -7.45760e-9 Ha
Energy:    -148.1920361224 Ha after   35 iterations (in       0.64 seconds).
SCF Change: DM 2.47616e-6; eev 2.06235e-2 Ha; etot -5.34681e-9 Ha
Energy:    -148.1920361277 Ha after   36 iterations (in       0.65 seconds).
SCF Change: DM 4.67049e-7; eev 1.57864e-2 Ha; etot -9.13911e-9 Ha
Energy:    -148.1920361369 Ha after   37 iterations (in       0.65 seconds).
SCF Change: DM 8.66982e-7; eev 6.30972e-3 Ha; etot -1.31251e-9 Ha
Energy:    -148.1920361382 Ha after   38 iterations (in       0.65 seconds).
SCF Change: DM 9.73629e-7; eev 6.26960e-3 Ha; etot -2.23781e-9 Ha
Energy:    -148.1920361404 Ha after   39 iterations (in       0.67 seconds).
SCF Change: DM 9.87392e-7; eev 1.68484e-2 Ha; etot -2.38279e-9 Ha
Energy:    -148.1920361428 Ha after   40 iterations (in       0.64 seconds).
SCF Change: DM 1.40465e-6; eev 9.17917e-3 Ha; etot -1.98472e-9 Ha
Energy:    -148.1920361448 Ha after   41 iterations (in       0.65 seconds).
SCF Change: DM 7.54059e-7; eev 8.43372e-3 Ha; etot -1.85474e-9 Ha
Energy:    -148.1920361466 Ha after   42 iterations (in       0.65 seconds).
SCF Change: DM 2.81983e-7; eev 5.89225e-3 Ha; etot -7.11708e-10 Ha
Energy:    -148.1920361473 Ha after   43 iterations (in       0.65 seconds).
SCF Change: DM 2.82818e-7; eev 3.97795e-3 Ha; etot -2.34962e-10 Ha
Energy:    -148.1920361476 Ha after   44 iterations (in       0.65 seconds).
SCF Change: DM 2.31471e-7; eev 1.05390e-3 Ha; etot -2.05915e-10 Ha
Energy:    -148.1920361478 Ha after   45 iterations (in       0.65 seconds).
SCF Change: DM 2.89169e-7; eev 1.33442e-3 Ha; etot -1.42933e-10 Ha
Energy:    -148.1920361479 Ha after   46 iterations (in       0.64 seconds).
SCF Change: DM 1.80019e-7; eev 9.39059e-4 Ha; etot -1.66580e-10 Ha
Energy:    -148.1920361481 Ha after   47 iterations (in       0.63 seconds).
SCF Change: DM 2.59421e-7; eev 1.83550e-3 Ha; etot -8.12292e-11 Ha
Energy:    -148.1920361482 Ha after   48 iterations (in       0.66 seconds).
SCF Change: DM 3.54859e-7; eev 2.13598e-3 Ha; etot -9.97886e-11 Ha
Energy:    -148.1920361483 Ha after   49 iterations (in       0.65 seconds).
SCF Change: DM 4.11362e-8; eev 1.23017e-3 Ha; etot -8.69989e-11 Ha
Energy:    -148.1920361484 Ha after   50 iterations (in       0.64 seconds).
SCF Change: DM 1.84133e-7; eev 9.18197e-4 Ha; etot -8.52651e-14 Ha
Energy:    -148.1920361484 Ha after   51 iterations (in       0.68 seconds).
SCF Change: DM 3.77327e-8; eev 2.61643e-4 Ha; etot -1.78488e-11 Ha
Energy:    -148.1920361484 Ha after   52 iterations (in       0.65 seconds).
SCF Change: DM 5.14719e-8; eev 6.16529e-4 Ha; etot -1.06013e-11 Ha
Energy:    -148.1920361484 Ha after   53 iterations (in       0.64 seconds).
SCF Change: DM 9.56390e-9; eev 2.05710e-4 Ha; etot -1.44951e-12 Ha
Energy:    -148.1920361484 Ha after   54 iterations (in       0.66 seconds).
Energy increase is detected. Turn on the linear mixing algorithm with (H[DIIS, i-1] + H[DIIS, i+1]).
Prev_Energies: (   -148.19203615,    -148.19203615)
SCF Change: DM 1.21316e-8; eev 6.67706e-5 Ha; etot 3.12639e-13 Ha
Energy:    -148.1920361484 Ha after   55 iterations (in       0.65 seconds).
SCF Change: DM 3.37066e-8; eev 8.58836e-4 Ha; etot -3.12639e-13 Ha
Energy:    -148.1920361484 Ha after   56 iterations (in       0.75 seconds).
SCF Change: DM 2.27924e-8; eev 2.61160e-4 Ha; etot -6.08225e-12 Ha
Energy:    -148.1920361484 Ha after   57 iterations (in       0.68 seconds).
Energy increase is detected. Turn on the linear mixing algorithm with (H[DIIS, i-1] + H[DIIS, i+1]).
Prev_Energies: (   -148.19203615,    -148.19203615)
SCF Change: DM 1.60173e-8; eev 2.02808e-4 Ha; etot 4.71800e-12 Ha
Energy:    -148.1920361484 Ha after   58 iterations (in       0.73 seconds).
Energy increase is detected. Turn on the linear mixing algorithm with (H[DIIS, i-1] + H[DIIS, i+1]).
Prev_Energies: (   -148.19203615,    -148.19203615)
SCF Change: DM 1.86594e-8; eev 1.99520e-4 Ha; etot 3.38218e-12 Ha
Energy:    -148.1920361484 Ha after   59 iterations (in       0.73 seconds).
SCF Change: DM 2.08751e-8; eev 1.03463e-4 Ha; etot -5.59908e-12 Ha
Energy:    -148.1920361484 Ha after   60 iterations (in       0.70 seconds).
Energy increase is detected. Turn on the linear mixing algorithm with (H[DIIS, i-1] + H[DIIS, i+1]).
Prev_Energies: (   -148.19203615,    -148.19203615)
SCF Change: DM 1.53047e-8; eev 7.88050e-5 Ha; etot 5.71276e-12 Ha
Energy:    -148.1920361484 Ha after   61 iterations (in       0.67 seconds).
SCF Change: DM 2.86374e-8; eev 1.12609e-4 Ha; etot -6.39488e-12 Ha
Energy:    -148.1920361484 Ha after   62 iterations (in       0.65 seconds).
Energy increase is detected. Turn on the linear mixing algorithm with (H[DIIS, i-1] + H[DIIS, i+1]).
Prev_Energies: (   -148.19203615,    -148.19203615)
SCF Change: DM 2.12503e-8; eev 8.82316e-5 Ha; etot 3.12639e-12 Ha
Energy:    -148.1920361484 Ha after   63 iterations (in       0.69 seconds).
Energy increase is detected. Turn on the linear mixing algorithm with (H[DIIS, i-1] + H[DIIS, i+1]).
Prev_Energies: (   -148.19203615,    -148.19203615)
SCF Change: DM 2.27652e-8; eev 9.01292e-5 Ha; etot 1.79057e-12 Ha
Energy:    -148.1920361484 Ha after   64 iterations (in       0.64 seconds).
SCF Change: DM 9.61474e-9; eev 3.19335e-5 Ha; etot -1.90425e-12 Ha
Energy:    -148.1920361484 Ha after   65 iterations (in       0.64 seconds).
Energy increase is detected. Turn on the linear mixing algorithm with (H[DIIS, i-1] + H[DIIS, i+1]).
Prev_Energies: (   -148.19203615,    -148.19203615)
SCF Change: DM 7.39691e-9; eev 2.83165e-5 Ha; etot 2.44427e-12 Ha
Energy:    -148.1920361484 Ha after   66 iterations (in       0.69 seconds).
SCF Change: DM 1.15883e-8; eev 1.17058e-5 Ha; etot -3.29692e-12 Ha
Energy:    -148.1920361484 Ha after   67 iterations (in       0.65 seconds).
SCF Change: DM 3.97287e-10; eev 5.89377e-6 Ha; etot -5.40012e-13 Ha
Energy:    -148.1920361484 Ha after   68 iterations (in       0.64 seconds).
SCF Change: DM 4.57016e-10; eev 2.88481e-6 Ha; etot -8.81073e-13 Ha
Energy:    -148.1920361484 Ha after   69 iterations (in       0.64 seconds).
Energy increase is detected. Turn on the linear mixing algorithm with (H[DIIS, i-1] + H[DIIS, i+1]).
Prev_Energies: (   -148.19203615,    -148.19203615)
SCF Change: DM 2.14486e-10; eev 2.32335e-6 Ha; etot 3.26850e-12 Ha
Energy:    -148.1920361484 Ha after   70 iterations (in       0.66 seconds).
SCF Change: DM 2.61633e-9; eev 5.60839e-6 Ha; etot -2.58638e-12 Ha
Energy:    -148.1920361484 Ha after   71 iterations (in       0.64 seconds).
Energy increase is detected. Turn on the linear mixing algorithm with (H[DIIS, i-1] + H[DIIS, i+1]).
Prev_Energies: (   -148.19203615,    -148.19203615)
SCF Change: DM 2.04759e-9; eev 3.96340e-6 Ha; etot 3.58114e-12 Ha
Energy:    -148.1920361484 Ha after   72 iterations (in       0.65 seconds).
SCF Change: DM 2.53286e-9; eev 7.56654e-6 Ha; etot -2.27374e-13 Ha
Energy:    -148.1920361484 Ha after   73 iterations (in       0.67 seconds).
Energy increase is detected. Turn on the linear mixing algorithm with (H[DIIS, i-1] + H[DIIS, i+1]).
Prev_Energies: (   -148.19203615,    -148.19203615)
SCF Change: DM 2.00686e-9; eev 5.91284e-6 Ha; etot 3.12639e-13 Ha
Energy:    -148.1920361484 Ha after   74 iterations (in       0.68 seconds).
SCF Change: DM 2.25705e-9; eev 8.43791e-6 Ha; etot -4.40536e-12 Ha
Energy:    -148.1920361484 Ha after   75 iterations (in       0.65 seconds).
Energy increase is detected. Turn on the linear mixing algorithm with (H[DIIS, i-1] + H[DIIS, i+1]).
Prev_Energies: (   -148.19203615,    -148.19203615)
SCF Change: DM 1.78016e-9; eev 6.43726e-6 Ha; etot 5.11591e-12 Ha
Energy:    -148.1920361484 Ha after   76 iterations (in       0.66 seconds).
SCF Change: DM 1.99803e-9; eev 8.76089e-6 Ha; etot -3.38218e-12 Ha
Energy:    -148.1920361484 Ha after   77 iterations (in       0.66 seconds).
SCF Change: DM 1.74803e-10; eev 1.47229e-6 Ha; etot -5.40012e-13 Ha
Energy:    -148.1920361484 Ha after   78 iterations (in       0.66 seconds).
Energy increase is detected. Turn on the linear mixing algorithm with (H[DIIS, i-1] + H[DIIS, i+1]).
Prev_Energies: (   -148.19203615,    -148.19203615)
SCF Change: DM 1.32296e-10; eev 1.34680e-6 Ha; etot 2.27374e-13 Ha
Energy:    -148.1920361484 Ha after   79 iterations (in       0.66 seconds).
Energy increase is detected. Turn on the linear mixing algorithm with (H[DIIS, i-1] + H[DIIS, i+1]).
Prev_Energies: (   -148.19203615,    -148.19203615)
SCF Change: DM 1.82020e-10; eev 1.47319e-6 Ha; etot 6.82121e-13 Ha
Energy:    -148.1920361484 Ha after   80 iterations (in       0.64 seconds).
SCF Change: DM 2.98592e-10; eev 4.46564e-7 Ha; etot -1.16529e-12 Ha
Energy:    -148.1920361484 Ha after   81 iterations (in       0.65 seconds).
Energy increase is detected. Turn on the linear mixing algorithm with (H[DIIS, i-1] + H[DIIS, i+1]).
Prev_Energies: (   -148.19203615,    -148.19203615)
SCF Change: DM 2.31334e-10; eev 2.85981e-7 Ha; etot 2.55795e-12 Ha
Energy:    -148.1920361484 Ha after   82 iterations (in       0.66 seconds).
SCF Change: DM 3.50414e-10; eev 2.58937e-7 Ha; etot -1.81899e-12 Ha
Energy:    -148.1920361484 Ha after   83 iterations (in       0.66 seconds).
SCF Change: DM 2.80247e-11; eev 6.38893e-8 Ha; etot -1.62004e-12 Ha
Energy:    -148.1920361484 Ha after   84 iterations (in       0.66 seconds).
Energy increase is detected. Turn on the linear mixing algorithm with (H[DIIS, i-1] + H[DIIS, i+1]).
Prev_Energies: (   -148.19203615,    -148.19203615)
SCF Change: DM 1.89463e-11; eev 1.26578e-7 Ha; etot 1.27898e-12 Ha
Energy:    -148.1920361484 Ha after   85 iterations (in       0.65 seconds).
Energy increase is detected. Turn on the linear mixing algorithm with (H[DIIS, i-1] + H[DIIS, i+1]).
Prev_Energies: (   -148.19203615,    -148.19203615)
SCF Change: DM 2.67428e-11; eev 2.81035e-8 Ha; etot 5.25802e-12 Ha
Energy:    -148.1920361484 Ha after   86 iterations (in       0.67 seconds).
SCF Change: DM 6.44945e-11; eev 6.79225e-7 Ha; etot -2.98428e-12 Ha
Energy:    -148.1920361484 Ha after   87 iterations (in       0.63 seconds).
SCF Change: DM 2.47845e-11; eev 2.84602e-7 Ha; etot -1.30740e-12 Ha
Energy:    -148.1920361484 Ha after   88 iterations (in       0.66 seconds).
SCF Change: DM 2.50454e-11; eev 1.08559e-7 Ha; etot -2.27374e-13 Ha
Energy:    -148.1920361484 Ha after   89 iterations (in       0.66 seconds).
SCF Change: DM 2.70117e-11; eev 8.77827e-8 Ha; etot -6.53699e-13 Ha
Energy:    -148.1920361484 Ha after   90 iterations (in       0.67 seconds).
Energy increase is detected. Turn on the linear mixing algorithm with (H[DIIS, i-1] + H[DIIS, i+1]).
Prev_Energies: (   -148.19203615,    -148.19203615)
SCF Change: DM 2.18025e-11; eev 6.69210e-8 Ha; etot 5.85487e-12 Ha
Energy:    -148.1920361484 Ha after   91 iterations (in       0.65 seconds).
SCF Change: DM 3.05151e-11; eev 1.23658e-7 Ha; etot -8.01492e-12 Ha
Energy:    -148.1920361484 Ha after   92 iterations (in       0.64 seconds).
SCF Change: DM 1.06759e-11; eev 3.00407e-8 Ha; etot -1.39266e-12 Ha
Energy:    -148.1920361484 Ha after   93 iterations (in       0.66 seconds).
Energy increase is detected. Turn on the linear mixing algorithm with (H[DIIS, i-1] + H[DIIS, i+1]).
Prev_Energies: (   -148.19203615,    -148.19203615)
SCF Change: DM 7.28313e-12; eev 2.36103e-8 Ha; etot 1.27898e-12 Ha
Energy:    -148.1920361484 Ha after   94 iterations (in       0.66 seconds).
Energy increase is detected. Turn on the linear mixing algorithm with (H[DIIS, i-1] + H[DIIS, i+1]).
Prev_Energies: (   -148.19203615,    -148.19203615)
SCF Change: DM 8.84396e-12; eev 2.36710e-8 Ha; etot 5.68434e-13 Ha
Energy:    -148.1920361484 Ha after   95 iterations (in       0.65 seconds).
SCF Change: DM 8.82157e-12; eev 2.50190e-8 Ha; etot -1.10845e-12 Ha
Energy:    -148.1920361484 Ha after   96 iterations (in       0.62 seconds).
SCF Change: DM 2.37377e-12; eev 1.62523e-8 Ha; etot -5.68434e-13 Ha
Energy:    -148.1920361484 Ha after   97 iterations (in       0.66 seconds).
Energy increase is detected. Turn on the linear mixing algorithm with (H[DIIS, i-1] + H[DIIS, i+1]).
Prev_Energies: (   -148.19203615,    -148.19203615)
SCF Change: DM 1.82493e-12; eev 1.10403e-8 Ha; etot 4.80327e-12 Ha
Energy:    -148.1920361484 Ha after   98 iterations (in       0.66 seconds).
SCF Change: DM 3.45980e-12; eev 2.74193e-8 Ha; etot -8.81073e-13 Ha
Energy:    -148.1920361484 Ha after   99 iterations (in       0.66 seconds).
Energy increase is detected. Turn on the linear mixing algorithm with (H[DIIS, i-1] + H[DIIS, i+1]).
Prev_Energies: (   -148.19203615,    -148.19203615)
SCF Change: DM 2.74899e-12; eev 2.13086e-8 Ha; etot 8.81073e-13 Ha
Energy:    -148.1920361484 Ha after  100 iterations (in       0.66 seconds).
SCF Change: DM 4.03851e-12; eev 3.29858e-8 Ha; etot -3.38218e-12 Ha
Energy:    -148.1920361484 Ha after  101 iterations (in       0.63 seconds).
Energy increase is detected. Turn on the linear mixing algorithm with (H[DIIS, i-1] + H[DIIS, i+1]).
Prev_Energies: (   -148.19203615,    -148.19203615)
SCF Change: DM 3.13359e-12; eev 2.71310e-8 Ha; etot 3.38218e-12 Ha
Energy:    -148.1920361484 Ha after  102 iterations (in       0.66 seconds).
SCF Change: DM 4.05250e-12; eev 2.28459e-8 Ha; etot -4.37694e-12 Ha
Energy:    -148.1920361484 Ha after  103 iterations (in       0.64 seconds).
Energy increase is detected. Turn on the linear mixing algorithm with (H[DIIS, i-1] + H[DIIS, i+1]).
Prev_Energies: (   -148.19203615,    -148.19203615)
SCF Change: DM 3.10982e-12; eev 1.88325e-8 Ha; etot 5.54223e-12 Ha
Energy:    -148.1920361484 Ha after  104 iterations (in       0.64 seconds).
SCF Change: DM 3.94541e-12; eev 1.55649e-8 Ha; etot -4.29168e-12 Ha
Energy:    -148.1920361484 Ha after  105 iterations (in       0.64 seconds).
Energy increase is detected. Turn on the linear mixing algorithm with (H[DIIS, i-1] + H[DIIS, i+1]).
Prev_Energies: (   -148.19203615,    -148.19203615)
SCF Change: DM 3.10825e-12; eev 1.29292e-8 Ha; etot 1.16529e-12 Ha
Energy:    -148.1920361484 Ha after  106 iterations (in       0.68 seconds).
Energy increase is detected. Turn on the linear mixing algorithm with (H[DIIS, i-1] + H[DIIS, i+1]).
Prev_Energies: (   -148.19203615,    -148.19203615)
SCF Change: DM 3.16777e-12; eev 1.23758e-8 Ha; etot 1.62004e-12 Ha
Energy:    -148.1920361484 Ha after  107 iterations (in       0.65 seconds).
SCF Change: DM 4.24529e-13; eev 1.77178e-9 Ha; etot -2.70006e-12 Ha
Energy:    -148.1920361484 Ha after  108 iterations (in       0.64 seconds).
SCF is converged after  108 iterations.
==========================================
Now evaluate the    PT2 correlation energy
==========================================
----------------------------------------------------------------------
Methods         :       Total Corr,          OS Corr,          SS Corr
----------------------------------------------------------------------
PT2             :      -1.65271530,      -1.24538587,      -0.40732943
----------------------------------------------------------------------
Fifth-rung correlation energy :      -0.543486395533 Ha
E[XYGJOS]=:    -147.85557456 Ha, Ex[HF]:     -22.79230115 Ha, Ec[PT2  ]:      -1.65271530 Ha
Mulliken population analysis:
  0-C  :  -0.224261
  1-H  :   0.084088
  2-H  :   0.092065
  3-H  :   0.106031
  4-C  :  -0.275044
  5-H  :   0.114163
  6-C  :  -0.410081
  7-H  :   0.133180
  8-H  :   0.128767
  9-Br :   0.132808
 10-Br :   0.118283

====================================================
              REST: Mission accomplished
====================================================
The SCF energy        :    -148.1920361484 Ha
The (R)-xDH energy    :    -147.8555745568 Ha
Detailed time report:
SCF       |:   78.647 s for the scf procedure
PT2       |:    1.022 s for the PT2 evaluation
Overall   |:   80.115 s for the whole job
