=========================================================
Input parameters for the REST calculation
=========================================================
Calculation type: Single-point energy
The exchange-correlation method: xygjos
Print level:                1
The number of threads used for parallelism:      4
The spheric-GTO basis set is taken from /home/symei/def2-TZVPP-mixed
The pruning method is nwchem
The radial grid generation method is treutler
ERI Type: ri_v
Turn on the basis pair symmetry for RI 3D-tensors
The spheric-GTO auxiliary basis set is taken from /home/symei/def2-SV(P)-JKFIT
Spin polarization: Off
Charge:   0; Spin:   1
min_num_angular_points: 110
max_num_angular_points: 590
hardness: 3
Grid generation level: 3
Even tempered basis generation: false
SCF convergency thresholds: 1e-8 for density matrix
                            1e-8 Ha. for sum of eigenvalues
                            1e-8 Ha. for total energy
Max. SCF cycle number:      250
The diis mixing with (param, max_vec_len) = (0.2, 8) is employed for the SCF procedure
Turn on the diis mixing after 1 step(s) of SCF iteractions with the linear mixing
The specified checkfile exists but is not loaded because the keyword 'external_init_guess' is specified
It will be updated after the SCF procedure 
(none)
Initial guess is prepared by (sad).
It is a finite cluster calculation
the scf functional for 'xygjos' contains
The density functional 'B3LYP' belongs to the 'Hybrid GGA' family and is defined in the reference(s):
(0): P. J. Stephens, F. J. Devlin, C. F. Chabalowski, and M. J. Frisch.,  J. Phys. Chem. 98, 11623 (1994)
the post-scf functional 'xygjos' is employed, which contains
The density functional 'Slater exchange' belongs to the 'LDA' family and is defined in the reference(s):
(0): P. A. M. Dirac.,  Math. Proc. Cambridge Philos. Soc. 26, 376 (1930)
(1): F. Bloch.,  Z. Phys. 57, 545 (1929)
The density functional 'Becke 88' belongs to the 'GGA' family and is defined in the reference(s):
(0): A. D. Becke.,  Phys. Rev. A 38, 3098 (1988)
The density functional 'Vosko, Wilk & Nusair (VWN5_RPA)' belongs to the 'LDA' family and is defined in the reference(s):
(0): S. H. Vosko, L. Wilk, and M. Nusair.,  Can. J. Phys. 58, 1200 (1980)
The density functional 'Lee, Yang & Parr' belongs to the 'GGA' family and is defined in the reference(s):
(0): C. Lee, W. Yang, and R. G. Parr.,  Phys. Rev. B 37, 785 (1988)
(1): B. Miehlich, A. Savin, H. Stoll, and H. Preuss.,  Chem. Phys. Lett. 157, 200 (1989)
<start_mo> for the frozen-core post-SCF methods 37 is smaller than the number of ecp orbitals 56. Set <start_mo> = 0
Libxc version used in REST: 7.0.0
nbas: 75, natm: 5 for standard basis sets
First valence state for the frozen-core algorithm:     0
final nbas: 340,final natm: 10
numbasis: 223, num_auxbas: 1139
Molecule_name: cbr4
Restricted Hartree-Fock (or Kohn-Sham) algorithm is invoked.
Nuc_energy:      94.14653564 Hartree
No ghost effective potential
No ghost point charges
Overlap matrix is nonsigular:
  Lowest eigenvalue:       0.00320099 with the total number of basis functions:    223
Grid size: 97518
Generate SAD of C
Generate SAD of Br
Initial guess HF energy:     -98.7425858343386977
The total energy:       -98.4300673179 Ha by the initial guess
Energy:     -97.7907960574 Ha after    1 iterations (in       0.40 seconds).
SCF Change: DM 1.19822e-2; eev  6.51462e1 Ha; etot  4.58547e0 Ha
Energy:     -93.2053272273 Ha after    2 iterations (in       0.40 seconds).
SCF Change: DM 1.79812e-3; eev  1.49019e2 Ha; etot -5.30061e0 Ha
Energy:     -98.5059361508 Ha after    3 iterations (in       0.44 seconds).
SCF Change: DM 8.74165e-4; eev  3.93626e1 Ha; etot 1.49370e-2 Ha
Energy:     -98.4909991466 Ha after    4 iterations (in       0.39 seconds).
SCF Change: DM 5.30128e-4; eev  1.13201e1 Ha; etot -3.41067e-2 Ha
Energy:     -98.5251058704 Ha after    5 iterations (in       0.45 seconds).
SCF Change: DM 2.36953e-4; eev  1.32184e2 Ha; etot -2.73350e-3 Ha
Energy:     -98.5278393665 Ha after    6 iterations (in       0.44 seconds).
SCF Change: DM 1.39240e-4; eev  3.43929e2 Ha; etot -5.00700e-4 Ha
Energy:     -98.5283400662 Ha after    7 iterations (in       0.43 seconds).
SCF Change: DM 1.16892e-4; eev  2.85236e2 Ha; etot -1.48689e-4 Ha
Energy:     -98.5284887549 Ha after    8 iterations (in       0.41 seconds).
SCF Change: DM 9.55267e-5; eev  1.07681e2 Ha; etot -9.64002e-5 Ha
Energy:     -98.5285851551 Ha after    9 iterations (in       0.40 seconds).
SCF Change: DM 3.63704e-5; eev  9.85719e1 Ha; etot -5.70471e-5 Ha
Energy:     -98.5286422022 Ha after   10 iterations (in       0.49 seconds).
SCF Change: DM 5.07171e-5; eev  6.34489e1 Ha; etot -1.57398e-5 Ha
Energy:     -98.5286579420 Ha after   11 iterations (in       0.46 seconds).
SCF Change: DM 9.92181e-5; eev  3.44153e1 Ha; etot -1.96205e-5 Ha
Energy:     -98.5286775625 Ha after   12 iterations (in       0.48 seconds).
SCF Change: DM 1.63309e-5; eev  2.69659e0 Ha; etot -2.70728e-5 Ha
Energy:     -98.5287046353 Ha after   13 iterations (in       0.52 seconds).
SCF Change: DM 1.01815e-4; eev  1.28202e0 Ha; etot -2.89024e-6 Ha
Energy:     -98.5287075256 Ha after   14 iterations (in       0.45 seconds).
SCF Change: DM 2.20511e-5; eev  1.13844e0 Ha; etot -1.10500e-5 Ha
Energy:     -98.5287185756 Ha after   15 iterations (in       0.42 seconds).
SCF Change: DM 6.74517e-6; eev 7.03291e-1 Ha; etot -4.75672e-7 Ha
Energy:     -98.5287190512 Ha after   16 iterations (in       0.43 seconds).
SCF Change: DM 4.53026e-6; eev 1.32018e-1 Ha; etot -8.49613e-8 Ha
Energy:     -98.5287191362 Ha after   17 iterations (in       0.41 seconds).
SCF Change: DM 3.17633e-6; eev 9.91180e-2 Ha; etot -6.35572e-8 Ha
Energy:     -98.5287191998 Ha after   18 iterations (in       0.42 seconds).
SCF Change: DM 3.74228e-6; eev 1.06144e-1 Ha; etot -5.93292e-8 Ha
Energy:     -98.5287192591 Ha after   19 iterations (in       0.42 seconds).
SCF Change: DM 3.51117e-6; eev 3.75656e-2 Ha; etot -6.05694e-8 Ha
Energy:     -98.5287193197 Ha after   20 iterations (in       0.46 seconds).
SCF Change: DM 3.74264e-6; eev 4.82909e-2 Ha; etot -5.16064e-8 Ha
Energy:     -98.5287193713 Ha after   21 iterations (in       0.51 seconds).
SCF Change: DM 3.66601e-6; eev 4.90343e-2 Ha; etot -4.39888e-8 Ha
Energy:     -98.5287194153 Ha after   22 iterations (in       0.46 seconds).
SCF Change: DM 3.96749e-6; eev 6.60910e-2 Ha; etot -3.00868e-8 Ha
Energy:     -98.5287194453 Ha after   23 iterations (in       0.47 seconds).
SCF Change: DM 1.17373e-6; eev 3.12581e-2 Ha; etot -2.39676e-8 Ha
Energy:     -98.5287194693 Ha after   24 iterations (in       0.51 seconds).
SCF Change: DM 1.93907e-6; eev 2.03728e-2 Ha; etot -4.77310e-9 Ha
Energy:     -98.5287194741 Ha after   25 iterations (in       0.44 seconds).
SCF Change: DM 6.62482e-7; eev 1.28143e-2 Ha; etot -5.32741e-9 Ha
Energy:     -98.5287194794 Ha after   26 iterations (in       0.46 seconds).
SCF Change: DM 4.26691e-7; eev 1.13748e-2 Ha; etot -1.32877e-9 Ha
Energy:     -98.5287194807 Ha after   27 iterations (in       0.42 seconds).
SCF Change: DM 3.84985e-7; eev 3.06426e-3 Ha; etot -7.38154e-10 Ha
Energy:     -98.5287194815 Ha after   28 iterations (in       0.41 seconds).
SCF Change: DM 3.61448e-7; eev 7.68461e-3 Ha; etot -5.69869e-10 Ha
Energy:     -98.5287194820 Ha after   29 iterations (in       0.44 seconds).
SCF Change: DM 2.83623e-7; eev 3.81167e-3 Ha; etot -3.75294e-10 Ha
Energy:     -98.5287194824 Ha after   30 iterations (in       0.41 seconds).
SCF Change: DM 2.18716e-7; eev 3.16141e-3 Ha; etot -2.53877e-10 Ha
Energy:     -98.5287194827 Ha after   31 iterations (in       0.42 seconds).
SCF Change: DM 1.44989e-7; eev 2.39595e-3 Ha; etot -1.22327e-10 Ha
Energy:     -98.5287194828 Ha after   32 iterations (in       0.40 seconds).
SCF Change: DM 1.51251e-7; eev 4.93995e-3 Ha; etot -7.41096e-11 Ha
Energy:     -98.5287194829 Ha after   33 iterations (in       0.46 seconds).
SCF Change: DM 7.77225e-8; eev 2.99966e-3 Ha; etot -5.11164e-11 Ha
Energy:     -98.5287194829 Ha after   34 iterations (in       0.42 seconds).
SCF Change: DM 8.48405e-8; eev 1.46702e-3 Ha; etot -3.10223e-11 Ha
Energy:     -98.5287194830 Ha after   35 iterations (in       0.42 seconds).
SCF Change: DM 4.38420e-8; eev 9.39467e-4 Ha; etot -2.28937e-11 Ha
Energy:     -98.5287194830 Ha after   36 iterations (in       0.45 seconds).
SCF Change: DM 7.47071e-8; eev 1.94729e-3 Ha; etot -1.30598e-11 Ha
Energy:     -98.5287194830 Ha after   37 iterations (in       0.42 seconds).
SCF Change: DM 5.26406e-8; eev 3.00028e-4 Ha; etot -1.37845e-11 Ha
Energy:     -98.5287194830 Ha after   38 iterations (in       0.41 seconds).
SCF Change: DM 2.37334e-8; eev 2.08643e-4 Ha; etot -7.10543e-12 Ha
Energy:     -98.5287194830 Ha after   39 iterations (in       0.41 seconds).
SCF Change: DM 2.13724e-8; eev 1.05685e-4 Ha; etot -2.62901e-12 Ha
Energy:     -98.5287194830 Ha after   40 iterations (in       0.41 seconds).
Energy increase is detected. Turn on the linear mixing algorithm with (H[DIIS, i-1] + H[DIIS, i+1]).
Prev_Energies: (    -98.52871948,     -98.52871948)
SCF Change: DM 1.52923e-8; eev 8.55547e-5 Ha; etot 5.11591e-13 Ha
Energy:     -98.5287194830 Ha after   41 iterations (in       0.40 seconds).
Energy increase is detected. Turn on the linear mixing algorithm with (H[DIIS, i-1] + H[DIIS, i+1]).
Prev_Energies: (    -98.52871948,     -98.52871948)
SCF Change: DM 2.13188e-8; eev 7.34966e-5 Ha; etot 1.98952e-13 Ha
Energy:     -98.5287194830 Ha after   42 iterations (in       0.41 seconds).
SCF Change: DM 7.86500e-8; eev 7.31209e-4 Ha; etot -3.83693e-12 Ha
Energy:     -98.5287194830 Ha after   43 iterations (in       0.46 seconds).
SCF Change: DM 2.45801e-8; eev 2.61586e-4 Ha; etot -5.59908e-12 Ha
Energy:     -98.5287194830 Ha after   44 iterations (in       0.43 seconds).
Energy increase is detected. Turn on the linear mixing algorithm with (H[DIIS, i-1] + H[DIIS, i+1]).
Prev_Energies: (    -98.52871948,     -98.52871948)
SCF Change: DM 1.84265e-8; eev 2.24005e-4 Ha; etot 1.93268e-12 Ha
Energy:     -98.5287194830 Ha after   45 iterations (in       0.42 seconds).
Energy increase is detected. Turn on the linear mixing algorithm with (H[DIIS, i-1] + H[DIIS, i+1]).
Prev_Energies: (    -98.52871948,     -98.52871948)
SCF Change: DM 2.08297e-8; eev 2.03801e-4 Ha; etot 1.27898e-13 Ha
Energy:     -98.5287194830 Ha after   46 iterations (in       0.39 seconds).
SCF Change: DM 1.29442e-8; eev 1.04941e-4 Ha; etot -1.27898e-12 Ha
Energy:     -98.5287194830 Ha after   47 iterations (in       0.41 seconds).
SCF Change: DM 7.17509e-9; eev 4.82007e-5 Ha; etot -3.92220e-12 Ha
Energy:     -98.5287194830 Ha after   48 iterations (in       0.41 seconds).
SCF Change: DM 3.05897e-9; eev 5.88232e-5 Ha; etot -3.41061e-13 Ha
Energy:     -98.5287194830 Ha after   49 iterations (in       0.43 seconds).
Energy increase is detected. Turn on the linear mixing algorithm with (H[DIIS, i-1] + H[DIIS, i+1]).
Prev_Energies: (    -98.52871948,     -98.52871948)
SCF Change: DM 1.85392e-9; eev 3.51999e-5 Ha; etot 1.97531e-12 Ha
Energy:     -98.5287194830 Ha after   50 iterations (in       0.43 seconds).
Energy increase is detected. Turn on the linear mixing algorithm with (H[DIIS, i-1] + H[DIIS, i+1]).
Prev_Energies: (    -98.52871948,     -98.52871948)
SCF Change: DM 2.86298e-9; eev 5.18418e-5 Ha; etot 7.53175e-13 Ha
Energy:     -98.5287194830 Ha after   51 iterations (in       0.41 seconds).
SCF Change: DM 6.55043e-9; eev 1.28764e-4 Ha; etot -1.80478e-12 Ha
Energy:     -98.5287194830 Ha after   52 iterations (in       0.41 seconds).
SCF Change: DM 1.94170e-9; eev 1.95451e-5 Ha; etot -4.26326e-13 Ha
Energy:     -98.5287194830 Ha after   53 iterations (in       0.44 seconds).
Energy increase is detected. Turn on the linear mixing algorithm with (H[DIIS, i-1] + H[DIIS, i+1]).
Prev_Energies: (    -98.52871948,     -98.52871948)
SCF Change: DM 1.46636e-9; eev 1.22824e-5 Ha; etot 4.80327e-12 Ha
Energy:     -98.5287194830 Ha after   54 iterations (in       0.42 seconds).
SCF Change: DM 2.88111e-9; eev 2.83767e-5 Ha; etot -2.51532e-12 Ha
Energy:     -98.5287194830 Ha after   55 iterations (in       0.47 seconds).
Energy increase is detected. Turn on the linear mixing algorithm with (H[DIIS, i-1] + H[DIIS, i+1]).
Prev_Energies: (    -98.52871948,     -98.52871948)
SCF Change: DM 2.24624e-9; eev 2.32830e-5 Ha; etot 1.97531e-12 Ha
Energy:     -98.5287194830 Ha after   56 iterations (in       0.44 seconds).
SCF Change: DM 3.04580e-9; eev 1.82576e-5 Ha; etot -2.87059e-12 Ha
Energy:     -98.5287194830 Ha after   57 iterations (in       0.40 seconds).
Energy increase is detected. Turn on the linear mixing algorithm with (H[DIIS, i-1] + H[DIIS, i+1]).
Prev_Energies: (    -98.52871948,     -98.52871948)
SCF Change: DM 2.38050e-9; eev 1.51915e-5 Ha; etot 1.15108e-12 Ha
Energy:     -98.5287194830 Ha after   58 iterations (in       0.41 seconds).
SCF Change: DM 2.96203e-9; eev 7.95404e-6 Ha; etot -1.44951e-12 Ha
Energy:     -98.5287194830 Ha after   59 iterations (in       0.41 seconds).
Energy increase is detected. Turn on the linear mixing algorithm with (H[DIIS, i-1] + H[DIIS, i+1]).
Prev_Energies: (    -98.52871948,     -98.52871948)
SCF Change: DM 2.36674e-9; eev 6.48301e-6 Ha; etot 1.73372e-12 Ha
Energy:     -98.5287194830 Ha after   60 iterations (in       0.44 seconds).
Energy increase is detected. Turn on the linear mixing algorithm with (H[DIIS, i-1] + H[DIIS, i+1]).
Prev_Energies: (    -98.52871948,     -98.52871948)
SCF Change: DM 2.37670e-9; eev 6.35354e-6 Ha; etot 9.94760e-14 Ha
Energy:     -98.5287194830 Ha after   61 iterations (in       0.41 seconds).
SCF Change: DM 9.38621e-11; eev 3.58390e-7 Ha; etot -3.97904e-13 Ha
Energy:     -98.5287194830 Ha after   62 iterations (in       0.41 seconds).
Energy increase is detected. Turn on the linear mixing algorithm with (H[DIIS, i-1] + H[DIIS, i+1]).
Prev_Energies: (    -98.52871948,     -98.52871948)
SCF Change: DM 5.75494e-11; eev 1.53937e-7 Ha; etot 1.42109e-14 Ha
Energy:     -98.5287194830 Ha after   63 iterations (in       0.43 seconds).
SCF Change: DM 2.32373e-10; eev 1.03277e-6 Ha; etot -1.80478e-12 Ha
Energy:     -98.5287194830 Ha after   64 iterations (in       0.43 seconds).
Energy increase is detected. Turn on the linear mixing algorithm with (H[DIIS, i-1] + H[DIIS, i+1]).
Prev_Energies: (    -98.52871948,     -98.52871948)
SCF Change: DM 1.79110e-10; eev 8.70140e-7 Ha; etot 9.23706e-13 Ha
Energy:     -98.5287194830 Ha after   65 iterations (in       0.41 seconds).
Energy increase is detected. Turn on the linear mixing algorithm with (H[DIIS, i-1] + H[DIIS, i+1]).
Prev_Energies: (    -98.52871948,     -98.52871948)
SCF Change: DM 2.00783e-10; eev 8.34311e-7 Ha; etot 7.24754e-13 Ha
Energy:     -98.5287194830 Ha after   66 iterations (in       0.42 seconds).
SCF Change: DM 1.16024e-10; eev 4.39847e-7 Ha; etot -1.40687e-12 Ha
Energy:     -98.5287194830 Ha after   67 iterations (in       0.38 seconds).
Energy increase is detected. Turn on the linear mixing algorithm with (H[DIIS, i-1] + H[DIIS, i+1]).
Prev_Energies: (    -98.52871948,     -98.52871948)
SCF Change: DM 8.28946e-11; eev 3.18510e-7 Ha; etot 1.42109e-13 Ha
Energy:     -98.5287194830 Ha after   68 iterations (in       0.43 seconds).
Energy increase is detected. Turn on the linear mixing algorithm with (H[DIIS, i-1] + H[DIIS, i+1]).
Prev_Energies: (    -98.52871948,     -98.52871948)
SCF Change: DM 9.45199e-11; eev 3.60892e-7 Ha; etot 2.48690e-12 Ha
Energy:     -98.5287194830 Ha after   69 iterations (in       0.45 seconds).
SCF Change: DM 6.10630e-11; eev 2.99226e-7 Ha; etot -2.74269e-12 Ha
Energy:     -98.5287194830 Ha after   70 iterations (in       0.41 seconds).
Energy increase is detected. Turn on the linear mixing algorithm with (H[DIIS, i-1] + H[DIIS, i+1]).
Prev_Energies: (    -98.52871948,     -98.52871948)
SCF Change: DM 4.86291e-11; eev 2.20707e-7 Ha; etot 2.40163e-12 Ha
Energy:     -98.5287194830 Ha after   71 iterations (in       0.41 seconds).
SCF Change: DM 5.26145e-11; eev 3.39928e-7 Ha; etot -1.52056e-12 Ha
Energy:     -98.5287194830 Ha after   72 iterations (in       0.42 seconds).
Energy increase is detected. Turn on the linear mixing algorithm with (H[DIIS, i-1] + H[DIIS, i+1]).
Prev_Energies: (    -98.52871948,     -98.52871948)
SCF Change: DM 4.23333e-11; eev 2.73123e-7 Ha; etot 5.68434e-14 Ha
Energy:     -98.5287194830 Ha after   73 iterations (in       0.46 seconds).
Energy increase is detected. Turn on the linear mixing algorithm with (H[DIIS, i-1] + H[DIIS, i+1]).
Prev_Energies: (    -98.52871948,     -98.52871948)
SCF Change: DM 4.23897e-11; eev 2.73547e-7 Ha; etot 1.10845e-12 Ha
Energy:     -98.5287194830 Ha after   74 iterations (in       0.41 seconds).
SCF Change: DM 2.60671e-12; eev 3.22996e-8 Ha; etot -2.84217e-12 Ha
Energy:     -98.5287194830 Ha after   75 iterations (in       0.41 seconds).
Energy increase is detected. Turn on the linear mixing algorithm with (H[DIIS, i-1] + H[DIIS, i+1]).
Prev_Energies: (    -98.52871948,     -98.52871948)
SCF Change: DM 2.05766e-12; eev 2.26199e-8 Ha; etot 2.01794e-12 Ha
Energy:     -98.5287194830 Ha after   76 iterations (in       0.40 seconds).
SCF Change: DM 2.99750e-12; eev 2.97675e-8 Ha; etot -1.56319e-13 Ha
Energy:     -98.5287194830 Ha after   77 iterations (in       0.44 seconds).
SCF Change: DM 3.48288e-13; eev 8.47027e-9 Ha; etot -1.00897e-12 Ha
Energy:     -98.5287194830 Ha after   78 iterations (in       0.43 seconds).
SCF is converged after   78 iterations.
==========================================
Now evaluate the    PT2 correlation energy
==========================================
----------------------------------------------------------------------
Methods         :       Total Corr,          OS Corr,          SS Corr
----------------------------------------------------------------------
PT2             :      -1.99861437,      -1.45658405,      -0.54203032
----------------------------------------------------------------------
Fifth-rung correlation energy :      -0.635653278696 Ha
E[XYGJOS]=:     -98.39948540 Ha, Ex[HF]:     -15.30514488 Ha, Ec[PT2  ]:      -1.99861437 Ha
Mulliken population analysis:
  0-C  :  -1.023886
  1-Br :   0.255706
  2-Br :   0.256265
  3-Br :   0.256259
  4-Br :   0.255657

====================================================
              REST: Mission accomplished
====================================================
The SCF energy        :     -98.5287194830 Ha
The (R)-xDH energy    :     -98.3994854008 Ha
Detailed time report:
Overall   |:   40.227 s for the whole job
SCF       |:   39.085 s for the scf procedure
PT2       |:    0.690 s for the PT2 evaluation
