=========================================================
Input parameters for the REST calculation
=========================================================
Calculation type: Single-point energy
The exchange-correlation method: xygjos
Print level:                1
The number of threads used for parallelism:      4
The spheric-GTO basis set is taken from /home/symei/def2-TZVPP-mixed
The pruning method is nwchem
The radial grid generation method is treutler
ERI Type: ri_v
Turn on the basis pair symmetry for RI 3D-tensors
The spheric-GTO auxiliary basis set is taken from /home/symei/def2-SV(P)-JKFIT
Spin polarization: Off
Charge:   0; Spin:   1
min_num_angular_points: 110
max_num_angular_points: 590
hardness: 3
Grid generation level: 3
Even tempered basis generation: false
SCF convergency thresholds: 1e-8 for density matrix
                            1e-8 Ha. for sum of eigenvalues
                            1e-8 Ha. for total energy
Max. SCF cycle number:      250
The diis mixing with (param, max_vec_len) = (0.2, 8) is employed for the SCF procedure
Turn on the diis mixing after 1 step(s) of SCF iteractions with the linear mixing
The specified checkfile exists but is not loaded because the keyword 'external_init_guess' is specified
It will be updated after the SCF procedure 
(none)
Initial guess is prepared by (sad).
It is a finite cluster calculation
the scf functional for 'xygjos' contains
The density functional 'B3LYP' belongs to the 'Hybrid GGA' family and is defined in the reference(s):
(0): P. J. Stephens, F. J. Devlin, C. F. Chabalowski, and M. J. Frisch.,  J. Phys. Chem. 98, 11623 (1994)
the post-scf functional 'xygjos' is employed, which contains
The density functional 'Slater exchange' belongs to the 'LDA' family and is defined in the reference(s):
(0): P. A. M. Dirac.,  Math. Proc. Cambridge Philos. Soc. 26, 376 (1930)
(1): F. Bloch.,  Z. Phys. 57, 545 (1929)
The density functional 'Becke 88' belongs to the 'GGA' family and is defined in the reference(s):
(0): A. D. Becke.,  Phys. Rev. A 38, 3098 (1988)
The density functional 'Vosko, Wilk & Nusair (VWN5_RPA)' belongs to the 'LDA' family and is defined in the reference(s):
(0): S. H. Vosko, L. Wilk, and M. Nusair.,  Can. J. Phys. 58, 1200 (1980)
The density functional 'Lee, Yang & Parr' belongs to the 'GGA' family and is defined in the reference(s):
(0): C. Lee, W. Yang, and R. G. Parr.,  Phys. Rev. B 37, 785 (1988)
(1): B. Miehlich, A. Savin, H. Stoll, and H. Preuss.,  Chem. Phys. Lett. 157, 200 (1989)
<start_mo> for the frozen-core post-SCF methods 12 is smaller than the number of ecp orbitals 14. Set <start_mo> = 0
Libxc version used in REST: 7.0.0
nbas: 91, natm: 11 for standard basis sets
First valence state for the frozen-core algorithm:     0
final nbas: 268,final natm: 22
numbasis: 239, num_auxbas: 617
Molecule_name: cccbr1
Restricted Hartree-Fock (or Kohn-Sham) algorithm is invoked.
Nuc_energy:     107.88470623 Hartree
No ghost effective potential
No ghost point charges
Overlap matrix is nonsigular:
  Lowest eigenvalue:       0.00026850 with the total number of basis functions:    239
Grid size: 132778
Generate SAD of C
Generate SAD of H
Generate SAD of Br
Initial guess HF energy:    -134.1173402242858401
The total energy:      -133.2984672663 Ha by the initial guess
Energy:    -124.2752927437 Ha after    1 iterations (in       0.51 seconds).
SCF Change: DM 6.10149e-2; eev  8.95892e1 Ha; etot  1.88860e1 Ha
Energy:    -105.3892732472 Ha after    2 iterations (in       0.51 seconds).
SCF Change: DM 6.03046e-2; eev  8.65161e1 Ha; etot -2.49857e1 Ha
Energy:    -130.3749373425 Ha after    3 iterations (in       0.44 seconds).
SCF Change: DM 1.56651e-3; eev  1.49126e0 Ha; etot  5.58315e1 Ha
Energy:     -74.5434322717 Ha after    4 iterations (in       0.46 seconds).
SCF Change: DM 4.85797e-4; eev 2.21391e-1 Ha; etot -3.21913e0 Ha
Energy:     -77.7625643468 Ha after    5 iterations (in       0.48 seconds).
SCF Change: DM 1.54063e-3; eev  1.08898e0 Ha; etot 9.09768e-1 Ha
Energy:     -76.8527964991 Ha after    6 iterations (in       0.53 seconds).
SCF Change: DM 8.93896e-4; eev 4.26278e-1 Ha; etot -3.12368e0 Ha
Energy:     -79.9764798961 Ha after    7 iterations (in       0.55 seconds).
SCF Change: DM 1.57068e-4; eev 1.32298e-1 Ha; etot  1.12485e0 Ha
Energy:     -78.8516279273 Ha after    8 iterations (in       0.46 seconds).
SCF Change: DM 9.27823e-4; eev  1.95995e0 Ha; etot 2.21859e-1 Ha
Energy:     -78.6297692761 Ha after    9 iterations (in       0.40 seconds).
SCF Change: DM 3.30100e-2; eev  7.89646e1 Ha; etot 9.11315e-1 Ha
Energy:     -77.7184539954 Ha after   10 iterations (in       0.42 seconds).
SCF Change: DM 4.94508e-1; eev  3.53032e2 Ha; etot -3.58210e1 Ha
Energy:    -113.5394349954 Ha after   11 iterations (in       0.47 seconds).
SCF Change: DM 4.35147e-1; eev  7.16945e1 Ha; etot  1.86812e0 Ha
Energy:    -111.6713197267 Ha after   12 iterations (in       0.51 seconds).
SCF Change: DM 1.80466e-1; eev  1.20650e2 Ha; etot -1.41415e1 Ha
Energy:    -125.8128392569 Ha after   13 iterations (in       0.45 seconds).
SCF Change: DM 7.22516e-3; eev  3.79897e1 Ha; etot -7.19405e0 Ha
Energy:    -133.0068859278 Ha after   14 iterations (in       0.42 seconds).
SCF Change: DM 3.36135e-3; eev  4.33645e1 Ha; etot -5.17400e-1 Ha
Energy:    -133.5242861010 Ha after   15 iterations (in       0.46 seconds).
SCF Change: DM 1.84212e-3; eev  8.10882e1 Ha; etot -1.34329e-1 Ha
Energy:    -133.6586152858 Ha after   16 iterations (in       0.53 seconds).
SCF Change: DM 5.00867e-4; eev  1.40236e2 Ha; etot -3.14051e-2 Ha
Energy:    -133.6900204234 Ha after   17 iterations (in       0.48 seconds).
SCF Change: DM 1.95761e-4; eev  3.25551e1 Ha; etot -3.14347e-3 Ha
Energy:    -133.6931638958 Ha after   18 iterations (in       0.43 seconds).
SCF Change: DM 1.20509e-4; eev  4.78454e1 Ha; etot -5.55154e-4 Ha
Energy:    -133.6937190501 Ha after   19 iterations (in       0.44 seconds).
SCF Change: DM 7.01642e-5; eev  4.16278e0 Ha; etot -1.42378e-4 Ha
Energy:    -133.6938614282 Ha after   20 iterations (in       0.43 seconds).
SCF Change: DM 2.95226e-5; eev 8.42115e-1 Ha; etot -4.80803e-5 Ha
Energy:    -133.6939095086 Ha after   21 iterations (in       0.43 seconds).
SCF Change: DM 3.27944e-5; eev  2.90747e0 Ha; etot -1.27801e-5 Ha
Energy:    -133.6939222886 Ha after   22 iterations (in       0.52 seconds).
SCF Change: DM 3.09828e-5; eev  1.42682e0 Ha; etot -9.20121e-6 Ha
Energy:    -133.6939314898 Ha after   23 iterations (in       0.45 seconds).
SCF Change: DM 3.73110e-5; eev  1.67346e0 Ha; etot -6.55493e-6 Ha
Energy:    -133.6939380448 Ha after   24 iterations (in       0.52 seconds).
SCF Change: DM 1.09659e-5; eev 4.73060e-1 Ha; etot -5.31222e-6 Ha
Energy:    -133.6939433570 Ha after   25 iterations (in       0.50 seconds).
SCF Change: DM 1.92378e-5; eev 4.81945e-1 Ha; etot -1.25786e-6 Ha
Energy:    -133.6939446148 Ha after   26 iterations (in       0.44 seconds).
SCF Change: DM 4.36661e-5; eev  1.14240e0 Ha; etot -2.01181e-6 Ha
Energy:    -133.6939466266 Ha after   27 iterations (in       0.42 seconds).
SCF Change: DM 3.22912e-5; eev 4.89935e-1 Ha; etot -3.10752e-6 Ha
Energy:    -133.6939497342 Ha after   28 iterations (in       0.42 seconds).
SCF Change: DM 1.06880e-5; eev 4.06200e-1 Ha; etot -8.68540e-7 Ha
Energy:    -133.6939506027 Ha after   29 iterations (in       0.44 seconds).
Energy increase is detected. Turn on the linear mixing algorithm with (H[DIIS, i-1] + H[DIIS, i+1]).
Prev_Energies: (   -133.69395060,    -133.69395060)
SCF Change: DM 9.71865e-6; eev 3.48973e-1 Ha; etot 3.52713e-10 Ha
Energy:    -133.6939506024 Ha after   30 iterations (in       0.48 seconds).
SCF Change: DM 3.14098e-6; eev 1.99350e-1 Ha; etot -1.61303e-8 Ha
Energy:    -133.6939506185 Ha after   31 iterations (in       0.46 seconds).
SCF Change: DM 6.99567e-7; eev 7.08018e-3 Ha; etot -3.77680e-8 Ha
Energy:    -133.6939506563 Ha after   32 iterations (in       0.45 seconds).
SCF Change: DM 3.79183e-6; eev 9.98391e-2 Ha; etot -2.04236e-9 Ha
Energy:    -133.6939506583 Ha after   33 iterations (in       0.56 seconds).
SCF Change: DM 1.32950e-6; eev 1.15110e-2 Ha; etot -7.96925e-9 Ha
Energy:    -133.6939506663 Ha after   34 iterations (in       0.49 seconds).
SCF Change: DM 3.13817e-7; eev 7.55838e-3 Ha; etot -1.53261e-9 Ha
Energy:    -133.6939506678 Ha after   35 iterations (in       0.49 seconds).
SCF Change: DM 1.02629e-7; eev 3.94507e-3 Ha; etot -1.50550e-10 Ha
Energy:    -133.6939506679 Ha after   36 iterations (in       0.49 seconds).
Energy increase is detected. Turn on the linear mixing algorithm with (H[DIIS, i-1] + H[DIIS, i+1]).
Prev_Energies: (   -133.69395067,    -133.69395067)
SCF Change: DM 1.11983e-7; eev 4.40679e-3 Ha; etot 7.95808e-12 Ha
Energy:    -133.6939506679 Ha after   37 iterations (in       0.44 seconds).
SCF Change: DM 5.24847e-8; eev 1.85984e-3 Ha; etot -1.94973e-11 Ha
Energy:    -133.6939506680 Ha after   38 iterations (in       0.42 seconds).
SCF Change: DM 5.08596e-9; eev 1.00249e-5 Ha; etot -1.26477e-11 Ha
Energy:    -133.6939506680 Ha after   39 iterations (in       0.42 seconds).
SCF Change: DM 9.06624e-9; eev 1.82623e-4 Ha; etot -1.22213e-12 Ha
Energy:    -133.6939506680 Ha after   40 iterations (in       0.51 seconds).
Energy increase is detected. Turn on the linear mixing algorithm with (H[DIIS, i-1] + H[DIIS, i+1]).
Prev_Energies: (   -133.69395067,    -133.69395067)
SCF Change: DM 6.57741e-9; eev 1.14138e-4 Ha; etot 4.83169e-13 Ha
Energy:    -133.6939506680 Ha after   41 iterations (in       0.55 seconds).
SCF Change: DM 1.32124e-8; eev 2.77033e-4 Ha; etot -1.33582e-12 Ha
Energy:    -133.6939506680 Ha after   42 iterations (in       0.51 seconds).
SCF Change: DM 2.49292e-9; eev 2.08925e-5 Ha; etot -2.84217e-13 Ha
Energy:    -133.6939506680 Ha after   43 iterations (in       0.46 seconds).
Energy increase is detected. Turn on the linear mixing algorithm with (H[DIIS, i-1] + H[DIIS, i+1]).
Prev_Energies: (   -133.69395067,    -133.69395067)
SCF Change: DM 8.92359e-10; eev 2.00736e-6 Ha; etot 1.76215e-12 Ha
Energy:    -133.6939506680 Ha after   44 iterations (in       0.47 seconds).
SCF Change: DM 2.01085e-8; eev 1.06789e-4 Ha; etot -9.66338e-13 Ha
Energy:    -133.6939506680 Ha after   45 iterations (in       0.52 seconds).
SCF Change: DM 1.47815e-8; eev 1.44985e-5 Ha; etot -2.41585e-12 Ha
Energy:    -133.6939506680 Ha after   46 iterations (in       0.49 seconds).
Energy increase is detected. Turn on the linear mixing algorithm with (H[DIIS, i-1] + H[DIIS, i+1]).
Prev_Energies: (   -133.69395067,    -133.69395067)
SCF Change: DM 9.61895e-9; eev 1.16632e-5 Ha; etot 3.15481e-12 Ha
Energy:    -133.6939506680 Ha after   47 iterations (in       0.47 seconds).
SCF Change: DM 2.73439e-8; eev 2.63864e-5 Ha; etot -6.82121e-13 Ha
Energy:    -133.6939506680 Ha after   48 iterations (in       0.48 seconds).
SCF Change: DM 2.01875e-9; eev 2.52138e-5 Ha; etot -4.94538e-12 Ha
Energy:    -133.6939506680 Ha after   49 iterations (in       0.49 seconds).
Energy increase is detected. Turn on the linear mixing algorithm with (H[DIIS, i-1] + H[DIIS, i+1]).
Prev_Energies: (   -133.69395067,    -133.69395067)
SCF Change: DM 1.60188e-9; eev 1.88627e-5 Ha; etot 4.34852e-12 Ha
Energy:    -133.6939506680 Ha after   50 iterations (in       0.44 seconds).
SCF Change: DM 1.76709e-9; eev 2.37738e-5 Ha; etot -1.44951e-12 Ha
Energy:    -133.6939506680 Ha after   51 iterations (in       0.45 seconds).
Energy increase is detected. Turn on the linear mixing algorithm with (H[DIIS, i-1] + H[DIIS, i+1]).
Prev_Energies: (   -133.69395067,    -133.69395067)
SCF Change: DM 1.40749e-9; eev 1.88197e-5 Ha; etot 3.32534e-12 Ha
Energy:    -133.6939506680 Ha after   52 iterations (in       0.45 seconds).
SCF Change: DM 1.42786e-9; eev 2.07436e-5 Ha; etot -2.24532e-12 Ha
Energy:    -133.6939506680 Ha after   53 iterations (in       0.44 seconds).
Energy increase is detected. Turn on the linear mixing algorithm with (H[DIIS, i-1] + H[DIIS, i+1]).
Prev_Energies: (   -133.69395067,    -133.69395067)
SCF Change: DM 1.14015e-9; eev 1.63381e-5 Ha; etot 1.10845e-12 Ha
Energy:    -133.6939506680 Ha after   54 iterations (in       0.47 seconds).
SCF Change: DM 1.15721e-9; eev 1.77430e-5 Ha; etot -8.81073e-13 Ha
Energy:    -133.6939506680 Ha after   55 iterations (in       0.45 seconds).
Energy increase is detected. Turn on the linear mixing algorithm with (H[DIIS, i-1] + H[DIIS, i+1]).
Prev_Energies: (   -133.69395067,    -133.69395067)
SCF Change: DM 9.28651e-10; eev 1.41750e-5 Ha; etot 4.83169e-13 Ha
Energy:    -133.6939506680 Ha after   56 iterations (in       0.46 seconds).
SCF Change: DM 9.14276e-10; eev 1.42184e-5 Ha; etot -2.01794e-12 Ha
Energy:    -133.6939506680 Ha after   57 iterations (in       0.42 seconds).
Energy increase is detected. Turn on the linear mixing algorithm with (H[DIIS, i-1] + H[DIIS, i+1]).
Prev_Energies: (   -133.69395067,    -133.69395067)
SCF Change: DM 7.30819e-10; eev 1.13795e-5 Ha; etot 3.69482e-12 Ha
Energy:    -133.6939506680 Ha after   58 iterations (in       0.44 seconds).
SCF Change: DM 7.47317e-10; eev 1.12951e-5 Ha; etot -5.25802e-12 Ha
Energy:    -133.6939506680 Ha after   59 iterations (in       0.40 seconds).
Energy increase is detected. Turn on the linear mixing algorithm with (H[DIIS, i-1] + H[DIIS, i+1]).
Prev_Energies: (   -133.69395067,    -133.69395067)
SCF Change: DM 5.95576e-10; eev 9.03643e-6 Ha; etot 2.72848e-12 Ha
Energy:    -133.6939506680 Ha after   60 iterations (in       0.43 seconds).
Energy increase is detected. Turn on the linear mixing algorithm with (H[DIIS, i-1] + H[DIIS, i+1]).
Prev_Energies: (   -133.69395067,    -133.69395067)
SCF Change: DM 5.98667e-10; eev 9.03955e-6 Ha; etot 1.53477e-12 Ha
Energy:    -133.6939506680 Ha after   61 iterations (in       0.43 seconds).
SCF Change: DM 1.54921e-11; eev 2.31448e-8 Ha; etot -2.44427e-12 Ha
Energy:    -133.6939506680 Ha after   62 iterations (in       0.47 seconds).
Energy increase is detected. Turn on the linear mixing algorithm with (H[DIIS, i-1] + H[DIIS, i+1]).
Prev_Energies: (   -133.69395067,    -133.69395067)
SCF Change: DM 1.23256e-11; eev 1.65737e-8 Ha; etot 5.20117e-12 Ha
Energy:    -133.6939506680 Ha after   63 iterations (in       0.44 seconds).
SCF Change: DM 1.29500e-11; eev 2.61909e-8 Ha; etot -2.07478e-12 Ha
Energy:    -133.6939506680 Ha after   64 iterations (in       0.46 seconds).
SCF Change: DM 1.69552e-13; eev 9.78741e-11 Ha; etot -1.39266e-12 Ha
Energy:    -133.6939506680 Ha after   65 iterations (in       0.44 seconds).
SCF is converged after   65 iterations.
==========================================
Now evaluate the    PT2 correlation energy
==========================================
----------------------------------------------------------------------
Methods         :       Total Corr,          OS Corr,          SS Corr
----------------------------------------------------------------------
PT2             :      -1.23258585,      -0.94501083,      -0.28757502
----------------------------------------------------------------------
Fifth-rung correlation energy :      -0.412402726540 Ha
E[XYGJOS]=:    -133.35511988 Ha, Ex[HF]:     -20.59973047 Ha, Ec[PT2  ]:      -1.23258585 Ha
Mulliken population analysis:
  0-C  :  -0.257823
  1-H  :   0.080973
  2-H  :   0.080973
  3-H  :   0.091141
  4-C  :  -0.049303
  5-H  :   0.069115
  6-H  :   0.069115
  7-C  :  -0.413446
  8-H  :   0.126144
  9-H  :   0.126144
 10-Br :   0.076968

====================================================
              REST: Mission accomplished
====================================================
The SCF energy        :    -133.6939506680 Ha
The (R)-xDH energy    :    -133.3551198843 Ha
Detailed time report:
SCF       |:   36.634 s for the scf procedure
Overall   |:   37.763 s for the whole job
PT2       |:    0.690 s for the PT2 evaluation
