=========================================================
Input parameters for the REST calculation
=========================================================
Calculation type: Single-point energy
The exchange-correlation method: xygjos
Print level:                1
The number of threads used for parallelism:      4
The spheric-GTO basis set is taken from /home/symei/def2-TZVPP-mixed
The pruning method is nwchem
The radial grid generation method is treutler
ERI Type: ri_v
Turn on the basis pair symmetry for RI 3D-tensors
The spheric-GTO auxiliary basis set is taken from /home/symei/def2-SV(P)-JKFIT
Spin polarization: Off
Charge:   0; Spin:   1
min_num_angular_points: 110
max_num_angular_points: 590
hardness: 3
Grid generation level: 3
Even tempered basis generation: false
SCF convergency thresholds: 1e-8 for density matrix
                            1e-8 Ha. for sum of eigenvalues
                            1e-8 Ha. for total energy
Max. SCF cycle number:      250
The diis mixing with (param, max_vec_len) = (0.2, 8) is employed for the SCF procedure
Turn on the diis mixing after 1 step(s) of SCF iteractions with the linear mixing
The specified checkfile exists but is not loaded because the keyword 'external_init_guess' is specified
It will be updated after the SCF procedure 
(none)
Initial guess is prepared by (sad).
It is a finite cluster calculation
the scf functional for 'xygjos' contains
The density functional 'B3LYP' belongs to the 'Hybrid GGA' family and is defined in the reference(s):
(0): P. J. Stephens, F. J. Devlin, C. F. Chabalowski, and M. J. Frisch.,  J. Phys. Chem. 98, 11623 (1994)
the post-scf functional 'xygjos' is employed, which contains
The density functional 'Slater exchange' belongs to the 'LDA' family and is defined in the reference(s):
(0): P. A. M. Dirac.,  Math. Proc. Cambridge Philos. Soc. 26, 376 (1930)
(1): F. Bloch.,  Z. Phys. 57, 545 (1929)
The density functional 'Becke 88' belongs to the 'GGA' family and is defined in the reference(s):
(0): A. D. Becke.,  Phys. Rev. A 38, 3098 (1988)
The density functional 'Vosko, Wilk & Nusair (VWN5_RPA)' belongs to the 'LDA' family and is defined in the reference(s):
(0): S. H. Vosko, L. Wilk, and M. Nusair.,  Can. J. Phys. 58, 1200 (1980)
The density functional 'Lee, Yang & Parr' belongs to the 'GGA' family and is defined in the reference(s):
(0): C. Lee, W. Yang, and R. G. Parr.,  Phys. Rev. B 37, 785 (1988)
(1): B. Miehlich, A. Savin, H. Stoll, and H. Preuss.,  Chem. Phys. Lett. 157, 200 (1989)
<start_mo> for the frozen-core post-SCF methods 19 is smaller than the number of ecp orbitals 28. Set <start_mo> = 0
Libxc version used in REST: 7.0.0
nbas: 55, natm: 5 for standard basis sets
First valence state for the frozen-core algorithm:     0
final nbas: 212,final natm: 10
numbasis: 155, num_auxbas: 643
Molecule_name: ch2br2
Restricted Hartree-Fock (or Kohn-Sham) algorithm is invoked.
Nuc_energy:      42.91821290 Hartree
No ghost effective potential
No ghost point charges
Overlap matrix is nonsigular:
  Lowest eigenvalue:       0.00058115 with the total number of basis functions:    155
Grid size: 75758
Generate SAD of C
Generate SAD of H
Generate SAD of Br
Initial guess HF energy:     -69.5872932120682606
The total energy:       -69.3842086058 Ha by the initial guess
Energy:     -68.7432146425 Ha after    1 iterations (in       0.18 seconds).
SCF Change: DM 1.31611e-2; eev  5.45232e1 Ha; etot  2.60302e0 Ha
Energy:     -66.1401993975 Ha after    2 iterations (in       0.18 seconds).
SCF Change: DM 2.63641e-3; eev  7.15603e1 Ha; etot -3.36994e0 Ha
Energy:     -69.5101352507 Ha after    3 iterations (in       0.21 seconds).
SCF Change: DM 6.06252e-4; eev  2.76937e0 Ha; etot -9.83988e-3 Ha
Energy:     -69.5199751285 Ha after    4 iterations (in       0.18 seconds).
SCF Change: DM 7.29493e-4; eev  2.20347e1 Ha; etot -7.68099e-3 Ha
Energy:     -69.5276561218 Ha after    5 iterations (in       0.20 seconds).
SCF Change: DM 2.08291e-4; eev  1.38274e2 Ha; etot -2.95701e-3 Ha
Energy:     -69.5306131336 Ha after    6 iterations (in       0.20 seconds).
SCF Change: DM 1.35206e-4; eev  2.35249e2 Ha; etot -2.40891e-4 Ha
Energy:     -69.5308540246 Ha after    7 iterations (in       0.22 seconds).
SCF Change: DM 7.51405e-5; eev  1.07019e2 Ha; etot -7.83897e-5 Ha
Energy:     -69.5309324143 Ha after    8 iterations (in       0.19 seconds).
SCF Change: DM 8.92335e-5; eev  4.32726e1 Ha; etot -3.14648e-5 Ha
Energy:     -69.5309638790 Ha after    9 iterations (in       0.17 seconds).
SCF Change: DM 4.86242e-5; eev  2.09323e0 Ha; etot -2.08547e-5 Ha
Energy:     -69.5309847337 Ha after   10 iterations (in       0.16 seconds).
SCF Change: DM 1.21597e-4; eev  6.24516e0 Ha; etot -1.20141e-5 Ha
Energy:     -69.5309967478 Ha after   11 iterations (in       0.21 seconds).
SCF Change: DM 5.75917e-5; eev  1.92706e0 Ha; etot -1.83130e-5 Ha
Energy:     -69.5310150608 Ha after   12 iterations (in       0.21 seconds).
SCF Change: DM 3.41493e-5; eev  4.28443e0 Ha; etot -4.89610e-6 Ha
Energy:     -69.5310199569 Ha after   13 iterations (in       0.18 seconds).
SCF Change: DM 4.43249e-5; eev 2.54200e-1 Ha; etot -1.71453e-6 Ha
Energy:     -69.5310216714 Ha after   14 iterations (in       0.20 seconds).
SCF Change: DM 8.22820e-6; eev 3.40430e-1 Ha; etot -8.41269e-7 Ha
Energy:     -69.5310225127 Ha after   15 iterations (in       0.20 seconds).
SCF Change: DM 2.82066e-6; eev 1.13638e-1 Ha; etot -9.30787e-8 Ha
Energy:     -69.5310226058 Ha after   16 iterations (in       0.20 seconds).
SCF Change: DM 1.16558e-5; eev 1.19809e-1 Ha; etot -3.40476e-8 Ha
Energy:     -69.5310226398 Ha after   17 iterations (in       0.17 seconds).
SCF Change: DM 5.02774e-6; eev 3.65482e-2 Ha; etot -1.19687e-7 Ha
Energy:     -69.5310227595 Ha after   18 iterations (in       0.21 seconds).
SCF Change: DM 6.60931e-6; eev 5.60877e-2 Ha; etot -3.94518e-8 Ha
Energy:     -69.5310227990 Ha after   19 iterations (in       0.25 seconds).
SCF Change: DM 1.11625e-5; eev 1.72063e-2 Ha; etot -4.19018e-8 Ha
Energy:     -69.5310228409 Ha after   20 iterations (in       0.23 seconds).
SCF Change: DM 3.22137e-6; eev 4.83714e-2 Ha; etot -3.82001e-8 Ha
Energy:     -69.5310228791 Ha after   21 iterations (in       0.19 seconds).
SCF Change: DM 1.57867e-6; eev 1.04471e-2 Ha; etot -5.86915e-9 Ha
Energy:     -69.5310228849 Ha after   22 iterations (in       0.19 seconds).
SCF Change: DM 9.27544e-7; eev 1.07321e-2 Ha; etot -1.20318e-9 Ha
Energy:     -69.5310228861 Ha after   23 iterations (in       0.16 seconds).
SCF Change: DM 5.00896e-7; eev 1.66743e-3 Ha; etot -5.34015e-10 Ha
Energy:     -69.5310228867 Ha after   24 iterations (in       0.20 seconds).
SCF Change: DM 7.87002e-8; eev 1.42626e-3 Ha; etot -1.18192e-10 Ha
Energy:     -69.5310228868 Ha after   25 iterations (in       0.17 seconds).
SCF Change: DM 1.07669e-7; eev 5.30019e-4 Ha; etot -2.89901e-12 Ha
Energy:     -69.5310228868 Ha after   26 iterations (in       0.21 seconds).
SCF Change: DM 9.21542e-8; eev 2.51226e-4 Ha; etot -7.97229e-12 Ha
Energy:     -69.5310228868 Ha after   27 iterations (in       0.20 seconds).
SCF Change: DM 7.05304e-9; eev 6.81464e-5 Ha; etot -2.75691e-12 Ha
Energy:     -69.5310228868 Ha after   28 iterations (in       0.19 seconds).
SCF Change: DM 6.65377e-9; eev 8.30048e-5 Ha; etot -1.84741e-12 Ha
Energy:     -69.5310228868 Ha after   29 iterations (in       0.21 seconds).
Energy increase is detected. Turn on the linear mixing algorithm with (H[DIIS, i-1] + H[DIIS, i+1]).
Prev_Energies: (    -69.53102289,     -69.53102289)
SCF Change: DM 3.98369e-9; eev 4.34682e-5 Ha; etot 1.09424e-12 Ha
Energy:     -69.5310228868 Ha after   30 iterations (in       0.21 seconds).
Energy increase is detected. Turn on the linear mixing algorithm with (H[DIIS, i-1] + H[DIIS, i+1]).
Prev_Energies: (    -69.53102289,     -69.53102289)
SCF Change: DM 6.23238e-9; eev 9.14574e-5 Ha; etot 1.27898e-12 Ha
Energy:     -69.5310228868 Ha after   31 iterations (in       0.16 seconds).
SCF Change: DM 1.34593e-8; eev 2.68320e-4 Ha; etot -1.22213e-12 Ha
Energy:     -69.5310228868 Ha after   32 iterations (in       0.15 seconds).
SCF Change: DM 4.07195e-9; eev 2.00098e-5 Ha; etot -1.15108e-12 Ha
Energy:     -69.5310228868 Ha after   33 iterations (in       0.16 seconds).
Energy increase is detected. Turn on the linear mixing algorithm with (H[DIIS, i-1] + H[DIIS, i+1]).
Prev_Energies: (    -69.53102289,     -69.53102289)
SCF Change: DM 3.15558e-9; eev 9.30501e-6 Ha; etot 7.53175e-13 Ha
Energy:     -69.5310228868 Ha after   34 iterations (in       0.20 seconds).
Energy increase is detected. Turn on the linear mixing algorithm with (H[DIIS, i-1] + H[DIIS, i+1]).
Prev_Energies: (    -69.53102289,     -69.53102289)
SCF Change: DM 3.40458e-9; eev 1.48128e-5 Ha; etot 6.82121e-13 Ha
Energy:     -69.5310228868 Ha after   35 iterations (in       0.18 seconds).
SCF Change: DM 1.86656e-9; eev 2.90538e-5 Ha; etot -4.83169e-13 Ha
Energy:     -69.5310228868 Ha after   36 iterations (in       0.16 seconds).
SCF Change: DM 2.00248e-9; eev 4.10975e-6 Ha; etot -1.27898e-12 Ha
Energy:     -69.5310228868 Ha after   37 iterations (in       0.17 seconds).
Energy increase is detected. Turn on the linear mixing algorithm with (H[DIIS, i-1] + H[DIIS, i+1]).
Prev_Energies: (    -69.53102289,     -69.53102289)
SCF Change: DM 1.50446e-9; eev 3.69316e-6 Ha; etot 8.81073e-13 Ha
Energy:     -69.5310228868 Ha after   38 iterations (in       0.20 seconds).
SCF Change: DM 2.50254e-9; eev 1.61649e-6 Ha; etot -1.84741e-13 Ha
Energy:     -69.5310228868 Ha after   39 iterations (in       0.17 seconds).
Energy increase is detected. Turn on the linear mixing algorithm with (H[DIIS, i-1] + H[DIIS, i+1]).
Prev_Energies: (    -69.53102289,     -69.53102289)
SCF Change: DM 2.00040e-9; eev 1.56432e-6 Ha; etot 1.32161e-12 Ha
Energy:     -69.5310228868 Ha after   40 iterations (in       0.20 seconds).
SCF Change: DM 2.16152e-9; eev 1.05682e-6 Ha; etot -1.06581e-12 Ha
Energy:     -69.5310228868 Ha after   41 iterations (in       0.16 seconds).
Energy increase is detected. Turn on the linear mixing algorithm with (H[DIIS, i-1] + H[DIIS, i+1]).
Prev_Energies: (    -69.53102289,     -69.53102289)
SCF Change: DM 1.73495e-9; eev 8.74251e-7 Ha; etot 5.54223e-13 Ha
Energy:     -69.5310228868 Ha after   42 iterations (in       0.20 seconds).
SCF Change: DM 1.71573e-9; eev 1.27193e-6 Ha; etot -7.53175e-13 Ha
Energy:     -69.5310228868 Ha after   43 iterations (in       0.18 seconds).
SCF Change: DM 6.36789e-12; eev 1.22532e-8 Ha; etot -5.68434e-14 Ha
Energy:     -69.5310228868 Ha after   44 iterations (in       0.20 seconds).
Energy increase is detected. Turn on the linear mixing algorithm with (H[DIIS, i-1] + H[DIIS, i+1]).
Prev_Energies: (    -69.53102289,     -69.53102289)
SCF Change: DM 4.39753e-12; eev 7.30862e-9 Ha; etot 3.41061e-13 Ha
Energy:     -69.5310228868 Ha after   45 iterations (in       0.19 seconds).
SCF is converged after   45 iterations.
==========================================
Now evaluate the    PT2 correlation energy
==========================================
----------------------------------------------------------------------
Methods         :       Total Corr,          OS Corr,          SS Corr
----------------------------------------------------------------------
PT2             :      -1.10858120,      -0.82656475,      -0.28201645
----------------------------------------------------------------------
Fifth-rung correlation energy :      -0.360712857362 Ha
E[XYGJOS]=:     -69.40566499 Ha, Ex[HF]:     -10.97222360 Ha, Ec[PT2  ]:      -1.10858120 Ha
Mulliken population analysis:
  0-C  :  -0.652198
  1-H  :   0.177654
  2-H  :   0.177654
  3-Br :   0.148445
  4-Br :   0.148445

====================================================
              REST: Mission accomplished
====================================================
The SCF energy        :     -69.5310228868 Ha
The (R)-xDH energy    :     -69.4056649891 Ha
Detailed time report:
Overall   |:   12.227 s for the whole job
SCF       |:   11.562 s for the scf procedure
PT2       |:    0.288 s for the PT2 evaluation
