=========================================================
Input parameters for the REST calculation
=========================================================
Calculation type: Single-point energy
The exchange-correlation method: xygjos
Print level:                1
The number of threads used for parallelism:      4
The spheric-GTO basis set is taken from /home/symei/def2-TZVPP-mixed
The pruning method is nwchem
The radial grid generation method is treutler
ERI Type: ri_v
Turn on the basis pair symmetry for RI 3D-tensors
The spheric-GTO auxiliary basis set is taken from /home/symei/def2-SV(P)-JKFIT
Spin polarization: Off
Charge:   0; Spin:   1
min_num_angular_points: 110
max_num_angular_points: 590
hardness: 3
Grid generation level: 3
Even tempered basis generation: false
SCF convergency thresholds: 1e-8 for density matrix
                            1e-8 Ha. for sum of eigenvalues
                            1e-8 Ha. for total energy
Max. SCF cycle number:      250
The diis mixing with (param, max_vec_len) = (0.2, 8) is employed for the SCF procedure
Turn on the diis mixing after 1 step(s) of SCF iteractions with the linear mixing
The specified checkfile exists but is not loaded because the keyword 'external_init_guess' is specified
It will be updated after the SCF procedure 
(none)
Initial guess is prepared by (sad).
It is a finite cluster calculation
the scf functional for 'xygjos' contains
The density functional 'B3LYP' belongs to the 'Hybrid GGA' family and is defined in the reference(s):
(0): P. J. Stephens, F. J. Devlin, C. F. Chabalowski, and M. J. Frisch.,  J. Phys. Chem. 98, 11623 (1994)
the post-scf functional 'xygjos' is employed, which contains
The density functional 'Slater exchange' belongs to the 'LDA' family and is defined in the reference(s):
(0): P. A. M. Dirac.,  Math. Proc. Cambridge Philos. Soc. 26, 376 (1930)
(1): F. Bloch.,  Z. Phys. 57, 545 (1929)
The density functional 'Becke 88' belongs to the 'GGA' family and is defined in the reference(s):
(0): A. D. Becke.,  Phys. Rev. A 38, 3098 (1988)
The density functional 'Vosko, Wilk & Nusair (VWN5_RPA)' belongs to the 'LDA' family and is defined in the reference(s):
(0): S. H. Vosko, L. Wilk, and M. Nusair.,  Can. J. Phys. 58, 1200 (1980)
The density functional 'Lee, Yang & Parr' belongs to the 'GGA' family and is defined in the reference(s):
(0): C. Lee, W. Yang, and R. G. Parr.,  Phys. Rev. B 37, 785 (1988)
(1): B. Miehlich, A. Savin, H. Stoll, and H. Preuss.,  Chem. Phys. Lett. 157, 200 (1989)
<start_mo> for the frozen-core post-SCF methods 10 is smaller than the number of ecp orbitals 14. Set <start_mo> = 0
Libxc version used in REST: 7.0.0
nbas: 33, natm: 3 for standard basis sets
First valence state for the frozen-core algorithm:     0
final nbas: 124,final natm: 6
numbasis: 93, num_auxbas: 361
Molecule_name: hobr
Restricted Hartree-Fock (or Kohn-Sham) algorithm is invoked.
Nuc_energy:      22.11088467 Hartree
No ghost effective potential
No ghost point charges
Overlap matrix is nonsigular:
  Lowest eigenvalue:       0.00274634 with the total number of basis functions:     93
Grid size: 45190
Generate SAD of O
Generate SAD of H
Generate SAD of Br
Initial guess HF energy:     -90.9298447337020690
The total energy:       -90.7496651003 Ha by the initial guess
Energy:     -83.1173810525 Ha after    1 iterations (in       0.05 seconds).
SCF Change: DM 8.56860e-2; eev  6.84937e1 Ha; etot  1.39570e1 Ha
Energy:     -69.1603425765 Ha after    2 iterations (in       0.05 seconds).
SCF Change: DM 4.20924e-3; eev 7.31688e-1 Ha; etot  5.16444e0 Ha
Energy:     -63.9959007934 Ha after    3 iterations (in       0.05 seconds).
SCF Change: DM 2.81036e-3; eev 5.57390e-1 Ha; etot -2.09698e0 Ha
Energy:     -66.0928825824 Ha after    4 iterations (in       0.05 seconds).
SCF Change: DM 3.84559e-3; eev  1.17919e0 Ha; etot  1.45749e0 Ha
Energy:     -64.6353943090 Ha after    5 iterations (in       0.05 seconds).
SCF Change: DM 8.80766e-5; eev 3.09311e-2 Ha; etot -1.30165e-1 Ha
Energy:     -64.7655592093 Ha after    6 iterations (in       0.07 seconds).
SCF Change: DM 2.11226e-3; eev 1.04666e-1 Ha; etot -2.50474e-2 Ha
Energy:     -64.7906065765 Ha after    7 iterations (in       0.07 seconds).
SCF Change: DM 2.80072e-2; eev  2.08670e0 Ha; etot -1.91155e-1 Ha
Energy:     -64.9817615292 Ha after    8 iterations (in       0.06 seconds).
SCF Change: DM 2.94328e-2; eev  1.13784e1 Ha; etot -1.26364e0 Ha
Energy:     -66.2453985892 Ha after    9 iterations (in       0.06 seconds).
SCF Change: DM 7.66117e-2; eev  6.86145e1 Ha; etot -4.56323e0 Ha
Energy:     -70.8086243451 Ha after   10 iterations (in       0.05 seconds).
SCF Change: DM 6.86675e-2; eev  5.18519e1 Ha; etot  1.08737e1 Ha
Energy:     -59.9349437901 Ha after   11 iterations (in       0.05 seconds).
SCF Change: DM 4.34494e-2; eev  2.96852e1 Ha; etot -2.95293e1 Ha
Energy:     -89.4642171944 Ha after   12 iterations (in       0.05 seconds).
SCF Change: DM 1.00220e-2; eev  7.27067e0 Ha; etot  3.07719e0 Ha
Energy:     -86.3870236771 Ha after   13 iterations (in       0.05 seconds).
SCF Change: DM 8.89319e-3; eev  3.11716e0 Ha; etot  3.18905e0 Ha
Energy:     -83.1979728519 Ha after   14 iterations (in       0.05 seconds).
SCF Change: DM 5.07828e-3; eev 8.15364e-1 Ha; etot  3.79293e0 Ha
Energy:     -79.4050391549 Ha after   15 iterations (in       0.05 seconds).
SCF Change: DM 3.36728e-3; eev 1.93816e-1 Ha; etot -1.25920e0 Ha
Energy:     -80.6642357495 Ha after   16 iterations (in       0.04 seconds).
SCF Change: DM 1.66545e-3; eev  1.84114e0 Ha; etot 7.85841e-1 Ha
Energy:     -79.8783945125 Ha after   17 iterations (in       0.05 seconds).
SCF Change: DM 5.49497e-3; eev  2.24686e0 Ha; etot 3.92176e-1 Ha
Energy:     -79.4862181592 Ha after   18 iterations (in       0.05 seconds).
SCF Change: DM 3.59616e-2; eev  5.52559e0 Ha; etot 8.68075e-1 Ha
Energy:     -78.6181433343 Ha after   19 iterations (in       0.07 seconds).
SCF Change: DM 1.55114e-2; eev  1.80644e2 Ha; etot -1.20162e1 Ha
Energy:     -90.6343438918 Ha after   20 iterations (in       0.06 seconds).
Energy increase is detected. Turn on the linear mixing algorithm with (H[DIIS, i-1] + H[DIIS, i+1]).
Prev_Energies: (    -90.63434389,     -90.63214449)
SCF Change: DM 1.44273e-2; eev  1.64911e2 Ha; etot 2.19941e-3 Ha
Energy:     -90.6321444864 Ha after   21 iterations (in       0.05 seconds).
SCF Change: DM 5.83000e-3; eev  1.44495e2 Ha; etot -9.93363e-2 Ha
Energy:     -90.7314807623 Ha after   22 iterations (in       0.05 seconds).
SCF Change: DM 7.90835e-4; eev  1.10056e2 Ha; etot -1.96031e-1 Ha
Energy:     -90.9275114132 Ha after   23 iterations (in       0.05 seconds).
SCF Change: DM 6.06467e-4; eev 7.68138e-1 Ha; etot -1.51542e-3 Ha
Energy:     -90.9290268315 Ha after   24 iterations (in       0.05 seconds).
SCF Change: DM 3.13458e-4; eev  2.03436e1 Ha; etot -6.13233e-4 Ha
Energy:     -90.9296400646 Ha after   25 iterations (in       0.05 seconds).
SCF Change: DM 7.25408e-4; eev  1.30025e1 Ha; etot -3.29415e-4 Ha
Energy:     -90.9299694795 Ha after   26 iterations (in       0.06 seconds).
SCF Change: DM 1.55318e-3; eev  1.06813e1 Ha; etot -6.68718e-4 Ha
Energy:     -90.9306381977 Ha after   27 iterations (in       0.07 seconds).
SCF Change: DM 8.74746e-5; eev  8.90940e0 Ha; etot -1.22959e-3 Ha
Energy:     -90.9318677897 Ha after   28 iterations (in       0.07 seconds).
SCF Change: DM 4.28396e-3; eev  2.46776e1 Ha; etot -7.67564e-5 Ha
Energy:     -90.9319445461 Ha after   29 iterations (in       0.06 seconds).
Energy increase is detected. Turn on the linear mixing algorithm with (H[DIIS, i-1] + H[DIIS, i+1]).
Prev_Energies: (    -90.93194455,     -90.93189384)
SCF Change: DM 3.79557e-3; eev  1.92131e1 Ha; etot 5.07057e-5 Ha
Energy:     -90.9318938404 Ha after   30 iterations (in       0.05 seconds).
SCF Change: DM 3.85538e-3; eev  1.32063e1 Ha; etot -4.24422e-4 Ha
Energy:     -90.9323182619 Ha after   31 iterations (in       0.04 seconds).
SCF Change: DM 1.41198e-3; eev  7.58095e0 Ha; etot -5.36108e-4 Ha
Energy:     -90.9328543698 Ha after   32 iterations (in       0.04 seconds).
Energy increase is detected. Turn on the linear mixing algorithm with (H[DIIS, i-1] + H[DIIS, i+1]).
Prev_Energies: (    -90.93285437,     -90.93094179)
SCF Change: DM 1.46588e-3; eev  8.37400e0 Ha; etot 1.91258e-3 Ha
Energy:     -90.9309417894 Ha after   33 iterations (in       0.07 seconds).
SCF Change: DM 5.65743e-4; eev  1.47923e0 Ha; etot -2.09533e-3 Ha
Energy:     -90.9330371221 Ha after   34 iterations (in       0.07 seconds).
SCF Change: DM 2.37673e-4; eev  1.25530e0 Ha; etot -3.32948e-5 Ha
Energy:     -90.9330704169 Ha after   35 iterations (in       0.06 seconds).
Energy increase is detected. Turn on the linear mixing algorithm with (H[DIIS, i-1] + H[DIIS, i+1]).
Prev_Energies: (    -90.93307042,     -90.93279667)
SCF Change: DM 2.26783e-4; eev  1.22902e0 Ha; etot 2.73747e-4 Ha
Energy:     -90.9327966703 Ha after   36 iterations (in       0.05 seconds).
SCF Change: DM 1.79270e-3; eev  1.07477e1 Ha; etot -2.67557e-4 Ha
Energy:     -90.9330642273 Ha after   37 iterations (in       0.05 seconds).
SCF Change: DM 7.25989e-4; eev  2.03618e0 Ha; etot -7.12760e-4 Ha
Energy:     -90.9337769873 Ha after   38 iterations (in       0.05 seconds).
SCF Change: DM 4.28433e-5; eev 2.32335e-1 Ha; etot -1.13180e-4 Ha
Energy:     -90.9338901669 Ha after   39 iterations (in       0.05 seconds).
SCF Change: DM 1.82151e-5; eev 2.76775e-1 Ha; etot -2.00466e-6 Ha
Energy:     -90.9338921716 Ha after   40 iterations (in       0.05 seconds).
SCF Change: DM 2.28960e-5; eev 7.36909e-3 Ha; etot -5.48636e-7 Ha
Energy:     -90.9338927202 Ha after   41 iterations (in       0.05 seconds).
SCF Change: DM 9.56023e-6; eev 6.43621e-2 Ha; etot -3.45956e-7 Ha
Energy:     -90.9338930662 Ha after   42 iterations (in       0.05 seconds).
SCF Change: DM 2.27293e-5; eev 4.02907e-2 Ha; etot -1.11214e-7 Ha
Energy:     -90.9338931774 Ha after   43 iterations (in       0.05 seconds).
SCF Change: DM 6.55493e-6; eev 6.77626e-3 Ha; etot -1.38396e-7 Ha
Energy:     -90.9338933158 Ha after   44 iterations (in       0.05 seconds).
SCF Change: DM 1.06252e-5; eev 1.24642e-2 Ha; etot -3.05750e-8 Ha
Energy:     -90.9338933464 Ha after   45 iterations (in       0.05 seconds).
SCF Change: DM 3.03068e-6; eev 6.36768e-4 Ha; etot -3.19881e-8 Ha
Energy:     -90.9338933784 Ha after   46 iterations (in       0.05 seconds).
SCF Change: DM 1.20219e-6; eev 3.97604e-3 Ha; etot -5.00863e-9 Ha
Energy:     -90.9338933834 Ha after   47 iterations (in       0.05 seconds).
SCF Change: DM 4.11035e-7; eev 1.27903e-3 Ha; etot -2.51296e-9 Ha
Energy:     -90.9338933859 Ha after   48 iterations (in       0.05 seconds).
Energy increase is detected. Turn on the linear mixing algorithm with (H[DIIS, i-1] + H[DIIS, i+1]).
Prev_Energies: (    -90.93389339,     -90.93389338)
SCF Change: DM 4.97839e-7; eev 1.11276e-3 Ha; etot 1.10077e-9 Ha
Energy:     -90.9338933848 Ha after   49 iterations (in       0.05 seconds).
Energy increase is detected. Turn on the linear mixing algorithm with (H[DIIS, i-1] + H[DIIS, i+1]).
Prev_Energies: (    -90.93389338,     -90.93389338)
SCF Change: DM 3.63649e-7; eev 9.03705e-4 Ha; etot 3.08461e-10 Ha
Energy:     -90.9338933845 Ha after   50 iterations (in       0.05 seconds).
Energy increase is detected. Turn on the linear mixing algorithm with (H[DIIS, i-1] + H[DIIS, i+1]).
Prev_Energies: (    -90.93389338,     -90.93389338)
SCF Change: DM 4.10817e-7; eev 8.89249e-4 Ha; etot 7.70399e-10 Ha
Energy:     -90.9338933837 Ha after   51 iterations (in       0.05 seconds).
Energy increase is detected. Turn on the linear mixing algorithm with (H[DIIS, i-1] + H[DIIS, i+1]).
Prev_Energies: (    -90.93389338,     -90.93389338)
SCF Change: DM 2.93311e-7; eev 7.20772e-4 Ha; etot 1.89360e-10 Ha
Energy:     -90.9338933835 Ha after   52 iterations (in       0.05 seconds).
Energy increase is detected. Turn on the linear mixing algorithm with (H[DIIS, i-1] + H[DIIS, i+1]).
Prev_Energies: (    -90.93389338,     -90.93389338)
SCF Change: DM 3.26642e-7; eev 7.32312e-4 Ha; etot 4.95490e-10 Ha
Energy:     -90.9338933830 Ha after   53 iterations (in       0.05 seconds).
Energy increase is detected. Turn on the linear mixing algorithm with (H[DIIS, i-1] + H[DIIS, i+1]).
Prev_Energies: (    -90.93389338,     -90.93389338)
SCF Change: DM 2.34186e-7; eev 5.84790e-4 Ha; etot 1.20338e-10 Ha
Energy:     -90.9338933829 Ha after   54 iterations (in       0.04 seconds).
Energy increase is detected. Turn on the linear mixing algorithm with (H[DIIS, i-1] + H[DIIS, i+1]).
Prev_Energies: (    -90.93389338,     -90.93389338)
SCF Change: DM 2.61530e-7; eev 5.94272e-4 Ha; etot 3.17044e-10 Ha
Energy:     -90.9338933826 Ha after   55 iterations (in       0.05 seconds).
Energy increase is detected. Turn on the linear mixing algorithm with (H[DIIS, i-1] + H[DIIS, i+1]).
Prev_Energies: (    -90.93389338,     -90.93389338)
SCF Change: DM 1.87368e-7; eev 4.67348e-4 Ha; etot 7.75060e-11 Ha
Energy:     -90.9338933825 Ha after   56 iterations (in       0.07 seconds).
Energy increase is detected. Turn on the linear mixing algorithm with (H[DIIS, i-1] + H[DIIS, i+1]).
Prev_Energies: (    -90.93389338,     -90.93389338)
SCF Change: DM 2.09798e-7; eev 4.75915e-4 Ha; etot 2.02618e-10 Ha
Energy:     -90.9338933823 Ha after   57 iterations (in       0.06 seconds).
Energy increase is detected. Turn on the linear mixing algorithm with (H[DIIS, i-1] + H[DIIS, i+1]).
Prev_Energies: (    -90.93389338,     -90.93389338)
SCF Change: DM 1.49945e-7; eev 3.73917e-4 Ha; etot 4.92832e-11 Ha
Energy:     -90.9338933822 Ha after   58 iterations (in       0.05 seconds).
Energy increase is detected. Turn on the linear mixing algorithm with (H[DIIS, i-1] + H[DIIS, i+1]).
Prev_Energies: (    -90.93389338,     -90.93389338)
SCF Change: DM 1.68103e-7; eev 3.80790e-4 Ha; etot 1.29788e-10 Ha
Energy:     -90.9338933821 Ha after   59 iterations (in       0.05 seconds).
Energy increase is detected. Turn on the linear mixing algorithm with (H[DIIS, i-1] + H[DIIS, i+1]).
Prev_Energies: (    -90.93389338,     -90.93389338)
SCF Change: DM 1.19903e-7; eev 2.99166e-4 Ha; etot 3.08944e-11 Ha
Energy:     -90.9338933821 Ha after   60 iterations (in       0.05 seconds).
Energy increase is detected. Turn on the linear mixing algorithm with (H[DIIS, i-1] + H[DIIS, i+1]).
Prev_Energies: (    -90.93389338,     -90.93389338)
SCF Change: DM 1.34495e-7; eev 3.04286e-4 Ha; etot 8.37446e-11 Ha
Energy:     -90.9338933820 Ha after   61 iterations (in       0.05 seconds).
Energy increase is detected. Turn on the linear mixing algorithm with (H[DIIS, i-1] + H[DIIS, i+1]).
Prev_Energies: (    -90.93389338,     -90.93389338)
SCF Change: DM 9.59321e-8; eev 2.39059e-4 Ha; etot 1.94831e-11 Ha
Energy:     -90.9338933820 Ha after   62 iterations (in       0.04 seconds).
Energy increase is detected. Turn on the linear mixing algorithm with (H[DIIS, i-1] + H[DIIS, i+1]).
Prev_Energies: (    -90.93389338,     -90.93389338)
SCF Change: DM 1.07598e-7; eev 2.43383e-4 Ha; etot 5.37312e-11 Ha
Energy:     -90.9338933819 Ha after   63 iterations (in       0.05 seconds).
Energy increase is detected. Turn on the linear mixing algorithm with (H[DIIS, i-1] + H[DIIS, i+1]).
Prev_Energies: (    -90.93389338,     -90.93389338)
SCF Change: DM 7.67539e-8; eev 1.91250e-4 Ha; etot 1.15961e-11 Ha
Energy:     -90.9338933819 Ha after   64 iterations (in       0.05 seconds).
Energy increase is detected. Turn on the linear mixing algorithm with (H[DIIS, i-1] + H[DIIS, i+1]).
Prev_Energies: (    -90.93389338,     -90.93389338)
SCF Change: DM 8.60696e-8; eev 1.94654e-4 Ha; etot 3.50440e-11 Ha
Energy:     -90.9338933819 Ha after   65 iterations (in       0.05 seconds).
Energy increase is detected. Turn on the linear mixing algorithm with (H[DIIS, i-1] + H[DIIS, i+1]).
Prev_Energies: (    -90.93389338,     -90.93389338)
SCF Change: DM 6.14003e-8; eev 1.53031e-4 Ha; etot 7.81597e-12 Ha
Energy:     -90.9338933819 Ha after   66 iterations (in       0.05 seconds).
Energy increase is detected. Turn on the linear mixing algorithm with (H[DIIS, i-1] + H[DIIS, i+1]).
Prev_Energies: (    -90.93389338,     -90.93389338)
SCF Change: DM 6.88474e-8; eev 1.55773e-4 Ha; etot 2.17995e-11 Ha
Energy:     -90.9338933818 Ha after   67 iterations (in       0.07 seconds).
Energy increase is detected. Turn on the linear mixing algorithm with (H[DIIS, i-1] + H[DIIS, i+1]).
Prev_Energies: (    -90.93389338,     -90.93389338)
SCF Change: DM 4.91205e-8; eev 1.22424e-4 Ha; etot 5.57066e-12 Ha
Energy:     -90.9338933818 Ha after   68 iterations (in       0.06 seconds).
Energy increase is detected. Turn on the linear mixing algorithm with (H[DIIS, i-1] + H[DIIS, i+1]).
Prev_Energies: (    -90.93389338,     -90.93389338)
SCF Change: DM 5.50740e-8; eev 1.24599e-4 Ha; etot 1.38414e-11 Ha
Energy:     -90.9338933818 Ha after   69 iterations (in       0.05 seconds).
Energy increase is detected. Turn on the linear mixing algorithm with (H[DIIS, i-1] + H[DIIS, i+1]).
Prev_Energies: (    -90.93389338,     -90.93389338)
SCF Change: DM 3.92974e-8; eev 9.79382e-5 Ha; etot 3.46745e-12 Ha
Energy:     -90.9338933818 Ha after   70 iterations (in       0.05 seconds).
Energy increase is detected. Turn on the linear mixing algorithm with (H[DIIS, i-1] + H[DIIS, i+1]).
Prev_Energies: (    -90.93389338,     -90.93389338)
SCF Change: DM 4.40548e-8; eev 9.96761e-5 Ha; etot 9.20863e-12 Ha
Energy:     -90.9338933818 Ha after   71 iterations (in       0.05 seconds).
Energy increase is detected. Turn on the linear mixing algorithm with (H[DIIS, i-1] + H[DIIS, i+1]).
Prev_Energies: (    -90.93389338,     -90.93389338)
SCF Change: DM 3.14375e-8; eev 7.83520e-5 Ha; etot 2.24532e-12 Ha
Energy:     -90.9338933818 Ha after   72 iterations (in       0.05 seconds).
Energy increase is detected. Turn on the linear mixing algorithm with (H[DIIS, i-1] + H[DIIS, i+1]).
Prev_Energies: (    -90.93389338,     -90.93389338)
SCF Change: DM 3.52426e-8; eev 7.97458e-5 Ha; etot 5.94014e-12 Ha
Energy:     -90.9338933818 Ha after   73 iterations (in       0.05 seconds).
Energy increase is detected. Turn on the linear mixing algorithm with (H[DIIS, i-1] + H[DIIS, i+1]).
Prev_Energies: (    -90.93389338,     -90.93389338)
SCF Change: DM 2.51505e-8; eev 6.26831e-5 Ha; etot 5.11591e-13 Ha
Energy:     -90.9338933818 Ha after   74 iterations (in       0.05 seconds).
Energy increase is detected. Turn on the linear mixing algorithm with (H[DIIS, i-1] + H[DIIS, i+1]).
Prev_Energies: (    -90.93389338,     -90.93389338)
SCF Change: DM 2.81941e-8; eev 6.37971e-5 Ha; etot 3.33955e-12 Ha
Energy:     -90.9338933818 Ha after   75 iterations (in       0.05 seconds).
Energy increase is detected. Turn on the linear mixing algorithm with (H[DIIS, i-1] + H[DIIS, i+1]).
Prev_Energies: (    -90.93389338,     -90.93389338)
SCF Change: DM 2.01205e-8; eev 5.01462e-5 Ha; etot 2.00373e-12 Ha
Energy:     -90.9338933818 Ha after   76 iterations (in       0.05 seconds).
Energy increase is detected. Turn on the linear mixing algorithm with (H[DIIS, i-1] + H[DIIS, i+1]).
Prev_Energies: (    -90.93389338,     -90.93389338)
SCF Change: DM 2.25552e-8; eev 5.10367e-5 Ha; etot 1.44951e-12 Ha
Energy:     -90.9338933818 Ha after   77 iterations (in       0.05 seconds).
Energy increase is detected. Turn on the linear mixing algorithm with (H[DIIS, i-1] + H[DIIS, i+1]).
Prev_Energies: (    -90.93389338,     -90.93389338)
SCF Change: DM 1.60966e-8; eev 4.01151e-5 Ha; etot 9.52127e-13 Ha
Energy:     -90.9338933818 Ha after   78 iterations (in       0.05 seconds).
Energy increase is detected. Turn on the linear mixing algorithm with (H[DIIS, i-1] + H[DIIS, i+1]).
Prev_Energies: (    -90.93389338,     -90.93389338)
SCF Change: DM 1.80441e-8; eev 4.08291e-5 Ha; etot 1.26477e-12 Ha
Energy:     -90.9338933818 Ha after   79 iterations (in       0.05 seconds).
Energy increase is detected. Turn on the linear mixing algorithm with (H[DIIS, i-1] + H[DIIS, i+1]).
Prev_Energies: (    -90.93389338,     -90.93389338)
SCF Change: DM 1.28774e-8; eev 3.20931e-5 Ha; etot 6.82121e-13 Ha
Energy:     -90.9338933818 Ha after   80 iterations (in       0.05 seconds).
Energy increase is detected. Turn on the linear mixing algorithm with (H[DIIS, i-1] + H[DIIS, i+1]).
Prev_Energies: (    -90.93389338,     -90.93389338)
SCF Change: DM 1.44354e-8; eev 3.26645e-5 Ha; etot 1.10845e-12 Ha
Energy:     -90.9338933818 Ha after   81 iterations (in       0.05 seconds).
SCF Change: DM 8.27162e-8; eev 5.28996e-6 Ha; etot -4.54747e-13 Ha
Energy:     -90.9338933818 Ha after   82 iterations (in       0.05 seconds).
Energy increase is detected. Turn on the linear mixing algorithm with (H[DIIS, i-1] + H[DIIS, i+1]).
Prev_Energies: (    -90.93389338,     -90.93389338)
SCF Change: DM 6.61730e-8; eev 4.23194e-6 Ha; etot 2.17426e-12 Ha
Energy:     -90.9338933818 Ha after   83 iterations (in       0.05 seconds).
SCF Change: DM 6.61728e-8; eev 4.23295e-6 Ha; etot -1.66267e-12 Ha
Energy:     -90.9338933818 Ha after   84 iterations (in       0.05 seconds).
Energy increase is detected. Turn on the linear mixing algorithm with (H[DIIS, i-1] + H[DIIS, i+1]).
Prev_Energies: (    -90.93389338,     -90.93389338)
SCF Change: DM 5.29383e-8; eev 3.38683e-6 Ha; etot 1.52056e-12 Ha
Energy:     -90.9338933818 Ha after   85 iterations (in       0.05 seconds).
SCF Change: DM 5.29381e-8; eev 3.38609e-6 Ha; etot -4.97380e-13 Ha
Energy:     -90.9338933818 Ha after   86 iterations (in       0.05 seconds).
Energy increase is detected. Turn on the linear mixing algorithm with (H[DIIS, i-1] + H[DIIS, i+1]).
Prev_Energies: (    -90.93389338,     -90.93389338)
SCF Change: DM 4.23505e-8; eev 2.70900e-6 Ha; etot 7.95808e-13 Ha
Energy:     -90.9338933818 Ha after   87 iterations (in       0.05 seconds).
SCF Change: DM 4.23504e-8; eev 2.70870e-6 Ha; etot -5.96856e-13 Ha
Energy:     -90.9338933818 Ha after   88 iterations (in       0.05 seconds).
Energy increase is detected. Turn on the linear mixing algorithm with (H[DIIS, i-1] + H[DIIS, i+1]).
Prev_Energies: (    -90.93389338,     -90.93389338)
SCF Change: DM 3.38804e-8; eev 2.16689e-6 Ha; etot 2.55795e-13 Ha
Energy:     -90.9338933818 Ha after   89 iterations (in       0.05 seconds).
Energy increase is detected. Turn on the linear mixing algorithm with (H[DIIS, i-1] + H[DIIS, i+1]).
Prev_Energies: (    -90.93389338,     -90.93389338)
SCF Change: DM 3.38804e-8; eev 2.16697e-6 Ha; etot 4.12115e-13 Ha
Energy:     -90.9338933818 Ha after   90 iterations (in       0.05 seconds).
Energy increase is detected. Turn on the linear mixing algorithm with (H[DIIS, i-1] + H[DIIS, i+1]).
Prev_Energies: (    -90.93389338,     -90.93389338)
SCF Change: DM 2.71043e-8; eev 1.73353e-6 Ha; etot 7.10543e-14 Ha
Energy:     -90.9338933818 Ha after   91 iterations (in       0.05 seconds).
SCF Change: DM 2.71042e-8; eev 1.73376e-6 Ha; etot -1.13687e-13 Ha
Energy:     -90.9338933818 Ha after   92 iterations (in       0.05 seconds).
Energy increase is detected. Turn on the linear mixing algorithm with (H[DIIS, i-1] + H[DIIS, i+1]).
Prev_Energies: (    -90.93389338,     -90.93389338)
SCF Change: DM 2.16834e-8; eev 1.38702e-6 Ha; etot 1.70530e-13 Ha
Energy:     -90.9338933818 Ha after   93 iterations (in       0.05 seconds).
Energy increase is detected. Turn on the linear mixing algorithm with (H[DIIS, i-1] + H[DIIS, i+1]).
Prev_Energies: (    -90.93389338,     -90.93389338)
SCF Change: DM 2.16834e-8; eev 1.38700e-6 Ha; etot 5.68434e-13 Ha
Energy:     -90.9338933818 Ha after   94 iterations (in       0.05 seconds).
SCF Change: DM 4.04913e-13; eev 2.39677e-10 Ha; etot -4.26326e-13 Ha
Energy:     -90.9338933818 Ha after   95 iterations (in       0.05 seconds).
SCF is converged after   95 iterations.
==========================================
Now evaluate the    PT2 correlation energy
==========================================
----------------------------------------------------------------------
Methods         :       Total Corr,          OS Corr,          SS Corr
----------------------------------------------------------------------
PT2             :      -0.87219518,      -0.65563190,      -0.21656328
----------------------------------------------------------------------
Fifth-rung correlation energy :      -0.286117762953 Ha
E[XYGJOS]=:     -90.72884438 Ha, Ex[HF]:     -11.04818489 Ha, Ec[PT2  ]:      -0.87219518 Ha
Mulliken population analysis:
  0-O  :  -0.393827
  1-H  :   0.213049
  2-Br :   0.180778

====================================================
              REST: Mission accomplished
====================================================
The SCF energy        :     -90.9338933818 Ha
The (R)-xDH energy    :     -90.7288443773 Ha
Detailed time report:
SCF       |:    6.089 s for the scf procedure
Overall   |:    6.618 s for the whole job
PT2       |:    0.113 s for the PT2 evaluation
