=========================================================
Input parameters for the REST calculation
=========================================================
Calculation type: Single-point energy
The exchange-correlation method: xygjos
Print level:                1
The number of threads used for parallelism:      4
The spheric-GTO basis set is taken from /home/symei/def2-TZVPP-mixed
The pruning method is nwchem
The radial grid generation method is treutler
ERI Type: ri_v
Turn on the basis pair symmetry for RI 3D-tensors
The spheric-GTO auxiliary basis set is taken from /home/symei/def2-SV(P)-JKFIT
Spin polarization: Off
Charge:   0; Spin:   1
min_num_angular_points: 110
max_num_angular_points: 590
hardness: 3
Grid generation level: 3
Even tempered basis generation: false
SCF convergency thresholds: 1e-8 for density matrix
                            1e-8 Ha. for sum of eigenvalues
                            1e-8 Ha. for total energy
Max. SCF cycle number:      250
The diis mixing with (param, max_vec_len) = (0.2, 8) is employed for the SCF procedure
Turn on the diis mixing after 1 step(s) of SCF iteractions with the linear mixing
The specified checkfile exists but is not loaded because the keyword 'external_init_guess' is specified
It will be updated after the SCF procedure 
(none)
Initial guess is prepared by (sad).
It is a finite cluster calculation
the scf functional for 'xygjos' contains
The density functional 'B3LYP' belongs to the 'Hybrid GGA' family and is defined in the reference(s):
(0): P. J. Stephens, F. J. Devlin, C. F. Chabalowski, and M. J. Frisch.,  J. Phys. Chem. 98, 11623 (1994)
the post-scf functional 'xygjos' is employed, which contains
The density functional 'Slater exchange' belongs to the 'LDA' family and is defined in the reference(s):
(0): P. A. M. Dirac.,  Math. Proc. Cambridge Philos. Soc. 26, 376 (1930)
(1): F. Bloch.,  Z. Phys. 57, 545 (1929)
The density functional 'Becke 88' belongs to the 'GGA' family and is defined in the reference(s):
(0): A. D. Becke.,  Phys. Rev. A 38, 3098 (1988)
The density functional 'Vosko, Wilk & Nusair (VWN5_RPA)' belongs to the 'LDA' family and is defined in the reference(s):
(0): S. H. Vosko, L. Wilk, and M. Nusair.,  Can. J. Phys. 58, 1200 (1980)
The density functional 'Lee, Yang & Parr' belongs to the 'GGA' family and is defined in the reference(s):
(0): C. Lee, W. Yang, and R. G. Parr.,  Phys. Rev. B 37, 785 (1988)
(1): B. Miehlich, A. Savin, H. Stoll, and H. Preuss.,  Chem. Phys. Lett. 157, 200 (1989)
<start_mo> for the frozen-core post-SCF methods 14 is larger than the number of ecp orbitals 14. Take the <start_mo> -= ecp_orbitals
Libxc version used in REST: 7.0.0
nbas: 28, natm: 2 for standard basis sets
First valence state for the frozen-core algorithm:     0
final nbas: 122,final natm: 4
numbasis: 80, num_auxbas: 378
Molecule_name: nabr
Restricted Hartree-Fock (or Kohn-Sham) algorithm is invoked.
Nuc_energy:      16.20902857 Hartree
No ghost effective potential
No ghost point charges
Overlap matrix is nonsigular:
  Lowest eigenvalue:       0.01111532 with the total number of basis functions:     80
Grid size: 37792
Generate SAD of Na
Generate SAD of Br
Initial guess HF energy:    -176.9457326413626106
The total energy:      -177.1008179539 Ha by the initial guess
Energy:    -176.6468515325 Ha after    1 iterations (in       0.04 seconds).
SCF Change: DM 6.09155e-2; eev  5.29700e0 Ha; etot  3.99065e1 Ha
Energy:    -136.7403132811 Ha after    2 iterations (in       0.04 seconds).
SCF Change: DM 2.51844e-2; eev  1.23519e2 Ha; etot -3.95618e1 Ha
Energy:    -176.3020674086 Ha after    3 iterations (in       0.04 seconds).
SCF Change: DM 1.14929e-2; eev  5.08828e1 Ha; etot -8.82432e-1 Ha
Energy:    -177.1844993868 Ha after    4 iterations (in       0.04 seconds).
SCF Change: DM 3.88541e-3; eev  1.12471e2 Ha; etot -2.64603e-1 Ha
Energy:    -177.4491024940 Ha after    5 iterations (in       0.04 seconds).
SCF Change: DM 7.98289e-4; eev  1.89679e1 Ha; etot -1.30649e-2 Ha
Energy:    -177.4621673617 Ha after    6 iterations (in       0.06 seconds).
SCF Change: DM 2.85023e-4; eev  4.97945e1 Ha; etot -2.20742e-3 Ha
Energy:    -177.4643747803 Ha after    7 iterations (in       0.06 seconds).
SCF Change: DM 2.05855e-4; eev  5.48235e0 Ha; etot -3.30908e-4 Ha
Energy:    -177.4647056887 Ha after    8 iterations (in       0.05 seconds).
SCF Change: DM 4.83753e-5; eev  1.05572e1 Ha; etot -6.54845e-5 Ha
Energy:    -177.4647711732 Ha after    9 iterations (in       0.04 seconds).
SCF Change: DM 2.00631e-5; eev  1.86057e0 Ha; etot -2.71326e-6 Ha
Energy:    -177.4647738865 Ha after   10 iterations (in       0.04 seconds).
SCF Change: DM 5.76082e-6; eev 1.13962e-1 Ha; etot -6.97819e-7 Ha
Energy:    -177.4647745843 Ha after   11 iterations (in       0.04 seconds).
SCF Change: DM 4.99085e-6; eev 1.46545e-3 Ha; etot -3.54486e-8 Ha
Energy:    -177.4647746198 Ha after   12 iterations (in       0.04 seconds).
SCF Change: DM 2.90103e-6; eev 1.18216e-2 Ha; etot -1.29068e-8 Ha
Energy:    -177.4647746327 Ha after   13 iterations (in       0.04 seconds).
SCF Change: DM 3.01264e-7; eev 9.26589e-3 Ha; etot -2.35690e-9 Ha
Energy:    -177.4647746350 Ha after   14 iterations (in       0.04 seconds).
SCF Change: DM 3.26655e-8; eev 1.34052e-3 Ha; etot -3.08660e-11 Ha
Energy:    -177.4647746351 Ha after   15 iterations (in       0.04 seconds).
SCF Change: DM 1.15947e-8; eev 1.41420e-3 Ha; etot -8.52651e-13 Ha
Energy:    -177.4647746351 Ha after   16 iterations (in       0.04 seconds).
SCF Change: DM 2.14374e-9; eev 4.13116e-4 Ha; etot -3.12639e-13 Ha
Energy:    -177.4647746351 Ha after   17 iterations (in       0.04 seconds).
SCF Change: DM 1.85098e-9; eev 5.82306e-5 Ha; etot -1.98952e-13 Ha
Energy:    -177.4647746351 Ha after   18 iterations (in       0.04 seconds).
SCF Change: DM 1.75832e-10; eev 8.89795e-8 Ha; etot -1.39266e-12 Ha
Energy:    -177.4647746351 Ha after   19 iterations (in       0.04 seconds).
SCF Change: DM 3.99943e-11; eev 2.88002e-7 Ha; etot 7.67386e-13 Ha
Energy:    -177.4647746351 Ha after   20 iterations (in       0.04 seconds).
SCF Change: DM 1.55269e-11; eev 2.48086e-7 Ha; etot -5.11591e-13 Ha
Energy:    -177.4647746351 Ha after   21 iterations (in       0.04 seconds).
Energy increase is detected. Turn on the linear mixing algorithm with (H[DIIS, i-1] + H[DIIS, i+1]).
Prev_Energies: (   -177.46477464,    -177.46477464)
SCF Change: DM 1.22806e-11; eev 1.94858e-7 Ha; etot 4.54747e-13 Ha
Energy:    -177.4647746351 Ha after   22 iterations (in       0.04 seconds).
Energy increase is detected. Turn on the linear mixing algorithm with (H[DIIS, i-1] + H[DIIS, i+1]).
Prev_Energies: (   -177.46477464,    -177.46477464)
SCF Change: DM 1.25417e-11; eev 1.98791e-7 Ha; etot 2.55795e-13 Ha
Energy:    -177.4647746351 Ha after   23 iterations (in       0.04 seconds).
Energy increase is detected. Turn on the linear mixing algorithm with (H[DIIS, i-1] + H[DIIS, i+1]).
Prev_Energies: (   -177.46477464,    -177.46477464)
SCF Change: DM 9.81895e-12; eev 1.55864e-7 Ha; etot 3.69482e-13 Ha
Energy:    -177.4647746351 Ha after   24 iterations (in       0.04 seconds).
SCF Change: DM 1.09191e-11; eev 1.71913e-7 Ha; etot -3.12639e-13 Ha
Energy:    -177.4647746351 Ha after   25 iterations (in       0.04 seconds).
SCF Change: DM 5.50400e-14; eev 3.48329e-11 Ha; etot -1.56319e-12 Ha
Energy:    -177.4647746351 Ha after   26 iterations (in       0.04 seconds).
SCF is converged after   26 iterations.
==========================================
Now evaluate the    PT2 correlation energy
==========================================
----------------------------------------------------------------------
Methods         :       Total Corr,          OS Corr,          SS Corr
----------------------------------------------------------------------
PT2             :      -0.65388128,      -0.47241252,      -0.18146876
----------------------------------------------------------------------
Fifth-rung correlation energy :      -0.206160822341 Ha
E[XYGJOS]=:    -177.16132127 Ha, Ex[HF]:     -16.62398529 Ha, Ec[PT2  ]:      -0.65388128 Ha
Mulliken population analysis:
  0-Na :   0.600459
  1-Br :  -0.600459

====================================================
              REST: Mission accomplished
====================================================
The SCF energy        :    -177.4647746351 Ha
The (R)-xDH energy    :    -177.1613212745 Ha
Detailed time report:
Overall   |:    2.626 s for the whole job
SCF       |:    2.121 s for the scf procedure
PT2       |:    0.092 s for the PT2 evaluation
