=========================================================
Input parameters for the REST calculation
=========================================================
Calculation type: Single-point energy
The exchange-correlation method: xygjos
Print level:                1
The number of threads used for parallelism:      4
The spheric-GTO basis set is taken from /home/symei/def2-TZVPP-mixed
The pruning method is nwchem
The radial grid generation method is treutler
ERI Type: ri_v
Turn on the basis pair symmetry for RI 3D-tensors
The spheric-GTO auxiliary basis set is taken from /home/symei/def2-SV(P)-JKFIT
Spin polarization: Off
Charge:   0; Spin:   1
min_num_angular_points: 110
max_num_angular_points: 590
hardness: 3
Grid generation level: 3
Even tempered basis generation: false
SCF convergency thresholds: 1e-8 for density matrix
                            1e-8 Ha. for sum of eigenvalues
                            1e-8 Ha. for total energy
Max. SCF cycle number:      250
The diis mixing with (param, max_vec_len) = (0.2, 8) is employed for the SCF procedure
Turn on the diis mixing after 1 step(s) of SCF iteractions with the linear mixing
The specified checkfile exists but is not loaded because the keyword 'external_init_guess' is specified
It will be updated after the SCF procedure 
(none)
Initial guess is prepared by (sad).
It is a finite cluster calculation
the scf functional for 'xygjos' contains
The density functional 'B3LYP' belongs to the 'Hybrid GGA' family and is defined in the reference(s):
(0): P. J. Stephens, F. J. Devlin, C. F. Chabalowski, and M. J. Frisch.,  J. Phys. Chem. 98, 11623 (1994)
the post-scf functional 'xygjos' is employed, which contains
The density functional 'Slater exchange' belongs to the 'LDA' family and is defined in the reference(s):
(0): P. A. M. Dirac.,  Math. Proc. Cambridge Philos. Soc. 26, 376 (1930)
(1): F. Bloch.,  Z. Phys. 57, 545 (1929)
The density functional 'Becke 88' belongs to the 'GGA' family and is defined in the reference(s):
(0): A. D. Becke.,  Phys. Rev. A 38, 3098 (1988)
The density functional 'Vosko, Wilk & Nusair (VWN5_RPA)' belongs to the 'LDA' family and is defined in the reference(s):
(0): S. H. Vosko, L. Wilk, and M. Nusair.,  Can. J. Phys. 58, 1200 (1980)
The density functional 'Lee, Yang & Parr' belongs to the 'GGA' family and is defined in the reference(s):
(0): C. Lee, W. Yang, and R. G. Parr.,  Phys. Rev. B 37, 785 (1988)
(1): B. Miehlich, A. Savin, H. Stoll, and H. Preuss.,  Chem. Phys. Lett. 157, 200 (1989)
<start_mo> for the frozen-core post-SCF methods 32 is smaller than the number of ecp orbitals 42. Set <start_mo> = 0
Libxc version used in REST: 7.0.0
nbas: 62, natm: 4 for standard basis sets
First valence state for the frozen-core algorithm:     0
final nbas: 280,final natm: 8
numbasis: 186, num_auxbas: 926
Molecule_name: pbr3
Restricted Hartree-Fock (or Kohn-Sham) algorithm is invoked.
Nuc_energy:      96.23040328 Hartree
No ghost effective potential
No ghost point charges
Overlap matrix is nonsigular:
  Lowest eigenvalue:       0.00424592 with the total number of basis functions:    186
Grid size: 81592
Generate SAD of P
Generate SAD of Br
Initial guess HF energy:    -386.8688028496897005
The total energy:      -386.7382784764 Ha by the initial guess
Energy:    -386.7097696392 Ha after    1 iterations (in       0.26 seconds).
SCF Change: DM 5.38980e-3; eev  1.64553e2 Ha; etot 1.81490e-1 Ha
Energy:    -386.5282798890 Ha after    2 iterations (in       0.28 seconds).
SCF Change: DM 1.52177e-3; eev  8.57503e1 Ha; etot -2.05582e-1 Ha
Energy:    -386.7338620879 Ha after    3 iterations (in       0.28 seconds).
SCF Change: DM 4.52996e-4; eev  2.50486e2 Ha; etot -3.18059e-2 Ha
Energy:    -386.7656680154 Ha after    4 iterations (in       0.30 seconds).
SCF Change: DM 2.62637e-4; eev  4.01792e2 Ha; etot -8.55037e-4 Ha
Energy:    -386.7665230522 Ha after    5 iterations (in       0.28 seconds).
SCF Change: DM 1.17140e-4; eev  1.22976e1 Ha; etot -5.24410e-4 Ha
Energy:    -386.7670474623 Ha after    6 iterations (in       0.27 seconds).
SCF Change: DM 7.16387e-5; eev  2.80713e1 Ha; etot -1.04770e-4 Ha
Energy:    -386.7671522319 Ha after    7 iterations (in       0.28 seconds).
SCF Change: DM 1.08333e-4; eev  1.98727e1 Ha; etot -4.10655e-5 Ha
Energy:    -386.7671932973 Ha after    8 iterations (in       0.33 seconds).
SCF Change: DM 6.61196e-5; eev  1.01070e1 Ha; etot -3.53755e-5 Ha
Energy:    -386.7672286729 Ha after    9 iterations (in       0.30 seconds).
SCF Change: DM 3.07330e-5; eev  1.63919e0 Ha; etot -1.17983e-5 Ha
Energy:    -386.7672404712 Ha after   10 iterations (in       0.31 seconds).
SCF Change: DM 3.17086e-5; eev 9.10156e-1 Ha; etot -2.89046e-6 Ha
Energy:    -386.7672433616 Ha after   11 iterations (in       0.28 seconds).
SCF Change: DM 2.76692e-5; eev 4.53762e-1 Ha; etot -2.89918e-6 Ha
Energy:    -386.7672462608 Ha after   12 iterations (in       0.28 seconds).
SCF Change: DM 5.91792e-6; eev 3.21271e-1 Ha; etot -1.05550e-6 Ha
Energy:    -386.7672473163 Ha after   13 iterations (in       0.28 seconds).
SCF Change: DM 5.24364e-6; eev 2.92075e-1 Ha; etot -6.85175e-8 Ha
Energy:    -386.7672473848 Ha after   14 iterations (in       0.28 seconds).
SCF Change: DM 2.28904e-6; eev 1.49033e-1 Ha; etot -2.36200e-8 Ha
Energy:    -386.7672474084 Ha after   15 iterations (in       0.28 seconds).
SCF Change: DM 1.66630e-6; eev 1.76953e-2 Ha; etot -1.84201e-8 Ha
Energy:    -386.7672474269 Ha after   16 iterations (in       0.28 seconds).
SCF Change: DM 6.15901e-7; eev 5.17609e-3 Ha; etot -3.39492e-9 Ha
Energy:    -386.7672474303 Ha after   17 iterations (in       0.28 seconds).
SCF Change: DM 5.82168e-7; eev 1.16031e-2 Ha; etot -1.47088e-9 Ha
Energy:    -386.7672474317 Ha after   18 iterations (in       0.31 seconds).
SCF Change: DM 1.13542e-6; eev 1.20846e-2 Ha; etot -1.67063e-9 Ha
Energy:    -386.7672474334 Ha after   19 iterations (in       0.29 seconds).
SCF Change: DM 2.95290e-7; eev 1.15610e-2 Ha; etot -1.98338e-9 Ha
Energy:    -386.7672474354 Ha after   20 iterations (in       0.31 seconds).
SCF Change: DM 3.33428e-7; eev 3.63177e-3 Ha; etot -3.02578e-10 Ha
Energy:    -386.7672474357 Ha after   21 iterations (in       0.28 seconds).
SCF Change: DM 1.31653e-7; eev 4.35248e-3 Ha; etot -2.35161e-10 Ha
Energy:    -386.7672474359 Ha after   22 iterations (in       0.30 seconds).
SCF Change: DM 1.58776e-7; eev 4.20427e-3 Ha; etot -6.40057e-11 Ha
Energy:    -386.7672474360 Ha after   23 iterations (in       0.28 seconds).
SCF Change: DM 4.94381e-8; eev 5.70031e-4 Ha; etot -5.21254e-11 Ha
Energy:    -386.7672474360 Ha after   24 iterations (in       0.28 seconds).
SCF Change: DM 9.17431e-8; eev 8.58619e-4 Ha; etot -5.51381e-12 Ha
Energy:    -386.7672474360 Ha after   25 iterations (in       0.28 seconds).
SCF Change: DM 2.37586e-8; eev 1.29017e-3 Ha; etot -1.88720e-11 Ha
Energy:    -386.7672474361 Ha after   26 iterations (in       0.30 seconds).
SCF Change: DM 3.03754e-8; eev 8.98331e-4 Ha; etot -2.27374e-12 Ha
Energy:    -386.7672474361 Ha after   27 iterations (in       0.28 seconds).
SCF Change: DM 1.54382e-8; eev 2.26220e-4 Ha; etot -2.16005e-12 Ha
Energy:    -386.7672474361 Ha after   28 iterations (in       0.28 seconds).
SCF Change: DM 1.97723e-8; eev 1.94929e-5 Ha; etot -3.41061e-13 Ha
Energy:    -386.7672474361 Ha after   29 iterations (in       0.28 seconds).
Energy increase is detected. Turn on the linear mixing algorithm with (H[DIIS, i-1] + H[DIIS, i+1]).
Prev_Energies: (   -386.76724744,    -386.76724744)
SCF Change: DM 1.52836e-8; eev 4.39923e-5 Ha; etot 3.18323e-12 Ha
Energy:    -386.7672474361 Ha after   30 iterations (in       0.28 seconds).
Energy increase is detected. Turn on the linear mixing algorithm with (H[DIIS, i-1] + H[DIIS, i+1]).
Prev_Energies: (   -386.76724744,    -386.76724744)
SCF Change: DM 1.78676e-8; eev 6.65333e-5 Ha; etot 5.68434e-13 Ha
Energy:    -386.7672474361 Ha after   31 iterations (in       0.28 seconds).
SCF Change: DM 1.25662e-8; eev 4.74937e-4 Ha; etot -6.36646e-12 Ha
Energy:    -386.7672474361 Ha after   32 iterations (in       0.31 seconds).
Energy increase is detected. Turn on the linear mixing algorithm with (H[DIIS, i-1] + H[DIIS, i+1]).
Prev_Energies: (   -386.76724744,    -386.76724744)
SCF Change: DM 9.63616e-9; eev 3.74463e-4 Ha; etot 7.90124e-12 Ha
Energy:    -386.7672474361 Ha after   33 iterations (in       0.29 seconds).
Energy increase is detected. Turn on the linear mixing algorithm with (H[DIIS, i-1] + H[DIIS, i+1]).
Prev_Energies: (   -386.76724744,    -386.76724744)
SCF Change: DM 1.02446e-8; eev 3.97741e-4 Ha; etot 3.46745e-12 Ha
Energy:    -386.7672474361 Ha after   34 iterations (in       0.29 seconds).
SCF Change: DM 5.90041e-9; eev 1.04371e-4 Ha; etot -9.66338e-12 Ha
Energy:    -386.7672474361 Ha after   35 iterations (in       0.28 seconds).
Energy increase is detected. Turn on the linear mixing algorithm with (H[DIIS, i-1] + H[DIIS, i+1]).
Prev_Energies: (   -386.76724744,    -386.76724744)
SCF Change: DM 4.62172e-9; eev 6.86461e-5 Ha; etot 1.13687e-12 Ha
Energy:    -386.7672474361 Ha after   36 iterations (in       0.30 seconds).
Energy increase is detected. Turn on the linear mixing algorithm with (H[DIIS, i-1] + H[DIIS, i+1]).
Prev_Energies: (   -386.76724744,    -386.76724744)
SCF Change: DM 5.32975e-9; eev 8.68345e-5 Ha; etot 3.97904e-12 Ha
Energy:    -386.7672474361 Ha after   37 iterations (in       0.31 seconds).
SCF Change: DM 4.19561e-9; eev 8.01869e-5 Ha; etot -8.01492e-12 Ha
Energy:    -386.7672474361 Ha after   38 iterations (in       0.29 seconds).
Energy increase is detected. Turn on the linear mixing algorithm with (H[DIIS, i-1] + H[DIIS, i+1]).
Prev_Energies: (   -386.76724744,    -386.76724744)
SCF Change: DM 3.30524e-9; eev 6.44880e-5 Ha; etot 5.85487e-12 Ha
Energy:    -386.7672474361 Ha after   39 iterations (in       0.30 seconds).
Energy increase is detected. Turn on the linear mixing algorithm with (H[DIIS, i-1] + H[DIIS, i+1]).
Prev_Energies: (   -386.76724744,    -386.76724744)
SCF Change: DM 3.40954e-9; eev 6.31957e-5 Ha; etot 7.95808e-13 Ha
Energy:    -386.7672474361 Ha after   40 iterations (in       0.31 seconds).
Energy increase is detected. Turn on the linear mixing algorithm with (H[DIIS, i-1] + H[DIIS, i+1]).
Prev_Energies: (   -386.76724744,    -386.76724744)
SCF Change: DM 2.59830e-9; eev 5.18087e-5 Ha; etot 1.47793e-12 Ha
Energy:    -386.7672474361 Ha after   41 iterations (in       0.28 seconds).
SCF Change: DM 3.16459e-9; eev 4.26067e-5 Ha; etot -1.70530e-12 Ha
Energy:    -386.7672474361 Ha after   42 iterations (in       0.28 seconds).
Energy increase is detected. Turn on the linear mixing algorithm with (H[DIIS, i-1] + H[DIIS, i+1]).
Prev_Energies: (   -386.76724744,    -386.76724744)
SCF Change: DM 2.50928e-9; eev 3.40460e-5 Ha; etot 4.66116e-12 Ha
Energy:    -386.7672474361 Ha after   43 iterations (in       0.28 seconds).
Energy increase is detected. Turn on the linear mixing algorithm with (H[DIIS, i-1] + H[DIIS, i+1]).
Prev_Energies: (   -386.76724744,    -386.76724744)
SCF Change: DM 2.53069e-9; eev 3.40371e-5 Ha; etot 2.16005e-12 Ha
Energy:    -386.7672474361 Ha after   44 iterations (in       0.28 seconds).
SCF Change: DM 1.44580e-10; eev 2.12179e-6 Ha; etot -8.98126e-12 Ha
Energy:    -386.7672474361 Ha after   45 iterations (in       0.28 seconds).
SCF Change: DM 3.32979e-11; eev 4.68367e-7 Ha; etot -3.41061e-12 Ha
Energy:    -386.7672474361 Ha after   46 iterations (in       0.28 seconds).
Energy increase is detected. Turn on the linear mixing algorithm with (H[DIIS, i-1] + H[DIIS, i+1]).
Prev_Energies: (   -386.76724744,    -386.76724744)
SCF Change: DM 2.70612e-11; eev 3.97966e-7 Ha; etot 2.27374e-13 Ha
Energy:    -386.7672474361 Ha after   47 iterations (in       0.29 seconds).
Energy increase is detected. Turn on the linear mixing algorithm with (H[DIIS, i-1] + H[DIIS, i+1]).
Prev_Energies: (   -386.76724744,    -386.76724744)
SCF Change: DM 2.78444e-11; eev 3.98587e-7 Ha; etot 2.61480e-12 Ha
Energy:    -386.7672474361 Ha after   48 iterations (in       0.28 seconds).
SCF Change: DM 1.48454e-11; eev 1.46778e-7 Ha; etot -3.97904e-12 Ha
Energy:    -386.7672474361 Ha after   49 iterations (in       0.29 seconds).
Energy increase is detected. Turn on the linear mixing algorithm with (H[DIIS, i-1] + H[DIIS, i+1]).
Prev_Energies: (   -386.76724744,    -386.76724744)
SCF Change: DM 1.11585e-11; eev 1.15655e-7 Ha; etot 5.68434e-12 Ha
Energy:    -386.7672474361 Ha after   50 iterations (in       0.29 seconds).
SCF Change: DM 1.79096e-11; eev 1.53248e-7 Ha; etot -6.70752e-12 Ha
Energy:    -386.7672474361 Ha after   51 iterations (in       0.25 seconds).
Energy increase is detected. Turn on the linear mixing algorithm with (H[DIIS, i-1] + H[DIIS, i+1]).
Prev_Energies: (   -386.76724744,    -386.76724744)
SCF Change: DM 1.39338e-11; eev 1.20300e-7 Ha; etot 3.46745e-12 Ha
Energy:    -386.7672474361 Ha after   52 iterations (in       0.34 seconds).
Energy increase is detected. Turn on the linear mixing algorithm with (H[DIIS, i-1] + H[DIIS, i+1]).
Prev_Energies: (   -386.76724744,    -386.76724744)
SCF Change: DM 1.45295e-11; eev 1.29036e-7 Ha; etot 2.55795e-12 Ha
Energy:    -386.7672474361 Ha after   53 iterations (in       0.28 seconds).
SCF Change: DM 3.35420e-12; eev 4.94142e-8 Ha; etot -6.36646e-12 Ha
Energy:    -386.7672474361 Ha after   54 iterations (in       0.28 seconds).
SCF Change: DM 3.65168e-13; eev 7.76703e-9 Ha; etot -1.36424e-12 Ha
Energy:    -386.7672474361 Ha after   55 iterations (in       0.29 seconds).
SCF is converged after   55 iterations.
==========================================
Now evaluate the    PT2 correlation energy
==========================================
----------------------------------------------------------------------
Methods         :       Total Corr,          OS Corr,          SS Corr
----------------------------------------------------------------------
PT2             :      -1.72556315,      -1.24165757,      -0.48390558
----------------------------------------------------------------------
Fifth-rung correlation energy :      -0.541859362252 Ha
E[XYGJOS]=:    -386.33844132 Ha, Ex[HF]:     -30.26330925 Ha, Ec[PT2  ]:      -1.72556315 Ha
Mulliken population analysis:
  0-P  :  -0.124987
  1-Br :   0.041495
  2-Br :   0.041746
  3-Br :   0.041746

====================================================
              REST: Mission accomplished
====================================================
The SCF energy        :    -386.7672474361 Ha
The (R)-xDH energy    :    -386.3384413201 Ha
Detailed time report:
Overall   |:   20.658 s for the whole job
PT2       |:    0.504 s for the PT2 evaluation
SCF       |:   19.718 s for the scf procedure
