=========================================================
Input parameters for the REST calculation
=========================================================
Calculation type: Single-point energy
The exchange-correlation method: xygjos
Print level:                3
The number of threads used for parallelism:      4
The spheric-GTO basis set is taken from /home/symei/def2-TZVPP
The pruning method is nwchem
The radial grid generation method is treutler
ERI Type: ri_v
Turn on the basis pair symmetry for RI 3D-tensors
The spheric-GTO auxiliary basis set is taken from /home/symei/def2-SV(P)-JKFIT
Spin polarization: On
Charge:   0; Spin:   2
min_num_angular_points: 110
max_num_angular_points: 590
hardness: 3
Grid generation level: 3
Even tempered basis generation: false
SCF convergency thresholds: 1e-8 for density matrix
                            1e-6 Ha. for sum of eigenvalues
                            1e-8 Ha. for total energy
Max. SCF cycle number:      100
The diis mixing with (param, max_vec_len) = (0.2, 8) is employed for the SCF procedure
Turn on the diis mixing after 1 step(s) of SCF iteractions with the linear mixing
The specified checkfile exists but is not loaded because the keyword 'external_init_guess' is specified
It will be updated after the SCF procedure 
(none)
Initial guess is prepared by (sad).
It is a finite cluster calculation
the scf functional for 'xygjos' contains
The density functional 'B3LYP' belongs to the 'Hybrid GGA' family and is defined in the reference(s):
(0): P. J. Stephens, F. J. Devlin, C. F. Chabalowski, and M. J. Frisch.,  J. Phys. Chem. 98, 11623 (1994)
the post-scf functional 'xygjos' is employed, which contains
The density functional 'Slater exchange' belongs to the 'LDA' family and is defined in the reference(s):
(0): P. A. M. Dirac.,  Math. Proc. Cambridge Philos. Soc. 26, 376 (1930)
(1): F. Bloch.,  Z. Phys. 57, 545 (1929)
The density functional 'Becke 88' belongs to the 'GGA' family and is defined in the reference(s):
(0): A. D. Becke.,  Phys. Rev. A 38, 3098 (1988)
The density functional 'Vosko, Wilk & Nusair (VWN5_RPA)' belongs to the 'LDA' family and is defined in the reference(s):
(0): S. H. Vosko, L. Wilk, and M. Nusair.,  Can. J. Phys. 58, 1200 (1980)
The density functional 'Lee, Yang & Parr' belongs to the 'GGA' family and is defined in the reference(s):
(0): C. Lee, W. Yang, and R. G. Parr.,  Phys. Rev. B 37, 785 (1988)
(1): B. Miehlich, A. Savin, H. Stoll, and H. Preuss.,  Chem. Phys. Lett. 157, 200 (1989)
For SCF calculation, no core orbital is frozen by effective core potential (ECP) approximation
Libxc version used in REST: 7.0.0
nbas: 6, natm: 1 for standard basis sets
First valence state for the frozen-core algorithm:     0
final nbas: 12,final natm: 2
numbasis: 14, num_auxbas: 18
Molecule_name: h
job_type = "SinglePoint"
print_level = 3
basis_path = "/home/symei/def2-TZVPP"
basis_type = "spheric"
auxbas_path = "/home/symei/def2-SV(P)-JKFIT"
auxbas_type = "spheric"
use_auxbas = true
even_tempered_basis = false
etb_start_atom_number = 1
etb_beta = 1.0
ri_k_only = false
auxbasis_response = false
use_isdf = false
isdf_k_only = false
isdf_k_mu = 8
isdf_new = false
eri_type = "ri_v"
use_ri_symm = true
xc = "xygjos"
post_xc = []
post_correlation = []
post_ai_correction = "none"
charge = 0.0
spin = 2.0
spin_channel = 2
spin_polarization = true
frozen_core_postscf = 2
frequency_points = 20
lambda_points = 20
freq_grid_type = 0
freq_cut_off = 10.0
radial_precision = 0.000000000001
min_num_angular_points = 110
max_num_angular_points = 590
grid_gen_level = 3
hardness = 3
pruning = "nwchem"
rad_grid_method = "treutler"
external_grids = "grids"
mixer = "diis"
mix_param = 0.2
num_max_diis = 8
start_diis_cycle = 1
start_check_oscillation = 20
max_scf_cycle = 100
scf_acc_rho = 0.00000001
scf_acc_eev = 0.000001
scf_acc_etot = 0.00000001
restart = false
chkfile = "none"
chkfile_type = "hdf5"
guessfile = "none"
guessfile_type = "none"
external_init_guess = false
initial_guess = "sad"
noiter = false
check_stab = false
use_dm_only = false
use_ri_vj = true
fciqmc_dump = false
outputs = []
cube_orb_setting = [3.0, 80.0]
cube_orb_indices = []
atom_sad = false
occupation_type = "INTEGER"
frac_tolerant = 0.001
deep_pot = false
bench_eps = false
num_threads = 4
batch_size = 64
nforce_displacement = 0.0013
force_state_occupation = []
auxiliary_reference_states = []
pt2_mpi_mode = 0

Unrestricted Hartree-Fock (or Kohn-Sham) algorithm is invoked.
Nuc_energy:       0.00000000 Hartree
no empirical dispersion correction is employed
No ghost effective potential
No ghost point charges
Detailed time report:
aux_ij    |:    0.000 s for for the coulomb matrix of auxiliary basis
all ri    |:    0.021 s for for the total evaluations of ri3fn
prim ri   |:    0.001 s for for the pure three-center integrals
inv_sqrt  |:    0.020 s for for the sqrt inverse of aux_ij
ri_v      |:    0.000 s for for RI dot aux_v^{-1/2}
Overlap matrix is nonsigular:
  Lowest eigenvalue:       0.10940728 with the total number of basis functions:     14
Grid size: 10024
Generate SAD of H
the functional of 'hf' contains
For SCF calculation, no core orbital is frozen by effective core potential (ECP) approximation
Libxc version used in REST: 7.0.0
nbas: 6, natm: 1 for standard basis sets
First valence state for the frozen-core algorithm:     0
final nbas: 12,final natm: 2
numbasis: 14, num_auxbas: 18
Unrestricted Hartree-Fock (or Kohn-Sham) algorithm is invoked.
Nuc_energy:       0.00000000 Hartree
no empirical dispersion correction is employed
No ghost effective potential
No ghost point charges
Detailed time report:
all ri    |:    0.001 s for for the total evaluations of ri3fn
prim ri   |:    0.000 s for for the pure three-center integrals
aux_ij    |:    0.000 s for for the coulomb matrix of auxiliary basis
inv_sqrt  |:    0.000 s for for the sqrt inverse of aux_ij
ri_v      |:    0.000 s for for RI dot aux_v^{-1/2}
Overlap matrix is nonsigular:
  Lowest eigenvalue:       0.10940728 with the total number of basis functions:     14
Grid size: 10024
Initial guess from SAP
The evaluation of vmat costs             0.01 seconds
Detailed time report:
InitGuess |:    0.008 s for Prepare initial guess
Overall   |:    0.019 s for SCF Preparation
DFT Grids |:    0.010 s for Initialization of the tabulated Grids and AOs
CInt      |:    0.001 s for Two, Three, and Four-center integrals
ISDF      |:    0.000 s for ISDF initialization
Exc:       0.00000000, Vxc:       0.00000000
The total energy:        -0.4746750264 Ha by the initial guess
Exc:       0.00000000, Vxc:       0.00000000
Energy:      -0.4947605578 Ha with <S^2> =  0.750 and <2S+1> =  2.000 after    1 iterations (in       0.00 seconds).
Detailed timing info in this SCF step:
prepare_next_input:            0.00s
diagonalize_hamiltonian:       0.00s
generate_density_matrix:       0.00s
check_scf_convergence:         0.00s
scf_records.update:            0.00s
Exc:       0.00000000, Vxc:       0.00000000
SCF Change: DM (2.42831e-3, 0.00000e0); eev 1.75389e-1 Ha; etot -7.45427e-3 Ha
Energy:      -0.5022148265 Ha with <S^2> =  0.750 and <2S+1> =  2.000 after    2 iterations (in       0.00 seconds).
Detailed timing info in this SCF step:
prepare_next_input:            0.00s
diagonalize_hamiltonian:       0.00s
generate_density_matrix:       0.00s
check_scf_convergence:         0.00s
scf_records.update:            0.00s
Exc:       0.00000000, Vxc:       0.00000000
SCF Change: DM (4.89184e-4, 0.00000e0); eev 6.79785e-2 Ha; etot 1.31784e-3 Ha
Energy:      -0.5008969838 Ha with <S^2> =  0.750 and <2S+1> =  2.000 after    3 iterations (in       0.00 seconds).
Detailed timing info in this SCF step:
prepare_next_input:            0.00s
diagonalize_hamiltonian:       0.00s
generate_density_matrix:       0.00s
check_scf_convergence:         0.00s
scf_records.update:            0.00s
Exc:       0.00000000, Vxc:       0.00000000
SCF Change: DM (6.14473e-5, 0.00000e0); eev 1.58155e-2 Ha; etot 9.31515e-4 Ha
Energy:      -0.4999654685 Ha with <S^2> =  0.750 and <2S+1> =  2.000 after    4 iterations (in       0.00 seconds).
Detailed timing info in this SCF step:
prepare_next_input:            0.00s
diagonalize_hamiltonian:       0.00s
generate_density_matrix:       0.00s
check_scf_convergence:         0.00s
scf_records.update:            0.00s
Exc:       0.00000000, Vxc:       0.00000000
SCF Change: DM (3.39240e-5, 0.00000e0); eev 1.39012e-3 Ha; etot 1.87791e-4 Ha
Energy:      -0.4997776776 Ha with <S^2> =  0.750 and <2S+1> =  2.000 after    5 iterations (in       0.00 seconds).
Detailed timing info in this SCF step:
prepare_next_input:            0.00s
diagonalize_hamiltonian:       0.00s
generate_density_matrix:       0.00s
check_scf_convergence:         0.00s
scf_records.update:            0.00s
Exc:       0.00000000, Vxc:       0.00000000
SCF Change: DM (1.39081e-5, 0.00000e0); eev 7.49941e-4 Ha; etot -4.66356e-6 Ha
Energy:      -0.4997823411 Ha with <S^2> =  0.750 and <2S+1> =  2.000 after    6 iterations (in       0.00 seconds).
Detailed timing info in this SCF step:
prepare_next_input:            0.00s
diagonalize_hamiltonian:       0.00s
generate_density_matrix:       0.00s
check_scf_convergence:         0.00s
scf_records.update:            0.00s
Exc:       0.00000000, Vxc:       0.00000000
SCF Change: DM (3.24050e-6, 0.00000e0); eev 4.38958e-4 Ha; etot -1.82058e-5 Ha
Energy:      -0.4998005469 Ha with <S^2> =  0.750 and <2S+1> =  2.000 after    7 iterations (in       0.00 seconds).
Detailed timing info in this SCF step:
prepare_next_input:            0.00s
diagonalize_hamiltonian:       0.00s
generate_density_matrix:       0.00s
check_scf_convergence:         0.00s
scf_records.update:            0.00s
Exc:       0.00000000, Vxc:       0.00000000
SCF Change: DM (3.23524e-7, 0.00000e0); eev 1.46853e-4 Ha; etot -9.28526e-6 Ha
Energy:      -0.4998098322 Ha with <S^2> =  0.750 and <2S+1> =  2.000 after    8 iterations (in       0.01 seconds).
Detailed timing info in this SCF step:
prepare_next_input:            0.01s
diagonalize_hamiltonian:       0.00s
generate_density_matrix:       0.00s
check_scf_convergence:         0.00s
scf_records.update:            0.00s
Exc:       0.00000000, Vxc:       0.00000000
SCF Change: DM (1.39114e-7, 0.00000e0); eev 8.51566e-6 Ha; etot -2.91858e-11 Ha
Energy:      -0.4998098322 Ha with <S^2> =  0.750 and <2S+1> =  2.000 after    9 iterations (in       0.00 seconds).
Detailed timing info in this SCF step:
prepare_next_input:            0.00s
diagonalize_hamiltonian:       0.00s
generate_density_matrix:       0.00s
check_scf_convergence:         0.00s
scf_records.update:            0.00s
Exc:       0.00000000, Vxc:       0.00000000
SCF Change: DM (4.82128e-8, 0.00000e0); eev 1.22527e-6 Ha; etot -2.64549e-12 Ha
Energy:      -0.4998098322 Ha with <S^2> =  0.750 and <2S+1> =  2.000 after   10 iterations (in       0.00 seconds).
Detailed timing info in this SCF step:
prepare_next_input:            0.00s
diagonalize_hamiltonian:       0.00s
generate_density_matrix:       0.00s
check_scf_convergence:         0.00s
scf_records.update:            0.00s
Exc:       0.00000000, Vxc:       0.00000000
SCF Change: DM (4.02722e-14, 0.00000e0); eev 2.50084e-12 Ha; etot -5.79536e-14 Ha
Energy:      -0.4998098322 Ha with <S^2> =  0.750 and <2S+1> =  2.000 after   11 iterations (in       0.00 seconds).
Detailed timing info in this SCF step:
prepare_next_input:            0.00s
diagonalize_hamiltonian:       0.00s
generate_density_matrix:       0.00s
check_scf_convergence:         0.00s
scf_records.update:            0.00s
SCF is converged after   11 iterations.
Spin-up eigenvalues
 
   State    Occupation        Eigenvalue
       0       1.00000         -0.499810
       1       0.00000          0.354348
       2       0.00000          0.738499
       3       0.00000          0.738499
 
Spin-down eigenvalues
 
   State    Occupation        Eigenvalue
the number of eigenvalues in 1 spin channel is 1
the job spends             0.04 seconds
electron number in alpha-channel:   1.00000000
electron number in beta-channel:    0.00000000
The evaluation of Vj, Vk and Vxc matrices cost       0.00,       0.00 and       0.01 seconds, respectively
Exc:      -0.25207949, Vxc:      -0.15985481
Initial guess HF energy:      -0.5019056715982004
Initial density matrix by Atom SAD:
                 0,           1,           2,           3,           4
    0     0.060680,    0.116230,    0.101544,    0.000000,    0.000000
    1     0.116230,    0.222631,    0.194502,    0.000000,    0.000000
    2     0.101544,    0.194502,    0.169927,    0.000000,    0.000000
    3     0.000000,    0.000000,    0.000000,    0.000000,    0.000000
    4     0.000000,    0.000000,    0.000000,    0.000000,    0.000000
    5    -0.000000,   -0.000000,   -0.000000,   -0.000000,   -0.000000
    6     0.000000,    0.000000,    0.000000,    0.000000,    0.000000
    7    -0.000000,   -0.000000,   -0.000000,   -0.000000,   -0.000000
    8     0.000000,    0.000000,    0.000000,    0.000000,    0.000000
    9     0.000000,    0.000000,    0.000000,    0.000000,    0.000000
   10    -0.000000,   -0.000000,   -0.000000,   -0.000000,   -0.000000
   11     0.000000,    0.000000,    0.000000,    0.000000,    0.000000
   12    -0.000000,   -0.000000,   -0.000000,   -0.000000,   -0.000000
   13    -0.000000,   -0.000000,   -0.000000,   -0.000000,   -0.000000
                 5,           6,           7,           8,           9
    0    -0.000000,    0.000000,   -0.000000,    0.000000,    0.000000
    1    -0.000000,    0.000000,   -0.000000,    0.000000,    0.000000
    2    -0.000000,    0.000000,   -0.000000,    0.000000,    0.000000
    3    -0.000000,    0.000000,   -0.000000,    0.000000,    0.000000
    4    -0.000000,    0.000000,   -0.000000,    0.000000,    0.000000
    5     0.000000,   -0.000000,    0.000000,   -0.000000,   -0.000000
    6    -0.000000,    0.000000,   -0.000000,    0.000000,    0.000000
    7     0.000000,   -0.000000,    0.000000,   -0.000000,   -0.000000
    8    -0.000000,    0.000000,   -0.000000,    0.000000,    0.000000
    9    -0.000000,    0.000000,   -0.000000,    0.000000,    0.000000
   10     0.000000,   -0.000000,    0.000000,   -0.000000,   -0.000000
   11    -0.000000,    0.000000,   -0.000000,    0.000000,    0.000000
   12     0.000000,   -0.000000,    0.000000,   -0.000000,   -0.000000
   13     0.000000,   -0.000000,    0.000000,   -0.000000,   -0.000000
                10,          11,          12,          13
    0    -0.000000,    0.000000,   -0.000000,   -0.000000
    1    -0.000000,    0.000000,   -0.000000,   -0.000000
    2    -0.000000,    0.000000,   -0.000000,   -0.000000
    3    -0.000000,    0.000000,   -0.000000,   -0.000000
    4    -0.000000,    0.000000,   -0.000000,   -0.000000
    5     0.000000,   -0.000000,    0.000000,    0.000000
    6    -0.000000,    0.000000,   -0.000000,   -0.000000
    7     0.000000,   -0.000000,    0.000000,    0.000000
    8    -0.000000,    0.000000,   -0.000000,   -0.000000
    9    -0.000000,    0.000000,   -0.000000,   -0.000000
   10     0.000000,   -0.000000,    0.000000,    0.000000
   11    -0.000000,    0.000000,   -0.000000,   -0.000000
   12     0.000000,   -0.000000,    0.000000,    0.000000
   13     0.000000,   -0.000000,    0.000000,    0.000000
Detailed time report:
Overall   |:    0.129 s for SCF Preparation
CInt      |:    0.029 s for Two, Three, and Four-center integrals
ISDF      |:    0.000 s for ISDF initialization
InitGuess |:    0.065 s for Prepare initial guess
DFT Grids |:    0.036 s for Initialization of the tabulated Grids and AOs
electron number in alpha-channel:   1.00000000
electron number in beta-channel:    0.00000000
The evaluation of Vj, Vk and Vxc matrices cost       0.00,       0.00 and       0.01 seconds, respectively
Exc:      -0.25024558, Vxc:      -0.15863210
The total energy:        -0.5021724740 Ha by the initial guess
electron number in alpha-channel:   1.00000000
electron number in beta-channel:    0.00000000
The evaluation of Vj, Vk and Vxc matrices cost       0.00,       0.00 and       0.01 seconds, respectively
Exc:      -0.25013366, Vxc:      -0.15855413
Hamiltonian: generation by       0.01s and DIIS extrapolation by       0.00s
Energy:      -0.5021762931 Ha with <S^2> =  0.750 and <2S+1> =  2.000 after    1 iterations (in       0.01 seconds).
Detailed timing info in this SCF step:
prepare_next_input:            0.01s
diagonalize_hamiltonian:       0.00s
generate_density_matrix:       0.00s
check_scf_convergence:         0.00s
scf_records.update:            0.00s
electron number in alpha-channel:   1.00000000
electron number in beta-channel:    0.00000000
The evaluation of Vj, Vk and Vxc matrices cost       0.00,       0.00 and       0.01 seconds, respectively
Exc:      -0.25012263, Vxc:      -0.15854629
Hamiltonian: generation by       0.01s and DIIS extrapolation by       0.00s
SCF Change: DM (5.29572e-6, 0.00000e0); eev 1.39888e-4 Ha; etot -5.69286e-8 Ha
Energy:      -0.5021763500 Ha with <S^2> =  0.750 and <2S+1> =  2.000 after    2 iterations (in       0.01 seconds).
Detailed timing info in this SCF step:
prepare_next_input:            0.01s
diagonalize_hamiltonian:       0.00s
generate_density_matrix:       0.00s
check_scf_convergence:         0.00s
scf_records.update:            0.00s
electron number in alpha-channel:   1.00000000
electron number in beta-channel:    0.00000000
The evaluation of Vj, Vk and Vxc matrices cost       0.00,       0.00 and       0.01 seconds, respectively
Exc:      -0.25012115, Vxc:      -0.15854524
Hamiltonian: generation by       0.01s and DIIS extrapolation by       0.00s
SCF Change: DM (3.88142e-9, 0.00000e0); eev 4.16673e-7 Ha; etot -8.62558e-10 Ha
Energy:      -0.5021763509 Ha with <S^2> =  0.750 and <2S+1> =  2.000 after    3 iterations (in       0.01 seconds).
Detailed timing info in this SCF step:
prepare_next_input:            0.01s
diagonalize_hamiltonian:       0.00s
generate_density_matrix:       0.00s
check_scf_convergence:         0.00s
scf_records.update:            0.00s
SCF is converged after    3 iterations.
Spin-up eigenvalues
 
   State    Occupation        Eigenvalue
       0       1.00000         -0.321685
       1       0.00000          0.247942
       2       0.00000          0.572122
       3       0.00000          0.572122
 
Spin-down eigenvalues
 
   State    Occupation        Eigenvalue
       0       0.00000         -0.026816
       1       0.00000          0.411604
       2       0.00000          0.737776
       3       0.00000          0.737776
==========================================
Now evaluate the    PT2 correlation energy
==========================================
generate RI3MO only for occ_range:0..1, vir_range:0..14
Finish the RI3MO generation
Exc_scf: (-0.2501211500790023,0.2),Exc_pos: (-0.06948886603614432,0.7731)
----------------------------------------------------------------------
Methods         :       Total Corr,          OS Corr,          SS Corr
----------------------------------------------------------------------
PT2             :       0.00000000,       0.00000000,       0.00000000
----------------------------------------------------------------------
Fifth-rung correlation energy :       0.000000000000 Ha
E[XYGJOS]=:      -0.49881886 Ha, Ex[HF]:      -0.30932611 Ha, Ec[PT2  ]:       0.00000000 Ha
Detailed time report:
ao2mo     |:    0.000 s for for the generation of RI3MO
xc_energy |:    0.030 s for for x_hf, xc_scf, xc_xdh
c_r5dft   |:    0.002 s for for advanced correlations
Mulliken population:
 0-H-S-0              0.18179
 0-H-S-0              0.45402
 0-H-S-0              0.36419
 0-H-P-0              0.00000
 0-H-P-1             -0.00000
 0-H-P-2             -0.00000
 0-H-P-0              0.00000
 0-H-P-1              0.00000
 0-H-P-2              0.00000
 0-H-D-0              0.00000
 0-H-D-1              0.00000
 0-H-D-2              0.00000
 0-H-D-3              0.00000
 0-H-D-4              0.00000
Mulliken population analysis:
  0-H  :  -0.000000

====================================================
              REST: Mission accomplished
====================================================
The SCF energy        :      -0.5021763509 Ha
The (R)-xDH energy    :      -0.4988188593 Ha
Detailed time report:
Overall   |:    0.790 s for the whole job
SCF       |:    0.165 s for the scf procedure
PT2       |:    0.033 s for the PT2 evaluation
