=========================================================
Input parameters for the REST calculation
=========================================================
Calculation type: Single-point energy
The exchange-correlation method: xygjos
Print level:                3
The number of threads used for parallelism:      4
The spheric-GTO basis set is taken from /home/symei/def2-TZVPP
The pruning method is nwchem
The radial grid generation method is treutler
ERI Type: ri_v
Turn on the basis pair symmetry for RI 3D-tensors
The spheric-GTO auxiliary basis set is taken from /home/symei/def2-SV(P)-JKFIT
Spin polarization: On
Charge:   0; Spin:   4
min_num_angular_points: 110
max_num_angular_points: 590
hardness: 3
Grid generation level: 3
Even tempered basis generation: false
SCF convergency thresholds: 1e-8 for density matrix
                            1e-6 Ha. for sum of eigenvalues
                            1e-8 Ha. for total energy
Max. SCF cycle number:      100
The diis mixing with (param, max_vec_len) = (0.2, 8) is employed for the SCF procedure
Turn on the diis mixing after 1 step(s) of SCF iteractions with the linear mixing
The specified checkfile exists but is not loaded because the keyword 'external_init_guess' is specified
It will be updated after the SCF procedure 
(none)
Initial guess is prepared by (sad).
It is a finite cluster calculation
the scf functional for 'xygjos' contains
The density functional 'B3LYP' belongs to the 'Hybrid GGA' family and is defined in the reference(s):
(0): P. J. Stephens, F. J. Devlin, C. F. Chabalowski, and M. J. Frisch.,  J. Phys. Chem. 98, 11623 (1994)
the post-scf functional 'xygjos' is employed, which contains
The density functional 'Slater exchange' belongs to the 'LDA' family and is defined in the reference(s):
(0): P. A. M. Dirac.,  Math. Proc. Cambridge Philos. Soc. 26, 376 (1930)
(1): F. Bloch.,  Z. Phys. 57, 545 (1929)
The density functional 'Becke 88' belongs to the 'GGA' family and is defined in the reference(s):
(0): A. D. Becke.,  Phys. Rev. A 38, 3098 (1988)
The density functional 'Vosko, Wilk & Nusair (VWN5_RPA)' belongs to the 'LDA' family and is defined in the reference(s):
(0): S. H. Vosko, L. Wilk, and M. Nusair.,  Can. J. Phys. 58, 1200 (1980)
The density functional 'Lee, Yang & Parr' belongs to the 'GGA' family and is defined in the reference(s):
(0): C. Lee, W. Yang, and R. G. Parr.,  Phys. Rev. B 37, 785 (1988)
(1): B. Miehlich, A. Savin, H. Stoll, and H. Preuss.,  Chem. Phys. Lett. 157, 200 (1989)
For SCF calculation, no core orbital is frozen by effective core potential (ECP) approximation
Libxc version used in REST: 7.0.0
nbas: 14, natm: 1 for standard basis sets
First valence state for the frozen-core algorithm:     1
final nbas: 52,final natm: 2
numbasis: 42, num_auxbas: 128
Molecule_name: p
job_type = "SinglePoint"
print_level = 3
basis_path = "/home/symei/def2-TZVPP"
basis_type = "spheric"
auxbas_path = "/home/symei/def2-SV(P)-JKFIT"
auxbas_type = "spheric"
use_auxbas = true
even_tempered_basis = false
etb_start_atom_number = 1
etb_beta = 1.0
ri_k_only = false
auxbasis_response = false
use_isdf = false
isdf_k_only = false
isdf_k_mu = 8
isdf_new = false
eri_type = "ri_v"
use_ri_symm = true
xc = "xygjos"
post_xc = []
post_correlation = []
post_ai_correction = "none"
charge = 0.0
spin = 4.0
spin_channel = 2
spin_polarization = true
frozen_core_postscf = 2
frequency_points = 20
lambda_points = 20
freq_grid_type = 0
freq_cut_off = 10.0
radial_precision = 0.000000000001
min_num_angular_points = 110
max_num_angular_points = 590
grid_gen_level = 3
hardness = 3
pruning = "nwchem"
rad_grid_method = "treutler"
external_grids = "grids"
mixer = "diis"
mix_param = 0.2
num_max_diis = 8
start_diis_cycle = 1
start_check_oscillation = 20
max_scf_cycle = 100
scf_acc_rho = 0.00000001
scf_acc_eev = 0.000001
scf_acc_etot = 0.00000001
restart = false
chkfile = "none"
chkfile_type = "hdf5"
guessfile = "none"
guessfile_type = "none"
external_init_guess = false
initial_guess = "sad"
noiter = false
check_stab = false
use_dm_only = false
use_ri_vj = true
fciqmc_dump = false
outputs = []
cube_orb_setting = [3.0, 80.0]
cube_orb_indices = []
atom_sad = false
occupation_type = "INTEGER"
frac_tolerant = 0.001
deep_pot = false
bench_eps = false
num_threads = 4
batch_size = 64
nforce_displacement = 0.0013
force_state_occupation = []
auxiliary_reference_states = []
pt2_mpi_mode = 0

Unrestricted Hartree-Fock (or Kohn-Sham) algorithm is invoked.
Nuc_energy:       0.00000000 Hartree
no empirical dispersion correction is employed
No ghost effective potential
No ghost point charges
Detailed time report:
ri_v      |:    0.001 s for for RI dot aux_v^{-1/2}
inv_sqrt  |:    0.025 s for for the sqrt inverse of aux_ij
all ri    |:    0.034 s for for the total evaluations of ri3fn
prim ri   |:    0.006 s for for the pure three-center integrals
aux_ij    |:    0.002 s for for the coulomb matrix of auxiliary basis
Overlap matrix is nonsigular:
  Lowest eigenvalue:       0.05460075 with the total number of basis functions:     42
Grid size: 18880
Generate SAD of P
the functional of 'hf' contains
For SCF calculation, no core orbital is frozen by effective core potential (ECP) approximation
Libxc version used in REST: 7.0.0
nbas: 14, natm: 1 for standard basis sets
First valence state for the frozen-core algorithm:     0
final nbas: 52,final natm: 2
numbasis: 42, num_auxbas: 128
Restricted Hartree-Fock (or Kohn-Sham) algorithm is invoked.
Nuc_energy:       0.00000000 Hartree
no empirical dispersion correction is employed
No ghost effective potential
No ghost point charges
Detailed time report:
all ri    |:    0.012 s for for the total evaluations of ri3fn
ri_v      |:    0.002 s for for RI dot aux_v^{-1/2}
aux_ij    |:    0.003 s for for the coulomb matrix of auxiliary basis
prim ri   |:    0.003 s for for the pure three-center integrals
inv_sqrt  |:    0.004 s for for the sqrt inverse of aux_ij
Overlap matrix is nonsigular:
  Lowest eigenvalue:       0.05460075 with the total number of basis functions:     42
Grid size: 18880
Initial guess from SAP
The evaluation of vmat costs             0.02 seconds
Detailed time report:
ISDF      |:    0.000 s for ISDF initialization
CInt      |:    0.014 s for Two, Three, and Four-center integrals
Overall   |:    0.090 s for SCF Preparation
DFT Grids |:    0.054 s for Initialization of the tabulated Grids and AOs
InitGuess |:    0.023 s for Prepare initial guess
Exc:       0.00000000, Vxc:       0.00000000
The total energy:      -340.3546355862 Ha by the initial guess
Exc:       0.00000000, Vxc:       0.00000000
Energy:    -340.3792406918 Ha after    1 iterations (in       0.00 seconds).
Detailed timing info in this SCF step:
prepare_next_input:            0.00s
diagonalize_hamiltonian:       0.00s
generate_density_matrix:       0.00s
check_scf_convergence:         0.00s
scf_records.update:            0.00s
Exc:       0.00000000, Vxc:       0.00000000
SCF Change: DM 7.35892e-4; eev 4.82743e-2 Ha; etot 9.21585e-3 Ha
Energy:    -340.3700248425 Ha after    2 iterations (in       0.00 seconds).
Detailed timing info in this SCF step:
prepare_next_input:            0.00s
diagonalize_hamiltonian:       0.00s
generate_density_matrix:       0.00s
check_scf_convergence:         0.00s
scf_records.update:            0.00s
Exc:       0.00000000, Vxc:       0.00000000
SCF Change: DM 1.77506e-4; eev 9.15464e-3 Ha; etot 1.01229e-3 Ha
Energy:    -340.3690125527 Ha after    3 iterations (in       0.00 seconds).
Detailed timing info in this SCF step:
prepare_next_input:            0.00s
diagonalize_hamiltonian:       0.00s
generate_density_matrix:       0.00s
check_scf_convergence:         0.00s
scf_records.update:            0.00s
Exc:       0.00000000, Vxc:       0.00000000
SCF Change: DM 1.24417e-4; eev 1.26006e-2 Ha; etot -1.23623e-3 Ha
Energy:    -340.3702487782 Ha after    4 iterations (in       0.00 seconds).
Detailed timing info in this SCF step:
prepare_next_input:            0.00s
diagonalize_hamiltonian:       0.00s
generate_density_matrix:       0.00s
check_scf_convergence:         0.00s
scf_records.update:            0.00s
Exc:       0.00000000, Vxc:       0.00000000
SCF Change: DM 4.35955e-5; eev 9.98275e-4 Ha; etot 1.89387e-4 Ha
Energy:    -340.3700593908 Ha after    5 iterations (in       0.00 seconds).
Detailed timing info in this SCF step:
prepare_next_input:            0.00s
diagonalize_hamiltonian:       0.00s
generate_density_matrix:       0.00s
check_scf_convergence:         0.00s
scf_records.update:            0.00s
Exc:       0.00000000, Vxc:       0.00000000
SCF Change: DM 2.91829e-5; eev 3.63081e-3 Ha; etot 8.84491e-5 Ha
Energy:    -340.3699709417 Ha after    6 iterations (in       0.00 seconds).
Detailed timing info in this SCF step:
prepare_next_input:            0.00s
diagonalize_hamiltonian:       0.00s
generate_density_matrix:       0.00s
check_scf_convergence:         0.00s
scf_records.update:            0.00s
Exc:       0.00000000, Vxc:       0.00000000
SCF Change: DM 1.36264e-5; eev 8.48301e-5 Ha; etot -1.15158e-4 Ha
Energy:    -340.3700861001 Ha after    7 iterations (in       0.00 seconds).
Detailed timing info in this SCF step:
prepare_next_input:            0.00s
diagonalize_hamiltonian:       0.00s
generate_density_matrix:       0.00s
check_scf_convergence:         0.00s
scf_records.update:            0.00s
Exc:       0.00000000, Vxc:       0.00000000
SCF Change: DM 1.00505e-5; eev 1.35047e-3 Ha; etot 3.73160e-5 Ha
Energy:    -340.3700487841 Ha after    8 iterations (in       0.01 seconds).
Detailed timing info in this SCF step:
prepare_next_input:            0.01s
diagonalize_hamiltonian:       0.00s
generate_density_matrix:       0.00s
check_scf_convergence:         0.00s
scf_records.update:            0.00s
Exc:       0.00000000, Vxc:       0.00000000
SCF Change: DM 1.58185e-6; eev 4.61457e-4 Ha; etot -1.61962e-8 Ha
Energy:    -340.3700488003 Ha after    9 iterations (in       0.00 seconds).
Detailed timing info in this SCF step:
prepare_next_input:            0.00s
diagonalize_hamiltonian:       0.00s
generate_density_matrix:       0.00s
check_scf_convergence:         0.00s
scf_records.update:            0.00s
Exc:       0.00000000, Vxc:       0.00000000
SCF Change: DM 1.20300e-7; eev 3.95506e-5 Ha; etot -1.05553e-9 Ha
Energy:    -340.3700488014 Ha after   10 iterations (in       0.00 seconds).
Detailed timing info in this SCF step:
prepare_next_input:            0.00s
diagonalize_hamiltonian:       0.00s
generate_density_matrix:       0.00s
check_scf_convergence:         0.00s
scf_records.update:            0.00s
Exc:       0.00000000, Vxc:       0.00000000
SCF Change: DM 1.56845e-8; eev 1.86083e-6 Ha; etot -6.87805e-12 Ha
Energy:    -340.3700488014 Ha after   11 iterations (in       0.00 seconds).
Detailed timing info in this SCF step:
prepare_next_input:            0.00s
diagonalize_hamiltonian:       0.00s
generate_density_matrix:       0.00s
check_scf_convergence:         0.00s
scf_records.update:            0.00s
Exc:       0.00000000, Vxc:       0.00000000
SCF Change: DM 4.20906e-9; eev 4.14092e-8 Ha; etot -2.84217e-13 Ha
Energy:    -340.3700488014 Ha after   12 iterations (in       0.00 seconds).
Detailed timing info in this SCF step:
prepare_next_input:            0.00s
diagonalize_hamiltonian:       0.00s
generate_density_matrix:       0.00s
check_scf_convergence:         0.00s
scf_records.update:            0.00s
Exc:       0.00000000, Vxc:       0.00000000
SCF Change: DM 1.40025e-10; eev 1.88673e-9 Ha; etot  0.00000e0 Ha
Energy:    -340.3700488014 Ha after   13 iterations (in       0.00 seconds).
Detailed timing info in this SCF step:
prepare_next_input:            0.00s
diagonalize_hamiltonian:       0.00s
generate_density_matrix:       0.00s
check_scf_convergence:         0.00s
scf_records.update:            0.00s
SCF is converged after   13 iterations.
   State    Occupation        Eigenvalue
       0       2.00000        -80.051452
       1       2.00000         -7.586053
       2       2.00000         -5.475410
       3       2.00000         -5.475410
       4       2.00000         -5.475410
       5       2.00000         -0.734837
       6       1.00000         -0.188196
       7       1.00000         -0.188196
       8       1.00000         -0.188196
       9       0.00000          0.353420
      10       0.00000          0.353420
      11       0.00000          0.353420
the job spends             0.14 seconds
electron number in alpha-channel:   7.50000000
electron number in beta-channel:    7.50000000
The evaluation of Vj, Vk and Vxc matrices cost       0.00,       0.00 and       0.03 seconds, respectively
Exc:     -18.58063257, Vxc:     -11.96396533
Initial guess HF energy:    -341.1598752030162700
Initial density matrix by Atom SAD:
                 0,           1,           2,           3,           4
    0     1.082896,    0.052645,   -0.270442,    0.058399,    0.035370
    1     0.052645,    0.079595,   -0.251662,    0.065767,    0.041774
    2    -0.270442,   -0.251662,    0.837497,   -0.338759,   -0.202474
    3     0.058399,    0.065767,   -0.338759,    0.585915,    0.320671
    4     0.035370,    0.041774,   -0.202474,    0.320671,    0.175966
    5     0.000000,    0.000000,   -0.000000,    0.000000,   -0.000000
    6     0.000000,    0.000000,    0.000000,    0.000000,   -0.000000
    7    -0.000000,   -0.000000,    0.000000,   -0.000000,    0.000000
    8    -0.000000,    0.000000,    0.000000,    0.000000,   -0.000000
    9    -0.000000,    0.000000,    0.000000,   -0.000000,   -0.000000
   10     0.000000,   -0.000000,   -0.000000,   -0.000000,    0.000000
   11    -0.000000,   -0.000000,    0.000000,   -0.000000,    0.000000
   12    -0.000000,   -0.000000,    0.000000,   -0.000000,    0.000000
   13    -0.000000,    0.000000,   -0.000000,    0.000000,    0.000000
   14    -0.000000,   -0.000000,    0.000000,   -0.000000,    0.000000
   15     0.000000,    0.000000,   -0.000000,    0.000000,    0.000000
   16    -0.000000,   -0.000000,    0.000000,   -0.000000,   -0.000000
   17     0.000000,    0.000000,    0.000000,   -0.000000,    0.000000
   18    -0.000000,   -0.000000,    0.000000,   -0.000000,   -0.000000
   19    -0.000000,    0.000000,   -0.000000,    0.000000,    0.000000
   20     0.000000,    0.000000,   -0.000000,    0.000000,    0.000000
   21     0.000000,    0.000000,   -0.000000,    0.000000,    0.000000
   22    -0.000000,   -0.000000,    0.000000,   -0.000000,   -0.000000
   23     0.000000,    0.000000,   -0.000000,    0.000000,    0.000000
   24    -0.000000,   -0.000000,    0.000000,   -0.000000,   -0.000000
   25     0.000000,    0.000000,   -0.000000,    0.000000,    0.000000
   26     0.000000,    0.000000,   -0.000000,    0.000000,    0.000000
   27    -0.000000,   -0.000000,    0.000000,   -0.000000,   -0.000000
   28     0.000000,    0.000000,   -0.000000,    0.000000,    0.000000
   29     0.000000,    0.000000,   -0.000000,   -0.000000,   -0.000000
   30    -0.000000,   -0.000000,    0.000000,    0.000000,    0.000000
   31    -0.000000,   -0.000000,    0.000000,    0.000000,    0.000000
   32     0.000000,    0.000000,   -0.000000,    0.000000,    0.000000
   33    -0.000000,   -0.000000,    0.000000,   -0.000000,   -0.000000
   34    -0.000000,   -0.000000,    0.000000,   -0.000000,   -0.000000
   35    -0.000000,   -0.000000,    0.000000,   -0.000000,   -0.000000
   36     0.000000,    0.000000,   -0.000000,    0.000000,    0.000000
   37    -0.000000,   -0.000000,    0.000000,   -0.000000,   -0.000000
   38    -0.000000,   -0.000000,    0.000000,   -0.000000,   -0.000000
   39     0.000000,    0.000000,   -0.000000,    0.000000,    0.000000
   40     0.000000,    0.000000,   -0.000000,    0.000000,    0.000000
   41     0.000000,   -0.000000,    0.000000,   -0.000000,   -0.000000
                 5,           6,           7,           8,           9
    0     0.000000,    0.000000,   -0.000000,   -0.000000,   -0.000000
    1     0.000000,    0.000000,   -0.000000,    0.000000,    0.000000
    2    -0.000000,    0.000000,    0.000000,    0.000000,    0.000000
    3     0.000000,    0.000000,   -0.000000,    0.000000,   -0.000000
    4    -0.000000,   -0.000000,    0.000000,   -0.000000,   -0.000000
    5     0.554578,   -0.000000,   -0.000000,    0.262102,   -0.000000
    6    -0.000000,    0.554578,    0.000000,    0.000000,    0.262102
    7    -0.000000,    0.000000,    0.554578,   -0.000000,    0.000000
    8     0.262102,    0.000000,   -0.000000,    0.123897,    0.000000
    9    -0.000000,    0.262102,    0.000000,    0.000000,    0.123897
   10     0.000000,   -0.000000,    0.262102,   -0.000000,   -0.000000
   11     0.005143,   -0.000000,    0.000000,    0.003676,   -0.000000
   12     0.000000,    0.005143,    0.000000,    0.000000,    0.003676
   13     0.000000,    0.000000,    0.005143,    0.000000,    0.000000
   14    -0.110599,    0.000000,   -0.000000,   -0.049839,    0.000000
   15    -0.000000,   -0.110599,   -0.000000,   -0.000000,   -0.049839
   16     0.000000,   -0.000000,   -0.110599,    0.000000,   -0.000000
   17    -0.076044,   -0.000000,   -0.000000,   -0.034026,   -0.000000
   18    -0.000000,   -0.076044,   -0.000000,   -0.000000,   -0.034026
   19    -0.000000,    0.000000,   -0.076044,    0.000000,    0.000000
   20    -0.000000,   -0.000000,    0.000000,   -0.000000,   -0.000000
   21     0.000000,   -0.000000,   -0.000000,    0.000000,   -0.000000
   22     0.000000,   -0.000000,   -0.000000,    0.000000,   -0.000000
   23    -0.000000,    0.000000,   -0.000000,   -0.000000,    0.000000
   24    -0.000000,    0.000000,   -0.000000,   -0.000000,    0.000000
   25     0.000000,    0.000000,    0.000000,    0.000000,    0.000000
   26    -0.000000,   -0.000000,    0.000000,   -0.000000,   -0.000000
   27    -0.000000,   -0.000000,   -0.000000,   -0.000000,   -0.000000
   28    -0.000000,   -0.000000,    0.000000,   -0.000000,   -0.000000
   29     0.000000,    0.000000,   -0.000000,    0.000000,    0.000000
   30    -0.000000,    0.000000,    0.000000,   -0.000000,    0.000000
   31     0.000000,    0.000000,   -0.000000,    0.000000,    0.000000
   32    -0.000000,    0.000000,    0.000000,   -0.000000,    0.000000
   33     0.000000,    0.000000,    0.000000,    0.000000,    0.000000
   34    -0.000000,    0.000000,   -0.000000,   -0.000000,    0.000000
   35    -0.000000,    0.000000,   -0.000000,   -0.000000,    0.000000
   36     0.000000,    0.000000,   -0.000000,    0.000000,    0.000000
   37    -0.000000,    0.000000,    0.000000,   -0.000000,    0.000000
   38    -0.000000,    0.000000,   -0.000000,   -0.000000,    0.000000
   39     0.000000,    0.000000,    0.000000,    0.000000,    0.000000
   40    -0.000000,   -0.000000,    0.000000,   -0.000000,   -0.000000
   41    -0.000000,    0.000000,   -0.000000,   -0.000000,    0.000000
                10,          11,          12,          13,          14
    0     0.000000,   -0.000000,   -0.000000,   -0.000000,   -0.000000
    1    -0.000000,   -0.000000,   -0.000000,    0.000000,   -0.000000
    2    -0.000000,    0.000000,    0.000000,   -0.000000,    0.000000
    3    -0.000000,   -0.000000,   -0.000000,    0.000000,   -0.000000
    4     0.000000,    0.000000,    0.000000,    0.000000,    0.000000
    5     0.000000,    0.005143,    0.000000,    0.000000,   -0.110599
    6    -0.000000,   -0.000000,    0.005143,    0.000000,    0.000000
    7     0.262102,    0.000000,    0.000000,    0.005143,   -0.000000
    8    -0.000000,    0.003676,    0.000000,    0.000000,   -0.049839
    9    -0.000000,   -0.000000,    0.003676,    0.000000,    0.000000
   10     0.123897,    0.000000,   -0.000000,    0.003676,   -0.000000
   11     0.000000,    0.064188,   -0.000000,   -0.000000,    0.124270
   12    -0.000000,   -0.000000,    0.064188,    0.000000,   -0.000000
   13     0.003676,   -0.000000,    0.000000,    0.064188,    0.000000
   14    -0.000000,    0.124270,   -0.000000,    0.000000,    0.266815
   15     0.000000,    0.000000,    0.124270,   -0.000000,   -0.000000
   16    -0.049839,   -0.000000,   -0.000000,    0.124270,   -0.000000
   17    -0.000000,    0.097878,   -0.000000,    0.000000,    0.207742
   18    -0.000000,    0.000000,    0.097878,    0.000000,   -0.000000
   19    -0.034026,   -0.000000,    0.000000,    0.097878,    0.000000
   20     0.000000,    0.000000,    0.000000,   -0.000000,    0.000000
   21    -0.000000,   -0.000000,    0.000000,    0.000000,   -0.000000
   22    -0.000000,   -0.000000,    0.000000,    0.000000,   -0.000000
   23    -0.000000,    0.000000,   -0.000000,    0.000000,    0.000000
   24    -0.000000,    0.000000,   -0.000000,    0.000000,    0.000000
   25     0.000000,    0.000000,    0.000000,   -0.000000,    0.000000
   26     0.000000,    0.000000,   -0.000000,    0.000000,    0.000000
   27    -0.000000,   -0.000000,    0.000000,   -0.000000,   -0.000000
   28     0.000000,    0.000000,   -0.000000,    0.000000,    0.000000
   29    -0.000000,    0.000000,   -0.000000,    0.000000,    0.000000
   30     0.000000,    0.000000,   -0.000000,   -0.000000,    0.000000
   31    -0.000000,   -0.000000,   -0.000000,    0.000000,   -0.000000
   32     0.000000,    0.000000,   -0.000000,   -0.000000,    0.000000
   33     0.000000,   -0.000000,    0.000000,   -0.000000,   -0.000000
   34    -0.000000,    0.000000,   -0.000000,    0.000000,    0.000000
   35    -0.000000,    0.000000,   -0.000000,    0.000000,    0.000000
   36    -0.000000,   -0.000000,   -0.000000,    0.000000,   -0.000000
   37     0.000000,    0.000000,   -0.000000,   -0.000000,    0.000000
   38    -0.000000,    0.000000,   -0.000000,    0.000000,    0.000000
   39     0.000000,   -0.000000,   -0.000000,    0.000000,   -0.000000
   40     0.000000,   -0.000000,    0.000000,   -0.000000,   -0.000000
   41    -0.000000,    0.000000,   -0.000000,    0.000000,    0.000000
                15,          16,          17,          18,          19
    0     0.000000,   -0.000000,    0.000000,   -0.000000,   -0.000000
    1     0.000000,   -0.000000,    0.000000,   -0.000000,    0.000000
    2    -0.000000,    0.000000,    0.000000,    0.000000,   -0.000000
    3     0.000000,   -0.000000,   -0.000000,   -0.000000,    0.000000
    4     0.000000,   -0.000000,    0.000000,   -0.000000,    0.000000
    5    -0.000000,    0.000000,   -0.076044,   -0.000000,   -0.000000
    6    -0.110599,   -0.000000,   -0.000000,   -0.076044,    0.000000
    7    -0.000000,   -0.110599,   -0.000000,   -0.000000,   -0.076044
    8    -0.000000,    0.000000,   -0.034026,   -0.000000,    0.000000
    9    -0.049839,   -0.000000,   -0.000000,   -0.034026,    0.000000
   10     0.000000,   -0.049839,   -0.000000,   -0.000000,   -0.034026
   11     0.000000,   -0.000000,    0.097878,    0.000000,   -0.000000
   12     0.124270,   -0.000000,   -0.000000,    0.097878,    0.000000
   13    -0.000000,    0.124270,    0.000000,    0.000000,    0.097878
   14    -0.000000,   -0.000000,    0.207742,   -0.000000,    0.000000
   15     0.266815,   -0.000000,    0.000000,    0.207742,   -0.000000
   16    -0.000000,    0.266815,   -0.000000,    0.000000,    0.207742
   17     0.000000,   -0.000000,    0.161948,    0.000000,    0.000000
   18     0.207742,    0.000000,    0.000000,    0.161948,    0.000000
   19    -0.000000,    0.207742,    0.000000,    0.000000,    0.161948
   20     0.000000,   -0.000000,    0.000000,    0.000000,   -0.000000
   21     0.000000,    0.000000,   -0.000000,    0.000000,    0.000000
   22     0.000000,    0.000000,   -0.000000,    0.000000,    0.000000
   23    -0.000000,    0.000000,    0.000000,   -0.000000,    0.000000
   24    -0.000000,    0.000000,    0.000000,   -0.000000,    0.000000
   25     0.000000,   -0.000000,    0.000000,    0.000000,   -0.000000
   26    -0.000000,    0.000000,    0.000000,   -0.000000,    0.000000
   27     0.000000,   -0.000000,   -0.000000,    0.000000,   -0.000000
   28    -0.000000,    0.000000,    0.000000,   -0.000000,    0.000000
   29    -0.000000,    0.000000,    0.000000,   -0.000000,    0.000000
   30    -0.000000,   -0.000000,    0.000000,   -0.000000,   -0.000000
   31    -0.000000,    0.000000,   -0.000000,   -0.000000,    0.000000
   32    -0.000000,   -0.000000,    0.000000,   -0.000000,   -0.000000
   33    -0.000000,   -0.000000,   -0.000000,   -0.000000,   -0.000000
   34    -0.000000,    0.000000,    0.000000,   -0.000000,    0.000000
   35    -0.000000,    0.000000,    0.000000,   -0.000000,    0.000000
   36    -0.000000,    0.000000,   -0.000000,   -0.000000,    0.000000
   37    -0.000000,   -0.000000,    0.000000,   -0.000000,   -0.000000
   38    -0.000000,    0.000000,    0.000000,   -0.000000,    0.000000
   39    -0.000000,   -0.000000,   -0.000000,   -0.000000,   -0.000000
   40     0.000000,   -0.000000,   -0.000000,    0.000000,   -0.000000
   41    -0.000000,    0.000000,    0.000000,   -0.000000,    0.000000
                20,          21,          22,          23,          24
    0     0.000000,    0.000000,   -0.000000,    0.000000,   -0.000000
    1     0.000000,    0.000000,   -0.000000,    0.000000,   -0.000000
    2    -0.000000,   -0.000000,    0.000000,   -0.000000,    0.000000
    3     0.000000,    0.000000,   -0.000000,    0.000000,   -0.000000
    4     0.000000,    0.000000,   -0.000000,    0.000000,   -0.000000
    5    -0.000000,    0.000000,    0.000000,   -0.000000,   -0.000000
    6    -0.000000,   -0.000000,   -0.000000,    0.000000,    0.000000
    7     0.000000,   -0.000000,   -0.000000,   -0.000000,   -0.000000
    8    -0.000000,    0.000000,    0.000000,   -0.000000,   -0.000000
    9    -0.000000,   -0.000000,   -0.000000,    0.000000,    0.000000
   10     0.000000,   -0.000000,   -0.000000,   -0.000000,   -0.000000
   11     0.000000,   -0.000000,   -0.000000,    0.000000,    0.000000
   12     0.000000,    0.000000,    0.000000,   -0.000000,   -0.000000
   13    -0.000000,    0.000000,    0.000000,    0.000000,    0.000000
   14     0.000000,   -0.000000,   -0.000000,    0.000000,    0.000000
   15     0.000000,    0.000000,    0.000000,   -0.000000,   -0.000000
   16    -0.000000,    0.000000,    0.000000,    0.000000,    0.000000
   17     0.000000,   -0.000000,   -0.000000,    0.000000,    0.000000
   18     0.000000,    0.000000,    0.000000,   -0.000000,   -0.000000
   19    -0.000000,    0.000000,    0.000000,    0.000000,    0.000000
   20     0.000000,   -0.000000,   -0.000000,    0.000000,    0.000000
   21    -0.000000,    0.000000,    0.000000,    0.000000,   -0.000000
   22    -0.000000,    0.000000,    0.000000,   -0.000000,   -0.000000
   23     0.000000,    0.000000,   -0.000000,    0.000000,    0.000000
   24     0.000000,   -0.000000,   -0.000000,    0.000000,    0.000000
   25     0.000000,   -0.000000,   -0.000000,   -0.000000,   -0.000000
   26    -0.000000,    0.000000,   -0.000000,    0.000000,    0.000000
   27    -0.000000,   -0.000000,    0.000000,   -0.000000,    0.000000
   28     0.000000,    0.000000,   -0.000000,    0.000000,    0.000000
   29     0.000000,    0.000000,   -0.000000,    0.000000,    0.000000
   30    -0.000000,   -0.000000,   -0.000000,    0.000000,    0.000000
   31    -0.000000,    0.000000,    0.000000,    0.000000,    0.000000
   32     0.000000,   -0.000000,   -0.000000,   -0.000000,    0.000000
   33    -0.000000,   -0.000000,   -0.000000,   -0.000000,   -0.000000
   34    -0.000000,    0.000000,   -0.000000,    0.000000,    0.000000
   35    -0.000000,   -0.000000,   -0.000000,    0.000000,    0.000000
   36    -0.000000,    0.000000,    0.000000,    0.000000,    0.000000
   37    -0.000000,   -0.000000,   -0.000000,    0.000000,    0.000000
   38    -0.000000,    0.000000,   -0.000000,    0.000000,    0.000000
   39    -0.000000,    0.000000,    0.000000,   -0.000000,   -0.000000
   40     0.000000,   -0.000000,   -0.000000,   -0.000000,   -0.000000
   41     0.000000,    0.000000,   -0.000000,    0.000000,    0.000000
                25,          26,          27,          28,          29
    0     0.000000,    0.000000,   -0.000000,    0.000000,    0.000000
    1     0.000000,    0.000000,   -0.000000,    0.000000,    0.000000
    2    -0.000000,   -0.000000,    0.000000,   -0.000000,   -0.000000
    3     0.000000,    0.000000,   -0.000000,    0.000000,   -0.000000
    4     0.000000,    0.000000,   -0.000000,    0.000000,   -0.000000
    5     0.000000,   -0.000000,   -0.000000,   -0.000000,    0.000000
    6     0.000000,   -0.000000,   -0.000000,   -0.000000,    0.000000
    7     0.000000,    0.000000,   -0.000000,    0.000000,   -0.000000
    8     0.000000,   -0.000000,   -0.000000,   -0.000000,    0.000000
    9     0.000000,   -0.000000,   -0.000000,   -0.000000,    0.000000
   10     0.000000,    0.000000,   -0.000000,    0.000000,   -0.000000
   11     0.000000,    0.000000,   -0.000000,    0.000000,    0.000000
   12     0.000000,   -0.000000,    0.000000,   -0.000000,   -0.000000
   13    -0.000000,    0.000000,   -0.000000,    0.000000,    0.000000
   14     0.000000,    0.000000,   -0.000000,    0.000000,    0.000000
   15     0.000000,   -0.000000,    0.000000,   -0.000000,   -0.000000
   16    -0.000000,    0.000000,   -0.000000,    0.000000,    0.000000
   17     0.000000,    0.000000,   -0.000000,    0.000000,    0.000000
   18     0.000000,   -0.000000,    0.000000,   -0.000000,   -0.000000
   19    -0.000000,    0.000000,   -0.000000,    0.000000,    0.000000
   20     0.000000,   -0.000000,   -0.000000,    0.000000,    0.000000
   21    -0.000000,    0.000000,   -0.000000,    0.000000,    0.000000
   22    -0.000000,   -0.000000,    0.000000,   -0.000000,   -0.000000
   23    -0.000000,    0.000000,   -0.000000,    0.000000,    0.000000
   24    -0.000000,    0.000000,    0.000000,    0.000000,    0.000000
   25     0.000000,   -0.000000,   -0.000000,   -0.000000,   -0.000000
   26    -0.000000,    0.000000,   -0.000000,    0.000000,    0.000000
   27    -0.000000,   -0.000000,    0.000000,   -0.000000,    0.000000
   28    -0.000000,    0.000000,   -0.000000,    0.000000,    0.000000
   29    -0.000000,    0.000000,    0.000000,    0.000000,    0.000000
   30    -0.000000,    0.000000,   -0.000000,    0.000000,    0.000000
   31    -0.000000,    0.000000,   -0.000000,    0.000000,    0.000000
   32     0.000000,   -0.000000,   -0.000000,   -0.000000,    0.000000
   33     0.000000,   -0.000000,    0.000000,   -0.000000,   -0.000000
   34    -0.000000,    0.000000,    0.000000,    0.000000,    0.000000
   35    -0.000000,    0.000000,   -0.000000,    0.000000,    0.000000
   36    -0.000000,    0.000000,   -0.000000,    0.000000,    0.000000
   37    -0.000000,    0.000000,   -0.000000,    0.000000,    0.000000
   38    -0.000000,    0.000000,   -0.000000,    0.000000,    0.000000
   39    -0.000000,   -0.000000,    0.000000,   -0.000000,   -0.000000
   40     0.000000,   -0.000000,    0.000000,   -0.000000,   -0.000000
   41    -0.000000,    0.000000,   -0.000000,    0.000000,    0.000000
                30,          31,          32,          33,          34
    0    -0.000000,   -0.000000,    0.000000,   -0.000000,   -0.000000
    1    -0.000000,   -0.000000,    0.000000,   -0.000000,   -0.000000
    2     0.000000,    0.000000,   -0.000000,    0.000000,    0.000000
    3     0.000000,    0.000000,    0.000000,   -0.000000,   -0.000000
    4     0.000000,    0.000000,    0.000000,   -0.000000,   -0.000000
    5    -0.000000,    0.000000,   -0.000000,    0.000000,   -0.000000
    6     0.000000,    0.000000,    0.000000,    0.000000,    0.000000
    7     0.000000,   -0.000000,    0.000000,    0.000000,   -0.000000
    8    -0.000000,    0.000000,   -0.000000,    0.000000,   -0.000000
    9     0.000000,    0.000000,    0.000000,    0.000000,    0.000000
   10     0.000000,   -0.000000,    0.000000,    0.000000,   -0.000000
   11     0.000000,   -0.000000,    0.000000,   -0.000000,    0.000000
   12    -0.000000,   -0.000000,   -0.000000,    0.000000,   -0.000000
   13    -0.000000,    0.000000,   -0.000000,   -0.000000,    0.000000
   14     0.000000,   -0.000000,    0.000000,   -0.000000,    0.000000
   15    -0.000000,   -0.000000,   -0.000000,   -0.000000,   -0.000000
   16    -0.000000,    0.000000,   -0.000000,   -0.000000,    0.000000
   17     0.000000,   -0.000000,    0.000000,   -0.000000,    0.000000
   18    -0.000000,   -0.000000,   -0.000000,   -0.000000,   -0.000000
   19    -0.000000,    0.000000,   -0.000000,   -0.000000,    0.000000
   20    -0.000000,   -0.000000,    0.000000,   -0.000000,   -0.000000
   21    -0.000000,    0.000000,   -0.000000,   -0.000000,    0.000000
   22    -0.000000,    0.000000,   -0.000000,   -0.000000,   -0.000000
   23     0.000000,    0.000000,   -0.000000,   -0.000000,    0.000000
   24     0.000000,    0.000000,    0.000000,   -0.000000,    0.000000
   25    -0.000000,   -0.000000,    0.000000,    0.000000,   -0.000000
   26     0.000000,    0.000000,   -0.000000,   -0.000000,    0.000000
   27    -0.000000,   -0.000000,   -0.000000,    0.000000,    0.000000
   28     0.000000,    0.000000,   -0.000000,   -0.000000,    0.000000
   29     0.000000,    0.000000,    0.000000,   -0.000000,    0.000000
   30     0.000000,    0.000000,    0.000000,   -0.000000,    0.000000
   31     0.000000,    0.000000,   -0.000000,   -0.000000,    0.000000
   32     0.000000,   -0.000000,    0.000000,    0.000000,    0.000000
   33    -0.000000,   -0.000000,    0.000000,    0.000000,   -0.000000
   34     0.000000,    0.000000,    0.000000,   -0.000000,    0.000000
   35     0.000000,    0.000000,    0.000000,   -0.000000,    0.000000
   36     0.000000,    0.000000,   -0.000000,   -0.000000,    0.000000
   37     0.000000,   -0.000000,    0.000000,    0.000000,    0.000000
   38     0.000000,    0.000000,   -0.000000,   -0.000000,    0.000000
   39    -0.000000,    0.000000,   -0.000000,    0.000000,   -0.000000
   40    -0.000000,   -0.000000,    0.000000,    0.000000,   -0.000000
   41     0.000000,    0.000000,    0.000000,   -0.000000,    0.000000
                35,          36,          37,          38,          39
    0    -0.000000,    0.000000,   -0.000000,   -0.000000,    0.000000
    1    -0.000000,    0.000000,   -0.000000,   -0.000000,    0.000000
    2     0.000000,   -0.000000,    0.000000,    0.000000,   -0.000000
    3    -0.000000,    0.000000,   -0.000000,   -0.000000,    0.000000
    4    -0.000000,    0.000000,   -0.000000,   -0.000000,    0.000000
    5    -0.000000,    0.000000,   -0.000000,   -0.000000,    0.000000
    6     0.000000,    0.000000,    0.000000,    0.000000,    0.000000
    7    -0.000000,   -0.000000,    0.000000,   -0.000000,    0.000000
    8    -0.000000,    0.000000,   -0.000000,   -0.000000,    0.000000
    9     0.000000,    0.000000,    0.000000,    0.000000,    0.000000
   10    -0.000000,   -0.000000,    0.000000,   -0.000000,    0.000000
   11     0.000000,   -0.000000,    0.000000,    0.000000,   -0.000000
   12    -0.000000,   -0.000000,   -0.000000,   -0.000000,   -0.000000
   13     0.000000,    0.000000,   -0.000000,    0.000000,    0.000000
   14     0.000000,   -0.000000,    0.000000,    0.000000,   -0.000000
   15    -0.000000,   -0.000000,   -0.000000,   -0.000000,   -0.000000
   16     0.000000,    0.000000,   -0.000000,    0.000000,   -0.000000
   17     0.000000,   -0.000000,    0.000000,    0.000000,   -0.000000
   18    -0.000000,   -0.000000,   -0.000000,   -0.000000,   -0.000000
   19     0.000000,    0.000000,   -0.000000,    0.000000,   -0.000000
   20    -0.000000,   -0.000000,   -0.000000,   -0.000000,   -0.000000
   21    -0.000000,    0.000000,   -0.000000,    0.000000,    0.000000
   22    -0.000000,    0.000000,   -0.000000,   -0.000000,    0.000000
   23     0.000000,    0.000000,    0.000000,    0.000000,   -0.000000
   24     0.000000,    0.000000,    0.000000,    0.000000,   -0.000000
   25    -0.000000,   -0.000000,   -0.000000,   -0.000000,   -0.000000
   26     0.000000,    0.000000,    0.000000,    0.000000,   -0.000000
   27    -0.000000,   -0.000000,   -0.000000,   -0.000000,    0.000000
   28     0.000000,    0.000000,    0.000000,    0.000000,   -0.000000
   29     0.000000,    0.000000,    0.000000,    0.000000,   -0.000000
   30     0.000000,    0.000000,    0.000000,    0.000000,   -0.000000
   31     0.000000,    0.000000,   -0.000000,    0.000000,    0.000000
   32     0.000000,   -0.000000,    0.000000,   -0.000000,   -0.000000
   33    -0.000000,   -0.000000,    0.000000,   -0.000000,    0.000000
   34     0.000000,    0.000000,    0.000000,    0.000000,   -0.000000
   35     0.000000,    0.000000,    0.000000,    0.000000,   -0.000000
   36     0.000000,    0.000000,   -0.000000,    0.000000,    0.000000
   37     0.000000,   -0.000000,    0.000000,    0.000000,   -0.000000
   38     0.000000,    0.000000,    0.000000,    0.000000,   -0.000000
   39    -0.000000,    0.000000,   -0.000000,   -0.000000,    0.000000
   40    -0.000000,   -0.000000,   -0.000000,   -0.000000,    0.000000
   41     0.000000,    0.000000,    0.000000,    0.000000,   -0.000000
                40,          41
    0     0.000000,    0.000000
    1     0.000000,   -0.000000
    2    -0.000000,    0.000000
    3     0.000000,   -0.000000
    4     0.000000,   -0.000000
    5    -0.000000,   -0.000000
    6    -0.000000,    0.000000
    7     0.000000,   -0.000000
    8    -0.000000,   -0.000000
    9    -0.000000,    0.000000
   10     0.000000,   -0.000000
   11    -0.000000,    0.000000
   12     0.000000,   -0.000000
   13    -0.000000,    0.000000
   14    -0.000000,    0.000000
   15     0.000000,   -0.000000
   16    -0.000000,    0.000000
   17    -0.000000,    0.000000
   18     0.000000,   -0.000000
   19    -0.000000,    0.000000
   20     0.000000,    0.000000
   21    -0.000000,    0.000000
   22    -0.000000,   -0.000000
   23    -0.000000,    0.000000
   24    -0.000000,    0.000000
   25     0.000000,   -0.000000
   26    -0.000000,    0.000000
   27     0.000000,   -0.000000
   28    -0.000000,    0.000000
   29    -0.000000,    0.000000
   30    -0.000000,    0.000000
   31    -0.000000,    0.000000
   32     0.000000,    0.000000
   33     0.000000,   -0.000000
   34    -0.000000,    0.000000
   35    -0.000000,    0.000000
   36    -0.000000,    0.000000
   37    -0.000000,    0.000000
   38    -0.000000,    0.000000
   39     0.000000,   -0.000000
   40     0.000000,   -0.000000
   41    -0.000000,    0.000000
Detailed time report:
Overall   |:    0.382 s for SCF Preparation
CInt      |:    0.039 s for Two, Three, and Four-center integrals
DFT Grids |:    0.148 s for Initialization of the tabulated Grids and AOs
InitGuess |:    0.195 s for Prepare initial guess
ISDF      |:    0.000 s for ISDF initialization
electron number in alpha-channel:   9.00000000
electron number in beta-channel:    6.00000000
The evaluation of Vj, Vk and Vxc matrices cost       0.00,       0.00 and       0.02 seconds, respectively
Exc:     -18.68549297, Vxc:     -12.03478857
The total energy:      -341.2794626905 Ha by the initial guess
electron number in alpha-channel:   9.00000000
electron number in beta-channel:    6.00000000
The evaluation of Vj, Vk and Vxc matrices cost       0.00,       0.00 and       0.02 seconds, respectively
Exc:     -18.66887174, Vxc:     -12.02401670
Hamiltonian: generation by       0.02s and DIIS extrapolation by       0.00s
Energy:    -341.2805882728 Ha with <S^2> =  3.750 and <2S+1> =  4.000 after    1 iterations (in       0.03 seconds).
Detailed timing info in this SCF step:
prepare_next_input:            0.02s
diagonalize_hamiltonian:       0.00s
generate_density_matrix:       0.00s
check_scf_convergence:         0.00s
scf_records.update:            0.00s
electron number in alpha-channel:   9.00000000
electron number in beta-channel:    6.00000000
The evaluation of Vj, Vk and Vxc matrices cost       0.00,       0.00 and       0.02 seconds, respectively
Exc:     -18.68097429, Vxc:     -12.03193746
Hamiltonian: generation by       0.02s and DIIS extrapolation by       0.00s
SCF Change: DM (1.23762e-4,1.53659e-4); eev 4.27508e-2 Ha; etot -4.66554e-5 Ha
Energy:    -341.2806349283 Ha with <S^2> =  3.750 and <2S+1> =  4.000 after    2 iterations (in       0.03 seconds).
Detailed timing info in this SCF step:
prepare_next_input:            0.02s
diagonalize_hamiltonian:       0.00s
generate_density_matrix:       0.00s
check_scf_convergence:         0.00s
scf_records.update:            0.00s
electron number in alpha-channel:   9.00000000
electron number in beta-channel:    6.00000000
The evaluation of Vj, Vk and Vxc matrices cost       0.00,       0.00 and       0.02 seconds, respectively
Exc:     -18.67687394, Vxc:     -12.02925831
Hamiltonian: generation by       0.02s and DIIS extrapolation by       0.00s
SCF Change: DM (6.55464e-6,2.14072e-5); eev 1.45033e-3 Ha; etot -1.41514e-5 Ha
Energy:    -341.2806490796 Ha with <S^2> =  3.750 and <2S+1> =  4.000 after    3 iterations (in       0.03 seconds).
Detailed timing info in this SCF step:
prepare_next_input:            0.02s
diagonalize_hamiltonian:       0.00s
generate_density_matrix:       0.00s
check_scf_convergence:         0.00s
scf_records.update:            0.00s
electron number in alpha-channel:   9.00000000
electron number in beta-channel:    6.00000000
The evaluation of Vj, Vk and Vxc matrices cost       0.00,       0.00 and       0.02 seconds, respectively
Exc:     -18.67692613, Vxc:     -12.02929318
Hamiltonian: generation by       0.02s and DIIS extrapolation by       0.00s
SCF Change: DM (1.22507e-6,6.45728e-8); eev 2.07334e-4 Ha; etot -4.89102e-8 Ha
Energy:    -341.2806491285 Ha with <S^2> =  3.750 and <2S+1> =  4.000 after    4 iterations (in       0.03 seconds).
Detailed timing info in this SCF step:
prepare_next_input:            0.02s
diagonalize_hamiltonian:       0.00s
generate_density_matrix:       0.00s
check_scf_convergence:         0.00s
scf_records.update:            0.00s
electron number in alpha-channel:   9.00000000
electron number in beta-channel:    6.00000000
The evaluation of Vj, Vk and Vxc matrices cost       0.00,       0.00 and       0.02 seconds, respectively
Exc:     -18.67694370, Vxc:     -12.02930466
Hamiltonian: generation by       0.02s and DIIS extrapolation by       0.00s
SCF Change: DM (1.67138e-7,2.30894e-7); eev 1.12350e-5 Ha; etot -5.26654e-10 Ha
Energy:    -341.2806491291 Ha with <S^2> =  3.750 and <2S+1> =  4.000 after    5 iterations (in       0.03 seconds).
Detailed timing info in this SCF step:
prepare_next_input:            0.02s
diagonalize_hamiltonian:       0.00s
generate_density_matrix:       0.00s
check_scf_convergence:         0.00s
scf_records.update:            0.00s
electron number in alpha-channel:   9.00000000
electron number in beta-channel:    6.00000000
The evaluation of Vj, Vk and Vxc matrices cost       0.00,       0.00 and       0.02 seconds, respectively
Exc:     -18.67694324, Vxc:     -12.02930436
Hamiltonian: generation by       0.02s and DIIS extrapolation by       0.00s
SCF Change: DM (2.89900e-9,3.48562e-9); eev 1.76705e-7 Ha; etot -7.90124e-12 Ha
Energy:    -341.2806491291 Ha with <S^2> =  3.750 and <2S+1> =  4.000 after    6 iterations (in       0.03 seconds).
Detailed timing info in this SCF step:
prepare_next_input:            0.02s
diagonalize_hamiltonian:       0.00s
generate_density_matrix:       0.00s
check_scf_convergence:         0.00s
scf_records.update:            0.00s
SCF is converged after    6 iterations.
Spin-up eigenvalues
 
   State    Occupation        Eigenvalue
       0       1.00000        -77.102440
       1       1.00000         -6.583262
       2       1.00000         -4.746520
       3       1.00000         -4.746520
       4       1.00000         -4.746520
       5       1.00000         -0.598655
       6       1.00000         -0.260259
       7       1.00000         -0.260259
       8       1.00000         -0.260259
       9       0.00000          0.222435
      10       0.00000          0.222435
      11       0.00000          0.222435
 
Spin-down eigenvalues
 
   State    Occupation        Eigenvalue
       0       1.00000        -77.088218
       1       1.00000         -6.569996
       2       1.00000         -4.725983
       3       1.00000         -4.725983
       4       1.00000         -4.725983
       5       1.00000         -0.482750
       6       0.00000         -0.116937
       7       0.00000         -0.116937
       8       0.00000         -0.116937
       9       0.00000          0.259110
      10       0.00000          0.259110
      11       0.00000          0.259110
==========================================
Now evaluate the    PT2 correlation energy
==========================================
generate RI3MO only for occ_range:1..9, vir_range:6..42
Finish the RI3MO generation
Exc_scf: (-18.676943243050623,0.2),Exc_pos: (-5.200999894532697,0.7731)
----------------------------------------------------------------------
Methods         :       Total Corr,          OS Corr,          SS Corr
----------------------------------------------------------------------
PT2             :      -0.30348137,      -0.21437954,      -0.08910183
----------------------------------------------------------------------
Fifth-rung correlation energy :      -0.093555232722 Ha
E[XYGJOS]=:    -340.86498788 Ha, Ex[HF]:     -22.62559215 Ha, Ec[PT2  ]:      -0.30348137 Ha
Detailed time report:
c_r5dft   |:    0.003 s for for advanced correlations
xc_energy |:    0.074 s for for x_hf, xc_scf, xc_xdh
ao2mo     |:    0.003 s for for the generation of RI3MO
Mulliken population:
 0-P-S-0              2.00719
 0-P-S-0              0.52081
 0-P-S-0              1.44337
 0-P-S-0              1.21108
 0-P-S-0              0.81755
 0-P-P-0              1.38904
 0-P-P-1              1.38904
 0-P-P-2              1.38904
 0-P-P-0              0.55587
 0-P-P-1              0.55587
 0-P-P-2              0.55587
 0-P-P-0              0.22605
 0-P-P-1              0.22605
 0-P-P-2              0.22605
 0-P-P-0              0.51051
 0-P-P-1              0.51051
 0-P-P-2              0.51051
 0-P-P-0              0.31853
 0-P-P-1              0.31853
 0-P-P-2              0.31853
 0-P-D-0              0.00000
 0-P-D-1              0.00000
 0-P-D-2              0.00000
 0-P-D-3              0.00000
 0-P-D-4              0.00000
 0-P-D-0              0.00000
 0-P-D-1              0.00000
 0-P-D-2              0.00000
 0-P-D-3              0.00000
 0-P-D-4              0.00000
 0-P-D-0              0.00000
 0-P-D-1              0.00000
 0-P-D-2              0.00000
 0-P-D-3              0.00000
 0-P-D-4              0.00000
 0-P-F-0              0.00000
 0-P-F-1              0.00000
 0-P-F-2              0.00000
 0-P-F-3              0.00000
 0-P-F-4              0.00000
 0-P-F-5              0.00000
 0-P-F-6              0.00000
Mulliken population analysis:
  0-P  :   0.000000

====================================================
              REST: Mission accomplished
====================================================
The SCF energy        :    -341.2806491291 Ha
The (R)-xDH energy    :    -340.8649878771 Ha
Detailed time report:
Overall   |:    1.142 s for the whole job
PT2       |:    0.079 s for the PT2 evaluation
SCF       |:    0.571 s for the scf procedure
