Sender: LSF System <lsfadmin@xc05n04>
Subject: Job 164769: <pseudo_fit> in cluster <xdft1> Done

Job <pseudo_fit> was submitted from host <xn01> by user <symei> in cluster <xdft1> at Sat Oct 11 10:56:30 2025
Job was executed on host(s) <4*xc05n04>, in queue <small>, as user <symei> in cluster <xdft1> at Sat Oct 11 10:56:30 2025
</share/home/symei> was used as the home directory.
</share/home/symei/comp/pp-fit/br-confirm/scf> was used as the working directory.
Started at Sat Oct 11 10:56:30 2025
Terminated at Sat Oct 11 11:01:15 2025
Results reported at Sat Oct 11 11:01:15 2025

Your job looked like:

------------------------------------------------------------
# LSBATCH: User input
#! /usr/bin/env bash

#BSUB -q small      # 替换为实际队列名（如 normal、cpu、gpu等）
#BSUB -J pseudo_fit         # 作业名称
#BSUB -n 4              # 申请 8 个 CPU 核心
#BSUB -R "span[ptile=16]" # 限制在单节点运行
#BSUB -o %J.out         # 输出日志文件
#BSUB -e %J.err         # 错误日志文件

export ROOT_PATH=/share/home/symei/pseudo_fitting
export FITTING_PATH=${ROOT_PATH}/DFT_Fit
export IGOR_MODULES_PATH=${ROOT_PATH}/Modules

nohup python $FITTING_PATH/DFT_Fit.py br-2frozen.ctl

------------------------------------------------------------

Successfully completed.

Resource usage summary:

    CPU time :                                   1169.93 sec.
    Max Memory :                                 6122 MB
    Average Memory :                             2112.26 MB
    Total Requested Memory :                     -
    Delta Memory :                               -
    Max Swap :                                   17592186044414 MB
    Max Processes :                              8
    Max Threads :                                66
    Run time :                                   284 sec.
    Turnaround time :                            285 sec.

The output (if any) follows:



PS:

Read file <164769.err> for stderr output of this job.

