=========================================================
Input parameters for the REST calculation
=========================================================
Calculation type: Single-point energy
The exchange-correlation method: xygjos
Print level:                3
The number of threads used for parallelism:      4
The spheric-GTO basis set is taken from /home/symei/def2-TZVPP
The pruning method is nwchem
The radial grid generation method is treutler
ERI Type: ri_v
Turn on the basis pair symmetry for RI 3D-tensors
The spheric-GTO auxiliary basis set is taken from /home/symei/def2-SV(P)-JKFIT
Spin polarization: Off
Charge:   0; Spin:   1
min_num_angular_points: 110
max_num_angular_points: 590
hardness: 3
Grid generation level: 3
Even tempered basis generation: false
SCF convergency thresholds: 1e-8 for density matrix
                            1e-6 Ha. for sum of eigenvalues
                            1e-8 Ha. for total energy
Max. SCF cycle number:      100
The diis mixing with (param, max_vec_len) = (0.2, 8) is employed for the SCF procedure
Turn on the diis mixing after 1 step(s) of SCF iteractions with the linear mixing
The specified checkfile exists but is not loaded because the keyword 'external_init_guess' is specified
It will be updated after the SCF procedure 
(none)
Initial guess is prepared by (sad).
It is a finite cluster calculation
the scf functional for 'xygjos' contains
The density functional 'B3LYP' belongs to the 'Hybrid GGA' family and is defined in the reference(s):
(0): P. J. Stephens, F. J. Devlin, C. F. Chabalowski, and M. J. Frisch.,  J. Phys. Chem. 98, 11623 (1994)
the post-scf functional 'xygjos' is employed, which contains
The density functional 'Slater exchange' belongs to the 'LDA' family and is defined in the reference(s):
(0): P. A. M. Dirac.,  Math. Proc. Cambridge Philos. Soc. 26, 376 (1930)
(1): F. Bloch.,  Z. Phys. 57, 545 (1929)
The density functional 'Becke 88' belongs to the 'GGA' family and is defined in the reference(s):
(0): A. D. Becke.,  Phys. Rev. A 38, 3098 (1988)
The density functional 'Vosko, Wilk & Nusair (VWN5_RPA)' belongs to the 'LDA' family and is defined in the reference(s):
(0): S. H. Vosko, L. Wilk, and M. Nusair.,  Can. J. Phys. 58, 1200 (1980)
The density functional 'Lee, Yang & Parr' belongs to the 'GGA' family and is defined in the reference(s):
(0): C. Lee, W. Yang, and R. G. Parr.,  Phys. Rev. B 37, 785 (1988)
(1): B. Miehlich, A. Savin, H. Stoll, and H. Preuss.,  Chem. Phys. Lett. 157, 200 (1989)
For SCF calculation, no core orbital is frozen by effective core potential (ECP) approximation
Libxc version used in REST: 7.0.0
nbas: 22, natm: 2 for standard basis sets
First valence state for the frozen-core algorithm:     9
final nbas: 88,final natm: 4
numbasis: 62, num_auxbas: 284
Molecule_name: hbr
job_type = "SinglePoint"
print_level = 3
basis_path = "/home/symei/def2-TZVPP"
basis_type = "spheric"
auxbas_path = "/home/symei/def2-SV(P)-JKFIT"
auxbas_type = "spheric"
use_auxbas = true
even_tempered_basis = false
etb_start_atom_number = 1
etb_beta = 1.0
ri_k_only = false
auxbasis_response = false
use_isdf = false
isdf_k_only = false
isdf_k_mu = 8
isdf_new = false
eri_type = "ri_v"
use_ri_symm = true
xc = "xygjos"
post_xc = []
post_correlation = []
post_ai_correction = "none"
charge = 0.0
spin = 1.0
spin_channel = 1
spin_polarization = false
frozen_core_postscf = 21
frequency_points = 20
lambda_points = 20
freq_grid_type = 0
freq_cut_off = 10.0
radial_precision = 0.000000000001
min_num_angular_points = 110
max_num_angular_points = 590
grid_gen_level = 3
hardness = 3
pruning = "nwchem"
rad_grid_method = "treutler"
external_grids = "grids"
mixer = "diis"
mix_param = 0.2
num_max_diis = 8
start_diis_cycle = 1
start_check_oscillation = 20
max_scf_cycle = 100
scf_acc_rho = 0.00000001
scf_acc_eev = 0.000001
scf_acc_etot = 0.00000001
restart = false
chkfile = "none"
chkfile_type = "hdf5"
guessfile = "none"
guessfile_type = "none"
external_init_guess = false
initial_guess = "sad"
noiter = false
check_stab = false
use_dm_only = false
use_ri_vj = true
fciqmc_dump = false
outputs = []
cube_orb_setting = [3.0, 80.0]
cube_orb_indices = []
atom_sad = false
occupation_type = "INTEGER"
frac_tolerant = 0.001
deep_pot = false
bench_eps = false
num_threads = 4
batch_size = 64
nforce_displacement = 0.0013
force_state_occupation = []
auxiliary_reference_states = []
pt2_mpi_mode = 0

Restricted Hartree-Fock (or Kohn-Sham) algorithm is invoked.
Nuc_energy:      13.00491886 Hartree
no empirical dispersion correction is employed
No ghost effective potential
No ghost point charges
Detailed time report:
ri_v      |:    0.003 s for for RI dot aux_v^{-1/2}
prim ri   |:    0.029 s for for the pure three-center integrals
aux_ij    |:    0.005 s for for the coulomb matrix of auxiliary basis
all ri    |:    0.064 s for for the total evaluations of ri3fn
inv_sqrt  |:    0.027 s for for the sqrt inverse of aux_ij
Overlap matrix is nonsigular:
  Lowest eigenvalue:       0.00486027 with the total number of basis functions:     62
Grid size: 30928
Generate SAD of Br
the functional of 'hf' contains
For SCF calculation, no core orbital is frozen by effective core potential (ECP) approximation
Libxc version used in REST: 7.0.0
nbas: 16, natm: 1 for standard basis sets
First valence state for the frozen-core algorithm:     0
final nbas: 76,final natm: 2
numbasis: 48, num_auxbas: 266
Restricted Hartree-Fock (or Kohn-Sham) algorithm is invoked.
Nuc_energy:       0.00000000 Hartree
no empirical dispersion correction is employed
No ghost effective potential
No ghost point charges
Detailed time report:
inv_sqrt  |:    0.013 s for for the sqrt inverse of aux_ij
prim ri   |:    0.013 s for for the pure three-center integrals
all ri    |:    0.032 s for for the total evaluations of ri3fn
ri_v      |:    0.002 s for for RI dot aux_v^{-1/2}
aux_ij    |:    0.004 s for for the coulomb matrix of auxiliary basis
Overlap matrix is nonsigular:
  Lowest eigenvalue:       0.02573177 with the total number of basis functions:     48
Grid size: 20904
Initial guess from SAP
The evaluation of vmat costs             0.02 seconds
Detailed time report:
Overall   |:    0.114 s for SCF Preparation
ISDF      |:    0.000 s for ISDF initialization
DFT Grids |:    0.055 s for Initialization of the tabulated Grids and AOs
CInt      |:    0.034 s for Two, Three, and Four-center integrals
InitGuess |:    0.025 s for Prepare initial guess
Exc:       0.00000000, Vxc:       0.00000000
The total energy:     -2572.1867210285 Ha by the initial guess
Exc:       0.00000000, Vxc:       0.00000000
Energy:   -2572.2925322428 Ha after    1 iterations (in       0.00 seconds).
Detailed timing info in this SCF step:
prepare_next_input:            0.00s
diagonalize_hamiltonian:       0.00s
generate_density_matrix:       0.00s
check_scf_convergence:         0.00s
scf_records.update:            0.00s
Exc:       0.00000000, Vxc:       0.00000000
SCF Change: DM 1.54719e-3; eev 2.52791e-1 Ha; etot 8.78978e-2 Ha
Energy:   -2572.2046344753 Ha after    2 iterations (in       0.01 seconds).
Detailed timing info in this SCF step:
prepare_next_input:            0.00s
diagonalize_hamiltonian:       0.00s
generate_density_matrix:       0.00s
check_scf_convergence:         0.00s
scf_records.update:            0.00s
Exc:       0.00000000, Vxc:       0.00000000
SCF Change: DM 7.66831e-4; eev 2.18427e-1 Ha; etot 3.32091e-3 Ha
Energy:   -2572.2013135619 Ha after    3 iterations (in       0.00 seconds).
Detailed timing info in this SCF step:
prepare_next_input:            0.00s
diagonalize_hamiltonian:       0.00s
generate_density_matrix:       0.00s
check_scf_convergence:         0.00s
scf_records.update:            0.00s
Exc:       0.00000000, Vxc:       0.00000000
SCF Change: DM 3.40534e-4; eev 3.06411e-2 Ha; etot -2.80889e-2 Ha
Energy:   -2572.2294024291 Ha after    4 iterations (in       0.00 seconds).
Detailed timing info in this SCF step:
prepare_next_input:            0.00s
diagonalize_hamiltonian:       0.00s
generate_density_matrix:       0.00s
check_scf_convergence:         0.00s
scf_records.update:            0.00s
Exc:       0.00000000, Vxc:       0.00000000
SCF Change: DM 3.08659e-4; eev 7.96268e-2 Ha; etot 4.16237e-3 Ha
Energy:   -2572.2252400577 Ha after    5 iterations (in       0.00 seconds).
Detailed timing info in this SCF step:
prepare_next_input:            0.00s
diagonalize_hamiltonian:       0.00s
generate_density_matrix:       0.00s
check_scf_convergence:         0.00s
scf_records.update:            0.00s
Exc:       0.00000000, Vxc:       0.00000000
SCF Change: DM 8.33858e-5; eev 4.93049e-3 Ha; etot 7.68540e-3 Ha
Energy:   -2572.2175546538 Ha after    6 iterations (in       0.00 seconds).
Detailed timing info in this SCF step:
prepare_next_input:            0.00s
diagonalize_hamiltonian:       0.00s
generate_density_matrix:       0.00s
check_scf_convergence:         0.00s
scf_records.update:            0.00s
Exc:       0.00000000, Vxc:       0.00000000
SCF Change: DM 1.07303e-4; eev 2.52765e-2 Ha; etot -2.79805e-3 Ha
Energy:   -2572.2203527070 Ha after    7 iterations (in       0.00 seconds).
Detailed timing info in this SCF step:
prepare_next_input:            0.00s
diagonalize_hamiltonian:       0.00s
generate_density_matrix:       0.00s
check_scf_convergence:         0.00s
scf_records.update:            0.00s
Exc:       0.00000000, Vxc:       0.00000000
SCF Change: DM 2.97786e-5; eev 1.22623e-2 Ha; etot -6.89370e-4 Ha
Energy:   -2572.2210420770 Ha after    8 iterations (in       0.01 seconds).
Detailed timing info in this SCF step:
prepare_next_input:            0.01s
diagonalize_hamiltonian:       0.00s
generate_density_matrix:       0.00s
check_scf_convergence:         0.00s
scf_records.update:            0.00s
Exc:       0.00000000, Vxc:       0.00000000
SCF Change: DM 1.03865e-5; eev 3.21444e-3 Ha; etot -2.90652e-7 Ha
Energy:   -2572.2210423677 Ha after    9 iterations (in       0.00 seconds).
Detailed timing info in this SCF step:
prepare_next_input:            0.00s
diagonalize_hamiltonian:       0.00s
generate_density_matrix:       0.00s
check_scf_convergence:         0.00s
scf_records.update:            0.00s
Exc:       0.00000000, Vxc:       0.00000000
SCF Change: DM 2.82542e-7; eev 1.44035e-4 Ha; etot -8.87721e-8 Ha
Energy:   -2572.2210424564 Ha after   10 iterations (in       0.00 seconds).
Detailed timing info in this SCF step:
prepare_next_input:            0.00s
diagonalize_hamiltonian:       0.00s
generate_density_matrix:       0.00s
check_scf_convergence:         0.00s
scf_records.update:            0.00s
Exc:       0.00000000, Vxc:       0.00000000
SCF Change: DM 4.09916e-8; eev 5.98415e-6 Ha; etot -7.13953e-11 Ha
Energy:   -2572.2210424565 Ha after   11 iterations (in       0.00 seconds).
Detailed timing info in this SCF step:
prepare_next_input:            0.00s
diagonalize_hamiltonian:       0.00s
generate_density_matrix:       0.00s
check_scf_convergence:         0.00s
scf_records.update:            0.00s
Exc:       0.00000000, Vxc:       0.00000000
SCF Change: DM 1.99390e-9; eev 1.39271e-7 Ha; etot 2.27374e-12 Ha
Energy:   -2572.2210424565 Ha after   12 iterations (in       0.01 seconds).
Detailed timing info in this SCF step:
prepare_next_input:            0.00s
diagonalize_hamiltonian:       0.00s
generate_density_matrix:       0.00s
check_scf_convergence:         0.00s
scf_records.update:            0.00s
Exc:       0.00000000, Vxc:       0.00000000
SCF Change: DM 4.05298e-10; eev 1.03913e-8 Ha; etot 1.36424e-12 Ha
Energy:   -2572.2210424565 Ha after   13 iterations (in       0.00 seconds).
Detailed timing info in this SCF step:
prepare_next_input:            0.00s
diagonalize_hamiltonian:       0.00s
generate_density_matrix:       0.00s
check_scf_convergence:         0.00s
scf_records.update:            0.00s
Exc:       0.00000000, Vxc:       0.00000000
SCF Change: DM 9.46264e-12; eev 2.05779e-10 Ha; etot  0.00000e0 Ha
Energy:   -2572.2210424565 Ha after   14 iterations (in       0.00 seconds).
Detailed timing info in this SCF step:
prepare_next_input:            0.00s
diagonalize_hamiltonian:       0.00s
generate_density_matrix:       0.00s
check_scf_convergence:         0.00s
scf_records.update:            0.00s
SCF is converged after   14 iterations.
   State    Occupation        Eigenvalue
       0       2.00000       -490.081695
       1       2.00000        -65.222325
       2       2.00000        -58.576453
       3       2.00000        -58.576453
       4       2.00000        -58.576453
       5       2.00000         -9.893649
       6       2.00000         -7.500190
       7       2.00000         -7.500190
       8       2.00000         -7.500190
       9       2.00000         -3.241491
      10       2.00000         -3.241491
      11       2.00000         -3.241491
      12       2.00000         -3.241491
      13       2.00000         -3.241491
      14       2.00000         -1.004021
      15       1.66667         -0.397332
      16       1.66667         -0.397332
      17       1.66667         -0.397332
      18       0.00000          0.358085
      19       0.00000          0.358085
      20       0.00000          0.358085
the job spends             0.18 seconds
Generate SAD of H
the functional of 'hf' contains
For SCF calculation, no core orbital is frozen by effective core potential (ECP) approximation
Libxc version used in REST: 7.0.0
nbas: 6, natm: 1 for standard basis sets
First valence state for the frozen-core algorithm:     0
final nbas: 12,final natm: 2
numbasis: 14, num_auxbas: 18
Unrestricted Hartree-Fock (or Kohn-Sham) algorithm is invoked.
Nuc_energy:       0.00000000 Hartree
no empirical dispersion correction is employed
No ghost effective potential
No ghost point charges
Detailed time report:
aux_ij    |:    0.000 s for for the coulomb matrix of auxiliary basis
all ri    |:    0.001 s for for the total evaluations of ri3fn
inv_sqrt  |:    0.001 s for for the sqrt inverse of aux_ij
ri_v      |:    0.000 s for for RI dot aux_v^{-1/2}
prim ri   |:    0.000 s for for the pure three-center integrals
Overlap matrix is nonsigular:
  Lowest eigenvalue:       0.10940728 with the total number of basis functions:     14
Grid size: 10024
Initial guess from SAP
The evaluation of vmat costs             0.00 seconds
Detailed time report:
DFT Grids |:    0.011 s for Initialization of the tabulated Grids and AOs
CInt      |:    0.002 s for Two, Three, and Four-center integrals
ISDF      |:    0.000 s for ISDF initialization
Overall   |:    0.017 s for SCF Preparation
InitGuess |:    0.004 s for Prepare initial guess
Exc:       0.00000000, Vxc:       0.00000000
The total energy:        -0.4746750264 Ha by the initial guess
Exc:       0.00000000, Vxc:       0.00000000
Energy:      -0.4947605578 Ha with <S^2> =  0.750 and <2S+1> =  2.000 after    1 iterations (in       0.00 seconds).
Detailed timing info in this SCF step:
prepare_next_input:            0.00s
diagonalize_hamiltonian:       0.00s
generate_density_matrix:       0.00s
check_scf_convergence:         0.00s
scf_records.update:            0.00s
Exc:       0.00000000, Vxc:       0.00000000
SCF Change: DM (2.42831e-3, 0.00000e0); eev 1.75389e-1 Ha; etot -7.45427e-3 Ha
Energy:      -0.5022148265 Ha with <S^2> =  0.750 and <2S+1> =  2.000 after    2 iterations (in       0.00 seconds).
Detailed timing info in this SCF step:
prepare_next_input:            0.00s
diagonalize_hamiltonian:       0.00s
generate_density_matrix:       0.00s
check_scf_convergence:         0.00s
scf_records.update:            0.00s
Exc:       0.00000000, Vxc:       0.00000000
SCF Change: DM (4.89184e-4, 0.00000e0); eev 6.79785e-2 Ha; etot 1.31784e-3 Ha
Energy:      -0.5008969838 Ha with <S^2> =  0.750 and <2S+1> =  2.000 after    3 iterations (in       0.00 seconds).
Detailed timing info in this SCF step:
prepare_next_input:            0.00s
diagonalize_hamiltonian:       0.00s
generate_density_matrix:       0.00s
check_scf_convergence:         0.00s
scf_records.update:            0.00s
Exc:       0.00000000, Vxc:       0.00000000
SCF Change: DM (6.14473e-5, 0.00000e0); eev 1.58155e-2 Ha; etot 9.31515e-4 Ha
Energy:      -0.4999654685 Ha with <S^2> =  0.750 and <2S+1> =  2.000 after    4 iterations (in       0.00 seconds).
Detailed timing info in this SCF step:
prepare_next_input:            0.00s
diagonalize_hamiltonian:       0.00s
generate_density_matrix:       0.00s
check_scf_convergence:         0.00s
scf_records.update:            0.00s
Exc:       0.00000000, Vxc:       0.00000000
SCF Change: DM (3.39240e-5, 0.00000e0); eev 1.39012e-3 Ha; etot 1.87791e-4 Ha
Energy:      -0.4997776776 Ha with <S^2> =  0.750 and <2S+1> =  2.000 after    5 iterations (in       0.00 seconds).
Detailed timing info in this SCF step:
prepare_next_input:            0.00s
diagonalize_hamiltonian:       0.00s
generate_density_matrix:       0.00s
check_scf_convergence:         0.00s
scf_records.update:            0.00s
Exc:       0.00000000, Vxc:       0.00000000
SCF Change: DM (1.39081e-5, 0.00000e0); eev 7.49941e-4 Ha; etot -4.66356e-6 Ha
Energy:      -0.4997823411 Ha with <S^2> =  0.750 and <2S+1> =  2.000 after    6 iterations (in       0.00 seconds).
Detailed timing info in this SCF step:
prepare_next_input:            0.00s
diagonalize_hamiltonian:       0.00s
generate_density_matrix:       0.00s
check_scf_convergence:         0.00s
scf_records.update:            0.00s
Exc:       0.00000000, Vxc:       0.00000000
SCF Change: DM (3.24050e-6, 0.00000e0); eev 4.38958e-4 Ha; etot -1.82058e-5 Ha
Energy:      -0.4998005469 Ha with <S^2> =  0.750 and <2S+1> =  2.000 after    7 iterations (in       0.00 seconds).
Detailed timing info in this SCF step:
prepare_next_input:            0.00s
diagonalize_hamiltonian:       0.00s
generate_density_matrix:       0.00s
check_scf_convergence:         0.00s
scf_records.update:            0.00s
Exc:       0.00000000, Vxc:       0.00000000
SCF Change: DM (3.23524e-7, 0.00000e0); eev 1.46853e-4 Ha; etot -9.28526e-6 Ha
Energy:      -0.4998098322 Ha with <S^2> =  0.750 and <2S+1> =  2.000 after    8 iterations (in       0.00 seconds).
Detailed timing info in this SCF step:
prepare_next_input:            0.00s
diagonalize_hamiltonian:       0.00s
generate_density_matrix:       0.00s
check_scf_convergence:         0.00s
scf_records.update:            0.00s
Exc:       0.00000000, Vxc:       0.00000000
SCF Change: DM (1.39114e-7, 0.00000e0); eev 8.51566e-6 Ha; etot -2.91855e-11 Ha
Energy:      -0.4998098322 Ha with <S^2> =  0.750 and <2S+1> =  2.000 after    9 iterations (in       0.00 seconds).
Detailed timing info in this SCF step:
prepare_next_input:            0.00s
diagonalize_hamiltonian:       0.00s
generate_density_matrix:       0.00s
check_scf_convergence:         0.00s
scf_records.update:            0.00s
Exc:       0.00000000, Vxc:       0.00000000
SCF Change: DM (4.82128e-8, 0.00000e0); eev 1.22527e-6 Ha; etot -2.64566e-12 Ha
Energy:      -0.4998098322 Ha with <S^2> =  0.750 and <2S+1> =  2.000 after   10 iterations (in       0.00 seconds).
Detailed timing info in this SCF step:
prepare_next_input:            0.00s
diagonalize_hamiltonian:       0.00s
generate_density_matrix:       0.00s
check_scf_convergence:         0.00s
scf_records.update:            0.00s
Exc:       0.00000000, Vxc:       0.00000000
SCF Change: DM (4.01868e-14, 0.00000e0); eev 2.50307e-12 Ha; etot -5.82867e-14 Ha
Energy:      -0.4998098322 Ha with <S^2> =  0.750 and <2S+1> =  2.000 after   11 iterations (in       0.00 seconds).
Detailed timing info in this SCF step:
prepare_next_input:            0.00s
diagonalize_hamiltonian:       0.00s
generate_density_matrix:       0.00s
check_scf_convergence:         0.00s
scf_records.update:            0.00s
SCF is converged after   11 iterations.
Spin-up eigenvalues
 
   State    Occupation        Eigenvalue
       0       1.00000         -0.499810
       1       0.00000          0.354348
       2       0.00000          0.738499
       3       0.00000          0.738499
 
Spin-down eigenvalues
 
   State    Occupation        Eigenvalue
the number of eigenvalues in 1 spin channel is 1
the job spends             0.03 seconds
total electron number:      36.00000003
The evaluation of Vj, Vk and Vxc matrices cost       0.00,       0.01 and       0.04 seconds, respectively
Exc:     -73.72077273, Vxc:     -47.86564092
Initial guess HF energy:   -2574.8026275550264472
Initial density matrix by Atom SAD:
                 0,           1,           2,           3,           4
    0     2.238499,   -0.803939,    0.135471,    0.189188,   -0.059451
    1    -0.803939,    2.709612,   -0.569868,   -0.682772,    0.176408
    2     0.135471,   -0.569868,    0.869012,    0.851052,   -0.383266
    3     0.189188,   -0.682772,    0.851052,    0.885279,   -0.570014
    4    -0.059451,    0.176408,   -0.383266,   -0.570014,    1.047645
    5    -0.045932,    0.151006,   -0.317779,   -0.443167,    0.740559
    6    -0.000000,   -0.000000,   -0.000000,    0.000000,   -0.000000
    7    -0.000000,   -0.000000,   -0.000000,    0.000000,   -0.000000
    8    -0.001032,    0.003293,   -0.007311,   -0.011009,    0.018440
    9     0.000000,    0.000000,    0.000000,   -0.000000,    0.000000
   10     0.000000,    0.000000,    0.000000,   -0.000000,    0.000000
   11     0.003470,   -0.010424,    0.025591,    0.032415,   -0.056803
   12    -0.000000,    0.000000,   -0.000000,   -0.000000,    0.000000
   13    -0.000000,    0.000000,   -0.000000,   -0.000000,    0.000000
   14    -0.003297,    0.009441,   -0.022380,   -0.028990,    0.051565
   15     0.000000,   -0.000000,    0.000000,    0.000000,   -0.000000
   16     0.000000,   -0.000000,    0.000000,    0.000000,   -0.000000
   17    -0.004720,    0.018766,   -0.048917,   -0.060337,    0.092588
   18    -0.000000,    0.000000,   -0.000000,    0.000000,   -0.000000
   19    -0.000000,    0.000000,   -0.000000,    0.000000,    0.000000
   20    -0.003629,    0.009936,   -0.022318,   -0.031681,    0.059597
   21    -0.000000,    0.000000,   -0.000000,    0.000000,    0.000000
   22    -0.000000,    0.000000,   -0.000000,    0.000000,    0.000000
   23     0.000272,   -0.001101,    0.001988,    0.003512,   -0.005317
   24    -0.000000,   -0.000000,   -0.000000,    0.000000,   -0.000000
   25     0.000000,   -0.000000,    0.000000,   -0.000000,   -0.000000
   26     0.000000,   -0.000000,    0.000000,    0.000000,   -0.000000
   27    -0.000000,    0.000000,   -0.000000,   -0.000000,    0.000000
   28     0.000292,    0.000273,   -0.002066,   -0.001757,    0.000140
   29     0.000000,   -0.000000,    0.000000,    0.000000,   -0.000000
   30    -0.000000,    0.000000,   -0.000000,   -0.000000,    0.000000
   31    -0.000000,    0.000000,   -0.000000,   -0.000000,   -0.000000
   32     0.000000,   -0.000000,    0.000000,    0.000000,   -0.000000
   33    -0.000979,    0.000324,    0.002750,    0.000696,    0.006208
   34    -0.000000,    0.000000,   -0.000000,   -0.000000,    0.000000
   35     0.000000,   -0.000000,    0.000000,    0.000000,   -0.000000
   36    -0.000000,    0.000000,   -0.000000,   -0.000000,    0.000000
   37    -0.000000,    0.000000,   -0.000000,   -0.000000,    0.000000
   38     0.000138,   -0.000725,    0.002537,    0.003146,   -0.005087
   39    -0.000000,    0.000000,   -0.000000,   -0.000000,    0.000000
   40    -0.000000,    0.000000,   -0.000000,   -0.000000,    0.000000
   41     0.000000,   -0.000000,    0.000000,    0.000000,   -0.000000
   42     0.000000,   -0.000000,    0.000000,    0.000000,   -0.000000
   43     0.000000,   -0.000000,    0.000000,    0.000000,   -0.000000
   44     0.000373,   -0.000178,   -0.000882,   -0.000039,   -0.002639
   45     0.000000,   -0.000000,    0.000000,    0.000000,   -0.000000
   46     0.000000,   -0.000000,    0.000000,    0.000000,   -0.000000
   47    -0.000000,    0.000000,   -0.000000,   -0.000000,    0.000000
   48    -0.002852,    0.009086,   -0.016663,   -0.025996,    0.045045
   49    -0.000622,    0.007441,   -0.018531,   -0.024511,    0.029282
   50     0.000124,   -0.001649,    0.004432,    0.003323,   -0.000195
   51     0.000000,   -0.000000,    0.000000,    0.000000,   -0.000000
   52    -0.000000,    0.000000,   -0.000000,    0.000000,    0.000000
   53    -0.000440,    0.001872,   -0.004258,   -0.005732,    0.008589
   54    -0.000000,    0.000000,   -0.000000,   -0.000000,    0.000000
   55    -0.000000,    0.000000,   -0.000000,    0.000000,    0.000000
   56    -0.000244,    0.004007,   -0.011912,   -0.014014,    0.016038
   57     0.000000,   -0.000000,    0.000000,    0.000000,   -0.000000
   58     0.000000,    0.000000,   -0.000000,    0.000000,   -0.000000
   59     0.000181,    0.000640,   -0.002873,   -0.003028,    0.002417
   60     0.000000,   -0.000000,    0.000000,    0.000000,   -0.000000
   61     0.000000,   -0.000000,    0.000000,    0.000000,   -0.000000
                 5,           6,           7,           8,           9
    0    -0.045932,   -0.000000,   -0.000000,   -0.001032,    0.000000
    1     0.151006,   -0.000000,   -0.000000,    0.003293,    0.000000
    2    -0.317779,   -0.000000,   -0.000000,   -0.007311,    0.000000
    3    -0.443167,    0.000000,    0.000000,   -0.011009,   -0.000000
    4     0.740559,   -0.000000,   -0.000000,    0.018440,    0.000000
    5     0.544223,   -0.000000,    0.000000,    0.031416,   -0.000000
    6    -0.000000,    2.344058,    0.000000,   -0.000000,   -0.925863
    7     0.000000,    0.000000,    2.344058,   -0.000000,   -0.000000
    8     0.031416,   -0.000000,   -0.000000,    2.336256,   -0.000000
    9    -0.000000,   -0.925863,   -0.000000,   -0.000000,    2.509214
   10    -0.000000,   -0.000000,   -0.925863,    0.000000,    0.000000
   11    -0.098779,    0.000000,    0.000000,   -0.900232,    0.000000
   12     0.000000,    0.028740,    0.000000,    0.000000,   -0.162015
   13     0.000000,    0.000000,    0.028740,    0.000000,   -0.000000
   14     0.089881,   -0.000000,    0.000000,    0.003483,   -0.000000
   15     0.000000,    0.134220,   -0.000000,   -0.000000,   -0.410276
   16     0.000000,   -0.000000,    0.134220,   -0.000000,    0.000000
   17     0.139915,    0.000000,   -0.000000,    0.088413,    0.000000
   18     0.000000,    0.063104,    0.000000,   -0.000000,   -0.216562
   19     0.000000,    0.000000,    0.063104,   -0.000000,   -0.000000
   20     0.072312,    0.000000,   -0.000000,    0.026458,    0.000000
   21    -0.000000,   -0.000000,   -0.000000,   -0.000000,    0.000000
   22    -0.000000,   -0.000000,    0.000962,   -0.000000,    0.000000
   23     0.002917,    0.000000,    0.000000,    0.005866,   -0.000000
   24     0.000000,    0.000962,    0.000000,   -0.000000,   -0.003208
   25     0.000000,   -0.000000,    0.000000,    0.000000,    0.000000
   26    -0.000000,    0.000000,    0.000000,    0.000000,   -0.000000
   27     0.000000,   -0.000000,   -0.000088,    0.000000,    0.000000
   28    -0.000774,    0.000000,   -0.000000,   -0.001612,    0.000000
   29     0.000000,   -0.000088,    0.000000,    0.000000,    0.000414
   30     0.000000,    0.000000,   -0.000000,    0.000000,   -0.000000
   31    -0.000000,   -0.000000,   -0.000000,   -0.000000,    0.000000
   32    -0.000000,    0.000000,   -0.001217,   -0.000000,   -0.000000
   33    -0.000646,   -0.000000,    0.000000,   -0.001934,   -0.000000
   34    -0.000000,   -0.001217,   -0.000000,   -0.000000,    0.004156
   35    -0.000000,   -0.000000,    0.000000,   -0.000000,    0.000000
   36     0.000000,    0.000000,    0.000000,    0.000000,   -0.000000
   37     0.000000,   -0.000000,   -0.002717,    0.000000,    0.000000
   38    -0.008345,   -0.000000,   -0.000000,   -0.005443,    0.000000
   39     0.000000,   -0.002717,    0.000000,    0.000000,    0.008411
   40     0.000000,    0.000000,   -0.000000,    0.000000,   -0.000000
   41    -0.000000,    0.000000,    0.000000,   -0.000000,   -0.000000
   42    -0.000000,   -0.000000,    0.000000,   -0.000000,    0.000000
   43     0.000000,    0.000000,    0.000904,    0.000000,   -0.000000
   44     0.000584,    0.000000,   -0.000000,    0.001353,    0.000000
   45    -0.000000,    0.000904,   -0.000000,   -0.000000,   -0.002854
   46    -0.000000,    0.000000,    0.000000,   -0.000000,   -0.000000
   47     0.000000,   -0.000000,    0.000000,    0.000000,    0.000000
   48    -0.000123,   -0.000000,   -0.000000,   -0.030612,    0.000000
   49    -0.026876,    0.000000,   -0.000000,   -0.049171,    0.000000
   50    -0.014353,    0.000000,   -0.000000,   -0.015663,   -0.000000
   51     0.000000,    0.001178,   -0.000000,    0.000000,   -0.003937
   52     0.000000,   -0.000000,    0.001178,   -0.000000,    0.000000
   53     0.003626,   -0.000000,    0.000000,   -0.003064,    0.000000
   54     0.000000,    0.004144,    0.000000,    0.000000,   -0.014390
   55     0.000000,   -0.000000,    0.004144,    0.000000,    0.000000
   56     0.008152,    0.000000,   -0.000000,   -0.005476,   -0.000000
   57    -0.000000,    0.000000,   -0.000000,    0.000000,   -0.000000
   58     0.000000,   -0.000000,    0.000841,   -0.000000,   -0.000000
   59     0.001020,    0.000000,    0.000000,   -0.002973,   -0.000000
   60     0.000000,    0.000841,    0.000000,    0.000000,   -0.002583
   61    -0.000000,   -0.000000,    0.000000,    0.000000,    0.000000
                10,          11,          12,          13,          14
    0     0.000000,    0.003470,   -0.000000,   -0.000000,   -0.003297
    1     0.000000,   -0.010424,    0.000000,    0.000000,    0.009441
    2     0.000000,    0.025591,   -0.000000,   -0.000000,   -0.022380
    3    -0.000000,    0.032415,   -0.000000,   -0.000000,   -0.028990
    4     0.000000,   -0.056803,    0.000000,    0.000000,    0.051565
    5    -0.000000,   -0.098779,    0.000000,    0.000000,    0.089881
    6    -0.000000,    0.000000,    0.028740,    0.000000,   -0.000000
    7    -0.925863,    0.000000,    0.000000,    0.028740,    0.000000
    8     0.000000,   -0.900232,    0.000000,    0.000000,    0.003483
    9     0.000000,    0.000000,   -0.162015,   -0.000000,   -0.000000
   10     2.509214,   -0.000000,   -0.000000,   -0.162015,   -0.000000
   11    -0.000000,    2.425385,   -0.000000,   -0.000000,   -0.081297
   12    -0.000000,   -0.000000,    0.242473,    0.000000,    0.000000
   13    -0.162015,   -0.000000,    0.000000,    0.242473,    0.000000
   14    -0.000000,   -0.081297,    0.000000,    0.000000,    0.166742
   15     0.000000,    0.000000,    0.364491,    0.000000,    0.000000
   16    -0.410276,    0.000000,   -0.000000,    0.364491,    0.000000
   17     0.000000,   -0.262759,   -0.000000,   -0.000000,    0.224693
   18    -0.000000,    0.000000,    0.206290,    0.000000,    0.000000
   19    -0.216562,    0.000000,    0.000000,    0.206290,    0.000000
   20     0.000000,   -0.096646,   -0.000000,   -0.000000,    0.093817
   21     0.000000,    0.000000,   -0.000000,   -0.000000,   -0.000000
   22    -0.003208,    0.000000,   -0.000000,    0.002378,   -0.000000
   23    -0.000000,   -0.019226,    0.000000,    0.000000,    0.015725
   24    -0.000000,    0.000000,    0.002378,    0.000000,   -0.000000
   25    -0.000000,   -0.000000,   -0.000000,    0.000000,   -0.000000
   26    -0.000000,   -0.000000,    0.000000,    0.000000,   -0.000000
   27     0.000414,   -0.000000,   -0.000000,   -0.000989,    0.000000
   28     0.000000,    0.003539,   -0.000000,   -0.000000,   -0.003837
   29    -0.000000,   -0.000000,   -0.000989,    0.000000,    0.000000
   30     0.000000,   -0.000000,    0.000000,   -0.000000,    0.000000
   31     0.000000,    0.000000,   -0.000000,   -0.000000,   -0.000000
   32     0.004156,    0.000000,    0.000000,   -0.003802,   -0.000000
   33    -0.000000,    0.012976,    0.000000,    0.000000,   -0.013990
   34     0.000000,    0.000000,   -0.003802,   -0.000000,   -0.000000
   35    -0.000000,    0.000000,   -0.000000,    0.000000,   -0.000000
   36    -0.000000,   -0.000000,    0.000000,    0.000000,    0.000000
   37     0.008411,   -0.000000,   -0.000000,   -0.007718,    0.000000
   38    -0.000000,    0.016221,    0.000000,    0.000000,   -0.014402
   39    -0.000000,   -0.000000,   -0.007718,    0.000000,    0.000000
   40     0.000000,   -0.000000,    0.000000,   -0.000000,    0.000000
   41    -0.000000,    0.000000,    0.000000,    0.000000,   -0.000000
   42     0.000000,    0.000000,   -0.000000,    0.000000,   -0.000000
   43    -0.002854,   -0.000000,    0.000000,    0.002889,    0.000000
   44     0.000000,   -0.006312,   -0.000000,   -0.000000,    0.006939
   45     0.000000,    0.000000,    0.002889,   -0.000000,   -0.000000
   46     0.000000,    0.000000,    0.000000,    0.000000,   -0.000000
   47    -0.000000,   -0.000000,   -0.000000,   -0.000000,    0.000000
   48     0.000000,    0.101824,   -0.000000,    0.000000,   -0.093920
   49     0.000000,    0.156519,   -0.000000,   -0.000000,   -0.143005
   50     0.000000,    0.047419,   -0.000000,   -0.000000,   -0.041813
   51    -0.000000,   -0.000000,    0.003679,    0.000000,    0.000000
   52    -0.003937,    0.000000,    0.000000,    0.003679,   -0.000000
   53    -0.000000,    0.008532,   -0.000000,    0.000000,   -0.007110
   54    -0.000000,   -0.000000,    0.013673,    0.000000,    0.000000
   55    -0.014390,   -0.000000,   -0.000000,    0.013673,    0.000000
   56     0.000000,    0.012272,   -0.000000,   -0.000000,   -0.009871
   57     0.000000,   -0.000000,   -0.000000,   -0.000000,    0.000000
   58    -0.002583,    0.000000,    0.000000,    0.002266,   -0.000000
   59     0.000000,    0.003981,   -0.000000,   -0.000000,   -0.002257
   60    -0.000000,   -0.000000,    0.002266,    0.000000,    0.000000
   61    -0.000000,   -0.000000,   -0.000000,    0.000000,    0.000000
                15,          16,          17,          18,          19
    0     0.000000,    0.000000,   -0.004720,   -0.000000,   -0.000000
    1    -0.000000,   -0.000000,    0.018766,    0.000000,    0.000000
    2     0.000000,    0.000000,   -0.048917,   -0.000000,   -0.000000
    3     0.000000,    0.000000,   -0.060337,    0.000000,    0.000000
    4    -0.000000,   -0.000000,    0.092588,   -0.000000,    0.000000
    5     0.000000,    0.000000,    0.139915,    0.000000,    0.000000
    6     0.134220,   -0.000000,    0.000000,    0.063104,    0.000000
    7    -0.000000,    0.134220,   -0.000000,    0.000000,    0.063104
    8    -0.000000,   -0.000000,    0.088413,   -0.000000,   -0.000000
    9    -0.410276,    0.000000,    0.000000,   -0.216562,   -0.000000
   10     0.000000,   -0.410276,    0.000000,   -0.000000,   -0.216562
   11     0.000000,    0.000000,   -0.262759,    0.000000,    0.000000
   12     0.364491,   -0.000000,   -0.000000,    0.206290,    0.000000
   13     0.000000,    0.364491,   -0.000000,    0.000000,    0.206290
   14     0.000000,    0.000000,    0.224693,    0.000000,    0.000000
   15     0.559888,   -0.000000,   -0.000000,    0.315693,    0.000000
   16    -0.000000,    0.559888,   -0.000000,   -0.000000,    0.315693
   17    -0.000000,   -0.000000,    0.313580,   -0.000000,   -0.000000
   18     0.315693,   -0.000000,   -0.000000,    0.178128,    0.000000
   19     0.000000,    0.315693,   -0.000000,    0.000000,    0.178128
   20    -0.000000,   -0.000000,    0.130349,   -0.000000,   -0.000000
   21     0.000000,    0.000000,    0.000000,   -0.000000,   -0.000000
   22    -0.000000,    0.006465,    0.000000,   -0.000000,    0.003350
   23    -0.000000,   -0.000000,    0.029760,    0.000000,    0.000000
   24     0.006465,    0.000000,   -0.000000,    0.003350,    0.000000
   25     0.000000,   -0.000000,    0.000000,   -0.000000,    0.000000
   26     0.000000,    0.000000,    0.000000,    0.000000,    0.000000
   27    -0.000000,   -0.000911,    0.000000,   -0.000000,   -0.000577
   28    -0.000000,   -0.000000,   -0.003606,   -0.000000,   -0.000000
   29    -0.000911,    0.000000,    0.000000,   -0.000577,    0.000000
   30     0.000000,   -0.000000,    0.000000,    0.000000,   -0.000000
   31    -0.000000,   -0.000000,   -0.000000,   -0.000000,   -0.000000
   32     0.000000,   -0.005815,   -0.000000,    0.000000,   -0.003282
   33     0.000000,    0.000000,   -0.019049,    0.000000,    0.000000
   34    -0.005815,   -0.000000,   -0.000000,   -0.003282,   -0.000000
   35    -0.000000,    0.000000,   -0.000000,   -0.000000,    0.000000
   36     0.000000,    0.000000,    0.000000,    0.000000,    0.000000
   37    -0.000000,   -0.011813,    0.000000,   -0.000000,   -0.006665
   38     0.000000,    0.000000,   -0.019968,    0.000000,    0.000000
   39    -0.011813,    0.000000,    0.000000,   -0.006665,    0.000000
   40     0.000000,   -0.000000,    0.000000,    0.000000,   -0.000000
   41     0.000000,    0.000000,   -0.000000,    0.000000,    0.000000
   42    -0.000000,    0.000000,   -0.000000,   -0.000000,    0.000000
   43     0.000000,    0.004408,   -0.000000,    0.000000,    0.002488
   44    -0.000000,   -0.000000,    0.009457,   -0.000000,   -0.000000
   45     0.004408,   -0.000000,   -0.000000,    0.002488,   -0.000000
   46     0.000000,    0.000000,   -0.000000,    0.000000,    0.000000
   47    -0.000000,   -0.000000,    0.000000,   -0.000000,   -0.000000
   48    -0.000000,   -0.000000,   -0.128685,   -0.000000,   -0.000000
   49    -0.000000,   -0.000000,   -0.196800,   -0.000000,   -0.000000
   50    -0.000000,   -0.000000,   -0.057938,   -0.000000,   -0.000000
   51     0.005634,    0.000000,    0.000000,    0.003179,    0.000000
   52    -0.000000,    0.005634,   -0.000000,    0.000000,    0.003179
   53    -0.000000,   -0.000000,   -0.009671,   -0.000000,    0.000000
   54     0.020927,    0.000000,    0.000000,    0.011808,    0.000000
   55    -0.000000,    0.020927,   -0.000000,   -0.000000,    0.011808
   56    -0.000000,   -0.000000,   -0.013324,   -0.000000,   -0.000000
   57    -0.000000,   -0.000000,    0.000000,   -0.000000,   -0.000000
   58     0.000000,    0.003482,   -0.000000,    0.000000,    0.001963
   59    -0.000000,   -0.000000,   -0.003158,   -0.000000,   -0.000000
   60     0.003482,    0.000000,    0.000000,    0.001963,    0.000000
   61    -0.000000,    0.000000,    0.000000,   -0.000000,    0.000000
                20,          21,          22,          23,          24
    0    -0.003629,   -0.000000,   -0.000000,    0.000272,   -0.000000
    1     0.009936,    0.000000,    0.000000,   -0.001101,   -0.000000
    2    -0.022318,   -0.000000,   -0.000000,    0.001988,   -0.000000
    3    -0.031681,    0.000000,    0.000000,    0.003512,    0.000000
    4     0.059597,    0.000000,    0.000000,   -0.005317,   -0.000000
    5     0.072312,   -0.000000,   -0.000000,    0.002917,    0.000000
    6     0.000000,   -0.000000,   -0.000000,    0.000000,    0.000962
    7    -0.000000,   -0.000000,    0.000962,    0.000000,    0.000000
    8     0.026458,   -0.000000,   -0.000000,    0.005866,   -0.000000
    9     0.000000,    0.000000,    0.000000,   -0.000000,   -0.003208
   10     0.000000,    0.000000,   -0.003208,   -0.000000,   -0.000000
   11    -0.096646,    0.000000,    0.000000,   -0.019226,    0.000000
   12    -0.000000,   -0.000000,   -0.000000,    0.000000,    0.002378
   13    -0.000000,   -0.000000,    0.002378,    0.000000,    0.000000
   14     0.093817,   -0.000000,   -0.000000,    0.015725,   -0.000000
   15    -0.000000,    0.000000,   -0.000000,   -0.000000,    0.006465
   16    -0.000000,    0.000000,    0.006465,   -0.000000,    0.000000
   17     0.130349,    0.000000,    0.000000,    0.029760,   -0.000000
   18    -0.000000,   -0.000000,   -0.000000,    0.000000,    0.003350
   19    -0.000000,   -0.000000,    0.003350,    0.000000,    0.000000
   20     0.054756,   -0.000000,   -0.000000,    0.009108,   -0.000000
   21    -0.000000,    1.642521,   -0.000000,    0.000000,   -0.000000
   22    -0.000000,   -0.000000,    1.641284,   -0.000000,   -0.000000
   23     0.009108,    0.000000,   -0.000000,    1.642066,   -0.000000
   24    -0.000000,   -0.000000,   -0.000000,   -0.000000,    1.641284
   25     0.000000,   -0.000000,   -0.000000,   -0.000000,   -0.000000
   26     0.000000,    0.330336,    0.000000,    0.000000,    0.000000
   27     0.000000,    0.000000,    0.331109,    0.000000,   -0.000000
   28    -0.002100,    0.000000,   -0.000000,    0.331476,    0.000000
   29     0.000000,   -0.000000,    0.000000,    0.000000,    0.331109
   30     0.000000,    0.000000,    0.000000,    0.000000,    0.000000
   31    -0.000000,    0.008882,   -0.000000,   -0.000000,   -0.000000
   32    -0.000000,   -0.000000,    0.008895,   -0.000000,    0.000000
   33    -0.007681,   -0.000000,    0.000000,    0.007557,   -0.000000
   34    -0.000000,    0.000000,   -0.000000,   -0.000000,    0.008895
   35    -0.000000,   -0.000000,   -0.000000,   -0.000000,    0.000000
   36     0.000000,    0.013294,    0.000000,    0.000000,    0.000000
   37     0.000000,   -0.000000,    0.013556,    0.000000,   -0.000000
   38    -0.008315,   -0.000000,   -0.000000,    0.012523,    0.000000
   39     0.000000,   -0.000000,    0.000000,    0.000000,    0.013556
   40     0.000000,    0.000000,   -0.000000,    0.000000,    0.000000
   41    -0.000000,    0.000000,   -0.000000,    0.000000,    0.000000
   42    -0.000000,   -0.000659,    0.000000,    0.000000,    0.000000
   43    -0.000000,   -0.000000,   -0.001326,    0.000000,    0.000000
   44     0.003823,    0.000000,   -0.000000,   -0.001339,   -0.000000
   45    -0.000000,   -0.000000,    0.000000,   -0.000000,   -0.001326
   46    -0.000000,    0.000000,   -0.000000,   -0.000000,   -0.000000
   47     0.000000,   -0.000000,   -0.000000,    0.000000,    0.000000
   48    -0.051894,   -0.000000,    0.000000,   -0.006270,    0.000000
   49    -0.080209,    0.000000,    0.000000,   -0.020609,   -0.000000
   50    -0.023728,   -0.000000,    0.000000,   -0.006981,   -0.000000
   51     0.000000,   -0.000000,    0.000000,    0.000000,   -0.001180
   52    -0.000000,    0.000000,   -0.001180,   -0.000000,    0.000000
   53    -0.003799,    0.000000,   -0.000000,    0.001022,   -0.000000
   54     0.000000,   -0.000000,   -0.000000,    0.000000,    0.000698
   55    -0.000000,   -0.000000,    0.000698,   -0.000000,   -0.000000
   56    -0.005177,    0.000000,    0.000000,   -0.000364,   -0.000000
   57     0.000000,    0.000213,    0.000000,    0.000000,    0.000000
   58    -0.000000,    0.000000,   -0.001024,   -0.000000,   -0.000000
   59    -0.001249,    0.000000,   -0.000000,   -0.000923,   -0.000000
   60     0.000000,   -0.000000,    0.000000,    0.000000,   -0.001024
   61     0.000000,   -0.000000,    0.000000,   -0.000000,    0.000000
                25,          26,          27,          28,          29
    0     0.000000,    0.000000,   -0.000000,    0.000292,    0.000000
    1    -0.000000,   -0.000000,    0.000000,    0.000273,   -0.000000
    2     0.000000,    0.000000,   -0.000000,   -0.002066,    0.000000
    3    -0.000000,    0.000000,   -0.000000,   -0.001757,    0.000000
    4    -0.000000,   -0.000000,    0.000000,    0.000140,   -0.000000
    5     0.000000,   -0.000000,    0.000000,   -0.000774,    0.000000
    6    -0.000000,    0.000000,   -0.000000,    0.000000,   -0.000088
    7     0.000000,    0.000000,   -0.000088,   -0.000000,    0.000000
    8     0.000000,    0.000000,    0.000000,   -0.001612,    0.000000
    9     0.000000,   -0.000000,    0.000000,    0.000000,    0.000414
   10    -0.000000,   -0.000000,    0.000414,    0.000000,   -0.000000
   11    -0.000000,   -0.000000,   -0.000000,    0.003539,   -0.000000
   12    -0.000000,    0.000000,   -0.000000,   -0.000000,   -0.000989
   13     0.000000,    0.000000,   -0.000989,   -0.000000,    0.000000
   14    -0.000000,   -0.000000,    0.000000,   -0.003837,    0.000000
   15     0.000000,    0.000000,   -0.000000,   -0.000000,   -0.000911
   16    -0.000000,    0.000000,   -0.000911,   -0.000000,    0.000000
   17     0.000000,    0.000000,    0.000000,   -0.003606,    0.000000
   18    -0.000000,    0.000000,   -0.000000,   -0.000000,   -0.000577
   19     0.000000,    0.000000,   -0.000577,   -0.000000,    0.000000
   20     0.000000,    0.000000,    0.000000,   -0.002100,    0.000000
   21    -0.000000,    0.330336,    0.000000,    0.000000,   -0.000000
   22    -0.000000,    0.000000,    0.331109,   -0.000000,    0.000000
   23    -0.000000,    0.000000,    0.000000,    0.331476,    0.000000
   24    -0.000000,    0.000000,   -0.000000,    0.000000,    0.331109
   25     1.642521,    0.000000,   -0.000000,    0.000000,   -0.000000
   26     0.000000,    0.066436,    0.000000,    0.000000,   -0.000000
   27    -0.000000,    0.000000,    0.066806,   -0.000000,    0.000000
   28     0.000000,    0.000000,   -0.000000,    0.067235,    0.000000
   29    -0.000000,   -0.000000,    0.000000,    0.000000,    0.066806
   30     0.330336,    0.000000,    0.000000,    0.000000,   -0.000000
   31    -0.000000,    0.001786,   -0.000000,   -0.000000,   -0.000000
   32     0.000000,   -0.000000,    0.001818,    0.000000,    0.000000
   33    -0.000000,   -0.000000,   -0.000000,    0.002148,   -0.000000
   34     0.000000,   -0.000000,    0.000000,    0.000000,    0.001818
   35     0.008882,   -0.000000,   -0.000000,   -0.000000,    0.000000
   36     0.000000,    0.002674,    0.000000,    0.000000,   -0.000000
   37    -0.000000,   -0.000000,    0.002782,    0.000000,   -0.000000
   38    -0.000000,   -0.000000,   -0.000000,    0.003153,    0.000000
   39    -0.000000,   -0.000000,   -0.000000,    0.000000,    0.002782
   40     0.013294,    0.000000,    0.000000,    0.000000,   -0.000000
   41     0.000000,    0.000000,   -0.000000,    0.000000,    0.000000
   42    -0.000000,   -0.000133,    0.000000,    0.000000,    0.000000
   43    -0.000000,    0.000000,   -0.000285,   -0.000000,    0.000000
   44     0.000000,    0.000000,    0.000000,   -0.000579,   -0.000000
   45     0.000000,    0.000000,    0.000000,   -0.000000,   -0.000285
   46    -0.000659,    0.000000,   -0.000000,    0.000000,   -0.000000
   47     0.000000,   -0.000000,   -0.000000,    0.000000,    0.000000
   48     0.000000,   -0.000000,   -0.000000,    0.003040,   -0.000000
   49     0.000000,    0.000000,   -0.000000,    0.002288,   -0.000000
   50    -0.000000,   -0.000000,   -0.000000,    0.000429,   -0.000000
   51    -0.000000,    0.000000,    0.000000,   -0.000000,   -0.000260
   52     0.000000,    0.000000,   -0.000260,   -0.000000,    0.000000
   53    -0.000000,   -0.000000,   -0.000000,    0.000555,   -0.000000
   54    -0.000000,    0.000000,   -0.000000,   -0.000000,    0.000058
   55     0.000000,    0.000000,    0.000058,   -0.000000,    0.000000
   56     0.000000,    0.000000,   -0.000000,    0.000440,   -0.000000
   57     0.000000,    0.000043,    0.000000,   -0.000000,    0.000000
   58     0.000000,    0.000000,   -0.000220,   -0.000000,    0.000000
   59     0.000000,    0.000000,   -0.000000,   -0.000069,   -0.000000
   60    -0.000000,    0.000000,    0.000000,   -0.000000,   -0.000220
   61     0.000213,   -0.000000,    0.000000,   -0.000000,    0.000000
                30,          31,          32,          33,          34
    0    -0.000000,   -0.000000,    0.000000,   -0.000979,   -0.000000
    1     0.000000,    0.000000,   -0.000000,    0.000324,    0.000000
    2    -0.000000,   -0.000000,    0.000000,    0.002750,   -0.000000
    3    -0.000000,   -0.000000,    0.000000,    0.000696,   -0.000000
    4     0.000000,   -0.000000,   -0.000000,    0.006208,    0.000000
    5     0.000000,   -0.000000,   -0.000000,   -0.000646,   -0.000000
    6     0.000000,   -0.000000,    0.000000,   -0.000000,   -0.001217
    7    -0.000000,   -0.000000,   -0.001217,    0.000000,   -0.000000
    8     0.000000,   -0.000000,   -0.000000,   -0.001934,   -0.000000
    9    -0.000000,    0.000000,   -0.000000,   -0.000000,    0.004156
   10     0.000000,    0.000000,    0.004156,   -0.000000,    0.000000
   11    -0.000000,    0.000000,    0.000000,    0.012976,    0.000000
   12     0.000000,   -0.000000,    0.000000,    0.000000,   -0.003802
   13    -0.000000,   -0.000000,   -0.003802,    0.000000,   -0.000000
   14     0.000000,   -0.000000,   -0.000000,   -0.013990,   -0.000000
   15     0.000000,   -0.000000,    0.000000,    0.000000,   -0.005815
   16    -0.000000,   -0.000000,   -0.005815,    0.000000,   -0.000000
   17     0.000000,   -0.000000,   -0.000000,   -0.019049,   -0.000000
   18     0.000000,   -0.000000,    0.000000,    0.000000,   -0.003282
   19    -0.000000,   -0.000000,   -0.003282,    0.000000,   -0.000000
   20     0.000000,   -0.000000,   -0.000000,   -0.007681,   -0.000000
   21     0.000000,    0.008882,   -0.000000,   -0.000000,    0.000000
   22     0.000000,   -0.000000,    0.008895,    0.000000,   -0.000000
   23     0.000000,   -0.000000,   -0.000000,    0.007557,   -0.000000
   24     0.000000,   -0.000000,    0.000000,   -0.000000,    0.008895
   25     0.330336,   -0.000000,    0.000000,   -0.000000,    0.000000
   26     0.000000,    0.001786,   -0.000000,   -0.000000,   -0.000000
   27     0.000000,   -0.000000,    0.001818,   -0.000000,    0.000000
   28     0.000000,   -0.000000,    0.000000,    0.002148,    0.000000
   29    -0.000000,   -0.000000,    0.000000,   -0.000000,    0.001818
   30     0.066436,   -0.000000,    0.000000,   -0.000000,    0.000000
   31    -0.000000,    0.000048,    0.000000,    0.000000,    0.000000
   32     0.000000,    0.000000,    0.000109,    0.000000,    0.000000
   33    -0.000000,    0.000000,    0.000000,    0.001382,    0.000000
   34     0.000000,    0.000000,    0.000000,    0.000000,    0.000109
   35     0.001786,   -0.000000,   -0.000000,   -0.000000,    0.000000
   36     0.000000,    0.000072,   -0.000000,   -0.000000,   -0.000000
   37     0.000000,    0.000000,    0.000197,   -0.000000,    0.000000
   38    -0.000000,    0.000000,    0.000000,    0.001306,    0.000000
   39    -0.000000,    0.000000,   -0.000000,   -0.000000,    0.000197
   40     0.002674,   -0.000000,    0.000000,   -0.000000,   -0.000000
   41     0.000000,    0.000000,   -0.000000,    0.000000,   -0.000000
   42    -0.000000,   -0.000004,   -0.000000,    0.000000,    0.000000
   43    -0.000000,   -0.000000,   -0.000053,    0.000000,   -0.000000
   44     0.000000,   -0.000000,   -0.000000,   -0.000663,   -0.000000
   45     0.000000,   -0.000000,    0.000000,    0.000000,   -0.000053
   46    -0.000133,    0.000000,   -0.000000,    0.000000,   -0.000000
   47     0.000000,   -0.000000,    0.000000,   -0.000000,    0.000000
   48     0.000000,    0.000000,    0.000000,    0.008798,    0.000000
   49     0.000000,    0.000000,    0.000000,    0.012877,    0.000000
   50    -0.000000,    0.000000,    0.000000,    0.003719,    0.000000
   51    -0.000000,   -0.000000,    0.000000,   -0.000000,   -0.000065
   52    -0.000000,   -0.000000,   -0.000065,    0.000000,   -0.000000
   53    -0.000000,    0.000000,    0.000000,    0.000722,    0.000000
   54     0.000000,   -0.000000,    0.000000,    0.000000,   -0.000215
   55    -0.000000,   -0.000000,   -0.000215,    0.000000,   -0.000000
   56     0.000000,    0.000000,    0.000000,    0.001004,    0.000000
   57     0.000000,    0.000001,    0.000000,   -0.000000,    0.000000
   58    -0.000000,   -0.000000,   -0.000042,    0.000000,   -0.000000
   59     0.000000,    0.000000,    0.000000,    0.000210,    0.000000
   60    -0.000000,   -0.000000,    0.000000,   -0.000000,   -0.000042
   61     0.000043,   -0.000000,   -0.000000,   -0.000000,    0.000000
                35,          36,          37,          38,          39
    0     0.000000,   -0.000000,   -0.000000,    0.000138,   -0.000000
    1    -0.000000,    0.000000,    0.000000,   -0.000725,    0.000000
    2     0.000000,   -0.000000,   -0.000000,    0.002537,   -0.000000
    3     0.000000,   -0.000000,   -0.000000,    0.003146,   -0.000000
    4    -0.000000,    0.000000,    0.000000,   -0.005087,    0.000000
    5    -0.000000,    0.000000,    0.000000,   -0.008345,    0.000000
    6    -0.000000,    0.000000,   -0.000000,   -0.000000,   -0.002717
    7     0.000000,    0.000000,   -0.002717,   -0.000000,    0.000000
    8    -0.000000,    0.000000,    0.000000,   -0.005443,    0.000000
    9     0.000000,   -0.000000,    0.000000,    0.000000,    0.008411
   10    -0.000000,   -0.000000,    0.008411,   -0.000000,   -0.000000
   11     0.000000,   -0.000000,   -0.000000,    0.016221,   -0.000000
   12    -0.000000,    0.000000,   -0.000000,    0.000000,   -0.007718
   13     0.000000,    0.000000,   -0.007718,    0.000000,    0.000000
   14    -0.000000,    0.000000,    0.000000,   -0.014402,    0.000000
   15    -0.000000,    0.000000,   -0.000000,    0.000000,   -0.011813
   16     0.000000,    0.000000,   -0.011813,    0.000000,    0.000000
   17    -0.000000,    0.000000,    0.000000,   -0.019968,    0.000000
   18    -0.000000,    0.000000,   -0.000000,    0.000000,   -0.006665
   19     0.000000,    0.000000,   -0.006665,    0.000000,    0.000000
   20    -0.000000,    0.000000,    0.000000,   -0.008315,    0.000000
   21    -0.000000,    0.013294,   -0.000000,   -0.000000,   -0.000000
   22    -0.000000,    0.000000,    0.013556,   -0.000000,    0.000000
   23    -0.000000,    0.000000,    0.000000,    0.012523,    0.000000
   24     0.000000,    0.000000,   -0.000000,    0.000000,    0.013556
   25     0.008882,    0.000000,   -0.000000,   -0.000000,   -0.000000
   26    -0.000000,    0.002674,   -0.000000,   -0.000000,   -0.000000
   27    -0.000000,    0.000000,    0.002782,   -0.000000,   -0.000000
   28    -0.000000,    0.000000,    0.000000,    0.003153,    0.000000
   29     0.000000,   -0.000000,   -0.000000,    0.000000,    0.002782
   30     0.001786,    0.000000,    0.000000,   -0.000000,   -0.000000
   31    -0.000000,    0.000072,    0.000000,    0.000000,    0.000000
   32    -0.000000,   -0.000000,    0.000197,    0.000000,   -0.000000
   33    -0.000000,   -0.000000,   -0.000000,    0.001306,   -0.000000
   34     0.000000,   -0.000000,    0.000000,    0.000000,    0.000197
   35     0.000048,   -0.000000,   -0.000000,    0.000000,    0.000000
   36    -0.000000,    0.000108,   -0.000000,   -0.000000,   -0.000000
   37    -0.000000,   -0.000000,    0.000363,   -0.000000,   -0.000000
   38     0.000000,   -0.000000,   -0.000000,    0.001399,   -0.000000
   39     0.000000,   -0.000000,   -0.000000,   -0.000000,    0.000363
   40     0.000072,    0.000000,    0.000000,   -0.000000,   -0.000000
   41     0.000000,    0.000000,   -0.000000,    0.000000,   -0.000000
   42     0.000000,   -0.000005,   -0.000000,    0.000000,    0.000000
   43     0.000000,    0.000000,   -0.000105,    0.000000,    0.000000
   44    -0.000000,    0.000000,    0.000000,   -0.000627,    0.000000
   45    -0.000000,    0.000000,    0.000000,    0.000000,   -0.000105
   46    -0.000004,    0.000000,   -0.000000,    0.000000,   -0.000000
   47     0.000000,   -0.000000,    0.000000,   -0.000000,    0.000000
   48    -0.000000,   -0.000000,   -0.000000,    0.008327,   -0.000000
   49     0.000000,   -0.000000,   -0.000000,    0.012604,   -0.000000
   50     0.000000,   -0.000000,   -0.000000,    0.003692,   -0.000000
   51    -0.000000,    0.000000,   -0.000000,    0.000000,   -0.000129
   52     0.000000,    0.000000,   -0.000129,    0.000000,    0.000000
   53    -0.000000,   -0.000000,   -0.000000,    0.000644,   -0.000000
   54    -0.000000,    0.000000,   -0.000000,    0.000000,   -0.000438
   55     0.000000,    0.000000,   -0.000438,    0.000000,    0.000000
   56    -0.000000,   -0.000000,    0.000000,    0.000877,    0.000000
   57    -0.000000,    0.000002,    0.000000,   -0.000000,    0.000000
   58     0.000000,    0.000000,   -0.000082,    0.000000,    0.000000
   59    -0.000000,   -0.000000,   -0.000000,    0.000199,   -0.000000
   60    -0.000000,    0.000000,   -0.000000,    0.000000,   -0.000082
   61     0.000001,   -0.000000,   -0.000000,   -0.000000,    0.000000
                40,          41,          42,          43,          44
    0    -0.000000,    0.000000,    0.000000,    0.000000,    0.000373
    1     0.000000,   -0.000000,   -0.000000,   -0.000000,   -0.000178
    2    -0.000000,    0.000000,    0.000000,    0.000000,   -0.000882
    3    -0.000000,    0.000000,    0.000000,    0.000000,   -0.000039
    4     0.000000,   -0.000000,   -0.000000,   -0.000000,   -0.002639
    5     0.000000,   -0.000000,   -0.000000,    0.000000,    0.000584
    6     0.000000,    0.000000,   -0.000000,    0.000000,    0.000000
    7    -0.000000,    0.000000,    0.000000,    0.000904,   -0.000000
    8     0.000000,   -0.000000,   -0.000000,    0.000000,    0.001353
    9    -0.000000,   -0.000000,    0.000000,   -0.000000,    0.000000
   10     0.000000,   -0.000000,    0.000000,   -0.002854,    0.000000
   11    -0.000000,    0.000000,    0.000000,   -0.000000,   -0.006312
   12     0.000000,    0.000000,   -0.000000,    0.000000,   -0.000000
   13    -0.000000,    0.000000,    0.000000,    0.002889,   -0.000000
   14     0.000000,   -0.000000,   -0.000000,    0.000000,    0.006939
   15     0.000000,    0.000000,   -0.000000,    0.000000,   -0.000000
   16    -0.000000,    0.000000,    0.000000,    0.004408,   -0.000000
   17     0.000000,   -0.000000,   -0.000000,   -0.000000,    0.009457
   18     0.000000,    0.000000,   -0.000000,    0.000000,   -0.000000
   19    -0.000000,    0.000000,    0.000000,    0.002488,   -0.000000
   20     0.000000,   -0.000000,   -0.000000,   -0.000000,    0.003823
   21     0.000000,    0.000000,   -0.000659,   -0.000000,    0.000000
   22    -0.000000,   -0.000000,    0.000000,   -0.001326,   -0.000000
   23     0.000000,    0.000000,    0.000000,    0.000000,   -0.001339
   24     0.000000,    0.000000,    0.000000,    0.000000,   -0.000000
   25     0.013294,    0.000000,   -0.000000,   -0.000000,    0.000000
   26     0.000000,    0.000000,   -0.000133,    0.000000,    0.000000
   27     0.000000,   -0.000000,    0.000000,   -0.000285,    0.000000
   28     0.000000,    0.000000,    0.000000,   -0.000000,   -0.000579
   29    -0.000000,    0.000000,    0.000000,    0.000000,   -0.000000
   30     0.002674,    0.000000,   -0.000000,   -0.000000,    0.000000
   31    -0.000000,    0.000000,   -0.000004,   -0.000000,   -0.000000
   32     0.000000,   -0.000000,   -0.000000,   -0.000053,   -0.000000
   33    -0.000000,    0.000000,    0.000000,    0.000000,   -0.000663
   34    -0.000000,   -0.000000,    0.000000,   -0.000000,   -0.000000
   35     0.000072,    0.000000,    0.000000,    0.000000,   -0.000000
   36     0.000000,    0.000000,   -0.000005,    0.000000,    0.000000
   37     0.000000,   -0.000000,   -0.000000,   -0.000105,    0.000000
   38    -0.000000,    0.000000,    0.000000,    0.000000,   -0.000627
   39    -0.000000,   -0.000000,    0.000000,    0.000000,    0.000000
   40     0.000108,    0.000000,   -0.000000,   -0.000000,    0.000000
   41     0.000000,    0.000000,   -0.000000,    0.000000,   -0.000000
   42    -0.000000,   -0.000000,    0.000000,    0.000000,   -0.000000
   43    -0.000000,    0.000000,    0.000000,    0.000036,   -0.000000
   44     0.000000,   -0.000000,   -0.000000,   -0.000000,    0.000322
   45     0.000000,    0.000000,   -0.000000,   -0.000000,   -0.000000
   46    -0.000005,   -0.000000,   -0.000000,    0.000000,   -0.000000
   47     0.000000,   -0.000000,    0.000000,   -0.000000,    0.000000
   48     0.000000,    0.000000,    0.000000,   -0.000000,   -0.004327
   49     0.000000,    0.000000,    0.000000,   -0.000000,   -0.006373
   50    -0.000000,    0.000000,    0.000000,   -0.000000,   -0.001840
   51     0.000000,    0.000000,   -0.000000,    0.000000,   -0.000000
   52    -0.000000,    0.000000,    0.000000,    0.000045,   -0.000000
   53     0.000000,    0.000000,    0.000000,   -0.000000,   -0.000352
   54     0.000000,    0.000000,   -0.000000,    0.000000,   -0.000000
   55    -0.000000,    0.000000,    0.000000,    0.000165,   -0.000000
   56     0.000000,    0.000000,    0.000000,   -0.000000,   -0.000495
   57     0.000000,    0.000000,   -0.000000,   -0.000000,    0.000000
   58    -0.000000,    0.000000,    0.000000,    0.000028,   -0.000000
   59     0.000000,    0.000000,    0.000000,   -0.000000,   -0.000106
   60     0.000000,    0.000000,   -0.000000,    0.000000,   -0.000000
   61     0.000002,    0.000000,   -0.000000,    0.000000,    0.000000
                45,          46,          47,          48,          49
    0     0.000000,    0.000000,   -0.000000,   -0.002852,   -0.000622
    1    -0.000000,   -0.000000,    0.000000,    0.009086,    0.007441
    2     0.000000,    0.000000,   -0.000000,   -0.016663,   -0.018531
    3     0.000000,    0.000000,   -0.000000,   -0.025996,   -0.024511
    4    -0.000000,   -0.000000,    0.000000,    0.045045,    0.029282
    5    -0.000000,   -0.000000,    0.000000,   -0.000123,   -0.026876
    6     0.000904,    0.000000,   -0.000000,   -0.000000,    0.000000
    7    -0.000000,    0.000000,    0.000000,   -0.000000,   -0.000000
    8    -0.000000,   -0.000000,    0.000000,   -0.030612,   -0.049171
    9    -0.002854,   -0.000000,    0.000000,    0.000000,    0.000000
   10     0.000000,    0.000000,   -0.000000,    0.000000,    0.000000
   11     0.000000,    0.000000,   -0.000000,    0.101824,    0.156519
   12     0.002889,    0.000000,   -0.000000,   -0.000000,   -0.000000
   13    -0.000000,    0.000000,   -0.000000,    0.000000,   -0.000000
   14    -0.000000,   -0.000000,    0.000000,   -0.093920,   -0.143005
   15     0.004408,    0.000000,   -0.000000,   -0.000000,   -0.000000
   16    -0.000000,    0.000000,   -0.000000,   -0.000000,   -0.000000
   17    -0.000000,   -0.000000,    0.000000,   -0.128685,   -0.196800
   18     0.002488,    0.000000,   -0.000000,   -0.000000,   -0.000000
   19    -0.000000,    0.000000,   -0.000000,   -0.000000,   -0.000000
   20    -0.000000,   -0.000000,    0.000000,   -0.051894,   -0.080209
   21    -0.000000,    0.000000,   -0.000000,   -0.000000,    0.000000
   22     0.000000,   -0.000000,   -0.000000,    0.000000,    0.000000
   23    -0.000000,   -0.000000,    0.000000,   -0.006270,   -0.020609
   24    -0.001326,   -0.000000,    0.000000,    0.000000,   -0.000000
   25     0.000000,   -0.000659,    0.000000,    0.000000,    0.000000
   26     0.000000,    0.000000,   -0.000000,   -0.000000,    0.000000
   27     0.000000,   -0.000000,   -0.000000,   -0.000000,   -0.000000
   28    -0.000000,    0.000000,    0.000000,    0.003040,    0.002288
   29    -0.000285,   -0.000000,    0.000000,   -0.000000,   -0.000000
   30     0.000000,   -0.000133,    0.000000,    0.000000,    0.000000
   31    -0.000000,    0.000000,   -0.000000,    0.000000,    0.000000
   32     0.000000,   -0.000000,    0.000000,    0.000000,    0.000000
   33     0.000000,    0.000000,   -0.000000,    0.008798,    0.012877
   34    -0.000053,   -0.000000,    0.000000,    0.000000,    0.000000
   35    -0.000000,   -0.000004,    0.000000,   -0.000000,    0.000000
   36     0.000000,    0.000000,   -0.000000,   -0.000000,   -0.000000
   37     0.000000,   -0.000000,    0.000000,   -0.000000,   -0.000000
   38     0.000000,    0.000000,   -0.000000,    0.008327,    0.012604
   39    -0.000105,   -0.000000,    0.000000,   -0.000000,   -0.000000
   40     0.000000,   -0.000005,    0.000000,    0.000000,    0.000000
   41     0.000000,   -0.000000,   -0.000000,    0.000000,    0.000000
   42    -0.000000,   -0.000000,    0.000000,    0.000000,    0.000000
   43    -0.000000,    0.000000,   -0.000000,   -0.000000,   -0.000000
   44    -0.000000,   -0.000000,    0.000000,   -0.004327,   -0.006373
   45     0.000036,    0.000000,   -0.000000,    0.000000,   -0.000000
   46     0.000000,    0.000000,   -0.000000,    0.000000,    0.000000
   47    -0.000000,   -0.000000,    0.000000,   -0.000000,   -0.000000
   48     0.000000,    0.000000,   -0.000000,    0.059695,    0.088082
   49    -0.000000,    0.000000,   -0.000000,    0.088082,    0.131503
   50     0.000000,    0.000000,   -0.000000,    0.025139,    0.037781
   51     0.000045,    0.000000,   -0.000000,   -0.000000,   -0.000000
   52    -0.000000,    0.000000,   -0.000000,    0.000000,    0.000000
   53     0.000000,    0.000000,   -0.000000,    0.004924,    0.007089
   54     0.000165,    0.000000,   -0.000000,   -0.000000,   -0.000000
   55    -0.000000,    0.000000,   -0.000000,   -0.000000,   -0.000000
   56    -0.000000,    0.000000,    0.000000,    0.007159,    0.010243
   57    -0.000000,    0.000000,   -0.000000,   -0.000000,   -0.000000
   58    -0.000000,    0.000000,   -0.000000,    0.000000,    0.000000
   59    -0.000000,    0.000000,   -0.000000,    0.001580,    0.002317
   60     0.000028,    0.000000,   -0.000000,   -0.000000,   -0.000000
   61    -0.000000,   -0.000000,    0.000000,   -0.000000,   -0.000000
                50,          51,          52,          53,          54
    0     0.000124,    0.000000,   -0.000000,   -0.000440,   -0.000000
    1    -0.001649,   -0.000000,    0.000000,    0.001872,    0.000000
    2     0.004432,    0.000000,   -0.000000,   -0.004258,   -0.000000
    3     0.003323,    0.000000,    0.000000,   -0.005732,   -0.000000
    4    -0.000195,   -0.000000,    0.000000,    0.008589,    0.000000
    5    -0.014353,    0.000000,    0.000000,    0.003626,    0.000000
    6     0.000000,    0.001178,   -0.000000,   -0.000000,    0.004144
    7    -0.000000,   -0.000000,    0.001178,    0.000000,    0.000000
    8    -0.015663,    0.000000,   -0.000000,   -0.003064,    0.000000
    9    -0.000000,   -0.003937,    0.000000,    0.000000,   -0.014390
   10     0.000000,   -0.000000,   -0.003937,   -0.000000,   -0.000000
   11     0.047419,   -0.000000,    0.000000,    0.008532,   -0.000000
   12    -0.000000,    0.003679,    0.000000,   -0.000000,    0.013673
   13    -0.000000,    0.000000,    0.003679,    0.000000,    0.000000
   14    -0.041813,    0.000000,   -0.000000,   -0.007110,    0.000000
   15    -0.000000,    0.005634,   -0.000000,   -0.000000,    0.020927
   16    -0.000000,    0.000000,    0.005634,   -0.000000,    0.000000
   17    -0.057938,    0.000000,   -0.000000,   -0.009671,    0.000000
   18    -0.000000,    0.003179,    0.000000,   -0.000000,    0.011808
   19    -0.000000,    0.000000,    0.003179,    0.000000,    0.000000
   20    -0.023728,    0.000000,   -0.000000,   -0.003799,    0.000000
   21    -0.000000,   -0.000000,    0.000000,    0.000000,   -0.000000
   22     0.000000,    0.000000,   -0.001180,   -0.000000,   -0.000000
   23    -0.006981,    0.000000,   -0.000000,    0.001022,    0.000000
   24    -0.000000,   -0.001180,    0.000000,   -0.000000,    0.000698
   25    -0.000000,   -0.000000,    0.000000,   -0.000000,   -0.000000
   26    -0.000000,    0.000000,    0.000000,   -0.000000,    0.000000
   27    -0.000000,    0.000000,   -0.000260,   -0.000000,   -0.000000
   28     0.000429,   -0.000000,   -0.000000,    0.000555,   -0.000000
   29    -0.000000,   -0.000260,    0.000000,   -0.000000,    0.000058
   30    -0.000000,   -0.000000,   -0.000000,   -0.000000,    0.000000
   31     0.000000,   -0.000000,   -0.000000,    0.000000,   -0.000000
   32     0.000000,    0.000000,   -0.000065,    0.000000,    0.000000
   33     0.003719,   -0.000000,    0.000000,    0.000722,    0.000000
   34     0.000000,   -0.000065,   -0.000000,    0.000000,   -0.000215
   35     0.000000,   -0.000000,    0.000000,   -0.000000,   -0.000000
   36    -0.000000,    0.000000,    0.000000,   -0.000000,    0.000000
   37    -0.000000,   -0.000000,   -0.000129,   -0.000000,   -0.000000
   38     0.003692,    0.000000,    0.000000,    0.000644,    0.000000
   39    -0.000000,   -0.000129,    0.000000,   -0.000000,   -0.000438
   40    -0.000000,    0.000000,   -0.000000,    0.000000,    0.000000
   41     0.000000,    0.000000,    0.000000,    0.000000,    0.000000
   42     0.000000,   -0.000000,    0.000000,    0.000000,   -0.000000
   43    -0.000000,    0.000000,    0.000045,   -0.000000,    0.000000
   44    -0.001840,   -0.000000,   -0.000000,   -0.000352,   -0.000000
   45     0.000000,    0.000045,   -0.000000,    0.000000,    0.000165
   46     0.000000,    0.000000,    0.000000,    0.000000,    0.000000
   47    -0.000000,   -0.000000,   -0.000000,   -0.000000,   -0.000000
   48     0.025139,   -0.000000,    0.000000,    0.004924,   -0.000000
   49     0.037781,   -0.000000,    0.000000,    0.007089,   -0.000000
   50     0.010990,   -0.000000,   -0.000000,    0.001971,   -0.000000
   51    -0.000000,    0.000058,    0.000000,   -0.000000,    0.000210
   52    -0.000000,    0.000000,    0.000058,    0.000000,    0.000000
   53     0.001971,   -0.000000,    0.000000,    0.000433,   -0.000000
   54    -0.000000,    0.000210,    0.000000,   -0.000000,    0.000783
   55    -0.000000,   -0.000000,    0.000210,   -0.000000,    0.000000
   56     0.002777,   -0.000000,   -0.000000,    0.000653,   -0.000000
   57    -0.000000,   -0.000000,   -0.000000,   -0.000000,   -0.000000
   58     0.000000,    0.000000,    0.000036,    0.000000,    0.000000
   59     0.000634,   -0.000000,   -0.000000,    0.000140,   -0.000000
   60    -0.000000,    0.000036,    0.000000,   -0.000000,    0.000130
   61    -0.000000,   -0.000000,    0.000000,   -0.000000,   -0.000000
                55,          56,          57,          58,          59
    0    -0.000000,   -0.000244,    0.000000,    0.000000,    0.000181
    1     0.000000,    0.004007,   -0.000000,    0.000000,    0.000640
    2    -0.000000,   -0.011912,    0.000000,   -0.000000,   -0.002873
    3     0.000000,   -0.014014,    0.000000,    0.000000,   -0.003028
    4     0.000000,    0.016038,   -0.000000,   -0.000000,    0.002417
    5     0.000000,    0.008152,   -0.000000,    0.000000,    0.001020
    6    -0.000000,    0.000000,    0.000000,   -0.000000,    0.000000
    7     0.004144,   -0.000000,   -0.000000,    0.000841,    0.000000
    8     0.000000,   -0.005476,    0.000000,   -0.000000,   -0.002973
    9     0.000000,   -0.000000,   -0.000000,   -0.000000,   -0.000000
   10    -0.014390,    0.000000,    0.000000,   -0.002583,    0.000000
   11    -0.000000,    0.012272,   -0.000000,    0.000000,    0.003981
   12    -0.000000,   -0.000000,   -0.000000,    0.000000,   -0.000000
   13     0.013673,   -0.000000,   -0.000000,    0.002266,   -0.000000
   14     0.000000,   -0.009871,    0.000000,   -0.000000,   -0.002257
   15    -0.000000,   -0.000000,   -0.000000,    0.000000,   -0.000000
   16     0.020927,   -0.000000,   -0.000000,    0.003482,   -0.000000
   17    -0.000000,   -0.013324,    0.000000,   -0.000000,   -0.003158
   18    -0.000000,   -0.000000,   -0.000000,    0.000000,   -0.000000
   19     0.011808,   -0.000000,   -0.000000,    0.001963,   -0.000000
   20    -0.000000,   -0.005177,    0.000000,   -0.000000,   -0.001249
   21    -0.000000,    0.000000,    0.000213,    0.000000,    0.000000
   22     0.000698,    0.000000,    0.000000,   -0.001024,   -0.000000
   23    -0.000000,   -0.000364,    0.000000,   -0.000000,   -0.000923
   24    -0.000000,   -0.000000,    0.000000,   -0.000000,   -0.000000
   25     0.000000,    0.000000,    0.000000,    0.000000,    0.000000
   26     0.000000,    0.000000,    0.000043,    0.000000,    0.000000
   27     0.000058,   -0.000000,    0.000000,   -0.000220,   -0.000000
   28    -0.000000,    0.000440,   -0.000000,   -0.000000,   -0.000069
   29     0.000000,   -0.000000,    0.000000,    0.000000,   -0.000000
   30    -0.000000,    0.000000,    0.000000,   -0.000000,    0.000000
   31    -0.000000,    0.000000,    0.000001,   -0.000000,    0.000000
   32    -0.000215,    0.000000,    0.000000,   -0.000042,    0.000000
   33     0.000000,    0.001004,   -0.000000,    0.000000,    0.000210
   34    -0.000000,    0.000000,    0.000000,   -0.000000,    0.000000
   35     0.000000,   -0.000000,   -0.000000,    0.000000,   -0.000000
   36     0.000000,   -0.000000,    0.000002,    0.000000,   -0.000000
   37    -0.000438,    0.000000,    0.000000,   -0.000082,   -0.000000
   38     0.000000,    0.000877,   -0.000000,    0.000000,    0.000199
   39     0.000000,    0.000000,    0.000000,    0.000000,   -0.000000
   40    -0.000000,    0.000000,    0.000000,   -0.000000,    0.000000
   41     0.000000,    0.000000,    0.000000,    0.000000,    0.000000
   42     0.000000,    0.000000,   -0.000000,    0.000000,    0.000000
   43     0.000165,   -0.000000,   -0.000000,    0.000028,   -0.000000
   44    -0.000000,   -0.000495,    0.000000,   -0.000000,   -0.000106
   45    -0.000000,   -0.000000,   -0.000000,   -0.000000,   -0.000000
   46     0.000000,    0.000000,    0.000000,    0.000000,    0.000000
   47    -0.000000,    0.000000,   -0.000000,   -0.000000,   -0.000000
   48    -0.000000,    0.007159,   -0.000000,    0.000000,    0.001580
   49    -0.000000,    0.010243,   -0.000000,    0.000000,    0.002317
   50    -0.000000,    0.002777,   -0.000000,    0.000000,    0.000634
   51    -0.000000,   -0.000000,   -0.000000,    0.000000,   -0.000000
   52     0.000210,   -0.000000,   -0.000000,    0.000036,   -0.000000
   53    -0.000000,    0.000653,   -0.000000,    0.000000,    0.000140
   54     0.000000,   -0.000000,   -0.000000,    0.000000,   -0.000000
   55     0.000783,   -0.000000,   -0.000000,    0.000130,   -0.000000
   56    -0.000000,    0.001027,   -0.000000,   -0.000000,    0.000223
   57    -0.000000,   -0.000000,    0.000000,   -0.000000,   -0.000000
   58     0.000130,   -0.000000,   -0.000000,    0.000022,   -0.000000
   59    -0.000000,    0.000223,   -0.000000,   -0.000000,    0.000052
   60     0.000000,   -0.000000,   -0.000000,    0.000000,   -0.000000
   61     0.000000,   -0.000000,   -0.000000,    0.000000,   -0.000000
                60,          61
    0     0.000000,    0.000000
    1    -0.000000,   -0.000000
    2     0.000000,    0.000000
    3     0.000000,    0.000000
    4    -0.000000,   -0.000000
    5     0.000000,   -0.000000
    6     0.000841,   -0.000000
    7     0.000000,    0.000000
    8     0.000000,    0.000000
    9    -0.002583,    0.000000
   10    -0.000000,   -0.000000
   11    -0.000000,   -0.000000
   12     0.002266,   -0.000000
   13     0.000000,    0.000000
   14     0.000000,    0.000000
   15     0.003482,   -0.000000
   16     0.000000,    0.000000
   17     0.000000,    0.000000
   18     0.001963,   -0.000000
   19     0.000000,    0.000000
   20     0.000000,    0.000000
   21    -0.000000,   -0.000000
   22     0.000000,    0.000000
   23     0.000000,   -0.000000
   24    -0.001024,    0.000000
   25    -0.000000,    0.000213
   26     0.000000,   -0.000000
   27     0.000000,    0.000000
   28    -0.000000,   -0.000000
   29    -0.000220,    0.000000
   30    -0.000000,    0.000043
   31    -0.000000,   -0.000000
   32     0.000000,   -0.000000
   33    -0.000000,   -0.000000
   34    -0.000042,    0.000000
   35    -0.000000,    0.000001
   36     0.000000,   -0.000000
   37    -0.000000,   -0.000000
   38     0.000000,   -0.000000
   39    -0.000082,    0.000000
   40     0.000000,    0.000002
   41     0.000000,    0.000000
   42    -0.000000,   -0.000000
   43     0.000000,    0.000000
   44    -0.000000,    0.000000
   45     0.000028,   -0.000000
   46     0.000000,   -0.000000
   47    -0.000000,    0.000000
   48    -0.000000,   -0.000000
   49    -0.000000,   -0.000000
   50    -0.000000,   -0.000000
   51     0.000036,   -0.000000
   52     0.000000,    0.000000
   53    -0.000000,   -0.000000
   54     0.000130,   -0.000000
   55     0.000000,    0.000000
   56    -0.000000,   -0.000000
   57    -0.000000,   -0.000000
   58     0.000000,    0.000000
   59    -0.000000,   -0.000000
   60     0.000022,   -0.000000
   61    -0.000000,    0.000000
Detailed time report:
ISDF      |:    0.000 s for ISDF initialization
DFT Grids |:    0.324 s for Initialization of the tabulated Grids and AOs
Overall   |:    0.671 s for SCF Preparation
CInt      |:    0.072 s for Two, Three, and Four-center integrals
InitGuess |:    0.276 s for Prepare initial guess
total electron number:      36.00000005
The evaluation of Vj, Vk and Vxc matrices cost       0.00,       0.00 and       0.02 seconds, respectively
Exc:     -73.73130664, Vxc:     -47.87244212
The total energy:     -2574.7824115888 Ha by the initial guess
total electron number:      36.00000006
The evaluation of Vj, Vk and Vxc matrices cost       0.00,       0.00 and       0.02 seconds, respectively
Exc:     -73.67368025, Vxc:     -47.83418055
Hamiltonian: generation by       0.03s and DIIS extrapolation by       0.00s
Energy:   -2574.7841354241 Ha after    1 iterations (in       0.03 seconds).
Detailed timing info in this SCF step:
prepare_next_input:            0.03s
diagonalize_hamiltonian:       0.00s
generate_density_matrix:       0.00s
check_scf_convergence:         0.00s
scf_records.update:            0.00s
total electron number:      36.00000005
The evaluation of Vj, Vk and Vxc matrices cost       0.00,       0.00 and       0.02 seconds, respectively
Exc:     -73.77129668, Vxc:     -47.89875431
Hamiltonian: generation by       0.02s and DIIS extrapolation by       0.00s
SCF Change: DM 2.24681e-3; eev 2.48895e-1 Ha; etot 6.77684e-4 Ha
Energy:   -2574.7834577406 Ha after    2 iterations (in       0.03 seconds).
Detailed timing info in this SCF step:
prepare_next_input:            0.03s
diagonalize_hamiltonian:       0.00s
generate_density_matrix:       0.00s
check_scf_convergence:         0.00s
scf_records.update:            0.00s
total electron number:      36.00000005
The evaluation of Vj, Vk and Vxc matrices cost       0.00,       0.00 and       0.02 seconds, respectively
Exc:     -73.71143363, Vxc:     -47.85918196
Hamiltonian: generation by       0.03s and DIIS extrapolation by       0.00s
SCF Change: DM 1.48500e-4; eev 1.52731e-2 Ha; etot -6.26048e-3 Ha
Energy:   -2574.7897182172 Ha after    3 iterations (in       0.03 seconds).
Detailed timing info in this SCF step:
prepare_next_input:            0.03s
diagonalize_hamiltonian:       0.00s
generate_density_matrix:       0.00s
check_scf_convergence:         0.00s
scf_records.update:            0.00s
total electron number:      36.00000005
The evaluation of Vj, Vk and Vxc matrices cost       0.00,       0.00 and       0.02 seconds, respectively
Exc:     -73.71421561, Vxc:     -47.86101369
Hamiltonian: generation by       0.02s and DIIS extrapolation by       0.00s
SCF Change: DM 6.44670e-6; eev 6.39727e-4 Ha; etot -1.98767e-5 Ha
Energy:   -2574.7897380939 Ha after    4 iterations (in       0.03 seconds).
Detailed timing info in this SCF step:
prepare_next_input:            0.03s
diagonalize_hamiltonian:       0.00s
generate_density_matrix:       0.00s
check_scf_convergence:         0.00s
scf_records.update:            0.00s
total electron number:      36.00000005
The evaluation of Vj, Vk and Vxc matrices cost       0.00,       0.00 and       0.02 seconds, respectively
Exc:     -73.71417554, Vxc:     -47.86098659
Hamiltonian: generation by       0.02s and DIIS extrapolation by       0.00s
SCF Change: DM 2.43408e-6; eev 3.71593e-4 Ha; etot -3.24826e-8 Ha
Energy:   -2574.7897381264 Ha after    5 iterations (in       0.03 seconds).
Detailed timing info in this SCF step:
prepare_next_input:            0.02s
diagonalize_hamiltonian:       0.00s
generate_density_matrix:       0.00s
check_scf_convergence:         0.00s
scf_records.update:            0.00s
total electron number:      36.00000005
The evaluation of Vj, Vk and Vxc matrices cost       0.00,       0.00 and       0.02 seconds, respectively
Exc:     -73.71410758, Vxc:     -47.86094185
Hamiltonian: generation by       0.02s and DIIS extrapolation by       0.00s
SCF Change: DM 3.53796e-7; eev 6.43224e-5 Ha; etot -2.75077e-9 Ha
Energy:   -2574.7897381292 Ha after    6 iterations (in       0.02 seconds).
Detailed timing info in this SCF step:
prepare_next_input:            0.02s
diagonalize_hamiltonian:       0.00s
generate_density_matrix:       0.00s
check_scf_convergence:         0.00s
scf_records.update:            0.00s
total electron number:      36.00000005
The evaluation of Vj, Vk and Vxc matrices cost       0.00,       0.00 and       0.02 seconds, respectively
Exc:     -73.71412384, Vxc:     -47.86095256
Hamiltonian: generation by       0.02s and DIIS extrapolation by       0.00s
SCF Change: DM 3.87555e-8; eev 6.46973e-6 Ha; etot -1.36424e-10 Ha
Energy:   -2574.7897381293 Ha after    7 iterations (in       0.03 seconds).
Detailed timing info in this SCF step:
prepare_next_input:            0.02s
diagonalize_hamiltonian:       0.00s
generate_density_matrix:       0.00s
check_scf_convergence:         0.00s
scf_records.update:            0.00s
total electron number:      36.00000005
The evaluation of Vj, Vk and Vxc matrices cost       0.00,       0.00 and       0.02 seconds, respectively
Exc:     -73.71412220, Vxc:     -47.86095148
Hamiltonian: generation by       0.02s and DIIS extrapolation by       0.00s
SCF Change: DM 4.74525e-9; eev 5.78670e-7 Ha; etot -1.31877e-11 Ha
Energy:   -2574.7897381293 Ha after    8 iterations (in       0.03 seconds).
Detailed timing info in this SCF step:
prepare_next_input:            0.03s
diagonalize_hamiltonian:       0.00s
generate_density_matrix:       0.00s
check_scf_convergence:         0.00s
scf_records.update:            0.00s
SCF is converged after    8 iterations.
   State    Occupation        Eigenvalue
       0       2.00000       -482.869024
       1       2.00000        -62.517373
       2       2.00000        -56.333399
       3       2.00000        -56.329967
       4       2.00000        -56.329967
       5       2.00000         -8.708792
       6       2.00000         -6.538391
       7       2.00000         -6.527202
       8       2.00000         -6.527202
       9       2.00000         -2.653209
      10       2.00000         -2.649562
      11       2.00000         -2.649562
      12       2.00000         -2.640698
      13       2.00000         -2.640698
      14       2.00000         -0.798759
      15       2.00000         -0.448566
      16       2.00000         -0.311655
      17       2.00000         -0.311655
      18       0.00000         -0.019952
      19       0.00000          0.155343
      20       0.00000          0.237247
==========================================
Now evaluate the    PT2 correlation energy
==========================================
generate RI3MO only for occ_range:9..18, vir_range:18..62
Finish the RI3MO generation
Exc_scf: (-73.71412230924284,0.2),Exc_pos: (-20.65057724496454,0.7731)
----------------------------------------------------------------------
Methods         :       Total Corr,          OS Corr,          SS Corr
----------------------------------------------------------------------
PT2             :      -0.38920186,      -0.27594145,      -0.11326042
----------------------------------------------------------------------
Fifth-rung correlation energy :      -0.120420848222 Ha
E[XYGJOS]=:   -2573.36471867 Ha, Ex[HF]:     -89.89374413 Ha, Ec[PT2  ]:      -0.38920186 Ha
Detailed time report:
ao2mo     |:    0.003 s for for the generation of RI3MO
c_r5dft   |:    0.003 s for for advanced correlations
xc_energy |:    0.077 s for for x_hf, xc_scf, xc_xdh
Mulliken population:
 0-Br-S-0              1.99954
 0-Br-S-0              2.00544
 0-Br-S-0              1.15642
 0-Br-S-0              0.78049
 0-Br-S-0              1.07317
 0-Br-S-0              0.90551
 0-Br-P-0              1.99880
 0-Br-P-1              1.99880
 0-Br-P-2              1.99858
 0-Br-P-0              1.97655
 0-Br-P-1              1.97655
 0-Br-P-2              1.97085
 0-Br-P-0              0.51014
 0-Br-P-1              0.51014
 0-Br-P-2              0.36826
 0-Br-P-0              0.95868
 0-Br-P-1              0.95868
 0-Br-P-2              0.63687
 0-Br-P-0              0.53565
 0-Br-P-1              0.53565
 0-Br-P-2              0.24590
 0-Br-D-0              1.78985
 0-Br-D-1              1.78850
 0-Br-D-2              1.78892
 0-Br-D-3              1.78850
 0-Br-D-4              1.78985
 0-Br-D-0              0.20302
 0-Br-D-1              0.20456
 0-Br-D-2              0.20640
 0-Br-D-3              0.20456
 0-Br-D-4              0.20302
 0-Br-D-0              0.00539
 0-Br-D-1              0.00537
 0-Br-D-2              0.01443
 0-Br-D-3              0.00537
 0-Br-D-4              0.00539
 0-Br-D-0              0.00174
 0-Br-D-1              0.00270
 0-Br-D-2              0.01659
 0-Br-D-3              0.00270
 0-Br-D-4              0.00174
 0-Br-F-0              0.00000
 0-Br-F-1              0.00000
 0-Br-F-2              0.00025
 0-Br-F-3              0.00385
 0-Br-F-4              0.00025
 0-Br-F-5              0.00000
 0-Br-F-6              0.00000
 1-H-S-0              0.22659
 1-H-S-0              0.47783
 1-H-S-0              0.10067
 1-H-P-0              0.00118
 1-H-P-1              0.00118
 1-H-P-2              0.00561
 1-H-P-0              0.01674
 1-H-P-1              0.01674
 1-H-P-2              0.01725
 1-H-D-0              0.00000
 1-H-D-1              0.00089
 1-H-D-2              0.00082
 1-H-D-3              0.00089
 1-H-D-4              0.00000
Mulliken population analysis:
  0-Br :  -0.133599
  1-H  :   0.133599

====================================================
              REST: Mission accomplished
====================================================
The SCF energy        :   -2574.7897381293 Ha
The (R)-xDH energy    :   -2573.3647186734 Ha
Detailed time report:
PT2       |:    0.084 s for the PT2 evaluation
Overall   |:    1.435 s for the whole job
SCF       |:    0.914 s for the scf procedure
