=========================================================
Input parameters for the REST calculation
=========================================================
Calculation type: Single-point energy
The exchange-correlation method: xygjos
Print level:                1
The number of threads used for parallelism:      4
The spheric-GTO basis set is taken from /home/symei/def2-TZVPP-optuna-mixed
The pruning method is nwchem
The radial grid generation method is treutler
ERI Type: ri_v
Turn on the basis pair symmetry for RI 3D-tensors
The spheric-GTO auxiliary basis set is taken from /home/symei/def2-SV(P)-JKFIT
Spin polarization: On
Charge:   0; Spin:   2
min_num_angular_points: 110
max_num_angular_points: 590
hardness: 3
Grid generation level: 3
Even tempered basis generation: false
SCF convergency thresholds: 1e-8 for density matrix
                            1e-8 Ha. for sum of eigenvalues
                            1e-8 Ha. for total energy
Max. SCF cycle number:      250
The diis mixing with (param, max_vec_len) = (0.2, 8) is employed for the SCF procedure
Turn on the diis mixing after 1 step(s) of SCF iteractions with the linear mixing
The specified checkfile exists but is not loaded because the keyword 'external_init_guess' is specified
It will be updated after the SCF procedure 
(none)
Initial guess is prepared by (sad).
It is a finite cluster calculation
the scf functional for 'xygjos' contains
The density functional 'B3LYP' belongs to the 'Hybrid GGA' family and is defined in the reference(s):
(0): P. J. Stephens, F. J. Devlin, C. F. Chabalowski, and M. J. Frisch.,  J. Phys. Chem. 98, 11623 (1994)
the post-scf functional 'xygjos' is employed, which contains
The density functional 'Slater exchange' belongs to the 'LDA' family and is defined in the reference(s):
(0): P. A. M. Dirac.,  Math. Proc. Cambridge Philos. Soc. 26, 376 (1930)
(1): F. Bloch.,  Z. Phys. 57, 545 (1929)
The density functional 'Becke 88' belongs to the 'GGA' family and is defined in the reference(s):
(0): A. D. Becke.,  Phys. Rev. A 38, 3098 (1988)
The density functional 'Vosko, Wilk & Nusair (VWN5_RPA)' belongs to the 'LDA' family and is defined in the reference(s):
(0): S. H. Vosko, L. Wilk, and M. Nusair.,  Can. J. Phys. 58, 1200 (1980)
The density functional 'Lee, Yang & Parr' belongs to the 'GGA' family and is defined in the reference(s):
(0): C. Lee, W. Yang, and R. G. Parr.,  Phys. Rev. B 37, 785 (1988)
(1): B. Miehlich, A. Savin, H. Stoll, and H. Preuss.,  Chem. Phys. Lett. 157, 200 (1989)
<start_mo> for the frozen-core post-SCF methods 9 is smaller than the number of ecp orbitals 14. Set <start_mo> = 0
Libxc version used in REST: 7.0.0
nbas: 16, natm: 1 for standard basis sets
First valence state for the frozen-core algorithm:     0
final nbas: 76,final natm: 2
numbasis: 48, num_auxbas: 266
Molecule_name: br
Unrestricted Hartree-Fock (or Kohn-Sham) algorithm is invoked.
Nuc_energy:       0.00000000 Hartree
No ghost effective potential
No ghost point charges
Overlap matrix is nonsigular:
  Lowest eigenvalue:       0.02573177 with the total number of basis functions:     48
Grid size: 20904
Generate SAD of Br
Initial guess HF energy:     -40.1236533060092171
The total energy:       -40.4875782565 Ha by the initial guess
Energy:     -40.4913424490 Ha with <S^2> =  0.751 and <2S+1> =  2.001 after    1 iterations (in       0.05 seconds).
SCF Change: DM (2.69216e-4,2.55231e-4); eev 1.21997e-1 Ha; etot -3.85477e-4 Ha
Energy:     -40.4917279264 Ha with <S^2> =  0.751 and <2S+1> =  2.001 after    2 iterations (in       0.05 seconds).
SCF Change: DM (3.93464e-5,3.38413e-5); eev 1.14245e-3 Ha; etot -5.86348e-5 Ha
Energy:     -40.4917865612 Ha with <S^2> =  0.751 and <2S+1> =  2.001 after    3 iterations (in       0.06 seconds).
SCF Change: DM (4.11038e-5,3.93453e-5); eev 1.36759e-5 Ha; etot -1.37682e-6 Ha
Energy:     -40.4917879380 Ha with <S^2> =  0.751 and <2S+1> =  2.001 after    4 iterations (in       0.06 seconds).
SCF Change: DM (8.98519e-6,7.82940e-6); eev 4.57100e-5 Ha; etot 1.30809e-6 Ha
Energy:     -40.4917866299 Ha with <S^2> =  0.751 and <2S+1> =  2.001 after    5 iterations (in       0.04 seconds).
SCF Change: DM (5.55370e-7,1.36557e-6); eev 1.06339e-5 Ha; etot 3.80997e-8 Ha
Energy:     -40.4917865918 Ha with <S^2> =  0.751 and <2S+1> =  2.001 after    6 iterations (in       0.05 seconds).
SCF Change: DM (1.21632e-6,3.37020e-6); eev 3.08963e-6 Ha; etot -1.01500e-9 Ha
Energy:     -40.4917865928 Ha with <S^2> =  0.751 and <2S+1> =  2.001 after    7 iterations (in       0.05 seconds).
SCF Change: DM (1.43217e-5,3.96126e-5); eev 8.19873e-6 Ha; etot -2.39618e-9 Ha
Energy:     -40.4917865952 Ha with <S^2> =  0.751 and <2S+1> =  2.001 after    8 iterations (in       0.05 seconds).
SCF Change: DM (1.49985e-5,4.18245e-5); eev 5.92118e-6 Ha; etot -2.09872e-8 Ha
Energy:     -40.4917866162 Ha with <S^2> =  0.751 and <2S+1> =  2.001 after    9 iterations (in       0.05 seconds).
SCF Change: DM (2.23796e-7,3.88153e-7); eev 2.25517e-6 Ha; etot -7.50744e-9 Ha
Energy:     -40.4917866237 Ha with <S^2> =  0.751 and <2S+1> =  2.001 after   10 iterations (in       0.05 seconds).
SCF Change: DM (3.19686e-7,3.59170e-7); eev 1.79046e-6 Ha; etot -9.75575e-12 Ha
Energy:     -40.4917866237 Ha with <S^2> =  0.751 and <2S+1> =  2.001 after   11 iterations (in       0.06 seconds).
SCF Change: DM (7.84512e-7,7.50234e-7); eev 5.65340e-7 Ha; etot -2.12665e-11 Ha
Energy:     -40.4917866237 Ha with <S^2> =  0.751 and <2S+1> =  2.001 after   12 iterations (in       0.05 seconds).
SCF Change: DM (8.42701e-6,9.04018e-6); eev 2.42442e-6 Ha; etot -6.99387e-11 Ha
Energy:     -40.4917866238 Ha with <S^2> =  0.751 and <2S+1> =  2.001 after   13 iterations (in       0.15 seconds).
SCF Change: DM (2.15768e-8,5.66643e-8); eev 5.08357e-7 Ha; etot -6.81183e-10 Ha
Energy:     -40.4917866245 Ha with <S^2> =  0.751 and <2S+1> =  2.001 after   14 iterations (in       0.08 seconds).
SCF Change: DM (5.53716e-6,6.00217e-6); eev 2.88098e-6 Ha; etot -2.54374e-12 Ha
Energy:     -40.4917866245 Ha with <S^2> =  0.751 and <2S+1> =  2.001 after   15 iterations (in       0.04 seconds).
SCF Change: DM (2.16121e-6,2.76315e-6); eev 1.99386e-6 Ha; etot -2.19913e-10 Ha
Energy:     -40.4917866247 Ha with <S^2> =  0.751 and <2S+1> =  2.001 after   16 iterations (in       0.05 seconds).
SCF Change: DM (8.81244e-8,2.63291e-7); eev 8.31712e-8 Ha; etot -4.79261e-11 Ha
Energy:     -40.4917866248 Ha with <S^2> =  0.751 and <2S+1> =  2.001 after   17 iterations (in       0.05 seconds).
SCF Change: DM (1.26681e-7,1.58563e-7); eev 1.42304e-7 Ha; etot -1.61293e-12 Ha
Energy:     -40.4917866248 Ha with <S^2> =  0.751 and <2S+1> =  2.001 after   18 iterations (in       0.04 seconds).
SCF Change: DM (3.45873e-7,2.79226e-7); eev 1.75586e-7 Ha; etot 3.48166e-13 Ha
Energy:     -40.4917866248 Ha with <S^2> =  0.751 and <2S+1> =  2.001 after   19 iterations (in       0.07 seconds).
SCF Change: DM (5.07670e-7,2.94150e-7); eev 2.20201e-7 Ha; etot 8.81073e-12 Ha
Energy:     -40.4917866248 Ha with <S^2> =  0.751 and <2S+1> =  2.001 after   20 iterations (in       0.04 seconds).
SCF Change: DM (3.91277e-6,3.99768e-7); eev 2.69387e-7 Ha; etot -1.61648e-11 Ha
Energy:     -40.4917866248 Ha with <S^2> =  0.751 and <2S+1> =  2.001 after   21 iterations (in       0.04 seconds).
Energy increase is detected. Turn on the linear mixing algorithm with (H[DIIS, i-1] + H[DIIS, i+1]).
Prev_Energies: (    -40.49178662,     -40.49178662)
Energy increase is detected. Turn on the linear mixing algorithm with (H[DIIS, i-1] + H[DIIS, i+1]).
Prev_Energies: (    -40.49178662,     -40.49178662)
SCF Change: DM (6.59709e-6,4.43761e-7); eev 3.30638e-7 Ha; etot 1.19726e-10 Ha
Energy:     -40.4917866247 Ha with <S^2> =  0.751 and <2S+1> =  2.001 after   22 iterations (in       0.05 seconds).
Energy increase is detected. Turn on the linear mixing algorithm with (H[DIIS, i-1] + H[DIIS, i+1]).
Prev_Energies: (    -40.49178662,     -40.49178662)
Energy increase is detected. Turn on the linear mixing algorithm with (H[DIIS, i-1] + H[DIIS, i+1]).
Prev_Energies: (    -40.49178662,     -40.49178662)
SCF Change: DM (1.10275e-5,5.70676e-7); eev 3.96364e-7 Ha; etot 1.91669e-10 Ha
Energy:     -40.4917866245 Ha with <S^2> =  0.751 and <2S+1> =  2.001 after   23 iterations (in       0.15 seconds).
Energy increase is detected. Turn on the linear mixing algorithm with (H[DIIS, i-1] + H[DIIS, i+1]).
Prev_Energies: (    -40.49178662,     -40.49178662)
Energy increase is detected. Turn on the linear mixing algorithm with (H[DIIS, i-1] + H[DIIS, i+1]).
Prev_Energies: (    -40.49178662,     -40.49178662)
SCF Change: DM (8.77770e-6,4.95220e-7); eev 5.34404e-7 Ha; etot 2.99899e-10 Ha
Energy:     -40.4917866242 Ha with <S^2> =  0.751 and <2S+1> =  2.001 after   24 iterations (in       0.17 seconds).
Energy increase is detected. Turn on the linear mixing algorithm with (H[DIIS, i-1] + H[DIIS, i+1]).
Prev_Energies: (    -40.49178662,     -40.49178662)
Energy increase is detected. Turn on the linear mixing algorithm with (H[DIIS, i-1] + H[DIIS, i+1]).
Prev_Energies: (    -40.49178662,     -40.49178662)
SCF Change: DM (1.25832e-5,6.20684e-7); eev 5.28518e-7 Ha; etot 2.18378e-10 Ha
Energy:     -40.4917866239 Ha with <S^2> =  0.751 and <2S+1> =  2.001 after   25 iterations (in       0.14 seconds).
Energy increase is detected. Turn on the linear mixing algorithm with (H[DIIS, i-1] + H[DIIS, i+1]).
Prev_Energies: (    -40.49178662,     -40.49178662)
Energy increase is detected. Turn on the linear mixing algorithm with (H[DIIS, i-1] + H[DIIS, i+1]).
Prev_Energies: (    -40.49178662,     -40.49178662)
SCF Change: DM (6.97657e-6,4.12084e-7); eev 7.83089e-7 Ha; etot 2.84878e-10 Ha
Energy:     -40.4917866237 Ha with <S^2> =  0.751 and <2S+1> =  2.001 after   26 iterations (in       0.05 seconds).
Energy increase is detected. Turn on the linear mixing algorithm with (H[DIIS, i-1] + H[DIIS, i+1]).
Prev_Energies: (    -40.49178662,     -40.49178662)
Energy increase is detected. Turn on the linear mixing algorithm with (H[DIIS, i-1] + H[DIIS, i+1]).
Prev_Energies: (    -40.49178662,     -40.49178662)
SCF Change: DM (1.04464e-5,5.22881e-7); eev 5.21557e-7 Ha; etot 1.42727e-10 Ha
Energy:     -40.4917866235 Ha with <S^2> =  0.751 and <2S+1> =  2.001 after   27 iterations (in       0.06 seconds).
Energy increase is detected. Turn on the linear mixing algorithm with (H[DIIS, i-1] + H[DIIS, i+1]).
Prev_Energies: (    -40.49178662,     -40.49178662)
Energy increase is detected. Turn on the linear mixing algorithm with (H[DIIS, i-1] + H[DIIS, i+1]).
Prev_Energies: (    -40.49178662,     -40.49178662)
SCF Change: DM (5.43738e-6,3.96493e-7); eev 1.05916e-6 Ha; etot 1.95811e-10 Ha
Energy:     -40.4917866233 Ha with <S^2> =  0.751 and <2S+1> =  2.001 after   28 iterations (in       0.10 seconds).
Energy increase is detected. Turn on the linear mixing algorithm with (H[DIIS, i-1] + H[DIIS, i+1]).
Prev_Energies: (    -40.49178662,     -40.49178662)
Energy increase is detected. Turn on the linear mixing algorithm with (H[DIIS, i-1] + H[DIIS, i+1]).
Prev_Energies: (    -40.49178662,     -40.49178662)
SCF Change: DM (7.65930e-6,3.86074e-7); eev 6.77771e-7 Ha; etot 9.24061e-11 Ha
Energy:     -40.4917866232 Ha with <S^2> =  0.751 and <2S+1> =  2.001 after   29 iterations (in       0.06 seconds).
Energy increase is detected. Turn on the linear mixing algorithm with (H[DIIS, i-1] + H[DIIS, i+1]).
Prev_Energies: (    -40.49178662,     -40.49178662)
Energy increase is detected. Turn on the linear mixing algorithm with (H[DIIS, i-1] + H[DIIS, i+1]).
Prev_Energies: (    -40.49178662,     -40.49178662)
SCF Change: DM (4.66888e-6,3.38311e-7); eev 8.32248e-7 Ha; etot 1.21311e-10 Ha
Energy:     -40.4917866231 Ha with <S^2> =  0.751 and <2S+1> =  2.001 after   30 iterations (in       0.06 seconds).
Energy increase is detected. Turn on the linear mixing algorithm with (H[DIIS, i-1] + H[DIIS, i+1]).
Prev_Energies: (    -40.49178662,     -40.49178662)
Energy increase is detected. Turn on the linear mixing algorithm with (H[DIIS, i-1] + H[DIIS, i+1]).
Prev_Energies: (    -40.49178662,     -40.49178662)
SCF Change: DM (7.41920e-6,3.65053e-7); eev 4.32002e-7 Ha; etot 6.76508e-11 Ha
Energy:     -40.4917866230 Ha with <S^2> =  0.751 and <2S+1> =  2.001 after   31 iterations (in       0.06 seconds).
Energy increase is detected. Turn on the linear mixing algorithm with (H[DIIS, i-1] + H[DIIS, i+1]).
Prev_Energies: (    -40.49178662,     -40.49178662)
Energy increase is detected. Turn on the linear mixing algorithm with (H[DIIS, i-1] + H[DIIS, i+1]).
Prev_Energies: (    -40.49178662,     -40.49178662)
SCF Change: DM (4.11842e-6,3.03787e-7); eev 6.29667e-7 Ha; etot 9.96465e-11 Ha
Energy:     -40.4917866229 Ha with <S^2> =  0.751 and <2S+1> =  2.001 after   32 iterations (in       0.12 seconds).
Energy increase is detected. Turn on the linear mixing algorithm with (H[DIIS, i-1] + H[DIIS, i+1]).
Prev_Energies: (    -40.49178662,     -40.49178662)
Energy increase is detected. Turn on the linear mixing algorithm with (H[DIIS, i-1] + H[DIIS, i+1]).
Prev_Energies: (    -40.49178662,     -40.49178662)
SCF Change: DM (7.23301e-6,3.77409e-7); eev 5.13246e-7 Ha; etot 5.01288e-11 Ha
Energy:     -40.4917866229 Ha with <S^2> =  0.751 and <2S+1> =  2.001 after   33 iterations (in       0.14 seconds).
Energy increase is detected. Turn on the linear mixing algorithm with (H[DIIS, i-1] + H[DIIS, i+1]).
Prev_Energies: (    -40.49178662,     -40.49178662)
Energy increase is detected. Turn on the linear mixing algorithm with (H[DIIS, i-1] + H[DIIS, i+1]).
Prev_Energies: (    -40.49178662,     -40.49178662)
SCF Change: DM (3.59520e-6,2.91071e-7); eev 2.51301e-7 Ha; etot 8.02984e-11 Ha
Energy:     -40.4917866228 Ha with <S^2> =  0.751 and <2S+1> =  2.001 after   34 iterations (in       0.11 seconds).
Energy increase is detected. Turn on the linear mixing algorithm with (H[DIIS, i-1] + H[DIIS, i+1]).
Prev_Energies: (    -40.49178662,     -40.49178662)
Energy increase is detected. Turn on the linear mixing algorithm with (H[DIIS, i-1] + H[DIIS, i+1]).
Prev_Energies: (    -40.49178662,     -40.49178662)
SCF Change: DM (7.17348e-6,4.24400e-7); eev 9.22206e-7 Ha; etot 3.60529e-11 Ha
Energy:     -40.4917866228 Ha with <S^2> =  0.751 and <2S+1> =  2.001 after   35 iterations (in       0.07 seconds).
Energy increase is detected. Turn on the linear mixing algorithm with (H[DIIS, i-1] + H[DIIS, i+1]).
Prev_Energies: (    -40.49178662,     -40.49178662)
Energy increase is detected. Turn on the linear mixing algorithm with (H[DIIS, i-1] + H[DIIS, i+1]).
Prev_Energies: (    -40.49178662,     -40.49178662)
SCF Change: DM (4.31354e-6,3.42271e-7); eev 1.61678e-7 Ha; etot 6.46949e-11 Ha
Energy:     -40.4917866227 Ha with <S^2> =  0.751 and <2S+1> =  2.001 after   36 iterations (in       0.07 seconds).
Energy increase is detected. Turn on the linear mixing algorithm with (H[DIIS, i-1] + H[DIIS, i+1]).
Prev_Energies: (    -40.49178662,     -40.49178662)
Energy increase is detected. Turn on the linear mixing algorithm with (H[DIIS, i-1] + H[DIIS, i+1]).
Prev_Energies: (    -40.49178662,     -40.49178662)
SCF Change: DM (5.52315e-6,3.26163e-7); eev 6.26627e-7 Ha; etot 3.42695e-11 Ha
Energy:     -40.4917866227 Ha with <S^2> =  0.751 and <2S+1> =  2.001 after   37 iterations (in       0.06 seconds).
Energy increase is detected. Turn on the linear mixing algorithm with (H[DIIS, i-1] + H[DIIS, i+1]).
Prev_Energies: (    -40.49178662,     -40.49178662)
Energy increase is detected. Turn on the linear mixing algorithm with (H[DIIS, i-1] + H[DIIS, i+1]).
Prev_Energies: (    -40.49178662,     -40.49178662)
SCF Change: DM (3.83085e-6,3.18463e-7); eev 2.89363e-7 Ha; etot 3.95417e-11 Ha
Energy:     -40.4917866226 Ha with <S^2> =  0.751 and <2S+1> =  2.001 after   38 iterations (in       0.12 seconds).
Energy increase is detected. Turn on the linear mixing algorithm with (H[DIIS, i-1] + H[DIIS, i+1]).
Prev_Energies: (    -40.49178662,     -40.49178662)
Energy increase is detected. Turn on the linear mixing algorithm with (H[DIIS, i-1] + H[DIIS, i+1]).
Prev_Energies: (    -40.49178662,     -40.49178662)
SCF Change: DM (4.42437e-6,2.64180e-7); eev 4.69397e-7 Ha; etot 2.39950e-11 Ha
Energy:     -40.4917866226 Ha with <S^2> =  0.751 and <2S+1> =  2.001 after   39 iterations (in       0.20 seconds).
Energy increase is detected. Turn on the linear mixing algorithm with (H[DIIS, i-1] + H[DIIS, i+1]).
Prev_Energies: (    -40.49178662,     -40.49178662)
Energy increase is detected. Turn on the linear mixing algorithm with (H[DIIS, i-1] + H[DIIS, i+1]).
Prev_Energies: (    -40.49178662,     -40.49178662)
SCF Change: DM (3.04129e-6,2.60928e-7); eev 2.68632e-7 Ha; etot 2.50253e-11 Ha
Energy:     -40.4917866226 Ha with <S^2> =  0.751 and <2S+1> =  2.001 after   40 iterations (in       0.07 seconds).
Energy increase is detected. Turn on the linear mixing algorithm with (H[DIIS, i-1] + H[DIIS, i+1]).
Prev_Energies: (    -40.49178662,     -40.49178662)
Energy increase is detected. Turn on the linear mixing algorithm with (H[DIIS, i-1] + H[DIIS, i+1]).
Prev_Energies: (    -40.49178662,     -40.49178662)
SCF Change: DM (3.55789e-6,2.12713e-7); eev 3.54904e-7 Ha; etot 1.50919e-11 Ha
Energy:     -40.4917866226 Ha with <S^2> =  0.751 and <2S+1> =  2.001 after   41 iterations (in       0.06 seconds).
Energy increase is detected. Turn on the linear mixing algorithm with (H[DIIS, i-1] + H[DIIS, i+1]).
Prev_Energies: (    -40.49178662,     -40.49178662)
Energy increase is detected. Turn on the linear mixing algorithm with (H[DIIS, i-1] + H[DIIS, i+1]).
Prev_Energies: (    -40.49178662,     -40.49178662)
SCF Change: DM (2.47868e-6,2.11026e-7); eev 2.15517e-7 Ha; etot 1.59162e-11 Ha
Energy:     -40.4917866226 Ha with <S^2> =  0.751 and <2S+1> =  2.001 after   42 iterations (in       0.04 seconds).
Energy increase is detected. Turn on the linear mixing algorithm with (H[DIIS, i-1] + H[DIIS, i+1]).
Prev_Energies: (    -40.49178662,     -40.49178662)
Energy increase is detected. Turn on the linear mixing algorithm with (H[DIIS, i-1] + H[DIIS, i+1]).
Prev_Energies: (    -40.49178662,     -40.49178662)
SCF Change: DM (2.86781e-6,1.71010e-7); eev 2.49895e-7 Ha; etot 9.81260e-12 Ha
Energy:     -40.4917866225 Ha with <S^2> =  0.751 and <2S+1> =  2.001 after   43 iterations (in       0.10 seconds).
Energy increase is detected. Turn on the linear mixing algorithm with (H[DIIS, i-1] + H[DIIS, i+1]).
Prev_Energies: (    -40.49178662,     -40.49178662)
Energy increase is detected. Turn on the linear mixing algorithm with (H[DIIS, i-1] + H[DIIS, i+1]).
Prev_Energies: (    -40.49178662,     -40.49178662)
SCF Change: DM (1.99151e-6,1.73425e-7); eev 1.87447e-7 Ha; etot 1.02673e-11 Ha
Energy:     -40.4917866225 Ha with <S^2> =  0.751 and <2S+1> =  2.001 after   44 iterations (in       0.17 seconds).
Energy increase is detected. Turn on the linear mixing algorithm with (H[DIIS, i-1] + H[DIIS, i+1]).
Prev_Energies: (    -40.49178662,     -40.49178662)
Energy increase is detected. Turn on the linear mixing algorithm with (H[DIIS, i-1] + H[DIIS, i+1]).
Prev_Energies: (    -40.49178662,     -40.49178662)
SCF Change: DM (2.30166e-6,1.37925e-7); eev 1.95078e-7 Ha; etot 6.23146e-12 Ha
Energy:     -40.4917866225 Ha with <S^2> =  0.751 and <2S+1> =  2.001 after   45 iterations (in       0.09 seconds).
Energy increase is detected. Turn on the linear mixing algorithm with (H[DIIS, i-1] + H[DIIS, i+1]).
Prev_Energies: (    -40.49178662,     -40.49178662)
Energy increase is detected. Turn on the linear mixing algorithm with (H[DIIS, i-1] + H[DIIS, i+1]).
Prev_Energies: (    -40.49178662,     -40.49178662)
SCF Change: DM (1.63028e-6,1.42024e-7); eev 1.49963e-7 Ha; etot 6.54410e-12 Ha
Energy:     -40.4917866225 Ha with <S^2> =  0.751 and <2S+1> =  2.001 after   46 iterations (in       0.05 seconds).
Energy increase is detected. Turn on the linear mixing algorithm with (H[DIIS, i-1] + H[DIIS, i+1]).
Prev_Energies: (    -40.49178662,     -40.49178662)
Energy increase is detected. Turn on the linear mixing algorithm with (H[DIIS, i-1] + H[DIIS, i+1]).
Prev_Energies: (    -40.49178662,     -40.49178662)
SCF Change: DM (1.87756e-6,1.13347e-7); eev 1.58682e-7 Ha; etot 4.02878e-12 Ha
Energy:     -40.4917866225 Ha with <S^2> =  0.751 and <2S+1> =  2.001 after   47 iterations (in       0.06 seconds).
Energy increase is detected. Turn on the linear mixing algorithm with (H[DIIS, i-1] + H[DIIS, i+1]).
Prev_Energies: (    -40.49178662,     -40.49178662)
Energy increase is detected. Turn on the linear mixing algorithm with (H[DIIS, i-1] + H[DIIS, i+1]).
Prev_Energies: (    -40.49178662,     -40.49178662)
SCF Change: DM (1.30392e-6,1.13657e-7); eev 1.14483e-7 Ha; etot 4.29878e-12 Ha
Energy:     -40.4917866225 Ha with <S^2> =  0.751 and <2S+1> =  2.001 after   48 iterations (in       0.04 seconds).
Energy increase is detected. Turn on the linear mixing algorithm with (H[DIIS, i-1] + H[DIIS, i+1]).
Prev_Energies: (    -40.49178662,     -40.49178662)
Energy increase is detected. Turn on the linear mixing algorithm with (H[DIIS, i-1] + H[DIIS, i+1]).
Prev_Energies: (    -40.49178662,     -40.49178662)
SCF Change: DM (1.49913e-6,9.03410e-8); eev 1.24846e-7 Ha; etot 2.51532e-12 Ha
Energy:     -40.4917866225 Ha with <S^2> =  0.751 and <2S+1> =  2.001 after   49 iterations (in       0.08 seconds).
Energy increase is detected. Turn on the linear mixing algorithm with (H[DIIS, i-1] + H[DIIS, i+1]).
Prev_Energies: (    -40.49178662,     -40.49178662)
Energy increase is detected. Turn on the linear mixing algorithm with (H[DIIS, i-1] + H[DIIS, i+1]).
Prev_Energies: (    -40.49178662,     -40.49178662)
SCF Change: DM (1.03595e-6,9.05911e-8); eev 8.89638e-8 Ha; etot 2.73559e-12 Ha
Energy:     -40.4917866225 Ha with <S^2> =  0.751 and <2S+1> =  2.001 after   50 iterations (in       0.06 seconds).
Energy increase is detected. Turn on the linear mixing algorithm with (H[DIIS, i-1] + H[DIIS, i+1]).
Prev_Energies: (    -40.49178662,     -40.49178662)
Energy increase is detected. Turn on the linear mixing algorithm with (H[DIIS, i-1] + H[DIIS, i+1]).
Prev_Energies: (    -40.49178662,     -40.49178662)
SCF Change: DM (1.19915e-6,7.25168e-8); eev 9.88150e-8 Ha; etot 1.63425e-12 Ha
Energy:     -40.4917866225 Ha with <S^2> =  0.751 and <2S+1> =  2.001 after   51 iterations (in       0.05 seconds).
Energy increase is detected. Turn on the linear mixing algorithm with (H[DIIS, i-1] + H[DIIS, i+1]).
Prev_Energies: (    -40.49178662,     -40.49178662)
Energy increase is detected. Turn on the linear mixing algorithm with (H[DIIS, i-1] + H[DIIS, i+1]).
Prev_Energies: (    -40.49178662,     -40.49178662)
SCF Change: DM (8.26440e-7,7.17185e-8); eev 6.29744e-8 Ha; etot 1.69820e-12 Ha
Energy:     -40.4917866225 Ha with <S^2> =  0.751 and <2S+1> =  2.001 after   52 iterations (in       0.04 seconds).
Energy increase is detected. Turn on the linear mixing algorithm with (H[DIIS, i-1] + H[DIIS, i+1]).
Prev_Energies: (    -40.49178662,     -40.49178662)
Energy increase is detected. Turn on the linear mixing algorithm with (H[DIIS, i-1] + H[DIIS, i+1]).
Prev_Energies: (    -40.49178662,     -40.49178662)
SCF Change: DM (9.61001e-7,5.82349e-8); eev 7.36992e-8 Ha; etot 1.08713e-12 Ha
Energy:     -40.4917866225 Ha with <S^2> =  0.751 and <2S+1> =  2.001 after   53 iterations (in       0.09 seconds).
Energy increase is detected. Turn on the linear mixing algorithm with (H[DIIS, i-1] + H[DIIS, i+1]).
Prev_Energies: (    -40.49178662,     -40.49178662)
Energy increase is detected. Turn on the linear mixing algorithm with (H[DIIS, i-1] + H[DIIS, i+1]).
Prev_Energies: (    -40.49178662,     -40.49178662)
SCF Change: DM (6.66483e-7,5.79364e-8); eev 5.06569e-8 Ha; etot 1.08713e-12 Ha
Energy:     -40.4917866225 Ha with <S^2> =  0.751 and <2S+1> =  2.001 after   54 iterations (in       0.10 seconds).
Energy increase is detected. Turn on the linear mixing algorithm with (H[DIIS, i-1] + H[DIIS, i+1]).
Prev_Energies: (    -40.49178662,     -40.49178662)
Energy increase is detected. Turn on the linear mixing algorithm with (H[DIIS, i-1] + H[DIIS, i+1]).
Prev_Energies: (    -40.49178662,     -40.49178662)
SCF Change: DM (7.69546e-7,4.66924e-8); eev 5.72676e-8 Ha; etot 6.39488e-13 Ha
Energy:     -40.4917866225 Ha with <S^2> =  0.751 and <2S+1> =  2.001 after   55 iterations (in       0.09 seconds).
Energy increase is detected. Turn on the linear mixing algorithm with (H[DIIS, i-1] + H[DIIS, i+1]).
Prev_Energies: (    -40.49178662,     -40.49178662)
Energy increase is detected. Turn on the linear mixing algorithm with (H[DIIS, i-1] + H[DIIS, i+1]).
Prev_Energies: (    -40.49178662,     -40.49178662)
SCF Change: DM (5.29257e-7,4.60009e-8); eev 3.89032e-8 Ha; etot 7.03437e-13 Ha
Energy:     -40.4917866225 Ha with <S^2> =  0.751 and <2S+1> =  2.001 after   56 iterations (in       0.07 seconds).
Energy increase is detected. Turn on the linear mixing algorithm with (H[DIIS, i-1] + H[DIIS, i+1]).
Prev_Energies: (    -40.49178662,     -40.49178662)
Energy increase is detected. Turn on the linear mixing algorithm with (H[DIIS, i-1] + H[DIIS, i+1]).
Prev_Energies: (    -40.49178662,     -40.49178662)
SCF Change: DM (6.17846e-7,3.76025e-8); eev 4.58347e-8 Ha; etot 4.47642e-13 Ha
Energy:     -40.4917866225 Ha with <S^2> =  0.751 and <2S+1> =  2.001 after   57 iterations (in       0.06 seconds).
Energy increase is detected. Turn on the linear mixing algorithm with (H[DIIS, i-1] + H[DIIS, i+1]).
Prev_Energies: (    -40.49178662,     -40.49178662)
Energy increase is detected. Turn on the linear mixing algorithm with (H[DIIS, i-1] + H[DIIS, i+1]).
Prev_Energies: (    -40.49178662,     -40.49178662)
SCF Change: DM (4.27290e-7,3.72510e-8); eev 3.17392e-8 Ha; etot 4.68958e-13 Ha
Energy:     -40.4917866225 Ha with <S^2> =  0.751 and <2S+1> =  2.001 after   58 iterations (in       0.04 seconds).
Energy increase is detected. Turn on the linear mixing algorithm with (H[DIIS, i-1] + H[DIIS, i+1]).
Prev_Energies: (    -40.49178662,     -40.49178662)
Energy increase is detected. Turn on the linear mixing algorithm with (H[DIIS, i-1] + H[DIIS, i+1]).
Prev_Energies: (    -40.49178662,     -40.49178662)
SCF Change: DM (4.93741e-7,3.00188e-8); eev 3.54799e-8 Ha; etot 2.62901e-13 Ha
Energy:     -40.4917866225 Ha with <S^2> =  0.751 and <2S+1> =  2.001 after   59 iterations (in       0.05 seconds).
Energy increase is detected. Turn on the linear mixing algorithm with (H[DIIS, i-1] + H[DIIS, i+1]).
Prev_Energies: (    -40.49178662,     -40.49178662)
Energy increase is detected. Turn on the linear mixing algorithm with (H[DIIS, i-1] + H[DIIS, i+1]).
Prev_Energies: (    -40.49178662,     -40.49178662)
SCF Change: DM (3.41991e-7,2.97833e-8); eev 2.47013e-8 Ha; etot 2.34479e-13 Ha
Energy:     -40.4917866225 Ha with <S^2> =  0.751 and <2S+1> =  2.001 after   60 iterations (in       0.07 seconds).
Energy increase is detected. Turn on the linear mixing algorithm with (H[DIIS, i-1] + H[DIIS, i+1]).
Prev_Energies: (    -40.49178662,     -40.49178662)
Energy increase is detected. Turn on the linear mixing algorithm with (H[DIIS, i-1] + H[DIIS, i+1]).
Prev_Energies: (    -40.49178662,     -40.49178662)
SCF Change: DM (3.96788e-7,2.41547e-8); eev 2.84518e-8 Ha; etot 1.77636e-13 Ha
Energy:     -40.4917866225 Ha with <S^2> =  0.751 and <2S+1> =  2.001 after   61 iterations (in       0.09 seconds).
Energy increase is detected. Turn on the linear mixing algorithm with (H[DIIS, i-1] + H[DIIS, i+1]).
Prev_Energies: (    -40.49178662,     -40.49178662)
Energy increase is detected. Turn on the linear mixing algorithm with (H[DIIS, i-1] + H[DIIS, i+1]).
Prev_Energies: (    -40.49178662,     -40.49178662)
SCF Change: DM (2.74911e-7,2.39312e-8); eev 1.98950e-8 Ha; etot 1.70530e-13 Ha
Energy:     -40.4917866225 Ha with <S^2> =  0.751 and <2S+1> =  2.001 after   62 iterations (in       0.06 seconds).
Energy increase is detected. Turn on the linear mixing algorithm with (H[DIIS, i-1] + H[DIIS, i+1]).
Prev_Energies: (    -40.49178662,     -40.49178662)
Energy increase is detected. Turn on the linear mixing algorithm with (H[DIIS, i-1] + H[DIIS, i+1]).
Prev_Energies: (    -40.49178662,     -40.49178662)
SCF Change: DM (3.17067e-7,1.92706e-8); eev 2.20844e-8 Ha; etot 1.63425e-13 Ha
Energy:     -40.4917866225 Ha with <S^2> =  0.751 and <2S+1> =  2.001 after   63 iterations (in       0.04 seconds).
Energy increase is detected. Turn on the linear mixing algorithm with (H[DIIS, i-1] + H[DIIS, i+1]).
Prev_Energies: (    -40.49178662,     -40.49178662)
Energy increase is detected. Turn on the linear mixing algorithm with (H[DIIS, i-1] + H[DIIS, i+1]).
Prev_Energies: (    -40.49178662,     -40.49178662)
SCF Change: DM (2.20065e-7,1.91802e-8); eev 1.59342e-8 Ha; etot 1.35003e-13 Ha
Energy:     -40.4917866225 Ha with <S^2> =  0.751 and <2S+1> =  2.001 after   64 iterations (in       0.04 seconds).
Energy increase is detected. Turn on the linear mixing algorithm with (H[DIIS, i-1] + H[DIIS, i+1]).
Prev_Energies: (    -40.49178662,     -40.49178662)
Energy increase is detected. Turn on the linear mixing algorithm with (H[DIIS, i-1] + H[DIIS, i+1]).
Prev_Energies: (    -40.49178662,     -40.49178662)
SCF Change: DM (2.53714e-7,1.54159e-8); eev 1.74344e-8 Ha; etot 9.23706e-14 Ha
Energy:     -40.4917866225 Ha with <S^2> =  0.751 and <2S+1> =  2.001 after   65 iterations (in       0.04 seconds).
Energy increase is detected. Turn on the linear mixing algorithm with (H[DIIS, i-1] + H[DIIS, i+1]).
Prev_Energies: (    -40.49178662,     -40.49178662)
Energy increase is detected. Turn on the linear mixing algorithm with (H[DIIS, i-1] + H[DIIS, i+1]).
Prev_Energies: (    -40.49178662,     -40.49178662)
SCF Change: DM (1.76038e-7,1.53482e-8); eev 1.27002e-8 Ha; etot 2.84217e-14 Ha
Energy:     -40.4917866225 Ha with <S^2> =  0.751 and <2S+1> =  2.001 after   66 iterations (in       0.04 seconds).
Energy increase is detected. Turn on the linear mixing algorithm with (H[DIIS, i-1] + H[DIIS, i+1]).
Prev_Energies: (    -40.49178662,     -40.49178662)
Energy increase is detected. Turn on the linear mixing algorithm with (H[DIIS, i-1] + H[DIIS, i+1]).
Prev_Energies: (    -40.49178662,     -40.49178662)
SCF Change: DM (2.02849e-7,1.23248e-8); eev 1.38283e-8 Ha; etot 4.26326e-14 Ha
Energy:     -40.4917866225 Ha with <S^2> =  0.751 and <2S+1> =  2.001 after   67 iterations (in       0.05 seconds).
Energy increase is detected. Turn on the linear mixing algorithm with (H[DIIS, i-1] + H[DIIS, i+1]).
Prev_Energies: (    -40.49178662,     -40.49178662)
Energy increase is detected. Turn on the linear mixing algorithm with (H[DIIS, i-1] + H[DIIS, i+1]).
Prev_Energies: (    -40.49178662,     -40.49178662)
SCF Change: DM (1.40724e-7,1.22713e-8); eev 1.00844e-8 Ha; etot 6.39488e-14 Ha
Energy:     -40.4917866225 Ha with <S^2> =  0.751 and <2S+1> =  2.001 after   68 iterations (in       0.06 seconds).
Energy increase is detected. Turn on the linear mixing algorithm with (H[DIIS, i-1] + H[DIIS, i+1]).
Prev_Energies: (    -40.49178662,     -40.49178662)
Energy increase is detected. Turn on the linear mixing algorithm with (H[DIIS, i-1] + H[DIIS, i+1]).
Prev_Energies: (    -40.49178662,     -40.49178662)
SCF Change: DM (1.62260e-7,9.85779e-9); eev 1.09734e-8 Ha; etot 8.52651e-14 Ha
Energy:     -40.4917866225 Ha with <S^2> =  0.751 and <2S+1> =  2.001 after   69 iterations (in       0.14 seconds).
SCF Change: DM (1.21137e-6,8.62171e-8); eev 8.27251e-8 Ha; etot -2.13163e-14 Ha
Energy:     -40.4917866225 Ha with <S^2> =  0.751 and <2S+1> =  2.001 after   70 iterations (in       0.14 seconds).
Energy increase is detected. Turn on the linear mixing algorithm with (H[DIIS, i-1] + H[DIIS, i+1]).
Prev_Energies: (    -40.49178662,     -40.49178662)
Energy increase is detected. Turn on the linear mixing algorithm with (H[DIIS, i-1] + H[DIIS, i+1]).
Prev_Energies: (    -40.49178662,     -40.49178662)
SCF Change: DM (9.69003e-7,6.89672e-8); eev 6.60092e-8 Ha; etot 1.98952e-13 Ha
Energy:     -40.4917866225 Ha with <S^2> =  0.751 and <2S+1> =  2.001 after   71 iterations (in       0.04 seconds).
SCF Change: DM (9.69263e-7,6.89840e-8); eev 6.61165e-8 Ha; etot -1.98952e-13 Ha
Energy:     -40.4917866225 Ha with <S^2> =  0.751 and <2S+1> =  2.001 after   72 iterations (in       0.05 seconds).
Energy increase is detected. Turn on the linear mixing algorithm with (H[DIIS, i-1] + H[DIIS, i+1]).
Prev_Energies: (    -40.49178662,     -40.49178662)
Energy increase is detected. Turn on the linear mixing algorithm with (H[DIIS, i-1] + H[DIIS, i+1]).
Prev_Energies: (    -40.49178662,     -40.49178662)
SCF Change: DM (7.75349e-7,5.51795e-8); eev 5.27191e-8 Ha; etot 2.13163e-14 Ha
Energy:     -40.4917866225 Ha with <S^2> =  0.751 and <2S+1> =  2.001 after   73 iterations (in       0.04 seconds).
SCF Change: DM (7.75719e-7,5.52274e-8); eev 5.32506e-8 Ha; etot  0.00000e0 Ha
Energy:     -40.4917866225 Ha with <S^2> =  0.751 and <2S+1> =  2.001 after   74 iterations (in       0.03 seconds).
Energy increase is detected. Turn on the linear mixing algorithm with (H[DIIS, i-1] + H[DIIS, i+1]).
Prev_Energies: (    -40.49178662,     -40.49178662)
Energy increase is detected. Turn on the linear mixing algorithm with (H[DIIS, i-1] + H[DIIS, i+1]).
Prev_Energies: (    -40.49178662,     -40.49178662)
SCF Change: DM (6.20529e-7,4.41772e-8); eev 4.25097e-8 Ha; etot 1.42109e-13 Ha
Energy:     -40.4917866225 Ha with <S^2> =  0.751 and <2S+1> =  2.001 after   75 iterations (in       0.06 seconds).
SCF Change: DM (6.20720e-7,4.41969e-8); eev 4.26291e-8 Ha; etot -1.20792e-13 Ha
Energy:     -40.4917866225 Ha with <S^2> =  0.751 and <2S+1> =  2.001 after   76 iterations (in       0.09 seconds).
Energy increase is detected. Turn on the linear mixing algorithm with (H[DIIS, i-1] + H[DIIS, i+1]).
Prev_Energies: (    -40.49178662,     -40.49178662)
Energy increase is detected. Turn on the linear mixing algorithm with (H[DIIS, i-1] + H[DIIS, i+1]).
Prev_Energies: (    -40.49178662,     -40.49178662)
SCF Change: DM (4.96562e-7,3.53562e-8); eev 3.40569e-8 Ha; etot 7.81597e-14 Ha
Energy:     -40.4917866225 Ha with <S^2> =  0.751 and <2S+1> =  2.001 after   77 iterations (in       0.08 seconds).
Energy increase is detected. Turn on the linear mixing algorithm with (H[DIIS, i-1] + H[DIIS, i+1]).
Prev_Energies: (    -40.49178662,     -40.49178662)
Energy increase is detected. Turn on the linear mixing algorithm with (H[DIIS, i-1] + H[DIIS, i+1]).
Prev_Energies: (    -40.49178662,     -40.49178662)
SCF Change: DM (4.96570e-7,3.53570e-8); eev 3.40596e-8 Ha; etot 7.10543e-15 Ha
Energy:     -40.4917866225 Ha with <S^2> =  0.751 and <2S+1> =  2.001 after   78 iterations (in       0.05 seconds).
Energy increase is detected. Turn on the linear mixing algorithm with (H[DIIS, i-1] + H[DIIS, i+1]).
Prev_Energies: (    -40.49178662,     -40.49178662)
Energy increase is detected. Turn on the linear mixing algorithm with (H[DIIS, i-1] + H[DIIS, i+1]).
Prev_Energies: (    -40.49178662,     -40.49178662)
SCF Change: DM (3.97249e-7,2.82848e-8); eev 2.72176e-8 Ha; etot 2.13163e-14 Ha
Energy:     -40.4917866225 Ha with <S^2> =  0.751 and <2S+1> =  2.001 after   79 iterations (in       0.04 seconds).
SCF Change: DM (3.97308e-7,2.82907e-8); eev 2.72373e-8 Ha; etot -6.39488e-14 Ha
Energy:     -40.4917866225 Ha with <S^2> =  0.751 and <2S+1> =  2.001 after   80 iterations (in       0.03 seconds).
Energy increase is detected. Turn on the linear mixing algorithm with (H[DIIS, i-1] + H[DIIS, i+1]).
Prev_Energies: (    -40.49178662,     -40.49178662)
Energy increase is detected. Turn on the linear mixing algorithm with (H[DIIS, i-1] + H[DIIS, i+1]).
Prev_Energies: (    -40.49178662,     -40.49178662)
SCF Change: DM (3.17837e-7,2.26310e-8); eev 2.17640e-8 Ha; etot 2.13163e-14 Ha
Energy:     -40.4917866225 Ha with <S^2> =  0.751 and <2S+1> =  2.001 after   81 iterations (in       0.05 seconds).
SCF Change: DM (3.17920e-7,2.26443e-8); eev 2.18331e-8 Ha; etot  0.00000e0 Ha
Energy:     -40.4917866225 Ha with <S^2> =  0.751 and <2S+1> =  2.001 after   82 iterations (in       0.06 seconds).
SCF Change: DM (6.75797e-11,1.64937e-11); eev 8.95492e-11 Ha; etot -2.13163e-14 Ha
Energy:     -40.4917866225 Ha with <S^2> =  0.751 and <2S+1> =  2.001 after   83 iterations (in       0.19 seconds).
SCF is converged after   83 iterations.
==========================================
Now evaluate the    PT2 correlation energy
==========================================
----------------------------------------------------------------------
Methods         :       Total Corr,          OS Corr,          SS Corr
----------------------------------------------------------------------
PT2             :      -0.14311157,      -0.12094093,      -0.02217065
----------------------------------------------------------------------
Fifth-rung correlation energy :      -0.052778620945 Ha
E[XYGJOS]=:     -40.39248592 Ha, Ex[HF]:      -4.07541879 Ha, Ec[PT2  ]:      -0.14311157 Ha
Mulliken population analysis:
  0-Br :   0.000000

====================================================
              REST: Mission accomplished
====================================================
The SCF energy        :     -40.4917866225 Ha
The (R)-xDH energy    :     -40.3924859187 Ha
Detailed time report:
Overall   |:    7.872 s for the whole job
PT2       |:    0.246 s for the PT2 evaluation
SCF       |:    7.091 s for the scf procedure
