=========================================================
Input parameters for the REST calculation
=========================================================
Calculation type: Single-point energy
The exchange-correlation method: xygjos
Print level:                1
The number of threads used for parallelism:      4
The spheric-GTO basis set is taken from /home/symei/def2-TZVPP-optuna-mixed
The pruning method is nwchem
The radial grid generation method is treutler
ERI Type: ri_v
Turn on the basis pair symmetry for RI 3D-tensors
The spheric-GTO auxiliary basis set is taken from /home/symei/def2-SV(P)-JKFIT
Spin polarization: Off
Charge:   0; Spin:   1
min_num_angular_points: 110
max_num_angular_points: 590
hardness: 3
Grid generation level: 3
Even tempered basis generation: false
SCF convergency thresholds: 1e-8 for density matrix
                            1e-8 Ha. for sum of eigenvalues
                            1e-8 Ha. for total energy
Max. SCF cycle number:      250
The diis mixing with (param, max_vec_len) = (0.2, 8) is employed for the SCF procedure
Turn on the diis mixing after 1 step(s) of SCF iteractions with the linear mixing
The specified checkfile exists but is not loaded because the keyword 'external_init_guess' is specified
It will be updated after the SCF procedure 
(none)
Initial guess is prepared by (sad).
It is a finite cluster calculation
the scf functional for 'xygjos' contains
The density functional 'B3LYP' belongs to the 'Hybrid GGA' family and is defined in the reference(s):
(0): P. J. Stephens, F. J. Devlin, C. F. Chabalowski, and M. J. Frisch.,  J. Phys. Chem. 98, 11623 (1994)
the post-scf functional 'xygjos' is employed, which contains
The density functional 'Slater exchange' belongs to the 'LDA' family and is defined in the reference(s):
(0): P. A. M. Dirac.,  Math. Proc. Cambridge Philos. Soc. 26, 376 (1930)
(1): F. Bloch.,  Z. Phys. 57, 545 (1929)
The density functional 'Becke 88' belongs to the 'GGA' family and is defined in the reference(s):
(0): A. D. Becke.,  Phys. Rev. A 38, 3098 (1988)
The density functional 'Vosko, Wilk & Nusair (VWN5_RPA)' belongs to the 'LDA' family and is defined in the reference(s):
(0): S. H. Vosko, L. Wilk, and M. Nusair.,  Can. J. Phys. 58, 1200 (1980)
The density functional 'Lee, Yang & Parr' belongs to the 'GGA' family and is defined in the reference(s):
(0): C. Lee, W. Yang, and R. G. Parr.,  Phys. Rev. B 37, 785 (1988)
(1): B. Miehlich, A. Savin, H. Stoll, and H. Preuss.,  Chem. Phys. Lett. 157, 200 (1989)
<start_mo> for the frozen-core post-SCF methods 14 is larger than the number of ecp orbitals 14. Take the <start_mo> -= ecp_orbitals
Libxc version used in REST: 7.0.0
nbas: 30, natm: 2 for standard basis sets
First valence state for the frozen-core algorithm:     0
final nbas: 128,final natm: 4
numbasis: 90, num_auxbas: 394
Molecule_name: brcl
Restricted Hartree-Fock (or Kohn-Sham) algorithm is invoked.
Nuc_energy:      29.08125662 Hartree
No ghost effective potential
No ghost point charges
Overlap matrix is nonsigular:
  Lowest eigenvalue:       0.00912335 with the total number of basis functions:     90
Grid size: 39784
Generate SAD of Br
Generate SAD of Cl
Initial guess HF energy:    -500.5946365955595070
The total energy:      -500.7870694580 Ha by the initial guess
Energy:    -500.7377896261 Ha after    1 iterations (in       0.09 seconds).
SCF Change: DM 7.04630e-3; eev  1.23287e0 Ha; etot 6.56125e-2 Ha
Energy:    -500.6721771662 Ha after    2 iterations (in       0.08 seconds).
SCF Change: DM 3.84413e-4; eev 5.13138e-2 Ha; etot -1.36055e-1 Ha
Energy:    -500.8082324010 Ha after    3 iterations (in       0.08 seconds).
SCF Change: DM 1.35880e-4; eev 1.70201e-2 Ha; etot -2.34848e-4 Ha
Energy:    -500.8084672489 Ha after    4 iterations (in       0.09 seconds).
SCF Change: DM 3.46802e-5; eev 7.73200e-3 Ha; etot -6.80252e-5 Ha
Energy:    -500.8085352742 Ha after    5 iterations (in       0.15 seconds).
SCF Change: DM 5.99539e-6; eev 1.43065e-3 Ha; etot -1.68165e-6 Ha
Energy:    -500.8085369558 Ha after    6 iterations (in       0.14 seconds).
SCF Change: DM 1.37108e-6; eev 2.08431e-4 Ha; etot -9.38020e-8 Ha
Energy:    -500.8085370496 Ha after    7 iterations (in       0.15 seconds).
SCF Change: DM 2.75578e-7; eev 2.16241e-5 Ha; etot -6.29592e-9 Ha
Energy:    -500.8085370559 Ha after    8 iterations (in       0.15 seconds).
SCF Change: DM 7.85392e-8; eev 8.67539e-6 Ha; etot -2.56080e-10 Ha
Energy:    -500.8085370562 Ha after    9 iterations (in       0.14 seconds).
SCF Change: DM 6.28783e-8; eev 2.60702e-6 Ha; etot -4.43379e-12 Ha
Energy:    -500.8085370562 Ha after   10 iterations (in       0.17 seconds).
SCF Change: DM 6.33735e-8; eev 5.10895e-7 Ha; etot -1.70530e-13 Ha
Energy:    -500.8085370562 Ha after   11 iterations (in       0.16 seconds).
SCF Change: DM 5.65664e-8; eev 4.41207e-8 Ha; etot -6.19593e-12 Ha
Energy:    -500.8085370562 Ha after   12 iterations (in       0.05 seconds).
SCF Change: DM 7.47025e-9; eev 1.44380e-9 Ha; etot 3.41061e-12 Ha
Energy:    -500.8085370562 Ha after   13 iterations (in       0.06 seconds).
SCF is converged after   13 iterations.
==========================================
Now evaluate the    PT2 correlation energy
==========================================
----------------------------------------------------------------------
Methods         :       Total Corr,          OS Corr,          SS Corr
----------------------------------------------------------------------
PT2             :      -0.64274961,      -0.47683965,      -0.16590995
----------------------------------------------------------------------
Fifth-rung correlation energy :      -0.208092824927 Ha
E[XYGJOS]=:    -500.23309313 Ha, Ex[HF]:     -31.62659299 Ha, Ec[PT2  ]:      -0.64274961 Ha
Mulliken population analysis:
  0-Br :   0.327995
  1-Cl :  -0.327995

====================================================
              REST: Mission accomplished
====================================================
The SCF energy        :    -500.8085370562 Ha
The (R)-xDH energy    :    -500.2330931292 Ha
Detailed time report:
Overall   |:    4.807 s for the whole job
SCF       |:    4.167 s for the scf procedure
PT2       |:    0.088 s for the PT2 evaluation
