=========================================================
Input parameters for the REST calculation
=========================================================
Calculation type: Single-point energy
The exchange-correlation method: xygjos
Print level:                1
The number of threads used for parallelism:      4
The spheric-GTO basis set is taken from /home/symei/def2-TZVPP-optuna-mixed
The pruning method is nwchem
The radial grid generation method is treutler
ERI Type: ri_v
Turn on the basis pair symmetry for RI 3D-tensors
The spheric-GTO auxiliary basis set is taken from /home/symei/def2-SV(P)-JKFIT
Spin polarization: Off
Charge:   0; Spin:   1
min_num_angular_points: 110
max_num_angular_points: 590
hardness: 3
Grid generation level: 3
Even tempered basis generation: false
SCF convergency thresholds: 1e-8 for density matrix
                            1e-8 Ha. for sum of eigenvalues
                            1e-8 Ha. for total energy
Max. SCF cycle number:      250
The diis mixing with (param, max_vec_len) = (0.2, 8) is employed for the SCF procedure
Turn on the diis mixing after 1 step(s) of SCF iteractions with the linear mixing
The specified checkfile exists but is not loaded because the keyword 'external_init_guess' is specified
It will be updated after the SCF procedure 
(none)
Initial guess is prepared by (sad).
It is a finite cluster calculation
the scf functional for 'xygjos' contains
The density functional 'B3LYP' belongs to the 'Hybrid GGA' family and is defined in the reference(s):
(0): P. J. Stephens, F. J. Devlin, C. F. Chabalowski, and M. J. Frisch.,  J. Phys. Chem. 98, 11623 (1994)
the post-scf functional 'xygjos' is employed, which contains
The density functional 'Slater exchange' belongs to the 'LDA' family and is defined in the reference(s):
(0): P. A. M. Dirac.,  Math. Proc. Cambridge Philos. Soc. 26, 376 (1930)
(1): F. Bloch.,  Z. Phys. 57, 545 (1929)
The density functional 'Becke 88' belongs to the 'GGA' family and is defined in the reference(s):
(0): A. D. Becke.,  Phys. Rev. A 38, 3098 (1988)
The density functional 'Vosko, Wilk & Nusair (VWN5_RPA)' belongs to the 'LDA' family and is defined in the reference(s):
(0): S. H. Vosko, L. Wilk, and M. Nusair.,  Can. J. Phys. 58, 1200 (1980)
The density functional 'Lee, Yang & Parr' belongs to the 'GGA' family and is defined in the reference(s):
(0): C. Lee, W. Yang, and R. G. Parr.,  Phys. Rev. B 37, 785 (1988)
(1): B. Miehlich, A. Savin, H. Stoll, and H. Preuss.,  Chem. Phys. Lett. 157, 200 (1989)
<start_mo> for the frozen-core post-SCF methods 22 is smaller than the number of ecp orbitals 28. Set <start_mo> = 0
Libxc version used in REST: 7.0.0
nbas: 124, natm: 14 for standard basis sets
First valence state for the frozen-core algorithm:     0
final nbas: 392,final natm: 28
numbasis: 332, num_auxbas: 976
Molecule_name: c-cbrcbr-c
Restricted Hartree-Fock (or Kohn-Sham) algorithm is invoked.
Nuc_energy:     205.48088420 Hartree
No ghost effective potential
No ghost point charges
Overlap matrix is nonsigular:
  Lowest eigenvalue:       0.00016151 with the total number of basis functions:    332
Grid size: 177608
Generate SAD of C
Generate SAD of H
Generate SAD of Br
Initial guess HF energy:    -238.7673316800563441
The total energy:      -237.7360015470 Ha by the initial guess
Energy:    -231.5811051277 Ha after    1 iterations (in       1.24 seconds).
SCF Change: DM 2.23659e-2; eev  1.08499e1 Ha; etot  2.01127e1 Ha
Energy:    -211.4684472352 Ha after    2 iterations (in       1.28 seconds).
SCF Change: DM 3.19917e-2; eev  2.95149e0 Ha; etot -2.55655e1 Ha
Energy:    -237.0339166275 Ha after    3 iterations (in       1.30 seconds).
SCF Change: DM 3.00301e-2; eev  2.23775e0 Ha; etot  3.95582e0 Ha
Energy:    -233.0780921071 Ha after    4 iterations (in       1.18 seconds).
SCF Change: DM 1.02047e-2; eev 2.53209e-1 Ha; etot -4.05585e0 Ha
Energy:    -237.1339465376 Ha after    5 iterations (in       1.25 seconds).
SCF Change: DM 1.01476e-2; eev 4.24806e-1 Ha; etot -1.10354e-1 Ha
Energy:    -237.2443007735 Ha after    6 iterations (in       1.21 seconds).
SCF Change: DM 9.10233e-3; eev 7.46507e-2 Ha; etot -3.57401e-1 Ha
Energy:    -237.6017019170 Ha after    7 iterations (in       1.30 seconds).
SCF Change: DM 1.12618e-3; eev 2.29798e-1 Ha; etot -2.90246e-1 Ha
Energy:    -237.8919480360 Ha after    8 iterations (in       1.37 seconds).
SCF Change: DM 9.34851e-4; eev 7.28597e-2 Ha; etot 1.38057e-1 Ha
Energy:    -237.7538906442 Ha after    9 iterations (in       1.23 seconds).
SCF Change: DM 8.30726e-4; eev 9.04158e-2 Ha; etot -1.24577e-1 Ha
Energy:    -237.8784674043 Ha after   10 iterations (in       1.23 seconds).
SCF Change: DM 6.83069e-4; eev 2.56875e-2 Ha; etot 9.76183e-2 Ha
Energy:    -237.7808490955 Ha after   11 iterations (in       1.27 seconds).
SCF Change: DM 1.02983e-3; eev 9.51187e-2 Ha; etot -6.18367e-2 Ha
Energy:    -237.8426857906 Ha after   12 iterations (in       1.21 seconds).
SCF Change: DM 6.99223e-4; eev 1.14847e-1 Ha; etot 1.29717e-1 Ha
Energy:    -237.7129684966 Ha after   13 iterations (in       1.23 seconds).
SCF Change: DM 7.67670e-4; eev 2.14526e-1 Ha; etot 4.98695e-2 Ha
Energy:    -237.6630989501 Ha after   14 iterations (in       1.18 seconds).
SCF Change: DM 9.07729e-3; eev 6.50660e-1 Ha; etot -2.66824e-3 Ha
Energy:    -237.6657671948 Ha after   15 iterations (in       1.29 seconds).
SCF Change: DM 7.77059e-3; eev 8.60748e-1 Ha; etot 5.46020e-1 Ha
Energy:    -237.1197476931 Ha after   16 iterations (in       1.15 seconds).
SCF Change: DM 5.73831e-3; eev 2.22306e-1 Ha; etot -1.16225e0 Ha
Energy:    -238.2819960200 Ha after   17 iterations (in       1.21 seconds).
SCF Change: DM 2.76429e-3; eev 4.00310e-2 Ha; etot 1.33885e-1 Ha
Energy:    -238.1481112292 Ha after   18 iterations (in       1.27 seconds).
SCF Change: DM 2.09435e-3; eev 8.05460e-2 Ha; etot -1.95122e-1 Ha
Energy:    -238.3432331015 Ha after   19 iterations (in       1.18 seconds).
SCF Change: DM 1.19692e-3; eev 2.69660e-2 Ha; etot 1.07098e-1 Ha
Energy:    -238.2361347145 Ha after   20 iterations (in       1.26 seconds).
SCF Change: DM 7.61141e-4; eev 2.36387e-2 Ha; etot -8.09476e-2 Ha
Energy:    -238.3170823058 Ha after   21 iterations (in       1.34 seconds).
SCF Change: DM 6.01862e-4; eev 1.61323e-2 Ha; etot -2.46308e-2 Ha
Energy:    -238.3417131418 Ha after   22 iterations (in       1.38 seconds).
SCF Change: DM 4.45635e-4; eev 1.10130e-2 Ha; etot -7.56114e-3 Ha
Energy:    -238.3492742814 Ha after   23 iterations (in       1.29 seconds).
SCF Change: DM 1.40225e-4; eev 4.20659e-3 Ha; etot -8.00360e-4 Ha
Energy:    -238.3500746413 Ha after   24 iterations (in       1.26 seconds).
SCF Change: DM 5.34152e-5; eev 1.29314e-3 Ha; etot -1.01075e-4 Ha
Energy:    -238.3501757163 Ha after   25 iterations (in       1.16 seconds).
SCF Change: DM 3.03398e-4; eev 4.38160e-3 Ha; etot -3.85976e-5 Ha
Energy:    -238.3502143139 Ha after   26 iterations (in       1.14 seconds).
SCF Change: DM 2.72389e-4; eev 3.23179e-3 Ha; etot -1.11554e-4 Ha
Energy:    -238.3503258678 Ha after   27 iterations (in       1.18 seconds).
SCF Change: DM 7.15901e-5; eev 1.06040e-3 Ha; etot -4.87719e-5 Ha
Energy:    -238.3503746397 Ha after   28 iterations (in       1.16 seconds).
SCF Change: DM 1.09418e-4; eev 1.41128e-3 Ha; etot -1.07243e-5 Ha
Energy:    -238.3503853640 Ha after   29 iterations (in       1.21 seconds).
SCF Change: DM 5.35769e-5; eev 4.04239e-4 Ha; etot -1.50190e-5 Ha
Energy:    -238.3504003831 Ha after   30 iterations (in       1.17 seconds).
SCF Change: DM 2.67066e-5; eev 1.60335e-4 Ha; etot -7.94188e-6 Ha
Energy:    -238.3504083249 Ha after   31 iterations (in       1.20 seconds).
SCF Change: DM 5.49690e-5; eev 4.65990e-4 Ha; etot -3.83931e-6 Ha
Energy:    -238.3504121643 Ha after   32 iterations (in       1.26 seconds).
Energy increase is detected. Turn on the linear mixing algorithm with (H[DIIS, i-1] + H[DIIS, i+1]).
Prev_Energies: (   -238.35041216,    -238.35040449)
SCF Change: DM 1.12174e-4; eev 8.19588e-4 Ha; etot 7.67053e-6 Ha
Energy:    -238.3504044937 Ha after   33 iterations (in       1.15 seconds).
Energy increase is detected. Turn on the linear mixing algorithm with (H[DIIS, i-1] + H[DIIS, i+1]).
Prev_Energies: (   -238.35040449,    -238.35038948)
SCF Change: DM 1.46565e-4; eev 1.05528e-3 Ha; etot 1.50159e-5 Ha
Energy:    -238.3503894778 Ha after   34 iterations (in       1.19 seconds).
Energy increase is detected. Turn on the linear mixing algorithm with (H[DIIS, i-1] + H[DIIS, i+1]).
Prev_Energies: (   -238.35038948,    -238.35037073)
SCF Change: DM 1.01129e-4; eev 7.15545e-4 Ha; etot 1.87461e-5 Ha
Energy:    -238.3503707317 Ha after   35 iterations (in       1.36 seconds).
Energy increase is detected. Turn on the linear mixing algorithm with (H[DIIS, i-1] + H[DIIS, i+1]).
Prev_Energies: (   -238.35037073,    -238.35035890)
SCF Change: DM 1.04640e-4; eev 7.85151e-4 Ha; etot 1.18320e-5 Ha
Energy:    -238.3503588997 Ha after   36 iterations (in       1.44 seconds).
Energy increase is detected. Turn on the linear mixing algorithm with (H[DIIS, i-1] + H[DIIS, i+1]).
Prev_Energies: (   -238.35035890,    -238.35034711)
SCF Change: DM 1.12642e-4; eev 7.19329e-4 Ha; etot 1.17877e-5 Ha
Energy:    -238.3503471120 Ha after   37 iterations (in       1.26 seconds).
Energy increase is detected. Turn on the linear mixing algorithm with (H[DIIS, i-1] + H[DIIS, i+1]).
Prev_Energies: (   -238.35034711,    -238.35033581)
SCF Change: DM 1.23194e-4; eev 7.77457e-4 Ha; etot 1.12970e-5 Ha
Energy:    -238.3503358150 Ha after   38 iterations (in       1.18 seconds).
Energy increase is detected. Turn on the linear mixing algorithm with (H[DIIS, i-1] + H[DIIS, i+1]).
Prev_Energies: (   -238.35033581,    -238.35032475)
SCF Change: DM 1.00782e-4; eev 6.84885e-4 Ha; etot 1.10611e-5 Ha
Energy:    -238.3503247539 Ha after   39 iterations (in       1.30 seconds).
Energy increase is detected. Turn on the linear mixing algorithm with (H[DIIS, i-1] + H[DIIS, i+1]).
Prev_Energies: (   -238.35032475,    -238.35031666)
SCF Change: DM 1.16123e-4; eev 7.14506e-4 Ha; etot 8.09453e-6 Ha
Energy:    -238.3503166594 Ha after   40 iterations (in       1.21 seconds).
Energy increase is detected. Turn on the linear mixing algorithm with (H[DIIS, i-1] + H[DIIS, i+1]).
Prev_Energies: (   -238.35031666,    -238.35030872)
SCF Change: DM 7.45535e-5; eev 4.74435e-4 Ha; etot 7.93893e-6 Ha
Energy:    -238.3503087204 Ha after   41 iterations (in       1.17 seconds).
Energy increase is detected. Turn on the linear mixing algorithm with (H[DIIS, i-1] + H[DIIS, i+1]).
Prev_Energies: (   -238.35030872,    -238.35030557)
SCF Change: DM 8.18890e-5; eev 5.14945e-4 Ha; etot 3.14729e-6 Ha
Energy:    -238.3503055731 Ha after   42 iterations (in       1.40 seconds).
Energy increase is detected. Turn on the linear mixing algorithm with (H[DIIS, i-1] + H[DIIS, i+1]).
Prev_Energies: (   -238.35030557,    -238.35030122)
SCF Change: DM 5.17797e-5; eev 3.51539e-4 Ha; etot 4.35345e-6 Ha
Energy:    -238.3503012197 Ha after   43 iterations (in       1.19 seconds).
Energy increase is detected. Turn on the linear mixing algorithm with (H[DIIS, i-1] + H[DIIS, i+1]).
Prev_Energies: (   -238.35030122,    -238.35030071)
SCF Change: DM 1.01977e-4; eev 6.61026e-4 Ha; etot 5.13979e-7 Ha
Energy:    -238.3503007057 Ha after   44 iterations (in       1.22 seconds).
Energy increase is detected. Turn on the linear mixing algorithm with (H[DIIS, i-1] + H[DIIS, i+1]).
Prev_Energies: (   -238.35030071,    -238.35029743)
SCF Change: DM 2.14276e-5; eev 1.37597e-4 Ha; etot 3.27665e-6 Ha
Energy:    -238.3502974290 Ha after   45 iterations (in       1.46 seconds).
SCF Change: DM 5.76321e-4; eev 3.59294e-3 Ha; etot -2.69338e-7 Ha
Energy:    -238.3502976984 Ha after   46 iterations (in       1.18 seconds).
Energy increase is detected. Turn on the linear mixing algorithm with (H[DIIS, i-1] + H[DIIS, i+1]).
Prev_Energies: (   -238.35029770,    -238.35029215)
SCF Change: DM 4.54726e-4; eev 2.84777e-3 Ha; etot 5.55021e-6 Ha
Energy:    -238.3502921482 Ha after   47 iterations (in       1.23 seconds).
SCF Change: DM 4.93423e-4; eev 3.07295e-3 Ha; etot -3.41649e-6 Ha
Energy:    -238.3502955647 Ha after   48 iterations (in       1.17 seconds).
Energy increase is detected. Turn on the linear mixing algorithm with (H[DIIS, i-1] + H[DIIS, i+1]).
Prev_Energies: (   -238.35029556,    -238.35029208)
SCF Change: DM 3.92015e-4; eev 2.45748e-3 Ha; etot 3.48592e-6 Ha
Energy:    -238.3502920787 Ha after   49 iterations (in       1.34 seconds).
SCF Change: DM 4.01360e-4; eev 2.47453e-3 Ha; etot -1.94322e-6 Ha
Energy:    -238.3502940220 Ha after   50 iterations (in       1.32 seconds).
Energy increase is detected. Turn on the linear mixing algorithm with (H[DIIS, i-1] + H[DIIS, i+1]).
Prev_Energies: (   -238.35029402,    -238.35029215)
SCF Change: DM 3.20528e-4; eev 1.98601e-3 Ha; etot 1.87678e-6 Ha
Energy:    -238.3502921452 Ha after   51 iterations (in       1.22 seconds).
SCF Change: DM 3.41160e-4; eev 2.08694e-3 Ha; etot -9.77773e-7 Ha
Energy:    -238.3502931230 Ha after   52 iterations (in       1.22 seconds).
Energy increase is detected. Turn on the linear mixing algorithm with (H[DIIS, i-1] + H[DIIS, i+1]).
Prev_Energies: (   -238.35029312,    -238.35029235)
SCF Change: DM 2.73190e-4; eev 1.67649e-3 Ha; etot 7.76460e-7 Ha
Energy:    -238.3502923465 Ha after   53 iterations (in       1.28 seconds).
SCF Change: DM 2.76788e-4; eev 1.67103e-3 Ha; etot -3.20672e-7 Ha
Energy:    -238.3502926672 Ha after   54 iterations (in       1.23 seconds).
Energy increase is detected. Turn on the linear mixing algorithm with (H[DIIS, i-1] + H[DIIS, i+1]).
Prev_Energies: (   -238.35029267,    -238.35029244)
SCF Change: DM 2.22908e-4; eev 1.34380e-3 Ha; etot 2.29232e-7 Ha
Energy:    -238.3502924379 Ha after   55 iterations (in       1.17 seconds).
SCF Change: DM 2.12346e-4; eev 1.28369e-3 Ha; etot -6.04930e-8 Ha
Energy:    -238.3502924984 Ha after   56 iterations (in       1.14 seconds).
Energy increase is detected. Turn on the linear mixing algorithm with (H[DIIS, i-1] + H[DIIS, i+1]).
Prev_Energies: (   -238.35029250,    -238.35029241)
SCF Change: DM 1.70082e-4; eev 1.02879e-3 Ha; etot 8.48759e-8 Ha
Energy:    -238.3502924136 Ha after   57 iterations (in       1.22 seconds).
Energy increase is detected. Turn on the linear mixing algorithm with (H[DIIS, i-1] + H[DIIS, i+1]).
Prev_Energies: (   -238.35029241,    -238.35029241)
SCF Change: DM 1.69079e-4; eev 1.02175e-3 Ha; etot 7.18822e-9 Ha
Energy:    -238.3502924064 Ha after   58 iterations (in       1.20 seconds).
SCF Change: DM 1.56947e-5; eev 1.12849e-4 Ha; etot -6.38690e-9 Ha
Energy:    -238.3502924128 Ha after   59 iterations (in       1.19 seconds).
Energy increase is detected. Turn on the linear mixing algorithm with (H[DIIS, i-1] + H[DIIS, i+1]).
Prev_Energies: (   -238.35029241,    -238.35029241)
SCF Change: DM 1.00882e-5; eev 7.54944e-5 Ha; etot 7.52487e-9 Ha
Energy:    -238.3502924052 Ha after   60 iterations (in       1.27 seconds).
SCF Change: DM 2.46697e-5; eev 1.66697e-4 Ha; etot -5.70145e-9 Ha
Energy:    -238.3502924109 Ha after   61 iterations (in       1.18 seconds).
Energy increase is detected. Turn on the linear mixing algorithm with (H[DIIS, i-1] + H[DIIS, i+1]).
Prev_Energies: (   -238.35029241,    -238.35029241)
SCF Change: DM 2.02730e-5; eev 1.38176e-4 Ha; etot 4.60443e-9 Ha
Energy:    -238.3502924063 Ha after   62 iterations (in       1.19 seconds).
SCF Change: DM 1.59864e-5; eev 1.06393e-4 Ha; etot -3.13543e-9 Ha
Energy:    -238.3502924095 Ha after   63 iterations (in       1.29 seconds).
Energy increase is detected. Turn on the linear mixing algorithm with (H[DIIS, i-1] + H[DIIS, i+1]).
Prev_Energies: (   -238.35029241,    -238.35029241)
SCF Change: DM 1.30424e-5; eev 8.72600e-5 Ha; etot 1.67469e-9 Ha
Energy:    -238.3502924078 Ha after   64 iterations (in       1.32 seconds).
SCF Change: DM 1.17061e-5; eev 7.68272e-5 Ha; etot -1.14417e-9 Ha
Energy:    -238.3502924089 Ha after   65 iterations (in       1.18 seconds).
Energy increase is detected. Turn on the linear mixing algorithm with (H[DIIS, i-1] + H[DIIS, i+1]).
Prev_Energies: (   -238.35029241,    -238.35029241)
SCF Change: DM 9.33206e-6; eev 6.12527e-5 Ha; etot 9.48518e-10 Ha
Energy:    -238.3502924080 Ha after   66 iterations (in       1.16 seconds).
SCF Change: DM 9.53026e-6; eev 6.24934e-5 Ha; etot -5.93502e-10 Ha
Energy:    -238.3502924086 Ha after   67 iterations (in       1.18 seconds).
Energy increase is detected. Turn on the linear mixing algorithm with (H[DIIS, i-1] + H[DIIS, i+1]).
Prev_Energies: (   -238.35029241,    -238.35029241)
SCF Change: DM 7.62706e-6; eev 5.00005e-5 Ha; etot 6.00124e-10 Ha
Energy:    -238.3502924080 Ha after   68 iterations (in       1.16 seconds).
SCF Change: DM 7.67343e-6; eev 5.03229e-5 Ha; etot -3.72012e-10 Ha
Energy:    -238.3502924083 Ha after   69 iterations (in       1.18 seconds).
Energy increase is detected. Turn on the linear mixing algorithm with (H[DIIS, i-1] + H[DIIS, i+1]).
Prev_Energies: (   -238.35029241,    -238.35029241)
SCF Change: DM 6.14147e-6; eev 4.02672e-5 Ha; etot 3.65105e-10 Ha
Energy:    -238.3502924080 Ha after   70 iterations (in       1.18 seconds).
SCF Change: DM 6.11353e-6; eev 4.01263e-5 Ha; etot -2.19899e-10 Ha
Energy:    -238.3502924082 Ha after   71 iterations (in       1.18 seconds).
Energy increase is detected. Turn on the linear mixing algorithm with (H[DIIS, i-1] + H[DIIS, i+1]).
Prev_Energies: (   -238.35029241,    -238.35029241)
SCF Change: DM 4.89085e-6; eev 3.21054e-5 Ha; etot 2.10321e-10 Ha
Energy:    -238.3502924080 Ha after   72 iterations (in       1.20 seconds).
SCF Change: DM 4.86218e-6; eev 3.19021e-5 Ha; etot -1.25254e-10 Ha
Energy:    -238.3502924081 Ha after   73 iterations (in       1.24 seconds).
Energy increase is detected. Turn on the linear mixing algorithm with (H[DIIS, i-1] + H[DIIS, i+1]).
Prev_Energies: (   -238.35029241,    -238.35029241)
SCF Change: DM 3.88786e-6; eev 2.55118e-5 Ha; etot 1.27415e-10 Ha
Energy:    -238.3502924080 Ha after   74 iterations (in       1.19 seconds).
SCF Change: DM 3.87772e-6; eev 2.54094e-5 Ha; etot -6.96616e-11 Ha
Energy:    -238.3502924081 Ha after   75 iterations (in       1.14 seconds).
Energy increase is detected. Turn on the linear mixing algorithm with (H[DIIS, i-1] + H[DIIS, i+1]).
Prev_Energies: (   -238.35029241,    -238.35029241)
SCF Change: DM 3.10327e-6; eev 2.03356e-5 Ha; etot 7.21343e-11 Ha
Energy:    -238.3502924080 Ha after   76 iterations (in       1.18 seconds).
SCF Change: DM 3.09865e-6; eev 2.03001e-5 Ha; etot -5.02212e-11 Ha
Energy:    -238.3502924080 Ha after   77 iterations (in       1.21 seconds).
Energy increase is detected. Turn on the linear mixing algorithm with (H[DIIS, i-1] + H[DIIS, i+1]).
Prev_Energies: (   -238.35029241,    -238.35029241)
SCF Change: DM 2.47889e-6; eev 1.62398e-5 Ha; etot 4.85159e-11 Ha
Energy:    -238.3502924080 Ha after   78 iterations (in       1.56 seconds).
SCF Change: DM 2.47989e-6; eev 1.62452e-5 Ha; etot -2.78249e-11 Ha
Energy:    -238.3502924080 Ha after   79 iterations (in       1.25 seconds).
Energy increase is detected. Turn on the linear mixing algorithm with (H[DIIS, i-1] + H[DIIS, i+1]).
Prev_Energies: (   -238.35029241,    -238.35029241)
SCF Change: DM 1.98397e-6; eev 1.29965e-5 Ha; etot 3.71188e-11 Ha
Energy:    -238.3502924080 Ha after   80 iterations (in       1.19 seconds).
SCF Change: DM 1.98436e-6; eev 1.29981e-5 Ha; etot -2.44427e-11 Ha
Energy:    -238.3502924080 Ha after   81 iterations (in       1.28 seconds).
Energy increase is detected. Turn on the linear mixing algorithm with (H[DIIS, i-1] + H[DIIS, i+1]).
Prev_Energies: (   -238.35029241,    -238.35029241)
SCF Change: DM 1.58742e-6; eev 1.03980e-5 Ha; etot 1.19655e-11 Ha
Energy:    -238.3502924080 Ha after   82 iterations (in       1.15 seconds).
Energy increase is detected. Turn on the linear mixing algorithm with (H[DIIS, i-1] + H[DIIS, i+1]).
Prev_Energies: (   -238.35029241,    -238.35029241)
SCF Change: DM 1.58756e-6; eev 1.03989e-5 Ha; etot 6.25278e-12 Ha
Energy:    -238.3502924080 Ha after   83 iterations (in       1.37 seconds).
SCF Change: DM 1.22722e-9; eev 8.60022e-9 Ha; etot -2.27374e-13 Ha
Energy:    -238.3502924080 Ha after   84 iterations (in       1.21 seconds).
SCF is converged after   84 iterations.
==========================================
Now evaluate the    PT2 correlation energy
==========================================
----------------------------------------------------------------------
Methods         :       Total Corr,          OS Corr,          SS Corr
----------------------------------------------------------------------
PT2             :      -1.56126963,      -1.20450135,      -0.35676829
----------------------------------------------------------------------
Fifth-rung correlation energy :      -0.525644387092 Ha
E[XYGJOS]=:    -237.72611408 Ha, Ex[HF]:     -31.71012463 Ha, Ec[PT2  ]:      -1.56126963 Ha
Mulliken population analysis:
  0-C  :  -0.246584
  1-H  :   0.072152
  2-C  :   0.083375
  3-H  :   0.067188
  4-C  :  -0.164621
  5-C  :  -0.338487
  6-H  :   0.087272
  7-H  :   0.028685
  8-H  :   0.084641
  9-H  :   0.027414
 10-H  :   0.053050
 11-H  :   0.069372
 12-Br :   0.042752
 13-Br :   0.133790

====================================================
              REST: Mission accomplished
====================================================
The SCF energy        :    -238.3502924080 Ha
The (R)-xDH energy    :    -237.7261140805 Ha
Detailed time report:
SCF       |:  118.951 s for the scf procedure
Overall   |:  121.476 s for the whole job
PT2       |:    2.024 s for the PT2 evaluation
