=========================================================
Input parameters for the REST calculation
=========================================================
Calculation type: Single-point energy
The exchange-correlation method: xygjos
Print level:                1
The number of threads used for parallelism:      4
The spheric-GTO basis set is taken from /home/symei/def2-TZVPP-optuna-mixed
The pruning method is nwchem
The radial grid generation method is treutler
ERI Type: ri_v
Turn on the basis pair symmetry for RI 3D-tensors
The spheric-GTO auxiliary basis set is taken from /home/symei/def2-SV(P)-JKFIT
Spin polarization: Off
Charge:   0; Spin:   1
min_num_angular_points: 110
max_num_angular_points: 590
hardness: 3
Grid generation level: 3
Even tempered basis generation: false
SCF convergency thresholds: 1e-8 for density matrix
                            1e-8 Ha. for sum of eigenvalues
                            1e-8 Ha. for total energy
Max. SCF cycle number:      250
The diis mixing with (param, max_vec_len) = (0.2, 8) is employed for the SCF procedure
Turn on the diis mixing after 1 step(s) of SCF iteractions with the linear mixing
The specified checkfile exists but is not loaded because the keyword 'external_init_guess' is specified
It will be updated after the SCF procedure 
(none)
Initial guess is prepared by (sad).
It is a finite cluster calculation
the scf functional for 'xygjos' contains
The density functional 'B3LYP' belongs to the 'Hybrid GGA' family and is defined in the reference(s):
(0): P. J. Stephens, F. J. Devlin, C. F. Chabalowski, and M. J. Frisch.,  J. Phys. Chem. 98, 11623 (1994)
the post-scf functional 'xygjos' is employed, which contains
The density functional 'Slater exchange' belongs to the 'LDA' family and is defined in the reference(s):
(0): P. A. M. Dirac.,  Math. Proc. Cambridge Philos. Soc. 26, 376 (1930)
(1): F. Bloch.,  Z. Phys. 57, 545 (1929)
The density functional 'Becke 88' belongs to the 'GGA' family and is defined in the reference(s):
(0): A. D. Becke.,  Phys. Rev. A 38, 3098 (1988)
The density functional 'Vosko, Wilk & Nusair (VWN5_RPA)' belongs to the 'LDA' family and is defined in the reference(s):
(0): S. H. Vosko, L. Wilk, and M. Nusair.,  Can. J. Phys. 58, 1200 (1980)
The density functional 'Lee, Yang & Parr' belongs to the 'GGA' family and is defined in the reference(s):
(0): C. Lee, W. Yang, and R. G. Parr.,  Phys. Rev. B 37, 785 (1988)
(1): B. Miehlich, A. Savin, H. Stoll, and H. Preuss.,  Chem. Phys. Lett. 157, 200 (1989)
<start_mo> for the frozen-core post-SCF methods 37 is smaller than the number of ecp orbitals 56. Set <start_mo> = 0
Libxc version used in REST: 7.0.0
nbas: 75, natm: 5 for standard basis sets
First valence state for the frozen-core algorithm:     0
final nbas: 340,final natm: 10
numbasis: 223, num_auxbas: 1139
Molecule_name: cbr4
Restricted Hartree-Fock (or Kohn-Sham) algorithm is invoked.
Nuc_energy:      94.14653564 Hartree
No ghost effective potential
No ghost point charges
Overlap matrix is nonsigular:
  Lowest eigenvalue:       0.00320099 with the total number of basis functions:    223
Grid size: 97518
Generate SAD of C
Generate SAD of Br
Initial guess HF energy:    -199.4698326171669009
The total energy:      -199.7725577528 Ha by the initial guess
Energy:    -194.2938699372 Ha after    1 iterations (in       0.54 seconds).
SCF Change: DM 2.97949e-2; eev  8.26687e0 Ha; etot  9.43821e0 Ha
Energy:    -184.8556591617 Ha after    2 iterations (in       0.47 seconds).
SCF Change: DM 2.29616e-2; eev  2.56266e0 Ha; etot -1.36668e1 Ha
Energy:    -198.5224892804 Ha after    3 iterations (in       0.51 seconds).
SCF Change: DM 1.09552e-2; eev  2.37706e0 Ha; etot 7.95270e-1 Ha
Energy:    -197.7272189909 Ha after    4 iterations (in       0.65 seconds).
SCF Change: DM 1.08579e-2; eev 6.46619e-1 Ha; etot -2.00549e0 Ha
Energy:    -199.7327132932 Ha after    5 iterations (in       0.64 seconds).
SCF Change: DM 1.22750e-2; eev 2.73872e-1 Ha; etot -1.65131e-1 Ha
Energy:    -199.8978443423 Ha after    6 iterations (in       0.60 seconds).
SCF Change: DM 7.68937e-3; eev 3.79425e-1 Ha; etot -1.76151e-1 Ha
Energy:    -200.0739957121 Ha after    7 iterations (in       0.56 seconds).
SCF Change: DM 4.98808e-3; eev 1.49859e-1 Ha; etot -3.22432e-1 Ha
Energy:    -200.3964278165 Ha after    8 iterations (in       0.59 seconds).
SCF Change: DM 3.15010e-3; eev 1.60429e-1 Ha; etot 4.48936e-2 Ha
Energy:    -200.3515342558 Ha after    9 iterations (in       0.49 seconds).
SCF Change: DM 4.33823e-4; eev 1.67514e-2 Ha; etot -7.38739e-2 Ha
Energy:    -200.4254081256 Ha after   10 iterations (in       0.55 seconds).
SCF Change: DM 6.41125e-4; eev 3.31485e-2 Ha; etot 5.83990e-4 Ha
Energy:    -200.4248241353 Ha after   11 iterations (in       0.48 seconds).
SCF Change: DM 2.76107e-4; eev 1.85464e-2 Ha; etot -5.05988e-3 Ha
Energy:    -200.4298840178 Ha after   12 iterations (in       0.53 seconds).
SCF Change: DM 1.40260e-4; eev 1.51754e-2 Ha; etot -1.02832e-3 Ha
Energy:    -200.4309123338 Ha after   13 iterations (in       0.57 seconds).
SCF Change: DM 1.09918e-4; eev 7.15582e-3 Ha; etot -4.89291e-4 Ha
Energy:    -200.4314016249 Ha after   14 iterations (in       0.61 seconds).
SCF Change: DM 5.66100e-5; eev 2.40643e-3 Ha; etot -1.02594e-4 Ha
Energy:    -200.4315042184 Ha after   15 iterations (in       0.64 seconds).
SCF Change: DM 8.39313e-5; eev 2.53279e-4 Ha; etot -9.98616e-6 Ha
Energy:    -200.4315142046 Ha after   16 iterations (in       0.59 seconds).
SCF Change: DM 3.52953e-5; eev 1.18498e-4 Ha; etot -1.04086e-5 Ha
Energy:    -200.4315246132 Ha after   17 iterations (in       0.62 seconds).
SCF Change: DM 2.77921e-5; eev 1.15117e-4 Ha; etot -4.20855e-6 Ha
Energy:    -200.4315288218 Ha after   18 iterations (in       0.63 seconds).
SCF Change: DM 1.53323e-4; eev 4.68061e-4 Ha; etot 3.29575e-6 Ha
Energy:    -200.4315255260 Ha after   19 iterations (in       0.56 seconds).
SCF Change: DM 5.94584e-5; eev 2.23225e-4 Ha; etot -1.84619e-5 Ha
Energy:    -200.4315439879 Ha after   20 iterations (in       0.58 seconds).
SCF Change: DM 1.10275e-4; eev 3.56356e-4 Ha; etot -7.13282e-6 Ha
Energy:    -200.4315511207 Ha after   21 iterations (in       0.55 seconds).
Energy increase is detected. Turn on the linear mixing algorithm with (H[DIIS, i-1] + H[DIIS, i+1]).
Prev_Energies: (   -200.43155112,    -200.43153788)
SCF Change: DM 1.09326e-4; eev 3.53139e-4 Ha; etot 1.32448e-5 Ha
Energy:    -200.4315378759 Ha after   22 iterations (in       0.60 seconds).
SCF Change: DM 4.09293e-4; eev 1.13979e-3 Ha; etot -1.31345e-5 Ha
Energy:    -200.4315510104 Ha after   23 iterations (in       0.52 seconds).
Energy increase is detected. Turn on the linear mixing algorithm with (H[DIIS, i-1] + H[DIIS, i+1]).
Prev_Energies: (   -200.43155101,    -200.43150182)
SCF Change: DM 2.91208e-4; eev 8.02966e-4 Ha; etot 4.91896e-5 Ha
Energy:    -200.4315018209 Ha after   24 iterations (in       0.59 seconds).
SCF Change: DM 5.66722e-4; eev 1.58739e-3 Ha; etot -3.50158e-5 Ha
Energy:    -200.4315368367 Ha after   25 iterations (in       0.60 seconds).
Energy increase is detected. Turn on the linear mixing algorithm with (H[DIIS, i-1] + H[DIIS, i+1]).
Prev_Energies: (   -200.43153684,    -200.43146874)
SCF Change: DM 4.97279e-4; eev 1.40220e-3 Ha; etot 6.80940e-5 Ha
Energy:    -200.4314687427 Ha after   26 iterations (in       0.57 seconds).
SCF Change: DM 5.87536e-4; eev 1.61010e-3 Ha; etot -5.97288e-5 Ha
Energy:    -200.4315284715 Ha after   27 iterations (in       0.62 seconds).
Energy increase is detected. Turn on the linear mixing algorithm with (H[DIIS, i-1] + H[DIIS, i+1]).
Prev_Energies: (   -200.43152847,    -200.43145810)
SCF Change: DM 4.69480e-4; eev 1.29321e-3 Ha; etot 7.03709e-5 Ha
Energy:    -200.4314581006 Ha after   28 iterations (in       0.54 seconds).
SCF Change: DM 1.42970e-3; eev 4.34681e-3 Ha; etot -5.61637e-5 Ha
Energy:    -200.4315142643 Ha after   29 iterations (in       0.59 seconds).
Energy increase is detected. Turn on the linear mixing algorithm with (H[DIIS, i-1] + H[DIIS, i+1]).
Prev_Energies: (   -200.43151426,    -200.43134538)
SCF Change: DM 1.46069e-3; eev 4.37893e-3 Ha; etot 1.68882e-4 Ha
Energy:    -200.4313453820 Ha after   30 iterations (in       0.60 seconds).
SCF Change: DM 2.44343e-5; eev 6.32113e-4 Ha; etot -1.72597e-4 Ha
Energy:    -200.4315179793 Ha after   31 iterations (in       0.55 seconds).
Energy increase is detected. Turn on the linear mixing algorithm with (H[DIIS, i-1] + H[DIIS, i+1]).
Prev_Energies: (   -200.43151798,    -200.43151735)
SCF Change: DM 6.18711e-5; eev 5.71641e-4 Ha; etot 6.29972e-7 Ha
Energy:    -200.4315173493 Ha after   32 iterations (in       0.60 seconds).
SCF Change: DM 3.42253e-4; eev 1.12067e-3 Ha; etot -8.18320e-6 Ha
Energy:    -200.4315255325 Ha after   33 iterations (in       0.60 seconds).
SCF Change: DM 5.65558e-4; eev 1.64941e-3 Ha; etot -3.88149e-5 Ha
Energy:    -200.4315643473 Ha after   34 iterations (in       0.81 seconds).
SCF Change: DM 3.69794e-5; eev 4.43924e-4 Ha; etot -6.38154e-5 Ha
Energy:    -200.4316281628 Ha after   35 iterations (in       0.60 seconds).
Energy increase is detected. Turn on the linear mixing algorithm with (H[DIIS, i-1] + H[DIIS, i+1]).
Prev_Energies: (   -200.43162816,    -200.43162646)
SCF Change: DM 5.75336e-5; eev 2.47786e-4 Ha; etot 1.69875e-6 Ha
Energy:    -200.4316264640 Ha after   36 iterations (in       0.70 seconds).
SCF Change: DM 1.64167e-3; eev 5.46356e-3 Ha; etot -5.68722e-6 Ha
Energy:    -200.4316321513 Ha after   37 iterations (in       0.70 seconds).
SCF Change: DM 1.69516e-4; eev 9.81655e-4 Ha; etot -1.61140e-4 Ha
Energy:    -200.4317932913 Ha after   38 iterations (in       0.59 seconds).
Energy increase is detected. Turn on the linear mixing algorithm with (H[DIIS, i-1] + H[DIIS, i+1]).
Prev_Energies: (   -200.43179329,    -200.43177882)
SCF Change: DM 9.26958e-5; eev 9.85970e-4 Ha; etot 1.44677e-5 Ha
Energy:    -200.4317788236 Ha after   39 iterations (in       0.58 seconds).
SCF Change: DM 1.18366e-3; eev 4.58094e-3 Ha; etot -9.08399e-6 Ha
Energy:    -200.4317879076 Ha after   40 iterations (in       0.75 seconds).
SCF Change: DM 5.97927e-4; eev 2.86276e-3 Ha; etot -4.10512e-5 Ha
Energy:    -200.4318289588 Ha after   41 iterations (in       0.76 seconds).
Energy increase is detected. Turn on the linear mixing algorithm with (H[DIIS, i-1] + H[DIIS, i+1]).
Prev_Energies: (   -200.43182896,    -200.43182640)
SCF Change: DM 6.74238e-4; eev 2.92954e-3 Ha; etot 2.55961e-6 Ha
Energy:    -200.4318263992 Ha after   42 iterations (in       0.63 seconds).
SCF Change: DM 5.54323e-5; eev 2.00754e-3 Ha; etot -6.53512e-6 Ha
Energy:    -200.4318329343 Ha after   43 iterations (in       0.50 seconds).
SCF Change: DM 6.14556e-4; eev 1.74424e-3 Ha; etot -2.38893e-5 Ha
Energy:    -200.4318568236 Ha after   44 iterations (in       0.55 seconds).
SCF Change: DM 3.25625e-4; eev 5.58341e-4 Ha; etot -1.68273e-5 Ha
Energy:    -200.4318736509 Ha after   45 iterations (in       0.60 seconds).
SCF Change: DM 8.48304e-4; eev 2.17295e-3 Ha; etot -7.41189e-7 Ha
Energy:    -200.4318743921 Ha after   46 iterations (in       0.60 seconds).
Energy increase is detected. Turn on the linear mixing algorithm with (H[DIIS, i-1] + H[DIIS, i+1]).
Prev_Energies: (   -200.43187439,    -200.43186336)
SCF Change: DM 7.76149e-4; eev 1.98693e-3 Ha; etot 1.10343e-5 Ha
Energy:    -200.4318633578 Ha after   47 iterations (in       0.59 seconds).
SCF Change: DM 7.36200e-5; eev 7.16068e-4 Ha; etot -1.21735e-5 Ha
Energy:    -200.4318755313 Ha after   48 iterations (in       0.56 seconds).
SCF Change: DM 1.57939e-4; eev 2.97215e-4 Ha; etot -1.50674e-6 Ha
Energy:    -200.4318770381 Ha after   49 iterations (in       0.56 seconds).
Energy increase is detected. Turn on the linear mixing algorithm with (H[DIIS, i-1] + H[DIIS, i+1]).
Prev_Energies: (   -200.43187704,    -200.43187578)
SCF Change: DM 1.41713e-4; eev 2.51662e-4 Ha; etot 1.25989e-6 Ha
Energy:    -200.4318757782 Ha after   50 iterations (in       0.52 seconds).
SCF Change: DM 7.96339e-5; eev 1.53751e-4 Ha; etot -1.20264e-6 Ha
Energy:    -200.4318769808 Ha after   51 iterations (in       0.53 seconds).
SCF Change: DM 9.30874e-5; eev 6.38668e-5 Ha; etot -4.36652e-7 Ha
Energy:    -200.4318774175 Ha after   52 iterations (in       0.49 seconds).
SCF Change: DM 2.24164e-5; eev 4.91048e-5 Ha; etot -1.58901e-7 Ha
Energy:    -200.4318775764 Ha after   53 iterations (in       0.52 seconds).
SCF Change: DM 8.67536e-7; eev 1.33918e-5 Ha; etot -4.07459e-9 Ha
Energy:    -200.4318775804 Ha after   54 iterations (in       0.57 seconds).
SCF Change: DM 1.87526e-5; eev 1.53633e-5 Ha; etot -2.24321e-9 Ha
Energy:    -200.4318775827 Ha after   55 iterations (in       0.61 seconds).
SCF Change: DM 2.42841e-6; eev 3.45180e-6 Ha; etot -1.07026e-8 Ha
Energy:    -200.4318775934 Ha after   56 iterations (in       0.65 seconds).
SCF Change: DM 1.71288e-5; eev 2.24705e-5 Ha; etot -6.90031e-9 Ha
Energy:    -200.4318776003 Ha after   57 iterations (in       0.71 seconds).
SCF Change: DM 1.40502e-5; eev 1.91467e-5 Ha; etot -4.12832e-8 Ha
Energy:    -200.4318776416 Ha after   58 iterations (in       0.65 seconds).
Energy increase is detected. Turn on the linear mixing algorithm with (H[DIIS, i-1] + H[DIIS, i+1]).
Prev_Energies: (   -200.43187764,    -200.43187763)
SCF Change: DM 1.40417e-5; eev 1.89921e-5 Ha; etot 1.33427e-8 Ha
Energy:    -200.4318776282 Ha after   59 iterations (in       0.51 seconds).
SCF Change: DM 2.85500e-5; eev 2.21533e-5 Ha; etot -1.97786e-8 Ha
Energy:    -200.4318776480 Ha after   60 iterations (in       0.56 seconds).
SCF Change: DM 1.54821e-5; eev 1.55354e-5 Ha; etot -3.25001e-8 Ha
Energy:    -200.4318776805 Ha after   61 iterations (in       0.51 seconds).
SCF Change: DM 8.59431e-6; eev 2.72392e-6 Ha; etot -1.25821e-8 Ha
Energy:    -200.4318776931 Ha after   62 iterations (in       0.57 seconds).
SCF Change: DM 2.60233e-6; eev 3.76751e-6 Ha; etot -3.87445e-9 Ha
Energy:    -200.4318776970 Ha after   63 iterations (in       0.51 seconds).
SCF Change: DM 3.95766e-6; eev 2.89456e-6 Ha; etot -1.34219e-9 Ha
Energy:    -200.4318776983 Ha after   64 iterations (in       0.52 seconds).
SCF Change: DM 1.74016e-6; eev 1.83879e-6 Ha; etot -1.86225e-9 Ha
Energy:    -200.4318777002 Ha after   65 iterations (in       0.53 seconds).
SCF Change: DM 5.11074e-6; eev 2.43979e-6 Ha; etot -1.03194e-9 Ha
Energy:    -200.4318777012 Ha after   66 iterations (in       0.58 seconds).
SCF Change: DM 6.65601e-6; eev 3.55758e-6 Ha; etot -3.07645e-9 Ha
Energy:    -200.4318777043 Ha after   67 iterations (in       0.68 seconds).
SCF Change: DM 2.58227e-6; eev 1.01177e-6 Ha; etot -2.72982e-9 Ha
Energy:    -200.4318777070 Ha after   68 iterations (in       0.64 seconds).
SCF Change: DM 3.18675e-6; eev 1.44583e-6 Ha; etot -6.48441e-10 Ha
Energy:    -200.4318777076 Ha after   69 iterations (in       0.65 seconds).
SCF Change: DM 1.93244e-6; eev 9.60789e-7 Ha; etot -4.57248e-10 Ha
Energy:    -200.4318777081 Ha after   70 iterations (in       0.58 seconds).
SCF Change: DM 4.53957e-7; eev 4.69118e-7 Ha; etot -8.87610e-11 Ha
Energy:    -200.4318777082 Ha after   71 iterations (in       0.57 seconds).
SCF Change: DM 4.03106e-8; eev 1.78504e-7 Ha; etot -2.04636e-12 Ha
Energy:    -200.4318777082 Ha after   72 iterations (in       0.61 seconds).
SCF Change: DM 1.63494e-7; eev 2.62587e-7 Ha; etot -3.83693e-12 Ha
Energy:    -200.4318777082 Ha after   73 iterations (in       0.53 seconds).
Energy increase is detected. Turn on the linear mixing algorithm with (H[DIIS, i-1] + H[DIIS, i+1]).
Prev_Energies: (   -200.43187771,    -200.43187771)
SCF Change: DM 1.39866e-7; eev 2.63387e-7 Ha; etot 1.27898e-12 Ha
Energy:    -200.4318777082 Ha after   74 iterations (in       0.61 seconds).
SCF Change: DM 1.03158e-7; eev 8.99385e-8 Ha; etot -3.41061e-12 Ha
Energy:    -200.4318777082 Ha after   75 iterations (in       0.65 seconds).
SCF Change: DM 9.72772e-8; eev 4.00263e-8 Ha; etot -3.97904e-13 Ha
Energy:    -200.4318777082 Ha after   76 iterations (in       0.62 seconds).
SCF Change: DM 1.33661e-7; eev 4.71275e-8 Ha; etot -2.67164e-12 Ha
Energy:    -200.4318777082 Ha after   77 iterations (in       0.58 seconds).
SCF Change: DM 1.21565e-7; eev 6.02256e-8 Ha; etot -2.38742e-12 Ha
Energy:    -200.4318777082 Ha after   78 iterations (in       0.65 seconds).
Energy increase is detected. Turn on the linear mixing algorithm with (H[DIIS, i-1] + H[DIIS, i+1]).
Prev_Energies: (   -200.43187771,    -200.43187771)
SCF Change: DM 7.94756e-8; eev 4.46352e-8 Ha; etot 1.27898e-12 Ha
Energy:    -200.4318777082 Ha after   79 iterations (in       0.69 seconds).
SCF Change: DM 3.25173e-7; eev 1.28099e-7 Ha; etot -6.25278e-13 Ha
Energy:    -200.4318777082 Ha after   80 iterations (in       0.65 seconds).
SCF Change: DM 2.05975e-8; eev 3.56905e-8 Ha; etot -2.44427e-12 Ha
Energy:    -200.4318777082 Ha after   81 iterations (in       0.51 seconds).
Energy increase is detected. Turn on the linear mixing algorithm with (H[DIIS, i-1] + H[DIIS, i+1]).
Prev_Energies: (   -200.43187771,    -200.43187771)
SCF Change: DM 2.38883e-8; eev 2.54073e-8 Ha; etot 3.12639e-13 Ha
Energy:    -200.4318777082 Ha after   82 iterations (in       0.56 seconds).
SCF Change: DM 2.28178e-7; eev 1.27890e-7 Ha; etot -8.81073e-13 Ha
Energy:    -200.4318777082 Ha after   83 iterations (in       0.48 seconds).
SCF Change: DM 6.67359e-8; eev 1.04761e-7 Ha; etot -2.70006e-12 Ha
Energy:    -200.4318777082 Ha after   84 iterations (in       0.57 seconds).
SCF Change: DM 2.21680e-7; eev 1.18855e-7 Ha; etot -3.35376e-12 Ha
Energy:    -200.4318777082 Ha after   85 iterations (in       0.60 seconds).
Energy increase is detected. Turn on the linear mixing algorithm with (H[DIIS, i-1] + H[DIIS, i+1]).
Prev_Energies: (   -200.43187771,    -200.43187771)
SCF Change: DM 1.78079e-7; eev 1.00262e-7 Ha; etot 3.95062e-12 Ha
Energy:    -200.4318777082 Ha after   86 iterations (in       0.53 seconds).
SCF Change: DM 2.26870e-7; eev 1.00907e-7 Ha; etot -5.00222e-12 Ha
Energy:    -200.4318777082 Ha after   87 iterations (in       0.52 seconds).
Energy increase is detected. Turn on the linear mixing algorithm with (H[DIIS, i-1] + H[DIIS, i+1]).
Prev_Energies: (   -200.43187771,    -200.43187771)
SCF Change: DM 1.79185e-7; eev 8.04701e-8 Ha; etot 1.98952e-12 Ha
Energy:    -200.4318777082 Ha after   88 iterations (in       0.57 seconds).
Energy increase is detected. Turn on the linear mixing algorithm with (H[DIIS, i-1] + H[DIIS, i+1]).
Prev_Energies: (   -200.43187771,    -200.43187771)
SCF Change: DM 1.79193e-7; eev 7.93875e-8 Ha; etot 2.41585e-12 Ha
Energy:    -200.4318777082 Ha after   89 iterations (in       0.56 seconds).
SCF Change: DM 1.12205e-8; eev 7.94528e-9 Ha; etot -3.18323e-12 Ha
Energy:    -200.4318777082 Ha after   90 iterations (in       0.55 seconds).
Energy increase is detected. Turn on the linear mixing algorithm with (H[DIIS, i-1] + H[DIIS, i+1]).
Prev_Energies: (   -200.43187771,    -200.43187771)
SCF Change: DM 8.86337e-9; eev 6.64316e-9 Ha; etot 3.69482e-13 Ha
Energy:    -200.4318777082 Ha after   91 iterations (in       0.55 seconds).
SCF is converged after   91 iterations.
==========================================
Now evaluate the    PT2 correlation energy
==========================================
----------------------------------------------------------------------
Methods         :       Total Corr,          OS Corr,          SS Corr
----------------------------------------------------------------------
PT2             :      -1.53892295,      -1.12871650,      -0.41020646
----------------------------------------------------------------------
Fifth-rung correlation energy :      -0.492571879424 Ha
E[XYGJOS]=:    -199.99834898 Ha, Ex[HF]:     -21.16133848 Ha, Ec[PT2  ]:      -1.53892295 Ha
Mulliken population analysis:
  0-C  :  -0.454786
  1-Br :   0.113650
  2-Br :   0.113744
  3-Br :   0.113700
  4-Br :   0.113692

====================================================
              REST: Mission accomplished
====================================================
The SCF energy        :    -200.4318777082 Ha
The (R)-xDH energy    :    -199.9983489778 Ha
Detailed time report:
Overall   |:   62.473 s for the whole job
PT2       |:    0.846 s for the PT2 evaluation
SCF       |:   60.912 s for the scf procedure
