=========================================================
Input parameters for the REST calculation
=========================================================
Calculation type: Single-point energy
The exchange-correlation method: xygjos
Print level:                1
The number of threads used for parallelism:      4
The spheric-GTO basis set is taken from /home/symei/def2-TZVPP-optuna-mixed
The pruning method is nwchem
The radial grid generation method is treutler
ERI Type: ri_v
Turn on the basis pair symmetry for RI 3D-tensors
The spheric-GTO auxiliary basis set is taken from /home/symei/def2-SV(P)-JKFIT
Spin polarization: Off
Charge:   0; Spin:   1
min_num_angular_points: 110
max_num_angular_points: 590
hardness: 3
Grid generation level: 3
Even tempered basis generation: false
SCF convergency thresholds: 1e-8 for density matrix
                            1e-8 Ha. for sum of eigenvalues
                            1e-8 Ha. for total energy
Max. SCF cycle number:      250
The diis mixing with (param, max_vec_len) = (0.2, 8) is employed for the SCF procedure
Turn on the diis mixing after 1 step(s) of SCF iteractions with the linear mixing
The specified checkfile exists but is not loaded because the keyword 'external_init_guess' is specified
It will be updated after the SCF procedure 
(none)
Initial guess is prepared by (sad).
It is a finite cluster calculation
the scf functional for 'xygjos' contains
The density functional 'B3LYP' belongs to the 'Hybrid GGA' family and is defined in the reference(s):
(0): P. J. Stephens, F. J. Devlin, C. F. Chabalowski, and M. J. Frisch.,  J. Phys. Chem. 98, 11623 (1994)
the post-scf functional 'xygjos' is employed, which contains
The density functional 'Slater exchange' belongs to the 'LDA' family and is defined in the reference(s):
(0): P. A. M. Dirac.,  Math. Proc. Cambridge Philos. Soc. 26, 376 (1930)
(1): F. Bloch.,  Z. Phys. 57, 545 (1929)
The density functional 'Becke 88' belongs to the 'GGA' family and is defined in the reference(s):
(0): A. D. Becke.,  Phys. Rev. A 38, 3098 (1988)
The density functional 'Vosko, Wilk & Nusair (VWN5_RPA)' belongs to the 'LDA' family and is defined in the reference(s):
(0): S. H. Vosko, L. Wilk, and M. Nusair.,  Can. J. Phys. 58, 1200 (1980)
The density functional 'Lee, Yang & Parr' belongs to the 'GGA' family and is defined in the reference(s):
(0): C. Lee, W. Yang, and R. G. Parr.,  Phys. Rev. B 37, 785 (1988)
(1): B. Miehlich, A. Savin, H. Stoll, and H. Preuss.,  Chem. Phys. Lett. 157, 200 (1989)
<start_mo> for the frozen-core post-SCF methods 20 is smaller than the number of ecp orbitals 28. Set <start_mo> = 0
Libxc version used in REST: 7.0.0
nbas: 78, natm: 8 for standard basis sets
First valence state for the frozen-core algorithm:     0
final nbas: 272,final natm: 16
numbasis: 214, num_auxbas: 754
Molecule_name: cbrcbr
Restricted Hartree-Fock (or Kohn-Sham) algorithm is invoked.
Nuc_energy:      85.99082700 Hartree
No ghost effective potential
No ghost point charges
Overlap matrix is nonsigular:
  Lowest eigenvalue:       0.00035717 with the total number of basis functions:    214
Grid size: 109708
Generate SAD of C
Generate SAD of H
Generate SAD of Br
Initial guess HF energy:    -159.6634243034905580
The total energy:      -159.3648803899 Ha by the initial guess
Energy:    -157.3634360398 Ha after    1 iterations (in       0.47 seconds).
SCF Change: DM 2.28281e-2; eev  6.40002e0 Ha; etot  8.47162e0 Ha
Energy:    -148.8918147565 Ha after    2 iterations (in       0.47 seconds).
SCF Change: DM 5.02648e-3; eev  1.34165e0 Ha; etot -1.05272e1 Ha
Energy:    -159.4189939971 Ha after    3 iterations (in       0.69 seconds).
SCF Change: DM 3.49475e-3; eev 8.51763e-1 Ha; etot -1.04137e-1 Ha
Energy:    -159.5231306487 Ha after    4 iterations (in       0.52 seconds).
SCF Change: DM 1.11511e-3; eev 2.83205e-1 Ha; etot -1.58600e-1 Ha
Energy:    -159.6817305614 Ha after    5 iterations (in       0.60 seconds).
SCF Change: DM 1.93050e-4; eev 6.47741e-2 Ha; etot -1.59886e-2 Ha
Energy:    -159.6977191786 Ha after    6 iterations (in       0.63 seconds).
SCF Change: DM 3.47779e-5; eev 1.09463e-2 Ha; etot -3.36384e-4 Ha
Energy:    -159.6980555630 Ha after    7 iterations (in       0.45 seconds).
SCF Change: DM 1.66232e-5; eev 1.00792e-3 Ha; etot -1.76420e-5 Ha
Energy:    -159.6980732050 Ha after    8 iterations (in       0.45 seconds).
SCF Change: DM 1.77348e-5; eev 2.09144e-4 Ha; etot -1.16768e-6 Ha
Energy:    -159.6980743727 Ha after    9 iterations (in       0.56 seconds).
SCF Change: DM 2.08788e-5; eev 1.36691e-4 Ha; etot -5.81963e-7 Ha
Energy:    -159.6980749547 Ha after   10 iterations (in       0.46 seconds).
SCF Change: DM 3.91987e-6; eev 6.47571e-6 Ha; etot -6.49899e-7 Ha
Energy:    -159.6980756045 Ha after   11 iterations (in       0.43 seconds).
SCF Change: DM 1.14646e-4; eev 1.15240e-4 Ha; etot -1.18470e-7 Ha
Energy:    -159.6980757230 Ha after   12 iterations (in       0.44 seconds).
SCF Change: DM 3.15239e-4; eev 3.22274e-4 Ha; etot 3.09191e-6 Ha
Energy:    -159.6980726311 Ha after   13 iterations (in       0.49 seconds).
SCF Change: DM 2.97753e-5; eev 7.70301e-5 Ha; etot 4.93211e-6 Ha
Energy:    -159.6980676990 Ha after   14 iterations (in       0.52 seconds).
SCF Change: DM 1.14943e-4; eev 1.33180e-4 Ha; etot 1.77313e-7 Ha
Energy:    -159.6980675217 Ha after   15 iterations (in       0.49 seconds).
SCF Change: DM 8.95175e-6; eev 4.88753e-5 Ha; etot 2.85427e-7 Ha
Energy:    -159.6980672363 Ha after   16 iterations (in       0.58 seconds).
SCF Change: DM 4.74261e-6; eev 1.25983e-5 Ha; etot -9.46329e-10 Ha
Energy:    -159.6980672372 Ha after   17 iterations (in       0.44 seconds).
SCF Change: DM 8.60124e-7; eev 1.12160e-5 Ha; etot 7.15090e-11 Ha
Energy:    -159.6980672371 Ha after   18 iterations (in       0.44 seconds).
SCF Change: DM 1.56953e-7; eev 8.03705e-7 Ha; etot -5.18412e-11 Ha
Energy:    -159.6980672372 Ha after   19 iterations (in       0.44 seconds).
SCF Change: DM 2.58706e-8; eev 4.33303e-7 Ha; etot -1.42109e-13 Ha
Energy:    -159.6980672372 Ha after   20 iterations (in       0.45 seconds).
Energy increase is detected. Turn on the linear mixing algorithm with (H[DIIS, i-1] + H[DIIS, i+1]).
Prev_Energies: (   -159.69806724,    -159.69806724)
SCF Change: DM 2.29734e-8; eev 3.50374e-7 Ha; etot 5.40012e-13 Ha
Energy:    -159.6980672372 Ha after   21 iterations (in       0.46 seconds).
Energy increase is detected. Turn on the linear mixing algorithm with (H[DIIS, i-1] + H[DIIS, i+1]).
Prev_Energies: (   -159.69806724,    -159.69806724)
SCF Change: DM 2.38213e-8; eev 3.48152e-7 Ha; etot 1.64846e-12 Ha
Energy:    -159.6980672372 Ha after   22 iterations (in       0.47 seconds).
SCF Change: DM 5.96758e-9; eev 3.24417e-8 Ha; etot -2.04636e-12 Ha
Energy:    -159.6980672372 Ha after   23 iterations (in       0.42 seconds).
SCF Change: DM 2.55573e-9; eev 3.17636e-9 Ha; etot -1.44951e-12 Ha
Energy:    -159.6980672372 Ha after   24 iterations (in       0.46 seconds).
SCF is converged after   24 iterations.
==========================================
Now evaluate the    PT2 correlation energy
==========================================
----------------------------------------------------------------------
Methods         :       Total Corr,          OS Corr,          SS Corr
----------------------------------------------------------------------
PT2             :      -0.93397271,      -0.73293583,      -0.20103688
----------------------------------------------------------------------
Fifth-rung correlation energy :      -0.319853194610 Ha
E[XYGJOS]=:    -159.28364441 Ha, Ex[HF]:     -19.94220238 Ha, Ec[PT2  ]:      -0.93397271 Ha
Mulliken population analysis:
  0-C  :  -0.335080
  1-H  :   0.113101
  2-H  :   0.113101
  3-C  :  -0.335080
  4-H  :   0.113101
  5-H  :   0.113101
  6-Br :   0.108878
  7-Br :   0.108878

====================================================
              REST: Mission accomplished
====================================================
The SCF energy        :    -159.6980672372 Ha
The (R)-xDH energy    :    -159.2836444071 Ha
Detailed time report:
PT2       |:    0.778 s for the PT2 evaluation
SCF       |:   18.019 s for the scf procedure
Overall   |:   19.543 s for the whole job
