=========================================================
Input parameters for the REST calculation
=========================================================
Calculation type: Single-point energy
The exchange-correlation method: xygjos
Print level:                1
The number of threads used for parallelism:      4
The spheric-GTO basis set is taken from /home/symei/def2-TZVPP-optuna-mixed
The pruning method is nwchem
The radial grid generation method is treutler
ERI Type: ri_v
Turn on the basis pair symmetry for RI 3D-tensors
The spheric-GTO auxiliary basis set is taken from /home/symei/def2-SV(P)-JKFIT
Spin polarization: Off
Charge:   0; Spin:   1
min_num_angular_points: 110
max_num_angular_points: 590
hardness: 3
Grid generation level: 3
Even tempered basis generation: false
SCF convergency thresholds: 1e-8 for density matrix
                            1e-8 Ha. for sum of eigenvalues
                            1e-8 Ha. for total energy
Max. SCF cycle number:      250
The diis mixing with (param, max_vec_len) = (0.2, 8) is employed for the SCF procedure
Turn on the diis mixing after 1 step(s) of SCF iteractions with the linear mixing
The specified checkfile exists but is not loaded because the keyword 'external_init_guess' is specified
It will be updated after the SCF procedure 
(none)
Initial guess is prepared by (sad).
It is a finite cluster calculation
the scf functional for 'xygjos' contains
The density functional 'B3LYP' belongs to the 'Hybrid GGA' family and is defined in the reference(s):
(0): P. J. Stephens, F. J. Devlin, C. F. Chabalowski, and M. J. Frisch.,  J. Phys. Chem. 98, 11623 (1994)
the post-scf functional 'xygjos' is employed, which contains
The density functional 'Slater exchange' belongs to the 'LDA' family and is defined in the reference(s):
(0): P. A. M. Dirac.,  Math. Proc. Cambridge Philos. Soc. 26, 376 (1930)
(1): F. Bloch.,  Z. Phys. 57, 545 (1929)
The density functional 'Becke 88' belongs to the 'GGA' family and is defined in the reference(s):
(0): A. D. Becke.,  Phys. Rev. A 38, 3098 (1988)
The density functional 'Vosko, Wilk & Nusair (VWN5_RPA)' belongs to the 'LDA' family and is defined in the reference(s):
(0): S. H. Vosko, L. Wilk, and M. Nusair.,  Can. J. Phys. 58, 1200 (1980)
The density functional 'Lee, Yang & Parr' belongs to the 'GGA' family and is defined in the reference(s):
(0): C. Lee, W. Yang, and R. G. Parr.,  Phys. Rev. B 37, 785 (1988)
(1): B. Miehlich, A. Savin, H. Stoll, and H. Preuss.,  Chem. Phys. Lett. 157, 200 (1989)
<start_mo> for the frozen-core post-SCF methods 12 is smaller than the number of ecp orbitals 14. Set <start_mo> = 0
Libxc version used in REST: 7.0.0
nbas: 91, natm: 11 for standard basis sets
First valence state for the frozen-core algorithm:     0
final nbas: 268,final natm: 22
numbasis: 239, num_auxbas: 617
Molecule_name: cccbr1
Restricted Hartree-Fock (or Kohn-Sham) algorithm is invoked.
Nuc_energy:     107.88470623 Hartree
No ghost effective potential
No ghost point charges
Overlap matrix is nonsigular:
  Lowest eigenvalue:       0.00026850 with the total number of basis functions:    239
Grid size: 132778
Generate SAD of C
Generate SAD of H
Generate SAD of Br
Initial guess HF energy:    -159.3092659827659645
The total energy:      -158.6490879681 Ha by the initial guess
Energy:    -156.0761451927 Ha after    1 iterations (in       0.49 seconds).
SCF Change: DM 1.89982e-2; eev  6.76758e0 Ha; etot  5.59852e0 Ha
Energy:    -150.4776240683 Ha after    2 iterations (in       0.56 seconds).
SCF Change: DM 6.81213e-3; eev  1.29014e0 Ha; etot -8.52850e0 Ha
Energy:    -159.0061253964 Ha after    3 iterations (in       0.48 seconds).
SCF Change: DM 1.51580e-3; eev 3.97405e-1 Ha; etot -3.80648e-2 Ha
Energy:    -159.0441902191 Ha after    4 iterations (in       0.52 seconds).
SCF Change: DM 5.18863e-4; eev 1.56073e-1 Ha; etot -5.66363e-2 Ha
Energy:    -159.1008265542 Ha after    5 iterations (in       0.56 seconds).
SCF Change: DM 2.45748e-4; eev 6.28319e-2 Ha; etot -4.55117e-3 Ha
Energy:    -159.1053777225 Ha after    6 iterations (in       0.47 seconds).
SCF Change: DM 8.91488e-5; eev 1.73134e-2 Ha; etot -4.21529e-4 Ha
Energy:    -159.1057992519 Ha after    7 iterations (in       0.48 seconds).
SCF Change: DM 6.14393e-5; eev 4.80162e-3 Ha; etot -1.15133e-4 Ha
Energy:    -159.1059143850 Ha after    8 iterations (in       0.50 seconds).
SCF Change: DM 4.87191e-5; eev 7.71693e-4 Ha; etot -1.19737e-5 Ha
Energy:    -159.1059263588 Ha after    9 iterations (in       0.55 seconds).
SCF Change: DM 4.36792e-5; eev 3.53921e-4 Ha; etot -7.91986e-6 Ha
Energy:    -159.1059342786 Ha after   10 iterations (in       0.57 seconds).
SCF Change: DM 1.68388e-4; eev 1.17998e-3 Ha; etot -6.85094e-6 Ha
Energy:    -159.1059411296 Ha after   11 iterations (in       0.52 seconds).
SCF Change: DM 1.41010e-3; eev 1.00526e-2 Ha; etot 2.63126e-5 Ha
Energy:    -159.1059148169 Ha after   12 iterations (in       0.52 seconds).
SCF Change: DM 6.70598e-5; eev 4.95766e-4 Ha; etot 1.61027e-4 Ha
Energy:    -159.1057537901 Ha after   13 iterations (in       0.51 seconds).
SCF Change: DM 4.98243e-4; eev 3.17683e-3 Ha; etot -5.24322e-6 Ha
Energy:    -159.1057590333 Ha after   14 iterations (in       0.47 seconds).
SCF Change: DM 3.77524e-4; eev 2.57879e-3 Ha; etot -4.59353e-5 Ha
Energy:    -159.1058049685 Ha after   15 iterations (in       0.64 seconds).
SCF Change: DM 6.68670e-5; eev 4.17226e-4 Ha; etot -4.34559e-5 Ha
Energy:    -159.1058484245 Ha after   16 iterations (in       0.53 seconds).
SCF Change: DM 1.95031e-4; eev 1.31447e-3 Ha; etot -8.30870e-6 Ha
Energy:    -159.1058567332 Ha after   17 iterations (in       0.54 seconds).
SCF Change: DM 1.26635e-3; eev 8.50561e-3 Ha; etot 2.40166e-5 Ha
Energy:    -159.1058327166 Ha after   18 iterations (in       0.58 seconds).
SCF Change: DM 3.34624e-4; eev 2.74093e-3 Ha; etot 1.14923e-4 Ha
Energy:    -159.1057177935 Ha after   19 iterations (in       0.64 seconds).
SCF Change: DM 2.22495e-4; eev 1.11592e-3 Ha; etot -2.68785e-5 Ha
Energy:    -159.1057446720 Ha after   20 iterations (in       0.52 seconds).
Energy increase is detected. Turn on the linear mixing algorithm with (H[DIIS, i-1] + H[DIIS, i+1]).
Prev_Energies: (   -159.10574467,    -159.10573324)
SCF Change: DM 7.07153e-5; eev 4.71852e-4 Ha; etot 1.14285e-5 Ha
Energy:    -159.1057332435 Ha after   21 iterations (in       0.51 seconds).
SCF Change: DM 2.90470e-4; eev 1.71710e-3 Ha; etot -4.13448e-6 Ha
Energy:    -159.1057373779 Ha after   22 iterations (in       0.70 seconds).
Energy increase is detected. Turn on the linear mixing algorithm with (H[DIIS, i-1] + H[DIIS, i+1]).
Prev_Energies: (   -159.10573738,    -159.10573116)
SCF Change: DM 2.32572e-4; eev 1.14636e-3 Ha; etot 6.22098e-6 Ha
Energy:    -159.1057311570 Ha after   23 iterations (in       0.53 seconds).
SCF Change: DM 2.91246e-4; eev 2.37120e-3 Ha; etot -6.28185e-6 Ha
Energy:    -159.1057374388 Ha after   24 iterations (in       0.85 seconds).
Energy increase is detected. Turn on the linear mixing algorithm with (H[DIIS, i-1] + H[DIIS, i+1]).
Prev_Energies: (   -159.10573744,    -159.10573248)
SCF Change: DM 1.98655e-4; eev 1.74159e-3 Ha; etot 4.95402e-6 Ha
Energy:    -159.1057324848 Ha after   25 iterations (in       0.65 seconds).
SCF Change: DM 2.18599e-4; eev 2.81006e-3 Ha; etot -3.12731e-6 Ha
Energy:    -159.1057356121 Ha after   26 iterations (in       0.66 seconds).
Energy increase is detected. Turn on the linear mixing algorithm with (H[DIIS, i-1] + H[DIIS, i+1]).
Prev_Energies: (   -159.10573561,    -159.10573238)
SCF Change: DM 1.74158e-4; eev 2.31655e-3 Ha; etot 3.22737e-6 Ha
Energy:    -159.1057323847 Ha after   27 iterations (in       0.55 seconds).
SCF Change: DM 1.13878e-4; eev 2.05679e-3 Ha; etot -2.93552e-6 Ha
Energy:    -159.1057353203 Ha after   28 iterations (in       0.58 seconds).
Energy increase is detected. Turn on the linear mixing algorithm with (H[DIIS, i-1] + H[DIIS, i+1]).
Prev_Energies: (   -159.10573532,    -159.10573412)
SCF Change: DM 5.25333e-5; eev 1.62583e-3 Ha; etot 1.19986e-6 Ha
Energy:    -159.1057341204 Ha after   29 iterations (in       0.56 seconds).
Energy increase is detected. Turn on the linear mixing algorithm with (H[DIIS, i-1] + H[DIIS, i+1]).
Prev_Energies: (   -159.10573412,    -159.10573404)
SCF Change: DM 1.12123e-4; eev 1.64261e-3 Ha; etot 8.01849e-8 Ha
Energy:    -159.1057340402 Ha after   30 iterations (in       0.48 seconds).
Energy increase is detected. Turn on the linear mixing algorithm with (H[DIIS, i-1] + H[DIIS, i+1]).
Prev_Energies: (   -159.10573404,    -159.10573233)
SCF Change: DM 3.10617e-5; eev 1.31767e-3 Ha; etot 1.70893e-6 Ha
Energy:    -159.1057323313 Ha after   31 iterations (in       0.52 seconds).
Energy increase is detected. Turn on the linear mixing algorithm with (H[DIIS, i-1] + H[DIIS, i+1]).
Prev_Energies: (   -159.10573233,    -159.10573193)
SCF Change: DM 9.34536e-5; eev 1.29249e-3 Ha; etot 3.97272e-7 Ha
Energy:    -159.1057319340 Ha after   32 iterations (in       0.53 seconds).
Energy increase is detected. Turn on the linear mixing algorithm with (H[DIIS, i-1] + H[DIIS, i+1]).
Prev_Energies: (   -159.10573193,    -159.10573067)
SCF Change: DM 2.40877e-5; eev 1.05598e-3 Ha; etot 1.26443e-6 Ha
Energy:    -159.1057306696 Ha after   33 iterations (in       0.52 seconds).
Energy increase is detected. Turn on the linear mixing algorithm with (H[DIIS, i-1] + H[DIIS, i+1]).
Prev_Energies: (   -159.10573067,    -159.10573039)
SCF Change: DM 7.71811e-5; eev 1.05180e-3 Ha; etot 2.81260e-7 Ha
Energy:    -159.1057303883 Ha after   34 iterations (in       0.54 seconds).
Energy increase is detected. Turn on the linear mixing algorithm with (H[DIIS, i-1] + H[DIIS, i+1]).
Prev_Energies: (   -159.10573039,    -159.10572953)
SCF Change: DM 2.07192e-5; eev 8.59910e-4 Ha; etot 8.53896e-7 Ha
Energy:    -159.1057295344 Ha after   35 iterations (in       0.50 seconds).
Energy increase is detected. Turn on the linear mixing algorithm with (H[DIIS, i-1] + H[DIIS, i+1]).
Prev_Energies: (   -159.10572953,    -159.10572940)
SCF Change: DM 6.17517e-5; eev 8.46681e-4 Ha; etot 1.38490e-7 Ha
Energy:    -159.1057293959 Ha after   36 iterations (in       0.55 seconds).
Energy increase is detected. Turn on the linear mixing algorithm with (H[DIIS, i-1] + H[DIIS, i+1]).
Prev_Energies: (   -159.10572940,    -159.10572885)
SCF Change: DM 1.71545e-5; eev 6.85654e-4 Ha; etot 5.43796e-7 Ha
Energy:    -159.1057288521 Ha after   37 iterations (in       0.57 seconds).
Energy increase is detected. Turn on the linear mixing algorithm with (H[DIIS, i-1] + H[DIIS, i+1]).
Prev_Energies: (   -159.10572885,    -159.10572878)
SCF Change: DM 4.99733e-5; eev 6.77613e-4 Ha; etot 7.26438e-8 Ha
Energy:    -159.1057287795 Ha after   38 iterations (in       0.59 seconds).
Energy increase is detected. Turn on the linear mixing algorithm with (H[DIIS, i-1] + H[DIIS, i+1]).
Prev_Energies: (   -159.10572878,    -159.10572842)
SCF Change: DM 1.42167e-5; eev 5.46466e-4 Ha; etot 3.56167e-7 Ha
Energy:    -159.1057284233 Ha after   39 iterations (in       0.47 seconds).
Energy increase is detected. Turn on the linear mixing algorithm with (H[DIIS, i-1] + H[DIIS, i+1]).
Prev_Energies: (   -159.10572842,    -159.10572839)
SCF Change: DM 3.99459e-5; eev 5.43291e-4 Ha; etot 3.64017e-8 Ha
Energy:    -159.1057283869 Ha after   40 iterations (in       0.50 seconds).
Energy increase is detected. Turn on the linear mixing algorithm with (H[DIIS, i-1] + H[DIIS, i+1]).
Prev_Energies: (   -159.10572839,    -159.10572816)
SCF Change: DM 1.14869e-5; eev 4.38343e-4 Ha; etot 2.29174e-7 Ha
Energy:    -159.1057281578 Ha after   41 iterations (in       0.58 seconds).
Energy increase is detected. Turn on the linear mixing algorithm with (H[DIIS, i-1] + H[DIIS, i+1]).
Prev_Energies: (   -159.10572816,    -159.10572814)
SCF Change: DM 3.20808e-5; eev 4.34752e-4 Ha; etot 2.13373e-8 Ha
Energy:    -159.1057281364 Ha after   42 iterations (in       0.60 seconds).
Energy increase is detected. Turn on the linear mixing algorithm with (H[DIIS, i-1] + H[DIIS, i+1]).
Prev_Energies: (   -159.10572814,    -159.10572799)
SCF Change: DM 9.39263e-6; eev 3.49824e-4 Ha; etot 1.48218e-7 Ha
Energy:    -159.1057279882 Ha after   43 iterations (in       0.61 seconds).
Energy increase is detected. Turn on the linear mixing algorithm with (H[DIIS, i-1] + H[DIIS, i+1]).
Prev_Energies: (   -159.10572799,    -159.10572798)
SCF Change: DM 2.57435e-5; eev 3.47888e-4 Ha; etot 1.09103e-8 Ha
Energy:    -159.1057279773 Ha after   44 iterations (in       0.50 seconds).
Energy increase is detected. Turn on the linear mixing algorithm with (H[DIIS, i-1] + H[DIIS, i+1]).
Prev_Energies: (   -159.10572798,    -159.10572788)
SCF Change: DM 7.55313e-6; eev 2.80358e-4 Ha; etot 9.61454e-8 Ha
Energy:    -159.1057278812 Ha after   45 iterations (in       0.51 seconds).
Energy increase is detected. Turn on the linear mixing algorithm with (H[DIIS, i-1] + H[DIIS, i+1]).
Prev_Energies: (   -159.10572788,    -159.10572787)
SCF Change: DM 2.06245e-5; eev 2.78806e-4 Ha; etot 6.46224e-9 Ha
Energy:    -159.1057278747 Ha after   46 iterations (in       0.63 seconds).
Energy increase is detected. Turn on the linear mixing algorithm with (H[DIIS, i-1] + H[DIIS, i+1]).
Prev_Energies: (   -159.10572787,    -159.10572781)
SCF Change: DM 6.06896e-6; eev 2.24085e-4 Ha; etot 6.20148e-8 Ha
Energy:    -159.1057278127 Ha after   47 iterations (in       0.47 seconds).
Energy increase is detected. Turn on the linear mixing algorithm with (H[DIIS, i-1] + H[DIIS, i+1]).
Prev_Energies: (   -159.10572781,    -159.10572781)
SCF Change: DM 1.65345e-5; eev 2.22880e-4 Ha; etot 3.64349e-9 Ha
Energy:    -159.1057278090 Ha after   48 iterations (in       0.67 seconds).
Energy increase is detected. Turn on the linear mixing algorithm with (H[DIIS, i-1] + H[DIIS, i+1]).
Prev_Energies: (   -159.10572781,    -159.10572777)
SCF Change: DM 4.88671e-6; eev 1.78986e-4 Ha; etot 4.01964e-8 Ha
Energy:    -159.1057277688 Ha after   49 iterations (in       0.49 seconds).
Energy increase is detected. Turn on the linear mixing algorithm with (H[DIIS, i-1] + H[DIIS, i+1]).
Prev_Energies: (   -159.10572777,    -159.10572777)
SCF Change: DM 1.33159e-5; eev 1.77677e-4 Ha; etot 1.92847e-9 Ha
Energy:    -159.1057277669 Ha after   50 iterations (in       0.54 seconds).
Energy increase is detected. Turn on the linear mixing algorithm with (H[DIIS, i-1] + H[DIIS, i+1]).
Prev_Energies: (   -159.10572777,    -159.10572774)
SCF Change: DM 3.91895e-6; eev 1.43500e-4 Ha; etot 2.62658e-8 Ha
Energy:    -159.1057277406 Ha after   51 iterations (in       0.53 seconds).
Energy increase is detected. Turn on the linear mixing algorithm with (H[DIIS, i-1] + H[DIIS, i+1]).
Prev_Energies: (   -159.10572774,    -159.10572774)
SCF Change: DM 1.06570e-5; eev 1.42327e-4 Ha; etot 1.18672e-9 Ha
Energy:    -159.1057277395 Ha after   52 iterations (in       0.52 seconds).
Energy increase is detected. Turn on the linear mixing algorithm with (H[DIIS, i-1] + H[DIIS, i+1]).
Prev_Energies: (   -159.10572774,    -159.10572772)
SCF Change: DM 3.14220e-6; eev 1.14955e-4 Ha; etot 1.68518e-8 Ha
Energy:    -159.1057277226 Ha after   53 iterations (in       0.48 seconds).
Energy increase is detected. Turn on the linear mixing algorithm with (H[DIIS, i-1] + H[DIIS, i+1]).
Prev_Energies: (   -159.10572772,    -159.10572772)
SCF Change: DM 8.54563e-6; eev 1.13715e-4 Ha; etot 7.25237e-10 Ha
Energy:    -159.1057277219 Ha after   54 iterations (in       0.52 seconds).
Energy increase is detected. Turn on the linear mixing algorithm with (H[DIIS, i-1] + H[DIIS, i+1]).
Prev_Energies: (   -159.10572772,    -159.10572771)
SCF Change: DM 2.52365e-6; eev 9.18562e-5 Ha; etot 1.08422e-8 Ha
Energy:    -159.1057277110 Ha after   55 iterations (in       0.63 seconds).
Energy increase is detected. Turn on the linear mixing algorithm with (H[DIIS, i-1] + H[DIIS, i+1]).
Prev_Energies: (   -159.10572771,    -159.10572771)
SCF Change: DM 6.84484e-6; eev 9.09471e-5 Ha; etot 4.35051e-10 Ha
Energy:    -159.1057277106 Ha after   56 iterations (in       0.85 seconds).
Energy increase is detected. Turn on the linear mixing algorithm with (H[DIIS, i-1] + H[DIIS, i+1]).
Prev_Energies: (   -159.10572771,    -159.10572770)
SCF Change: DM 2.02487e-6; eev 7.33192e-5 Ha; etot 6.94996e-9 Ha
Energy:    -159.1057277036 Ha after   57 iterations (in       0.57 seconds).
Energy increase is detected. Turn on the linear mixing algorithm with (H[DIIS, i-1] + H[DIIS, i+1]).
Prev_Energies: (   -159.10572770,    -159.10572770)
SCF Change: DM 5.48621e-6; eev 7.26292e-5 Ha; etot 2.51845e-10 Ha
Energy:    -159.1057277034 Ha after   58 iterations (in       0.53 seconds).
Energy increase is detected. Turn on the linear mixing algorithm with (H[DIIS, i-1] + H[DIIS, i+1]).
Prev_Energies: (   -159.10572770,    -159.10572770)
SCF Change: DM 1.62341e-6; eev 5.86203e-5 Ha; etot 4.48466e-9 Ha
Energy:    -159.1057276989 Ha after   59 iterations (in       0.51 seconds).
Energy increase is detected. Turn on the linear mixing algorithm with (H[DIIS, i-1] + H[DIIS, i+1]).
Prev_Energies: (   -159.10572770,    -159.10572770)
SCF Change: DM 4.39520e-6; eev 5.81247e-5 Ha; etot 1.45036e-10 Ha
Energy:    -159.1057276988 Ha after   60 iterations (in       0.52 seconds).
Energy increase is detected. Turn on the linear mixing algorithm with (H[DIIS, i-1] + H[DIIS, i+1]).
Prev_Energies: (   -159.10572770,    -159.10572770)
SCF Change: DM 1.30154e-6; eev 4.68926e-5 Ha; etot 2.88131e-9 Ha
Energy:    -159.1057276959 Ha after   61 iterations (in       0.66 seconds).
Energy increase is detected. Turn on the linear mixing algorithm with (H[DIIS, i-1] + H[DIIS, i+1]).
Prev_Energies: (   -159.10572770,    -159.10572770)
SCF Change: DM 3.51903e-6; eev 4.64599e-5 Ha; etot 8.96705e-11 Ha
Energy:    -159.1057276958 Ha after   62 iterations (in       0.88 seconds).
Energy increase is detected. Turn on the linear mixing algorithm with (H[DIIS, i-1] + H[DIIS, i+1]).
Prev_Energies: (   -159.10572770,    -159.10572769)
SCF Change: DM 1.04200e-6; eev 3.75158e-5 Ha; etot 1.84954e-9 Ha
Energy:    -159.1057276939 Ha after   63 iterations (in       0.71 seconds).
Energy increase is detected. Turn on the linear mixing algorithm with (H[DIIS, i-1] + H[DIIS, i+1]).
Prev_Energies: (   -159.10572769,    -159.10572769)
SCF Change: DM 2.81690e-6; eev 3.71865e-5 Ha; etot 5.32339e-11 Ha
Energy:    -159.1057276939 Ha after   64 iterations (in       0.61 seconds).
Energy increase is detected. Turn on the linear mixing algorithm with (H[DIIS, i-1] + H[DIIS, i+1]).
Prev_Energies: (   -159.10572769,    -159.10572769)
SCF Change: DM 8.34581e-7; eev 3.00210e-5 Ha; etot 1.18794e-9 Ha
Energy:    -159.1057276927 Ha after   65 iterations (in       0.56 seconds).
Energy increase is detected. Turn on the linear mixing algorithm with (H[DIIS, i-1] + H[DIIS, i+1]).
Prev_Energies: (   -159.10572769,    -159.10572769)
SCF Change: DM 2.25482e-6; eev 2.97434e-5 Ha; etot 3.46176e-11 Ha
Energy:    -159.1057276927 Ha after   66 iterations (in       0.52 seconds).
Energy increase is detected. Turn on the linear mixing algorithm with (H[DIIS, i-1] + H[DIIS, i+1]).
Prev_Energies: (   -159.10572769,    -159.10572769)
SCF Change: DM 6.68398e-7; eev 2.40177e-5 Ha; etot 7.58575e-10 Ha
Energy:    -159.1057276919 Ha after   67 iterations (in       0.58 seconds).
Energy increase is detected. Turn on the linear mixing algorithm with (H[DIIS, i-1] + H[DIIS, i+1]).
Prev_Energies: (   -159.10572769,    -159.10572769)
SCF Change: DM 1.80528e-6; eev 2.37833e-5 Ha; etot 1.47793e-11 Ha
Energy:    -159.1057276919 Ha after   68 iterations (in       0.63 seconds).
Energy increase is detected. Turn on the linear mixing algorithm with (H[DIIS, i-1] + H[DIIS, i+1]).
Prev_Energies: (   -159.10572769,    -159.10572769)
SCF Change: DM 5.35371e-7; eev 1.92085e-5 Ha; etot 4.83908e-10 Ha
Energy:    -159.1057276914 Ha after   69 iterations (in       0.56 seconds).
Energy increase is detected. Turn on the linear mixing algorithm with (H[DIIS, i-1] + H[DIIS, i+1]).
Prev_Energies: (   -159.10572769,    -159.10572769)
SCF Change: DM 1.44467e-6; eev 1.90198e-5 Ha; etot 2.23395e-11 Ha
Energy:    -159.1057276914 Ha after   70 iterations (in       0.54 seconds).
Energy increase is detected. Turn on the linear mixing algorithm with (H[DIIS, i-1] + H[DIIS, i+1]).
Prev_Energies: (   -159.10572769,    -159.10572769)
SCF Change: DM 4.28468e-7; eev 1.53646e-5 Ha; etot 3.04226e-10 Ha
Energy:    -159.1057276911 Ha after   71 iterations (in       0.56 seconds).
Energy increase is detected. Turn on the linear mixing algorithm with (H[DIIS, i-1] + H[DIIS, i+1]).
Prev_Energies: (   -159.10572769,    -159.10572769)
SCF Change: DM 1.15604e-6; eev 1.52125e-5 Ha; etot 9.37916e-12 Ha
Energy:    -159.1057276911 Ha after   72 iterations (in       0.77 seconds).
Energy increase is detected. Turn on the linear mixing algorithm with (H[DIIS, i-1] + H[DIIS, i+1]).
Prev_Energies: (   -159.10572769,    -159.10572769)
SCF Change: DM 3.42891e-7; eev 1.22914e-5 Ha; etot 2.02817e-10 Ha
Energy:    -159.1057276909 Ha after   73 iterations (in       0.55 seconds).
Energy increase is detected. Turn on the linear mixing algorithm with (H[DIIS, i-1] + H[DIIS, i+1]).
Prev_Energies: (   -159.10572769,    -159.10572769)
SCF Change: DM 9.25044e-7; eev 1.21684e-5 Ha; etot 3.04112e-12 Ha
Energy:    -159.1057276909 Ha after   74 iterations (in       0.53 seconds).
Energy increase is detected. Turn on the linear mixing algorithm with (H[DIIS, i-1] + H[DIIS, i+1]).
Prev_Energies: (   -159.10572769,    -159.10572769)
SCF Change: DM 2.74446e-7; eev 9.83173e-6 Ha; etot 1.31791e-10 Ha
Energy:    -159.1057276907 Ha after   75 iterations (in       0.59 seconds).
SCF Change: DM 2.80307e-6; eev 9.34730e-6 Ha; etot -1.53477e-12 Ha
Energy:    -159.1057276907 Ha after   76 iterations (in       0.54 seconds).
Energy increase is detected. Turn on the linear mixing algorithm with (H[DIIS, i-1] + H[DIIS, i+1]).
Prev_Energies: (   -159.10572769,    -159.10572769)
SCF Change: DM 2.24253e-6; eev 7.47546e-6 Ha; etot 2.35730e-10 Ha
Energy:    -159.1057276905 Ha after   77 iterations (in       0.55 seconds).
SCF Change: DM 2.24236e-6; eev 7.49365e-6 Ha; etot -1.49583e-10 Ha
Energy:    -159.1057276907 Ha after   78 iterations (in       0.49 seconds).
Energy increase is detected. Turn on the linear mixing algorithm with (H[DIIS, i-1] + H[DIIS, i+1]).
Prev_Energies: (   -159.10572769,    -159.10572769)
SCF Change: DM 1.79393e-6; eev 5.99480e-6 Ha; etot 1.50038e-10 Ha
Energy:    -159.1057276905 Ha after   79 iterations (in       0.59 seconds).
SCF Change: DM 1.79399e-6; eev 5.98994e-6 Ha; etot -9.62075e-11 Ha
Energy:    -159.1057276906 Ha after   80 iterations (in       0.58 seconds).
Energy increase is detected. Turn on the linear mixing algorithm with (H[DIIS, i-1] + H[DIIS, i+1]).
Prev_Energies: (   -159.10572769,    -159.10572769)
SCF Change: DM 1.43522e-6; eev 4.79121e-6 Ha; etot 9.69465e-11 Ha
Energy:    -159.1057276905 Ha after   81 iterations (in       0.55 seconds).
SCF Change: DM 1.43528e-6; eev 4.79151e-6 Ha; etot -5.97993e-11 Ha
Energy:    -159.1057276906 Ha after   82 iterations (in       0.57 seconds).
Energy increase is detected. Turn on the linear mixing algorithm with (H[DIIS, i-1] + H[DIIS, i+1]).
Prev_Energies: (   -159.10572769,    -159.10572769)
SCF Change: DM 1.14825e-6; eev 3.83278e-6 Ha; etot 5.85487e-11 Ha
Energy:    -159.1057276905 Ha after   83 iterations (in       0.53 seconds).
SCF Change: DM 1.14823e-6; eev 3.83279e-6 Ha; etot -3.89946e-11 Ha
Energy:    -159.1057276905 Ha after   84 iterations (in       0.54 seconds).
Energy increase is detected. Turn on the linear mixing algorithm with (H[DIIS, i-1] + H[DIIS, i+1]).
Prev_Energies: (   -159.10572769,    -159.10572769)
SCF Change: DM 9.18599e-7; eev 3.06595e-6 Ha; etot 3.74598e-11 Ha
Energy:    -159.1057276905 Ha after   85 iterations (in       0.45 seconds).
SCF Change: DM 9.18596e-7; eev 3.06595e-6 Ha; etot -2.19416e-11 Ha
Energy:    -159.1057276905 Ha after   86 iterations (in       0.51 seconds).
Energy increase is detected. Turn on the linear mixing algorithm with (H[DIIS, i-1] + H[DIIS, i+1]).
Prev_Energies: (   -159.10572769,    -159.10572769)
SCF Change: DM 7.34885e-7; eev 2.45258e-6 Ha; etot 2.47269e-11 Ha
Energy:    -159.1057276905 Ha after   87 iterations (in       0.50 seconds).
SCF Change: DM 7.34887e-7; eev 2.45258e-6 Ha; etot -2.00657e-11 Ha
Energy:    -159.1057276905 Ha after   88 iterations (in       0.51 seconds).
Energy increase is detected. Turn on the linear mixing algorithm with (H[DIIS, i-1] + H[DIIS, i+1]).
Prev_Energies: (   -159.10572769,    -159.10572769)
SCF Change: DM 5.87916e-7; eev 1.96195e-6 Ha; etot 1.94404e-11 Ha
Energy:    -159.1057276905 Ha after   89 iterations (in       0.56 seconds).
SCF Change: DM 5.87915e-7; eev 1.96196e-6 Ha; etot -1.15961e-11 Ha
Energy:    -159.1057276905 Ha after   90 iterations (in       0.68 seconds).
Energy increase is detected. Turn on the linear mixing algorithm with (H[DIIS, i-1] + H[DIIS, i+1]).
Prev_Energies: (   -159.10572769,    -159.10572769)
SCF Change: DM 4.70336e-7; eev 1.56949e-6 Ha; etot 1.13118e-11 Ha
Energy:    -159.1057276905 Ha after   91 iterations (in       0.46 seconds).
SCF Change: DM 4.70336e-7; eev 1.56949e-6 Ha; etot -8.61178e-12 Ha
Energy:    -159.1057276905 Ha after   92 iterations (in       0.56 seconds).
Energy increase is detected. Turn on the linear mixing algorithm with (H[DIIS, i-1] + H[DIIS, i+1]).
Prev_Energies: (   -159.10572769,    -159.10572769)
SCF Change: DM 3.76271e-7; eev 1.25555e-6 Ha; etot 1.07718e-11 Ha
Energy:    -159.1057276905 Ha after   93 iterations (in       0.47 seconds).
SCF Change: DM 3.76271e-7; eev 1.25555e-6 Ha; etot -6.33804e-12 Ha
Energy:    -159.1057276905 Ha after   94 iterations (in       0.53 seconds).
Energy increase is detected. Turn on the linear mixing algorithm with (H[DIIS, i-1] + H[DIIS, i+1]).
Prev_Energies: (   -159.10572769,    -159.10572769)
SCF Change: DM 3.01018e-7; eev 1.00441e-6 Ha; etot 6.02540e-12 Ha
Energy:    -159.1057276905 Ha after   95 iterations (in       0.48 seconds).
SCF Change: DM 3.01017e-7; eev 1.00441e-6 Ha; etot -5.99698e-12 Ha
Energy:    -159.1057276905 Ha after   96 iterations (in       0.44 seconds).
Energy increase is detected. Turn on the linear mixing algorithm with (H[DIIS, i-1] + H[DIIS, i+1]).
Prev_Energies: (   -159.10572769,    -159.10572769)
SCF Change: DM 2.40815e-7; eev 8.03511e-7 Ha; etot 3.92220e-12 Ha
Energy:    -159.1057276905 Ha after   97 iterations (in       0.46 seconds).
Energy increase is detected. Turn on the linear mixing algorithm with (H[DIIS, i-1] + H[DIIS, i+1]).
Prev_Energies: (   -159.10572769,    -159.10572769)
SCF Change: DM 2.40815e-7; eev 8.03511e-7 Ha; etot 9.66338e-13 Ha
Energy:    -159.1057276905 Ha after   98 iterations (in       0.47 seconds).
Energy increase is detected. Turn on the linear mixing algorithm with (H[DIIS, i-1] + H[DIIS, i+1]).
Prev_Energies: (   -159.10572769,    -159.10572769)
SCF Change: DM 1.92653e-7; eev 6.42797e-7 Ha; etot 1.84741e-12 Ha
Energy:    -159.1057276905 Ha after   99 iterations (in       0.57 seconds).
SCF Change: DM 1.92651e-7; eev 6.42795e-7 Ha; etot -4.34852e-12 Ha
Energy:    -159.1057276905 Ha after  100 iterations (in       0.56 seconds).
Energy increase is detected. Turn on the linear mixing algorithm with (H[DIIS, i-1] + H[DIIS, i+1]).
Prev_Energies: (   -159.10572769,    -159.10572769)
SCF Change: DM 1.54122e-7; eev 5.14228e-7 Ha; etot 3.06954e-12 Ha
Energy:    -159.1057276905 Ha after  101 iterations (in       0.63 seconds).
SCF Change: DM 1.54119e-7; eev 5.14230e-7 Ha; etot -4.97380e-12 Ha
Energy:    -159.1057276905 Ha after  102 iterations (in       0.54 seconds).
Energy increase is detected. Turn on the linear mixing algorithm with (H[DIIS, i-1] + H[DIIS, i+1]).
Prev_Energies: (   -159.10572769,    -159.10572769)
SCF Change: DM 1.23296e-7; eev 4.11379e-7 Ha; etot 5.42855e-12 Ha
Energy:    -159.1057276905 Ha after  103 iterations (in       0.56 seconds).
SCF Change: DM 1.23295e-7; eev 4.11380e-7 Ha; etot -4.09273e-12 Ha
Energy:    -159.1057276905 Ha after  104 iterations (in       0.58 seconds).
Energy increase is detected. Turn on the linear mixing algorithm with (H[DIIS, i-1] + H[DIIS, i+1]).
Prev_Energies: (   -159.10572769,    -159.10572769)
SCF Change: DM 9.86362e-8; eev 3.29100e-7 Ha; etot 2.84217e-13 Ha
Energy:    -159.1057276905 Ha after  105 iterations (in       0.57 seconds).
Energy increase is detected. Turn on the linear mixing algorithm with (H[DIIS, i-1] + H[DIIS, i+1]).
Prev_Energies: (   -159.10572769,    -159.10572769)
SCF Change: DM 9.86360e-8; eev 3.29100e-7 Ha; etot 2.01794e-12 Ha
Energy:    -159.1057276905 Ha after  106 iterations (in       0.56 seconds).
SCF Change: DM 5.58424e-13; eev 6.53500e-12 Ha; etot -1.25056e-12 Ha
Energy:    -159.1057276905 Ha after  107 iterations (in       0.58 seconds).
SCF is converged after  107 iterations.
==========================================
Now evaluate the    PT2 correlation energy
==========================================
----------------------------------------------------------------------
Methods         :       Total Corr,          OS Corr,          SS Corr
----------------------------------------------------------------------
PT2             :      -1.01058287,      -0.79506110,      -0.21552177
----------------------------------------------------------------------
Fifth-rung correlation energy :      -0.346964664857 Ha
E[XYGJOS]=:    -158.67572715 Ha, Ex[HF]:     -22.13378142 Ha, Ec[PT2  ]:      -1.01058287 Ha
Mulliken population analysis:
  0-C  :  -0.259045
  1-H  :   0.078283
  2-H  :   0.078283
  3-H  :   0.078724
  4-C  :  -0.136813
  5-H  :   0.064957
  6-H  :   0.064957
  7-C  :  -0.243587
  8-H  :   0.089739
  9-H  :   0.089739
 10-Br :   0.094763

====================================================
              REST: Mission accomplished
====================================================
The SCF energy        :    -159.1057276905 Ha
The (R)-xDH energy    :    -158.6757271538 Ha
Detailed time report:
SCF       |:   67.201 s for the scf procedure
PT2       |:    0.872 s for the PT2 evaluation
Overall   |:   68.795 s for the whole job
