=========================================================
Input parameters for the REST calculation
=========================================================
Calculation type: Single-point energy
The exchange-correlation method: xygjos
Print level:                1
The number of threads used for parallelism:      4
The spheric-GTO basis set is taken from /home/symei/def2-TZVPP-optuna-mixed
The pruning method is nwchem
The radial grid generation method is treutler
ERI Type: ri_v
Turn on the basis pair symmetry for RI 3D-tensors
The spheric-GTO auxiliary basis set is taken from /home/symei/def2-SV(P)-JKFIT
Spin polarization: Off
Charge:   0; Spin:   1
min_num_angular_points: 110
max_num_angular_points: 590
hardness: 3
Grid generation level: 3
Even tempered basis generation: false
SCF convergency thresholds: 1e-8 for density matrix
                            1e-8 Ha. for sum of eigenvalues
                            1e-8 Ha. for total energy
Max. SCF cycle number:      250
The diis mixing with (param, max_vec_len) = (0.2, 8) is employed for the SCF procedure
Turn on the diis mixing after 1 step(s) of SCF iteractions with the linear mixing
The specified checkfile exists but is not loaded because the keyword 'external_init_guess' is specified
It will be updated after the SCF procedure 
(none)
Initial guess is prepared by (sad).
It is a finite cluster calculation
the scf functional for 'xygjos' contains
The density functional 'B3LYP' belongs to the 'Hybrid GGA' family and is defined in the reference(s):
(0): P. J. Stephens, F. J. Devlin, C. F. Chabalowski, and M. J. Frisch.,  J. Phys. Chem. 98, 11623 (1994)
the post-scf functional 'xygjos' is employed, which contains
The density functional 'Slater exchange' belongs to the 'LDA' family and is defined in the reference(s):
(0): P. A. M. Dirac.,  Math. Proc. Cambridge Philos. Soc. 26, 376 (1930)
(1): F. Bloch.,  Z. Phys. 57, 545 (1929)
The density functional 'Becke 88' belongs to the 'GGA' family and is defined in the reference(s):
(0): A. D. Becke.,  Phys. Rev. A 38, 3098 (1988)
The density functional 'Vosko, Wilk & Nusair (VWN5_RPA)' belongs to the 'LDA' family and is defined in the reference(s):
(0): S. H. Vosko, L. Wilk, and M. Nusair.,  Can. J. Phys. 58, 1200 (1980)
The density functional 'Lee, Yang & Parr' belongs to the 'GGA' family and is defined in the reference(s):
(0): C. Lee, W. Yang, and R. G. Parr.,  Phys. Rev. B 37, 785 (1988)
(1): B. Miehlich, A. Savin, H. Stoll, and H. Preuss.,  Chem. Phys. Lett. 157, 200 (1989)
<start_mo> for the frozen-core post-SCF methods 10 is smaller than the number of ecp orbitals 14. Set <start_mo> = 0
Libxc version used in REST: 7.0.0
nbas: 45, natm: 5 for standard basis sets
First valence state for the frozen-core algorithm:     0
final nbas: 148,final natm: 10
numbasis: 121, num_auxbas: 395
Molecule_name: ch3br
Restricted Hartree-Fock (or Kohn-Sham) algorithm is invoked.
Nuc_energy:      25.45660701 Hartree
No ghost effective potential
No ghost point charges
Overlap matrix is nonsigular:
  Lowest eigenvalue:       0.00057445 with the total number of basis functions:    121
Grid size: 64878
Generate SAD of C
Generate SAD of H
Generate SAD of Br
Initial guess HF energy:     -80.2630927202654050
The total energy:       -80.2669371680 Ha by the initial guess
Energy:     -79.8654810806 Ha after    1 iterations (in       0.18 seconds).
SCF Change: DM 1.37802e-2; eev  2.46404e0 Ha; etot 6.56462e-1 Ha
Energy:     -79.2090187551 Ha after    2 iterations (in       0.25 seconds).
SCF Change: DM 1.95682e-3; eev 3.43999e-1 Ha; etot -1.23680e0 Ha
Energy:     -80.4458185882 Ha after    3 iterations (in       0.24 seconds).
SCF Change: DM 4.25139e-4; eev 6.61830e-2 Ha; etot -3.92823e-3 Ha
Energy:     -80.4497468203 Ha after    4 iterations (in       0.27 seconds).
SCF Change: DM 9.22486e-5; eev 2.44196e-2 Ha; etot -6.89196e-4 Ha
Energy:     -80.4504360167 Ha after    5 iterations (in       0.25 seconds).
SCF Change: DM 1.90887e-5; eev 5.68121e-3 Ha; etot -5.54987e-6 Ha
Energy:     -80.4504415665 Ha after    6 iterations (in       0.23 seconds).
SCF Change: DM 4.26458e-6; eev 4.05381e-4 Ha; etot -4.87310e-7 Ha
Energy:     -80.4504420538 Ha after    7 iterations (in       0.28 seconds).
SCF Change: DM 1.38654e-6; eev 1.47494e-4 Ha; etot -4.54342e-8 Ha
Energy:     -80.4504420993 Ha after    8 iterations (in       0.23 seconds).
SCF Change: DM 2.53529e-7; eev 1.06569e-5 Ha; etot -4.18756e-9 Ha
Energy:     -80.4504421035 Ha after    9 iterations (in       0.26 seconds).
SCF Change: DM 1.49695e-7; eev 2.50517e-6 Ha; etot -7.51896e-11 Ha
Energy:     -80.4504421035 Ha after   10 iterations (in       0.17 seconds).
SCF Change: DM 2.26011e-7; eev 4.65094e-7 Ha; etot -2.89901e-11 Ha
Energy:     -80.4504421036 Ha after   11 iterations (in       0.24 seconds).
SCF Change: DM 2.59296e-7; eev 4.36444e-7 Ha; etot -4.14104e-11 Ha
Energy:     -80.4504421036 Ha after   12 iterations (in       0.21 seconds).
SCF Change: DM 1.40891e-6; eev 2.28207e-6 Ha; etot -4.82601e-11 Ha
Energy:     -80.4504421037 Ha after   13 iterations (in       0.16 seconds).
SCF Change: DM 1.87316e-5; eev 3.03104e-5 Ha; etot -2.59121e-10 Ha
Energy:     -80.4504421039 Ha after   14 iterations (in       0.17 seconds).
SCF Change: DM 3.73932e-5; eev 6.01946e-5 Ha; etot -3.15663e-9 Ha
Energy:     -80.4504421071 Ha after   15 iterations (in       0.20 seconds).
SCF Change: DM 2.94457e-7; eev 6.31148e-7 Ha; etot -4.59391e-9 Ha
Energy:     -80.4504421117 Ha after   16 iterations (in       0.17 seconds).
SCF Change: DM 4.27627e-5; eev 6.84513e-5 Ha; etot -2.83364e-11 Ha
Energy:     -80.4504421117 Ha after   17 iterations (in       0.16 seconds).
SCF Change: DM 3.43537e-6; eev 5.40815e-6 Ha; etot -2.20356e-9 Ha
Energy:     -80.4504421139 Ha after   18 iterations (in       0.15 seconds).
SCF Change: DM 9.52077e-6; eev 1.52283e-5 Ha; etot 4.88285e-11 Ha
Energy:     -80.4504421139 Ha after   19 iterations (in       0.21 seconds).
SCF Change: DM 3.21451e-8; eev 1.12264e-6 Ha; etot -8.67431e-11 Ha
Energy:     -80.4504421139 Ha after   20 iterations (in       0.26 seconds).
SCF Change: DM 2.85529e-8; eev 8.41405e-8 Ha; etot -1.16529e-12 Ha
Energy:     -80.4504421139 Ha after   21 iterations (in       0.23 seconds).
SCF Change: DM 1.78792e-8; eev 6.17620e-8 Ha; etot -3.41061e-13 Ha
Energy:     -80.4504421139 Ha after   22 iterations (in       0.16 seconds).
Energy increase is detected. Turn on the linear mixing algorithm with (H[DIIS, i-1] + H[DIIS, i+1]).
Prev_Energies: (    -80.45044211,     -80.45044211)
SCF Change: DM 3.12014e-8; eev 6.62209e-8 Ha; etot 7.95808e-13 Ha
Energy:     -80.4504421139 Ha after   23 iterations (in       0.12 seconds).
SCF Change: DM 4.28543e-8; eev 7.81411e-8 Ha; etot -4.26326e-14 Ha
Energy:     -80.4504421139 Ha after   24 iterations (in       0.19 seconds).
SCF Change: DM 4.00874e-9; eev 6.43052e-9 Ha; etot -5.82645e-13 Ha
Energy:     -80.4504421139 Ha after   25 iterations (in       0.14 seconds).
SCF is converged after   25 iterations.
==========================================
Now evaluate the    PT2 correlation energy
==========================================
----------------------------------------------------------------------
Methods         :       Total Corr,          OS Corr,          SS Corr
----------------------------------------------------------------------
PT2             :      -0.47283096,      -0.37936715,      -0.09346381
----------------------------------------------------------------------
Fifth-rung correlation energy :      -0.165555824395 Ha
E[XYGJOS]=:     -80.23779207 Ha, Ex[HF]:     -10.31633241 Ha, Ec[PT2  ]:      -0.47283096 Ha
Mulliken population analysis:
  0-C  :  -0.470592
  1-H  :   0.125380
  2-H  :   0.118958
  3-H  :   0.100088
  4-Br :   0.126166

====================================================
              REST: Mission accomplished
====================================================
The SCF energy        :     -80.4504421139 Ha
The (R)-xDH energy    :     -80.2377920678 Ha
Detailed time report:
Overall   |:    9.873 s for the whole job
SCF       |:    8.888 s for the scf procedure
PT2       |:    0.324 s for the PT2 evaluation
