=========================================================
Input parameters for the REST calculation
=========================================================
Calculation type: Single-point energy
The exchange-correlation method: xygjos
Print level:                1
The number of threads used for parallelism:      4
The spheric-GTO basis set is taken from /home/symei/def2-TZVPP-optuna-mixed
The pruning method is nwchem
The radial grid generation method is treutler
ERI Type: ri_v
Turn on the basis pair symmetry for RI 3D-tensors
The spheric-GTO auxiliary basis set is taken from /home/symei/def2-SV(P)-JKFIT
Spin polarization: Off
Charge:   0; Spin:   1
min_num_angular_points: 110
max_num_angular_points: 590
hardness: 3
Grid generation level: 3
Even tempered basis generation: false
SCF convergency thresholds: 1e-8 for density matrix
                            1e-8 Ha. for sum of eigenvalues
                            1e-8 Ha. for total energy
Max. SCF cycle number:      250
The diis mixing with (param, max_vec_len) = (0.2, 8) is employed for the SCF procedure
Turn on the diis mixing after 1 step(s) of SCF iteractions with the linear mixing
The specified checkfile exists but is not loaded because the keyword 'external_init_guess' is specified
It will be updated after the SCF procedure 
(none)
Initial guess is prepared by (sad).
It is a finite cluster calculation
the scf functional for 'xygjos' contains
The density functional 'B3LYP' belongs to the 'Hybrid GGA' family and is defined in the reference(s):
(0): P. J. Stephens, F. J. Devlin, C. F. Chabalowski, and M. J. Frisch.,  J. Phys. Chem. 98, 11623 (1994)
the post-scf functional 'xygjos' is employed, which contains
The density functional 'Slater exchange' belongs to the 'LDA' family and is defined in the reference(s):
(0): P. A. M. Dirac.,  Math. Proc. Cambridge Philos. Soc. 26, 376 (1930)
(1): F. Bloch.,  Z. Phys. 57, 545 (1929)
The density functional 'Becke 88' belongs to the 'GGA' family and is defined in the reference(s):
(0): A. D. Becke.,  Phys. Rev. A 38, 3098 (1988)
The density functional 'Vosko, Wilk & Nusair (VWN5_RPA)' belongs to the 'LDA' family and is defined in the reference(s):
(0): S. H. Vosko, L. Wilk, and M. Nusair.,  Can. J. Phys. 58, 1200 (1980)
The density functional 'Lee, Yang & Parr' belongs to the 'GGA' family and is defined in the reference(s):
(0): C. Lee, W. Yang, and R. G. Parr.,  Phys. Rev. B 37, 785 (1988)
(1): B. Miehlich, A. Savin, H. Stoll, and H. Preuss.,  Chem. Phys. Lett. 157, 200 (1989)
<start_mo> for the frozen-core post-SCF methods 28 is smaller than the number of ecp orbitals 42. Set <start_mo> = 0
Libxc version used in REST: 7.0.0
nbas: 65, natm: 5 for standard basis sets
First valence state for the frozen-core algorithm:     0
final nbas: 276,final natm: 10
numbasis: 189, num_auxbas: 891
Molecule_name: chbr3
Restricted Hartree-Fock (or Kohn-Sham) algorithm is invoked.
Nuc_energy:      65.83498434 Hartree
No ghost effective potential
No ghost point charges
Overlap matrix is nonsigular:
  Lowest eigenvalue:       0.00057163 with the total number of basis functions:    189
Grid size: 86638
Generate SAD of C
Generate SAD of H
Generate SAD of Br
Initial guess HF energy:    -159.5879943908272196
The total energy:      -159.6261798137 Ha by the initial guess
Energy:    -153.6864103588 Ha after    1 iterations (in       0.47 seconds).
SCF Change: DM 3.74914e-2; eev  8.34135e0 Ha; etot  6.78701e0 Ha
Energy:    -146.8993968073 Ha after    2 iterations (in       0.39 seconds).
SCF Change: DM 3.31908e-2; eev  1.80790e0 Ha; etot -1.13808e1 Ha
Energy:    -158.2802302027 Ha after    3 iterations (in       0.37 seconds).
SCF Change: DM 1.22424e-2; eev  2.08013e0 Ha; etot -3.40224e-1 Ha
Energy:    -158.6204541650 Ha after    4 iterations (in       0.36 seconds).
SCF Change: DM 1.28533e-2; eev 4.28619e-1 Ha; etot -1.49672e0 Ha
Energy:    -160.1171747133 Ha after    5 iterations (in       0.56 seconds).
SCF Change: DM 1.14729e-2; eev 3.10353e-1 Ha; etot 4.15407e-1 Ha
Energy:    -159.7017680361 Ha after    6 iterations (in       0.33 seconds).
SCF Change: DM 6.57570e-3; eev 7.69236e-2 Ha; etot -5.89058e-1 Ha
Energy:    -160.2908265199 Ha after    7 iterations (in       0.38 seconds).
SCF Change: DM 3.19504e-3; eev 1.70109e-1 Ha; etot -2.35234e-2 Ha
Energy:    -160.3143499252 Ha after    8 iterations (in       0.41 seconds).
SCF Change: DM 5.25775e-4; eev 1.48935e-2 Ha; etot -9.20993e-2 Ha
Energy:    -160.4064492375 Ha after    9 iterations (in       0.42 seconds).
SCF Change: DM 1.15849e-4; eev 3.83104e-3 Ha; etot 9.59499e-4 Ha
Energy:    -160.4054897380 Ha after   10 iterations (in       0.33 seconds).
SCF Change: DM 3.70309e-4; eev 9.27059e-3 Ha; etot 5.26386e-4 Ha
Energy:    -160.4049633524 Ha after   11 iterations (in       0.46 seconds).
SCF Change: DM 1.76319e-4; eev 7.94829e-3 Ha; etot -1.95662e-3 Ha
Energy:    -160.4069199720 Ha after   12 iterations (in       0.41 seconds).
SCF Change: DM 1.53655e-4; eev 5.77691e-3 Ha; etot -3.09882e-4 Ha
Energy:    -160.4072298539 Ha after   13 iterations (in       0.45 seconds).
SCF Change: DM 1.45289e-4; eev 3.50245e-3 Ha; etot -1.78931e-4 Ha
Energy:    -160.4074087851 Ha after   14 iterations (in       0.47 seconds).
SCF Change: DM 1.94896e-4; eev 3.77989e-3 Ha; etot -1.00949e-4 Ha
Energy:    -160.4075097342 Ha after   15 iterations (in       0.40 seconds).
SCF Change: DM 3.70765e-5; eev 1.02971e-3 Ha; etot -5.57692e-5 Ha
Energy:    -160.4075655035 Ha after   16 iterations (in       0.51 seconds).
SCF Change: DM 1.91402e-5; eev 4.21563e-4 Ha; etot -2.48690e-6 Ha
Energy:    -160.4075679904 Ha after   17 iterations (in       0.36 seconds).
SCF Change: DM 1.36679e-5; eev 1.14264e-4 Ha; etot -7.01053e-7 Ha
Energy:    -160.4075686914 Ha after   18 iterations (in       0.48 seconds).
SCF Change: DM 1.13853e-5; eev 9.61737e-5 Ha; etot -1.62985e-7 Ha
Energy:    -160.4075688544 Ha after   19 iterations (in       0.34 seconds).
SCF Change: DM 1.71106e-6; eev 1.53346e-5 Ha; etot -6.17968e-8 Ha
Energy:    -160.4075689162 Ha after   20 iterations (in       0.50 seconds).
SCF Change: DM 5.24610e-7; eev 7.18774e-6 Ha; etot -2.21067e-9 Ha
Energy:    -160.4075689184 Ha after   21 iterations (in       0.38 seconds).
SCF Change: DM 2.48378e-7; eev 8.54971e-6 Ha; etot -6.07628e-10 Ha
Energy:    -160.4075689190 Ha after   22 iterations (in       0.36 seconds).
SCF Change: DM 1.89090e-7; eev 1.91021e-6 Ha; etot -1.28836e-10 Ha
Energy:    -160.4075689192 Ha after   23 iterations (in       0.35 seconds).
SCF Change: DM 9.20414e-8; eev 1.74841e-6 Ha; etot -4.79758e-11 Ha
Energy:    -160.4075689192 Ha after   24 iterations (in       0.41 seconds).
SCF Change: DM 9.78204e-8; eev 6.21204e-7 Ha; etot -9.29390e-12 Ha
Energy:    -160.4075689192 Ha after   25 iterations (in       0.37 seconds).
SCF Change: DM 3.33396e-8; eev 3.87617e-7 Ha; etot -9.37916e-12 Ha
Energy:    -160.4075689192 Ha after   26 iterations (in       0.39 seconds).
SCF Change: DM 7.32256e-9; eev 1.65907e-7 Ha; etot -1.73372e-12 Ha
Energy:    -160.4075689192 Ha after   27 iterations (in       0.32 seconds).
SCF Change: DM 1.57336e-8; eev 9.20379e-8 Ha; etot -9.94760e-13 Ha
Energy:    -160.4075689192 Ha after   28 iterations (in       0.35 seconds).
SCF Change: DM 1.21029e-8; eev 1.09924e-7 Ha; etot -1.70530e-13 Ha
Energy:    -160.4075689192 Ha after   29 iterations (in       0.34 seconds).
Energy increase is detected. Turn on the linear mixing algorithm with (H[DIIS, i-1] + H[DIIS, i+1]).
Prev_Energies: (   -160.40756892,    -160.40756892)
SCF Change: DM 8.35168e-9; eev 8.17233e-8 Ha; etot 1.08002e-12 Ha
Energy:    -160.4075689192 Ha after   30 iterations (in       0.56 seconds).
Energy increase is detected. Turn on the linear mixing algorithm with (H[DIIS, i-1] + H[DIIS, i+1]).
Prev_Energies: (   -160.40756892,    -160.40756892)
SCF Change: DM 1.03794e-8; eev 9.03544e-8 Ha; etot 3.69482e-13 Ha
Energy:    -160.4075689192 Ha after   31 iterations (in       0.34 seconds).
Energy increase is detected. Turn on the linear mixing algorithm with (H[DIIS, i-1] + H[DIIS, i+1]).
Prev_Energies: (   -160.40756892,    -160.40756892)
SCF Change: DM 6.54566e-9; eev 6.52732e-8 Ha; etot 1.27898e-12 Ha
Energy:    -160.4075689192 Ha after   32 iterations (in       0.40 seconds).
SCF Change: DM 1.60215e-8; eev 1.08668e-7 Ha; etot -1.87583e-12 Ha
Energy:    -160.4075689192 Ha after   33 iterations (in       0.35 seconds).
Energy increase is detected. Turn on the linear mixing algorithm with (H[DIIS, i-1] + H[DIIS, i+1]).
Prev_Energies: (   -160.40756892,    -160.40756892)
SCF Change: DM 1.27388e-8; eev 8.60889e-8 Ha; etot 5.68434e-14 Ha
Energy:    -160.4075689192 Ha after   34 iterations (in       0.38 seconds).
Energy increase is detected. Turn on the linear mixing algorithm with (H[DIIS, i-1] + H[DIIS, i+1]).
Prev_Energies: (   -160.40756892,    -160.40756892)
SCF Change: DM 1.28002e-8; eev 8.66758e-8 Ha; etot 1.42109e-13 Ha
Energy:    -160.4075689192 Ha after   35 iterations (in       0.44 seconds).
Energy increase is detected. Turn on the linear mixing algorithm with (H[DIIS, i-1] + H[DIIS, i+1]).
Prev_Energies: (   -160.40756892,    -160.40756892)
SCF Change: DM 1.02302e-8; eev 6.90933e-8 Ha; etot 5.96856e-13 Ha
Energy:    -160.4075689192 Ha after   36 iterations (in       0.39 seconds).
SCF Change: DM 1.03565e-8; eev 7.09934e-8 Ha; etot -6.25278e-13 Ha
Energy:    -160.4075689192 Ha after   37 iterations (in       0.40 seconds).
SCF Change: DM 1.99211e-11; eev 2.67308e-10 Ha; etot -1.19371e-12 Ha
Energy:    -160.4075689192 Ha after   38 iterations (in       0.40 seconds).
SCF is converged after   38 iterations.
==========================================
Now evaluate the    PT2 correlation energy
==========================================
----------------------------------------------------------------------
Methods         :       Total Corr,          OS Corr,          SS Corr
----------------------------------------------------------------------
PT2             :      -1.20789593,      -0.92234301,      -0.28555292
----------------------------------------------------------------------
Fifth-rung correlation energy :      -0.402510490626 Ha
E[XYGJOS]=:    -160.06228121 Ha, Ex[HF]:     -17.56163037 Ha, Ec[PT2  ]:      -1.20789593 Ha
Mulliken population analysis:
  0-C  :  -0.388808
  1-H  :   0.097442
  2-Br :   0.097120
  3-Br :   0.097123
  4-Br :   0.097123

====================================================
              REST: Mission accomplished
====================================================
The SCF energy        :    -160.4075689192 Ha
The (R)-xDH energy    :    -160.0622812071 Ha
Detailed time report:
SCF       |:   20.876 s for the scf procedure
PT2       |:    0.631 s for the PT2 evaluation
Overall   |:   22.372 s for the whole job
