=========================================================
Input parameters for the REST calculation
=========================================================
Calculation type: Single-point energy
The exchange-correlation method: xygjos
Print level:                1
The number of threads used for parallelism:      4
The spheric-GTO basis set is taken from /home/symei/def2-TZVPP-optuna-mixed
The pruning method is nwchem
The radial grid generation method is treutler
ERI Type: ri_v
Turn on the basis pair symmetry for RI 3D-tensors
The spheric-GTO auxiliary basis set is taken from /home/symei/def2-SV(P)-JKFIT
Spin polarization: Off
Charge:   0; Spin:   1
min_num_angular_points: 110
max_num_angular_points: 590
hardness: 3
Grid generation level: 3
Even tempered basis generation: false
SCF convergency thresholds: 1e-8 for density matrix
                            1e-8 Ha. for sum of eigenvalues
                            1e-8 Ha. for total energy
Max. SCF cycle number:      250
The diis mixing with (param, max_vec_len) = (0.2, 8) is employed for the SCF procedure
Turn on the diis mixing after 1 step(s) of SCF iteractions with the linear mixing
The specified checkfile exists but is not loaded because the keyword 'external_init_guess' is specified
It will be updated after the SCF procedure 
(none)
Initial guess is prepared by (sad).
It is a finite cluster calculation
the scf functional for 'xygjos' contains
The density functional 'B3LYP' belongs to the 'Hybrid GGA' family and is defined in the reference(s):
(0): P. J. Stephens, F. J. Devlin, C. F. Chabalowski, and M. J. Frisch.,  J. Phys. Chem. 98, 11623 (1994)
the post-scf functional 'xygjos' is employed, which contains
The density functional 'Slater exchange' belongs to the 'LDA' family and is defined in the reference(s):
(0): P. A. M. Dirac.,  Math. Proc. Cambridge Philos. Soc. 26, 376 (1930)
(1): F. Bloch.,  Z. Phys. 57, 545 (1929)
The density functional 'Becke 88' belongs to the 'GGA' family and is defined in the reference(s):
(0): A. D. Becke.,  Phys. Rev. A 38, 3098 (1988)
The density functional 'Vosko, Wilk & Nusair (VWN5_RPA)' belongs to the 'LDA' family and is defined in the reference(s):
(0): S. H. Vosko, L. Wilk, and M. Nusair.,  Can. J. Phys. 58, 1200 (1980)
The density functional 'Lee, Yang & Parr' belongs to the 'GGA' family and is defined in the reference(s):
(0): C. Lee, W. Yang, and R. G. Parr.,  Phys. Rev. B 37, 785 (1988)
(1): B. Miehlich, A. Savin, H. Stoll, and H. Preuss.,  Chem. Phys. Lett. 157, 200 (1989)
<start_mo> for the frozen-core post-SCF methods 9 is smaller than the number of ecp orbitals 14. Set <start_mo> = 0
Libxc version used in REST: 7.0.0
nbas: 22, natm: 2 for standard basis sets
First valence state for the frozen-core algorithm:     0
final nbas: 88,final natm: 4
numbasis: 62, num_auxbas: 284
Molecule_name: hbr
Restricted Hartree-Fock (or Kohn-Sham) algorithm is invoked.
Nuc_energy:       2.60098377 Hartree
No ghost effective potential
No ghost point charges
Overlap matrix is nonsigular:
  Lowest eigenvalue:       0.00486027 with the total number of basis functions:     62
Grid size: 30928
Generate SAD of Br
Generate SAD of H
Initial guess HF energy:     -40.7819448838640071
The total energy:       -41.0991823573 Ha by the initial guess
Energy:     -41.1056118044 Ha after    1 iterations (in       0.03 seconds).
SCF Change: DM 9.81843e-4; eev 1.27391e-1 Ha; etot -1.40709e-3 Ha
Energy:     -41.1070188894 Ha after    2 iterations (in       0.04 seconds).
SCF Change: DM 1.59252e-4; eev 2.52961e-2 Ha; etot -1.13609e-3 Ha
Energy:     -41.1081549835 Ha after    3 iterations (in       0.04 seconds).
SCF Change: DM 6.49830e-6; eev 4.03570e-4 Ha; etot -2.01637e-5 Ha
Energy:     -41.1081751472 Ha after    4 iterations (in       0.04 seconds).
SCF Change: DM 1.96793e-6; eev 1.48467e-4 Ha; etot -3.90659e-8 Ha
Energy:     -41.1081751862 Ha after    5 iterations (in       0.04 seconds).
SCF Change: DM 1.81540e-6; eev 7.53677e-6 Ha; etot -1.53477e-9 Ha
Energy:     -41.1081751878 Ha after    6 iterations (in       0.03 seconds).
SCF Change: DM 1.69293e-6; eev 1.93438e-6 Ha; etot -8.50861e-10 Ha
Energy:     -41.1081751886 Ha after    7 iterations (in       0.04 seconds).
SCF Change: DM 7.28237e-6; eev 2.85911e-6 Ha; etot -7.86592e-10 Ha
Energy:     -41.1081751894 Ha after    8 iterations (in       0.04 seconds).
SCF Change: DM 8.59511e-5; eev 9.32640e-6 Ha; etot -3.33253e-9 Ha
Energy:     -41.1081751927 Ha after    9 iterations (in       0.04 seconds).
SCF Change: DM 1.43021e-4; eev 9.54473e-6 Ha; etot -3.31651e-8 Ha
Energy:     -41.1081752259 Ha after   10 iterations (in       0.04 seconds).
SCF Change: DM 4.07718e-5; eev 1.18828e-5 Ha; etot -2.92443e-8 Ha
Energy:     -41.1081752552 Ha after   11 iterations (in       0.05 seconds).
SCF Change: DM 1.69415e-5; eev 1.53367e-5 Ha; etot -2.20980e-9 Ha
Energy:     -41.1081752574 Ha after   12 iterations (in       0.05 seconds).
SCF Change: DM 3.06469e-6; eev 3.78014e-6 Ha; etot -2.57039e-10 Ha
Energy:     -41.1081752576 Ha after   13 iterations (in       0.06 seconds).
SCF Change: DM 3.15408e-7; eev 1.09313e-6 Ha; etot -1.10774e-11 Ha
Energy:     -41.1081752576 Ha after   14 iterations (in       0.06 seconds).
SCF Change: DM 1.43056e-7; eev 5.98527e-8 Ha; etot -4.26326e-13 Ha
Energy:     -41.1081752576 Ha after   15 iterations (in       0.06 seconds).
SCF Change: DM 5.39028e-9; eev 1.01232e-8 Ha; etot -1.35003e-13 Ha
Energy:     -41.1081752576 Ha after   16 iterations (in       0.04 seconds).
SCF Change: DM 1.57578e-8; eev 7.13965e-9 Ha; etot 1.06581e-13 Ha
Energy:     -41.1081752576 Ha after   17 iterations (in       0.06 seconds).
SCF Change: DM 8.64203e-10; eev 2.13030e-10 Ha; etot  0.00000e0 Ha
Energy:     -41.1081752576 Ha after   18 iterations (in       0.04 seconds).
SCF is converged after   18 iterations.
==========================================
Now evaluate the    PT2 correlation energy
==========================================
----------------------------------------------------------------------
Methods         :       Total Corr,          OS Corr,          SS Corr
----------------------------------------------------------------------
PT2             :      -0.19382609,      -0.16573040,      -0.02809569
----------------------------------------------------------------------
Fifth-rung correlation energy :      -0.072324746907 Ha
E[XYGJOS]=:     -41.00707108 Ha, Ex[HF]:      -4.42212337 Ha, Ec[PT2  ]:      -0.19382609 Ha
Mulliken population analysis:
  0-Br :   0.079088
  1-H  :  -0.079088

====================================================
              REST: Mission accomplished
====================================================
The SCF energy        :     -41.1081752576 Ha
The (R)-xDH energy    :     -41.0070710820 Ha
Detailed time report:
PT2       |:    0.089 s for the PT2 evaluation
Overall   |:    2.922 s for the whole job
SCF       |:    2.023 s for the scf procedure
