=========================================================
Input parameters for the REST calculation
=========================================================
Calculation type: Single-point energy
The exchange-correlation method: xygjos
Print level:                1
The number of threads used for parallelism:      4
The spheric-GTO basis set is taken from /home/symei/def2-TZVPP-optuna-mixed
The pruning method is nwchem
The radial grid generation method is treutler
ERI Type: ri_v
Turn on the basis pair symmetry for RI 3D-tensors
The spheric-GTO auxiliary basis set is taken from /home/symei/def2-SV(P)-JKFIT
Spin polarization: Off
Charge:   0; Spin:   1
min_num_angular_points: 110
max_num_angular_points: 590
hardness: 3
Grid generation level: 3
Even tempered basis generation: false
SCF convergency thresholds: 1e-8 for density matrix
                            1e-8 Ha. for sum of eigenvalues
                            1e-8 Ha. for total energy
Max. SCF cycle number:      250
The diis mixing with (param, max_vec_len) = (0.2, 8) is employed for the SCF procedure
Turn on the diis mixing after 1 step(s) of SCF iteractions with the linear mixing
The specified checkfile exists but is not loaded because the keyword 'external_init_guess' is specified
It will be updated after the SCF procedure 
(none)
Initial guess is prepared by (sad).
It is a finite cluster calculation
the scf functional for 'xygjos' contains
The density functional 'B3LYP' belongs to the 'Hybrid GGA' family and is defined in the reference(s):
(0): P. J. Stephens, F. J. Devlin, C. F. Chabalowski, and M. J. Frisch.,  J. Phys. Chem. 98, 11623 (1994)
the post-scf functional 'xygjos' is employed, which contains
The density functional 'Slater exchange' belongs to the 'LDA' family and is defined in the reference(s):
(0): P. A. M. Dirac.,  Math. Proc. Cambridge Philos. Soc. 26, 376 (1930)
(1): F. Bloch.,  Z. Phys. 57, 545 (1929)
The density functional 'Becke 88' belongs to the 'GGA' family and is defined in the reference(s):
(0): A. D. Becke.,  Phys. Rev. A 38, 3098 (1988)
The density functional 'Vosko, Wilk & Nusair (VWN5_RPA)' belongs to the 'LDA' family and is defined in the reference(s):
(0): S. H. Vosko, L. Wilk, and M. Nusair.,  Can. J. Phys. 58, 1200 (1980)
The density functional 'Lee, Yang & Parr' belongs to the 'GGA' family and is defined in the reference(s):
(0): C. Lee, W. Yang, and R. G. Parr.,  Phys. Rev. B 37, 785 (1988)
(1): B. Miehlich, A. Savin, H. Stoll, and H. Preuss.,  Chem. Phys. Lett. 157, 200 (1989)
<start_mo> for the frozen-core post-SCF methods 10 is smaller than the number of ecp orbitals 14. Set <start_mo> = 0
Libxc version used in REST: 7.0.0
nbas: 33, natm: 3 for standard basis sets
First valence state for the frozen-core algorithm:     0
final nbas: 124,final natm: 6
numbasis: 93, num_auxbas: 361
Molecule_name: hobr
Restricted Hartree-Fock (or Kohn-Sham) algorithm is invoked.
Nuc_energy:      22.11088467 Hartree
No ghost effective potential
No ghost point charges
Overlap matrix is nonsigular:
  Lowest eigenvalue:       0.00274634 with the total number of basis functions:     93
Grid size: 45190
Generate SAD of O
Generate SAD of H
Generate SAD of Br
Initial guess HF energy:    -115.9652266180855804
The total energy:      -116.1184029178 Ha by the initial guess
Energy:    -112.4027242130 Ha after    1 iterations (in       0.06 seconds).
SCF Change: DM 3.91713e-2; eev  8.21195e0 Ha; etot  3.16898e0 Ha
Energy:    -109.2337428004 Ha after    2 iterations (in       0.10 seconds).
SCF Change: DM 9.38553e-3; eev 7.07697e-1 Ha; etot -7.09317e0 Ha
Energy:    -116.3269087400 Ha after    3 iterations (in       0.14 seconds).
SCF Change: DM 3.11491e-3; eev 1.60571e-1 Ha; etot 2.53025e-2 Ha
Energy:    -116.3016062711 Ha after    4 iterations (in       0.11 seconds).
SCF Change: DM 1.30620e-3; eev 9.83247e-2 Ha; etot 2.64433e-2 Ha
Energy:    -116.2751629534 Ha after    5 iterations (in       0.12 seconds).
SCF Change: DM 3.45152e-3; eev 3.17998e-1 Ha; etot -5.33363e-2 Ha
Energy:    -116.3284992115 Ha after    6 iterations (in       0.11 seconds).
SCF Change: DM 8.87029e-4; eev 8.39990e-2 Ha; etot -8.77599e-2 Ha
Energy:    -116.4162590684 Ha after    7 iterations (in       0.08 seconds).
SCF Change: DM 2.59488e-4; eev 1.26062e-2 Ha; etot -3.61217e-3 Ha
Energy:    -116.4198712381 Ha after    8 iterations (in       0.09 seconds).
SCF Change: DM 1.88491e-4; eev 3.73300e-3 Ha; etot -5.37800e-5 Ha
Energy:    -116.4199250181 Ha after    9 iterations (in       0.10 seconds).
SCF Change: DM 3.79369e-4; eev 1.33068e-3 Ha; etot -2.29731e-5 Ha
Energy:    -116.4199479912 Ha after   10 iterations (in       0.07 seconds).
SCF Change: DM 2.97415e-4; eev 1.11393e-3 Ha; etot -2.91413e-5 Ha
Energy:    -116.4199771325 Ha after   11 iterations (in       0.10 seconds).
SCF Change: DM 2.66048e-5; eev 4.92712e-4 Ha; etot -8.07442e-6 Ha
Energy:    -116.4199852069 Ha after   12 iterations (in       0.10 seconds).
SCF Change: DM 6.47608e-6; eev 1.64645e-4 Ha; etot -9.67902e-8 Ha
Energy:    -116.4199853037 Ha after   13 iterations (in       0.15 seconds).
SCF Change: DM 6.00091e-7; eev 2.88688e-5 Ha; etot -4.39840e-9 Ha
Energy:    -116.4199853081 Ha after   14 iterations (in       0.08 seconds).
SCF Change: DM 1.51039e-7; eev 7.06412e-6 Ha; etot -1.03597e-10 Ha
Energy:    -116.4199853082 Ha after   15 iterations (in       0.10 seconds).
SCF Change: DM 5.27786e-8; eev 2.38679e-6 Ha; etot -1.28608e-11 Ha
Energy:    -116.4199853082 Ha after   16 iterations (in       0.09 seconds).
SCF Change: DM 3.97458e-9; eev 2.68879e-7 Ha; etot -1.27898e-13 Ha
Energy:    -116.4199853082 Ha after   17 iterations (in       0.12 seconds).
SCF Change: DM 3.52143e-9; eev 9.63010e-8 Ha; etot 2.41585e-13 Ha
Energy:    -116.4199853082 Ha after   18 iterations (in       0.11 seconds).
SCF Change: DM 8.55981e-10; eev 3.37333e-8 Ha; etot -5.11591e-13 Ha
Energy:    -116.4199853082 Ha after   19 iterations (in       0.12 seconds).
SCF Change: DM 1.21304e-10; eev 3.59695e-9 Ha; etot 1.42109e-13 Ha
Energy:    -116.4199853082 Ha after   20 iterations (in       0.20 seconds).
SCF is converged after   20 iterations.
==========================================
Now evaluate the    PT2 correlation energy
==========================================
----------------------------------------------------------------------
Methods         :       Total Corr,          OS Corr,          SS Corr
----------------------------------------------------------------------
PT2             :      -0.58654627,      -0.44730064,      -0.13924563
----------------------------------------------------------------------
Fifth-rung correlation energy :      -0.195202000539 Ha
E[XYGJOS]=:    -116.14718414 Ha, Ex[HF]:     -12.62172065 Ha, Ec[PT2  ]:      -0.58654627 Ha
Mulliken population analysis:
  0-O  :  -0.490320
  1-H  :   0.190285
  2-Br :   0.300035

====================================================
              REST: Mission accomplished
====================================================
The SCF energy        :    -116.4199853082 Ha
The (R)-xDH energy    :    -116.1471841411 Ha
Detailed time report:
PT2       |:    0.164 s for the PT2 evaluation
SCF       |:    3.886 s for the scf procedure
Overall   |:    4.687 s for the whole job
