=========================================================
Input parameters for the REST calculation
=========================================================
Calculation type: Single-point energy
The exchange-correlation method: xygjos
Print level:                3
The number of threads used for parallelism:      4
The spheric-GTO basis set is taken from /home/symei/def2-TZVPP
The pruning method is nwchem
The radial grid generation method is treutler
ERI Type: ri_v
Turn on the basis pair symmetry for RI 3D-tensors
The spheric-GTO auxiliary basis set is taken from /home/symei/def2-SV(P)-JKFIT
Spin polarization: On
Charge:   0; Spin:   2
min_num_angular_points: 110
max_num_angular_points: 590
hardness: 3
Grid generation level: 3
Even tempered basis generation: false
SCF convergency thresholds: 1e-8 for density matrix
                            1e-6 Ha. for sum of eigenvalues
                            1e-8 Ha. for total energy
Max. SCF cycle number:      100
The diis mixing with (param, max_vec_len) = (0.2, 8) is employed for the SCF procedure
Turn on the diis mixing after 1 step(s) of SCF iteractions with the linear mixing
The specified checkfile exists but is not loaded because the keyword 'external_init_guess' is specified
It will be updated after the SCF procedure 
(none)
Initial guess is prepared by (sad).
It is a finite cluster calculation
the scf functional for 'xygjos' contains
The density functional 'B3LYP' belongs to the 'Hybrid GGA' family and is defined in the reference(s):
(0): P. J. Stephens, F. J. Devlin, C. F. Chabalowski, and M. J. Frisch.,  J. Phys. Chem. 98, 11623 (1994)
the post-scf functional 'xygjos' is employed, which contains
The density functional 'Slater exchange' belongs to the 'LDA' family and is defined in the reference(s):
(0): P. A. M. Dirac.,  Math. Proc. Cambridge Philos. Soc. 26, 376 (1930)
(1): F. Bloch.,  Z. Phys. 57, 545 (1929)
The density functional 'Becke 88' belongs to the 'GGA' family and is defined in the reference(s):
(0): A. D. Becke.,  Phys. Rev. A 38, 3098 (1988)
The density functional 'Vosko, Wilk & Nusair (VWN5_RPA)' belongs to the 'LDA' family and is defined in the reference(s):
(0): S. H. Vosko, L. Wilk, and M. Nusair.,  Can. J. Phys. 58, 1200 (1980)
The density functional 'Lee, Yang & Parr' belongs to the 'GGA' family and is defined in the reference(s):
(0): C. Lee, W. Yang, and R. G. Parr.,  Phys. Rev. B 37, 785 (1988)
(1): B. Miehlich, A. Savin, H. Stoll, and H. Preuss.,  Chem. Phys. Lett. 157, 200 (1989)
For SCF calculation, no core orbital is frozen by effective core potential (ECP) approximation
Libxc version used in REST: 7.0.0
nbas: 14, natm: 1 for standard basis sets
First valence state for the frozen-core algorithm:     1
final nbas: 52,final natm: 2
numbasis: 42, num_auxbas: 128
Molecule_name: cl
job_type = "SinglePoint"
print_level = 3
basis_path = "/home/symei/def2-TZVPP"
basis_type = "spheric"
auxbas_path = "/home/symei/def2-SV(P)-JKFIT"
auxbas_type = "spheric"
use_auxbas = true
even_tempered_basis = false
etb_start_atom_number = 1
etb_beta = 1.0
ri_k_only = false
auxbasis_response = false
use_isdf = false
isdf_k_only = false
isdf_k_mu = 8
isdf_new = false
eri_type = "ri_v"
use_ri_symm = true
xc = "xygjos"
post_xc = []
post_correlation = []
post_ai_correction = "none"
charge = 0.0
spin = 2.0
spin_channel = 2
spin_polarization = true
frozen_core_postscf = 2
frequency_points = 20
lambda_points = 20
freq_grid_type = 0
freq_cut_off = 10.0
radial_precision = 0.000000000001
min_num_angular_points = 110
max_num_angular_points = 590
grid_gen_level = 3
hardness = 3
pruning = "nwchem"
rad_grid_method = "treutler"
external_grids = "grids"
mixer = "diis"
mix_param = 0.2
num_max_diis = 8
start_diis_cycle = 1
start_check_oscillation = 20
max_scf_cycle = 100
scf_acc_rho = 0.00000001
scf_acc_eev = 0.000001
scf_acc_etot = 0.00000001
restart = false
chkfile = "none"
chkfile_type = "hdf5"
guessfile = "none"
guessfile_type = "none"
external_init_guess = false
initial_guess = "sad"
noiter = false
check_stab = false
use_dm_only = false
use_ri_vj = true
fciqmc_dump = false
outputs = []
cube_orb_setting = [3.0, 80.0]
cube_orb_indices = []
atom_sad = false
occupation_type = "INTEGER"
frac_tolerant = 0.001
deep_pot = false
bench_eps = false
num_threads = 4
batch_size = 64
nforce_displacement = 0.0013
force_state_occupation = []
auxiliary_reference_states = []
pt2_mpi_mode = 0

Unrestricted Hartree-Fock (or Kohn-Sham) algorithm is invoked.
Nuc_energy:       0.00000000 Hartree
no empirical dispersion correction is employed
No ghost effective potential
No ghost point charges
Detailed time report:
ri_v      |:    0.001 s for for RI dot aux_v^{-1/2}
all ri    |:    0.038 s for for the total evaluations of ri3fn
prim ri   |:    0.006 s for for the pure three-center integrals
aux_ij    |:    0.002 s for for the coulomb matrix of auxiliary basis
inv_sqrt  |:    0.028 s for for the sqrt inverse of aux_ij
Overlap matrix is nonsigular:
  Lowest eigenvalue:       0.04652848 with the total number of basis functions:     42
Grid size: 18880
Generate SAD of Cl
the functional of 'hf' contains
For SCF calculation, no core orbital is frozen by effective core potential (ECP) approximation
Libxc version used in REST: 7.0.0
nbas: 14, natm: 1 for standard basis sets
First valence state for the frozen-core algorithm:     0
final nbas: 52,final natm: 2
numbasis: 42, num_auxbas: 128
Restricted Hartree-Fock (or Kohn-Sham) algorithm is invoked.
Nuc_energy:       0.00000000 Hartree
no empirical dispersion correction is employed
No ghost effective potential
No ghost point charges
Detailed time report:
all ri    |:    0.007 s for for the total evaluations of ri3fn
inv_sqrt  |:    0.003 s for for the sqrt inverse of aux_ij
aux_ij    |:    0.001 s for for the coulomb matrix of auxiliary basis
ri_v      |:    0.001 s for for RI dot aux_v^{-1/2}
prim ri   |:    0.003 s for for the pure three-center integrals
Overlap matrix is nonsigular:
  Lowest eigenvalue:       0.04652848 with the total number of basis functions:     42
Grid size: 18880
Initial guess from SAP
The evaluation of vmat costs             0.02 seconds
Detailed time report:
ISDF      |:    0.000 s for ISDF initialization
InitGuess |:    0.018 s for Prepare initial guess
CInt      |:    0.009 s for Two, Three, and Four-center integrals
DFT Grids |:    0.038 s for Initialization of the tabulated Grids and AOs
Overall   |:    0.065 s for SCF Preparation
Exc:       0.00000000, Vxc:       0.00000000
The total energy:      -459.2587787392 Ha by the initial guess
Exc:       0.00000000, Vxc:       0.00000000
Energy:    -459.2783308781 Ha after    1 iterations (in       0.00 seconds).
Detailed timing info in this SCF step:
prepare_next_input:            0.00s
diagonalize_hamiltonian:       0.00s
generate_density_matrix:       0.00s
check_scf_convergence:         0.00s
scf_records.update:            0.00s
Exc:       0.00000000, Vxc:       0.00000000
SCF Change: DM 4.16297e-4; eev 3.41258e-2 Ha; etot 4.97374e-3 Ha
Energy:    -459.2733571368 Ha after    2 iterations (in       0.00 seconds).
Detailed timing info in this SCF step:
prepare_next_input:            0.00s
diagonalize_hamiltonian:       0.00s
generate_density_matrix:       0.00s
check_scf_convergence:         0.00s
scf_records.update:            0.00s
Exc:       0.00000000, Vxc:       0.00000000
SCF Change: DM 8.87050e-5; eev 9.75889e-3 Ha; etot -2.08542e-4 Ha
Energy:    -459.2735656792 Ha after    3 iterations (in       0.00 seconds).
Detailed timing info in this SCF step:
prepare_next_input:            0.00s
diagonalize_hamiltonian:       0.00s
generate_density_matrix:       0.00s
check_scf_convergence:         0.00s
scf_records.update:            0.00s
Exc:       0.00000000, Vxc:       0.00000000
SCF Change: DM 9.63077e-5; eev 1.28779e-2 Ha; etot 3.74402e-5 Ha
Energy:    -459.2735282390 Ha after    4 iterations (in       0.00 seconds).
Detailed timing info in this SCF step:
prepare_next_input:            0.00s
diagonalize_hamiltonian:       0.00s
generate_density_matrix:       0.00s
check_scf_convergence:         0.00s
scf_records.update:            0.00s
Exc:       0.00000000, Vxc:       0.00000000
SCF Change: DM 2.99590e-5; eev 1.91773e-3 Ha; etot 4.99156e-4 Ha
Energy:    -459.2730290828 Ha after    5 iterations (in       0.00 seconds).
Detailed timing info in this SCF step:
prepare_next_input:            0.00s
diagonalize_hamiltonian:       0.00s
generate_density_matrix:       0.00s
check_scf_convergence:         0.00s
scf_records.update:            0.00s
Exc:       0.00000000, Vxc:       0.00000000
SCF Change: DM 2.55777e-5; eev 4.25452e-3 Ha; etot -1.89356e-4 Ha
Energy:    -459.2732184384 Ha after    6 iterations (in       0.00 seconds).
Detailed timing info in this SCF step:
prepare_next_input:            0.00s
diagonalize_hamiltonian:       0.00s
generate_density_matrix:       0.00s
check_scf_convergence:         0.00s
scf_records.update:            0.00s
Exc:       0.00000000, Vxc:       0.00000000
SCF Change: DM 9.88118e-6; eev 4.11389e-4 Ha; etot -1.92860e-4 Ha
Energy:    -459.2734112980 Ha after    7 iterations (in       0.00 seconds).
Detailed timing info in this SCF step:
prepare_next_input:            0.00s
diagonalize_hamiltonian:       0.00s
generate_density_matrix:       0.00s
check_scf_convergence:         0.00s
scf_records.update:            0.00s
Exc:       0.00000000, Vxc:       0.00000000
SCF Change: DM 9.62776e-6; eev 1.61996e-3 Ha; etot 1.03541e-4 Ha
Energy:    -459.2733077569 Ha after    8 iterations (in       0.01 seconds).
Detailed timing info in this SCF step:
prepare_next_input:            0.01s
diagonalize_hamiltonian:       0.00s
generate_density_matrix:       0.00s
check_scf_convergence:         0.00s
scf_records.update:            0.00s
Exc:       0.00000000, Vxc:       0.00000000
SCF Change: DM 1.76789e-6; eev 6.36802e-4 Ha; etot -1.98254e-8 Ha
Energy:    -459.2733077768 Ha after    9 iterations (in       0.00 seconds).
Detailed timing info in this SCF step:
prepare_next_input:            0.00s
diagonalize_hamiltonian:       0.00s
generate_density_matrix:       0.00s
check_scf_convergence:         0.00s
scf_records.update:            0.00s
Exc:       0.00000000, Vxc:       0.00000000
SCF Change: DM 7.16332e-8; eev 3.10868e-5 Ha; etot -1.65227e-9 Ha
Energy:    -459.2733077784 Ha after   10 iterations (in       0.00 seconds).
Detailed timing info in this SCF step:
prepare_next_input:            0.00s
diagonalize_hamiltonian:       0.00s
generate_density_matrix:       0.00s
check_scf_convergence:         0.00s
scf_records.update:            0.00s
Exc:       0.00000000, Vxc:       0.00000000
SCF Change: DM 5.57786e-9; eev 1.39520e-6 Ha; etot -2.67164e-12 Ha
Energy:    -459.2733077784 Ha after   11 iterations (in       0.00 seconds).
Detailed timing info in this SCF step:
prepare_next_input:            0.00s
diagonalize_hamiltonian:       0.00s
generate_density_matrix:       0.00s
check_scf_convergence:         0.00s
scf_records.update:            0.00s
Exc:       0.00000000, Vxc:       0.00000000
SCF Change: DM 1.04090e-9; eev 7.42124e-8 Ha; etot 2.27374e-13 Ha
Energy:    -459.2733077784 Ha after   12 iterations (in       0.00 seconds).
Detailed timing info in this SCF step:
prepare_next_input:            0.00s
diagonalize_hamiltonian:       0.00s
generate_density_matrix:       0.00s
check_scf_convergence:         0.00s
scf_records.update:            0.00s
Exc:       0.00000000, Vxc:       0.00000000
SCF Change: DM 8.96246e-11; eev 1.70530e-9 Ha; etot -6.25278e-13 Ha
Energy:    -459.2733077784 Ha after   13 iterations (in       0.00 seconds).
Detailed timing info in this SCF step:
prepare_next_input:            0.00s
diagonalize_hamiltonian:       0.00s
generate_density_matrix:       0.00s
check_scf_convergence:         0.00s
scf_records.update:            0.00s
SCF is converged after   13 iterations.
   State    Occupation        Eigenvalue
       0       2.00000       -104.917068
       1       2.00000        -10.637929
       2       2.00000         -8.102687
       3       2.00000         -8.102687
       4       2.00000         -8.102687
       5       2.00000         -1.087188
       6       1.66667         -0.437988
       7       1.66667         -0.437988
       8       1.66667         -0.437988
       9       0.00000          0.476786
      10       0.00000          0.476786
      11       0.00000          0.476786
the job spends             0.11 seconds
electron number in alpha-channel:   8.50000000
electron number in beta-channel:    8.50000000
The evaluation of Vj, Vk and Vxc matrices cost       0.00,       0.00 and       0.03 seconds, respectively
Exc:     -22.66947524, Vxc:     -14.61348383
Initial guess HF energy:    -460.1123502313191693
Initial density matrix by Atom SAD:
                 0,           1,           2,           3,           4
    0     1.094787,    0.038950,   -0.302227,    0.063258,    0.043427
    1     0.038950,    0.054827,   -0.223357,    0.055705,    0.039886
    2    -0.302227,   -0.223357,    0.968294,   -0.369811,   -0.249278
    3     0.063258,    0.055705,   -0.369811,    0.556737,    0.344004
    4     0.043427,    0.039886,   -0.249278,    0.344004,    0.213165
    5    -0.000000,    0.000000,    0.000000,   -0.000000,   -0.000000
    6     0.000000,   -0.000000,   -0.000000,   -0.000000,   -0.000000
    7    -0.000000,   -0.000000,    0.000000,    0.000000,   -0.000000
    8    -0.000000,    0.000000,    0.000000,   -0.000000,   -0.000000
    9    -0.000000,   -0.000000,    0.000000,   -0.000000,   -0.000000
   10     0.000000,    0.000000,   -0.000000,    0.000000,    0.000000
   11    -0.000000,    0.000000,   -0.000000,    0.000000,    0.000000
   12     0.000000,    0.000000,   -0.000000,    0.000000,   -0.000000
   13    -0.000000,   -0.000000,    0.000000,   -0.000000,   -0.000000
   14     0.000000,   -0.000000,   -0.000000,    0.000000,   -0.000000
   15     0.000000,    0.000000,   -0.000000,    0.000000,    0.000000
   16     0.000000,    0.000000,   -0.000000,    0.000000,    0.000000
   17     0.000000,   -0.000000,   -0.000000,    0.000000,   -0.000000
   18    -0.000000,   -0.000000,    0.000000,   -0.000000,   -0.000000
   19    -0.000000,   -0.000000,    0.000000,   -0.000000,   -0.000000
   20     0.000000,    0.000000,   -0.000000,    0.000000,    0.000000
   21    -0.000000,   -0.000000,    0.000000,   -0.000000,   -0.000000
   22    -0.000000,   -0.000000,    0.000000,   -0.000000,   -0.000000
   23     0.000000,    0.000000,   -0.000000,    0.000000,    0.000000
   24    -0.000000,   -0.000000,    0.000000,   -0.000000,   -0.000000
   25     0.000000,    0.000000,   -0.000000,    0.000000,    0.000000
   26    -0.000000,   -0.000000,    0.000000,   -0.000000,   -0.000000
   27    -0.000000,   -0.000000,    0.000000,   -0.000000,   -0.000000
   28     0.000000,    0.000000,   -0.000000,    0.000000,    0.000000
   29     0.000000,    0.000000,   -0.000000,   -0.000000,   -0.000000
   30    -0.000000,   -0.000000,    0.000000,   -0.000000,   -0.000000
   31     0.000000,    0.000000,   -0.000000,   -0.000000,   -0.000000
   32     0.000000,    0.000000,   -0.000000,    0.000000,    0.000000
   33     0.000000,    0.000000,   -0.000000,    0.000000,    0.000000
   34    -0.000000,   -0.000000,    0.000000,   -0.000000,   -0.000000
   35     0.000000,    0.000000,   -0.000000,   -0.000000,   -0.000000
   36     0.000000,    0.000000,   -0.000000,    0.000000,    0.000000
   37     0.000000,    0.000000,   -0.000000,    0.000000,    0.000000
   38    -0.000000,   -0.000000,    0.000000,   -0.000000,   -0.000000
   39     0.000000,    0.000000,   -0.000000,    0.000000,    0.000000
   40    -0.000000,   -0.000000,    0.000000,   -0.000000,   -0.000000
   41    -0.000000,   -0.000000,    0.000000,    0.000000,    0.000000
                 5,           6,           7,           8,           9
    0    -0.000000,    0.000000,   -0.000000,   -0.000000,   -0.000000
    1     0.000000,   -0.000000,   -0.000000,    0.000000,   -0.000000
    2     0.000000,   -0.000000,    0.000000,    0.000000,    0.000000
    3    -0.000000,   -0.000000,    0.000000,   -0.000000,   -0.000000
    4    -0.000000,   -0.000000,   -0.000000,   -0.000000,   -0.000000
    5     0.549199,   -0.000000,   -0.000000,    0.266315,   -0.000000
    6    -0.000000,    0.549199,   -0.000000,    0.000000,    0.266315
    7    -0.000000,   -0.000000,    0.549199,    0.000000,    0.000000
    8     0.266315,    0.000000,    0.000000,    0.129166,    0.000000
    9    -0.000000,    0.266315,    0.000000,    0.000000,    0.129166
   10     0.000000,    0.000000,    0.266315,    0.000000,    0.000000
   11    -0.008279,   -0.000000,    0.000000,   -0.002575,   -0.000000
   12    -0.000000,   -0.008279,   -0.000000,    0.000000,   -0.002575
   13    -0.000000,   -0.000000,   -0.008279,   -0.000000,   -0.000000
   14    -0.127067,    0.000000,   -0.000000,   -0.058969,    0.000000
   15     0.000000,   -0.127067,   -0.000000,    0.000000,   -0.058969
   16     0.000000,   -0.000000,   -0.127067,    0.000000,   -0.000000
   17    -0.072880,   -0.000000,    0.000000,   -0.033674,   -0.000000
   18     0.000000,   -0.072880,    0.000000,    0.000000,   -0.033674
   19     0.000000,    0.000000,   -0.072880,    0.000000,    0.000000
   20    -0.000000,   -0.000000,    0.000000,   -0.000000,   -0.000000
   21     0.000000,   -0.000000,   -0.000000,    0.000000,   -0.000000
   22    -0.000000,    0.000000,   -0.000000,   -0.000000,    0.000000
   23    -0.000000,    0.000000,   -0.000000,   -0.000000,    0.000000
   24    -0.000000,    0.000000,    0.000000,   -0.000000,    0.000000
   25     0.000000,   -0.000000,   -0.000000,    0.000000,   -0.000000
   26     0.000000,   -0.000000,    0.000000,    0.000000,   -0.000000
   27     0.000000,   -0.000000,   -0.000000,    0.000000,   -0.000000
   28    -0.000000,   -0.000000,   -0.000000,   -0.000000,   -0.000000
   29    -0.000000,   -0.000000,   -0.000000,   -0.000000,   -0.000000
   30    -0.000000,   -0.000000,   -0.000000,   -0.000000,   -0.000000
   31    -0.000000,    0.000000,   -0.000000,   -0.000000,    0.000000
   32     0.000000,    0.000000,    0.000000,    0.000000,    0.000000
   33     0.000000,    0.000000,   -0.000000,    0.000000,    0.000000
   34    -0.000000,   -0.000000,    0.000000,   -0.000000,   -0.000000
   35     0.000000,    0.000000,    0.000000,    0.000000,    0.000000
   36     0.000000,    0.000000,   -0.000000,    0.000000,    0.000000
   37     0.000000,    0.000000,   -0.000000,   -0.000000,    0.000000
   38     0.000000,    0.000000,   -0.000000,    0.000000,   -0.000000
   39     0.000000,   -0.000000,    0.000000,    0.000000,   -0.000000
   40    -0.000000,   -0.000000,    0.000000,   -0.000000,   -0.000000
   41    -0.000000,    0.000000,   -0.000000,   -0.000000,    0.000000
                10,          11,          12,          13,          14
    0     0.000000,   -0.000000,    0.000000,   -0.000000,    0.000000
    1     0.000000,    0.000000,    0.000000,   -0.000000,   -0.000000
    2    -0.000000,   -0.000000,   -0.000000,    0.000000,   -0.000000
    3     0.000000,    0.000000,    0.000000,   -0.000000,    0.000000
    4     0.000000,    0.000000,   -0.000000,   -0.000000,   -0.000000
    5     0.000000,   -0.008279,   -0.000000,   -0.000000,   -0.127067
    6     0.000000,   -0.000000,   -0.008279,   -0.000000,    0.000000
    7     0.266315,    0.000000,   -0.000000,   -0.008279,   -0.000000
    8     0.000000,   -0.002575,    0.000000,   -0.000000,   -0.058969
    9     0.000000,   -0.000000,   -0.002575,   -0.000000,    0.000000
   10     0.129166,   -0.000000,   -0.000000,   -0.002575,   -0.000000
   11    -0.000000,    0.081808,   -0.000000,   -0.000000,    0.152145
   12    -0.000000,   -0.000000,    0.081808,    0.000000,   -0.000000
   13    -0.002575,   -0.000000,    0.000000,    0.081808,    0.000000
   14    -0.000000,    0.152145,   -0.000000,    0.000000,    0.305697
   15    -0.000000,   -0.000000,    0.152145,    0.000000,   -0.000000
   16    -0.058969,   -0.000000,    0.000000,    0.152145,    0.000000
   17     0.000000,    0.095665,    0.000000,    0.000000,    0.190785
   18     0.000000,   -0.000000,    0.095665,    0.000000,   -0.000000
   19    -0.033674,   -0.000000,   -0.000000,    0.095665,   -0.000000
   20     0.000000,    0.000000,   -0.000000,    0.000000,    0.000000
   21    -0.000000,   -0.000000,    0.000000,    0.000000,   -0.000000
   22    -0.000000,    0.000000,   -0.000000,    0.000000,    0.000000
   23    -0.000000,    0.000000,   -0.000000,    0.000000,    0.000000
   24     0.000000,   -0.000000,   -0.000000,   -0.000000,   -0.000000
   25    -0.000000,    0.000000,    0.000000,    0.000000,    0.000000
   26     0.000000,   -0.000000,    0.000000,    0.000000,   -0.000000
   27    -0.000000,   -0.000000,    0.000000,    0.000000,   -0.000000
   28    -0.000000,    0.000000,   -0.000000,    0.000000,    0.000000
   29    -0.000000,    0.000000,    0.000000,   -0.000000,    0.000000
   30    -0.000000,    0.000000,    0.000000,    0.000000,    0.000000
   31    -0.000000,    0.000000,   -0.000000,    0.000000,    0.000000
   32     0.000000,   -0.000000,    0.000000,   -0.000000,   -0.000000
   33    -0.000000,   -0.000000,   -0.000000,    0.000000,   -0.000000
   34     0.000000,    0.000000,   -0.000000,   -0.000000,    0.000000
   35     0.000000,   -0.000000,   -0.000000,    0.000000,   -0.000000
   36    -0.000000,   -0.000000,   -0.000000,    0.000000,   -0.000000
   37    -0.000000,   -0.000000,   -0.000000,    0.000000,   -0.000000
   38    -0.000000,   -0.000000,   -0.000000,    0.000000,   -0.000000
   39     0.000000,   -0.000000,   -0.000000,    0.000000,   -0.000000
   40     0.000000,    0.000000,    0.000000,   -0.000000,    0.000000
   41    -0.000000,    0.000000,   -0.000000,    0.000000,    0.000000
                15,          16,          17,          18,          19
    0     0.000000,    0.000000,    0.000000,   -0.000000,   -0.000000
    1     0.000000,    0.000000,   -0.000000,   -0.000000,   -0.000000
    2    -0.000000,   -0.000000,   -0.000000,    0.000000,    0.000000
    3     0.000000,    0.000000,    0.000000,   -0.000000,   -0.000000
    4     0.000000,    0.000000,   -0.000000,   -0.000000,   -0.000000
    5     0.000000,    0.000000,   -0.072880,    0.000000,    0.000000
    6    -0.127067,   -0.000000,   -0.000000,   -0.072880,    0.000000
    7    -0.000000,   -0.127067,    0.000000,    0.000000,   -0.072880
    8     0.000000,    0.000000,   -0.033674,    0.000000,    0.000000
    9    -0.058969,   -0.000000,   -0.000000,   -0.033674,    0.000000
   10    -0.000000,   -0.058969,    0.000000,    0.000000,   -0.033674
   11    -0.000000,   -0.000000,    0.095665,   -0.000000,   -0.000000
   12     0.152145,    0.000000,    0.000000,    0.095665,   -0.000000
   13     0.000000,    0.152145,    0.000000,    0.000000,    0.095665
   14    -0.000000,    0.000000,    0.190785,   -0.000000,   -0.000000
   15     0.305697,    0.000000,    0.000000,    0.190785,   -0.000000
   16     0.000000,    0.305697,   -0.000000,   -0.000000,    0.190785
   17     0.000000,   -0.000000,    0.119151,   -0.000000,   -0.000000
   18     0.190785,   -0.000000,   -0.000000,    0.119151,   -0.000000
   19    -0.000000,    0.190785,   -0.000000,   -0.000000,    0.119151
   20    -0.000000,    0.000000,    0.000000,   -0.000000,    0.000000
   21     0.000000,    0.000000,   -0.000000,    0.000000,    0.000000
   22    -0.000000,    0.000000,    0.000000,   -0.000000,    0.000000
   23    -0.000000,    0.000000,    0.000000,   -0.000000,    0.000000
   24    -0.000000,   -0.000000,   -0.000000,   -0.000000,   -0.000000
   25     0.000000,    0.000000,    0.000000,    0.000000,    0.000000
   26     0.000000,    0.000000,   -0.000000,    0.000000,    0.000000
   27     0.000000,    0.000000,   -0.000000,    0.000000,    0.000000
   28    -0.000000,    0.000000,    0.000000,   -0.000000,    0.000000
   29     0.000000,   -0.000000,    0.000000,    0.000000,   -0.000000
   30     0.000000,    0.000000,    0.000000,    0.000000,    0.000000
   31    -0.000000,    0.000000,    0.000000,   -0.000000,    0.000000
   32     0.000000,   -0.000000,   -0.000000,    0.000000,   -0.000000
   33    -0.000000,    0.000000,   -0.000000,   -0.000000,    0.000000
   34    -0.000000,   -0.000000,    0.000000,   -0.000000,   -0.000000
   35    -0.000000,    0.000000,   -0.000000,   -0.000000,    0.000000
   36    -0.000000,    0.000000,   -0.000000,   -0.000000,    0.000000
   37    -0.000000,    0.000000,   -0.000000,   -0.000000,    0.000000
   38    -0.000000,    0.000000,   -0.000000,   -0.000000,    0.000000
   39     0.000000,    0.000000,   -0.000000,    0.000000,    0.000000
   40     0.000000,   -0.000000,    0.000000,    0.000000,   -0.000000
   41    -0.000000,    0.000000,    0.000000,   -0.000000,    0.000000
                20,          21,          22,          23,          24
    0     0.000000,   -0.000000,   -0.000000,    0.000000,   -0.000000
    1     0.000000,   -0.000000,   -0.000000,    0.000000,   -0.000000
    2    -0.000000,    0.000000,    0.000000,   -0.000000,    0.000000
    3     0.000000,   -0.000000,   -0.000000,    0.000000,   -0.000000
    4     0.000000,   -0.000000,   -0.000000,    0.000000,   -0.000000
    5    -0.000000,    0.000000,   -0.000000,   -0.000000,   -0.000000
    6    -0.000000,   -0.000000,    0.000000,    0.000000,    0.000000
    7     0.000000,   -0.000000,   -0.000000,   -0.000000,    0.000000
    8    -0.000000,    0.000000,   -0.000000,   -0.000000,   -0.000000
    9    -0.000000,   -0.000000,    0.000000,    0.000000,    0.000000
   10     0.000000,   -0.000000,   -0.000000,   -0.000000,    0.000000
   11     0.000000,   -0.000000,    0.000000,    0.000000,   -0.000000
   12    -0.000000,    0.000000,   -0.000000,   -0.000000,   -0.000000
   13     0.000000,    0.000000,    0.000000,    0.000000,   -0.000000
   14     0.000000,   -0.000000,    0.000000,    0.000000,   -0.000000
   15    -0.000000,    0.000000,   -0.000000,   -0.000000,   -0.000000
   16     0.000000,    0.000000,    0.000000,    0.000000,   -0.000000
   17     0.000000,   -0.000000,    0.000000,    0.000000,   -0.000000
   18    -0.000000,    0.000000,   -0.000000,   -0.000000,   -0.000000
   19     0.000000,    0.000000,    0.000000,    0.000000,   -0.000000
   20     0.000000,   -0.000000,    0.000000,    0.000000,   -0.000000
   21    -0.000000,    0.000000,   -0.000000,    0.000000,   -0.000000
   22     0.000000,   -0.000000,    0.000000,    0.000000,   -0.000000
   23     0.000000,    0.000000,    0.000000,    0.000000,    0.000000
   24    -0.000000,   -0.000000,   -0.000000,    0.000000,    0.000000
   25     0.000000,    0.000000,   -0.000000,   -0.000000,   -0.000000
   26    -0.000000,    0.000000,   -0.000000,   -0.000000,   -0.000000
   27    -0.000000,    0.000000,    0.000000,   -0.000000,   -0.000000
   28     0.000000,    0.000000,    0.000000,    0.000000,   -0.000000
   29     0.000000,   -0.000000,    0.000000,    0.000000,    0.000000
   30    -0.000000,    0.000000,   -0.000000,   -0.000000,   -0.000000
   31     0.000000,    0.000000,    0.000000,    0.000000,    0.000000
   32    -0.000000,    0.000000,   -0.000000,   -0.000000,    0.000000
   33    -0.000000,    0.000000,    0.000000,    0.000000,   -0.000000
   34     0.000000,   -0.000000,    0.000000,    0.000000,   -0.000000
   35     0.000000,   -0.000000,    0.000000,    0.000000,    0.000000
   36     0.000000,    0.000000,   -0.000000,    0.000000,    0.000000
   37     0.000000,   -0.000000,    0.000000,    0.000000,    0.000000
   38     0.000000,    0.000000,    0.000000,    0.000000,   -0.000000
   39    -0.000000,    0.000000,   -0.000000,   -0.000000,    0.000000
   40     0.000000,   -0.000000,    0.000000,   -0.000000,   -0.000000
   41     0.000000,   -0.000000,    0.000000,    0.000000,   -0.000000
                25,          26,          27,          28,          29
    0     0.000000,   -0.000000,   -0.000000,    0.000000,    0.000000
    1     0.000000,   -0.000000,   -0.000000,    0.000000,    0.000000
    2    -0.000000,    0.000000,    0.000000,   -0.000000,   -0.000000
    3     0.000000,   -0.000000,   -0.000000,    0.000000,   -0.000000
    4     0.000000,   -0.000000,   -0.000000,    0.000000,   -0.000000
    5     0.000000,    0.000000,    0.000000,   -0.000000,   -0.000000
    6    -0.000000,   -0.000000,   -0.000000,   -0.000000,   -0.000000
    7    -0.000000,    0.000000,   -0.000000,   -0.000000,   -0.000000
    8     0.000000,    0.000000,    0.000000,   -0.000000,   -0.000000
    9    -0.000000,   -0.000000,   -0.000000,   -0.000000,   -0.000000
   10    -0.000000,    0.000000,   -0.000000,   -0.000000,   -0.000000
   11     0.000000,   -0.000000,   -0.000000,    0.000000,    0.000000
   12     0.000000,    0.000000,    0.000000,   -0.000000,    0.000000
   13     0.000000,    0.000000,    0.000000,    0.000000,   -0.000000
   14     0.000000,   -0.000000,   -0.000000,    0.000000,    0.000000
   15     0.000000,    0.000000,    0.000000,   -0.000000,    0.000000
   16     0.000000,    0.000000,    0.000000,    0.000000,   -0.000000
   17     0.000000,   -0.000000,   -0.000000,    0.000000,    0.000000
   18     0.000000,    0.000000,    0.000000,   -0.000000,    0.000000
   19     0.000000,    0.000000,    0.000000,    0.000000,   -0.000000
   20     0.000000,   -0.000000,   -0.000000,    0.000000,    0.000000
   21     0.000000,    0.000000,    0.000000,    0.000000,   -0.000000
   22    -0.000000,   -0.000000,    0.000000,    0.000000,    0.000000
   23    -0.000000,   -0.000000,   -0.000000,    0.000000,    0.000000
   24    -0.000000,   -0.000000,   -0.000000,   -0.000000,    0.000000
   25     0.000000,    0.000000,    0.000000,    0.000000,    0.000000
   26     0.000000,    0.000000,    0.000000,    0.000000,   -0.000000
   27     0.000000,    0.000000,    0.000000,    0.000000,   -0.000000
   28     0.000000,    0.000000,    0.000000,    0.000000,    0.000000
   29     0.000000,   -0.000000,   -0.000000,    0.000000,    0.000000
   30     0.000000,    0.000000,   -0.000000,    0.000000,    0.000000
   31    -0.000000,   -0.000000,    0.000000,    0.000000,   -0.000000
   32    -0.000000,    0.000000,    0.000000,   -0.000000,   -0.000000
   33     0.000000,    0.000000,    0.000000,    0.000000,   -0.000000
   34     0.000000,   -0.000000,   -0.000000,    0.000000,    0.000000
   35    -0.000000,   -0.000000,   -0.000000,    0.000000,   -0.000000
   36    -0.000000,   -0.000000,    0.000000,    0.000000,   -0.000000
   37    -0.000000,   -0.000000,   -0.000000,    0.000000,   -0.000000
   38     0.000000,    0.000000,    0.000000,    0.000000,   -0.000000
   39     0.000000,    0.000000,    0.000000,   -0.000000,   -0.000000
   40     0.000000,    0.000000,   -0.000000,   -0.000000,    0.000000
   41     0.000000,   -0.000000,   -0.000000,    0.000000,    0.000000
                30,          31,          32,          33,          34
    0    -0.000000,    0.000000,    0.000000,    0.000000,   -0.000000
    1    -0.000000,    0.000000,    0.000000,    0.000000,   -0.000000
    2     0.000000,   -0.000000,   -0.000000,   -0.000000,    0.000000
    3    -0.000000,   -0.000000,    0.000000,    0.000000,   -0.000000
    4    -0.000000,   -0.000000,    0.000000,    0.000000,   -0.000000
    5    -0.000000,   -0.000000,    0.000000,    0.000000,   -0.000000
    6    -0.000000,    0.000000,    0.000000,    0.000000,   -0.000000
    7    -0.000000,   -0.000000,    0.000000,   -0.000000,    0.000000
    8    -0.000000,   -0.000000,    0.000000,    0.000000,   -0.000000
    9    -0.000000,    0.000000,    0.000000,    0.000000,   -0.000000
   10    -0.000000,   -0.000000,    0.000000,   -0.000000,    0.000000
   11     0.000000,    0.000000,   -0.000000,   -0.000000,    0.000000
   12     0.000000,   -0.000000,    0.000000,   -0.000000,   -0.000000
   13     0.000000,    0.000000,   -0.000000,    0.000000,   -0.000000
   14     0.000000,    0.000000,   -0.000000,   -0.000000,    0.000000
   15     0.000000,   -0.000000,    0.000000,   -0.000000,   -0.000000
   16     0.000000,    0.000000,   -0.000000,    0.000000,   -0.000000
   17     0.000000,    0.000000,   -0.000000,   -0.000000,    0.000000
   18     0.000000,   -0.000000,    0.000000,   -0.000000,   -0.000000
   19     0.000000,    0.000000,   -0.000000,    0.000000,   -0.000000
   20    -0.000000,    0.000000,   -0.000000,   -0.000000,    0.000000
   21     0.000000,    0.000000,    0.000000,    0.000000,   -0.000000
   22    -0.000000,    0.000000,   -0.000000,    0.000000,    0.000000
   23    -0.000000,    0.000000,   -0.000000,    0.000000,    0.000000
   24    -0.000000,    0.000000,    0.000000,   -0.000000,   -0.000000
   25     0.000000,   -0.000000,   -0.000000,    0.000000,    0.000000
   26     0.000000,   -0.000000,    0.000000,    0.000000,   -0.000000
   27    -0.000000,    0.000000,    0.000000,    0.000000,   -0.000000
   28     0.000000,    0.000000,   -0.000000,    0.000000,    0.000000
   29     0.000000,   -0.000000,   -0.000000,   -0.000000,    0.000000
   30     0.000000,   -0.000000,   -0.000000,    0.000000,    0.000000
   31    -0.000000,    0.000000,   -0.000000,    0.000000,    0.000000
   32    -0.000000,   -0.000000,    0.000000,   -0.000000,   -0.000000
   33     0.000000,    0.000000,   -0.000000,    0.000000,   -0.000000
   34     0.000000,    0.000000,   -0.000000,   -0.000000,    0.000000
   35    -0.000000,    0.000000,    0.000000,    0.000000,   -0.000000
   36    -0.000000,    0.000000,    0.000000,    0.000000,   -0.000000
   37    -0.000000,    0.000000,    0.000000,    0.000000,   -0.000000
   38     0.000000,    0.000000,   -0.000000,    0.000000,   -0.000000
   39    -0.000000,   -0.000000,    0.000000,    0.000000,   -0.000000
   40     0.000000,   -0.000000,   -0.000000,   -0.000000,    0.000000
   41     0.000000,    0.000000,   -0.000000,    0.000000,    0.000000
                35,          36,          37,          38,          39
    0     0.000000,    0.000000,    0.000000,   -0.000000,    0.000000
    1     0.000000,    0.000000,    0.000000,   -0.000000,    0.000000
    2    -0.000000,   -0.000000,   -0.000000,    0.000000,   -0.000000
    3    -0.000000,    0.000000,    0.000000,   -0.000000,    0.000000
    4    -0.000000,    0.000000,    0.000000,   -0.000000,    0.000000
    5     0.000000,    0.000000,    0.000000,    0.000000,    0.000000
    6     0.000000,    0.000000,    0.000000,    0.000000,   -0.000000
    7     0.000000,   -0.000000,   -0.000000,   -0.000000,    0.000000
    8     0.000000,    0.000000,   -0.000000,    0.000000,    0.000000
    9     0.000000,    0.000000,    0.000000,   -0.000000,   -0.000000
   10     0.000000,   -0.000000,   -0.000000,   -0.000000,    0.000000
   11    -0.000000,   -0.000000,   -0.000000,   -0.000000,   -0.000000
   12    -0.000000,   -0.000000,   -0.000000,   -0.000000,   -0.000000
   13     0.000000,    0.000000,    0.000000,    0.000000,    0.000000
   14    -0.000000,   -0.000000,   -0.000000,   -0.000000,   -0.000000
   15    -0.000000,   -0.000000,   -0.000000,   -0.000000,    0.000000
   16     0.000000,    0.000000,    0.000000,    0.000000,    0.000000
   17    -0.000000,   -0.000000,   -0.000000,   -0.000000,   -0.000000
   18    -0.000000,   -0.000000,   -0.000000,   -0.000000,    0.000000
   19     0.000000,    0.000000,    0.000000,    0.000000,    0.000000
   20     0.000000,    0.000000,    0.000000,    0.000000,   -0.000000
   21    -0.000000,    0.000000,   -0.000000,    0.000000,    0.000000
   22     0.000000,   -0.000000,    0.000000,    0.000000,   -0.000000
   23     0.000000,    0.000000,    0.000000,    0.000000,   -0.000000
   24     0.000000,    0.000000,    0.000000,   -0.000000,    0.000000
   25    -0.000000,   -0.000000,   -0.000000,    0.000000,    0.000000
   26    -0.000000,   -0.000000,   -0.000000,    0.000000,    0.000000
   27    -0.000000,    0.000000,   -0.000000,    0.000000,    0.000000
   28     0.000000,    0.000000,    0.000000,    0.000000,   -0.000000
   29    -0.000000,   -0.000000,   -0.000000,   -0.000000,   -0.000000
   30    -0.000000,   -0.000000,   -0.000000,    0.000000,   -0.000000
   31     0.000000,    0.000000,    0.000000,    0.000000,   -0.000000
   32     0.000000,    0.000000,    0.000000,   -0.000000,    0.000000
   33     0.000000,    0.000000,    0.000000,    0.000000,    0.000000
   34    -0.000000,   -0.000000,   -0.000000,   -0.000000,   -0.000000
   35     0.000000,    0.000000,    0.000000,    0.000000,   -0.000000
   36     0.000000,    0.000000,    0.000000,    0.000000,    0.000000
   37     0.000000,    0.000000,    0.000000,    0.000000,    0.000000
   38     0.000000,    0.000000,    0.000000,    0.000000,    0.000000
   39    -0.000000,    0.000000,    0.000000,    0.000000,    0.000000
   40    -0.000000,   -0.000000,   -0.000000,   -0.000000,   -0.000000
   41     0.000000,   -0.000000,    0.000000,    0.000000,   -0.000000
                40,          41
    0    -0.000000,   -0.000000
    1    -0.000000,   -0.000000
    2     0.000000,    0.000000
    3    -0.000000,    0.000000
    4    -0.000000,    0.000000
    5    -0.000000,   -0.000000
    6    -0.000000,    0.000000
    7     0.000000,   -0.000000
    8    -0.000000,   -0.000000
    9    -0.000000,    0.000000
   10     0.000000,   -0.000000
   11     0.000000,    0.000000
   12     0.000000,   -0.000000
   13    -0.000000,    0.000000
   14     0.000000,    0.000000
   15     0.000000,   -0.000000
   16    -0.000000,    0.000000
   17     0.000000,    0.000000
   18     0.000000,   -0.000000
   19    -0.000000,    0.000000
   20     0.000000,    0.000000
   21    -0.000000,   -0.000000
   22     0.000000,    0.000000
   23    -0.000000,    0.000000
   24    -0.000000,   -0.000000
   25     0.000000,    0.000000
   26     0.000000,   -0.000000
   27    -0.000000,   -0.000000
   28    -0.000000,    0.000000
   29     0.000000,    0.000000
   30     0.000000,    0.000000
   31    -0.000000,    0.000000
   32    -0.000000,   -0.000000
   33    -0.000000,    0.000000
   34     0.000000,    0.000000
   35    -0.000000,    0.000000
   36    -0.000000,   -0.000000
   37    -0.000000,    0.000000
   38    -0.000000,    0.000000
   39    -0.000000,   -0.000000
   40     0.000000,    0.000000
   41     0.000000,    0.000000
Detailed time report:
CInt      |:    0.044 s for Two, Three, and Four-center integrals
Overall   |:    0.353 s for SCF Preparation
ISDF      |:    0.000 s for ISDF initialization
DFT Grids |:    0.146 s for Initialization of the tabulated Grids and AOs
InitGuess |:    0.164 s for Prepare initial guess
electron number in alpha-channel:   9.00000000
electron number in beta-channel:    8.00000000
The evaluation of Vj, Vk and Vxc matrices cost       0.00,       0.00 and       0.03 seconds, respectively
Exc:     -22.73645334, Vxc:     -14.65718807
The total energy:      -460.1630183101 Ha by the initial guess
electron number in alpha-channel:   9.00000000
electron number in beta-channel:    8.00000000
The evaluation of Vj, Vk and Vxc matrices cost       0.00,       0.00 and       0.02 seconds, respectively
Exc:     -22.69876206, Vxc:     -14.63250122
Hamiltonian: generation by       0.03s and DIIS extrapolation by       0.00s
Energy:    -460.1666502284 Ha with <S^2> =  0.753 and <2S+1> =  2.003 after    1 iterations (in       0.03 seconds).
Detailed timing info in this SCF step:
prepare_next_input:            0.03s
diagonalize_hamiltonian:       0.00s
generate_density_matrix:       0.00s
check_scf_convergence:         0.00s
scf_records.update:            0.00s
electron number in alpha-channel:   9.00000000
electron number in beta-channel:    8.00000000
The evaluation of Vj, Vk and Vxc matrices cost       0.00,       0.00 and       0.02 seconds, respectively
Exc:     -22.72941859, Vxc:     -14.65256701
Hamiltonian: generation by       0.02s and DIIS extrapolation by       0.00s
SCF Change: DM (3.57298e-4,3.71222e-4); eev 1.20875e-1 Ha; etot -2.27102e-4 Ha
Energy:    -460.1668773309 Ha with <S^2> =  0.753 and <2S+1> =  2.003 after    2 iterations (in       0.03 seconds).
Detailed timing info in this SCF step:
prepare_next_input:            0.02s
diagonalize_hamiltonian:       0.00s
generate_density_matrix:       0.00s
check_scf_convergence:         0.00s
scf_records.update:            0.00s
electron number in alpha-channel:   9.00000000
electron number in beta-channel:    8.00000000
The evaluation of Vj, Vk and Vxc matrices cost       0.00,       0.00 and       0.02 seconds, respectively
Exc:     -22.71556775, Vxc:     -14.64349566
Hamiltonian: generation by       0.02s and DIIS extrapolation by       0.00s
SCF Change: DM (4.22650e-5,2.15627e-5); eev 9.48407e-3 Ha; etot -1.46261e-4 Ha
Energy:    -460.1670235915 Ha with <S^2> =  0.753 and <2S+1> =  2.003 after    3 iterations (in       0.02 seconds).
Detailed timing info in this SCF step:
prepare_next_input:            0.02s
diagonalize_hamiltonian:       0.00s
generate_density_matrix:       0.00s
check_scf_convergence:         0.00s
scf_records.update:            0.00s
electron number in alpha-channel:   9.00000000
electron number in beta-channel:    8.00000000
The evaluation of Vj, Vk and Vxc matrices cost       0.00,       0.00 and       0.02 seconds, respectively
Exc:     -22.71683193, Vxc:     -14.64432257
Hamiltonian: generation by       0.02s and DIIS extrapolation by       0.00s
SCF Change: DM (3.15796e-6,2.56862e-6); eev 5.49588e-4 Ha; etot -2.12576e-6 Ha
Energy:    -460.1670257173 Ha with <S^2> =  0.753 and <2S+1> =  2.003 after    4 iterations (in       0.02 seconds).
Detailed timing info in this SCF step:
prepare_next_input:            0.02s
diagonalize_hamiltonian:       0.00s
generate_density_matrix:       0.00s
check_scf_convergence:         0.00s
scf_records.update:            0.00s
electron number in alpha-channel:   9.00000000
electron number in beta-channel:    8.00000000
The evaluation of Vj, Vk and Vxc matrices cost       0.00,       0.00 and       0.02 seconds, respectively
Exc:     -22.71688908, Vxc:     -14.64435988
Hamiltonian: generation by       0.02s and DIIS extrapolation by       0.00s
SCF Change: DM (5.57056e-7,3.83110e-7); eev 1.30001e-4 Ha; etot -1.11488e-8 Ha
Energy:    -460.1670257284 Ha with <S^2> =  0.753 and <2S+1> =  2.003 after    5 iterations (in       0.02 seconds).
Detailed timing info in this SCF step:
prepare_next_input:            0.02s
diagonalize_hamiltonian:       0.00s
generate_density_matrix:       0.00s
check_scf_convergence:         0.00s
scf_records.update:            0.00s
electron number in alpha-channel:   9.00000000
electron number in beta-channel:    8.00000000
The evaluation of Vj, Vk and Vxc matrices cost       0.00,       0.00 and       0.02 seconds, respectively
Exc:     -22.71687632, Vxc:     -14.64435152
Hamiltonian: generation by       0.02s and DIIS extrapolation by       0.00s
SCF Change: DM (4.16624e-8,7.01071e-8); eev 4.74489e-6 Ha; etot -2.55056e-10 Ha
Energy:    -460.1670257287 Ha with <S^2> =  0.753 and <2S+1> =  2.003 after    6 iterations (in       0.02 seconds).
Detailed timing info in this SCF step:
prepare_next_input:            0.02s
diagonalize_hamiltonian:       0.00s
generate_density_matrix:       0.00s
check_scf_convergence:         0.00s
scf_records.update:            0.00s
electron number in alpha-channel:   9.00000000
electron number in beta-channel:    8.00000000
The evaluation of Vj, Vk and Vxc matrices cost       0.00,       0.00 and       0.02 seconds, respectively
Exc:     -22.71687671, Vxc:     -14.64435177
Hamiltonian: generation by       0.02s and DIIS extrapolation by       0.00s
SCF Change: DM (7.67570e-9,6.11119e-9); eev 4.03147e-7 Ha; etot -3.12639e-12 Ha
Energy:    -460.1670257287 Ha with <S^2> =  0.753 and <2S+1> =  2.003 after    7 iterations (in       0.02 seconds).
Detailed timing info in this SCF step:
prepare_next_input:            0.02s
diagonalize_hamiltonian:       0.00s
generate_density_matrix:       0.00s
check_scf_convergence:         0.00s
scf_records.update:            0.00s
SCF is converged after    7 iterations.
Spin-up eigenvalues
 
   State    Occupation        Eigenvalue
       0       1.00000       -101.575320
       1       1.00000         -9.503748
       2       1.00000         -7.276675
       3       1.00000         -7.253987
       4       1.00000         -7.253987
       5       1.00000         -0.847553
       6       1.00000         -0.410213
       7       1.00000         -0.355402
       8       1.00000         -0.355402
       9       0.00000          0.307595
      10       0.00000          0.330731
      11       0.00000          0.330731
 
Spin-down eigenvalues
 
   State    Occupation        Eigenvalue
       0       1.00000       -101.567883
       1       1.00000         -9.497162
       2       1.00000         -7.253902
       3       1.00000         -7.249930
       4       1.00000         -7.249930
       5       1.00000         -0.794152
       6       1.00000         -0.340546
       7       1.00000         -0.340546
       8       0.00000         -0.245772
       9       0.00000          0.335070
      10       0.00000          0.335070
      11       0.00000          0.341212
==========================================
Now evaluate the    PT2 correlation energy
==========================================
generate RI3MO only for occ_range:1..9, vir_range:8..42
Finish the RI3MO generation
Exc_scf: (-22.716876667824735,0.2),Exc_pos: (-6.333976543636859,0.7731)
----------------------------------------------------------------------
Methods         :       Total Corr,          OS Corr,          SS Corr
----------------------------------------------------------------------
PT2             :      -0.40803895,      -0.29743190,      -0.11060705
----------------------------------------------------------------------
Fifth-rung correlation energy :      -0.129799281905 Ha
E[XYGJOS]=:    -459.68744780 Ha, Ex[HF]:     -27.52315985 Ha, Ec[PT2  ]:      -0.40803895 Ha
Detailed time report:
c_r5dft   |:    0.002 s for for advanced correlations
ao2mo     |:    0.003 s for for the generation of RI3MO
xc_energy |:    0.061 s for for x_hf, xc_scf, xc_xdh
Mulliken population:
 0-Cl-S-0              2.01308
 0-Cl-S-0              0.43205
 0-Cl-S-0              1.52559
 0-Cl-S-0              1.18255
 0-Cl-S-0              0.84524
 0-Cl-P-0              1.39741
 0-Cl-P-1              1.38385
 0-Cl-P-2              1.40510
 0-Cl-P-0              0.55493
 0-Cl-P-1              0.56267
 0-Cl-P-2              0.55054
 0-Cl-P-0              0.38589
 0-Cl-P-1              0.31224
 0-Cl-P-2              0.42762
 0-Cl-P-0              0.89434
 0-Cl-P-1              0.69005
 0-Cl-P-2              1.01007
 0-Cl-P-0              0.49532
 0-Cl-P-1              0.35407
 0-Cl-P-2              0.57535
 0-Cl-D-0              0.00045
 0-Cl-D-1              0.00005
 0-Cl-D-2              0.00016
 0-Cl-D-3              0.00002
 0-Cl-D-4              0.00011
 0-Cl-D-0              0.00002
 0-Cl-D-1              0.00000
 0-Cl-D-2              0.00001
 0-Cl-D-3              0.00000
 0-Cl-D-4              0.00000
 0-Cl-D-0              0.00039
 0-Cl-D-1              0.00004
 0-Cl-D-2              0.00014
 0-Cl-D-3              0.00002
 0-Cl-D-4              0.00009
 0-Cl-F-0              0.00014
 0-Cl-F-1              0.00009
 0-Cl-F-2              0.00007
 0-Cl-F-3              0.00006
 0-Cl-F-4              0.00003
 0-Cl-F-5              0.00003
 0-Cl-F-6              0.00014
Mulliken population analysis:
  0-Cl :  -0.000000

====================================================
              REST: Mission accomplished
====================================================
The SCF energy        :    -460.1670257287 Ha
The (R)-xDH energy    :    -459.6874477977 Ha
Detailed time report:
PT2       |:    0.065 s for the PT2 evaluation
SCF       |:    0.555 s for the scf procedure
Overall   |:    1.125 s for the whole job
