=========================================================
Input parameters for the REST calculation
=========================================================
Calculation type: Single-point energy
The exchange-correlation method: xygjos
Print level:                1
The number of threads used for parallelism:      4
The spheric-GTO basis set is taken from /home/symei/def2-TZVPP-angm
The pruning method is nwchem
The radial grid generation method is treutler
ERI Type: ri_v
Turn on the basis pair symmetry for RI 3D-tensors
The spheric-GTO auxiliary basis set is taken from /home/symei/def2-SV(P)-JKFIT
Spin polarization: Off
Charge:   0; Spin:   1
min_num_angular_points: 110
max_num_angular_points: 590
hardness: 3
Grid generation level: 3
Even tempered basis generation: false
SCF convergency thresholds: 1e-8 for density matrix
                            1e-8 Ha. for sum of eigenvalues
                            1e-8 Ha. for total energy
Max. SCF cycle number:      250
The diis mixing with (param, max_vec_len) = (0.2, 8) is employed for the SCF procedure
Turn on the diis mixing after 1 step(s) of SCF iteractions with the linear mixing
The specified checkfile exists but is not loaded because the keyword 'external_init_guess' is specified
It will be updated after the SCF procedure 
(none)
Initial guess is prepared by (sad).
It is a finite cluster calculation
the scf functional for 'xygjos' contains
The density functional 'B3LYP' belongs to the 'Hybrid GGA' family and is defined in the reference(s):
(0): P. J. Stephens, F. J. Devlin, C. F. Chabalowski, and M. J. Frisch.,  J. Phys. Chem. 98, 11623 (1994)
the post-scf functional 'xygjos' is employed, which contains
The density functional 'Slater exchange' belongs to the 'LDA' family and is defined in the reference(s):
(0): P. A. M. Dirac.,  Math. Proc. Cambridge Philos. Soc. 26, 376 (1930)
(1): F. Bloch.,  Z. Phys. 57, 545 (1929)
The density functional 'Becke 88' belongs to the 'GGA' family and is defined in the reference(s):
(0): A. D. Becke.,  Phys. Rev. A 38, 3098 (1988)
The density functional 'Vosko, Wilk & Nusair (VWN5_RPA)' belongs to the 'LDA' family and is defined in the reference(s):
(0): S. H. Vosko, L. Wilk, and M. Nusair.,  Can. J. Phys. 58, 1200 (1980)
The density functional 'Lee, Yang & Parr' belongs to the 'GGA' family and is defined in the reference(s):
(0): C. Lee, W. Yang, and R. G. Parr.,  Phys. Rev. B 37, 785 (1988)
(1): B. Miehlich, A. Savin, H. Stoll, and H. Preuss.,  Chem. Phys. Lett. 157, 200 (1989)
<start_mo> for the frozen-core post-SCF methods 14 is larger than the number of ecp orbitals 14. Take the <start_mo> -= ecp_orbitals
Libxc version used in REST: 7.0.0
nbas: 30, natm: 2 for standard basis sets
First valence state for the frozen-core algorithm:     0
final nbas: 128,final natm: 4
numbasis: 90, num_auxbas: 394
Molecule_name: brcl
Restricted Hartree-Fock (or Kohn-Sham) algorithm is invoked.
Nuc_energy:      29.08125662 Hartree
No ghost effective potential
No ghost point charges
Overlap matrix is nonsigular:
  Lowest eigenvalue:       0.00912335 with the total number of basis functions:     90
Grid size: 39784
Generate SAD of Br
Generate SAD of Cl
Initial guess HF energy:    -475.0250243435036737
The total energy:      -475.0051779904 Ha by the initial guess
Energy:    -474.9794813001 Ha after    1 iterations (in       0.07 seconds).
SCF Change: DM 5.68084e-3; eev  2.63374e0 Ha; etot 8.28084e-2 Ha
Energy:    -474.8966728964 Ha after    2 iterations (in       0.07 seconds).
SCF Change: DM 1.53512e-4; eev  4.97606e0 Ha; etot -1.20559e-1 Ha
Energy:    -475.0172315370 Ha after    3 iterations (in       0.07 seconds).
SCF Change: DM 6.63916e-5; eev  2.10431e0 Ha; etot -3.74123e-5 Ha
Energy:    -475.0172689493 Ha after    4 iterations (in       0.07 seconds).
SCF Change: DM 1.89156e-5; eev 7.51121e-2 Ha; etot -1.61666e-5 Ha
Energy:    -475.0172851159 Ha after    5 iterations (in       0.07 seconds).
SCF Change: DM 4.19513e-6; eev 1.33131e-1 Ha; etot -1.12073e-6 Ha
Energy:    -475.0172862367 Ha after    6 iterations (in       0.07 seconds).
SCF Change: DM 9.32512e-7; eev 5.37820e-2 Ha; etot -5.82056e-8 Ha
Energy:    -475.0172862949 Ha after    7 iterations (in       0.07 seconds).
SCF Change: DM 2.14146e-7; eev 1.75592e-2 Ha; etot -2.27965e-9 Ha
Energy:    -475.0172862971 Ha after    8 iterations (in       0.07 seconds).
SCF Change: DM 7.28454e-8; eev 1.11134e-3 Ha; etot -1.12550e-10 Ha
Energy:    -475.0172862973 Ha after    9 iterations (in       0.07 seconds).
SCF Change: DM 2.31619e-8; eev 4.34836e-4 Ha; etot -6.87805e-12 Ha
Energy:    -475.0172862973 Ha after   10 iterations (in       0.07 seconds).
SCF Change: DM 4.60930e-9; eev 2.22196e-5 Ha; etot -1.70530e-13 Ha
Energy:    -475.0172862973 Ha after   11 iterations (in       0.07 seconds).
SCF Change: DM 2.53311e-10; eev 2.29718e-6 Ha; etot -9.09495e-13 Ha
Energy:    -475.0172862973 Ha after   12 iterations (in       0.07 seconds).
SCF Change: DM 2.02838e-11; eev 5.04994e-8 Ha; etot -5.11591e-13 Ha
Energy:    -475.0172862973 Ha after   13 iterations (in       0.07 seconds).
SCF Change: DM 1.25811e-12; eev 2.56323e-8 Ha; etot -2.27374e-13 Ha
Energy:    -475.0172862973 Ha after   14 iterations (in       0.07 seconds).
SCF Change: DM 2.83253e-13; eev 1.06081e-9 Ha; etot 1.02318e-12 Ha
Energy:    -475.0172862973 Ha after   15 iterations (in       0.07 seconds).
SCF is converged after   15 iterations.
==========================================
Now evaluate the    PT2 correlation energy
==========================================
----------------------------------------------------------------------
Methods         :       Total Corr,          OS Corr,          SS Corr
----------------------------------------------------------------------
PT2             :      -0.82423233,      -0.60346458,      -0.22076774
----------------------------------------------------------------------
Fifth-rung correlation energy :      -0.263351943920 Ha
E[XYGJOS]=:    -474.51556670 Ha, Ex[HF]:     -30.00167888 Ha, Ec[PT2  ]:      -0.82423233 Ha
Mulliken population analysis:
  0-Br :   0.118120
  1-Cl :  -0.118120

====================================================
              REST: Mission accomplished
====================================================
The SCF energy        :    -475.0172862973 Ha
The (R)-xDH energy    :    -474.5155666993 Ha
Detailed time report:
SCF       |:    2.433 s for the scf procedure
Overall   |:    2.957 s for the whole job
PT2       |:    0.110 s for the PT2 evaluation
