=========================================================
Input parameters for the REST calculation
=========================================================
Calculation type: Single-point energy
The exchange-correlation method: xygjos
Print level:                1
The number of threads used for parallelism:      4
The spheric-GTO basis set is taken from /home/symei/def2-TZVPP-angm
The pruning method is nwchem
The radial grid generation method is treutler
ERI Type: ri_v
Turn on the basis pair symmetry for RI 3D-tensors
The spheric-GTO auxiliary basis set is taken from /home/symei/def2-SV(P)-JKFIT
Spin polarization: Off
Charge:   0; Spin:   1
min_num_angular_points: 110
max_num_angular_points: 590
hardness: 3
Grid generation level: 3
Even tempered basis generation: false
SCF convergency thresholds: 1e-8 for density matrix
                            1e-8 Ha. for sum of eigenvalues
                            1e-8 Ha. for total energy
Max. SCF cycle number:      250
The diis mixing with (param, max_vec_len) = (0.2, 8) is employed for the SCF procedure
Turn on the diis mixing after 1 step(s) of SCF iteractions with the linear mixing
The specified checkfile exists but is not loaded because the keyword 'external_init_guess' is specified
It will be updated after the SCF procedure 
(none)
Initial guess is prepared by (sad).
It is a finite cluster calculation
the scf functional for 'xygjos' contains
The density functional 'B3LYP' belongs to the 'Hybrid GGA' family and is defined in the reference(s):
(0): P. J. Stephens, F. J. Devlin, C. F. Chabalowski, and M. J. Frisch.,  J. Phys. Chem. 98, 11623 (1994)
the post-scf functional 'xygjos' is employed, which contains
The density functional 'Slater exchange' belongs to the 'LDA' family and is defined in the reference(s):
(0): P. A. M. Dirac.,  Math. Proc. Cambridge Philos. Soc. 26, 376 (1930)
(1): F. Bloch.,  Z. Phys. 57, 545 (1929)
The density functional 'Becke 88' belongs to the 'GGA' family and is defined in the reference(s):
(0): A. D. Becke.,  Phys. Rev. A 38, 3098 (1988)
The density functional 'Vosko, Wilk & Nusair (VWN5_RPA)' belongs to the 'LDA' family and is defined in the reference(s):
(0): S. H. Vosko, L. Wilk, and M. Nusair.,  Can. J. Phys. 58, 1200 (1980)
The density functional 'Lee, Yang & Parr' belongs to the 'GGA' family and is defined in the reference(s):
(0): C. Lee, W. Yang, and R. G. Parr.,  Phys. Rev. B 37, 785 (1988)
(1): B. Miehlich, A. Savin, H. Stoll, and H. Preuss.,  Chem. Phys. Lett. 157, 200 (1989)
<start_mo> for the frozen-core post-SCF methods 22 is smaller than the number of ecp orbitals 28. Set <start_mo> = 0
Libxc version used in REST: 7.0.0
nbas: 124, natm: 14 for standard basis sets
First valence state for the frozen-core algorithm:     0
final nbas: 392,final natm: 28
numbasis: 332, num_auxbas: 976
Molecule_name: c-cbrcbr-c
Restricted Hartree-Fock (or Kohn-Sham) algorithm is invoked.
Nuc_energy:     205.48088420 Hartree
No ghost effective potential
No ghost point charges
Overlap matrix is nonsigular:
  Lowest eigenvalue:       0.00016151 with the total number of basis functions:    332
Grid size: 177608
Generate SAD of C
Generate SAD of H
Generate SAD of Br
Initial guess HF energy:    -187.5801471815437083
The total energy:      -186.4374149242 Ha by the initial guess
Energy:    -185.2518498143 Ha after    1 iterations (in       1.60 seconds).
SCF Change: DM 2.05830e-2; eev  5.55857e0 Ha; etot  1.22707e1 Ha
Energy:    -172.9811552330 Ha after    2 iterations (in       1.57 seconds).
SCF Change: DM 3.09882e-3; eev  1.59547e1 Ha; etot -1.37736e1 Ha
Energy:    -186.7547964380 Ha after    3 iterations (in       1.54 seconds).
SCF Change: DM 1.18584e-3; eev  5.54333e0 Ha; etot -1.05908e-1 Ha
Energy:    -186.8607042249 Ha after    4 iterations (in       1.60 seconds).
SCF Change: DM 2.46562e-4; eev  1.39161e0 Ha; etot -6.05024e-2 Ha
Energy:    -186.9212065867 Ha after    5 iterations (in       1.54 seconds).
SCF Change: DM 7.25085e-5; eev 2.24905e-1 Ha; etot -9.85078e-4 Ha
Energy:    -186.9221916650 Ha after    6 iterations (in       1.46 seconds).
SCF Change: DM 2.34843e-5; eev 7.18993e-1 Ha; etot -1.86171e-4 Ha
Energy:    -186.9223778359 Ha after    7 iterations (in       1.57 seconds).
SCF Change: DM 5.70340e-6; eev 2.14275e-2 Ha; etot -7.81801e-6 Ha
Energy:    -186.9223856539 Ha after    8 iterations (in       1.60 seconds).
SCF Change: DM 2.48460e-6; eev 4.47613e-2 Ha; etot -1.25409e-6 Ha
Energy:    -186.9223869079 Ha after    9 iterations (in       1.51 seconds).
SCF Change: DM 5.59837e-7; eev 8.23239e-3 Ha; etot -1.38956e-7 Ha
Energy:    -186.9223870469 Ha after   10 iterations (in       1.50 seconds).
SCF Change: DM 8.29543e-8; eev 1.70311e-3 Ha; etot -8.87030e-9 Ha
Energy:    -186.9223870558 Ha after   11 iterations (in       1.61 seconds).
SCF Change: DM 2.36274e-8; eev 1.11843e-3 Ha; etot -1.28011e-10 Ha
Energy:    -186.9223870559 Ha after   12 iterations (in       1.52 seconds).
SCF Change: DM 1.03226e-8; eev 2.39768e-4 Ha; etot -3.12639e-12 Ha
Energy:    -186.9223870559 Ha after   13 iterations (in       1.58 seconds).
SCF Change: DM 2.83935e-9; eev 1.09412e-4 Ha; etot -7.92966e-12 Ha
Energy:    -186.9223870559 Ha after   14 iterations (in       1.75 seconds).
SCF Change: DM 9.05937e-10; eev 6.36630e-5 Ha; etot 5.14433e-12 Ha
Energy:    -186.9223870559 Ha after   15 iterations (in       1.64 seconds).
SCF Change: DM 3.24745e-10; eev 1.07491e-5 Ha; etot -3.12639e-12 Ha
Energy:    -186.9223870559 Ha after   16 iterations (in       1.58 seconds).
SCF Change: DM 5.35519e-11; eev 2.95818e-6 Ha; etot 3.35376e-12 Ha
Energy:    -186.9223870559 Ha after   17 iterations (in       1.68 seconds).
SCF Change: DM 2.03879e-11; eev 1.19896e-6 Ha; etot 1.98952e-13 Ha
Energy:    -186.9223870559 Ha after   18 iterations (in       1.60 seconds).
SCF Change: DM 6.28152e-12; eev 6.78322e-8 Ha; etot 6.62226e-12 Ha
Energy:    -186.9223870559 Ha after   19 iterations (in       1.52 seconds).
SCF Change: DM 2.37155e-12; eev 9.38440e-8 Ha; etot 7.95808e-13 Ha
Energy:    -186.9223870559 Ha after   20 iterations (in       1.60 seconds).
SCF Change: DM 9.35893e-13; eev 3.55452e-9 Ha; etot -1.07434e-11 Ha
Energy:    -186.9223870559 Ha after   21 iterations (in       1.69 seconds).
SCF is converged after   21 iterations.
==========================================
Now evaluate the    PT2 correlation energy
==========================================
----------------------------------------------------------------------
Methods         :       Total Corr,          OS Corr,          SS Corr
----------------------------------------------------------------------
PT2             :      -1.82199724,      -1.37857348,      -0.44342376
----------------------------------------------------------------------
Fifth-rung correlation energy :      -0.601609468169 Ha
E[XYGJOS]=:    -186.44697994 Ha, Ex[HF]:     -28.56457595 Ha, Ec[PT2  ]:      -1.82199724 Ha
Mulliken population analysis:
  0-C  :  -0.152363
  1-H  :   0.130907
  2-C  :  -0.152363
  3-H  :   0.130907
  4-C  :  -0.279151
  5-C  :  -0.279151
  6-H  :   0.100924
  7-H  :   0.108471
  8-H  :   0.089316
  9-H  :   0.108471
 10-H  :   0.089316
 11-H  :   0.100924
 12-Br :   0.001896
 13-Br :   0.001896

====================================================
              REST: Mission accomplished
====================================================
The SCF energy        :    -186.9223870559 Ha
The (R)-xDH energy    :    -186.4469799373 Ha
Detailed time report:
PT2       |:    2.634 s for the PT2 evaluation
SCF       |:   48.892 s for the scf procedure
Overall   |:   52.019 s for the whole job
