=========================================================
Input parameters for the REST calculation
=========================================================
Calculation type: Single-point energy
The exchange-correlation method: xygjos
Print level:                1
The number of threads used for parallelism:      4
The spheric-GTO basis set is taken from /home/symei/def2-TZVPP-angm
The pruning method is nwchem
The radial grid generation method is treutler
ERI Type: ri_v
Turn on the basis pair symmetry for RI 3D-tensors
The spheric-GTO auxiliary basis set is taken from /home/symei/def2-SV(P)-JKFIT
Spin polarization: Off
Charge:   0; Spin:   1
min_num_angular_points: 110
max_num_angular_points: 590
hardness: 3
Grid generation level: 3
Even tempered basis generation: false
SCF convergency thresholds: 1e-8 for density matrix
                            1e-8 Ha. for sum of eigenvalues
                            1e-8 Ha. for total energy
Max. SCF cycle number:      250
The diis mixing with (param, max_vec_len) = (0.2, 8) is employed for the SCF procedure
Turn on the diis mixing after 1 step(s) of SCF iteractions with the linear mixing
The specified checkfile exists but is not loaded because the keyword 'external_init_guess' is specified
It will be updated after the SCF procedure 
(none)
Initial guess is prepared by (sad).
It is a finite cluster calculation
the scf functional for 'xygjos' contains
The density functional 'B3LYP' belongs to the 'Hybrid GGA' family and is defined in the reference(s):
(0): P. J. Stephens, F. J. Devlin, C. F. Chabalowski, and M. J. Frisch.,  J. Phys. Chem. 98, 11623 (1994)
the post-scf functional 'xygjos' is employed, which contains
The density functional 'Slater exchange' belongs to the 'LDA' family and is defined in the reference(s):
(0): P. A. M. Dirac.,  Math. Proc. Cambridge Philos. Soc. 26, 376 (1930)
(1): F. Bloch.,  Z. Phys. 57, 545 (1929)
The density functional 'Becke 88' belongs to the 'GGA' family and is defined in the reference(s):
(0): A. D. Becke.,  Phys. Rev. A 38, 3098 (1988)
The density functional 'Vosko, Wilk & Nusair (VWN5_RPA)' belongs to the 'LDA' family and is defined in the reference(s):
(0): S. H. Vosko, L. Wilk, and M. Nusair.,  Can. J. Phys. 58, 1200 (1980)
The density functional 'Lee, Yang & Parr' belongs to the 'GGA' family and is defined in the reference(s):
(0): C. Lee, W. Yang, and R. G. Parr.,  Phys. Rev. B 37, 785 (1988)
(1): B. Miehlich, A. Savin, H. Stoll, and H. Preuss.,  Chem. Phys. Lett. 157, 200 (1989)
<start_mo> for the frozen-core post-SCF methods 12 is smaller than the number of ecp orbitals 14. Set <start_mo> = 0
Libxc version used in REST: 7.0.0
nbas: 91, natm: 11 for standard basis sets
First valence state for the frozen-core algorithm:     0
final nbas: 268,final natm: 22
numbasis: 239, num_auxbas: 617
Molecule_name: cccbr1
Restricted Hartree-Fock (or Kohn-Sham) algorithm is invoked.
Nuc_energy:     107.88470623 Hartree
No ghost effective potential
No ghost point charges
Overlap matrix is nonsigular:
  Lowest eigenvalue:       0.00026850 with the total number of basis functions:    239
Grid size: 132778
Generate SAD of C
Generate SAD of H
Generate SAD of Br
Initial guess HF energy:    -133.7753461721637223
The total energy:      -133.0249338647 Ha by the initial guess
Energy:    -132.3710322702 Ha after    1 iterations (in       0.59 seconds).
SCF Change: DM 2.38007e-2; eev  9.55998e0 Ha; etot  8.04034e0 Ha
Energy:    -124.3306947396 Ha after    2 iterations (in       0.65 seconds).
SCF Change: DM 4.17847e-3; eev  1.80159e1 Ha; etot -8.89439e0 Ha
Energy:    -133.2250834969 Ha after    3 iterations (in       0.67 seconds).
SCF Change: DM 1.44423e-3; eev  1.17827e0 Ha; etot -1.29682e-1 Ha
Energy:    -133.3547652141 Ha after    4 iterations (in       0.61 seconds).
SCF Change: DM 6.34664e-4; eev  1.28470e0 Ha; etot -3.33380e-2 Ha
Energy:    -133.3881032452 Ha after    5 iterations (in       0.59 seconds).
SCF Change: DM 1.02909e-4; eev 8.43526e-1 Ha; etot -7.05662e-3 Ha
Energy:    -133.3951598700 Ha after    6 iterations (in       0.58 seconds).
SCF Change: DM 3.76790e-5; eev 8.63623e-1 Ha; etot -1.23077e-4 Ha
Energy:    -133.3952829470 Ha after    7 iterations (in       0.58 seconds).
SCF Change: DM 1.18981e-5; eev 6.17433e-2 Ha; etot -1.63966e-5 Ha
Energy:    -133.3952993436 Ha after    8 iterations (in       0.57 seconds).
SCF Change: DM 2.16585e-6; eev 5.68549e-2 Ha; etot -1.43700e-6 Ha
Energy:    -133.3953007806 Ha after    9 iterations (in       0.62 seconds).
SCF Change: DM 6.57418e-7; eev 8.84232e-3 Ha; etot -8.59739e-8 Ha
Energy:    -133.3953008665 Ha after   10 iterations (in       0.63 seconds).
SCF Change: DM 1.82900e-7; eev 1.99834e-3 Ha; etot -7.91368e-9 Ha
Energy:    -133.3953008745 Ha after   11 iterations (in       0.59 seconds).
SCF Change: DM 5.88265e-8; eev 1.55412e-3 Ha; etot -3.36968e-10 Ha
Energy:    -133.3953008748 Ha after   12 iterations (in       0.61 seconds).
SCF Change: DM 2.71194e-8; eev 3.28459e-4 Ha; etot -3.85114e-11 Ha
Energy:    -133.3953008748 Ha after   13 iterations (in       0.59 seconds).
SCF Change: DM 1.04556e-8; eev 1.07160e-4 Ha; etot -1.05160e-11 Ha
Energy:    -133.3953008748 Ha after   14 iterations (in       0.59 seconds).
SCF Change: DM 4.16812e-9; eev 5.89385e-5 Ha; etot 2.30216e-12 Ha
Energy:    -133.3953008748 Ha after   15 iterations (in       0.59 seconds).
SCF Change: DM 6.15952e-10; eev 2.54567e-5 Ha; etot -1.05160e-12 Ha
Energy:    -133.3953008748 Ha after   16 iterations (in       0.66 seconds).
SCF Change: DM 2.19257e-10; eev 6.88882e-6 Ha; etot -5.40012e-13 Ha
Energy:    -133.3953008748 Ha after   17 iterations (in       0.64 seconds).
SCF Change: DM 5.47446e-11; eev 1.24731e-7 Ha; etot 3.12639e-13 Ha
Energy:    -133.3953008748 Ha after   18 iterations (in       0.61 seconds).
SCF Change: DM 1.74183e-11; eev 9.60112e-7 Ha; etot -2.72848e-12 Ha
Energy:    -133.3953008749 Ha after   19 iterations (in       0.64 seconds).
SCF Change: DM 4.63533e-12; eev 4.67380e-7 Ha; etot 3.04112e-12 Ha
Energy:    -133.3953008748 Ha after   20 iterations (in       0.62 seconds).
SCF Change: DM 1.65297e-12; eev 8.78273e-10 Ha; etot -2.52953e-12 Ha
Energy:    -133.3953008749 Ha after   21 iterations (in       0.61 seconds).
SCF is converged after   21 iterations.
==========================================
Now evaluate the    PT2 correlation energy
==========================================
----------------------------------------------------------------------
Methods         :       Total Corr,          OS Corr,          SS Corr
----------------------------------------------------------------------
PT2             :      -1.18028170,      -0.90693410,      -0.27334760
----------------------------------------------------------------------
Fifth-rung correlation energy :      -0.395786041452 Ha
E[XYGJOS]=:    -133.04115866 Ha, Ex[HF]:     -20.53419460 Ha, Ec[PT2  ]:      -1.18028170 Ha
Mulliken population analysis:
  0-C  :  -0.237202
  1-H  :   0.079193
  2-H  :   0.079193
  3-H  :   0.091099
  4-C  :  -0.097629
  5-H  :   0.068368
  6-H  :   0.068368
  7-C  :  -0.285012
  8-H  :   0.121319
  9-H  :   0.121319
 10-Br :  -0.009016

====================================================
              REST: Mission accomplished
====================================================
The SCF energy        :    -133.3953008749 Ha
The (R)-xDH energy    :    -133.0411586599 Ha
Detailed time report:
SCF       |:   20.124 s for the scf procedure
Overall   |:   21.652 s for the whole job
PT2       |:    1.007 s for the PT2 evaluation
