=========================================================
Input parameters for the REST calculation
=========================================================
Calculation type: Single-point energy
The exchange-correlation method: xygjos
Print level:                1
The number of threads used for parallelism:      4
The spheric-GTO basis set is taken from /home/symei/def2-TZVPP-angm
The pruning method is nwchem
The radial grid generation method is treutler
ERI Type: ri_v
Turn on the basis pair symmetry for RI 3D-tensors
The spheric-GTO auxiliary basis set is taken from /home/symei/def2-SV(P)-JKFIT
Spin polarization: Off
Charge:   0; Spin:   1
min_num_angular_points: 110
max_num_angular_points: 590
hardness: 3
Grid generation level: 3
Even tempered basis generation: false
SCF convergency thresholds: 1e-8 for density matrix
                            1e-8 Ha. for sum of eigenvalues
                            1e-8 Ha. for total energy
Max. SCF cycle number:      250
The diis mixing with (param, max_vec_len) = (0.2, 8) is employed for the SCF procedure
Turn on the diis mixing after 1 step(s) of SCF iteractions with the linear mixing
The specified checkfile exists but is not loaded because the keyword 'external_init_guess' is specified
It will be updated after the SCF procedure 
(none)
Initial guess is prepared by (sad).
It is a finite cluster calculation
the scf functional for 'xygjos' contains
The density functional 'B3LYP' belongs to the 'Hybrid GGA' family and is defined in the reference(s):
(0): P. J. Stephens, F. J. Devlin, C. F. Chabalowski, and M. J. Frisch.,  J. Phys. Chem. 98, 11623 (1994)
the post-scf functional 'xygjos' is employed, which contains
The density functional 'Slater exchange' belongs to the 'LDA' family and is defined in the reference(s):
(0): P. A. M. Dirac.,  Math. Proc. Cambridge Philos. Soc. 26, 376 (1930)
(1): F. Bloch.,  Z. Phys. 57, 545 (1929)
The density functional 'Becke 88' belongs to the 'GGA' family and is defined in the reference(s):
(0): A. D. Becke.,  Phys. Rev. A 38, 3098 (1988)
The density functional 'Vosko, Wilk & Nusair (VWN5_RPA)' belongs to the 'LDA' family and is defined in the reference(s):
(0): S. H. Vosko, L. Wilk, and M. Nusair.,  Can. J. Phys. 58, 1200 (1980)
The density functional 'Lee, Yang & Parr' belongs to the 'GGA' family and is defined in the reference(s):
(0): C. Lee, W. Yang, and R. G. Parr.,  Phys. Rev. B 37, 785 (1988)
(1): B. Miehlich, A. Savin, H. Stoll, and H. Preuss.,  Chem. Phys. Lett. 157, 200 (1989)
<start_mo> for the frozen-core post-SCF methods 19 is smaller than the number of ecp orbitals 28. Set <start_mo> = 0
Libxc version used in REST: 7.0.0
nbas: 55, natm: 5 for standard basis sets
First valence state for the frozen-core algorithm:     0
final nbas: 212,final natm: 10
numbasis: 155, num_auxbas: 643
Molecule_name: ch2br2
Restricted Hartree-Fock (or Kohn-Sham) algorithm is invoked.
Nuc_energy:      42.91821290 Hartree
No ghost effective potential
No ghost point charges
Overlap matrix is nonsigular:
  Lowest eigenvalue:       0.00058115 with the total number of basis functions:    155
Grid size: 75758
Generate SAD of C
Generate SAD of H
Generate SAD of Br
Initial guess HF energy:     -68.9141260451031314
The total energy:       -68.8242929727 Ha by the initial guess
Energy:     -68.4838583003 Ha after    1 iterations (in       0.22 seconds).
SCF Change: DM 1.01374e-2; eev  1.13563e1 Ha; etot  1.52951e0 Ha
Energy:     -66.9543448675 Ha after    2 iterations (in       0.23 seconds).
SCF Change: DM 7.71357e-4; eev  1.07746e1 Ha; etot -1.97263e0 Ha
Energy:     -68.9269728175 Ha after    3 iterations (in       0.22 seconds).
SCF Change: DM 3.74868e-4; eev  6.53602e0 Ha; etot -1.08072e-3 Ha
Energy:     -68.9280535363 Ha after    4 iterations (in       0.22 seconds).
SCF Change: DM 5.07115e-5; eev 6.72903e-1 Ha; etot -1.71042e-3 Ha
Energy:     -68.9297639540 Ha after    5 iterations (in       0.24 seconds).
SCF Change: DM 2.60465e-5; eev 8.27387e-2 Ha; etot -6.53404e-6 Ha
Energy:     -68.9297704880 Ha after    6 iterations (in       0.23 seconds).
SCF Change: DM 6.47667e-6; eev 6.12268e-2 Ha; etot -5.43253e-6 Ha
Energy:     -68.9297759206 Ha after    7 iterations (in       0.23 seconds).
SCF Change: DM 1.88723e-6; eev 3.15610e-3 Ha; etot -3.83080e-7 Ha
Energy:     -68.9297763037 Ha after    8 iterations (in       0.24 seconds).
SCF Change: DM 4.95890e-7; eev 4.40420e-3 Ha; etot -1.20025e-8 Ha
Energy:     -68.9297763157 Ha after    9 iterations (in       0.25 seconds).
SCF Change: DM 4.70230e-8; eev 3.56466e-4 Ha; etot -1.44721e-9 Ha
Energy:     -68.9297763171 Ha after   10 iterations (in       0.24 seconds).
SCF Change: DM 6.10153e-9; eev 5.93991e-4 Ha; etot -1.28466e-11 Ha
Energy:     -68.9297763171 Ha after   11 iterations (in       0.24 seconds).
SCF Change: DM 1.32948e-9; eev 2.61461e-4 Ha; etot -9.37916e-13 Ha
Energy:     -68.9297763171 Ha after   12 iterations (in       0.22 seconds).
SCF Change: DM 6.79393e-10; eev 1.76118e-5 Ha; etot 9.80549e-13 Ha
Energy:     -68.9297763171 Ha after   13 iterations (in       0.21 seconds).
SCF Change: DM 9.84949e-11; eev 1.00183e-6 Ha; etot -8.95284e-13 Ha
Energy:     -68.9297763171 Ha after   14 iterations (in       0.23 seconds).
SCF Change: DM 2.30641e-11; eev 9.37868e-8 Ha; etot -1.84741e-13 Ha
Energy:     -68.9297763171 Ha after   15 iterations (in       0.21 seconds).
SCF Change: DM 1.65202e-12; eev 2.47618e-9 Ha; etot -6.53699e-13 Ha
Energy:     -68.9297763171 Ha after   16 iterations (in       0.23 seconds).
SCF is converged after   16 iterations.
==========================================
Now evaluate the    PT2 correlation energy
==========================================
----------------------------------------------------------------------
Methods         :       Total Corr,          OS Corr,          SS Corr
----------------------------------------------------------------------
PT2             :      -1.00780548,      -0.75318146,      -0.25462401
----------------------------------------------------------------------
Fifth-rung correlation energy :      -0.328688391162 Ha
E[XYGJOS]=:     -68.77767059 Ha, Ex[HF]:     -10.84376106 Ha, Ec[PT2  ]:      -1.00780548 Ha
Mulliken population analysis:
  0-C  :  -0.414369
  1-H  :   0.171110
  2-H  :   0.171110
  3-Br :   0.036075
  4-Br :   0.036075

====================================================
              REST: Mission accomplished
====================================================
The SCF energy        :     -68.9297763171 Ha
The (R)-xDH energy    :     -68.7776705938 Ha
Detailed time report:
PT2       |:    0.332 s for the PT2 evaluation
Overall   |:    7.789 s for the whole job
SCF       |:    7.019 s for the scf procedure
