=========================================================
Input parameters for the REST calculation
=========================================================
Calculation type: Single-point energy
The exchange-correlation method: xygjos
Print level:                1
The number of threads used for parallelism:      4
The spheric-GTO basis set is taken from /home/symei/def2-TZVPP-angm
The pruning method is nwchem
The radial grid generation method is treutler
ERI Type: ri_v
Turn on the basis pair symmetry for RI 3D-tensors
The spheric-GTO auxiliary basis set is taken from /home/symei/def2-SV(P)-JKFIT
Spin polarization: Off
Charge:   0; Spin:   1
min_num_angular_points: 110
max_num_angular_points: 590
hardness: 3
Grid generation level: 3
Even tempered basis generation: false
SCF convergency thresholds: 1e-8 for density matrix
                            1e-8 Ha. for sum of eigenvalues
                            1e-8 Ha. for total energy
Max. SCF cycle number:      250
The diis mixing with (param, max_vec_len) = (0.2, 8) is employed for the SCF procedure
Turn on the diis mixing after 1 step(s) of SCF iteractions with the linear mixing
The specified checkfile exists but is not loaded because the keyword 'external_init_guess' is specified
It will be updated after the SCF procedure 
(none)
Initial guess is prepared by (sad).
It is a finite cluster calculation
the scf functional for 'xygjos' contains
The density functional 'B3LYP' belongs to the 'Hybrid GGA' family and is defined in the reference(s):
(0): P. J. Stephens, F. J. Devlin, C. F. Chabalowski, and M. J. Frisch.,  J. Phys. Chem. 98, 11623 (1994)
the post-scf functional 'xygjos' is employed, which contains
The density functional 'Slater exchange' belongs to the 'LDA' family and is defined in the reference(s):
(0): P. A. M. Dirac.,  Math. Proc. Cambridge Philos. Soc. 26, 376 (1930)
(1): F. Bloch.,  Z. Phys. 57, 545 (1929)
The density functional 'Becke 88' belongs to the 'GGA' family and is defined in the reference(s):
(0): A. D. Becke.,  Phys. Rev. A 38, 3098 (1988)
The density functional 'Vosko, Wilk & Nusair (VWN5_RPA)' belongs to the 'LDA' family and is defined in the reference(s):
(0): S. H. Vosko, L. Wilk, and M. Nusair.,  Can. J. Phys. 58, 1200 (1980)
The density functional 'Lee, Yang & Parr' belongs to the 'GGA' family and is defined in the reference(s):
(0): C. Lee, W. Yang, and R. G. Parr.,  Phys. Rev. B 37, 785 (1988)
(1): B. Miehlich, A. Savin, H. Stoll, and H. Preuss.,  Chem. Phys. Lett. 157, 200 (1989)
<start_mo> for the frozen-core post-SCF methods 28 is smaller than the number of ecp orbitals 42. Set <start_mo> = 0
Libxc version used in REST: 7.0.0
nbas: 65, natm: 5 for standard basis sets
First valence state for the frozen-core algorithm:     0
final nbas: 276,final natm: 10
numbasis: 189, num_auxbas: 891
Molecule_name: chbr3
Restricted Hartree-Fock (or Kohn-Sham) algorithm is invoked.
Nuc_energy:      65.83498434 Hartree
No ghost effective potential
No ghost point charges
Overlap matrix is nonsigular:
  Lowest eigenvalue:       0.00057163 with the total number of basis functions:    189
Grid size: 86638
Generate SAD of C
Generate SAD of H
Generate SAD of Br
Initial guess HF energy:     -83.1579691899630973
The total energy:       -83.0464561663 Ha by the initial guess
Energy:     -82.6961558181 Ha after    1 iterations (in       0.41 seconds).
SCF Change: DM 9.08491e-3; eev  1.31593e1 Ha; etot  2.08270e0 Ha
Energy:     -80.6134562198 Ha after    2 iterations (in       0.38 seconds).
SCF Change: DM 8.71682e-4; eev  1.37707e1 Ha; etot -2.50072e0 Ha
Energy:     -83.1141790215 Ha after    3 iterations (in       0.41 seconds).
SCF Change: DM 4.31694e-4; eev  8.59915e0 Ha; etot -1.26140e-3 Ha
Energy:     -83.1154404211 Ha after    4 iterations (in       0.38 seconds).
SCF Change: DM 4.61760e-5; eev 8.93795e-1 Ha; etot -3.30807e-3 Ha
Energy:     -83.1187484941 Ha after    5 iterations (in       0.38 seconds).
SCF Change: DM 2.09900e-5; eev 2.95535e-1 Ha; etot -8.64970e-6 Ha
Energy:     -83.1187571438 Ha after    6 iterations (in       0.38 seconds).
SCF Change: DM 5.36176e-6; eev 1.01729e-1 Ha; etot -6.70813e-6 Ha
Energy:     -83.1187638519 Ha after    7 iterations (in       0.42 seconds).
SCF Change: DM 1.50489e-6; eev 3.04566e-2 Ha; etot -3.03538e-7 Ha
Energy:     -83.1187641554 Ha after    8 iterations (in       0.39 seconds).
SCF Change: DM 2.11433e-7; eev 7.11784e-3 Ha; etot -1.39289e-8 Ha
Energy:     -83.1187641694 Ha after    9 iterations (in       0.36 seconds).
SCF Change: DM 2.64876e-8; eev 5.50191e-3 Ha; etot -3.17613e-10 Ha
Energy:     -83.1187641697 Ha after   10 iterations (in       0.37 seconds).
SCF Change: DM 1.03816e-8; eev 1.30719e-3 Ha; etot -8.28493e-12 Ha
Energy:     -83.1187641697 Ha after   11 iterations (in       0.38 seconds).
SCF Change: DM 4.03057e-9; eev 1.42115e-5 Ha; etot -2.71427e-12 Ha
Energy:     -83.1187641697 Ha after   12 iterations (in       0.37 seconds).
SCF Change: DM 1.85782e-9; eev 5.84547e-5 Ha; etot 1.37845e-12 Ha
Energy:     -83.1187641697 Ha after   13 iterations (in       0.42 seconds).
SCF Change: DM 7.92817e-10; eev 1.62852e-5 Ha; etot -1.06581e-12 Ha
Energy:     -83.1187641697 Ha after   14 iterations (in       0.40 seconds).
SCF Change: DM 3.29329e-10; eev 1.77014e-6 Ha; etot 1.49214e-12 Ha
Energy:     -83.1187641697 Ha after   15 iterations (in       0.41 seconds).
SCF Change: DM 6.62482e-11; eev 1.38109e-7 Ha; etot -5.54223e-13 Ha
Energy:     -83.1187641697 Ha after   16 iterations (in       0.39 seconds).
SCF Change: DM 1.78687e-11; eev 8.69114e-8 Ha; etot 2.98428e-13 Ha
Energy:     -83.1187641697 Ha after   17 iterations (in       0.40 seconds).
SCF Change: DM 5.00877e-12; eev 1.22777e-7 Ha; etot 5.82645e-13 Ha
Energy:     -83.1187641697 Ha after   18 iterations (in       0.40 seconds).
SCF Change: DM 1.36199e-12; eev 6.22112e-8 Ha; etot -1.81899e-12 Ha
Energy:     -83.1187641697 Ha after   19 iterations (in       0.39 seconds).
SCF Change: DM 3.09894e-13; eev 3.23002e-8 Ha; etot  0.00000e0 Ha
Energy:     -83.1187641697 Ha after   20 iterations (in       0.39 seconds).
Energy increase is detected. Turn on the linear mixing algorithm with (H[DIIS, i-1] + H[DIIS, i+1]).
Prev_Energies: (    -83.11876417,     -83.11876417)
SCF Change: DM 2.62148e-13; eev 2.76769e-8 Ha; etot 1.39266e-12 Ha
Energy:     -83.1187641697 Ha after   21 iterations (in       0.45 seconds).
Energy increase is detected. Turn on the linear mixing algorithm with (H[DIIS, i-1] + H[DIIS, i+1]).
Prev_Energies: (    -83.11876417,     -83.11876417)
SCF Change: DM 2.52168e-13; eev 2.57703e-8 Ha; etot 8.10019e-13 Ha
Energy:     -83.1187641697 Ha after   22 iterations (in       0.45 seconds).
SCF Change: DM 9.91041e-14; eev 7.39955e-9 Ha; etot -4.68958e-13 Ha
Energy:     -83.1187641697 Ha after   23 iterations (in       0.42 seconds).
SCF is converged after   23 iterations.
==========================================
Now evaluate the    PT2 correlation energy
==========================================
----------------------------------------------------------------------
Methods         :       Total Corr,          OS Corr,          SS Corr
----------------------------------------------------------------------
PT2             :      -1.38357115,      -1.02037430,      -0.36319686
----------------------------------------------------------------------
Fifth-rung correlation energy :      -0.445291343845 Ha
E[XYGJOS]=:     -82.95253642 Ha, Ex[HF]:     -12.96018067 Ha, Ec[PT2  ]:      -1.38357115 Ha
Mulliken population analysis:
  0-C  :  -0.420845
  1-H  :   0.182204
  2-Br :   0.079548
  3-Br :   0.079547
  4-Br :   0.079547

====================================================
              REST: Mission accomplished
====================================================
The SCF energy        :     -83.1187641697 Ha
The (R)-xDH energy    :     -82.9525364153 Ha
Detailed time report:
Overall   |:   15.646 s for the whole job
PT2       |:    0.662 s for the PT2 evaluation
SCF       |:   14.544 s for the scf procedure
