=========================================================
Input parameters for the REST calculation
=========================================================
Calculation type: Single-point energy
The exchange-correlation method: xygjos
Print level:                1
The number of threads used for parallelism:      4
The spheric-GTO basis set is taken from /home/symei/def2-TZVPP-angm
The pruning method is nwchem
The radial grid generation method is treutler
ERI Type: ri_v
Turn on the basis pair symmetry for RI 3D-tensors
The spheric-GTO auxiliary basis set is taken from /home/symei/def2-SV(P)-JKFIT
Spin polarization: Off
Charge:   0; Spin:   1
min_num_angular_points: 110
max_num_angular_points: 590
hardness: 3
Grid generation level: 3
Even tempered basis generation: false
SCF convergency thresholds: 1e-8 for density matrix
                            1e-8 Ha. for sum of eigenvalues
                            1e-8 Ha. for total energy
Max. SCF cycle number:      250
The diis mixing with (param, max_vec_len) = (0.2, 8) is employed for the SCF procedure
Turn on the diis mixing after 1 step(s) of SCF iteractions with the linear mixing
The specified checkfile exists but is not loaded because the keyword 'external_init_guess' is specified
It will be updated after the SCF procedure 
(none)
Initial guess is prepared by (sad).
It is a finite cluster calculation
the scf functional for 'xygjos' contains
The density functional 'B3LYP' belongs to the 'Hybrid GGA' family and is defined in the reference(s):
(0): P. J. Stephens, F. J. Devlin, C. F. Chabalowski, and M. J. Frisch.,  J. Phys. Chem. 98, 11623 (1994)
the post-scf functional 'xygjos' is employed, which contains
The density functional 'Slater exchange' belongs to the 'LDA' family and is defined in the reference(s):
(0): P. A. M. Dirac.,  Math. Proc. Cambridge Philos. Soc. 26, 376 (1930)
(1): F. Bloch.,  Z. Phys. 57, 545 (1929)
The density functional 'Becke 88' belongs to the 'GGA' family and is defined in the reference(s):
(0): A. D. Becke.,  Phys. Rev. A 38, 3098 (1988)
The density functional 'Vosko, Wilk & Nusair (VWN5_RPA)' belongs to the 'LDA' family and is defined in the reference(s):
(0): S. H. Vosko, L. Wilk, and M. Nusair.,  Can. J. Phys. 58, 1200 (1980)
The density functional 'Lee, Yang & Parr' belongs to the 'GGA' family and is defined in the reference(s):
(0): C. Lee, W. Yang, and R. G. Parr.,  Phys. Rev. B 37, 785 (1988)
(1): B. Miehlich, A. Savin, H. Stoll, and H. Preuss.,  Chem. Phys. Lett. 157, 200 (1989)
<start_mo> for the frozen-core post-SCF methods 10 is smaller than the number of ecp orbitals 14. Set <start_mo> = 0
Libxc version used in REST: 7.0.0
nbas: 33, natm: 3 for standard basis sets
First valence state for the frozen-core algorithm:     0
final nbas: 124,final natm: 6
numbasis: 93, num_auxbas: 361
Molecule_name: hobr
Restricted Hartree-Fock (or Kohn-Sham) algorithm is invoked.
Nuc_energy:      22.11088467 Hartree
No ghost effective potential
No ghost point charges
Overlap matrix is nonsigular:
  Lowest eigenvalue:       0.00274634 with the total number of basis functions:     93
Grid size: 45190
Generate SAD of O
Generate SAD of H
Generate SAD of Br
Initial guess HF energy:     -90.6073187903222959
The total energy:       -90.4587867418 Ha by the initial guess
Energy:     -89.2394878541 Ha after    1 iterations (in       0.08 seconds).
SCF Change: DM 4.29454e-2; eev  1.27590e1 Ha; etot  4.36052e0 Ha
Energy:     -84.8789675040 Ha after    2 iterations (in       0.08 seconds).
SCF Change: DM 8.72992e-3; eev  1.31243e1 Ha; etot -5.00385e0 Ha
Energy:     -89.8828144485 Ha after    3 iterations (in       0.07 seconds).
SCF Change: DM 5.44251e-3; eev  4.47131e0 Ha; etot -4.77344e-1 Ha
Energy:     -90.3601586622 Ha after    4 iterations (in       0.07 seconds).
SCF Change: DM 3.32512e-3; eev  1.69209e1 Ha; etot -1.95465e-1 Ha
Energy:     -90.5556233453 Ha after    5 iterations (in       0.07 seconds).
SCF Change: DM 1.83177e-3; eev  4.98558e0 Ha; etot -5.01680e-2 Ha
Energy:     -90.6057913096 Ha after    6 iterations (in       0.07 seconds).
SCF Change: DM 5.17572e-4; eev  4.20019e0 Ha; etot -9.73481e-3 Ha
Energy:     -90.6155261169 Ha after    7 iterations (in       0.07 seconds).
SCF Change: DM 9.21798e-5; eev  1.81089e0 Ha; etot -7.22941e-4 Ha
Energy:     -90.6162490583 Ha after    8 iterations (in       0.08 seconds).
SCF Change: DM 2.69452e-5; eev 3.22692e-1 Ha; etot -2.60308e-5 Ha
Energy:     -90.6162750891 Ha after    9 iterations (in       0.07 seconds).
SCF Change: DM 8.04556e-6; eev 1.66414e-1 Ha; etot -2.59674e-6 Ha
Energy:     -90.6162776859 Ha after   10 iterations (in       0.07 seconds).
SCF Change: DM 1.04942e-6; eev 1.19930e-1 Ha; etot -2.73495e-7 Ha
Energy:     -90.6162779594 Ha after   11 iterations (in       0.07 seconds).
SCF Change: DM 4.93472e-7; eev 3.22005e-2 Ha; etot -3.16840e-9 Ha
Energy:     -90.6162779625 Ha after   12 iterations (in       0.07 seconds).
SCF Change: DM 1.91916e-7; eev 2.34394e-3 Ha; etot -4.18012e-10 Ha
Energy:     -90.6162779629 Ha after   13 iterations (in       0.07 seconds).
SCF Change: DM 3.58920e-8; eev 4.28793e-5 Ha; etot -4.77058e-11 Ha
Energy:     -90.6162779630 Ha after   14 iterations (in       0.07 seconds).
SCF Change: DM 5.02518e-9; eev 8.18645e-5 Ha; etot -2.24532e-12 Ha
Energy:     -90.6162779630 Ha after   15 iterations (in       0.07 seconds).
SCF Change: DM 1.09622e-9; eev 4.33346e-7 Ha; etot -4.26326e-14 Ha
Energy:     -90.6162779630 Ha after   16 iterations (in       0.07 seconds).
SCF Change: DM 5.17595e-10; eev 1.71437e-7 Ha; etot -2.13163e-13 Ha
Energy:     -90.6162779630 Ha after   17 iterations (in       0.07 seconds).
SCF Change: DM 7.42087e-11; eev 3.79697e-7 Ha; etot 4.26326e-13 Ha
Energy:     -90.6162779630 Ha after   18 iterations (in       0.07 seconds).
SCF Change: DM 1.64057e-11; eev 1.96104e-7 Ha; etot -1.98952e-13 Ha
Energy:     -90.6162779630 Ha after   19 iterations (in       0.07 seconds).
SCF Change: DM 5.61241e-12; eev 9.48505e-9 Ha; etot 1.84741e-13 Ha
Energy:     -90.6162779630 Ha after   20 iterations (in       0.07 seconds).
SCF is converged after   20 iterations.
==========================================
Now evaluate the    PT2 correlation energy
==========================================
----------------------------------------------------------------------
Methods         :       Total Corr,          OS Corr,          SS Corr
----------------------------------------------------------------------
PT2             :      -0.74557210,      -0.55920427,      -0.18636783
----------------------------------------------------------------------
Fifth-rung correlation energy :      -0.244036744572 Ha
E[XYGJOS]=:     -90.41592319 Ha, Ex[HF]:     -11.01361149 Ha, Ec[PT2  ]:      -0.74557210 Ha
Mulliken population analysis:
  0-O  :  -0.387597
  1-H  :   0.209521
  2-Br :   0.178076

====================================================
              REST: Mission accomplished
====================================================
The SCF energy        :     -90.6162779630 Ha
The (R)-xDH energy    :     -90.4159231859 Ha
Detailed time report:
Overall   |:    3.505 s for the whole job
SCF       |:    2.952 s for the scf procedure
PT2       |:    0.113 s for the PT2 evaluation
