=========================================================
Input parameters for the REST calculation
=========================================================
Calculation type: Single-point energy
The exchange-correlation method: xygjos
Print level:                1
The number of threads used for parallelism:      4
The spheric-GTO basis set is taken from /home/symei/def2-TZVPP-angm
The pruning method is nwchem
The radial grid generation method is treutler
ERI Type: ri_v
Turn on the basis pair symmetry for RI 3D-tensors
The spheric-GTO auxiliary basis set is taken from /home/symei/def2-SV(P)-JKFIT
Spin polarization: Off
Charge:   0; Spin:   1
min_num_angular_points: 110
max_num_angular_points: 590
hardness: 3
Grid generation level: 3
Even tempered basis generation: false
SCF convergency thresholds: 1e-8 for density matrix
                            1e-8 Ha. for sum of eigenvalues
                            1e-8 Ha. for total energy
Max. SCF cycle number:      250
The diis mixing with (param, max_vec_len) = (0.2, 8) is employed for the SCF procedure
Turn on the diis mixing after 1 step(s) of SCF iteractions with the linear mixing
The specified checkfile exists but is not loaded because the keyword 'external_init_guess' is specified
It will be updated after the SCF procedure 
(none)
Initial guess is prepared by (sad).
It is a finite cluster calculation
the scf functional for 'xygjos' contains
The density functional 'B3LYP' belongs to the 'Hybrid GGA' family and is defined in the reference(s):
(0): P. J. Stephens, F. J. Devlin, C. F. Chabalowski, and M. J. Frisch.,  J. Phys. Chem. 98, 11623 (1994)
the post-scf functional 'xygjos' is employed, which contains
The density functional 'Slater exchange' belongs to the 'LDA' family and is defined in the reference(s):
(0): P. A. M. Dirac.,  Math. Proc. Cambridge Philos. Soc. 26, 376 (1930)
(1): F. Bloch.,  Z. Phys. 57, 545 (1929)
The density functional 'Becke 88' belongs to the 'GGA' family and is defined in the reference(s):
(0): A. D. Becke.,  Phys. Rev. A 38, 3098 (1988)
The density functional 'Vosko, Wilk & Nusair (VWN5_RPA)' belongs to the 'LDA' family and is defined in the reference(s):
(0): S. H. Vosko, L. Wilk, and M. Nusair.,  Can. J. Phys. 58, 1200 (1980)
The density functional 'Lee, Yang & Parr' belongs to the 'GGA' family and is defined in the reference(s):
(0): C. Lee, W. Yang, and R. G. Parr.,  Phys. Rev. B 37, 785 (1988)
(1): B. Miehlich, A. Savin, H. Stoll, and H. Preuss.,  Chem. Phys. Lett. 157, 200 (1989)
<start_mo> for the frozen-core post-SCF methods 14 is larger than the number of ecp orbitals 14. Take the <start_mo> -= ecp_orbitals
Libxc version used in REST: 7.0.0
nbas: 28, natm: 2 for standard basis sets
First valence state for the frozen-core algorithm:     0
final nbas: 122,final natm: 4
numbasis: 80, num_auxbas: 378
Molecule_name: nabr
Restricted Hartree-Fock (or Kohn-Sham) algorithm is invoked.
Nuc_energy:      16.20902857 Hartree
No ghost effective potential
No ghost point charges
Overlap matrix is nonsigular:
  Lowest eigenvalue:       0.01111532 with the total number of basis functions:     80
Grid size: 37792
Generate SAD of Na
Generate SAD of Br
Initial guess HF energy:    -176.6353359883232770
The total energy:      -176.8417854179 Ha by the initial guess
Energy:    -176.7792156249 Ha after    1 iterations (in       0.05 seconds).
SCF Change: DM 1.17311e-2; eev  1.13515e1 Ha; etot -3.61019e-2 Ha
Energy:    -176.8153175561 Ha after    2 iterations (in       0.06 seconds).
SCF Change: DM 2.77760e-3; eev  7.02856e0 Ha; etot -3.60469e-1 Ha
Energy:    -177.1757862504 Ha after    3 iterations (in       0.06 seconds).
SCF Change: DM 1.00192e-3; eev 6.02698e-1 Ha; etot -1.01502e-2 Ha
Energy:    -177.1859364411 Ha after    4 iterations (in       0.06 seconds).
SCF Change: DM 1.59069e-4; eev  2.12383e0 Ha; etot -2.12313e-3 Ha
Energy:    -177.1880595700 Ha after    5 iterations (in       0.06 seconds).
SCF Change: DM 4.03914e-5; eev  1.03690e0 Ha; etot -2.48627e-5 Ha
Energy:    -177.1880844328 Ha after    6 iterations (in       0.08 seconds).
SCF Change: DM 5.69387e-6; eev 1.39592e-2 Ha; etot -4.00834e-6 Ha
Energy:    -177.1880884411 Ha after    7 iterations (in       0.06 seconds).
SCF Change: DM 8.16162e-7; eev 2.34471e-3 Ha; etot -2.51328e-8 Ha
Energy:    -177.1880884662 Ha after    8 iterations (in       0.05 seconds).
SCF Change: DM 8.17618e-8; eev 3.45720e-3 Ha; etot -7.20036e-10 Ha
Energy:    -177.1880884670 Ha after    9 iterations (in       0.05 seconds).
SCF Change: DM 2.92705e-8; eev 1.29461e-3 Ha; etot -4.60432e-12 Ha
Energy:    -177.1880884670 Ha after   10 iterations (in       0.06 seconds).
SCF Change: DM 2.37989e-9; eev 6.90753e-6 Ha; etot -2.38742e-12 Ha
Energy:    -177.1880884670 Ha after   11 iterations (in       0.06 seconds).
SCF Change: DM 5.11685e-10; eev 5.12012e-7 Ha; etot -1.42109e-13 Ha
Energy:    -177.1880884670 Ha after   12 iterations (in       0.06 seconds).
SCF Change: DM 1.37238e-10; eev 3.24064e-7 Ha; etot 3.97904e-13 Ha
Energy:    -177.1880884670 Ha after   13 iterations (in       0.06 seconds).
SCF Change: DM 1.01607e-11; eev 4.79259e-8 Ha; etot -1.36424e-12 Ha
Energy:    -177.1880884670 Ha after   14 iterations (in       0.05 seconds).
SCF Change: DM 1.78818e-12; eev 1.86067e-8 Ha; etot 1.25056e-12 Ha
Energy:    -177.1880884670 Ha after   15 iterations (in       0.05 seconds).
SCF Change: DM 5.27752e-13; eev 1.45494e-9 Ha; etot 2.84217e-14 Ha
Energy:    -177.1880884670 Ha after   16 iterations (in       0.05 seconds).
SCF is converged after   16 iterations.
==========================================
Now evaluate the    PT2 correlation energy
==========================================
----------------------------------------------------------------------
Methods         :       Total Corr,          OS Corr,          SS Corr
----------------------------------------------------------------------
PT2             :      -0.58695865,      -0.42788882,      -0.15906983
----------------------------------------------------------------------
Fifth-rung correlation energy :      -0.186730682672 Ha
E[XYGJOS]=:    -176.86302122 Ha, Ex[HF]:     -16.56520256 Ha, Ec[PT2  ]:      -0.58695865 Ha
Mulliken population analysis:
  0-Na :   0.544433
  1-Br :  -0.544433

====================================================
              REST: Mission accomplished
====================================================
The SCF energy        :    -177.1880884670 Ha
The (R)-xDH energy    :    -176.8630212160 Ha
Detailed time report:
PT2       |:    0.094 s for the PT2 evaluation
Overall   |:    2.715 s for the whole job
SCF       |:    2.183 s for the scf procedure
