=========================================================
Input parameters for the REST calculation
=========================================================
Calculation type: Single-point energy
The exchange-correlation method: xygjos
Print level:                1
The number of threads used for parallelism:      4
The spheric-GTO basis set is taken from /home/symei/def2-TZVPP-angm
The pruning method is nwchem
The radial grid generation method is treutler
ERI Type: ri_v
Turn on the basis pair symmetry for RI 3D-tensors
The spheric-GTO auxiliary basis set is taken from /home/symei/def2-SV(P)-JKFIT
Spin polarization: Off
Charge:   0; Spin:   1
min_num_angular_points: 110
max_num_angular_points: 590
hardness: 3
Grid generation level: 3
Even tempered basis generation: false
SCF convergency thresholds: 1e-8 for density matrix
                            1e-8 Ha. for sum of eigenvalues
                            1e-8 Ha. for total energy
Max. SCF cycle number:      250
The diis mixing with (param, max_vec_len) = (0.2, 8) is employed for the SCF procedure
Turn on the diis mixing after 1 step(s) of SCF iteractions with the linear mixing
The specified checkfile exists but is not loaded because the keyword 'external_init_guess' is specified
It will be updated after the SCF procedure 
(none)
Initial guess is prepared by (sad).
It is a finite cluster calculation
the scf functional for 'xygjos' contains
The density functional 'B3LYP' belongs to the 'Hybrid GGA' family and is defined in the reference(s):
(0): P. J. Stephens, F. J. Devlin, C. F. Chabalowski, and M. J. Frisch.,  J. Phys. Chem. 98, 11623 (1994)
the post-scf functional 'xygjos' is employed, which contains
The density functional 'Slater exchange' belongs to the 'LDA' family and is defined in the reference(s):
(0): P. A. M. Dirac.,  Math. Proc. Cambridge Philos. Soc. 26, 376 (1930)
(1): F. Bloch.,  Z. Phys. 57, 545 (1929)
The density functional 'Becke 88' belongs to the 'GGA' family and is defined in the reference(s):
(0): A. D. Becke.,  Phys. Rev. A 38, 3098 (1988)
The density functional 'Vosko, Wilk & Nusair (VWN5_RPA)' belongs to the 'LDA' family and is defined in the reference(s):
(0): S. H. Vosko, L. Wilk, and M. Nusair.,  Can. J. Phys. 58, 1200 (1980)
The density functional 'Lee, Yang & Parr' belongs to the 'GGA' family and is defined in the reference(s):
(0): C. Lee, W. Yang, and R. G. Parr.,  Phys. Rev. B 37, 785 (1988)
(1): B. Miehlich, A. Savin, H. Stoll, and H. Preuss.,  Chem. Phys. Lett. 157, 200 (1989)
<start_mo> for the frozen-core post-SCF methods 32 is smaller than the number of ecp orbitals 42. Set <start_mo> = 0
Libxc version used in REST: 7.0.0
nbas: 62, natm: 4 for standard basis sets
First valence state for the frozen-core algorithm:     0
final nbas: 280,final natm: 8
numbasis: 186, num_auxbas: 926
Molecule_name: pbr3
Restricted Hartree-Fock (or Kohn-Sham) algorithm is invoked.
Nuc_energy:      96.23040328 Hartree
No ghost effective potential
No ghost point charges
Overlap matrix is nonsigular:
  Lowest eigenvalue:       0.00424592 with the total number of basis functions:    186
Grid size: 81592
Generate SAD of P
Generate SAD of Br
Initial guess HF energy:    -385.8669110452741506
The total energy:      -385.8552163266 Ha by the initial guess
Energy:    -385.8569169104 Ha after    1 iterations (in       0.43 seconds).
SCF Change: DM 1.32390e-3; eev  1.94275e1 Ha; etot 4.56622e-3 Ha
Energy:    -385.8523506913 Ha after    2 iterations (in       0.43 seconds).
SCF Change: DM 1.94563e-4; eev 1.58211e-1 Ha; etot -1.86869e-2 Ha
Energy:    -385.8710375833 Ha after    3 iterations (in       0.44 seconds).
SCF Change: DM 5.15058e-5; eev  1.54467e0 Ha; etot -5.95729e-4 Ha
Energy:    -385.8716333124 Ha after    4 iterations (in       0.44 seconds).
SCF Change: DM 2.12069e-5; eev  1.49198e0 Ha; etot -2.38837e-5 Ha
Energy:    -385.8716571962 Ha after    5 iterations (in       0.41 seconds).
SCF Change: DM 4.91391e-6; eev 6.85081e-1 Ha; etot -6.02792e-6 Ha
Energy:    -385.8716632241 Ha after    6 iterations (in       0.45 seconds).
SCF Change: DM 9.20810e-7; eev 1.09228e-1 Ha; etot -1.46827e-7 Ha
Energy:    -385.8716633709 Ha after    7 iterations (in       0.43 seconds).
SCF Change: DM 2.29919e-7; eev 1.45750e-3 Ha; etot -5.97299e-9 Ha
Energy:    -385.8716633769 Ha after    8 iterations (in       0.42 seconds).
SCF Change: DM 5.87963e-8; eev 5.43886e-3 Ha; etot -2.83194e-10 Ha
Energy:    -385.8716633772 Ha after    9 iterations (in       0.44 seconds).
SCF Change: DM 1.22983e-8; eev 1.32925e-4 Ha; etot -1.97815e-11 Ha
Energy:    -385.8716633772 Ha after   10 iterations (in       0.42 seconds).
SCF Change: DM 5.02505e-9; eev 2.47588e-5 Ha; etot 1.98952e-12 Ha
Energy:    -385.8716633772 Ha after   11 iterations (in       0.40 seconds).
SCF Change: DM 1.66783e-9; eev 4.75906e-6 Ha; etot 9.54969e-12 Ha
Energy:    -385.8716633772 Ha after   12 iterations (in       0.44 seconds).
SCF Change: DM 5.15550e-10; eev 8.23386e-7 Ha; etot -2.55795e-12 Ha
Energy:    -385.8716633772 Ha after   13 iterations (in       0.48 seconds).
SCF Change: DM 2.17893e-10; eev 1.06699e-6 Ha; etot 7.56017e-12 Ha
Energy:    -385.8716633772 Ha after   14 iterations (in       0.43 seconds).
SCF Change: DM 8.17258e-11; eev 1.57677e-8 Ha; etot -1.46088e-11 Ha
Energy:    -385.8716633772 Ha after   15 iterations (in       0.47 seconds).
SCF Change: DM 3.35502e-11; eev 2.43650e-7 Ha; etot 7.04858e-12 Ha
Energy:    -385.8716633772 Ha after   16 iterations (in       0.47 seconds).
SCF Change: DM 6.64883e-12; eev 1.56172e-7 Ha; etot 1.53477e-12 Ha
Energy:    -385.8716633772 Ha after   17 iterations (in       0.44 seconds).
SCF Change: DM 2.13947e-12; eev 7.08675e-8 Ha; etot -1.98952e-12 Ha
Energy:    -385.8716633772 Ha after   18 iterations (in       0.39 seconds).
SCF Change: DM 8.56212e-13; eev 1.61653e-8 Ha; etot 2.44427e-12 Ha
Energy:    -385.8716633772 Ha after   19 iterations (in       0.40 seconds).
SCF Change: DM 3.09972e-13; eev 5.00107e-9 Ha; etot -8.52651e-13 Ha
Energy:    -385.8716633772 Ha after   20 iterations (in       0.40 seconds).
SCF is converged after   20 iterations.
==========================================
Now evaluate the    PT2 correlation energy
==========================================
----------------------------------------------------------------------
Methods         :       Total Corr,          OS Corr,          SS Corr
----------------------------------------------------------------------
PT2             :      -1.53339171,      -1.11181167,      -0.42158004
----------------------------------------------------------------------
Fifth-rung correlation energy :      -0.485194611273 Ha
E[XYGJOS]=:    -385.39456067 Ha, Ex[HF]:     -30.08514627 Ha, Ec[PT2  ]:      -1.53339171 Ha
Mulliken population analysis:
  0-P  :   0.165721
  1-Br :  -0.055237
  2-Br :  -0.055242
  3-Br :  -0.055242

====================================================
              REST: Mission accomplished
====================================================
The SCF energy        :    -385.8716633772 Ha
The (R)-xDH energy    :    -385.3945606660 Ha
Detailed time report:
Overall   |:   15.119 s for the whole job
SCF       |:   13.948 s for the scf procedure
PT2       |:    0.730 s for the PT2 evaluation
