=========================================================
Input parameters for the REST calculation
=========================================================
Calculation type: Single-point energy
The exchange-correlation method: xygjos
Print level:                1
The number of threads used for parallelism:      4
The spheric-GTO basis set is taken from /home/symei/def2-TZVPP-angm
The pruning method is nwchem
The radial grid generation method is treutler
ERI Type: ri_v
Turn on the basis pair symmetry for RI 3D-tensors
The spheric-GTO auxiliary basis set is taken from /home/symei/def2-SV(P)-JKFIT
Spin polarization: Off
Charge:   0; Spin:   1
min_num_angular_points: 110
max_num_angular_points: 590
hardness: 3
Grid generation level: 3
Even tempered basis generation: false
SCF convergency thresholds: 1e-8 for density matrix
                            1e-8 Ha. for sum of eigenvalues
                            1e-8 Ha. for total energy
Max. SCF cycle number:      250
The diis mixing with (param, max_vec_len) = (0.2, 8) is employed for the SCF procedure
Turn on the diis mixing after 1 step(s) of SCF iteractions with the linear mixing
The specified checkfile exists but is not loaded because the keyword 'external_init_guess' is specified
It will be updated after the SCF procedure 
(none)
Initial guess is prepared by (sad).
It is a finite cluster calculation
the scf functional for 'xygjos' contains
The density functional 'B3LYP' belongs to the 'Hybrid GGA' family and is defined in the reference(s):
(0): P. J. Stephens, F. J. Devlin, C. F. Chabalowski, and M. J. Frisch.,  J. Phys. Chem. 98, 11623 (1994)
the post-scf functional 'xygjos' is employed, which contains
The density functional 'Slater exchange' belongs to the 'LDA' family and is defined in the reference(s):
(0): P. A. M. Dirac.,  Math. Proc. Cambridge Philos. Soc. 26, 376 (1930)
(1): F. Bloch.,  Z. Phys. 57, 545 (1929)
The density functional 'Becke 88' belongs to the 'GGA' family and is defined in the reference(s):
(0): A. D. Becke.,  Phys. Rev. A 38, 3098 (1988)
The density functional 'Vosko, Wilk & Nusair (VWN5_RPA)' belongs to the 'LDA' family and is defined in the reference(s):
(0): S. H. Vosko, L. Wilk, and M. Nusair.,  Can. J. Phys. 58, 1200 (1980)
The density functional 'Lee, Yang & Parr' belongs to the 'GGA' family and is defined in the reference(s):
(0): C. Lee, W. Yang, and R. G. Parr.,  Phys. Rev. B 37, 785 (1988)
(1): B. Miehlich, A. Savin, H. Stoll, and H. Preuss.,  Chem. Phys. Lett. 157, 200 (1989)
For SCF calculation, no core orbital is frozen by effective core potential (ECP) approximation
Libxc version used in REST: 7.0.0
nbas: 138, natm: 18 for standard basis sets
First valence state for the frozen-core algorithm:     6
final nbas: 360,final natm: 36
numbasis: 354, num_auxbas: 666
Molecule_name: ring-c6
Restricted Hartree-Fock (or Kohn-Sham) algorithm is invoked.
Nuc_energy:     255.75499495 Hartree
No ghost effective potential
No ghost point charges
Overlap matrix is nonsigular:
  Lowest eigenvalue:       0.00011022 with the total number of basis functions:    354
Grid size: 203700
Generate SAD of C
Generate SAD of H
Initial guess HF energy:    -237.3736770482732936
The total energy:      -235.3490037472 Ha by the initial guess
Energy:    -234.4610638872 Ha after    1 iterations (in       1.52 seconds).
SCF Change: DM 5.33306e-3; eev  5.56915e0 Ha; etot  1.06504e0 Ha
Energy:    -233.3960255027 Ha after    2 iterations (in       1.54 seconds).
SCF Change: DM 5.77211e-4; eev 6.57203e-1 Ha; etot -2.56976e0 Ha
Energy:    -235.9657858294 Ha after    3 iterations (in       1.46 seconds).
SCF Change: DM 1.60285e-4; eev 6.91123e-2 Ha; etot -5.31698e-3 Ha
Energy:    -235.9711028141 Ha after    4 iterations (in       1.51 seconds).
SCF Change: DM 1.81428e-5; eev 1.26803e-2 Ha; etot -6.95394e-4 Ha
Energy:    -235.9717982081 Ha after    5 iterations (in       1.66 seconds).
SCF Change: DM 2.30016e-6; eev 7.42109e-4 Ha; etot -7.96087e-6 Ha
Energy:    -235.9718061690 Ha after    6 iterations (in       1.52 seconds).
SCF Change: DM 3.22277e-7; eev 1.46121e-4 Ha; etot -1.77806e-7 Ha
Energy:    -235.9718063468 Ha after    7 iterations (in       1.45 seconds).
SCF Change: DM 6.58289e-8; eev 1.73510e-5 Ha; etot -2.28300e-9 Ha
Energy:    -235.9718063490 Ha after    8 iterations (in       1.55 seconds).
SCF Change: DM 2.25201e-8; eev 4.29534e-6 Ha; etot -1.80279e-10 Ha
Energy:    -235.9718063492 Ha after    9 iterations (in       1.58 seconds).
SCF Change: DM 1.88647e-9; eev 1.09801e-6 Ha; etot -3.88809e-11 Ha
Energy:    -235.9718063493 Ha after   10 iterations (in       1.64 seconds).
SCF Change: DM 2.76615e-10; eev 4.63994e-8 Ha; etot 3.35376e-12 Ha
Energy:    -235.9718063493 Ha after   11 iterations (in       1.53 seconds).
SCF Change: DM 6.41499e-11; eev 1.98357e-8 Ha; etot 1.01466e-11 Ha
Energy:    -235.9718063493 Ha after   12 iterations (in       1.59 seconds).
SCF Change: DM 1.92228e-11; eev 6.79804e-9 Ha; etot -1.11982e-11 Ha
Energy:    -235.9718063493 Ha after   13 iterations (in       1.50 seconds).
SCF is converged after   13 iterations.
==========================================
Now evaluate the    PT2 correlation energy
==========================================
----------------------------------------------------------------------
Methods         :       Total Corr,          OS Corr,          SS Corr
----------------------------------------------------------------------
PT2             :      -1.46560624,      -1.12284669,      -0.34275955
----------------------------------------------------------------------
Fifth-rung correlation energy :      -0.490010297406 Ha
E[XYGJOS]=:    -235.26971955 Ha, Ex[HF]:     -35.45474821 Ha, Ec[PT2  ]:      -1.46560624 Ha
Mulliken population analysis:
  0-C  :  -0.113400
  1-C  :  -0.112639
  2-C  :  -0.113325
  3-C  :  -0.113399
  4-C  :  -0.112639
  5-C  :  -0.113330
  6-H  :   0.063545
  7-H  :   0.049667
  8-H  :   0.063297
  9-H  :   0.049601
 10-H  :   0.063603
 11-H  :   0.049599
 12-H  :   0.063605
 13-H  :   0.063296
 14-H  :   0.049668
 15-H  :   0.049655
 16-H  :   0.063544
 17-H  :   0.049651

====================================================
              REST: Mission accomplished
====================================================
The SCF energy        :    -235.9718063493 Ha
The (R)-xDH energy    :    -235.2697195541 Ha
Detailed time report:
Overall   |:   37.992 s for the whole job
SCF       |:   35.354 s for the scf procedure
PT2       |:    2.182 s for the PT2 evaluation
