=========================================================
Input parameters for the REST calculation
=========================================================
Calculation type: Single-point energy
The exchange-correlation method: xygjos
Print level:                1
The number of threads used for parallelism:      4
The spheric-GTO basis set is taken from /home/symei/def2-TZVPP-angm
The pruning method is nwchem
The radial grid generation method is treutler
ERI Type: ri_v
Turn on the basis pair symmetry for RI 3D-tensors
The spheric-GTO auxiliary basis set is taken from /home/symei/def2-SV(P)-JKFIT
Spin polarization: Off
Charge:   0; Spin:   1
min_num_angular_points: 110
max_num_angular_points: 590
hardness: 3
Grid generation level: 3
Even tempered basis generation: false
SCF convergency thresholds: 1e-8 for density matrix
                            1e-8 Ha. for sum of eigenvalues
                            1e-8 Ha. for total energy
Max. SCF cycle number:      250
The diis mixing with (param, max_vec_len) = (0.2, 8) is employed for the SCF procedure
Turn on the diis mixing after 1 step(s) of SCF iteractions with the linear mixing
The specified checkfile exists but is not loaded because the keyword 'external_init_guess' is specified
It will be updated after the SCF procedure 
(none)
Initial guess is prepared by (sad).
It is a finite cluster calculation
the scf functional for 'xygjos' contains
The density functional 'B3LYP' belongs to the 'Hybrid GGA' family and is defined in the reference(s):
(0): P. J. Stephens, F. J. Devlin, C. F. Chabalowski, and M. J. Frisch.,  J. Phys. Chem. 98, 11623 (1994)
the post-scf functional 'xygjos' is employed, which contains
The density functional 'Slater exchange' belongs to the 'LDA' family and is defined in the reference(s):
(0): P. A. M. Dirac.,  Math. Proc. Cambridge Philos. Soc. 26, 376 (1930)
(1): F. Bloch.,  Z. Phys. 57, 545 (1929)
The density functional 'Becke 88' belongs to the 'GGA' family and is defined in the reference(s):
(0): A. D. Becke.,  Phys. Rev. A 38, 3098 (1988)
The density functional 'Vosko, Wilk & Nusair (VWN5_RPA)' belongs to the 'LDA' family and is defined in the reference(s):
(0): S. H. Vosko, L. Wilk, and M. Nusair.,  Can. J. Phys. 58, 1200 (1980)
The density functional 'Lee, Yang & Parr' belongs to the 'GGA' family and is defined in the reference(s):
(0): C. Lee, W. Yang, and R. G. Parr.,  Phys. Rev. B 37, 785 (1988)
(1): B. Miehlich, A. Savin, H. Stoll, and H. Preuss.,  Chem. Phys. Lett. 157, 200 (1989)
<start_mo> for the frozen-core post-SCF methods 15 is larger than the number of ecp orbitals 14. Take the <start_mo> -= ecp_orbitals
Libxc version used in REST: 7.0.0
nbas: 148, natm: 18 for standard basis sets
First valence state for the frozen-core algorithm:     1
final nbas: 424,final natm: 36
numbasis: 388, num_auxbas: 914
Molecule_name: ring-c6br1
Restricted Hartree-Fock (or Kohn-Sham) algorithm is invoked.
Nuc_energy:     298.16491839 Hartree
No ghost effective potential
No ghost point charges
Overlap matrix is nonsigular:
  Lowest eigenvalue:       0.00009141 with the total number of basis functions:    388
Grid size: 214580
Generate SAD of C
Generate SAD of H
Generate SAD of Br
Initial guess HF energy:    -251.6232726771209514
The total energy:      -249.5208931826 Ha by the initial guess
Energy:    -247.9171640483 Ha after    1 iterations (in       2.00 seconds).
SCF Change: DM 1.76890e-2; eev  2.18071e1 Ha; etot  1.14457e1 Ha
Energy:    -236.4715107871 Ha after    2 iterations (in       2.02 seconds).
SCF Change: DM 4.20905e-3; eev  2.18546e1 Ha; etot -1.32072e1 Ha
Energy:    -249.6787428534 Ha after    3 iterations (in       2.06 seconds).
SCF Change: DM 1.29251e-3; eev  3.54380e0 Ha; etot -4.46432e-1 Ha
Energy:    -250.1251752194 Ha after    4 iterations (in       1.98 seconds).
SCF Change: DM 3.43560e-4; eev  5.51287e0 Ha; etot -4.51947e-2 Ha
Energy:    -250.1703699598 Ha after    5 iterations (in       2.09 seconds).
SCF Change: DM 1.15425e-4; eev 7.24997e-1 Ha; etot -3.07864e-3 Ha
Energy:    -250.1734486035 Ha after    6 iterations (in       2.08 seconds).
SCF Change: DM 3.68367e-5; eev  1.13147e0 Ha; etot -5.37615e-4 Ha
Energy:    -250.1739862184 Ha after    7 iterations (in       2.05 seconds).
SCF Change: DM 1.25906e-5; eev 1.37990e-1 Ha; etot -4.99664e-5 Ha
Energy:    -250.1740361848 Ha after    8 iterations (in       2.26 seconds).
SCF Change: DM 3.41285e-6; eev 1.76148e-1 Ha; etot -6.06975e-6 Ha
Energy:    -250.1740422546 Ha after    9 iterations (in       2.06 seconds).
SCF Change: DM 9.40943e-7; eev 4.18956e-2 Ha; etot -4.40184e-7 Ha
Energy:    -250.1740426948 Ha after   10 iterations (in       2.06 seconds).
SCF Change: DM 3.63497e-7; eev 5.42223e-3 Ha; etot -2.04751e-8 Ha
Energy:    -250.1740427152 Ha after   11 iterations (in       2.27 seconds).
SCF Change: DM 8.85907e-8; eev 1.11436e-3 Ha; etot -1.34145e-9 Ha
Energy:    -250.1740427166 Ha after   12 iterations (in       2.24 seconds).
SCF Change: DM 3.35009e-8; eev 2.89449e-4 Ha; etot -1.54614e-10 Ha
Energy:    -250.1740427167 Ha after   13 iterations (in       2.29 seconds).
SCF Change: DM 9.94874e-9; eev 6.01037e-5 Ha; etot -3.64366e-11 Ha
Energy:    -250.1740427168 Ha after   14 iterations (in       2.07 seconds).
SCF Change: DM 3.44626e-9; eev 7.35702e-5 Ha; etot -7.73070e-12 Ha
Energy:    -250.1740427168 Ha after   15 iterations (in       2.02 seconds).
SCF Change: DM 1.47808e-9; eev 2.06538e-5 Ha; etot -1.07434e-11 Ha
Energy:    -250.1740427168 Ha after   16 iterations (in       2.02 seconds).
SCF Change: DM 4.01235e-10; eev 5.55284e-6 Ha; etot -7.38964e-13 Ha
Energy:    -250.1740427168 Ha after   17 iterations (in       2.07 seconds).
SCF Change: DM 1.71675e-10; eev 2.99787e-6 Ha; etot 2.43290e-11 Ha
Energy:    -250.1740427168 Ha after   18 iterations (in       2.10 seconds).
SCF Change: DM 5.05241e-11; eev 1.12008e-7 Ha; etot -6.65068e-12 Ha
Energy:    -250.1740427168 Ha after   19 iterations (in       2.01 seconds).
SCF Change: DM 1.75234e-11; eev 1.03870e-7 Ha; etot -3.80851e-12 Ha
Energy:    -250.1740427168 Ha after   20 iterations (in       2.08 seconds).
SCF Change: DM 5.00994e-12; eev 4.94445e-8 Ha; etot -9.83391e-12 Ha
Energy:    -250.1740427168 Ha after   21 iterations (in       2.02 seconds).
SCF Change: DM 1.42065e-12; eev 2.95894e-8 Ha; etot -1.13687e-13 Ha
Energy:    -250.1740427168 Ha after   22 iterations (in       1.99 seconds).
Energy increase is detected. Turn on the linear mixing algorithm with (H[DIIS, i-1] + H[DIIS, i+1]).
Prev_Energies: (   -250.17404272,    -250.17404272)
SCF Change: DM 1.19922e-12; eev 2.40970e-8 Ha; etot 2.84217e-13 Ha
Energy:    -250.1740427168 Ha after   23 iterations (in       2.07 seconds).
Energy increase is detected. Turn on the linear mixing algorithm with (H[DIIS, i-1] + H[DIIS, i+1]).
Prev_Energies: (   -250.17404272,    -250.17404272)
SCF Change: DM 1.15458e-12; eev 2.31320e-8 Ha; etot 3.06954e-12 Ha
Energy:    -250.1740427168 Ha after   24 iterations (in       2.13 seconds).
SCF Change: DM 1.58422e-12; eev 2.65446e-9 Ha; etot -1.25056e-11 Ha
Energy:    -250.1740427168 Ha after   25 iterations (in       2.06 seconds).
SCF is converged after   25 iterations.
==========================================
Now evaluate the    PT2 correlation energy
==========================================
----------------------------------------------------------------------
Methods         :       Total Corr,          OS Corr,          SS Corr
----------------------------------------------------------------------
PT2             :      -1.93815181,      -1.47742004,      -0.46073177
----------------------------------------------------------------------
Fifth-rung correlation energy :      -0.644746104883 Ha
E[XYGJOS]=:    -249.49915758 Ha, Ex[HF]:     -37.58315266 Ha, Ec[PT2  ]:      -1.93815181 Ha
Mulliken population analysis:
  0-C  :  -0.133576
  1-C  :  -0.190613
  2-C  :  -0.133576
  3-C  :  -0.107306
  4-C  :  -0.117734
  5-C  :  -0.107306
  6-H  :   0.083815
  7-H  :   0.095126
  8-H  :   0.063682
  9-H  :   0.083816
 10-H  :   0.058381
 11-H  :   0.072902
 12-H  :   0.070148
 13-H  :   0.055940
 14-H  :   0.058381
 15-H  :   0.072903
 16-H  :   0.063683
 17-Br :   0.011334

====================================================
              REST: Mission accomplished
====================================================
The SCF energy        :    -250.1740427168 Ha
The (R)-xDH energy    :    -249.4991575814 Ha
Detailed time report:
PT2       |:    3.540 s for the PT2 evaluation
Overall   |:   76.544 s for the whole job
SCF       |:   72.546 s for the scf procedure
