Sender: LSF System <lsfadmin@xc05n04>
Subject: Job 170593: <o-ptype> in cluster <xdft1> Exited

Job <o-ptype> was submitted from host <xc03n08> by user <symei> in cluster <xdft1> at Thu Oct 16 16:07:42 2025
Job was executed on host(s) <4*xc05n04>, in queue <small>, as user <symei> in cluster <xdft1> at Thu Oct 16 16:07:42 2025
</share/home/symei> was used as the home directory.
</share/home/symei/comp/pp-fit/optuna_rms/debug> was used as the working directory.
Started at Thu Oct 16 16:07:42 2025
Terminated at Thu Oct 16 16:09:00 2025
Results reported at Thu Oct 16 16:09:00 2025

Your job looked like:

------------------------------------------------------------
# LSBATCH: User input
#! /usr/bin/env bash

#BSUB -q small      # 替换为实际队列名（如 normal、cpu、gpu等）
#BSUB -J o-ptype         # 作业名称
#BSUB -n 4              # 申请 8 个 CPU 核心
#BSUB -R "span[ptile=16]" # 限制在单节点运行
#BSUB -o %J.out         # 输出日志文件
#BSUB -e %J.err         # 错误日志文件

export ROOT_PATH=/share/home/symei/pseudo_fitting
export FITTING_PATH=${ROOT_PATH}/DFT_Fit
export IGOR_MODULES_PATH=${ROOT_PATH}/Modules

nohup python $FITTING_PATH/DFT_Fit.py br-fitting.ctl

------------------------------------------------------------

Exited with exit code 1.

Resource usage summary:

    CPU time :                                   328.89 sec.
    Max Memory :                                 413 MB
    Average Memory :                             193.85 MB
    Total Requested Memory :                     -
    Delta Memory :                               -
    Max Swap :                                   17592186044415 MB
    Max Processes :                              7
    Max Threads :                                66
    Run time :                                   78 sec.
    Turnaround time :                            78 sec.

The output (if any) follows:

Error :: SCF doesn't sucess in br
Error :: SCF doesn't sucess in br
Error :: SCF doesn't sucess in br
Error :: SCF doesn't sucess in br2


PS:

Read file <170593.err> for stderr output of this job.

