=========================================================
Input parameters for the REST calculation
=========================================================
Calculation type: Single-point energy
The exchange-correlation method: xygjos
Print level:                1
The number of threads used for parallelism:      4
The spheric-GTO basis set is taken from /home/symei/TZVPP-debug
The pruning method is nwchem
The radial grid generation method is treutler
ERI Type: ri_v
Turn on the basis pair symmetry for RI 3D-tensors
The spheric-GTO auxiliary basis set is taken from /home/symei/def2-SV(P)-JKFIT
Spin polarization: On
Charge:   0; Spin:   2
min_num_angular_points: 110
max_num_angular_points: 590
hardness: 3
Grid generation level: 3
Even tempered basis generation: false
SCF convergency thresholds: 1e-8 for density matrix
                            1e-8 Ha. for sum of eigenvalues
                            1e-8 Ha. for total energy
Max. SCF cycle number:      250
The diis mixing with (param, max_vec_len) = (0.2, 8) is employed for the SCF procedure
Turn on the diis mixing after 1 step(s) of SCF iteractions with the linear mixing
The specified checkfile exists but is not loaded because the keyword 'external_init_guess' is specified
It will be updated after the SCF procedure 
(none)
Initial guess is prepared by (sad).
It is a finite cluster calculation
the scf functional for 'xygjos' contains
The density functional 'B3LYP' belongs to the 'Hybrid GGA' family and is defined in the reference(s):
(0): P. J. Stephens, F. J. Devlin, C. F. Chabalowski, and M. J. Frisch.,  J. Phys. Chem. 98, 11623 (1994)
the post-scf functional 'xygjos' is employed, which contains
The density functional 'Slater exchange' belongs to the 'LDA' family and is defined in the reference(s):
(0): P. A. M. Dirac.,  Math. Proc. Cambridge Philos. Soc. 26, 376 (1930)
(1): F. Bloch.,  Z. Phys. 57, 545 (1929)
The density functional 'Becke 88' belongs to the 'GGA' family and is defined in the reference(s):
(0): A. D. Becke.,  Phys. Rev. A 38, 3098 (1988)
The density functional 'Vosko, Wilk & Nusair (VWN5_RPA)' belongs to the 'LDA' family and is defined in the reference(s):
(0): S. H. Vosko, L. Wilk, and M. Nusair.,  Can. J. Phys. 58, 1200 (1980)
The density functional 'Lee, Yang & Parr' belongs to the 'GGA' family and is defined in the reference(s):
(0): C. Lee, W. Yang, and R. G. Parr.,  Phys. Rev. B 37, 785 (1988)
(1): B. Miehlich, A. Savin, H. Stoll, and H. Preuss.,  Chem. Phys. Lett. 157, 200 (1989)
<start_mo> for the frozen-core post-SCF methods 0 is smaller than the number of ecp orbitals 5. Set <start_mo> = 0
Libxc version used in REST: 7.0.0
nbas: 16, natm: 1 for standard basis sets
First valence state for the frozen-core algorithm:     0
final nbas: 76,final natm: 2
numbasis: 48, num_auxbas: 266
Molecule_name: br
Unrestricted Hartree-Fock (or Kohn-Sham) algorithm is invoked.
Nuc_energy:       0.00000000 Hartree
No ghost effective potential
No ghost point charges
Overlap matrix is nonsigular:
  Lowest eigenvalue:       0.02573177 with the total number of basis functions:     48
Grid size: 20904
Generate SAD of Br
Initial guess HF energy:    -567.8690527469736935
The total energy:      -567.9274221604 Ha by the initial guess
Energy:    -567.8579925405 Ha with <S^2> =  0.750 and <2S+1> =  2.000 after    1 iterations (in       0.03 seconds).
SCF Change: DM (8.50668e-3,8.28751e-3); eev  2.30011e0 Ha; etot 3.82213e-1 Ha
Energy:    -567.4757796745 Ha with <S^2> =  0.750 and <2S+1> =  2.000 after    2 iterations (in       0.03 seconds).
SCF Change: DM (7.17248e-4,7.21261e-4); eev 1.49066e-1 Ha; etot -4.69323e-1 Ha
Energy:    -567.9451024462 Ha with <S^2> =  0.750 and <2S+1> =  2.000 after    3 iterations (in       0.03 seconds).
SCF Change: DM (3.19153e-5,1.94276e-5); eev 6.48339e-3 Ha; etot -1.93032e-3 Ha
Energy:    -567.9470327616 Ha with <S^2> =  0.750 and <2S+1> =  2.000 after    4 iterations (in       0.03 seconds).
SCF Change: DM (3.00712e-6,3.80655e-6); eev 3.48960e-4 Ha; etot -2.21478e-6 Ha
Energy:    -567.9470349764 Ha with <S^2> =  0.750 and <2S+1> =  2.000 after    5 iterations (in       0.05 seconds).
SCF Change: DM (1.03714e-6,1.40467e-6); eev 5.04750e-5 Ha; etot -1.93414e-8 Ha
Energy:    -567.9470349957 Ha with <S^2> =  0.750 and <2S+1> =  2.000 after    6 iterations (in       0.04 seconds).
SCF Change: DM (8.56762e-8,5.65138e-7); eev 4.90048e-6 Ha; etot -1.54114e-9 Ha
Energy:    -567.9470349972 Ha with <S^2> =  0.750 and <2S+1> =  2.000 after    7 iterations (in       0.04 seconds).
SCF Change: DM (2.80390e-8,5.02791e-7); eev 1.11811e-6 Ha; etot -3.08546e-10 Ha
Energy:    -567.9470349976 Ha with <S^2> =  0.750 and <2S+1> =  2.000 after    8 iterations (in       0.03 seconds).
SCF Change: DM (2.06741e-7,3.82638e-6); eev 6.54095e-6 Ha; etot -2.70120e-10 Ha
Energy:    -567.9470349978 Ha with <S^2> =  0.750 and <2S+1> =  2.000 after    9 iterations (in       0.03 seconds).
SCF Change: DM (7.11418e-7,1.31270e-5); eev 2.06312e-5 Ha; etot 2.04705e-9 Ha
Energy:    -567.9470349958 Ha with <S^2> =  0.750 and <2S+1> =  2.000 after   10 iterations (in       0.04 seconds).
SCF Change: DM (4.08718e-8,6.08578e-7); eev 2.09919e-6 Ha; etot 6.86953e-9 Ha
Energy:    -567.9470349889 Ha with <S^2> =  0.750 and <2S+1> =  2.000 after   11 iterations (in       0.03 seconds).
SCF Change: DM (8.56133e-9,1.69017e-7); eev 5.25776e-8 Ha; etot 2.88765e-10 Ha
Energy:    -567.9470349886 Ha with <S^2> =  0.750 and <2S+1> =  2.000 after   12 iterations (in       0.03 seconds).
SCF Change: DM (9.21727e-7,1.82720e-5); eev 5.33440e-7 Ha; etot -8.92442e-11 Ha
Energy:    -567.9470349887 Ha with <S^2> =  0.750 and <2S+1> =  2.000 after   13 iterations (in       0.03 seconds).
SCF Change: DM (3.03785e-5,6.00628e-4); eev 3.31160e-4 Ha; etot 9.63632e-9 Ha
Energy:    -567.9470349791 Ha with <S^2> =  0.750 and <2S+1> =  2.000 after   14 iterations (in       0.03 seconds).
SCF Change: DM (8.90624e-6,1.75650e-4); eev 1.59436e-4 Ha; etot 2.90465e-7 Ha
Energy:    -567.9470346886 Ha with <S^2> =  0.750 and <2S+1> =  2.000 after   15 iterations (in       0.03 seconds).
SCF Change: DM (2.22284e-6,4.39390e-5); eev 4.10837e-5 Ha; etot -8.03691e-8 Ha
Energy:    -567.9470347690 Ha with <S^2> =  0.750 and <2S+1> =  2.000 after   16 iterations (in       0.03 seconds).
SCF Change: DM (1.91204e-5,3.76063e-4); eev 3.94792e-4 Ha; etot 2.05096e-8 Ha
Energy:    -567.9470347485 Ha with <S^2> =  0.750 and <2S+1> =  2.000 after   17 iterations (in       0.03 seconds).
SCF Change: DM (7.87476e-7,1.53125e-5); eev 1.86464e-5 Ha; etot 1.68364e-7 Ha
Energy:    -567.9470345801 Ha with <S^2> =  0.750 and <2S+1> =  2.000 after   18 iterations (in       0.03 seconds).
SCF Change: DM (1.24461e-7,2.44067e-6); eev 1.33123e-6 Ha; etot 6.42274e-9 Ha
Energy:    -567.9470345737 Ha with <S^2> =  0.750 and <2S+1> =  2.000 after   19 iterations (in       0.04 seconds).
SCF Change: DM (3.93429e-6,7.71287e-5); eev 8.82655e-5 Ha; etot -9.17680e-10 Ha
Energy:    -567.9470345746 Ha with <S^2> =  0.750 and <2S+1> =  2.000 after   20 iterations (in       0.04 seconds).
SCF Change: DM (1.56904e-5,3.08518e-4); eev 3.63267e-4 Ha; etot -3.34105e-8 Ha
Energy:    -567.9470346080 Ha with <S^2> =  0.750 and <2S+1> =  2.000 after   21 iterations (in       0.04 seconds).
