=========================================================
Input parameters for the REST calculation
=========================================================
Calculation type: Single-point energy
The exchange-correlation method: xygjos
Print level:                1
The number of threads used for parallelism:      4
The spheric-GTO basis set is taken from /home/symei/def2-TZVPP-mixed
The pruning method is nwchem
The radial grid generation method is treutler
ERI Type: ri_v
Turn on the basis pair symmetry for RI 3D-tensors
The spheric-GTO auxiliary basis set is taken from /home/symei/def2-SV(P)-JKFIT
Spin polarization: On
Charge:   0; Spin:   2
min_num_angular_points: 110
max_num_angular_points: 590
hardness: 3
Grid generation level: 3
Even tempered basis generation: false
SCF convergency thresholds: 1e-8 for density matrix
                            1e-8 Ha. for sum of eigenvalues
                            1e-8 Ha. for total energy
Max. SCF cycle number:      250
The diis mixing with (param, max_vec_len) = (0.2, 8) is employed for the SCF procedure
Turn on the diis mixing after 1 step(s) of SCF iteractions with the linear mixing
The specified checkfile exists but is not loaded because the keyword 'external_init_guess' is specified
It will be updated after the SCF procedure 
(none)
Initial guess is prepared by (sad).
It is a finite cluster calculation
the scf functional for 'xygjos' contains
The density functional 'B3LYP' belongs to the 'Hybrid GGA' family and is defined in the reference(s):
(0): P. J. Stephens, F. J. Devlin, C. F. Chabalowski, and M. J. Frisch.,  J. Phys. Chem. 98, 11623 (1994)
the post-scf functional 'xygjos' is employed, which contains
The density functional 'Slater exchange' belongs to the 'LDA' family and is defined in the reference(s):
(0): P. A. M. Dirac.,  Math. Proc. Cambridge Philos. Soc. 26, 376 (1930)
(1): F. Bloch.,  Z. Phys. 57, 545 (1929)
The density functional 'Becke 88' belongs to the 'GGA' family and is defined in the reference(s):
(0): A. D. Becke.,  Phys. Rev. A 38, 3098 (1988)
The density functional 'Vosko, Wilk & Nusair (VWN5_RPA)' belongs to the 'LDA' family and is defined in the reference(s):
(0): S. H. Vosko, L. Wilk, and M. Nusair.,  Can. J. Phys. 58, 1200 (1980)
The density functional 'Lee, Yang & Parr' belongs to the 'GGA' family and is defined in the reference(s):
(0): C. Lee, W. Yang, and R. G. Parr.,  Phys. Rev. B 37, 785 (1988)
(1): B. Miehlich, A. Savin, H. Stoll, and H. Preuss.,  Chem. Phys. Lett. 157, 200 (1989)
<start_mo> for the frozen-core post-SCF methods 9 is smaller than the number of ecp orbitals 14. Set <start_mo> = 0
Libxc version used in REST: 7.0.0
nbas: 16, natm: 1 for standard basis sets
First valence state for the frozen-core algorithm:     0
final nbas: 76,final natm: 2
numbasis: 48, num_auxbas: 266
Molecule_name: br
Unrestricted Hartree-Fock (or Kohn-Sham) algorithm is invoked.
Nuc_energy:       0.00000000 Hartree
No ghost effective potential
No ghost point charges
Overlap matrix is nonsigular:
  Lowest eigenvalue:       0.02573177 with the total number of basis functions:     48
Grid size: 20904
Generate SAD of Br
Initial guess HF energy:     -15.0251687848900861
The total energy:       -15.0683926694 Ha by the initial guess
Energy:     -15.0692734967 Ha with <S^2> =  0.755 and <2S+1> =  2.005 after    1 iterations (in       0.03 seconds).
SCF Change: DM (2.07598e-4,3.22597e-4); eev  1.41992e2 Ha; etot 1.67924e-3 Ha
Energy:     -15.0675942580 Ha with <S^2> =  0.755 and <2S+1> =  2.005 after    2 iterations (in       0.03 seconds).
SCF Change: DM (8.58659e-5,1.35093e-4); eev  1.68848e2 Ha; etot -4.98996e-3 Ha
Energy:     -15.0725842179 Ha with <S^2> =  0.756 and <2S+1> =  2.006 after    3 iterations (in       0.03 seconds).
SCF Change: DM (6.94032e-5,7.64553e-5); eev  2.49510e2 Ha; etot -5.25716e-4 Ha
Energy:     -15.0731099336 Ha with <S^2> =  0.757 and <2S+1> =  2.007 after    4 iterations (in       0.03 seconds).
SCF Change: DM (2.55288e-5,1.76469e-5); eev  2.89458e2 Ha; etot 6.41723e-5 Ha
Energy:     -15.0730457613 Ha with <S^2> =  0.757 and <2S+1> =  2.007 after    5 iterations (in       0.03 seconds).
SCF Change: DM (1.89274e-5,1.40673e-5); eev  1.44933e2 Ha; etot -4.48956e-5 Ha
Energy:     -15.0730906568 Ha with <S^2> =  0.757 and <2S+1> =  2.007 after    6 iterations (in       0.03 seconds).
SCF Change: DM (6.40634e-6,7.80252e-6); eev  2.47089e2 Ha; etot -9.00125e-5 Ha
Energy:     -15.0731806693 Ha with <S^2> =  0.757 and <2S+1> =  2.007 after    7 iterations (in       0.03 seconds).
SCF Change: DM (7.10243e-6,4.29055e-6); eev  2.95121e2 Ha; etot -7.40150e-7 Ha
Energy:     -15.0731814095 Ha with <S^2> =  0.757 and <2S+1> =  2.007 after    8 iterations (in       0.03 seconds).
SCF Change: DM (6.66805e-6,4.28511e-6); eev  4.52781e1 Ha; etot 4.91798e-7 Ha
Energy:     -15.0731809177 Ha with <S^2> =  0.757 and <2S+1> =  2.007 after    9 iterations (in       0.03 seconds).
SCF Change: DM (1.78581e-6,1.24480e-6); eev  5.24765e1 Ha; etot -1.00838e-6 Ha
Energy:     -15.0731819260 Ha with <S^2> =  0.757 and <2S+1> =  2.007 after   10 iterations (in       0.03 seconds).
SCF Change: DM (2.39265e-6,2.05590e-6); eev  1.77817e1 Ha; etot -2.44673e-7 Ha
Energy:     -15.0731821707 Ha with <S^2> =  0.757 and <2S+1> =  2.007 after   11 iterations (in       0.03 seconds).
SCF Change: DM (1.23991e-6,9.45819e-7); eev  5.04543e1 Ha; etot -5.33470e-6 Ha
Energy:     -15.0731875054 Ha with <S^2> =  0.757 and <2S+1> =  2.007 after   12 iterations (in       0.03 seconds).
SCF Change: DM (1.19018e-6,1.73167e-6); eev  4.13093e1 Ha; etot -8.81997e-8 Ha
Energy:     -15.0731875936 Ha with <S^2> =  0.757 and <2S+1> =  2.007 after   13 iterations (in       0.03 seconds).
SCF Change: DM (7.46460e-7,1.72688e-6); eev  3.69789e1 Ha; etot 1.00897e-8 Ha
Energy:     -15.0731875835 Ha with <S^2> =  0.757 and <2S+1> =  2.007 after   14 iterations (in       0.03 seconds).
SCF Change: DM (3.59183e-7,1.44577e-6); eev  2.20895e1 Ha; etot -5.62479e-8 Ha
Energy:     -15.0731876398 Ha with <S^2> =  0.757 and <2S+1> =  2.007 after   15 iterations (in       0.03 seconds).
SCF Change: DM (2.84515e-7,1.37131e-6); eev  6.43150e0 Ha; etot -4.16590e-9 Ha
Energy:     -15.0731876439 Ha with <S^2> =  0.757 and <2S+1> =  2.007 after   16 iterations (in       0.03 seconds).
SCF Change: DM (1.40277e-7,6.86272e-7); eev  2.41535e0 Ha; etot -2.06555e-9 Ha
Energy:     -15.0731876460 Ha with <S^2> =  0.757 and <2S+1> =  2.007 after   17 iterations (in       0.03 seconds).
SCF Change: DM (5.47748e-8,2.68522e-7); eev 9.96558e-3 Ha; etot -7.63201e-10 Ha
Energy:     -15.0731876468 Ha with <S^2> =  0.757 and <2S+1> =  2.007 after   18 iterations (in       0.03 seconds).
SCF Change: DM (1.50220e-6,7.36658e-6); eev 5.65020e-1 Ha; etot -2.90084e-10 Ha
Energy:     -15.0731876470 Ha with <S^2> =  0.757 and <2S+1> =  2.007 after   19 iterations (in       0.03 seconds).
SCF Change: DM (1.23244e-4,6.02379e-4); eev 9.53731e-2 Ha; etot 7.94138e-9 Ha
Energy:     -15.0731876391 Ha with <S^2> =  0.757 and <2S+1> =  2.007 after   20 iterations (in       0.03 seconds).
Energy increase is detected. Turn on the linear mixing algorithm with (H[DIIS, i-1] + H[DIIS, i+1]).
Prev_Energies: (    -15.07318764,     -15.07318714)
Energy increase is detected. Turn on the linear mixing algorithm with (H[DIIS, i-1] + H[DIIS, i+1]).
Prev_Energies: (    -15.07318764,     -15.07318714)
SCF Change: DM (1.04434e-4,5.10221e-4); eev 1.07774e-1 Ha; etot 4.98952e-7 Ha
Energy:     -15.0731871402 Ha with <S^2> =  0.757 and <2S+1> =  2.007 after   21 iterations (in       0.03 seconds).
SCF Change: DM (1.17714e-4,5.74814e-4); eev 2.07936e-1 Ha; etot -4.02888e-7 Ha
Energy:     -15.0731875430 Ha with <S^2> =  0.757 and <2S+1> =  2.007 after   22 iterations (in       0.03 seconds).
Energy increase is detected. Turn on the linear mixing algorithm with (H[DIIS, i-1] + H[DIIS, i+1]).
Prev_Energies: (    -15.07318754,     -15.07318709)
Energy increase is detected. Turn on the linear mixing algorithm with (H[DIIS, i-1] + H[DIIS, i+1]).
Prev_Energies: (    -15.07318754,     -15.07318709)
SCF Change: DM (9.21759e-5,4.49727e-4); eev 1.63691e-1 Ha; etot 4.49912e-7 Ha
Energy:     -15.0731870931 Ha with <S^2> =  0.757 and <2S+1> =  2.007 after   23 iterations (in       0.03 seconds).
SCF Change: DM (5.15431e-5,2.52201e-4); eev 1.11973e-1 Ha; etot -3.31716e-7 Ha
Energy:     -15.0731874248 Ha with <S^2> =  0.757 and <2S+1> =  2.007 after   24 iterations (in       0.04 seconds).
Energy increase is detected. Turn on the linear mixing algorithm with (H[DIIS, i-1] + H[DIIS, i+1]).
Prev_Energies: (    -15.07318742,     -15.07318723)
Energy increase is detected. Turn on the linear mixing algorithm with (H[DIIS, i-1] + H[DIIS, i+1]).
Prev_Energies: (    -15.07318742,     -15.07318723)
SCF Change: DM (4.23087e-5,2.06939e-4); eev 9.07960e-2 Ha; etot 1.93632e-7 Ha
Energy:     -15.0731872312 Ha with <S^2> =  0.757 and <2S+1> =  2.007 after   25 iterations (in       0.03 seconds).
SCF Change: DM (3.35060e-5,1.64044e-4); eev 8.04736e-2 Ha; etot -1.54784e-7 Ha
Energy:     -15.0731873860 Ha with <S^2> =  0.757 and <2S+1> =  2.007 after   26 iterations (in       0.03 seconds).
Energy increase is detected. Turn on the linear mixing algorithm with (H[DIIS, i-1] + H[DIIS, i+1]).
Prev_Energies: (    -15.07318739,     -15.07318726)
Energy increase is detected. Turn on the linear mixing algorithm with (H[DIIS, i-1] + H[DIIS, i+1]).
Prev_Energies: (    -15.07318739,     -15.07318726)
SCF Change: DM (2.92914e-5,1.43365e-4); eev 6.78690e-2 Ha; etot 1.24876e-7 Ha
Energy:     -15.0731872611 Ha with <S^2> =  0.757 and <2S+1> =  2.007 after   27 iterations (in       0.03 seconds).
SCF Change: DM (1.30378e-5,6.39696e-5); eev 4.79080e-2 Ha; etot -1.07823e-7 Ha
Energy:     -15.0731873689 Ha with <S^2> =  0.757 and <2S+1> =  2.007 after   28 iterations (in       0.03 seconds).
Energy increase is detected. Turn on the linear mixing algorithm with (H[DIIS, i-1] + H[DIIS, i+1]).
Prev_Energies: (    -15.07318737,     -15.07318732)
Energy increase is detected. Turn on the linear mixing algorithm with (H[DIIS, i-1] + H[DIIS, i+1]).
Prev_Energies: (    -15.07318737,     -15.07318732)
SCF Change: DM (1.05542e-5,5.17774e-5); eev 3.84503e-2 Ha; etot 5.02022e-8 Ha
Energy:     -15.0731873187 Ha with <S^2> =  0.757 and <2S+1> =  2.007 after   29 iterations (in       0.03 seconds).
SCF Change: DM (8.64711e-6,4.24668e-5); eev 3.63104e-2 Ha; etot -4.03466e-8 Ha
Energy:     -15.0731873591 Ha with <S^2> =  0.757 and <2S+1> =  2.007 after   30 iterations (in       0.03 seconds).
Energy increase is detected. Turn on the linear mixing algorithm with (H[DIIS, i-1] + H[DIIS, i+1]).
Prev_Energies: (    -15.07318736,     -15.07318733)
Energy increase is detected. Turn on the linear mixing algorithm with (H[DIIS, i-1] + H[DIIS, i+1]).
Prev_Energies: (    -15.07318736,     -15.07318733)
SCF Change: DM (5.33246e-6,2.62158e-5); eev 2.71890e-2 Ha; etot 3.29050e-8 Ha
Energy:     -15.0731873262 Ha with <S^2> =  0.757 and <2S+1> =  2.007 after   31 iterations (in       0.03 seconds).
SCF Change: DM (1.77484e-5,8.69356e-5); eev 4.18973e-2 Ha; etot -2.02206e-8 Ha
Energy:     -15.0731873464 Ha with <S^2> =  0.757 and <2S+1> =  2.007 after   32 iterations (in       0.03 seconds).
Energy increase is detected. Turn on the linear mixing algorithm with (H[DIIS, i-1] + H[DIIS, i+1]).
Prev_Energies: (    -15.07318735,     -15.07318729)
Energy increase is detected. Turn on the linear mixing algorithm with (H[DIIS, i-1] + H[DIIS, i+1]).
Prev_Energies: (    -15.07318735,     -15.07318729)
SCF Change: DM (1.45148e-5,7.10876e-5); eev 3.39127e-2 Ha; etot 6.07581e-8 Ha
Energy:     -15.0731872856 Ha with <S^2> =  0.757 and <2S+1> =  2.007 after   33 iterations (in       0.03 seconds).
SCF Change: DM (1.35969e-5,6.66060e-5); eev 2.78147e-2 Ha; etot -4.94293e-8 Ha
Energy:     -15.0731873351 Ha with <S^2> =  0.757 and <2S+1> =  2.007 after   34 iterations (in       0.03 seconds).
Energy increase is detected. Turn on the linear mixing algorithm with (H[DIIS, i-1] + H[DIIS, i+1]).
Prev_Energies: (    -15.07318734,     -15.07318729)
Energy increase is detected. Turn on the linear mixing algorithm with (H[DIIS, i-1] + H[DIIS, i+1]).
Prev_Energies: (    -15.07318734,     -15.07318729)
SCF Change: DM (1.14215e-5,5.59524e-5); eev 2.24579e-2 Ha; etot 4.23586e-8 Ha
Energy:     -15.0731872927 Ha with <S^2> =  0.757 and <2S+1> =  2.007 after   35 iterations (in       0.03 seconds).
SCF Change: DM (4.46400e-6,2.16710e-5); eev 7.67763e-3 Ha; etot -3.56825e-8 Ha
Energy:     -15.0731873284 Ha with <S^2> =  0.757 and <2S+1> =  2.007 after   36 iterations (in       0.03 seconds).
SCF Change: DM (6.15824e-6,3.00569e-5); eev 7.85028e-3 Ha; etot -1.80092e-8 Ha
Energy:     -15.0731873464 Ha with <S^2> =  0.757 and <2S+1> =  2.007 after   37 iterations (in       0.03 seconds).
SCF Change: DM (4.94192e-6,2.41454e-5); eev 3.38038e-3 Ha; etot -2.24265e-8 Ha
Energy:     -15.0731873688 Ha with <S^2> =  0.757 and <2S+1> =  2.007 after   38 iterations (in       0.03 seconds).
SCF Change: DM (1.23471e-5,6.03527e-5); eev 1.07413e-2 Ha; etot -2.01899e-8 Ha
Energy:     -15.0731873890 Ha with <S^2> =  0.757 and <2S+1> =  2.007 after   39 iterations (in       0.03 seconds).
Energy increase is detected. Turn on the linear mixing algorithm with (H[DIIS, i-1] + H[DIIS, i+1]).
Prev_Energies: (    -15.07318739,     -15.07318735)
Energy increase is detected. Turn on the linear mixing algorithm with (H[DIIS, i-1] + H[DIIS, i+1]).
Prev_Energies: (    -15.07318739,     -15.07318735)
SCF Change: DM (1.05856e-5,5.17456e-5); eev 9.36294e-3 Ha; etot 4.24659e-8 Ha
Energy:     -15.0731873466 Ha with <S^2> =  0.757 and <2S+1> =  2.007 after   40 iterations (in       0.03 seconds).
SCF Change: DM (3.99012e-5,1.95231e-4); eev 3.44838e-2 Ha; etot -3.61541e-8 Ha
Energy:     -15.0731873827 Ha with <S^2> =  0.757 and <2S+1> =  2.007 after   41 iterations (in       0.03 seconds).
Energy increase is detected. Turn on the linear mixing algorithm with (H[DIIS, i-1] + H[DIIS, i+1]).
Prev_Energies: (    -15.07318738,     -15.07318726)
Energy increase is detected. Turn on the linear mixing algorithm with (H[DIIS, i-1] + H[DIIS, i+1]).
Prev_Energies: (    -15.07318738,     -15.07318726)
SCF Change: DM (2.93500e-5,1.43625e-4); eev 2.38865e-2 Ha; etot 1.18889e-7 Ha
Energy:     -15.0731872638 Ha with <S^2> =  0.757 and <2S+1> =  2.007 after   42 iterations (in       0.03 seconds).
SCF Change: DM (5.92672e-5,2.89963e-4); eev 7.22695e-2 Ha; etot -8.24665e-8 Ha
Energy:     -15.0731873463 Ha with <S^2> =  0.757 and <2S+1> =  2.007 after   43 iterations (in       0.03 seconds).
Energy increase is detected. Turn on the linear mixing algorithm with (H[DIIS, i-1] + H[DIIS, i+1]).
Prev_Energies: (    -15.07318735,     -15.07318721)
Energy increase is detected. Turn on the linear mixing algorithm with (H[DIIS, i-1] + H[DIIS, i+1]).
Prev_Energies: (    -15.07318735,     -15.07318721)
SCF Change: DM (4.13427e-5,2.02256e-4); eev 5.40346e-2 Ha; etot 1.40393e-7 Ha
Energy:     -15.0731872059 Ha with <S^2> =  0.757 and <2S+1> =  2.007 after   44 iterations (in       0.03 seconds).
SCF Change: DM (6.21860e-5,3.04099e-4); eev 6.70208e-2 Ha; etot -8.70272e-8 Ha
Energy:     -15.0731872929 Ha with <S^2> =  0.757 and <2S+1> =  2.007 after   45 iterations (in       0.03 seconds).
Energy increase is detected. Turn on the linear mixing algorithm with (H[DIIS, i-1] + H[DIIS, i+1]).
Prev_Energies: (    -15.07318729,     -15.07318718)
Energy increase is detected. Turn on the linear mixing algorithm with (H[DIIS, i-1] + H[DIIS, i+1]).
Prev_Energies: (    -15.07318729,     -15.07318718)
SCF Change: DM (4.99518e-5,2.44227e-4); eev 5.37562e-2 Ha; etot 1.13280e-7 Ha
Energy:     -15.0731871796 Ha with <S^2> =  0.757 and <2S+1> =  2.007 after   46 iterations (in       0.03 seconds).
SCF Change: DM (4.62024e-5,2.25928e-4); eev 4.96346e-2 Ha; etot -8.27014e-8 Ha
Energy:     -15.0731872623 Ha with <S^2> =  0.757 and <2S+1> =  2.007 after   47 iterations (in       0.03 seconds).
Energy increase is detected. Turn on the linear mixing algorithm with (H[DIIS, i-1] + H[DIIS, i+1]).
Prev_Energies: (    -15.07318726,     -15.07318718)
Energy increase is detected. Turn on the linear mixing algorithm with (H[DIIS, i-1] + H[DIIS, i+1]).
Prev_Energies: (    -15.07318726,     -15.07318718)
SCF Change: DM (4.03010e-5,1.97046e-4); eev 4.35877e-2 Ha; etot 7.89517e-8 Ha
Energy:     -15.0731871834 Ha with <S^2> =  0.757 and <2S+1> =  2.007 after   48 iterations (in       0.03 seconds).
SCF Change: DM (6.78043e-5,3.31175e-4); eev 6.72595e-2 Ha; etot -6.58978e-8 Ha
Energy:     -15.0731872493 Ha with <S^2> =  0.757 and <2S+1> =  2.007 after   49 iterations (in       0.03 seconds).
Energy increase is detected. Turn on the linear mixing algorithm with (H[DIIS, i-1] + H[DIIS, i+1]).
Prev_Energies: (    -15.07318725,     -15.07318716)
Energy increase is detected. Turn on the linear mixing algorithm with (H[DIIS, i-1] + H[DIIS, i+1]).
Prev_Energies: (    -15.07318725,     -15.07318716)
SCF Change: DM (5.28125e-5,2.57850e-4); eev 5.24484e-2 Ha; etot 9.33413e-8 Ha
Energy:     -15.0731871560 Ha with <S^2> =  0.757 and <2S+1> =  2.007 after   50 iterations (in       0.03 seconds).
SCF Change: DM (6.28078e-5,3.06607e-4); eev 6.64936e-2 Ha; etot -6.46837e-8 Ha
Energy:     -15.0731872206 Ha with <S^2> =  0.757 and <2S+1> =  2.007 after   51 iterations (in       0.03 seconds).
Energy increase is detected. Turn on the linear mixing algorithm with (H[DIIS, i-1] + H[DIIS, i+1]).
Prev_Energies: (    -15.07318722,     -15.07318715)
Energy increase is detected. Turn on the linear mixing algorithm with (H[DIIS, i-1] + H[DIIS, i+1]).
Prev_Energies: (    -15.07318722,     -15.07318715)
SCF Change: DM (4.99511e-5,2.43755e-4); eev 5.34222e-2 Ha; etot 6.89703e-8 Ha
Energy:     -15.0731871517 Ha with <S^2> =  0.757 and <2S+1> =  2.007 after   52 iterations (in       0.03 seconds).
SCF Change: DM (1.43222e-5,6.99347e-5); eev 1.80862e-2 Ha; etot -4.90585e-8 Ha
Energy:     -15.0731872007 Ha with <S^2> =  0.757 and <2S+1> =  2.007 after   53 iterations (in       0.03 seconds).
Energy increase is detected. Turn on the linear mixing algorithm with (H[DIIS, i-1] + H[DIIS, i+1]).
Prev_Energies: (    -15.07318720,     -15.07318719)
Energy increase is detected. Turn on the linear mixing algorithm with (H[DIIS, i-1] + H[DIIS, i+1]).
Prev_Energies: (    -15.07318720,     -15.07318719)
SCF Change: DM (1.17224e-5,5.72375e-5); eev 1.43591e-2 Ha; etot 1.45361e-8 Ha
Energy:     -15.0731871862 Ha with <S^2> =  0.757 and <2S+1> =  2.007 after   54 iterations (in       0.03 seconds).
SCF Change: DM (9.05571e-6,4.41964e-5); eev 1.43095e-2 Ha; etot -1.14220e-8 Ha
Energy:     -15.0731871976 Ha with <S^2> =  0.757 and <2S+1> =  2.007 after   55 iterations (in       0.03 seconds).
Energy increase is detected. Turn on the linear mixing algorithm with (H[DIIS, i-1] + H[DIIS, i+1]).
Prev_Energies: (    -15.07318720,     -15.07318719)
Energy increase is detected. Turn on the linear mixing algorithm with (H[DIIS, i-1] + H[DIIS, i+1]).
Prev_Energies: (    -15.07318720,     -15.07318719)
SCF Change: DM (5.67364e-6,2.76501e-5); eev 1.15064e-2 Ha; etot 8.87805e-9 Ha
Energy:     -15.0731871887 Ha with <S^2> =  0.757 and <2S+1> =  2.007 after   56 iterations (in       0.03 seconds).
SCF Change: DM (2.50012e-5,1.22023e-4); eev 1.77890e-2 Ha; etot -5.43510e-9 Ha
Energy:     -15.0731871942 Ha with <S^2> =  0.757 and <2S+1> =  2.007 after   57 iterations (in       0.03 seconds).
Energy increase is detected. Turn on the linear mixing algorithm with (H[DIIS, i-1] + H[DIIS, i+1]).
Prev_Energies: (    -15.07318719,     -15.07318718)
Energy increase is detected. Turn on the linear mixing algorithm with (H[DIIS, i-1] + H[DIIS, i+1]).
Prev_Energies: (    -15.07318719,     -15.07318718)
SCF Change: DM (2.05597e-5,1.00356e-4); eev 1.45671e-2 Ha; etot 1.71621e-8 Ha
Energy:     -15.0731871770 Ha with <S^2> =  0.757 and <2S+1> =  2.007 after   58 iterations (in       0.03 seconds).
SCF Change: DM (1.43968e-5,7.01263e-5); eev 6.04227e-3 Ha; etot -1.34945e-8 Ha
Energy:     -15.0731871905 Ha with <S^2> =  0.757 and <2S+1> =  2.007 after   59 iterations (in       0.05 seconds).
Energy increase is detected. Turn on the linear mixing algorithm with (H[DIIS, i-1] + H[DIIS, i+1]).
Prev_Energies: (    -15.07318719,     -15.07318718)
Energy increase is detected. Turn on the linear mixing algorithm with (H[DIIS, i-1] + H[DIIS, i+1]).
Prev_Energies: (    -15.07318719,     -15.07318718)
SCF Change: DM (1.15232e-5,5.61507e-5); eev 5.64312e-3 Ha; etot 7.40502e-9 Ha
Energy:     -15.0731871831 Ha with <S^2> =  0.757 and <2S+1> =  2.007 after   60 iterations (in       0.04 seconds).
SCF Change: DM (1.12322e-5,5.46447e-5); eev 1.08873e-3 Ha; etot -5.89069e-9 Ha
Energy:     -15.0731871890 Ha with <S^2> =  0.757 and <2S+1> =  2.007 after   61 iterations (in       0.03 seconds).
Energy increase is detected. Turn on the linear mixing algorithm with (H[DIIS, i-1] + H[DIIS, i+1]).
Prev_Energies: (    -15.07318719,     -15.07318718)
Energy increase is detected. Turn on the linear mixing algorithm with (H[DIIS, i-1] + H[DIIS, i+1]).
Prev_Energies: (    -15.07318719,     -15.07318718)
SCF Change: DM (9.40430e-6,4.57678e-5); eev 1.24095e-3 Ha; etot 4.96684e-9 Ha
Energy:     -15.0731871840 Ha with <S^2> =  0.757 and <2S+1> =  2.007 after   62 iterations (in       0.03 seconds).
SCF Change: DM (3.69754e-6,1.76188e-5); eev 2.59143e-3 Ha; etot -4.27831e-9 Ha
Energy:     -15.0731871883 Ha with <S^2> =  0.757 and <2S+1> =  2.007 after   63 iterations (in       0.03 seconds).
SCF Change: DM (5.18659e-7,2.52991e-6); eev 1.85362e-3 Ha; etot -5.54543e-10 Ha
Energy:     -15.0731871888 Ha with <S^2> =  0.757 and <2S+1> =  2.007 after   64 iterations (in       0.05 seconds).
SCF Change: DM (1.98939e-6,9.72455e-6); eev 1.45869e-3 Ha; etot -4.51116e-10 Ha
Energy:     -15.0731871893 Ha with <S^2> =  0.757 and <2S+1> =  2.007 after   65 iterations (in       0.04 seconds).
Energy increase is detected. Turn on the linear mixing algorithm with (H[DIIS, i-1] + H[DIIS, i+1]).
Prev_Energies: (    -15.07318719,     -15.07318719)
Energy increase is detected. Turn on the linear mixing algorithm with (H[DIIS, i-1] + H[DIIS, i+1]).
Prev_Energies: (    -15.07318719,     -15.07318719)
SCF Change: DM (6.30081e-7,3.08296e-6); eev 4.79098e-4 Ha; etot 1.58052e-9 Ha
Energy:     -15.0731871877 Ha with <S^2> =  0.757 and <2S+1> =  2.007 after   66 iterations (in       0.04 seconds).
SCF Change: DM (5.33016e-6,2.60021e-5); eev 6.48624e-3 Ha; etot -5.13198e-10 Ha
Energy:     -15.0731871882 Ha with <S^2> =  0.757 and <2S+1> =  2.007 after   67 iterations (in       0.04 seconds).
Energy increase is detected. Turn on the linear mixing algorithm with (H[DIIS, i-1] + H[DIIS, i+1]).
Prev_Energies: (    -15.07318719,     -15.07318718)
Energy increase is detected. Turn on the linear mixing algorithm with (H[DIIS, i-1] + H[DIIS, i+1]).
Prev_Energies: (    -15.07318719,     -15.07318718)
SCF Change: DM (4.79991e-6,2.34244e-5); eev 5.19697e-3 Ha; etot 4.08815e-9 Ha
Energy:     -15.0731871841 Ha with <S^2> =  0.757 and <2S+1> =  2.007 after   68 iterations (in       0.04 seconds).
SCF Change: DM (1.25389e-6,6.00508e-6); eev 5.19789e-3 Ha; etot -3.54872e-9 Ha
Energy:     -15.0731871877 Ha with <S^2> =  0.757 and <2S+1> =  2.007 after   69 iterations (in       0.04 seconds).
Energy increase is detected. Turn on the linear mixing algorithm with (H[DIIS, i-1] + H[DIIS, i+1]).
Prev_Energies: (    -15.07318719,     -15.07318719)
Energy increase is detected. Turn on the linear mixing algorithm with (H[DIIS, i-1] + H[DIIS, i+1]).
Prev_Energies: (    -15.07318719,     -15.07318719)
SCF Change: DM (8.10314e-7,3.84717e-6); eev 4.10311e-3 Ha; etot 1.34814e-9 Ha
Energy:     -15.0731871863 Ha with <S^2> =  0.757 and <2S+1> =  2.007 after   70 iterations (in       0.03 seconds).
SCF Change: DM (8.42919e-7,3.79739e-6); eev 1.93589e-3 Ha; etot -9.30420e-10 Ha
Energy:     -15.0731871873 Ha with <S^2> =  0.757 and <2S+1> =  2.007 after   71 iterations (in       0.03 seconds).
Energy increase is detected. Turn on the linear mixing algorithm with (H[DIIS, i-1] + H[DIIS, i+1]).
Prev_Energies: (    -15.07318719,     -15.07318719)
Energy increase is detected. Turn on the linear mixing algorithm with (H[DIIS, i-1] + H[DIIS, i+1]).
Prev_Energies: (    -15.07318719,     -15.07318719)
SCF Change: DM (5.33327e-7,2.23056e-6); eev 1.36919e-3 Ha; etot 7.64159e-10 Ha
Energy:     -15.0731871865 Ha with <S^2> =  0.757 and <2S+1> =  2.007 after   72 iterations (in       0.04 seconds).
SCF Change: DM (6.20303e-6,3.01878e-5); eev 5.84567e-3 Ha; etot -4.45414e-10 Ha
Energy:     -15.0731871870 Ha with <S^2> =  0.757 and <2S+1> =  2.007 after   73 iterations (in       0.03 seconds).
Energy increase is detected. Turn on the linear mixing algorithm with (H[DIIS, i-1] + H[DIIS, i+1]).
Prev_Energies: (    -15.07318719,     -15.07318718)
Energy increase is detected. Turn on the linear mixing algorithm with (H[DIIS, i-1] + H[DIIS, i+1]).
Prev_Energies: (    -15.07318719,     -15.07318718)
SCF Change: DM (4.44091e-6,2.15942e-5); eev 3.72589e-3 Ha; etot 4.31946e-9 Ha
Energy:     -15.0731871826 Ha with <S^2> =  0.757 and <2S+1> =  2.007 after   74 iterations (in       0.04 seconds).
SCF Change: DM (1.09932e-5,5.36445e-5); eev 8.82371e-3 Ha; etot -3.05345e-9 Ha
Energy:     -15.0731871857 Ha with <S^2> =  0.757 and <2S+1> =  2.007 after   75 iterations (in       0.03 seconds).
Energy increase is detected. Turn on the linear mixing algorithm with (H[DIIS, i-1] + H[DIIS, i+1]).
Prev_Energies: (    -15.07318719,     -15.07318718)
Energy increase is detected. Turn on the linear mixing algorithm with (H[DIIS, i-1] + H[DIIS, i+1]).
Prev_Energies: (    -15.07318719,     -15.07318718)
SCF Change: DM (8.64860e-6,4.22018e-5); eev 7.16742e-3 Ha; etot 5.99093e-9 Ha
Energy:     -15.0731871797 Ha with <S^2> =  0.757 and <2S+1> =  2.007 after   76 iterations (in       0.03 seconds).
SCF Change: DM (9.00957e-6,4.39600e-5); eev 6.47974e-3 Ha; etot -4.53359e-9 Ha
Energy:     -15.0731871842 Ha with <S^2> =  0.757 and <2S+1> =  2.007 after   77 iterations (in       0.03 seconds).
Energy increase is detected. Turn on the linear mixing algorithm with (H[DIIS, i-1] + H[DIIS, i+1]).
Prev_Energies: (    -15.07318718,     -15.07318718)
Energy increase is detected. Turn on the linear mixing algorithm with (H[DIIS, i-1] + H[DIIS, i+1]).
Prev_Energies: (    -15.07318718,     -15.07318718)
SCF Change: DM (7.18485e-6,3.50554e-5); eev 5.28761e-3 Ha; etot 4.47535e-9 Ha
Energy:     -15.0731871798 Ha with <S^2> =  0.757 and <2S+1> =  2.007 after   78 iterations (in       0.03 seconds).
SCF Change: DM (8.25562e-6,4.02935e-5); eev 5.09937e-3 Ha; etot -3.42183e-9 Ha
Energy:     -15.0731871832 Ha with <S^2> =  0.757 and <2S+1> =  2.007 after   79 iterations (in       0.03 seconds).
Energy increase is detected. Turn on the linear mixing algorithm with (H[DIIS, i-1] + H[DIIS, i+1]).
Prev_Energies: (    -15.07318718,     -15.07318718)
Energy increase is detected. Turn on the linear mixing algorithm with (H[DIIS, i-1] + H[DIIS, i+1]).
Prev_Energies: (    -15.07318718,     -15.07318718)
SCF Change: DM (6.50718e-6,3.17589e-5); eev 3.76955e-3 Ha; etot 3.84046e-9 Ha
Energy:     -15.0731871793 Ha with <S^2> =  0.757 and <2S+1> =  2.007 after   80 iterations (in       0.03 seconds).
SCF Change: DM (8.37905e-6,4.08999e-5); eev 6.40493e-3 Ha; etot -2.88801e-9 Ha
Energy:     -15.0731871822 Ha with <S^2> =  0.757 and <2S+1> =  2.007 after   81 iterations (in       0.03 seconds).
Energy increase is detected. Turn on the linear mixing algorithm with (H[DIIS, i-1] + H[DIIS, i+1]).
Prev_Energies: (    -15.07318718,     -15.07318718)
Energy increase is detected. Turn on the linear mixing algorithm with (H[DIIS, i-1] + H[DIIS, i+1]).
Prev_Energies: (    -15.07318718,     -15.07318718)
SCF Change: DM (6.48617e-6,3.16576e-5); eev 4.80474e-3 Ha; etot 3.83898e-9 Ha
Energy:     -15.0731871784 Ha with <S^2> =  0.757 and <2S+1> =  2.007 after   82 iterations (in       0.03 seconds).
SCF Change: DM (9.67896e-6,4.72560e-5); eev 8.65045e-3 Ha; etot -2.80755e-9 Ha
Energy:     -15.0731871812 Ha with <S^2> =  0.757 and <2S+1> =  2.007 after   83 iterations (in       0.03 seconds).
Energy increase is detected. Turn on the linear mixing algorithm with (H[DIIS, i-1] + H[DIIS, i+1]).
Prev_Energies: (    -15.07318718,     -15.07318718)
Energy increase is detected. Turn on the linear mixing algorithm with (H[DIIS, i-1] + H[DIIS, i+1]).
Prev_Energies: (    -15.07318718,     -15.07318718)
SCF Change: DM (7.64573e-6,3.73263e-5); eev 6.94145e-3 Ha; etot 4.60807e-9 Ha
Energy:     -15.0731871766 Ha with <S^2> =  0.757 and <2S+1> =  2.007 after   84 iterations (in       0.03 seconds).
SCF Change: DM (2.49506e-6,1.20814e-5); eev 1.34463e-3 Ha; etot -3.45979e-9 Ha
Energy:     -15.0731871800 Ha with <S^2> =  0.757 and <2S+1> =  2.007 after   85 iterations (in       0.03 seconds).
Energy increase is detected. Turn on the linear mixing algorithm with (H[DIIS, i-1] + H[DIIS, i+1]).
Prev_Energies: (    -15.07318718,     -15.07318718)
Energy increase is detected. Turn on the linear mixing algorithm with (H[DIIS, i-1] + H[DIIS, i+1]).
Prev_Energies: (    -15.07318718,     -15.07318718)
SCF Change: DM (2.15856e-6,1.04604e-5); eev 1.25006e-3 Ha; etot 1.10843e-9 Ha
Energy:     -15.0731871789 Ha with <S^2> =  0.757 and <2S+1> =  2.007 after   86 iterations (in       0.03 seconds).
SCF Change: DM (3.23278e-7,1.29713e-6); eev 3.49593e-4 Ha; etot -9.54696e-10 Ha
Energy:     -15.0731871799 Ha with <S^2> =  0.757 and <2S+1> =  2.007 after   87 iterations (in       0.03 seconds).
SCF Change: DM (3.65587e-8,1.77463e-7); eev 8.09506e-6 Ha; etot -2.08498e-10 Ha
Energy:     -15.0731871801 Ha with <S^2> =  0.757 and <2S+1> =  2.007 after   88 iterations (in       0.03 seconds).
Energy increase is detected. Turn on the linear mixing algorithm with (H[DIIS, i-1] + H[DIIS, i+1]).
Prev_Energies: (    -15.07318718,     -15.07318718)
Energy increase is detected. Turn on the linear mixing algorithm with (H[DIIS, i-1] + H[DIIS, i+1]).
Prev_Energies: (    -15.07318718,     -15.07318718)
SCF Change: DM (2.25411e-7,1.09764e-6); eev 4.76310e-5 Ha; etot 1.15694e-11 Ha
Energy:     -15.0731871801 Ha with <S^2> =  0.757 and <2S+1> =  2.007 after   89 iterations (in       0.03 seconds).
SCF Change: DM (1.66546e-6,8.12045e-6); eev 1.46739e-3 Ha; etot -9.38041e-11 Ha
Energy:     -15.0731871802 Ha with <S^2> =  0.757 and <2S+1> =  2.007 after   90 iterations (in       0.03 seconds).
SCF Change: DM (1.30051e-6,6.32655e-6); eev 9.14016e-4 Ha; etot -7.09802e-10 Ha
Energy:     -15.0731871809 Ha with <S^2> =  0.757 and <2S+1> =  2.007 after   91 iterations (in       0.03 seconds).
Energy increase is detected. Turn on the linear mixing algorithm with (H[DIIS, i-1] + H[DIIS, i+1]).
Prev_Energies: (    -15.07318718,     -15.07318718)
Energy increase is detected. Turn on the linear mixing algorithm with (H[DIIS, i-1] + H[DIIS, i+1]).
Prev_Energies: (    -15.07318718,     -15.07318718)
SCF Change: DM (1.09075e-6,5.30098e-6); eev 9.58242e-4 Ha; etot 6.02697e-10 Ha
Energy:     -15.0731871803 Ha with <S^2> =  0.757 and <2S+1> =  2.007 after   92 iterations (in       0.03 seconds).
SCF Change: DM (9.34802e-7,4.53440e-6); eev 9.86422e-4 Ha; etot -5.20236e-10 Ha
Energy:     -15.0731871808 Ha with <S^2> =  0.757 and <2S+1> =  2.007 after   93 iterations (in       0.03 seconds).
Energy increase is detected. Turn on the linear mixing algorithm with (H[DIIS, i-1] + H[DIIS, i+1]).
Prev_Energies: (    -15.07318718,     -15.07318718)
Energy increase is detected. Turn on the linear mixing algorithm with (H[DIIS, i-1] + H[DIIS, i+1]).
Prev_Energies: (    -15.07318718,     -15.07318718)
SCF Change: DM (7.91182e-7,3.83853e-6); eev 8.21683e-4 Ha; etot 3.75859e-10 Ha
Energy:     -15.0731871804 Ha with <S^2> =  0.757 and <2S+1> =  2.007 after   94 iterations (in       0.03 seconds).
SCF Change: DM (1.03104e-6,5.01223e-6); eev 1.00143e-3 Ha; etot -3.19492e-10 Ha
Energy:     -15.0731871808 Ha with <S^2> =  0.757 and <2S+1> =  2.007 after   95 iterations (in       0.03 seconds).
Energy increase is detected. Turn on the linear mixing algorithm with (H[DIIS, i-1] + H[DIIS, i+1]).
Prev_Energies: (    -15.07318718,     -15.07318718)
Energy increase is detected. Turn on the linear mixing algorithm with (H[DIIS, i-1] + H[DIIS, i+1]).
Prev_Energies: (    -15.07318718,     -15.07318718)
SCF Change: DM (8.96147e-7,4.35847e-6); eev 8.19616e-4 Ha; etot 4.12749e-10 Ha
Energy:     -15.0731871803 Ha with <S^2> =  0.757 and <2S+1> =  2.007 after   96 iterations (in       0.03 seconds).
SCF Change: DM (6.83017e-7,3.31821e-6); eev 1.04673e-3 Ha; etot -3.54341e-10 Ha
Energy:     -15.0731871807 Ha with <S^2> =  0.757 and <2S+1> =  2.007 after   97 iterations (in       0.03 seconds).
Energy increase is detected. Turn on the linear mixing algorithm with (H[DIIS, i-1] + H[DIIS, i+1]).
Prev_Energies: (    -15.07318718,     -15.07318718)
Energy increase is detected. Turn on the linear mixing algorithm with (H[DIIS, i-1] + H[DIIS, i+1]).
Prev_Energies: (    -15.07318718,     -15.07318718)
SCF Change: DM (4.27087e-7,2.06863e-6); eev 9.53006e-4 Ha; etot 2.80737e-10 Ha
Energy:     -15.0731871804 Ha with <S^2> =  0.757 and <2S+1> =  2.007 after   98 iterations (in       0.03 seconds).
SCF Change: DM (7.69417e-7,3.74290e-6); eev 7.82618e-4 Ha; etot -1.77799e-10 Ha
Energy:     -15.0731871806 Ha with <S^2> =  0.757 and <2S+1> =  2.007 after   99 iterations (in       0.03 seconds).
Energy increase is detected. Turn on the linear mixing algorithm with (H[DIIS, i-1] + H[DIIS, i+1]).
Prev_Energies: (    -15.07318718,     -15.07318718)
Energy increase is detected. Turn on the linear mixing algorithm with (H[DIIS, i-1] + H[DIIS, i+1]).
Prev_Energies: (    -15.07318718,     -15.07318718)
SCF Change: DM (7.28983e-7,3.54847e-6); eev 8.97805e-4 Ha; etot 2.93580e-10 Ha
Energy:     -15.0731871803 Ha with <S^2> =  0.757 and <2S+1> =  2.007 after  100 iterations (in       0.03 seconds).
SCF Change: DM (2.03757e-7,9.28150e-7); eev 1.95168e-4 Ha; etot -2.88306e-10 Ha
Energy:     -15.0731871806 Ha with <S^2> =  0.757 and <2S+1> =  2.007 after  101 iterations (in       0.03 seconds).
SCF Change: DM (1.41425e-7,6.58009e-7); eev 2.27939e-4 Ha; etot -1.45651e-10 Ha
Energy:     -15.0731871807 Ha with <S^2> =  0.757 and <2S+1> =  2.007 after  102 iterations (in       0.03 seconds).
SCF Change: DM (1.11310e-7,5.34221e-7); eev 3.04763e-5 Ha; etot -3.76055e-11 Ha
Energy:     -15.0731871808 Ha with <S^2> =  0.757 and <2S+1> =  2.007 after  103 iterations (in       0.03 seconds).
SCF Change: DM (2.21067e-7,1.05536e-6); eev 3.56833e-5 Ha; etot -5.74722e-11 Ha
Energy:     -15.0731871808 Ha with <S^2> =  0.757 and <2S+1> =  2.007 after  104 iterations (in       0.03 seconds).
Energy increase is detected. Turn on the linear mixing algorithm with (H[DIIS, i-1] + H[DIIS, i+1]).
Prev_Energies: (    -15.07318718,     -15.07318718)
Energy increase is detected. Turn on the linear mixing algorithm with (H[DIIS, i-1] + H[DIIS, i+1]).
Prev_Energies: (    -15.07318718,     -15.07318718)
SCF Change: DM (1.28487e-7,5.99492e-7); eev 4.46566e-5 Ha; etot 1.06038e-10 Ha
Energy:     -15.0731871807 Ha with <S^2> =  0.757 and <2S+1> =  2.007 after  105 iterations (in       0.03 seconds).
SCF Change: DM (2.74716e-6,1.33970e-5); eev 1.45123e-3 Ha; etot -6.27089e-11 Ha
Energy:     -15.0731871808 Ha with <S^2> =  0.757 and <2S+1> =  2.007 after  106 iterations (in       0.03 seconds).
Energy increase is detected. Turn on the linear mixing algorithm with (H[DIIS, i-1] + H[DIIS, i+1]).
Prev_Energies: (    -15.07318718,     -15.07318718)
Energy increase is detected. Turn on the linear mixing algorithm with (H[DIIS, i-1] + H[DIIS, i+1]).
Prev_Energies: (    -15.07318718,     -15.07318718)
SCF Change: DM (1.92251e-6,9.37536e-6); eev 1.06830e-3 Ha; etot 1.17108e-9 Ha
Energy:     -15.0731871796 Ha with <S^2> =  0.757 and <2S+1> =  2.007 after  107 iterations (in       0.03 seconds).
SCF Change: DM (3.09413e-6,1.50849e-5); eev 1.11775e-3 Ha; etot -8.07361e-10 Ha
Energy:     -15.0731871804 Ha with <S^2> =  0.757 and <2S+1> =  2.007 after  108 iterations (in       0.03 seconds).
Energy increase is detected. Turn on the linear mixing algorithm with (H[DIIS, i-1] + H[DIIS, i+1]).
Prev_Energies: (    -15.07318718,     -15.07318718)
Energy increase is detected. Turn on the linear mixing algorithm with (H[DIIS, i-1] + H[DIIS, i+1]).
Prev_Energies: (    -15.07318718,     -15.07318718)
SCF Change: DM (2.51697e-6,1.22714e-5); eev 8.28801e-4 Ha; etot 1.22621e-9 Ha
Energy:     -15.0731871792 Ha with <S^2> =  0.757 and <2S+1> =  2.007 after  109 iterations (in       0.03 seconds).
SCF Change: DM (1.75749e-6,8.56412e-6); eev 1.45438e-3 Ha; etot -9.92614e-10 Ha
Energy:     -15.0731871802 Ha with <S^2> =  0.757 and <2S+1> =  2.007 after  110 iterations (in       0.03 seconds).
Energy increase is detected. Turn on the linear mixing algorithm with (H[DIIS, i-1] + H[DIIS, i+1]).
Prev_Energies: (    -15.07318718,     -15.07318718)
Energy increase is detected. Turn on the linear mixing algorithm with (H[DIIS, i-1] + H[DIIS, i+1]).
Prev_Energies: (    -15.07318718,     -15.07318718)
SCF Change: DM (1.64471e-6,8.01599e-6); eev 1.26534e-3 Ha; etot 6.67393e-10 Ha
Energy:     -15.0731871795 Ha with <S^2> =  0.757 and <2S+1> =  2.007 after  111 iterations (in       0.03 seconds).
SCF Change: DM (4.43454e-7,2.13958e-6); eev 7.77816e-4 Ha; etot -6.30219e-10 Ha
Energy:     -15.0731871802 Ha with <S^2> =  0.757 and <2S+1> =  2.007 after  112 iterations (in       0.03 seconds).
Energy increase is detected. Turn on the linear mixing algorithm with (H[DIIS, i-1] + H[DIIS, i+1]).
Prev_Energies: (    -15.07318718,     -15.07318718)
Energy increase is detected. Turn on the linear mixing algorithm with (H[DIIS, i-1] + H[DIIS, i+1]).
Prev_Energies: (    -15.07318718,     -15.07318718)
SCF Change: DM (3.19814e-7,1.53912e-6); eev 6.09829e-4 Ha; etot 1.43155e-10 Ha
Energy:     -15.0731871800 Ha with <S^2> =  0.757 and <2S+1> =  2.007 after  113 iterations (in       0.03 seconds).
SCF Change: DM (1.19440e-6,5.77502e-6); eev 1.79817e-3 Ha; etot -9.90212e-11 Ha
Energy:     -15.0731871801 Ha with <S^2> =  0.757 and <2S+1> =  2.007 after  114 iterations (in       0.03 seconds).
Energy increase is detected. Turn on the linear mixing algorithm with (H[DIIS, i-1] + H[DIIS, i+1]).
Prev_Energies: (    -15.07318718,     -15.07318718)
Energy increase is detected. Turn on the linear mixing algorithm with (H[DIIS, i-1] + H[DIIS, i+1]).
Prev_Energies: (    -15.07318718,     -15.07318718)
SCF Change: DM (9.25901e-7,4.48094e-6); eev 1.56422e-3 Ha; etot 5.50305e-10 Ha
Energy:     -15.0731871796 Ha with <S^2> =  0.757 and <2S+1> =  2.007 after  115 iterations (in       0.03 seconds).
SCF Change: DM (1.03475e-6,4.98944e-6); eev 9.15922e-4 Ha; etot -4.17121e-10 Ha
Energy:     -15.0731871800 Ha with <S^2> =  0.757 and <2S+1> =  2.007 after  116 iterations (in       0.03 seconds).
Energy increase is detected. Turn on the linear mixing algorithm with (H[DIIS, i-1] + H[DIIS, i+1]).
Prev_Energies: (    -15.07318718,     -15.07318718)
Energy increase is detected. Turn on the linear mixing algorithm with (H[DIIS, i-1] + H[DIIS, i+1]).
Prev_Energies: (    -15.07318718,     -15.07318718)
SCF Change: DM (8.96929e-7,4.33096e-6); eev 8.26676e-4 Ha; etot 4.59325e-10 Ha
Energy:     -15.0731871795 Ha with <S^2> =  0.757 and <2S+1> =  2.007 after  117 iterations (in       0.03 seconds).
SCF Change: DM (1.25738e-6,6.10883e-6); eev 5.95064e-4 Ha; etot -3.92513e-10 Ha
Energy:     -15.0731871799 Ha with <S^2> =  0.757 and <2S+1> =  2.007 after  118 iterations (in       0.03 seconds).
Energy increase is detected. Turn on the linear mixing algorithm with (H[DIIS, i-1] + H[DIIS, i+1]).
Prev_Energies: (    -15.07318718,     -15.07318718)
Energy increase is detected. Turn on the linear mixing algorithm with (H[DIIS, i-1] + H[DIIS, i+1]).
Prev_Energies: (    -15.07318718,     -15.07318718)
SCF Change: DM (8.37679e-7,4.06237e-6); eev 2.72399e-4 Ha; etot 5.52419e-10 Ha
Energy:     -15.0731871794 Ha with <S^2> =  0.757 and <2S+1> =  2.007 after  119 iterations (in       0.03 seconds).
SCF Change: DM (1.78343e-6,8.67555e-6); eev 1.07493e-3 Ha; etot -3.62238e-10 Ha
Energy:     -15.0731871797 Ha with <S^2> =  0.757 and <2S+1> =  2.007 after  120 iterations (in       0.03 seconds).
Energy increase is detected. Turn on the linear mixing algorithm with (H[DIIS, i-1] + H[DIIS, i+1]).
Prev_Energies: (    -15.07318718,     -15.07318718)
Energy increase is detected. Turn on the linear mixing algorithm with (H[DIIS, i-1] + H[DIIS, i+1]).
Prev_Energies: (    -15.07318718,     -15.07318718)
SCF Change: DM (1.70925e-6,8.31911e-6); eev 1.11867e-3 Ha; etot 8.09946e-10 Ha
Energy:     -15.0731871789 Ha with <S^2> =  0.757 and <2S+1> =  2.007 after  121 iterations (in       0.03 seconds).
SCF Change: DM (6.76849e-7,3.24837e-6); eev 1.98304e-4 Ha; etot -7.65239e-10 Ha
Energy:     -15.0731871797 Ha with <S^2> =  0.757 and <2S+1> =  2.007 after  122 iterations (in       0.03 seconds).
Energy increase is detected. Turn on the linear mixing algorithm with (H[DIIS, i-1] + H[DIIS, i+1]).
Prev_Energies: (    -15.07318718,     -15.07318718)
Energy increase is detected. Turn on the linear mixing algorithm with (H[DIIS, i-1] + H[DIIS, i+1]).
Prev_Energies: (    -15.07318718,     -15.07318718)
SCF Change: DM (7.67273e-7,3.69936e-6); eev 1.10228e-3 Ha; etot 3.88720e-10 Ha
Energy:     -15.0731871793 Ha with <S^2> =  0.757 and <2S+1> =  2.007 after  123 iterations (in       0.03 seconds).
Energy increase is detected. Turn on the linear mixing algorithm with (H[DIIS, i-1] + H[DIIS, i+1]).
Prev_Energies: (    -15.07318718,     -15.07318718)
Energy increase is detected. Turn on the linear mixing algorithm with (H[DIIS, i-1] + H[DIIS, i+1]).
Prev_Energies: (    -15.07318718,     -15.07318718)
SCF Change: DM (5.51680e-7,2.66441e-6); eev 4.78085e-4 Ha; etot 2.54062e-10 Ha
Energy:     -15.0731871790 Ha with <S^2> =  0.757 and <2S+1> =  2.007 after  124 iterations (in       0.03 seconds).
Energy increase is detected. Turn on the linear mixing algorithm with (H[DIIS, i-1] + H[DIIS, i+1]).
Prev_Energies: (    -15.07318718,     -15.07318718)
Energy increase is detected. Turn on the linear mixing algorithm with (H[DIIS, i-1] + H[DIIS, i+1]).
Prev_Energies: (    -15.07318718,     -15.07318718)
SCF Change: DM (5.64781e-7,2.71397e-6); eev 8.49561e-4 Ha; etot 2.82723e-10 Ha
Energy:     -15.0731871787 Ha with <S^2> =  0.757 and <2S+1> =  2.007 after  125 iterations (in       0.03 seconds).
Energy increase is detected. Turn on the linear mixing algorithm with (H[DIIS, i-1] + H[DIIS, i+1]).
Prev_Energies: (    -15.07318718,     -15.07318718)
Energy increase is detected. Turn on the linear mixing algorithm with (H[DIIS, i-1] + H[DIIS, i+1]).
Prev_Energies: (    -15.07318718,     -15.07318718)
SCF Change: DM (3.43007e-7,1.63516e-6); eev 3.03272e-4 Ha; etot 1.69665e-10 Ha
Energy:     -15.0731871786 Ha with <S^2> =  0.757 and <2S+1> =  2.007 after  126 iterations (in       0.03 seconds).
Energy increase is detected. Turn on the linear mixing algorithm with (H[DIIS, i-1] + H[DIIS, i+1]).
Prev_Energies: (    -15.07318718,     -15.07318718)
Energy increase is detected. Turn on the linear mixing algorithm with (H[DIIS, i-1] + H[DIIS, i+1]).
Prev_Energies: (    -15.07318718,     -15.07318718)
SCF Change: DM (2.77692e-7,1.28624e-6); eev 6.82680e-4 Ha; etot 1.71774e-10 Ha
Energy:     -15.0731871784 Ha with <S^2> =  0.757 and <2S+1> =  2.007 after  127 iterations (in       0.03 seconds).
Energy increase is detected. Turn on the linear mixing algorithm with (H[DIIS, i-1] + H[DIIS, i+1]).
Prev_Energies: (    -15.07318718,     -15.07318718)
Energy increase is detected. Turn on the linear mixing algorithm with (H[DIIS, i-1] + H[DIIS, i+1]).
Prev_Energies: (    -15.07318718,     -15.07318718)
SCF Change: DM (3.35323e-7,1.60896e-6); eev 2.39491e-4 Ha; etot 6.74021e-11 Ha
Energy:     -15.0731871783 Ha with <S^2> =  0.757 and <2S+1> =  2.007 after  128 iterations (in       0.03 seconds).
Energy increase is detected. Turn on the linear mixing algorithm with (H[DIIS, i-1] + H[DIIS, i+1]).
Prev_Energies: (    -15.07318718,     -15.07318718)
Energy increase is detected. Turn on the linear mixing algorithm with (H[DIIS, i-1] + H[DIIS, i+1]).
Prev_Energies: (    -15.07318718,     -15.07318718)
SCF Change: DM (2.62678e-7,1.23775e-6); eev 6.27064e-4 Ha; etot 1.58195e-10 Ha
Energy:     -15.0731871782 Ha with <S^2> =  0.757 and <2S+1> =  2.007 after  129 iterations (in       0.03 seconds).
Energy increase is detected. Turn on the linear mixing algorithm with (H[DIIS, i-1] + H[DIIS, i+1]).
Prev_Energies: (    -15.07318718,     -15.07318718)
Energy increase is detected. Turn on the linear mixing algorithm with (H[DIIS, i-1] + H[DIIS, i+1]).
Prev_Energies: (    -15.07318718,     -15.07318718)
SCF Change: DM (1.39566e-7,6.49027e-7); eev 2.31625e-4 Ha; etot 6.68177e-11 Ha
Energy:     -15.0731871781 Ha with <S^2> =  0.757 and <2S+1> =  2.007 after  130 iterations (in       0.03 seconds).
Energy increase is detected. Turn on the linear mixing algorithm with (H[DIIS, i-1] + H[DIIS, i+1]).
Prev_Energies: (    -15.07318718,     -15.07318718)
Energy increase is detected. Turn on the linear mixing algorithm with (H[DIIS, i-1] + H[DIIS, i+1]).
Prev_Energies: (    -15.07318718,     -15.07318718)
SCF Change: DM (2.23398e-7,1.04024e-6); eev 4.21093e-4 Ha; etot 7.66782e-11 Ha
Energy:     -15.0731871780 Ha with <S^2> =  0.757 and <2S+1> =  2.007 after  131 iterations (in       0.03 seconds).
Energy increase is detected. Turn on the linear mixing algorithm with (H[DIIS, i-1] + H[DIIS, i+1]).
Prev_Energies: (    -15.07318718,     -15.07318718)
Energy increase is detected. Turn on the linear mixing algorithm with (H[DIIS, i-1] + H[DIIS, i+1]).
Prev_Energies: (    -15.07318718,     -15.07318718)
SCF Change: DM (1.07602e-7,4.78824e-7); eev 4.65470e-4 Ha; etot 6.13234e-11 Ha
Energy:     -15.0731871780 Ha with <S^2> =  0.757 and <2S+1> =  2.007 after  132 iterations (in       0.03 seconds).
SCF Change: DM (1.18834e-6,5.75366e-6); eev 1.64629e-4 Ha; etot -1.88205e-11 Ha
Energy:     -15.0731871780 Ha with <S^2> =  0.757 and <2S+1> =  2.007 after  133 iterations (in       0.03 seconds).
Energy increase is detected. Turn on the linear mixing algorithm with (H[DIIS, i-1] + H[DIIS, i+1]).
Prev_Energies: (    -15.07318718,     -15.07318718)
Energy increase is detected. Turn on the linear mixing algorithm with (H[DIIS, i-1] + H[DIIS, i+1]).
Prev_Energies: (    -15.07318718,     -15.07318718)
SCF Change: DM (6.43437e-7,3.09636e-6); eev 3.07090e-4 Ha; etot 4.28820e-10 Ha
Energy:     -15.0731871776 Ha with <S^2> =  0.757 and <2S+1> =  2.007 after  134 iterations (in       0.03 seconds).
SCF Change: DM (2.82291e-6,1.37500e-5); eev 1.51669e-3 Ha; etot -2.22409e-10 Ha
Energy:     -15.0731871778 Ha with <S^2> =  0.757 and <2S+1> =  2.007 after  135 iterations (in       0.03 seconds).
Energy increase is detected. Turn on the linear mixing algorithm with (H[DIIS, i-1] + H[DIIS, i+1]).
Prev_Energies: (    -15.07318718,     -15.07318718)
Energy increase is detected. Turn on the linear mixing algorithm with (H[DIIS, i-1] + H[DIIS, i+1]).
Prev_Energies: (    -15.07318718,     -15.07318718)
SCF Change: DM (2.38320e-6,1.16097e-5); eev 1.27053e-3 Ha; etot 9.37789e-10 Ha
Energy:     -15.0731871769 Ha with <S^2> =  0.757 and <2S+1> =  2.007 after  136 iterations (in       0.03 seconds).
SCF Change: DM (9.96594e-7,4.82135e-6); eev 6.56716e-4 Ha; etot -7.77048e-10 Ha
Energy:     -15.0731871776 Ha with <S^2> =  0.757 and <2S+1> =  2.007 after  137 iterations (in       0.03 seconds).
Energy increase is detected. Turn on the linear mixing algorithm with (H[DIIS, i-1] + H[DIIS, i+1]).
Prev_Energies: (    -15.07318718,     -15.07318718)
Energy increase is detected. Turn on the linear mixing algorithm with (H[DIIS, i-1] + H[DIIS, i+1]).
Prev_Energies: (    -15.07318718,     -15.07318718)
SCF Change: DM (8.00260e-7,3.87088e-6); eev 4.88933e-4 Ha; etot 3.69967e-10 Ha
Energy:     -15.0731871773 Ha with <S^2> =  0.757 and <2S+1> =  2.007 after  138 iterations (in       0.03 seconds).
SCF Change: DM (4.11423e-7,1.96764e-6); eev 5.41055e-4 Ha; etot -2.97094e-10 Ha
Energy:     -15.0731871776 Ha with <S^2> =  0.757 and <2S+1> =  2.007 after  139 iterations (in       0.03 seconds).
Energy increase is detected. Turn on the linear mixing algorithm with (H[DIIS, i-1] + H[DIIS, i+1]).
Prev_Energies: (    -15.07318718,     -15.07318718)
Energy increase is detected. Turn on the linear mixing algorithm with (H[DIIS, i-1] + H[DIIS, i+1]).
Prev_Energies: (    -15.07318718,     -15.07318718)
SCF Change: DM (2.71374e-7,1.28499e-6); eev 3.78588e-4 Ha; etot 1.46589e-10 Ha
Energy:     -15.0731871774 Ha with <S^2> =  0.757 and <2S+1> =  2.007 after  140 iterations (in       0.03 seconds).
SCF Change: DM (2.25238e-6,1.09732e-5); eev 1.67719e-3 Ha; etot -9.66374e-11 Ha
Energy:     -15.0731871775 Ha with <S^2> =  0.757 and <2S+1> =  2.007 after  141 iterations (in       0.03 seconds).
Energy increase is detected. Turn on the linear mixing algorithm with (H[DIIS, i-1] + H[DIIS, i+1]).
Prev_Energies: (    -15.07318718,     -15.07318718)
Energy increase is detected. Turn on the linear mixing algorithm with (H[DIIS, i-1] + H[DIIS, i+1]).
Prev_Energies: (    -15.07318718,     -15.07318718)
SCF Change: DM (1.82523e-6,8.89387e-6); eev 1.34569e-3 Ha; etot 7.25832e-10 Ha
Energy:     -15.0731871768 Ha with <S^2> =  0.757 and <2S+1> =  2.007 after  142 iterations (in       0.03 seconds).
SCF Change: DM (1.85175e-6,9.01846e-6); eev 1.59927e-3 Ha; etot -5.83100e-10 Ha
Energy:     -15.0731871774 Ha with <S^2> =  0.757 and <2S+1> =  2.007 after  143 iterations (in       0.03 seconds).
Energy increase is detected. Turn on the linear mixing algorithm with (H[DIIS, i-1] + H[DIIS, i+1]).
Prev_Energies: (    -15.07318718,     -15.07318718)
Energy increase is detected. Turn on the linear mixing algorithm with (H[DIIS, i-1] + H[DIIS, i+1]).
Prev_Energies: (    -15.07318718,     -15.07318718)
SCF Change: DM (1.34462e-6,6.54242e-6); eev 1.45614e-3 Ha; etot 5.75952e-10 Ha
Energy:     -15.0731871768 Ha with <S^2> =  0.757 and <2S+1> =  2.007 after  144 iterations (in       0.03 seconds).
SCF Change: DM (3.23670e-6,1.57829e-5); eev 2.18426e-3 Ha; etot -4.04340e-10 Ha
Energy:     -15.0731871772 Ha with <S^2> =  0.757 and <2S+1> =  2.007 after  145 iterations (in       0.03 seconds).
Energy increase is detected. Turn on the linear mixing algorithm with (H[DIIS, i-1] + H[DIIS, i+1]).
Prev_Energies: (    -15.07318718,     -15.07318718)
Energy increase is detected. Turn on the linear mixing algorithm with (H[DIIS, i-1] + H[DIIS, i+1]).
Prev_Energies: (    -15.07318718,     -15.07318718)
SCF Change: DM (2.60882e-6,1.27197e-5); eev 1.83161e-3 Ha; etot 9.69067e-10 Ha
Energy:     -15.0731871762 Ha with <S^2> =  0.757 and <2S+1> =  2.007 after  146 iterations (in       0.03 seconds).
SCF Change: DM (1.89678e-6,9.24443e-6); eev 1.42870e-3 Ha; etot -7.66850e-10 Ha
Energy:     -15.0731871770 Ha with <S^2> =  0.757 and <2S+1> =  2.007 after  147 iterations (in       0.03 seconds).
Energy increase is detected. Turn on the linear mixing algorithm with (H[DIIS, i-1] + H[DIIS, i+1]).
Prev_Energies: (    -15.07318718,     -15.07318718)
Energy increase is detected. Turn on the linear mixing algorithm with (H[DIIS, i-1] + H[DIIS, i+1]).
Prev_Energies: (    -15.07318718,     -15.07318718)
SCF Change: DM (1.49500e-6,7.28638e-6); eev 1.18382e-3 Ha; etot 5.77334e-10 Ha
Energy:     -15.0731871764 Ha with <S^2> =  0.757 and <2S+1> =  2.007 after  148 iterations (in       0.03 seconds).
SCF Change: DM (9.27597e-7,4.50003e-6); eev 5.29211e-4 Ha; etot -4.47034e-10 Ha
Energy:     -15.0731871769 Ha with <S^2> =  0.757 and <2S+1> =  2.007 after  149 iterations (in       0.03 seconds).
Energy increase is detected. Turn on the linear mixing algorithm with (H[DIIS, i-1] + H[DIIS, i+1]).
Prev_Energies: (    -15.07318718,     -15.07318718)
Energy increase is detected. Turn on the linear mixing algorithm with (H[DIIS, i-1] + H[DIIS, i+1]).
Prev_Energies: (    -15.07318718,     -15.07318718)
SCF Change: DM (6.92269e-7,3.35360e-6); eev 4.33529e-4 Ha; etot 2.62659e-10 Ha
Energy:     -15.0731871766 Ha with <S^2> =  0.757 and <2S+1> =  2.007 after  150 iterations (in       0.03 seconds).
SCF Change: DM (3.31286e-6,1.61545e-5); eev 2.00128e-3 Ha; etot -1.90488e-10 Ha
Energy:     -15.0731871768 Ha with <S^2> =  0.757 and <2S+1> =  2.007 after  151 iterations (in       0.03 seconds).
Energy increase is detected. Turn on the linear mixing algorithm with (H[DIIS, i-1] + H[DIIS, i+1]).
Prev_Energies: (    -15.07318718,     -15.07318718)
Energy increase is detected. Turn on the linear mixing algorithm with (H[DIIS, i-1] + H[DIIS, i+1]).
Prev_Energies: (    -15.07318718,     -15.07318718)
SCF Change: DM (2.49545e-6,1.21689e-5); eev 1.46614e-3 Ha; etot 1.05753e-9 Ha
Energy:     -15.0731871757 Ha with <S^2> =  0.757 and <2S+1> =  2.007 after  152 iterations (in       0.03 seconds).
SCF Change: DM (2.90287e-6,1.41528e-5); eev 2.15508e-3 Ha; etot -7.75216e-10 Ha
Energy:     -15.0731871765 Ha with <S^2> =  0.757 and <2S+1> =  2.007 after  153 iterations (in       0.03 seconds).
Energy increase is detected. Turn on the linear mixing algorithm with (H[DIIS, i-1] + H[DIIS, i+1]).
Prev_Energies: (    -15.07318718,     -15.07318718)
Energy increase is detected. Turn on the linear mixing algorithm with (H[DIIS, i-1] + H[DIIS, i+1]).
Prev_Energies: (    -15.07318718,     -15.07318718)
SCF Change: DM (2.24641e-6,1.09511e-5); eev 1.68861e-3 Ha; etot 8.57172e-10 Ha
Energy:     -15.0731871756 Ha with <S^2> =  0.757 and <2S+1> =  2.007 after  154 iterations (in       0.03 seconds).
SCF Change: DM (2.46156e-6,1.19975e-5); eev 1.67967e-3 Ha; etot -6.49408e-10 Ha
Energy:     -15.0731871763 Ha with <S^2> =  0.757 and <2S+1> =  2.007 after  155 iterations (in       0.03 seconds).
Energy increase is detected. Turn on the linear mixing algorithm with (H[DIIS, i-1] + H[DIIS, i+1]).
Prev_Energies: (    -15.07318718,     -15.07318718)
Energy increase is detected. Turn on the linear mixing algorithm with (H[DIIS, i-1] + H[DIIS, i+1]).
Prev_Energies: (    -15.07318718,     -15.07318718)
SCF Change: DM (2.01546e-6,9.82391e-6); eev 1.35311e-3 Ha; etot 7.25633e-10 Ha
Energy:     -15.0731871756 Ha with <S^2> =  0.757 and <2S+1> =  2.007 after  156 iterations (in       0.03 seconds).
SCF Change: DM (2.29379e-6,1.11840e-5); eev 1.64928e-3 Ha; etot -5.84203e-10 Ha
Energy:     -15.0731871762 Ha with <S^2> =  0.757 and <2S+1> =  2.007 after  157 iterations (in       0.03 seconds).
Energy increase is detected. Turn on the linear mixing algorithm with (H[DIIS, i-1] + H[DIIS, i+1]).
Prev_Energies: (    -15.07318718,     -15.07318718)
Energy increase is detected. Turn on the linear mixing algorithm with (H[DIIS, i-1] + H[DIIS, i+1]).
Prev_Energies: (    -15.07318718,     -15.07318718)
SCF Change: DM (1.78427e-6,8.69999e-6); eev 1.28320e-3 Ha; etot 6.57099e-10 Ha
Energy:     -15.0731871755 Ha with <S^2> =  0.757 and <2S+1> =  2.007 after  158 iterations (in       0.03 seconds).
SCF Change: DM (1.44167e-6,7.02776e-6); eev 3.81513e-4 Ha; etot -4.97444e-10 Ha
Energy:     -15.0731871760 Ha with <S^2> =  0.757 and <2S+1> =  2.007 after  159 iterations (in       0.03 seconds).
Energy increase is detected. Turn on the linear mixing algorithm with (H[DIIS, i-1] + H[DIIS, i+1]).
Prev_Energies: (    -15.07318718,     -15.07318718)
Energy increase is detected. Turn on the linear mixing algorithm with (H[DIIS, i-1] + H[DIIS, i+1]).
Prev_Energies: (    -15.07318718,     -15.07318718)
SCF Change: DM (1.16941e-6,5.70070e-6); eev 3.47989e-4 Ha; etot 3.94438e-10 Ha
Energy:     -15.0731871756 Ha with <S^2> =  0.757 and <2S+1> =  2.007 after  160 iterations (in       0.03 seconds).
SCF Change: DM (8.12805e-7,3.95801e-6); eev 1.72513e-4 Ha; etot -3.16467e-10 Ha
Energy:     -15.0731871759 Ha with <S^2> =  0.757 and <2S+1> =  2.007 after  161 iterations (in       0.03 seconds).
Energy increase is detected. Turn on the linear mixing algorithm with (H[DIIS, i-1] + H[DIIS, i+1]).
Prev_Energies: (    -15.07318718,     -15.07318718)
Energy increase is detected. Turn on the linear mixing algorithm with (H[DIIS, i-1] + H[DIIS, i+1]).
Prev_Energies: (    -15.07318718,     -15.07318718)
SCF Change: DM (6.65790e-7,3.24217e-6); eev 1.28548e-4 Ha; etot 2.28935e-10 Ha
Energy:     -15.0731871757 Ha with <S^2> =  0.757 and <2S+1> =  2.007 after  162 iterations (in       0.03 seconds).
SCF Change: DM (5.32331e-7,2.58603e-6); eev 2.96400e-4 Ha; etot -1.87763e-10 Ha
Energy:     -15.0731871759 Ha with <S^2> =  0.757 and <2S+1> =  2.007 after  163 iterations (in       0.03 seconds).
Energy increase is detected. Turn on the linear mixing algorithm with (H[DIIS, i-1] + H[DIIS, i+1]).
Prev_Energies: (    -15.07318718,     -15.07318718)
Energy increase is detected. Turn on the linear mixing algorithm with (H[DIIS, i-1] + H[DIIS, i+1]).
Prev_Energies: (    -15.07318718,     -15.07318718)
SCF Change: DM (4.48362e-7,2.17848e-6); eev 2.11981e-4 Ha; etot 1.45905e-10 Ha
Energy:     -15.0731871757 Ha with <S^2> =  0.757 and <2S+1> =  2.007 after  164 iterations (in       0.03 seconds).
SCF Change: DM (4.59197e-7,2.22691e-6); eev 1.43839e-4 Ha; etot -1.21839e-10 Ha
Energy:     -15.0731871759 Ha with <S^2> =  0.757 and <2S+1> =  2.007 after  165 iterations (in       0.03 seconds).
Energy increase is detected. Turn on the linear mixing algorithm with (H[DIIS, i-1] + H[DIIS, i+1]).
Prev_Energies: (    -15.07318718,     -15.07318718)
Energy increase is detected. Turn on the linear mixing algorithm with (H[DIIS, i-1] + H[DIIS, i+1]).
Prev_Energies: (    -15.07318718,     -15.07318718)
SCF Change: DM (4.36606e-7,2.11960e-6); eev 1.75818e-4 Ha; etot 1.37121e-10 Ha
Energy:     -15.0731871757 Ha with <S^2> =  0.757 and <2S+1> =  2.007 after  166 iterations (in       0.03 seconds).
SCF Change: DM (1.78844e-7,8.49673e-7); eev 1.12459e-4 Ha; etot -1.30028e-10 Ha
Energy:     -15.0731871758 Ha with <S^2> =  0.757 and <2S+1> =  2.007 after  167 iterations (in       0.03 seconds).
Energy increase is detected. Turn on the linear mixing algorithm with (H[DIIS, i-1] + H[DIIS, i+1]).
Prev_Energies: (    -15.07318718,     -15.07318718)
Energy increase is detected. Turn on the linear mixing algorithm with (H[DIIS, i-1] + H[DIIS, i+1]).
Prev_Energies: (    -15.07318718,     -15.07318718)
SCF Change: DM (1.35307e-7,6.36017e-7); eev 1.12345e-4 Ha; etot 4.95817e-11 Ha
Energy:     -15.0731871758 Ha with <S^2> =  0.757 and <2S+1> =  2.007 after  168 iterations (in       0.03 seconds).
SCF Change: DM (9.75023e-7,4.74345e-6); eev 5.78249e-4 Ha; etot -3.33813e-11 Ha
Energy:     -15.0731871758 Ha with <S^2> =  0.757 and <2S+1> =  2.007 after  169 iterations (in       0.03 seconds).
Energy increase is detected. Turn on the linear mixing algorithm with (H[DIIS, i-1] + H[DIIS, i+1]).
Prev_Energies: (    -15.07318718,     -15.07318718)
Energy increase is detected. Turn on the linear mixing algorithm with (H[DIIS, i-1] + H[DIIS, i+1]).
Prev_Energies: (    -15.07318718,     -15.07318718)
SCF Change: DM (7.65767e-7,3.72380e-6); eev 4.78678e-4 Ha; etot 2.62995e-10 Ha
Energy:     -15.0731871756 Ha with <S^2> =  0.757 and <2S+1> =  2.007 after  170 iterations (in       0.03 seconds).
SCF Change: DM (1.52409e-7,6.88090e-7); eev 1.71095e-4 Ha; etot -2.07878e-10 Ha
Energy:     -15.0731871758 Ha with <S^2> =  0.757 and <2S+1> =  2.007 after  171 iterations (in       0.03 seconds).
Energy increase is detected. Turn on the linear mixing algorithm with (H[DIIS, i-1] + H[DIIS, i+1]).
Prev_Energies: (    -15.07318718,     -15.07318718)
Energy increase is detected. Turn on the linear mixing algorithm with (H[DIIS, i-1] + H[DIIS, i+1]).
Prev_Energies: (    -15.07318718,     -15.07318718)
SCF Change: DM (1.02354e-7,4.37474e-7); eev 1.08215e-4 Ha; etot 1.69695e-11 Ha
Energy:     -15.0731871758 Ha with <S^2> =  0.757 and <2S+1> =  2.007 after  172 iterations (in       0.03 seconds).
SCF Change: DM (1.13523e-6,5.51749e-6); eev 4.21953e-4 Ha; etot -5.05906e-12 Ha
Energy:     -15.0731871758 Ha with <S^2> =  0.757 and <2S+1> =  2.007 after  173 iterations (in       0.03 seconds).
Energy increase is detected. Turn on the linear mixing algorithm with (H[DIIS, i-1] + H[DIIS, i+1]).
Prev_Energies: (    -15.07318718,     -15.07318718)
Energy increase is detected. Turn on the linear mixing algorithm with (H[DIIS, i-1] + H[DIIS, i+1]).
Prev_Energies: (    -15.07318718,     -15.07318718)
SCF Change: DM (9.27957e-7,4.50884e-6); eev 2.50981e-4 Ha; etot 3.39952e-10 Ha
Energy:     -15.0731871754 Ha with <S^2> =  0.757 and <2S+1> =  2.007 after  174 iterations (in       0.03 seconds).
SCF Change: DM (8.57272e-7,4.17241e-6); eev 1.22690e-3 Ha; etot -2.78611e-10 Ha
Energy:     -15.0731871757 Ha with <S^2> =  0.757 and <2S+1> =  2.007 after  175 iterations (in       0.03 seconds).
Energy increase is detected. Turn on the linear mixing algorithm with (H[DIIS, i-1] + H[DIIS, i+1]).
Prev_Energies: (    -15.07318718,     -15.07318718)
Energy increase is detected. Turn on the linear mixing algorithm with (H[DIIS, i-1] + H[DIIS, i+1]).
Prev_Energies: (    -15.07318718,     -15.07318718)
SCF Change: DM (6.68625e-7,3.25412e-6); eev 1.14315e-3 Ha; etot 2.38396e-10 Ha
Energy:     -15.0731871755 Ha with <S^2> =  0.757 and <2S+1> =  2.007 after  176 iterations (in       0.03 seconds).
SCF Change: DM (6.92995e-7,3.36593e-6); eev 2.54971e-4 Ha; etot -1.85334e-10 Ha
Energy:     -15.0731871756 Ha with <S^2> =  0.757 and <2S+1> =  2.007 after  177 iterations (in       0.03 seconds).
Energy increase is detected. Turn on the linear mixing algorithm with (H[DIIS, i-1] + H[DIIS, i+1]).
Prev_Energies: (    -15.07318718,     -15.07318718)
Energy increase is detected. Turn on the linear mixing algorithm with (H[DIIS, i-1] + H[DIIS, i+1]).
Prev_Energies: (    -15.07318718,     -15.07318718)
SCF Change: DM (6.26941e-7,3.04713e-6); eev 2.20063e-4 Ha; etot 1.87827e-10 Ha
Energy:     -15.0731871755 Ha with <S^2> =  0.757 and <2S+1> =  2.007 after  178 iterations (in       0.03 seconds).
SCF Change: DM (1.28829e-7,5.82862e-7); eev 5.46716e-5 Ha; etot -1.70470e-10 Ha
Energy:     -15.0731871756 Ha with <S^2> =  0.757 and <2S+1> =  2.007 after  179 iterations (in       0.03 seconds).
Energy increase is detected. Turn on the linear mixing algorithm with (H[DIIS, i-1] + H[DIIS, i+1]).
Prev_Energies: (    -15.07318718,     -15.07318718)
Energy increase is detected. Turn on the linear mixing algorithm with (H[DIIS, i-1] + H[DIIS, i+1]).
Prev_Energies: (    -15.07318718,     -15.07318718)
SCF Change: DM (1.00069e-7,4.48839e-7); eev 3.75362e-5 Ha; etot 3.12266e-11 Ha
Energy:     -15.0731871756 Ha with <S^2> =  0.757 and <2S+1> =  2.007 after  180 iterations (in       0.03 seconds).
SCF Change: DM (2.59132e-7,1.23859e-6); eev 3.40512e-4 Ha; etot -2.45262e-11 Ha
Energy:     -15.0731871756 Ha with <S^2> =  0.757 and <2S+1> =  2.007 after  181 iterations (in       0.03 seconds).
Energy increase is detected. Turn on the linear mixing algorithm with (H[DIIS, i-1] + H[DIIS, i+1]).
Prev_Energies: (    -15.07318718,     -15.07318718)
Energy increase is detected. Turn on the linear mixing algorithm with (H[DIIS, i-1] + H[DIIS, i+1]).
Prev_Energies: (    -15.07318718,     -15.07318718)
SCF Change: DM (1.95356e-7,9.23570e-7); eev 2.87423e-4 Ha; etot 4.72262e-11 Ha
Energy:     -15.0731871756 Ha with <S^2> =  0.757 and <2S+1> =  2.007 after  182 iterations (in       0.03 seconds).
SCF Change: DM (4.18426e-7,2.02868e-6); eev 1.53885e-4 Ha; etot -2.82210e-11 Ha
Energy:     -15.0731871756 Ha with <S^2> =  0.757 and <2S+1> =  2.007 after  183 iterations (in       0.03 seconds).
Energy increase is detected. Turn on the linear mixing algorithm with (H[DIIS, i-1] + H[DIIS, i+1]).
Prev_Energies: (    -15.07318718,     -15.07318718)
Energy increase is detected. Turn on the linear mixing algorithm with (H[DIIS, i-1] + H[DIIS, i+1]).
Prev_Energies: (    -15.07318718,     -15.07318718)
SCF Change: DM (3.77122e-7,1.82919e-6); eev 5.40290e-5 Ha; etot 1.25100e-10 Ha
Energy:     -15.0731871755 Ha with <S^2> =  0.757 and <2S+1> =  2.007 after  184 iterations (in       0.04 seconds).
SCF Change: DM (1.96384e-7,9.48212e-7); eev 3.92366e-4 Ha; etot -1.14980e-10 Ha
Energy:     -15.0731871756 Ha with <S^2> =  0.757 and <2S+1> =  2.007 after  185 iterations (in       0.03 seconds).
Energy increase is detected. Turn on the linear mixing algorithm with (H[DIIS, i-1] + H[DIIS, i+1]).
Prev_Energies: (    -15.07318718,     -15.07318718)
Energy increase is detected. Turn on the linear mixing algorithm with (H[DIIS, i-1] + H[DIIS, i+1]).
Prev_Energies: (    -15.07318718,     -15.07318718)
SCF Change: DM (1.75193e-7,8.47331e-7); eev 3.02645e-4 Ha; etot 4.57643e-11 Ha
Energy:     -15.0731871755 Ha with <S^2> =  0.757 and <2S+1> =  2.007 after  186 iterations (in       0.03 seconds).
SCF Change: DM (9.69060e-8,4.60958e-7); eev 3.40511e-4 Ha; etot -4.11422e-11 Ha
Energy:     -15.0731871756 Ha with <S^2> =  0.757 and <2S+1> =  2.007 after  187 iterations (in       0.03 seconds).
Energy increase is detected. Turn on the linear mixing algorithm with (H[DIIS, i-1] + H[DIIS, i+1]).
Prev_Energies: (    -15.07318718,     -15.07318718)
Energy increase is detected. Turn on the linear mixing algorithm with (H[DIIS, i-1] + H[DIIS, i+1]).
Prev_Energies: (    -15.07318718,     -15.07318718)
SCF Change: DM (6.50515e-8,3.02087e-7); eev 2.61806e-4 Ha; etot 1.53850e-11 Ha
Energy:     -15.0731871756 Ha with <S^2> =  0.757 and <2S+1> =  2.007 after  188 iterations (in       0.03 seconds).
SCF Change: DM (6.54692e-7,3.18541e-6); eev 5.74196e-4 Ha; etot -7.25109e-12 Ha
Energy:     -15.0731871756 Ha with <S^2> =  0.757 and <2S+1> =  2.007 after  189 iterations (in       0.03 seconds).
Energy increase is detected. Turn on the linear mixing algorithm with (H[DIIS, i-1] + H[DIIS, i+1]).
Prev_Energies: (    -15.07318718,     -15.07318718)
Energy increase is detected. Turn on the linear mixing algorithm with (H[DIIS, i-1] + H[DIIS, i+1]).
Prev_Energies: (    -15.07318718,     -15.07318718)
SCF Change: DM (5.20722e-7,2.53326e-6); eev 4.57016e-4 Ha; etot 1.65294e-10 Ha
Energy:     -15.0731871754 Ha with <S^2> =  0.757 and <2S+1> =  2.007 after  190 iterations (in       0.03 seconds).
SCF Change: DM (3.85098e-7,1.87208e-6); eev 4.41187e-4 Ha; etot -1.30740e-10 Ha
Energy:     -15.0731871755 Ha with <S^2> =  0.757 and <2S+1> =  2.007 after  191 iterations (in       0.03 seconds).
Energy increase is detected. Turn on the linear mixing algorithm with (H[DIIS, i-1] + H[DIIS, i+1]).
Prev_Energies: (    -15.07318718,     -15.07318718)
Energy increase is detected. Turn on the linear mixing algorithm with (H[DIIS, i-1] + H[DIIS, i+1]).
Prev_Energies: (    -15.07318718,     -15.07318718)
SCF Change: DM (3.64520e-7,1.77291e-6); eev 5.07907e-4 Ha; etot 9.40279e-11 Ha
Energy:     -15.0731871755 Ha with <S^2> =  0.757 and <2S+1> =  2.007 after  192 iterations (in       0.03 seconds).
SCF Change: DM (3.01522e-7,1.44942e-6); eev 7.21925e-4 Ha; etot -9.34470e-11 Ha
Energy:     -15.0731871755 Ha with <S^2> =  0.757 and <2S+1> =  2.007 after  193 iterations (in       0.03 seconds).
Energy increase is detected. Turn on the linear mixing algorithm with (H[DIIS, i-1] + H[DIIS, i+1]).
Prev_Energies: (    -15.07318718,     -15.07318718)
Energy increase is detected. Turn on the linear mixing algorithm with (H[DIIS, i-1] + H[DIIS, i+1]).
Prev_Energies: (    -15.07318718,     -15.07318718)
SCF Change: DM (1.58853e-7,7.59830e-7); eev 7.08829e-4 Ha; etot 1.02331e-10 Ha
Energy:     -15.0731871754 Ha with <S^2> =  0.757 and <2S+1> =  2.007 after  194 iterations (in       0.03 seconds).
SCF Change: DM (2.17104e-7,9.80360e-7); eev 1.10126e-4 Ha; etot -5.22569e-11 Ha
Energy:     -15.0731871755 Ha with <S^2> =  0.757 and <2S+1> =  2.007 after  195 iterations (in       0.03 seconds).
Energy increase is detected. Turn on the linear mixing algorithm with (H[DIIS, i-1] + H[DIIS, i+1]).
Prev_Energies: (    -15.07318718,     -15.07318718)
Energy increase is detected. Turn on the linear mixing algorithm with (H[DIIS, i-1] + H[DIIS, i+1]).
Prev_Energies: (    -15.07318718,     -15.07318718)
SCF Change: DM (1.60099e-7,7.10767e-7); eev 1.03724e-4 Ha; etot 8.42064e-11 Ha
Energy:     -15.0731871754 Ha with <S^2> =  0.757 and <2S+1> =  2.007 after  196 iterations (in       0.03 seconds).
SCF Change: DM (3.99204e-7,1.90822e-6); eev 5.44890e-5 Ha; etot -6.26876e-11 Ha
Energy:     -15.0731871755 Ha with <S^2> =  0.757 and <2S+1> =  2.007 after  197 iterations (in       0.03 seconds).
Energy increase is detected. Turn on the linear mixing algorithm with (H[DIIS, i-1] + H[DIIS, i+1]).
Prev_Energies: (    -15.07318718,     -15.07318718)
Energy increase is detected. Turn on the linear mixing algorithm with (H[DIIS, i-1] + H[DIIS, i+1]).
Prev_Energies: (    -15.07318718,     -15.07318718)
SCF Change: DM (3.27207e-7,1.56598e-6); eev 4.04306e-5 Ha; etot 1.40210e-10 Ha
Energy:     -15.0731871753 Ha with <S^2> =  0.757 and <2S+1> =  2.007 after  198 iterations (in       0.03 seconds).
SCF Change: DM (9.86111e-8,4.36253e-7); eev 2.12784e-5 Ha; etot -1.13028e-10 Ha
Energy:     -15.0731871754 Ha with <S^2> =  0.757 and <2S+1> =  2.007 after  199 iterations (in       0.03 seconds).
Energy increase is detected. Turn on the linear mixing algorithm with (H[DIIS, i-1] + H[DIIS, i+1]).
Prev_Energies: (    -15.07318718,     -15.07318718)
Energy increase is detected. Turn on the linear mixing algorithm with (H[DIIS, i-1] + H[DIIS, i+1]).
Prev_Energies: (    -15.07318718,     -15.07318718)
SCF Change: DM (4.48198e-8,1.11931e-7); eev 2.99900e-5 Ha; etot 1.76819e-11 Ha
Energy:     -15.0731871754 Ha with <S^2> =  0.757 and <2S+1> =  2.007 after  200 iterations (in       0.03 seconds).
Energy increase is detected. Turn on the linear mixing algorithm with (H[DIIS, i-1] + H[DIIS, i+1]).
Prev_Energies: (    -15.07318718,     -15.07318718)
Energy increase is detected. Turn on the linear mixing algorithm with (H[DIIS, i-1] + H[DIIS, i+1]).
Prev_Energies: (    -15.07318718,     -15.07318718)
SCF Change: DM (1.18020e-7,5.50814e-7); eev 1.02387e-4 Ha; etot 1.67759e-11 Ha
Energy:     -15.0731871754 Ha with <S^2> =  0.757 and <2S+1> =  2.007 after  201 iterations (in       0.03 seconds).
Energy increase is detected. Turn on the linear mixing algorithm with (H[DIIS, i-1] + H[DIIS, i+1]).
Prev_Energies: (    -15.07318718,     -15.07318718)
Energy increase is detected. Turn on the linear mixing algorithm with (H[DIIS, i-1] + H[DIIS, i+1]).
Prev_Energies: (    -15.07318718,     -15.07318718)
SCF Change: DM (3.94017e-8,1.10606e-7); eev 4.71692e-5 Ha; etot 3.12923e-11 Ha
Energy:     -15.0731871754 Ha with <S^2> =  0.757 and <2S+1> =  2.007 after  202 iterations (in       0.03 seconds).
Energy increase is detected. Turn on the linear mixing algorithm with (H[DIIS, i-1] + H[DIIS, i+1]).
Prev_Energies: (    -15.07318718,     -15.07318718)
Energy increase is detected. Turn on the linear mixing algorithm with (H[DIIS, i-1] + H[DIIS, i+1]).
Prev_Energies: (    -15.07318718,     -15.07318718)
SCF Change: DM (8.88042e-8,4.16163e-7); eev 7.83735e-5 Ha; etot 2.25597e-12 Ha
Energy:     -15.0731871754 Ha with <S^2> =  0.757 and <2S+1> =  2.007 after  203 iterations (in       0.03 seconds).
Energy increase is detected. Turn on the linear mixing algorithm with (H[DIIS, i-1] + H[DIIS, i+1]).
Prev_Energies: (    -15.07318718,     -15.07318718)
Energy increase is detected. Turn on the linear mixing algorithm with (H[DIIS, i-1] + H[DIIS, i+1]).
Prev_Energies: (    -15.07318718,     -15.07318718)
SCF Change: DM (3.33431e-8,1.03024e-7); eev 4.85945e-5 Ha; etot 2.00551e-11 Ha
Energy:     -15.0731871754 Ha with <S^2> =  0.757 and <2S+1> =  2.007 after  204 iterations (in       0.03 seconds).
Energy increase is detected. Turn on the linear mixing algorithm with (H[DIIS, i-1] + H[DIIS, i+1]).
Prev_Energies: (    -15.07318718,     -15.07318718)
Energy increase is detected. Turn on the linear mixing algorithm with (H[DIIS, i-1] + H[DIIS, i+1]).
Prev_Energies: (    -15.07318718,     -15.07318718)
SCF Change: DM (9.23664e-8,4.36675e-7); eev 6.67267e-5 Ha; etot 1.03384e-12 Ha
Energy:     -15.0731871754 Ha with <S^2> =  0.757 and <2S+1> =  2.007 after  205 iterations (in       0.03 seconds).
Energy increase is detected. Turn on the linear mixing algorithm with (H[DIIS, i-1] + H[DIIS, i+1]).
Prev_Energies: (    -15.07318718,     -15.07318718)
Energy increase is detected. Turn on the linear mixing algorithm with (H[DIIS, i-1] + H[DIIS, i+1]).
Prev_Energies: (    -15.07318718,     -15.07318718)
SCF Change: DM (5.35223e-8,2.33481e-7); eev 1.13467e-4 Ha; etot 2.10498e-11 Ha
Energy:     -15.0731871753 Ha with <S^2> =  0.757 and <2S+1> =  2.007 after  206 iterations (in       0.03 seconds).
SCF Change: DM (9.43339e-8,4.15605e-7); eev 5.58805e-5 Ha; etot -7.32214e-12 Ha
Energy:     -15.0731871753 Ha with <S^2> =  0.757 and <2S+1> =  2.007 after  207 iterations (in       0.03 seconds).
Energy increase is detected. Turn on the linear mixing algorithm with (H[DIIS, i-1] + H[DIIS, i+1]).
Prev_Energies: (    -15.07318718,     -15.07318718)
Energy increase is detected. Turn on the linear mixing algorithm with (H[DIIS, i-1] + H[DIIS, i+1]).
Prev_Energies: (    -15.07318718,     -15.07318718)
SCF Change: DM (9.98623e-8,4.43746e-7); eev 1.32872e-4 Ha; etot 2.60449e-11 Ha
Energy:     -15.0731871753 Ha with <S^2> =  0.757 and <2S+1> =  2.007 after  208 iterations (in       0.03 seconds).
SCF Change: DM (7.11043e-8,3.27133e-7); eev 2.08448e-4 Ha; etot -3.08997e-11 Ha
Energy:     -15.0731871753 Ha with <S^2> =  0.757 and <2S+1> =  2.007 after  209 iterations (in       0.03 seconds).
SCF Change: DM (1.03704e-7,4.05939e-7); eev 1.78195e-4 Ha; etot -3.95577e-11 Ha
Energy:     -15.0731871754 Ha with <S^2> =  0.757 and <2S+1> =  2.007 after  210 iterations (in       0.03 seconds).
Energy increase is detected. Turn on the linear mixing algorithm with (H[DIIS, i-1] + H[DIIS, i+1]).
Prev_Energies: (    -15.07318718,     -15.07318718)
Energy increase is detected. Turn on the linear mixing algorithm with (H[DIIS, i-1] + H[DIIS, i+1]).
Prev_Energies: (    -15.07318718,     -15.07318718)
SCF Change: DM (9.55982e-8,4.15946e-7); eev 1.70554e-4 Ha; etot 4.20712e-11 Ha
Energy:     -15.0731871753 Ha with <S^2> =  0.757 and <2S+1> =  2.007 after  211 iterations (in       0.03 seconds).
SCF Change: DM (1.30119e-7,4.86073e-7); eev 4.31965e-5 Ha; etot -2.23643e-11 Ha
Energy:     -15.0731871754 Ha with <S^2> =  0.757 and <2S+1> =  2.007 after  212 iterations (in       0.03 seconds).
Energy increase is detected. Turn on the linear mixing algorithm with (H[DIIS, i-1] + H[DIIS, i+1]).
Prev_Energies: (    -15.07318718,     -15.07318718)
Energy increase is detected. Turn on the linear mixing algorithm with (H[DIIS, i-1] + H[DIIS, i+1]).
Prev_Energies: (    -15.07318718,     -15.07318718)
SCF Change: DM (1.02908e-7,3.81713e-7); eev 3.01278e-5 Ha; etot 8.05311e-11 Ha
Energy:     -15.0731871753 Ha with <S^2> =  0.757 and <2S+1> =  2.007 after  213 iterations (in       0.03 seconds).
SCF Change: DM (1.38025e-7,5.68635e-7); eev 5.08882e-5 Ha; etot -6.42189e-11 Ha
Energy:     -15.0731871754 Ha with <S^2> =  0.757 and <2S+1> =  2.007 after  214 iterations (in       0.03 seconds).
Energy increase is detected. Turn on the linear mixing algorithm with (H[DIIS, i-1] + H[DIIS, i+1]).
Prev_Energies: (    -15.07318718,     -15.07318718)
Energy increase is detected. Turn on the linear mixing algorithm with (H[DIIS, i-1] + H[DIIS, i+1]).
Prev_Energies: (    -15.07318718,     -15.07318718)
SCF Change: DM (1.28441e-7,5.44739e-7); eev 1.63815e-5 Ha; etot 7.91935e-11 Ha
Energy:     -15.0731871753 Ha with <S^2> =  0.757 and <2S+1> =  2.007 after  215 iterations (in       0.03 seconds).
SCF Change: DM (5.22796e-8,7.00874e-8); eev 1.35772e-4 Ha; etot -7.47775e-11 Ha
Energy:     -15.0731871753 Ha with <S^2> =  0.757 and <2S+1> =  2.007 after  216 iterations (in       0.03 seconds).
SCF Change: DM (1.08473e-7,4.69987e-7); eev 2.63164e-4 Ha; etot -8.39684e-12 Ha
Energy:     -15.0731871754 Ha with <S^2> =  0.757 and <2S+1> =  2.007 after  217 iterations (in       0.03 seconds).
Energy increase is detected. Turn on the linear mixing algorithm with (H[DIIS, i-1] + H[DIIS, i+1]).
Prev_Energies: (    -15.07318718,     -15.07318718)
Energy increase is detected. Turn on the linear mixing algorithm with (H[DIIS, i-1] + H[DIIS, i+1]).
Prev_Energies: (    -15.07318718,     -15.07318718)
SCF Change: DM (8.27501e-8,3.58705e-7); eev 2.33459e-4 Ha; etot 9.09335e-11 Ha
Energy:     -15.0731871753 Ha with <S^2> =  0.757 and <2S+1> =  2.007 after  218 iterations (in       0.03 seconds).
SCF Change: DM (1.12100e-7,5.33196e-7); eev 4.00705e-5 Ha; etot -6.91038e-11 Ha
Energy:     -15.0731871753 Ha with <S^2> =  0.757 and <2S+1> =  2.007 after  219 iterations (in       0.03 seconds).
Energy increase is detected. Turn on the linear mixing algorithm with (H[DIIS, i-1] + H[DIIS, i+1]).
Prev_Energies: (    -15.07318718,     -15.07318718)
Energy increase is detected. Turn on the linear mixing algorithm with (H[DIIS, i-1] + H[DIIS, i+1]).
Prev_Energies: (    -15.07318718,     -15.07318718)
SCF Change: DM (9.14731e-8,4.34477e-7); eev 1.58258e-5 Ha; etot 6.32880e-11 Ha
Energy:     -15.0731871753 Ha with <S^2> =  0.757 and <2S+1> =  2.007 after  220 iterations (in       0.03 seconds).
SCF Change: DM (5.41285e-8,2.30210e-7); eev 3.61606e-6 Ha; etot -5.28715e-11 Ha
Energy:     -15.0731871753 Ha with <S^2> =  0.757 and <2S+1> =  2.007 after  221 iterations (in       0.03 seconds).
SCF Change: DM (4.68715e-8,1.99295e-7); eev 1.65097e-4 Ha; etot -1.72697e-11 Ha
Energy:     -15.0731871753 Ha with <S^2> =  0.757 and <2S+1> =  2.007 after  222 iterations (in       0.03 seconds).
Energy increase is detected. Turn on the linear mixing algorithm with (H[DIIS, i-1] + H[DIIS, i+1]).
Prev_Energies: (    -15.07318718,     -15.07318718)
Energy increase is detected. Turn on the linear mixing algorithm with (H[DIIS, i-1] + H[DIIS, i+1]).
Prev_Energies: (    -15.07318718,     -15.07318718)
SCF Change: DM (6.69032e-9,2.06364e-8); eev 1.63110e-4 Ha; etot 3.66569e-11 Ha
Energy:     -15.0731871753 Ha with <S^2> =  0.757 and <2S+1> =  2.007 after  223 iterations (in       0.03 seconds).
SCF Change: DM (1.73394e-7,7.42237e-7); eev 6.84343e-5 Ha; etot -3.66462e-12 Ha
Energy:     -15.0731871753 Ha with <S^2> =  0.757 and <2S+1> =  2.007 after  224 iterations (in       0.03 seconds).
Energy increase is detected. Turn on the linear mixing algorithm with (H[DIIS, i-1] + H[DIIS, i+1]).
Prev_Energies: (    -15.07318718,     -15.07318718)
Energy increase is detected. Turn on the linear mixing algorithm with (H[DIIS, i-1] + H[DIIS, i+1]).
Prev_Energies: (    -15.07318718,     -15.07318718)
SCF Change: DM (1.31043e-7,5.49537e-7); eev 5.00884e-5 Ha; etot 1.30520e-10 Ha
Energy:     -15.0731871752 Ha with <S^2> =  0.757 and <2S+1> =  2.007 after  225 iterations (in       0.03 seconds).
SCF Change: DM (1.86468e-7,8.43073e-7); eev 1.26953e-4 Ha; etot -9.49143e-11 Ha
Energy:     -15.0731871753 Ha with <S^2> =  0.757 and <2S+1> =  2.007 after  226 iterations (in       0.03 seconds).
Energy increase is detected. Turn on the linear mixing algorithm with (H[DIIS, i-1] + H[DIIS, i+1]).
Prev_Energies: (    -15.07318718,     -15.07318718)
Energy increase is detected. Turn on the linear mixing algorithm with (H[DIIS, i-1] + H[DIIS, i+1]).
Prev_Energies: (    -15.07318718,     -15.07318718)
SCF Change: DM (1.53786e-7,6.98451e-7); eev 1.13527e-4 Ha; etot 1.56151e-10 Ha
Energy:     -15.0731871751 Ha with <S^2> =  0.757 and <2S+1> =  2.007 after  227 iterations (in       0.03 seconds).
SCF Change: DM (1.24180e-7,5.61181e-7); eev 4.27588e-5 Ha; etot -1.29852e-10 Ha
Energy:     -15.0731871752 Ha with <S^2> =  0.757 and <2S+1> =  2.007 after  228 iterations (in       0.03 seconds).
Energy increase is detected. Turn on the linear mixing algorithm with (H[DIIS, i-1] + H[DIIS, i+1]).
Prev_Energies: (    -15.07318718,     -15.07318718)
Energy increase is detected. Turn on the linear mixing algorithm with (H[DIIS, i-1] + H[DIIS, i+1]).
Prev_Energies: (    -15.07318718,     -15.07318718)
SCF Change: DM (9.92062e-8,4.48671e-7); eev 3.46025e-5 Ha; etot 1.02988e-10 Ha
Energy:     -15.0731871751 Ha with <S^2> =  0.757 and <2S+1> =  2.007 after  229 iterations (in       0.03 seconds).
SCF Change: DM (1.12828e-7,4.44054e-7); eev 2.12636e-5 Ha; etot -8.21601e-11 Ha
Energy:     -15.0731871752 Ha with <S^2> =  0.757 and <2S+1> =  2.007 after  230 iterations (in       0.05 seconds).
Energy increase is detected. Turn on the linear mixing algorithm with (H[DIIS, i-1] + H[DIIS, i+1]).
Prev_Energies: (    -15.07318718,     -15.07318718)
Energy increase is detected. Turn on the linear mixing algorithm with (H[DIIS, i-1] + H[DIIS, i+1]).
Prev_Energies: (    -15.07318718,     -15.07318718)
SCF Change: DM (9.02579e-8,3.55996e-7); eev 3.26049e-5 Ha; etot 4.51266e-11 Ha
Energy:     -15.0731871752 Ha with <S^2> =  0.757 and <2S+1> =  2.007 after  231 iterations (in       0.04 seconds).
SCF Change: DM (1.07589e-7,4.57430e-7); eev 2.01292e-4 Ha; etot -3.62999e-11 Ha
Energy:     -15.0731871752 Ha with <S^2> =  0.757 and <2S+1> =  2.007 after  232 iterations (in       0.03 seconds).
Energy increase is detected. Turn on the linear mixing algorithm with (H[DIIS, i-1] + H[DIIS, i+1]).
Prev_Energies: (    -15.07318718,     -15.07318718)
Energy increase is detected. Turn on the linear mixing algorithm with (H[DIIS, i-1] + H[DIIS, i+1]).
Prev_Energies: (    -15.07318718,     -15.07318718)
SCF Change: DM (7.61168e-8,3.18663e-7); eev 1.56514e-4 Ha; etot 4.00533e-11 Ha
Energy:     -15.0731871752 Ha with <S^2> =  0.757 and <2S+1> =  2.007 after  233 iterations (in       0.03 seconds).
SCF Change: DM (1.72572e-7,8.00824e-7); eev 3.24911e-5 Ha; etot -4.53273e-11 Ha
Energy:     -15.0731871752 Ha with <S^2> =  0.757 and <2S+1> =  2.007 after  234 iterations (in       0.03 seconds).
SCF Change: DM (6.04503e-8,2.96396e-7); eev 7.95820e-5 Ha; etot -9.08216e-11 Ha
Energy:     -15.0731871753 Ha with <S^2> =  0.757 and <2S+1> =  2.007 after  235 iterations (in       0.03 seconds).
Energy increase is detected. Turn on the linear mixing algorithm with (H[DIIS, i-1] + H[DIIS, i+1]).
Prev_Energies: (    -15.07318718,     -15.07318718)
Energy increase is detected. Turn on the linear mixing algorithm with (H[DIIS, i-1] + H[DIIS, i+1]).
Prev_Energies: (    -15.07318718,     -15.07318718)
SCF Change: DM (5.17516e-8,2.53948e-7); eev 5.52202e-5 Ha; etot 5.28964e-11 Ha
Energy:     -15.0731871753 Ha with <S^2> =  0.757 and <2S+1> =  2.007 after  236 iterations (in       0.03 seconds).
SCF Change: DM (1.10400e-7,5.38219e-7); eev 9.47467e-5 Ha; etot -4.57323e-11 Ha
Energy:     -15.0731871753 Ha with <S^2> =  0.757 and <2S+1> =  2.007 after  237 iterations (in       0.03 seconds).
SCF Change: DM (3.95668e-8,1.92781e-7); eev 2.01018e-5 Ha; etot -9.64828e-11 Ha
Energy:     -15.0731871754 Ha with <S^2> =  0.757 and <2S+1> =  2.007 after  238 iterations (in       0.03 seconds).
SCF Change: DM (1.32818e-8,5.39889e-8); eev 2.68322e-5 Ha; etot -3.32054e-11 Ha
Energy:     -15.0731871754 Ha with <S^2> =  0.757 and <2S+1> =  2.007 after  239 iterations (in       0.03 seconds).
Energy increase is detected. Turn on the linear mixing algorithm with (H[DIIS, i-1] + H[DIIS, i+1]).
Prev_Energies: (    -15.07318718,     -15.07318718)
Energy increase is detected. Turn on the linear mixing algorithm with (H[DIIS, i-1] + H[DIIS, i+1]).
Prev_Energies: (    -15.07318718,     -15.07318718)
SCF Change: DM (1.78821e-8,8.12021e-8); eev 3.53268e-5 Ha; etot 1.02229e-11 Ha
Energy:     -15.0731871754 Ha with <S^2> =  0.757 and <2S+1> =  2.007 after  240 iterations (in       0.03 seconds).
Energy increase is detected. Turn on the linear mixing algorithm with (H[DIIS, i-1] + H[DIIS, i+1]).
Prev_Energies: (    -15.07318718,     -15.07318718)
Energy increase is detected. Turn on the linear mixing algorithm with (H[DIIS, i-1] + H[DIIS, i+1]).
Prev_Energies: (    -15.07318718,     -15.07318718)
SCF Change: DM (1.31045e-8,4.81868e-8); eev 4.23029e-7 Ha; etot 9.59233e-12 Ha
Energy:     -15.0731871754 Ha with <S^2> =  0.757 and <2S+1> =  2.007 after  241 iterations (in       0.03 seconds).
Energy increase is detected. Turn on the linear mixing algorithm with (H[DIIS, i-1] + H[DIIS, i+1]).
Prev_Energies: (    -15.07318718,     -15.07318718)
Energy increase is detected. Turn on the linear mixing algorithm with (H[DIIS, i-1] + H[DIIS, i+1]).
Prev_Energies: (    -15.07318718,     -15.07318718)
SCF Change: DM (1.75834e-8,8.33696e-8); eev 3.88602e-6 Ha; etot 7.82485e-12 Ha
Energy:     -15.0731871754 Ha with <S^2> =  0.757 and <2S+1> =  2.007 after  242 iterations (in       0.03 seconds).
SCF Change: DM (1.60524e-7,7.82401e-7); eev 1.65839e-4 Ha; etot -1.28164e-11 Ha
Energy:     -15.0731871754 Ha with <S^2> =  0.757 and <2S+1> =  2.007 after  243 iterations (in       0.03 seconds).
SCF Change: DM (7.24123e-8,3.54175e-7); eev 1.05473e-4 Ha; etot -1.39698e-10 Ha
Energy:     -15.0731871756 Ha with <S^2> =  0.757 and <2S+1> =  2.007 after  244 iterations (in       0.03 seconds).
SCF Change: DM (4.56552e-7,2.21657e-6); eev 1.10498e-4 Ha; etot -5.80567e-11 Ha
Energy:     -15.0731871756 Ha with <S^2> =  0.757 and <2S+1> =  2.007 after  245 iterations (in       0.03 seconds).
SCF Change: DM (1.22754e-7,5.99973e-7); eev 5.89097e-5 Ha; etot -3.06976e-10 Ha
Energy:     -15.0731871759 Ha with <S^2> =  0.757 and <2S+1> =  2.007 after  246 iterations (in       0.03 seconds).
SCF Change: DM (6.95504e-8,3.06960e-7); eev 2.57103e-4 Ha; etot -9.71863e-11 Ha
Energy:     -15.0731871760 Ha with <S^2> =  0.757 and <2S+1> =  2.007 after  247 iterations (in       0.03 seconds).
Energy increase is detected. Turn on the linear mixing algorithm with (H[DIIS, i-1] + H[DIIS, i+1]).
Prev_Energies: (    -15.07318718,     -15.07318718)
Energy increase is detected. Turn on the linear mixing algorithm with (H[DIIS, i-1] + H[DIIS, i+1]).
Prev_Energies: (    -15.07318718,     -15.07318718)
SCF Change: DM (2.88707e-8,8.38755e-8); eev 2.75393e-4 Ha; etot 5.53246e-11 Ha
Energy:     -15.0731871760 Ha with <S^2> =  0.757 and <2S+1> =  2.007 after  248 iterations (in       0.03 seconds).
SCF Change: DM (1.80059e-7,8.63309e-7); eev 5.14564e-5 Ha; etot -1.30846e-11 Ha
Energy:     -15.0731871760 Ha with <S^2> =  0.757 and <2S+1> =  2.007 after  249 iterations (in       0.03 seconds).
Energy increase is detected. Turn on the linear mixing algorithm with (H[DIIS, i-1] + H[DIIS, i+1]).
Prev_Energies: (    -15.07318718,     -15.07318718)
Energy increase is detected. Turn on the linear mixing algorithm with (H[DIIS, i-1] + H[DIIS, i+1]).
Prev_Energies: (    -15.07318718,     -15.07318718)
SCF Change: DM (1.34707e-7,6.37935e-7); eev 1.17839e-4 Ha; etot 1.51212e-10 Ha
Energy:     -15.0731871758 Ha with <S^2> =  0.757 and <2S+1> =  2.007 after  250 iterations (in       0.03 seconds).
SCF does not converge within 251 iterations
==========================================
Now evaluate the    PT2 correlation energy
==========================================
----------------------------------------------------------------------
Methods         :       Total Corr,          OS Corr,          SS Corr
----------------------------------------------------------------------
PT2             :      -0.37206860,      -0.27278089,      -0.09928771
----------------------------------------------------------------------
Fifth-rung correlation energy :      -0.119041582245 Ha
E[XYGJOS]=:     -15.07409539 Ha, Ex[HF]:      -2.58816520 Ha, Ec[PT2  ]:      -0.37206860 Ha
Mulliken population analysis:
  0-Br :   0.000000

====================================================
              REST: Mission accomplished
====================================================
The SCF energy        :     -15.0731871758 Ha
The (R)-xDH energy    :     -15.0740953883 Ha
Detailed time report:
SCF       |:    8.415 s for the scf procedure
Overall   |:    8.997 s for the whole job
PT2       |:    0.087 s for the PT2 evaluation
