=========================================================
Input parameters for the REST calculation
=========================================================
Calculation type: Single-point energy
The exchange-correlation method: xygjos
Print level:                1
The number of threads used for parallelism:      4
The spheric-GTO basis set is taken from /home/symei/def2-TZVPP-mixed
The pruning method is nwchem
The radial grid generation method is treutler
ERI Type: ri_v
Turn on the basis pair symmetry for RI 3D-tensors
The spheric-GTO auxiliary basis set is taken from /home/symei/def2-SV(P)-JKFIT
Spin polarization: Off
Charge:   0; Spin:   1
min_num_angular_points: 110
max_num_angular_points: 590
hardness: 3
Grid generation level: 3
Even tempered basis generation: false
SCF convergency thresholds: 1e-8 for density matrix
                            1e-8 Ha. for sum of eigenvalues
                            1e-8 Ha. for total energy
Max. SCF cycle number:      250
The diis mixing with (param, max_vec_len) = (0.2, 8) is employed for the SCF procedure
Turn on the diis mixing after 1 step(s) of SCF iteractions with the linear mixing
The specified checkfile exists but is not loaded because the keyword 'external_init_guess' is specified
It will be updated after the SCF procedure 
(none)
Initial guess is prepared by (sad).
It is a finite cluster calculation
the scf functional for 'xygjos' contains
The density functional 'B3LYP' belongs to the 'Hybrid GGA' family and is defined in the reference(s):
(0): P. J. Stephens, F. J. Devlin, C. F. Chabalowski, and M. J. Frisch.,  J. Phys. Chem. 98, 11623 (1994)
the post-scf functional 'xygjos' is employed, which contains
The density functional 'Slater exchange' belongs to the 'LDA' family and is defined in the reference(s):
(0): P. A. M. Dirac.,  Math. Proc. Cambridge Philos. Soc. 26, 376 (1930)
(1): F. Bloch.,  Z. Phys. 57, 545 (1929)
The density functional 'Becke 88' belongs to the 'GGA' family and is defined in the reference(s):
(0): A. D. Becke.,  Phys. Rev. A 38, 3098 (1988)
The density functional 'Vosko, Wilk & Nusair (VWN5_RPA)' belongs to the 'LDA' family and is defined in the reference(s):
(0): S. H. Vosko, L. Wilk, and M. Nusair.,  Can. J. Phys. 58, 1200 (1980)
The density functional 'Lee, Yang & Parr' belongs to the 'GGA' family and is defined in the reference(s):
(0): C. Lee, W. Yang, and R. G. Parr.,  Phys. Rev. B 37, 785 (1988)
(1): B. Miehlich, A. Savin, H. Stoll, and H. Preuss.,  Chem. Phys. Lett. 157, 200 (1989)
<start_mo> for the frozen-core post-SCF methods 21 is smaller than the number of ecp orbitals 28. Set <start_mo> = 0
Libxc version used in REST: 7.0.0
nbas: 101, natm: 11 for standard basis sets
First valence state for the frozen-core algorithm:     0
final nbas: 332,final natm: 22
numbasis: 273, num_auxbas: 865
Molecule_name: c-cbrcbr
Restricted Hartree-Fock (or Kohn-Sham) algorithm is invoked.
Nuc_energy:     140.66498059 Hartree
No ghost effective potential
No ghost point charges
Overlap matrix is nonsigular:
  Lowest eigenvalue:       0.00024625 with the total number of basis functions:    273
Grid size: 143658
Generate SAD of C
Generate SAD of H
Generate SAD of Br
Initial guess HF energy:    -148.7167936791694274
The total energy:      -147.7631673087 Ha by the initial guess
Energy:    -142.5300363733 Ha after    1 iterations (in       0.77 seconds).
SCF Change: DM 6.91260e-2; eev  6.98484e1 Ha; etot  3.40021e1 Ha
Energy:    -108.5278879046 Ha after    2 iterations (in       0.79 seconds).
SCF Change: DM 2.91116e-2; eev  5.88004e1 Ha; etot -3.66883e1 Ha
Energy:    -145.2161699634 Ha after    3 iterations (in       0.80 seconds).
SCF Change: DM 1.75198e-2; eev  1.07013e1 Ha; etot  5.72380e1 Ha
Energy:     -87.9782144587 Ha after    4 iterations (in       0.79 seconds).
SCF Change: DM 1.92593e-2; eev  2.00291e1 Ha; etot -4.02601e1 Ha
Energy:    -128.2383250596 Ha after    5 iterations (in       0.81 seconds).
SCF Change: DM 1.00628e-2; eev  1.31870e2 Ha; etot -1.94279e1 Ha
Energy:    -147.6662090862 Ha after    6 iterations (in       0.77 seconds).
SCF Change: DM 7.97560e-3; eev  2.38132e1 Ha; etot 5.40881e-1 Ha
Energy:    -147.1253276421 Ha after    7 iterations (in       0.85 seconds).
SCF Change: DM 1.63916e-3; eev  4.67931e1 Ha; etot -1.03303e0 Ha
Energy:    -148.1583546913 Ha after    8 iterations (in       0.84 seconds).
SCF Change: DM 8.01570e-4; eev  9.37276e1 Ha; etot -2.17154e-2 Ha
Energy:    -148.1800700417 Ha after    9 iterations (in       0.82 seconds).
SCF Change: DM 3.01900e-4; eev  8.02007e1 Ha; etot -1.02489e-2 Ha
Energy:    -148.1903189375 Ha after   10 iterations (in       0.80 seconds).
SCF Change: DM 1.08658e-4; eev  2.44237e1 Ha; etot -1.29297e-3 Ha
Energy:    -148.1916119112 Ha after   11 iterations (in       0.78 seconds).
SCF Change: DM 5.86565e-5; eev  9.42530e0 Ha; etot -1.23790e-4 Ha
Energy:    -148.1917357010 Ha after   12 iterations (in       0.81 seconds).
SCF Change: DM 6.80491e-5; eev  7.51487e0 Ha; etot -6.11143e-5 Ha
Energy:    -148.1917968153 Ha after   13 iterations (in       0.81 seconds).
SCF Change: DM 6.28183e-5; eev  1.85566e0 Ha; etot -4.04085e-5 Ha
Energy:    -148.1918372238 Ha after   14 iterations (in       0.81 seconds).
SCF Change: DM 8.24895e-5; eev  2.00385e0 Ha; etot -3.19988e-5 Ha
Energy:    -148.1918692227 Ha after   15 iterations (in       0.79 seconds).
SCF Change: DM 5.88527e-5; eev  1.78781e0 Ha; etot -3.66107e-5 Ha
Energy:    -148.1919058333 Ha after   16 iterations (in       0.77 seconds).
SCF Change: DM 7.38192e-5; eev 6.82586e-1 Ha; etot -2.40230e-5 Ha
Energy:    -148.1919298564 Ha after   17 iterations (in       0.78 seconds).
SCF Change: DM 9.62470e-5; eev 6.53913e-1 Ha; etot -2.80087e-5 Ha
Energy:    -148.1919578651 Ha after   18 iterations (in       0.78 seconds).
SCF Change: DM 1.88830e-5; eev 7.04918e-1 Ha; etot -3.22802e-5 Ha
Energy:    -148.1919901453 Ha after   19 iterations (in       0.75 seconds).
SCF Change: DM 2.01537e-4; eev  2.12792e0 Ha; etot -5.53892e-6 Ha
Energy:    -148.1919956842 Ha after   20 iterations (in       0.76 seconds).
SCF Change: DM 3.40444e-5; eev 7.41748e-1 Ha; etot -3.50055e-5 Ha
Energy:    -148.1920306897 Ha after   21 iterations (in       0.80 seconds).
Energy increase is detected. Turn on the linear mixing algorithm with (H[DIIS, i-1] + H[DIIS, i+1]).
Prev_Energies: (   -148.19203069,    -148.19202947)
SCF Change: DM 3.75799e-5; eev 5.44123e-1 Ha; etot 1.21649e-6 Ha
Energy:    -148.1920294732 Ha after   22 iterations (in       0.81 seconds).
SCF Change: DM 4.00034e-5; eev  2.67441e0 Ha; etot -1.82866e-6 Ha
Energy:    -148.1920313019 Ha after   23 iterations (in       0.79 seconds).
SCF Change: DM 3.14158e-5; eev 2.80033e-1 Ha; etot -7.04625e-7 Ha
Energy:    -148.1920320065 Ha after   24 iterations (in       0.76 seconds).
SCF Change: DM 1.14594e-5; eev 5.20382e-1 Ha; etot -2.26156e-6 Ha
Energy:    -148.1920342681 Ha after   25 iterations (in       0.75 seconds).
SCF Change: DM 1.52831e-5; eev 1.65659e-1 Ha; etot -6.09089e-7 Ha
Energy:    -148.1920348772 Ha after   26 iterations (in       0.77 seconds).
SCF Change: DM 9.28183e-6; eev 1.13998e-1 Ha; etot -5.69717e-7 Ha
Energy:    -148.1920354469 Ha after   27 iterations (in       0.79 seconds).
SCF Change: DM 8.94009e-6; eev 1.93406e-2 Ha; etot -2.82540e-7 Ha
Energy:    -148.1920357294 Ha after   28 iterations (in       0.81 seconds).
SCF Change: DM 8.41301e-6; eev 1.14051e-1 Ha; etot -1.78951e-7 Ha
Energy:    -148.1920359084 Ha after   29 iterations (in       0.78 seconds).
SCF Change: DM 5.53662e-6; eev 1.78315e-1 Ha; etot -1.28336e-7 Ha
Energy:    -148.1920360367 Ha after   30 iterations (in       0.77 seconds).
SCF Change: DM 4.03893e-6; eev 4.47567e-2 Ha; etot -4.03202e-8 Ha
Energy:    -148.1920360770 Ha after   31 iterations (in       0.77 seconds).
SCF Change: DM 1.11397e-6; eev 3.62042e-2 Ha; etot -2.49277e-8 Ha
Energy:    -148.1920361020 Ha after   32 iterations (in       0.81 seconds).
SCF Change: DM 1.15052e-6; eev 8.00179e-3 Ha; etot -6.31448e-9 Ha
Energy:    -148.1920361083 Ha after   33 iterations (in       0.83 seconds).
SCF Change: DM 1.32365e-6; eev 8.57386e-3 Ha; etot -6.63465e-9 Ha
Energy:    -148.1920361149 Ha after   34 iterations (in       0.79 seconds).
SCF Change: DM 1.10362e-6; eev 1.53617e-2 Ha; etot -7.45356e-9 Ha
Energy:    -148.1920361224 Ha after   35 iterations (in       0.84 seconds).
SCF Change: DM 2.47616e-6; eev 2.06235e-2 Ha; etot -5.34766e-9 Ha
Energy:    -148.1920361277 Ha after   36 iterations (in       0.84 seconds).
SCF Change: DM 4.67049e-7; eev 1.57864e-2 Ha; etot -9.14116e-9 Ha
Energy:    -148.1920361369 Ha after   37 iterations (in       0.81 seconds).
SCF Change: DM 8.66982e-7; eev 6.30972e-3 Ha; etot -1.31195e-9 Ha
Energy:    -148.1920361382 Ha after   38 iterations (in       0.80 seconds).
SCF Change: DM 9.73629e-7; eev 6.26960e-3 Ha; etot -2.23881e-9 Ha
Energy:    -148.1920361404 Ha after   39 iterations (in       0.80 seconds).
SCF Change: DM 9.87392e-7; eev 1.68484e-2 Ha; etot -2.38575e-9 Ha
Energy:    -148.1920361428 Ha after   40 iterations (in       0.78 seconds).
SCF Change: DM 1.40465e-6; eev 9.17917e-3 Ha; etot -1.97792e-9 Ha
Energy:    -148.1920361448 Ha after   41 iterations (in       0.85 seconds).
SCF Change: DM 7.54059e-7; eev 8.43372e-3 Ha; etot -1.85636e-9 Ha
Energy:    -148.1920361466 Ha after   42 iterations (in       0.83 seconds).
SCF Change: DM 2.81983e-7; eev 5.89225e-3 Ha; etot -7.13811e-10 Ha
Energy:    -148.1920361473 Ha after   43 iterations (in       0.78 seconds).
SCF Change: DM 2.82818e-7; eev 3.97795e-3 Ha; etot -2.34365e-10 Ha
Energy:    -148.1920361476 Ha after   44 iterations (in       0.82 seconds).
SCF Change: DM 2.31471e-7; eev 1.05390e-3 Ha; etot -2.11060e-10 Ha
Energy:    -148.1920361478 Ha after   45 iterations (in       0.80 seconds).
SCF Change: DM 2.89169e-7; eev 1.33442e-3 Ha; etot -1.36993e-10 Ha
Energy:    -148.1920361479 Ha after   46 iterations (in       0.80 seconds).
SCF Change: DM 1.80019e-7; eev 9.39060e-4 Ha; etot -1.69763e-10 Ha
Energy:    -148.1920361481 Ha after   47 iterations (in       0.76 seconds).
SCF Change: DM 2.59421e-7; eev 1.83550e-3 Ha; etot -8.21956e-11 Ha
Energy:    -148.1920361482 Ha after   48 iterations (in       0.75 seconds).
SCF Change: DM 3.54859e-7; eev 2.13598e-3 Ha; etot -9.98739e-11 Ha
Energy:    -148.1920361483 Ha after   49 iterations (in       0.79 seconds).
SCF Change: DM 4.11361e-8; eev 1.23016e-3 Ha; etot -8.82494e-11 Ha
Energy:    -148.1920361484 Ha after   50 iterations (in       0.80 seconds).
Energy increase is detected. Turn on the linear mixing algorithm with (H[DIIS, i-1] + H[DIIS, i+1]).
Prev_Energies: (   -148.19203615,    -148.19203615)
SCF Change: DM 5.37506e-8; eev 1.14017e-3 Ha; etot 2.95586e-12 Ha
Energy:    -148.1920361484 Ha after   51 iterations (in       0.76 seconds).
SCF Change: DM 1.79708e-7; eev 7.45460e-4 Ha; etot -1.06013e-11 Ha
Energy:    -148.1920361484 Ha after   52 iterations (in       0.78 seconds).
SCF Change: DM 5.15976e-8; eev 6.16293e-4 Ha; etot -2.01794e-11 Ha
Energy:    -148.1920361484 Ha after   53 iterations (in       0.80 seconds).
SCF Change: DM 9.59845e-9; eev 2.05151e-4 Ha; etot -2.44427e-12 Ha
Energy:    -148.1920361484 Ha after   54 iterations (in       0.81 seconds).
Energy increase is detected. Turn on the linear mixing algorithm with (H[DIIS, i-1] + H[DIIS, i+1]).
Prev_Energies: (   -148.19203615,    -148.19203615)
SCF Change: DM 1.21577e-8; eev 6.65608e-5 Ha; etot 1.96110e-12 Ha
Energy:    -148.1920361484 Ha after   55 iterations (in       0.75 seconds).
SCF Change: DM 3.36678e-8; eev 8.59090e-4 Ha; etot -2.44427e-12 Ha
Energy:    -148.1920361484 Ha after   56 iterations (in       0.74 seconds).
SCF Change: DM 2.28031e-8; eev 2.61150e-4 Ha; etot -4.54747e-13 Ha
Energy:    -148.1920361484 Ha after   57 iterations (in       0.78 seconds).
Energy increase is detected. Turn on the linear mixing algorithm with (H[DIIS, i-1] + H[DIIS, i+1]).
Prev_Energies: (   -148.19203615,    -148.19203615)
SCF Change: DM 1.48107e-8; eev 2.17527e-4 Ha; etot 2.98428e-12 Ha
Energy:    -148.1920361484 Ha after   58 iterations (in       0.77 seconds).
SCF Change: DM 4.27267e-8; eev 2.25354e-4 Ha; etot -1.56319e-12 Ha
Energy:    -148.1920361484 Ha after   59 iterations (in       0.77 seconds).
Energy increase is detected. Turn on the linear mixing algorithm with (H[DIIS, i-1] + H[DIIS, i+1]).
Prev_Energies: (   -148.19203615,    -148.19203615)
SCF Change: DM 3.39367e-8; eev 1.76755e-4 Ha; etot 1.33582e-12 Ha
Energy:    -148.1920361484 Ha after   60 iterations (in       0.77 seconds).
SCF Change: DM 4.40212e-8; eev 1.86916e-4 Ha; etot -1.10845e-12 Ha
Energy:    -148.1920361484 Ha after   61 iterations (in       0.73 seconds).
Energy increase is detected. Turn on the linear mixing algorithm with (H[DIIS, i-1] + H[DIIS, i+1]).
Prev_Energies: (   -148.19203615,    -148.19203615)
SCF Change: DM 3.41184e-8; eev 1.53391e-4 Ha; etot 2.50111e-12 Ha
Energy:    -148.1920361484 Ha after   62 iterations (in       0.74 seconds).
SCF Change: DM 4.37491e-8; eev 1.12342e-4 Ha; etot -5.05906e-12 Ha
Energy:    -148.1920361484 Ha after   63 iterations (in       0.73 seconds).
Energy increase is detected. Turn on the linear mixing algorithm with (H[DIIS, i-1] + H[DIIS, i+1]).
Prev_Energies: (   -148.19203615,    -148.19203615)
SCF Change: DM 3.48462e-8; eev 9.19626e-5 Ha; etot 5.28644e-12 Ha
Energy:    -148.1920361484 Ha after   64 iterations (in       0.79 seconds).
SCF Change: DM 3.71206e-8; eev 9.26459e-5 Ha; etot -1.62004e-12 Ha
Energy:    -148.1920361484 Ha after   65 iterations (in       0.79 seconds).
Energy increase is detected. Turn on the linear mixing algorithm with (H[DIIS, i-1] + H[DIIS, i+1]).
Prev_Energies: (   -148.19203615,    -148.19203615)
SCF Change: DM 2.98746e-8; eev 7.50688e-5 Ha; etot 3.89377e-12 Ha
Energy:    -148.1920361484 Ha after   66 iterations (in       0.81 seconds).
SCF Change: DM 3.13660e-8; eev 9.44582e-5 Ha; etot -7.47491e-12 Ha
Energy:    -148.1920361484 Ha after   67 iterations (in       0.77 seconds).
Energy increase is detected. Turn on the linear mixing algorithm with (H[DIIS, i-1] + H[DIIS, i+1]).
Prev_Energies: (   -148.19203615,    -148.19203615)
SCF Change: DM 2.52239e-8; eev 7.48818e-5 Ha; etot 5.65592e-12 Ha
Energy:    -148.1920361484 Ha after   68 iterations (in       0.80 seconds).
SCF Change: DM 2.45993e-8; eev 7.66244e-5 Ha; etot -9.37916e-13 Ha
Energy:    -148.1920361484 Ha after   69 iterations (in       0.77 seconds).
SCF Change: DM 5.99775e-10; eev 5.38553e-6 Ha; etot -2.70006e-12 Ha
Energy:    -148.1920361484 Ha after   70 iterations (in       0.78 seconds).
SCF Change: DM 6.83626e-10; eev 4.80702e-6 Ha; etot -9.66338e-13 Ha
Energy:    -148.1920361484 Ha after   71 iterations (in       0.74 seconds).
SCF Change: DM 2.69571e-10; eev 2.05781e-6 Ha; etot -1.25056e-12 Ha
Energy:    -148.1920361484 Ha after   72 iterations (in       0.75 seconds).
Energy increase is detected. Turn on the linear mixing algorithm with (H[DIIS, i-1] + H[DIIS, i+1]).
Prev_Energies: (   -148.19203615,    -148.19203615)
SCF Change: DM 1.74473e-10; eev 1.53744e-6 Ha; etot 3.35376e-12 Ha
Energy:    -148.1920361484 Ha after   73 iterations (in       0.81 seconds).
SCF Change: DM 3.59533e-10; eev 1.97382e-6 Ha; etot -5.40012e-13 Ha
Energy:    -148.1920361484 Ha after   74 iterations (in       0.79 seconds).
Energy increase is detected. Turn on the linear mixing algorithm with (H[DIIS, i-1] + H[DIIS, i+1]).
Prev_Energies: (   -148.19203615,    -148.19203615)
SCF Change: DM 2.92069e-10; eev 1.68552e-6 Ha; etot 1.05160e-12 Ha
Energy:    -148.1920361484 Ha after   75 iterations (in       0.76 seconds).
SCF Change: DM 4.75916e-10; eev 2.14004e-6 Ha; etot -3.41061e-12 Ha
Energy:    -148.1920361484 Ha after   76 iterations (in       0.77 seconds).
Energy increase is detected. Turn on the linear mixing algorithm with (H[DIIS, i-1] + H[DIIS, i+1]).
Prev_Energies: (   -148.19203615,    -148.19203615)
SCF Change: DM 3.71482e-10; eev 1.54019e-6 Ha; etot 6.53699e-12 Ha
Energy:    -148.1920361484 Ha after   77 iterations (in       0.77 seconds).
SCF Change: DM 4.47117e-10; eev 2.56131e-6 Ha; etot -2.30216e-12 Ha
Energy:    -148.1920361484 Ha after   78 iterations (in       0.86 seconds).
SCF Change: DM 4.64748e-11; eev 2.09753e-7 Ha; etot -4.46221e-12 Ha
Energy:    -148.1920361484 Ha after   79 iterations (in       0.80 seconds).
Energy increase is detected. Turn on the linear mixing algorithm with (H[DIIS, i-1] + H[DIIS, i+1]).
Prev_Energies: (   -148.19203615,    -148.19203615)
SCF Change: DM 3.41714e-11; eev 1.63487e-7 Ha; etot 1.13687e-13 Ha
Energy:    -148.1920361484 Ha after   80 iterations (in       0.78 seconds).
Energy increase is detected. Turn on the linear mixing algorithm with (H[DIIS, i-1] + H[DIIS, i+1]).
Prev_Energies: (   -148.19203615,    -148.19203615)
SCF Change: DM 4.72670e-11; eev 1.36083e-7 Ha; etot 3.75167e-12 Ha
Energy:    -148.1920361484 Ha after   81 iterations (in       0.77 seconds).
SCF Change: DM 1.28342e-10; eev 5.92639e-7 Ha; etot -2.52953e-12 Ha
Energy:    -148.1920361484 Ha after   82 iterations (in       0.74 seconds).
Energy increase is detected. Turn on the linear mixing algorithm with (H[DIIS, i-1] + H[DIIS, i+1]).
Prev_Energies: (   -148.19203615,    -148.19203615)
SCF Change: DM 9.19962e-11; eev 3.90497e-7 Ha; etot 3.32534e-12 Ha
Energy:    -148.1920361484 Ha after   83 iterations (in       0.79 seconds).
SCF Change: DM 1.59397e-10; eev 9.15682e-7 Ha; etot -4.32010e-12 Ha
Energy:    -148.1920361484 Ha after   84 iterations (in       0.78 seconds).
Energy increase is detected. Turn on the linear mixing algorithm with (H[DIIS, i-1] + H[DIIS, i+1]).
Prev_Energies: (   -148.19203615,    -148.19203615)
SCF Change: DM 1.25752e-10; eev 7.24361e-7 Ha; etot 1.22213e-12 Ha
Energy:    -148.1920361484 Ha after   85 iterations (in       0.83 seconds).
Energy increase is detected. Turn on the linear mixing algorithm with (H[DIIS, i-1] + H[DIIS, i+1]).
Prev_Energies: (   -148.19203615,    -148.19203615)
SCF Change: DM 1.31726e-10; eev 7.64973e-7 Ha; etot 1.44951e-12 Ha
Energy:    -148.1920361484 Ha after   86 iterations (in       0.81 seconds).
SCF Change: DM 5.13208e-11; eev 1.96515e-7 Ha; etot -5.68434e-13 Ha
Energy:    -148.1920361484 Ha after   87 iterations (in       0.79 seconds).
Energy increase is detected. Turn on the linear mixing algorithm with (H[DIIS, i-1] + H[DIIS, i+1]).
Prev_Energies: (   -148.19203615,    -148.19203615)
SCF Change: DM 4.15077e-11; eev 1.60068e-7 Ha; etot 2.13163e-12 Ha
Energy:    -148.1920361484 Ha after   88 iterations (in       0.76 seconds).
Energy increase is detected. Turn on the linear mixing algorithm with (H[DIIS, i-1] + H[DIIS, i+1]).
Prev_Energies: (   -148.19203615,    -148.19203615)
SCF Change: DM 4.35965e-11; eev 1.60338e-7 Ha; etot 1.22213e-12 Ha
Energy:    -148.1920361484 Ha after   89 iterations (in       0.75 seconds).
SCF Change: DM 1.76371e-11; eev 8.47420e-8 Ha; etot -1.62004e-12 Ha
Energy:    -148.1920361484 Ha after   90 iterations (in       0.80 seconds).
Energy increase is detected. Turn on the linear mixing algorithm with (H[DIIS, i-1] + H[DIIS, i+1]).
Prev_Energies: (   -148.19203615,    -148.19203615)
SCF Change: DM 1.24193e-11; eev 5.17560e-8 Ha; etot 1.62004e-12 Ha
Energy:    -148.1920361484 Ha after   91 iterations (in       0.80 seconds).
SCF Change: DM 2.40074e-11; eev 1.86125e-7 Ha; etot -2.92744e-12 Ha
Energy:    -148.1920361484 Ha after   92 iterations (in       0.78 seconds).
Energy increase is detected. Turn on the linear mixing algorithm with (H[DIIS, i-1] + H[DIIS, i+1]).
Prev_Energies: (   -148.19203615,    -148.19203615)
SCF Change: DM 1.88488e-11; eev 1.47482e-7 Ha; etot 3.80851e-12 Ha
Energy:    -148.1920361484 Ha after   93 iterations (in       0.74 seconds).
SCF Change: DM 2.10674e-11; eev 1.52611e-7 Ha; etot -3.24007e-12 Ha
Energy:    -148.1920361484 Ha after   94 iterations (in       0.74 seconds).
Energy increase is detected. Turn on the linear mixing algorithm with (H[DIIS, i-1] + H[DIIS, i+1]).
Prev_Energies: (   -148.19203615,    -148.19203615)
SCF Change: DM 1.66107e-11; eev 1.20042e-7 Ha; etot 3.09797e-12 Ha
Energy:    -148.1920361484 Ha after   95 iterations (in       0.79 seconds).
SCF Change: DM 1.84765e-11; eev 1.21941e-7 Ha; etot -2.30216e-12 Ha
Energy:    -148.1920361484 Ha after   96 iterations (in       0.76 seconds).
SCF Change: DM 7.10791e-13; eev 8.19303e-9 Ha; etot -1.44951e-12 Ha
Energy:    -148.1920361484 Ha after   97 iterations (in       0.76 seconds).
SCF is converged after   97 iterations.
==========================================
Now evaluate the    PT2 correlation energy
==========================================
----------------------------------------------------------------------
Methods         :       Total Corr,          OS Corr,          SS Corr
----------------------------------------------------------------------
PT2             :      -1.65271530,      -1.24538587,      -0.40732943
----------------------------------------------------------------------
Fifth-rung correlation energy :      -0.543486395534 Ha
E[XYGJOS]=:    -147.85557456 Ha, Ex[HF]:     -22.79230115 Ha, Ec[PT2  ]:      -1.65271530 Ha
Mulliken population analysis:
  0-C  :  -0.224261
  1-H  :   0.084088
  2-H  :   0.092065
  3-H  :   0.106031
  4-C  :  -0.275044
  5-H  :   0.114163
  6-C  :  -0.410081
  7-H  :   0.133180
  8-H  :   0.128767
  9-Br :   0.132808
 10-Br :   0.118283

====================================================
              REST: Mission accomplished
====================================================
The SCF energy        :    -148.1920361484 Ha
The (R)-xDH energy    :    -147.8555745568 Ha
Detailed time report:
Overall   |:   86.793 s for the whole job
SCF       |:   85.053 s for the scf procedure
PT2       |:    1.230 s for the PT2 evaluation
