=========================================================
Input parameters for the REST calculation
=========================================================
Calculation type: Single-point energy
The exchange-correlation method: xygjos
Print level:                1
The number of threads used for parallelism:      4
The spheric-GTO basis set is taken from /home/symei/def2-TZVPP-mixed
The pruning method is nwchem
The radial grid generation method is treutler
ERI Type: ri_v
Turn on the basis pair symmetry for RI 3D-tensors
The spheric-GTO auxiliary basis set is taken from /home/symei/def2-SV(P)-JKFIT
Spin polarization: Off
Charge:   0; Spin:   1
min_num_angular_points: 110
max_num_angular_points: 590
hardness: 3
Grid generation level: 3
Even tempered basis generation: false
SCF convergency thresholds: 1e-8 for density matrix
                            1e-8 Ha. for sum of eigenvalues
                            1e-8 Ha. for total energy
Max. SCF cycle number:      250
The diis mixing with (param, max_vec_len) = (0.2, 8) is employed for the SCF procedure
Turn on the diis mixing after 1 step(s) of SCF iteractions with the linear mixing
The specified checkfile exists but is not loaded because the keyword 'external_init_guess' is specified
It will be updated after the SCF procedure 
(none)
Initial guess is prepared by (sad).
It is a finite cluster calculation
the scf functional for 'xygjos' contains
The density functional 'B3LYP' belongs to the 'Hybrid GGA' family and is defined in the reference(s):
(0): P. J. Stephens, F. J. Devlin, C. F. Chabalowski, and M. J. Frisch.,  J. Phys. Chem. 98, 11623 (1994)
the post-scf functional 'xygjos' is employed, which contains
The density functional 'Slater exchange' belongs to the 'LDA' family and is defined in the reference(s):
(0): P. A. M. Dirac.,  Math. Proc. Cambridge Philos. Soc. 26, 376 (1930)
(1): F. Bloch.,  Z. Phys. 57, 545 (1929)
The density functional 'Becke 88' belongs to the 'GGA' family and is defined in the reference(s):
(0): A. D. Becke.,  Phys. Rev. A 38, 3098 (1988)
The density functional 'Vosko, Wilk & Nusair (VWN5_RPA)' belongs to the 'LDA' family and is defined in the reference(s):
(0): S. H. Vosko, L. Wilk, and M. Nusair.,  Can. J. Phys. 58, 1200 (1980)
The density functional 'Lee, Yang & Parr' belongs to the 'GGA' family and is defined in the reference(s):
(0): C. Lee, W. Yang, and R. G. Parr.,  Phys. Rev. B 37, 785 (1988)
(1): B. Miehlich, A. Savin, H. Stoll, and H. Preuss.,  Chem. Phys. Lett. 157, 200 (1989)
<start_mo> for the frozen-core post-SCF methods 37 is smaller than the number of ecp orbitals 56. Set <start_mo> = 0
Libxc version used in REST: 7.0.0
nbas: 75, natm: 5 for standard basis sets
First valence state for the frozen-core algorithm:     0
final nbas: 340,final natm: 10
numbasis: 223, num_auxbas: 1139
Molecule_name: cbr4
Restricted Hartree-Fock (or Kohn-Sham) algorithm is invoked.
Nuc_energy:      94.14653564 Hartree
No ghost effective potential
No ghost point charges
Overlap matrix is nonsigular:
  Lowest eigenvalue:       0.00320099 with the total number of basis functions:    223
Grid size: 97518
Generate SAD of C
Generate SAD of Br
Initial guess HF energy:     -98.7425858343388683
The total energy:       -98.4300673179 Ha by the initial guess
Energy:     -97.7907960574 Ha after    1 iterations (in       0.54 seconds).
SCF Change: DM 1.19822e-2; eev  6.51462e1 Ha; etot  4.58547e0 Ha
Energy:     -93.2053272273 Ha after    2 iterations (in       0.51 seconds).
SCF Change: DM 1.79812e-3; eev  1.49019e2 Ha; etot -5.30061e0 Ha
Energy:     -98.5059361508 Ha after    3 iterations (in       0.48 seconds).
SCF Change: DM 8.74165e-4; eev  3.93626e1 Ha; etot 1.49370e-2 Ha
Energy:     -98.4909991466 Ha after    4 iterations (in       0.46 seconds).
SCF Change: DM 5.30128e-4; eev  1.13201e1 Ha; etot -3.41067e-2 Ha
Energy:     -98.5251058704 Ha after    5 iterations (in       0.45 seconds).
SCF Change: DM 2.36953e-4; eev  1.32184e2 Ha; etot -2.73350e-3 Ha
Energy:     -98.5278393665 Ha after    6 iterations (in       0.45 seconds).
SCF Change: DM 1.39240e-4; eev  3.43929e2 Ha; etot -5.00700e-4 Ha
Energy:     -98.5283400662 Ha after    7 iterations (in       0.53 seconds).
SCF Change: DM 1.16892e-4; eev  2.85236e2 Ha; etot -1.48689e-4 Ha
Energy:     -98.5284887549 Ha after    8 iterations (in       0.53 seconds).
SCF Change: DM 9.55267e-5; eev  1.07681e2 Ha; etot -9.64002e-5 Ha
Energy:     -98.5285851551 Ha after    9 iterations (in       0.51 seconds).
SCF Change: DM 3.63704e-5; eev  9.85719e1 Ha; etot -5.70471e-5 Ha
Energy:     -98.5286422022 Ha after   10 iterations (in       0.52 seconds).
SCF Change: DM 5.07171e-5; eev  6.34489e1 Ha; etot -1.57398e-5 Ha
Energy:     -98.5286579420 Ha after   11 iterations (in       0.51 seconds).
SCF Change: DM 9.92181e-5; eev  3.44153e1 Ha; etot -1.96205e-5 Ha
Energy:     -98.5286775625 Ha after   12 iterations (in       0.47 seconds).
SCF Change: DM 1.63309e-5; eev  2.69659e0 Ha; etot -2.70728e-5 Ha
Energy:     -98.5287046353 Ha after   13 iterations (in       0.50 seconds).
SCF Change: DM 1.01815e-4; eev  1.28202e0 Ha; etot -2.89024e-6 Ha
Energy:     -98.5287075256 Ha after   14 iterations (in       0.52 seconds).
SCF Change: DM 2.20511e-5; eev  1.13844e0 Ha; etot -1.10500e-5 Ha
Energy:     -98.5287185756 Ha after   15 iterations (in       0.54 seconds).
SCF Change: DM 6.74517e-6; eev 7.03291e-1 Ha; etot -4.75673e-7 Ha
Energy:     -98.5287190512 Ha after   16 iterations (in       0.54 seconds).
SCF Change: DM 4.53026e-6; eev 1.32018e-1 Ha; etot -8.49609e-8 Ha
Energy:     -98.5287191362 Ha after   17 iterations (in       0.52 seconds).
SCF Change: DM 3.17633e-6; eev 9.91180e-2 Ha; etot -6.35586e-8 Ha
Energy:     -98.5287191998 Ha after   18 iterations (in       0.53 seconds).
SCF Change: DM 3.74228e-6; eev 1.06144e-1 Ha; etot -5.93300e-8 Ha
Energy:     -98.5287192591 Ha after   19 iterations (in       0.54 seconds).
SCF Change: DM 3.51117e-6; eev 3.75656e-2 Ha; etot -6.05657e-8 Ha
Energy:     -98.5287193197 Ha after   20 iterations (in       0.51 seconds).
SCF Change: DM 3.74264e-6; eev 4.82909e-2 Ha; etot -5.16061e-8 Ha
Energy:     -98.5287193713 Ha after   21 iterations (in       0.52 seconds).
SCF Change: DM 3.66601e-6; eev 4.90343e-2 Ha; etot -4.39900e-8 Ha
Energy:     -98.5287194153 Ha after   22 iterations (in       0.53 seconds).
SCF Change: DM 3.96749e-6; eev 6.60910e-2 Ha; etot -3.00872e-8 Ha
Energy:     -98.5287194453 Ha after   23 iterations (in       0.54 seconds).
SCF Change: DM 1.17373e-6; eev 3.12581e-2 Ha; etot -2.39656e-8 Ha
Energy:     -98.5287194693 Ha after   24 iterations (in       0.53 seconds).
SCF Change: DM 1.93907e-6; eev 2.03728e-2 Ha; etot -4.77377e-9 Ha
Energy:     -98.5287194741 Ha after   25 iterations (in       0.52 seconds).
SCF Change: DM 6.62482e-7; eev 1.28143e-2 Ha; etot -5.33142e-9 Ha
Energy:     -98.5287194794 Ha after   26 iterations (in       0.48 seconds).
SCF Change: DM 4.26691e-7; eev 1.13748e-2 Ha; etot -1.32557e-9 Ha
Energy:     -98.5287194807 Ha after   27 iterations (in       0.54 seconds).
SCF Change: DM 3.84985e-7; eev 3.06426e-3 Ha; etot -7.39703e-10 Ha
Energy:     -98.5287194815 Ha after   28 iterations (in       0.48 seconds).
SCF Change: DM 3.61448e-7; eev 7.68461e-3 Ha; etot -5.69798e-10 Ha
Energy:     -98.5287194820 Ha after   29 iterations (in       0.49 seconds).
SCF Change: DM 2.83623e-7; eev 3.81167e-3 Ha; etot -3.75096e-10 Ha
Energy:     -98.5287194824 Ha after   30 iterations (in       0.50 seconds).
SCF Change: DM 2.18716e-7; eev 3.16141e-3 Ha; etot -2.50722e-10 Ha
Energy:     -98.5287194827 Ha after   31 iterations (in       0.56 seconds).
SCF Change: DM 1.44989e-7; eev 2.39595e-3 Ha; etot -1.25340e-10 Ha
Energy:     -98.5287194828 Ha after   32 iterations (in       0.53 seconds).
SCF Change: DM 1.51251e-7; eev 4.93995e-3 Ha; etot -7.20775e-11 Ha
Energy:     -98.5287194829 Ha after   33 iterations (in       0.51 seconds).
SCF Change: DM 7.77225e-8; eev 2.99966e-3 Ha; etot -5.36886e-11 Ha
Energy:     -98.5287194829 Ha after   34 iterations (in       0.53 seconds).
SCF Change: DM 8.48406e-8; eev 1.46702e-3 Ha; etot -3.06244e-11 Ha
Energy:     -98.5287194830 Ha after   35 iterations (in       0.55 seconds).
SCF Change: DM 4.38420e-8; eev 9.39467e-4 Ha; etot -2.58353e-11 Ha
Energy:     -98.5287194830 Ha after   36 iterations (in       0.50 seconds).
SCF Change: DM 7.47071e-8; eev 1.94729e-3 Ha; etot -9.93339e-12 Ha
Energy:     -98.5287194830 Ha after   37 iterations (in       0.53 seconds).
SCF Change: DM 5.26406e-8; eev 3.00028e-4 Ha; etot -1.17950e-11 Ha
Energy:     -98.5287194830 Ha after   38 iterations (in       0.49 seconds).
SCF Change: DM 2.37334e-8; eev 2.08643e-4 Ha; etot -7.47491e-12 Ha
Energy:     -98.5287194830 Ha after   39 iterations (in       0.52 seconds).
SCF Change: DM 2.13724e-8; eev 1.05685e-4 Ha; etot -1.30740e-12 Ha
Energy:     -98.5287194830 Ha after   40 iterations (in       0.53 seconds).
SCF Change: DM 1.25758e-8; eev 9.71046e-5 Ha; etot -5.40012e-12 Ha
Energy:     -98.5287194830 Ha after   41 iterations (in       0.52 seconds).
SCF Change: DM 2.19245e-8; eev 3.03839e-4 Ha; etot -4.54747e-13 Ha
Energy:     -98.5287194830 Ha after   42 iterations (in       0.52 seconds).
SCF Change: DM 5.34241e-8; eev 5.12603e-4 Ha; etot -1.13687e-13 Ha
Energy:     -98.5287194830 Ha after   43 iterations (in       0.51 seconds).
SCF Change: DM 2.45812e-8; eev 2.61576e-4 Ha; etot -4.94538e-12 Ha
Energy:     -98.5287194830 Ha after   44 iterations (in       0.52 seconds).
SCF Change: DM 6.42655e-9; eev 1.38140e-4 Ha; etot -2.84217e-14 Ha
Energy:     -98.5287194830 Ha after   45 iterations (in       0.48 seconds).
SCF Change: DM 6.43648e-9; eev 7.15701e-5 Ha; etot  0.00000e0 Ha
Energy:     -98.5287194830 Ha after   46 iterations (in       0.47 seconds).
SCF Change: DM 3.42738e-9; eev 4.60880e-5 Ha; etot -1.43530e-12 Ha
Energy:     -98.5287194830 Ha after   47 iterations (in       0.49 seconds).
SCF Change: DM 6.83776e-9; eev 6.58460e-5 Ha; etot -1.00897e-12 Ha
Energy:     -98.5287194830 Ha after   48 iterations (in       0.50 seconds).
Energy increase is detected. Turn on the linear mixing algorithm with (H[DIIS, i-1] + H[DIIS, i+1]).
Prev_Energies: (    -98.52871948,     -98.52871948)
SCF Change: DM 4.52495e-9; eev 3.79415e-5 Ha; etot 3.48166e-12 Ha
Energy:     -98.5287194830 Ha after   49 iterations (in       0.52 seconds).
SCF Change: DM 1.18817e-8; eev 1.61799e-4 Ha; etot -2.62901e-12 Ha
Energy:     -98.5287194830 Ha after   50 iterations (in       0.49 seconds).
Energy increase is detected. Turn on the linear mixing algorithm with (H[DIIS, i-1] + H[DIIS, i+1]).
Prev_Energies: (    -98.52871948,     -98.52871948)
SCF Change: DM 9.15510e-9; eev 1.21339e-4 Ha; etot 5.40012e-13 Ha
Energy:     -98.5287194830 Ha after   51 iterations (in       0.44 seconds).
Energy increase is detected. Turn on the linear mixing algorithm with (H[DIIS, i-1] + H[DIIS, i+1]).
Prev_Energies: (    -98.52871948,     -98.52871948)
SCF Change: DM 9.57366e-9; eev 1.31851e-4 Ha; etot 1.50635e-12 Ha
Energy:     -98.5287194830 Ha after   52 iterations (in       0.43 seconds).
SCF Change: DM 2.88870e-9; eev 6.46482e-5 Ha; etot -1.74794e-12 Ha
Energy:     -98.5287194830 Ha after   53 iterations (in       0.45 seconds).
Energy increase is detected. Turn on the linear mixing algorithm with (H[DIIS, i-1] + H[DIIS, i+1]).
Prev_Energies: (    -98.52871948,     -98.52871948)
SCF Change: DM 2.22834e-9; eev 4.93068e-5 Ha; etot 1.57740e-12 Ha
Energy:     -98.5287194830 Ha after   54 iterations (in       0.51 seconds).
SCF Change: DM 3.03036e-9; eev 6.36277e-5 Ha; etot -1.60583e-12 Ha
Energy:     -98.5287194830 Ha after   55 iterations (in       0.48 seconds).
SCF Change: DM 9.15467e-10; eev 5.40361e-6 Ha; etot -4.97380e-13 Ha
Energy:     -98.5287194830 Ha after   56 iterations (in       0.53 seconds).
Energy increase is detected. Turn on the linear mixing algorithm with (H[DIIS, i-1] + H[DIIS, i+1]).
Prev_Energies: (    -98.52871948,     -98.52871948)
SCF Change: DM 4.61006e-10; eev 5.52371e-6 Ha; etot 2.97007e-12 Ha
Energy:     -98.5287194830 Ha after   57 iterations (in       0.53 seconds).
SCF Change: DM 2.22484e-9; eev 5.92567e-6 Ha; etot -1.57740e-12 Ha
Energy:     -98.5287194830 Ha after   58 iterations (in       0.49 seconds).
SCF Change: DM 2.34242e-10; eev 4.22552e-6 Ha; etot -4.40536e-12 Ha
Energy:     -98.5287194830 Ha after   59 iterations (in       0.46 seconds).
Energy increase is detected. Turn on the linear mixing algorithm with (H[DIIS, i-1] + H[DIIS, i+1]).
Prev_Energies: (    -98.52871948,     -98.52871948)
SCF Change: DM 1.83920e-10; eev 3.55793e-6 Ha; etot 4.43379e-12 Ha
Energy:     -98.5287194830 Ha after   60 iterations (in       0.52 seconds).
SCF Change: DM 3.28227e-10; eev 3.77175e-6 Ha; etot -9.37916e-13 Ha
Energy:     -98.5287194830 Ha after   61 iterations (in       0.48 seconds).
Energy increase is detected. Turn on the linear mixing algorithm with (H[DIIS, i-1] + H[DIIS, i+1]).
Prev_Energies: (    -98.52871948,     -98.52871948)
SCF Change: DM 2.55316e-10; eev 2.97322e-6 Ha; etot 1.12266e-12 Ha
Energy:     -98.5287194830 Ha after   62 iterations (in       0.47 seconds).
SCF Change: DM 3.32450e-10; eev 3.79672e-6 Ha; etot -2.23110e-12 Ha
Energy:     -98.5287194830 Ha after   63 iterations (in       0.49 seconds).
Energy increase is detected. Turn on the linear mixing algorithm with (H[DIIS, i-1] + H[DIIS, i+1]).
Prev_Energies: (    -98.52871948,     -98.52871948)
SCF Change: DM 2.62279e-10; eev 2.99974e-6 Ha; etot 1.29319e-12 Ha
Energy:     -98.5287194830 Ha after   64 iterations (in       0.49 seconds).
SCF Change: DM 3.02183e-10; eev 3.73319e-6 Ha; etot -8.66862e-13 Ha
Energy:     -98.5287194830 Ha after   65 iterations (in       0.45 seconds).
Energy increase is detected. Turn on the linear mixing algorithm with (H[DIIS, i-1] + H[DIIS, i+1]).
Prev_Energies: (    -98.52871948,     -98.52871948)
SCF Change: DM 2.36736e-10; eev 2.86238e-6 Ha; etot 1.50635e-12 Ha
Energy:     -98.5287194830 Ha after   66 iterations (in       0.47 seconds).
SCF Change: DM 2.73671e-10; eev 3.58893e-6 Ha; etot -2.55795e-12 Ha
Energy:     -98.5287194830 Ha after   67 iterations (in       0.48 seconds).
Energy increase is detected. Turn on the linear mixing algorithm with (H[DIIS, i-1] + H[DIIS, i+1]).
Prev_Energies: (    -98.52871948,     -98.52871948)
SCF Change: DM 2.17625e-10; eev 2.86064e-6 Ha; etot 2.58638e-12 Ha
Energy:     -98.5287194830 Ha after   68 iterations (in       0.52 seconds).
SCF Change: DM 2.31683e-10; eev 2.96729e-6 Ha; etot -1.79057e-12 Ha
Energy:     -98.5287194830 Ha after   69 iterations (in       0.50 seconds).
Energy increase is detected. Turn on the linear mixing algorithm with (H[DIIS, i-1] + H[DIIS, i+1]).
Prev_Energies: (    -98.52871948,     -98.52871948)
SCF Change: DM 1.80039e-10; eev 2.37836e-6 Ha; etot 1.32161e-12 Ha
Energy:     -98.5287194830 Ha after   70 iterations (in       0.44 seconds).
Energy increase is detected. Turn on the linear mixing algorithm with (H[DIIS, i-1] + H[DIIS, i+1]).
Prev_Energies: (    -98.52871948,     -98.52871948)
SCF Change: DM 1.86902e-10; eev 2.38055e-6 Ha; etot 3.55271e-13 Ha
Energy:     -98.5287194830 Ha after   71 iterations (in       0.46 seconds).
SCF Change: DM 5.86986e-11; eev 2.93575e-7 Ha; etot -2.28795e-12 Ha
Energy:     -98.5287194830 Ha after   72 iterations (in       0.44 seconds).
Energy increase is detected. Turn on the linear mixing algorithm with (H[DIIS, i-1] + H[DIIS, i+1]).
Prev_Energies: (    -98.52871948,     -98.52871948)
SCF Change: DM 4.41138e-11; eev 2.38900e-7 Ha; etot 2.21689e-12 Ha
Energy:     -98.5287194830 Ha after   73 iterations (in       0.47 seconds).
SCF Change: DM 6.06117e-11; eev 2.46197e-7 Ha; etot -5.25802e-13 Ha
Energy:     -98.5287194830 Ha after   74 iterations (in       0.42 seconds).
SCF Change: DM 4.41752e-12; eev 4.46502e-8 Ha; etot -1.33582e-12 Ha
Energy:     -98.5287194830 Ha after   75 iterations (in       0.48 seconds).
Energy increase is detected. Turn on the linear mixing algorithm with (H[DIIS, i-1] + H[DIIS, i+1]).
Prev_Energies: (    -98.52871948,     -98.52871948)
SCF Change: DM 3.68945e-12; eev 3.31599e-8 Ha; etot 4.26326e-13 Ha
Energy:     -98.5287194830 Ha after   76 iterations (in       0.50 seconds).
SCF Change: DM 8.28839e-12; eev 5.59006e-8 Ha; etot -1.33582e-12 Ha
Energy:     -98.5287194830 Ha after   77 iterations (in       0.48 seconds).
Energy increase is detected. Turn on the linear mixing algorithm with (H[DIIS, i-1] + H[DIIS, i+1]).
Prev_Energies: (    -98.52871948,     -98.52871948)
SCF Change: DM 6.19441e-12; eev 4.36853e-8 Ha; etot 5.40012e-13 Ha
Energy:     -98.5287194830 Ha after   78 iterations (in       0.46 seconds).
Energy increase is detected. Turn on the linear mixing algorithm with (H[DIIS, i-1] + H[DIIS, i+1]).
Prev_Energies: (    -98.52871948,     -98.52871948)
SCF Change: DM 7.09774e-12; eev 4.44795e-8 Ha; etot 2.61480e-12 Ha
Energy:     -98.5287194830 Ha after   79 iterations (in       0.50 seconds).
SCF Change: DM 8.37039e-12; eev 2.64626e-8 Ha; etot -1.25056e-12 Ha
Energy:     -98.5287194830 Ha after   80 iterations (in       0.47 seconds).
SCF Change: DM 9.85858e-13; eev 8.69215e-9 Ha; etot -2.41585e-13 Ha
Energy:     -98.5287194830 Ha after   81 iterations (in       0.47 seconds).
SCF is converged after   81 iterations.
==========================================
Now evaluate the    PT2 correlation energy
==========================================
----------------------------------------------------------------------
Methods         :       Total Corr,          OS Corr,          SS Corr
----------------------------------------------------------------------
PT2             :      -1.99861437,      -1.45658405,      -0.54203032
----------------------------------------------------------------------
Fifth-rung correlation energy :      -0.635653278697 Ha
E[XYGJOS]=:     -98.39948540 Ha, Ex[HF]:     -15.30514488 Ha, Ec[PT2  ]:      -1.99861437 Ha
Mulliken population analysis:
  0-C  :  -1.023886
  1-Br :   0.255706
  2-Br :   0.256265
  3-Br :   0.256259
  4-Br :   0.255657

====================================================
              REST: Mission accomplished
====================================================
The SCF energy        :     -98.5287194830 Ha
The (R)-xDH energy    :     -98.3994854008 Ha
Detailed time report:
SCF       |:   47.121 s for the scf procedure
PT2       |:    0.879 s for the PT2 evaluation
Overall   |:   48.495 s for the whole job
