=========================================================
Input parameters for the REST calculation
=========================================================
Calculation type: Single-point energy
The exchange-correlation method: xygjos
Print level:                1
The number of threads used for parallelism:      4
The spheric-GTO basis set is taken from /home/symei/def2-TZVPP-mixed
The pruning method is nwchem
The radial grid generation method is treutler
ERI Type: ri_v
Turn on the basis pair symmetry for RI 3D-tensors
The spheric-GTO auxiliary basis set is taken from /home/symei/def2-SV(P)-JKFIT
Spin polarization: Off
Charge:   0; Spin:   1
min_num_angular_points: 110
max_num_angular_points: 590
hardness: 3
Grid generation level: 3
Even tempered basis generation: false
SCF convergency thresholds: 1e-8 for density matrix
                            1e-8 Ha. for sum of eigenvalues
                            1e-8 Ha. for total energy
Max. SCF cycle number:      250
The diis mixing with (param, max_vec_len) = (0.2, 8) is employed for the SCF procedure
Turn on the diis mixing after 1 step(s) of SCF iteractions with the linear mixing
The specified checkfile exists but is not loaded because the keyword 'external_init_guess' is specified
It will be updated after the SCF procedure 
(none)
Initial guess is prepared by (sad).
It is a finite cluster calculation
the scf functional for 'xygjos' contains
The density functional 'B3LYP' belongs to the 'Hybrid GGA' family and is defined in the reference(s):
(0): P. J. Stephens, F. J. Devlin, C. F. Chabalowski, and M. J. Frisch.,  J. Phys. Chem. 98, 11623 (1994)
the post-scf functional 'xygjos' is employed, which contains
The density functional 'Slater exchange' belongs to the 'LDA' family and is defined in the reference(s):
(0): P. A. M. Dirac.,  Math. Proc. Cambridge Philos. Soc. 26, 376 (1930)
(1): F. Bloch.,  Z. Phys. 57, 545 (1929)
The density functional 'Becke 88' belongs to the 'GGA' family and is defined in the reference(s):
(0): A. D. Becke.,  Phys. Rev. A 38, 3098 (1988)
The density functional 'Vosko, Wilk & Nusair (VWN5_RPA)' belongs to the 'LDA' family and is defined in the reference(s):
(0): S. H. Vosko, L. Wilk, and M. Nusair.,  Can. J. Phys. 58, 1200 (1980)
The density functional 'Lee, Yang & Parr' belongs to the 'GGA' family and is defined in the reference(s):
(0): C. Lee, W. Yang, and R. G. Parr.,  Phys. Rev. B 37, 785 (1988)
(1): B. Miehlich, A. Savin, H. Stoll, and H. Preuss.,  Chem. Phys. Lett. 157, 200 (1989)
<start_mo> for the frozen-core post-SCF methods 20 is smaller than the number of ecp orbitals 28. Set <start_mo> = 0
Libxc version used in REST: 7.0.0
nbas: 78, natm: 8 for standard basis sets
First valence state for the frozen-core algorithm:     0
final nbas: 272,final natm: 16
numbasis: 214, num_auxbas: 754
Molecule_name: cbrcbr
Restricted Hartree-Fock (or Kohn-Sham) algorithm is invoked.
Nuc_energy:      85.99082700 Hartree
No ghost effective potential
No ghost point charges
Overlap matrix is nonsigular:
  Lowest eigenvalue:       0.00035717 with the total number of basis functions:    214
Grid size: 109708
Generate SAD of C
Generate SAD of H
Generate SAD of Br
Initial guess HF energy:    -109.1406858025890756
The total energy:      -108.5676601504 Ha by the initial guess
Energy:    -106.5322703616 Ha after    1 iterations (in       0.41 seconds).
SCF Change: DM 3.27014e-2; eev  3.06982e1 Ha; etot  1.73386e1 Ha
Energy:     -89.1936251968 Ha after    2 iterations (in       0.43 seconds).
SCF Change: DM 7.70444e-3; eev  4.21754e1 Ha; etot -1.90945e1 Ha
Energy:    -108.2881467704 Ha after    3 iterations (in       0.42 seconds).
SCF Change: DM 4.86588e-3; eev  3.50955e1 Ha; etot -2.23591e-1 Ha
Energy:    -108.5117379086 Ha after    4 iterations (in       0.45 seconds).
SCF Change: DM 6.90781e-4; eev  1.68211e1 Ha; etot -3.43507e-1 Ha
Energy:    -108.8552452533 Ha after    5 iterations (in       0.40 seconds).
SCF Change: DM 5.51238e-4; eev  1.67912e2 Ha; etot -4.93050e-3 Ha
Energy:    -108.8601757529 Ha after    6 iterations (in       0.44 seconds).
SCF Change: DM 2.76277e-4; eev  5.13587e1 Ha; etot -3.32469e-3 Ha
Energy:    -108.8635004478 Ha after    7 iterations (in       0.48 seconds).
SCF Change: DM 1.64437e-4; eev  1.39560e2 Ha; etot -3.98011e-4 Ha
Energy:    -108.8638984589 Ha after    8 iterations (in       0.46 seconds).
SCF Change: DM 9.98090e-5; eev  1.14442e2 Ha; etot -2.01925e-4 Ha
Energy:    -108.8641003844 Ha after    9 iterations (in       0.44 seconds).
SCF Change: DM 6.75219e-5; eev  1.52953e1 Ha; etot -6.69885e-5 Ha
Energy:    -108.8641673728 Ha after   10 iterations (in       0.41 seconds).
SCF Change: DM 7.33490e-5; eev  1.89042e1 Ha; etot -3.21351e-5 Ha
Energy:    -108.8641995079 Ha after   11 iterations (in       0.40 seconds).
SCF Change: DM 5.94360e-5; eev  4.19395e0 Ha; etot -2.16846e-5 Ha
Energy:    -108.8642211925 Ha after   12 iterations (in       0.45 seconds).
SCF Change: DM 1.43077e-5; eev  2.48169e0 Ha; etot -1.08245e-5 Ha
Energy:    -108.8642320170 Ha after   13 iterations (in       0.45 seconds).
SCF Change: DM 5.52946e-5; eev  1.25332e0 Ha; etot -2.21625e-6 Ha
Energy:    -108.8642342333 Ha after   14 iterations (in       0.39 seconds).
SCF Change: DM 6.32601e-5; eev  1.32544e0 Ha; etot -6.82623e-6 Ha
Energy:    -108.8642410595 Ha after   15 iterations (in       0.43 seconds).
SCF Change: DM 2.82770e-5; eev 4.52092e-2 Ha; etot -5.25926e-6 Ha
Energy:    -108.8642463188 Ha after   16 iterations (in       0.42 seconds).
SCF Change: DM 3.00147e-5; eev 1.15695e-1 Ha; etot -1.81588e-6 Ha
Energy:    -108.8642481346 Ha after   17 iterations (in       0.44 seconds).
SCF Change: DM 5.91958e-5; eev 6.05602e-1 Ha; etot -1.53582e-6 Ha
Energy:    -108.8642496704 Ha after   18 iterations (in       0.41 seconds).
SCF Change: DM 1.55407e-5; eev 1.14176e-2 Ha; etot -1.76195e-6 Ha
Energy:    -108.8642514324 Ha after   19 iterations (in       0.42 seconds).
SCF Change: DM 2.32559e-5; eev 7.41909e-2 Ha; etot -2.96451e-7 Ha
Energy:    -108.8642517289 Ha after   20 iterations (in       0.45 seconds).
SCF Change: DM 3.18797e-6; eev 1.15417e-2 Ha; etot -2.11128e-7 Ha
Energy:    -108.8642519400 Ha after   21 iterations (in       0.39 seconds).
SCF Change: DM 5.33301e-6; eev 1.01463e-2 Ha; etot -1.83191e-8 Ha
Energy:    -108.8642519583 Ha after   22 iterations (in       0.44 seconds).
SCF Change: DM 1.70235e-6; eev 8.03813e-3 Ha; etot -1.72155e-8 Ha
Energy:    -108.8642519755 Ha after   23 iterations (in       0.42 seconds).
SCF Change: DM 4.42470e-6; eev 3.93825e-2 Ha; etot -5.21955e-9 Ha
Energy:    -108.8642519807 Ha after   24 iterations (in       0.41 seconds).
SCF Change: DM 1.07867e-6; eev 3.31611e-3 Ha; etot -6.49369e-9 Ha
Energy:    -108.8642519872 Ha after   25 iterations (in       0.42 seconds).
SCF Change: DM 9.56703e-7; eev 8.16613e-3 Ha; etot -9.43032e-11 Ha
Energy:    -108.8642519873 Ha after   26 iterations (in       0.41 seconds).
Energy increase is detected. Turn on the linear mixing algorithm with (H[DIIS, i-1] + H[DIIS, i+1]).
Prev_Energies: (   -108.86425199,    -108.86425199)
SCF Change: DM 7.61903e-7; eev 5.61324e-3 Ha; etot 4.12967e-11 Ha
Energy:    -108.8642519873 Ha after   27 iterations (in       0.40 seconds).
SCF Change: DM 9.31133e-7; eev 1.71950e-2 Ha; etot -8.19398e-11 Ha
Energy:    -108.8642519874 Ha after   28 iterations (in       0.37 seconds).
SCF Change: DM 5.90617e-7; eev 4.40848e-3 Ha; etot -3.98614e-11 Ha
Energy:    -108.8642519874 Ha after   29 iterations (in       0.43 seconds).
SCF Change: DM 1.06595e-7; eev 2.75053e-4 Ha; etot -2.64237e-10 Ha
Energy:    -108.8642519877 Ha after   30 iterations (in       0.42 seconds).
SCF Change: DM 6.79956e-7; eev 4.65997e-3 Ha; etot -3.74598e-11 Ha
Energy:    -108.8642519877 Ha after   31 iterations (in       0.43 seconds).
SCF Change: DM 1.53546e-7; eev 1.04731e-3 Ha; etot -1.38044e-10 Ha
Energy:    -108.8642519878 Ha after   32 iterations (in       0.44 seconds).
SCF Change: DM 1.26552e-7; eev 1.58990e-3 Ha; etot -7.48912e-12 Ha
Energy:    -108.8642519879 Ha after   33 iterations (in       0.44 seconds).
SCF Change: DM 1.93695e-8; eev 4.21896e-4 Ha; etot -7.41807e-12 Ha
Energy:    -108.8642519879 Ha after   34 iterations (in       0.43 seconds).
Energy increase is detected. Turn on the linear mixing algorithm with (H[DIIS, i-1] + H[DIIS, i+1]).
Prev_Energies: (   -108.86425199,    -108.86425199)
SCF Change: DM 1.72716e-8; eev 3.34302e-4 Ha; etot 1.42109e-13 Ha
Energy:    -108.8642519879 Ha after   35 iterations (in       0.40 seconds).
Energy increase is detected. Turn on the linear mixing algorithm with (H[DIIS, i-1] + H[DIIS, i+1]).
Prev_Energies: (   -108.86425199,    -108.86425199)
SCF Change: DM 1.40256e-8; eev 3.65195e-4 Ha; etot 4.12115e-13 Ha
Energy:    -108.8642519879 Ha after   36 iterations (in       0.41 seconds).
SCF Change: DM 1.15688e-8; eev 1.02695e-4 Ha; etot -1.84741e-13 Ha
Energy:    -108.8642519879 Ha after   37 iterations (in       0.39 seconds).
SCF Change: DM 5.50342e-9; eev 4.33609e-5 Ha; etot -2.55795e-13 Ha
Energy:    -108.8642519879 Ha after   38 iterations (in       0.41 seconds).
Energy increase is detected. Turn on the linear mixing algorithm with (H[DIIS, i-1] + H[DIIS, i+1]).
Prev_Energies: (   -108.86425199,    -108.86425199)
SCF Change: DM 3.79815e-9; eev 3.88405e-5 Ha; etot 8.81073e-13 Ha
Energy:    -108.8642519879 Ha after   39 iterations (in       0.39 seconds).
SCF Change: DM 7.50495e-9; eev 2.29380e-5 Ha; etot -1.42109e-12 Ha
Energy:    -108.8642519879 Ha after   40 iterations (in       0.40 seconds).
Energy increase is detected. Turn on the linear mixing algorithm with (H[DIIS, i-1] + H[DIIS, i+1]).
Prev_Energies: (   -108.86425199,    -108.86425199)
SCF Change: DM 5.75964e-9; eev 2.04811e-5 Ha; etot 1.30740e-12 Ha
Energy:    -108.8642519879 Ha after   41 iterations (in       0.45 seconds).
Energy increase is detected. Turn on the linear mixing algorithm with (H[DIIS, i-1] + H[DIIS, i+1]).
Prev_Energies: (   -108.86425199,    -108.86425199)
SCF Change: DM 6.16246e-9; eev 1.80332e-5 Ha; etot 1.13687e-13 Ha
Energy:    -108.8642519879 Ha after   42 iterations (in       0.43 seconds).
SCF Change: DM 1.93131e-9; eev 1.31116e-5 Ha; etot -1.98952e-12 Ha
Energy:    -108.8642519879 Ha after   43 iterations (in       0.43 seconds).
Energy increase is detected. Turn on the linear mixing algorithm with (H[DIIS, i-1] + H[DIIS, i+1]).
Prev_Energies: (   -108.86425199,    -108.86425199)
SCF Change: DM 1.52487e-9; eev 1.03374e-5 Ha; etot 7.38964e-13 Ha
Energy:    -108.8642519879 Ha after   44 iterations (in       0.43 seconds).
SCF Change: DM 1.80480e-9; eev 1.05837e-5 Ha; etot -4.86011e-12 Ha
Energy:    -108.8642519879 Ha after   45 iterations (in       0.43 seconds).
Energy increase is detected. Turn on the linear mixing algorithm with (H[DIIS, i-1] + H[DIIS, i+1]).
Prev_Energies: (   -108.86425199,    -108.86425199)
SCF Change: DM 1.41488e-9; eev 8.56121e-6 Ha; etot 6.30962e-12 Ha
Energy:    -108.8642519879 Ha after   46 iterations (in       0.41 seconds).
SCF Change: DM 1.63038e-9; eev 6.46903e-6 Ha; etot -2.77112e-12 Ha
Energy:    -108.8642519879 Ha after   47 iterations (in       0.40 seconds).
Energy increase is detected. Turn on the linear mixing algorithm with (H[DIIS, i-1] + H[DIIS, i+1]).
Prev_Energies: (   -108.86425199,    -108.86425199)
SCF Change: DM 1.28742e-9; eev 5.31878e-6 Ha; etot 7.53175e-13 Ha
Energy:    -108.8642519879 Ha after   48 iterations (in       0.44 seconds).
Energy increase is detected. Turn on the linear mixing algorithm with (H[DIIS, i-1] + H[DIIS, i+1]).
Prev_Energies: (   -108.86425199,    -108.86425199)
SCF Change: DM 1.31030e-9; eev 5.15509e-6 Ha; etot 1.63425e-12 Ha
Energy:    -108.8642519879 Ha after   49 iterations (in       0.42 seconds).
SCF Change: DM 9.32405e-11; eev 7.23071e-7 Ha; etot -2.70006e-13 Ha
Energy:    -108.8642519879 Ha after   50 iterations (in       0.41 seconds).
Energy increase is detected. Turn on the linear mixing algorithm with (H[DIIS, i-1] + H[DIIS, i+1]).
Prev_Energies: (   -108.86425199,    -108.86425199)
SCF Change: DM 7.43491e-11; eev 5.67495e-7 Ha; etot 1.57740e-12 Ha
Energy:    -108.8642519879 Ha after   51 iterations (in       0.46 seconds).
SCF Change: DM 7.58759e-11; eev 5.65177e-7 Ha; etot -4.26326e-12 Ha
Energy:    -108.8642519879 Ha after   52 iterations (in       0.44 seconds).
Energy increase is detected. Turn on the linear mixing algorithm with (H[DIIS, i-1] + H[DIIS, i+1]).
Prev_Energies: (   -108.86425199,    -108.86425199)
SCF Change: DM 6.09088e-11; eev 4.48976e-7 Ha; etot 2.98428e-12 Ha
Energy:    -108.8642519879 Ha after   53 iterations (in       0.44 seconds).
Energy increase is detected. Turn on the linear mixing algorithm with (H[DIIS, i-1] + H[DIIS, i+1]).
Prev_Energies: (   -108.86425199,    -108.86425199)
SCF Change: DM 6.05641e-11; eev 4.50793e-7 Ha; etot 4.26326e-14 Ha
Energy:    -108.8642519879 Ha after   54 iterations (in       0.45 seconds).
SCF Change: DM 1.51538e-12; eev 1.21302e-8 Ha; etot -7.10543e-14 Ha
Energy:    -108.8642519879 Ha after   55 iterations (in       0.41 seconds).
Energy increase is detected. Turn on the linear mixing algorithm with (H[DIIS, i-1] + H[DIIS, i+1]).
Prev_Energies: (   -108.86425199,    -108.86425199)
SCF Change: DM 1.20845e-12; eev 1.00271e-8 Ha; etot 8.38440e-13 Ha
Energy:    -108.8642519879 Ha after   56 iterations (in       0.42 seconds).
SCF Change: DM 1.25006e-12; eev 9.37082e-9 Ha; etot -1.05160e-12 Ha
Energy:    -108.8642519879 Ha after   57 iterations (in       0.42 seconds).
SCF is converged after   57 iterations.
==========================================
Now evaluate the    PT2 correlation energy
==========================================
----------------------------------------------------------------------
Methods         :       Total Corr,          OS Corr,          SS Corr
----------------------------------------------------------------------
PT2             :      -1.37790469,      -1.03423542,      -0.34366928
----------------------------------------------------------------------
Fifth-rung correlation energy :      -0.451340336260 Ha
E[XYGJOS]=:    -108.63388634 Ha, Ex[HF]:     -16.88571057 Ha, Ec[PT2  ]:      -1.37790469 Ha
Mulliken population analysis:
  0-C  :  -0.369891
  1-H  :   0.140424
  2-H  :   0.140424
  3-C  :  -0.369891
  4-H  :   0.140424
  5-H  :   0.140424
  6-Br :   0.089042
  7-Br :   0.089042

====================================================
              REST: Mission accomplished
====================================================
The SCF energy        :    -108.8642519879 Ha
The (R)-xDH energy    :    -108.6338863359 Ha
Detailed time report:
SCF       |:   29.844 s for the scf procedure
Overall   |:   30.987 s for the whole job
PT2       |:    0.652 s for the PT2 evaluation
