=========================================================
Input parameters for the REST calculation
=========================================================
Calculation type: Single-point energy
The exchange-correlation method: xygjos
Print level:                1
The number of threads used for parallelism:      4
The spheric-GTO basis set is taken from /home/symei/def2-TZVPP-mixed
The pruning method is nwchem
The radial grid generation method is treutler
ERI Type: ri_v
Turn on the basis pair symmetry for RI 3D-tensors
The spheric-GTO auxiliary basis set is taken from /home/symei/def2-SV(P)-JKFIT
Spin polarization: Off
Charge:   0; Spin:   1
min_num_angular_points: 110
max_num_angular_points: 590
hardness: 3
Grid generation level: 3
Even tempered basis generation: false
SCF convergency thresholds: 1e-8 for density matrix
                            1e-8 Ha. for sum of eigenvalues
                            1e-8 Ha. for total energy
Max. SCF cycle number:      250
The diis mixing with (param, max_vec_len) = (0.2, 8) is employed for the SCF procedure
Turn on the diis mixing after 1 step(s) of SCF iteractions with the linear mixing
The specified checkfile exists but is not loaded because the keyword 'external_init_guess' is specified
It will be updated after the SCF procedure 
(none)
Initial guess is prepared by (sad).
It is a finite cluster calculation
the scf functional for 'xygjos' contains
The density functional 'B3LYP' belongs to the 'Hybrid GGA' family and is defined in the reference(s):
(0): P. J. Stephens, F. J. Devlin, C. F. Chabalowski, and M. J. Frisch.,  J. Phys. Chem. 98, 11623 (1994)
the post-scf functional 'xygjos' is employed, which contains
The density functional 'Slater exchange' belongs to the 'LDA' family and is defined in the reference(s):
(0): P. A. M. Dirac.,  Math. Proc. Cambridge Philos. Soc. 26, 376 (1930)
(1): F. Bloch.,  Z. Phys. 57, 545 (1929)
The density functional 'Becke 88' belongs to the 'GGA' family and is defined in the reference(s):
(0): A. D. Becke.,  Phys. Rev. A 38, 3098 (1988)
The density functional 'Vosko, Wilk & Nusair (VWN5_RPA)' belongs to the 'LDA' family and is defined in the reference(s):
(0): S. H. Vosko, L. Wilk, and M. Nusair.,  Can. J. Phys. 58, 1200 (1980)
The density functional 'Lee, Yang & Parr' belongs to the 'GGA' family and is defined in the reference(s):
(0): C. Lee, W. Yang, and R. G. Parr.,  Phys. Rev. B 37, 785 (1988)
(1): B. Miehlich, A. Savin, H. Stoll, and H. Preuss.,  Chem. Phys. Lett. 157, 200 (1989)
<start_mo> for the frozen-core post-SCF methods 28 is smaller than the number of ecp orbitals 42. Set <start_mo> = 0
Libxc version used in REST: 7.0.0
nbas: 65, natm: 5 for standard basis sets
First valence state for the frozen-core algorithm:     0
final nbas: 276,final natm: 10
numbasis: 189, num_auxbas: 891
Molecule_name: chbr3
Restricted Hartree-Fock (or Kohn-Sham) algorithm is invoked.
Nuc_energy:      65.83498434 Hartree
No ghost effective potential
No ghost point charges
Overlap matrix is nonsigular:
  Lowest eigenvalue:       0.00057163 with the total number of basis functions:    189
Grid size: 86638
Generate SAD of C
Generate SAD of H
Generate SAD of Br
Initial guess HF energy:     -84.1720236231768979
The total energy:       -83.9034151296 Ha by the initial guess
Energy:     -83.1734291772 Ha after    1 iterations (in       0.38 seconds).
SCF Change: DM 1.26935e-2; eev  5.87714e1 Ha; etot  3.93341e0 Ha
Energy:     -79.2400173108 Ha after    2 iterations (in       0.35 seconds).
SCF Change: DM 2.23036e-3; eev  9.47608e1 Ha; etot -4.76819e0 Ha
Energy:     -84.0082033208 Ha after    3 iterations (in       0.34 seconds).
SCF Change: DM 7.11312e-4; eev  2.30270e1 Ha; etot -1.95307e-3 Ha
Energy:     -84.0101563881 Ha after    4 iterations (in       0.38 seconds).
SCF Change: DM 6.42764e-4; eev  1.45540e1 Ha; etot -1.62624e-2 Ha
Energy:     -84.0264187820 Ha after    5 iterations (in       0.34 seconds).
SCF Change: DM 2.28636e-4; eev  5.12046e1 Ha; etot -3.02573e-3 Ha
Energy:     -84.0294445087 Ha after    6 iterations (in       0.33 seconds).
SCF Change: DM 8.75940e-5; eev  2.10679e2 Ha; etot -3.43196e-4 Ha
Energy:     -84.0297877043 Ha after    7 iterations (in       0.36 seconds).
SCF Change: DM 7.83553e-5; eev  2.73778e2 Ha; etot -1.18676e-4 Ha
Energy:     -84.0299063804 Ha after    8 iterations (in       0.37 seconds).
SCF Change: DM 8.84698e-5; eev  1.91432e2 Ha; etot -5.04566e-5 Ha
Energy:     -84.0299568370 Ha after    9 iterations (in       0.35 seconds).
SCF Change: DM 4.06658e-5; eev  5.26285e1 Ha; etot -3.17758e-5 Ha
Energy:     -84.0299886129 Ha after   10 iterations (in       0.37 seconds).
SCF Change: DM 3.69916e-5; eev  3.10384e1 Ha; etot -1.07862e-5 Ha
Energy:     -84.0299993991 Ha after   11 iterations (in       0.37 seconds).
SCF Change: DM 7.51061e-5; eev  1.63370e1 Ha; etot -1.13241e-5 Ha
Energy:     -84.0300107232 Ha after   12 iterations (in       0.40 seconds).
SCF Change: DM 2.82101e-5; eev  2.19152e0 Ha; etot -1.62305e-5 Ha
Energy:     -84.0300269537 Ha after   13 iterations (in       0.36 seconds).
SCF Change: DM 1.19468e-4; eev  1.50016e0 Ha; etot -5.25943e-6 Ha
Energy:     -84.0300322132 Ha after   14 iterations (in       0.40 seconds).
SCF Change: DM 3.37535e-5; eev 2.72167e-1 Ha; etot -1.41387e-5 Ha
Energy:     -84.0300463518 Ha after   15 iterations (in       0.34 seconds).
SCF Change: DM 1.85252e-5; eev 2.40937e-1 Ha; etot -1.84037e-6 Ha
Energy:     -84.0300481922 Ha after   16 iterations (in       0.31 seconds).
SCF Change: DM 1.28571e-5; eev 3.51568e-1 Ha; etot -7.74595e-7 Ha
Energy:     -84.0300489668 Ha after   17 iterations (in       0.31 seconds).
SCF Change: DM 3.99770e-6; eev 1.73836e-1 Ha; etot -3.70291e-7 Ha
Energy:     -84.0300493371 Ha after   18 iterations (in       0.36 seconds).
SCF Change: DM 6.22632e-6; eev 7.50906e-2 Ha; etot -1.01074e-7 Ha
Energy:     -84.0300494382 Ha after   19 iterations (in       0.33 seconds).
SCF Change: DM 5.45993e-6; eev 5.01425e-2 Ha; etot -1.13744e-7 Ha
Energy:     -84.0300495519 Ha after   20 iterations (in       0.31 seconds).
SCF Change: DM 7.15083e-6; eev 1.27623e-1 Ha; etot -7.62294e-8 Ha
Energy:     -84.0300496281 Ha after   21 iterations (in       0.35 seconds).
SCF Change: DM 2.05279e-6; eev 2.62943e-2 Ha; etot -6.16198e-8 Ha
Energy:     -84.0300496898 Ha after   22 iterations (in       0.38 seconds).
SCF Change: DM 4.44115e-6; eev 9.76030e-2 Ha; etot -1.33306e-8 Ha
Energy:     -84.0300497031 Ha after   23 iterations (in       0.33 seconds).
SCF Change: DM 1.57260e-6; eev 1.11601e-2 Ha; etot -2.58345e-8 Ha
Energy:     -84.0300497289 Ha after   24 iterations (in       0.35 seconds).
SCF Change: DM 1.84147e-6; eev 4.20109e-3 Ha; etot -8.33145e-9 Ha
Energy:     -84.0300497372 Ha after   25 iterations (in       0.34 seconds).
SCF Change: DM 1.88031e-6; eev 1.08581e-2 Ha; etot -7.41827e-9 Ha
Energy:     -84.0300497447 Ha after   26 iterations (in       0.36 seconds).
SCF Change: DM 1.63773e-6; eev 1.51295e-2 Ha; etot -6.22776e-9 Ha
Energy:     -84.0300497509 Ha after   27 iterations (in       0.35 seconds).
SCF Change: DM 1.71651e-6; eev 9.62232e-3 Ha; etot -3.62067e-9 Ha
Energy:     -84.0300497545 Ha after   28 iterations (in       0.36 seconds).
SCF Change: DM 4.48435e-7; eev 1.03157e-2 Ha; etot -2.23287e-9 Ha
Energy:     -84.0300497567 Ha after   29 iterations (in       0.33 seconds).
SCF Change: DM 3.89733e-7; eev 2.17651e-3 Ha; etot -2.97135e-10 Ha
Energy:     -84.0300497570 Ha after   30 iterations (in       0.32 seconds).
SCF Change: DM 1.74461e-7; eev 9.24243e-4 Ha; etot -2.68244e-10 Ha
Energy:     -84.0300497573 Ha after   31 iterations (in       0.31 seconds).
SCF Change: DM 2.91809e-7; eev 1.32697e-3 Ha; etot -9.81828e-11 Ha
Energy:     -84.0300497574 Ha after   32 iterations (in       0.32 seconds).
SCF Change: DM 2.23104e-7; eev 3.04095e-3 Ha; etot -1.31337e-10 Ha
Energy:     -84.0300497575 Ha after   33 iterations (in       0.30 seconds).
SCF Change: DM 9.90081e-8; eev 1.80047e-3 Ha; etot -6.58815e-11 Ha
Energy:     -84.0300497576 Ha after   34 iterations (in       0.31 seconds).
SCF Change: DM 4.41861e-8; eev 8.60384e-4 Ha; etot -1.71951e-11 Ha
Energy:     -84.0300497576 Ha after   35 iterations (in       0.32 seconds).
SCF Change: DM 5.31570e-8; eev 7.17760e-4 Ha; etot -5.82645e-12 Ha
Energy:     -84.0300497576 Ha after   36 iterations (in       0.30 seconds).
SCF Change: DM 1.65003e-8; eev 4.26452e-4 Ha; etot -6.73595e-12 Ha
Energy:     -84.0300497576 Ha after   37 iterations (in       0.33 seconds).
SCF Change: DM 4.61426e-8; eev 4.71962e-5 Ha; etot -3.21165e-12 Ha
Energy:     -84.0300497576 Ha after   38 iterations (in       0.32 seconds).
SCF Change: DM 2.20381e-8; eev 6.54143e-4 Ha; etot -5.30065e-12 Ha
Energy:     -84.0300497576 Ha after   39 iterations (in       0.30 seconds).
SCF Change: DM 4.98883e-8; eev 5.43696e-4 Ha; etot -9.23706e-13 Ha
Energy:     -84.0300497576 Ha after   40 iterations (in       0.34 seconds).
SCF Change: DM 4.23745e-9; eev 8.29596e-5 Ha; etot -1.71951e-12 Ha
Energy:     -84.0300497577 Ha after   41 iterations (in       0.36 seconds).
SCF Change: DM 1.60012e-8; eev 3.91462e-4 Ha; etot -5.25802e-13 Ha
Energy:     -84.0300497577 Ha after   42 iterations (in       0.34 seconds).
SCF Change: DM 1.51738e-8; eev 2.52771e-4 Ha; etot -1.19371e-12 Ha
Energy:     -84.0300497577 Ha after   43 iterations (in       0.33 seconds).
Energy increase is detected. Turn on the linear mixing algorithm with (H[DIIS, i-1] + H[DIIS, i+1]).
Prev_Energies: (    -84.03004976,     -84.03004976)
SCF Change: DM 1.14581e-8; eev 1.88267e-4 Ha; etot 9.37916e-13 Ha
Energy:     -84.0300497577 Ha after   44 iterations (in       0.33 seconds).
Energy increase is detected. Turn on the linear mixing algorithm with (H[DIIS, i-1] + H[DIIS, i+1]).
Prev_Energies: (    -84.03004976,     -84.03004976)
SCF Change: DM 1.49135e-8; eev 2.20300e-4 Ha; etot 4.68958e-13 Ha
Energy:     -84.0300497577 Ha after   45 iterations (in       0.36 seconds).
SCF Change: DM 2.18979e-8; eev 7.25809e-5 Ha; etot -2.74269e-12 Ha
Energy:     -84.0300497577 Ha after   46 iterations (in       0.34 seconds).
SCF Change: DM 1.15408e-8; eev 9.27168e-5 Ha; etot -2.21689e-12 Ha
Energy:     -84.0300497577 Ha after   47 iterations (in       0.33 seconds).
Energy increase is detected. Turn on the linear mixing algorithm with (H[DIIS, i-1] + H[DIIS, i+1]).
Prev_Energies: (    -84.03004976,     -84.03004976)
SCF Change: DM 8.88418e-9; eev 6.96453e-5 Ha; etot 2.30216e-12 Ha
Energy:     -84.0300497577 Ha after   48 iterations (in       0.34 seconds).
SCF Change: DM 1.61470e-8; eev 1.27283e-4 Ha; etot -1.27898e-13 Ha
Energy:     -84.0300497577 Ha after   49 iterations (in       0.36 seconds).
SCF Change: DM 2.44856e-9; eev 7.74865e-5 Ha; etot -2.98428e-13 Ha
Energy:     -84.0300497577 Ha after   50 iterations (in       0.34 seconds).
Energy increase is detected. Turn on the linear mixing algorithm with (H[DIIS, i-1] + H[DIIS, i+1]).
Prev_Energies: (    -84.03004976,     -84.03004976)
SCF Change: DM 1.67129e-9; eev 6.35335e-5 Ha; etot 3.69482e-13 Ha
Energy:     -84.0300497577 Ha after   51 iterations (in       0.33 seconds).
Energy increase is detected. Turn on the linear mixing algorithm with (H[DIIS, i-1] + H[DIIS, i+1]).
Prev_Energies: (    -84.03004976,     -84.03004976)
SCF Change: DM 2.39057e-9; eev 6.58351e-5 Ha; etot 3.26850e-13 Ha
Energy:     -84.0300497577 Ha after   52 iterations (in       0.31 seconds).
SCF Change: DM 5.72830e-9; eev 2.02974e-5 Ha; etot -1.63425e-12 Ha
Energy:     -84.0300497577 Ha after   53 iterations (in       0.30 seconds).
SCF Change: DM 2.28395e-10; eev 4.32086e-6 Ha; etot -7.81597e-13 Ha
Energy:     -84.0300497577 Ha after   54 iterations (in       0.29 seconds).
Energy increase is detected. Turn on the linear mixing algorithm with (H[DIIS, i-1] + H[DIIS, i+1]).
Prev_Energies: (    -84.03004976,     -84.03004976)
SCF Change: DM 2.74372e-10; eev 4.66272e-6 Ha; etot 1.47793e-12 Ha
Energy:     -84.0300497577 Ha after   55 iterations (in       0.33 seconds).
SCF Change: DM 9.69535e-10; eev 7.08879e-6 Ha; etot -5.25802e-13 Ha
Energy:     -84.0300497577 Ha after   56 iterations (in       0.30 seconds).
Energy increase is detected. Turn on the linear mixing algorithm with (H[DIIS, i-1] + H[DIIS, i+1]).
Prev_Energies: (    -84.03004976,     -84.03004976)
SCF Change: DM 7.24687e-10; eev 5.43649e-6 Ha; etot 1.56319e-12 Ha
Energy:     -84.0300497577 Ha after   57 iterations (in       0.28 seconds).
SCF Change: DM 1.46469e-9; eev 1.59127e-5 Ha; etot -1.73372e-12 Ha
Energy:     -84.0300497577 Ha after   58 iterations (in       0.31 seconds).
Energy increase is detected. Turn on the linear mixing algorithm with (H[DIIS, i-1] + H[DIIS, i+1]).
Prev_Energies: (    -84.03004976,     -84.03004976)
SCF Change: DM 1.13835e-9; eev 1.19853e-5 Ha; etot 1.60583e-12 Ha
Energy:     -84.0300497577 Ha after   59 iterations (in       0.31 seconds).
SCF Change: DM 1.30880e-9; eev 1.65364e-5 Ha; etot -7.81597e-13 Ha
Energy:     -84.0300497577 Ha after   60 iterations (in       0.30 seconds).
Energy increase is detected. Turn on the linear mixing algorithm with (H[DIIS, i-1] + H[DIIS, i+1]).
Prev_Energies: (    -84.03004976,     -84.03004976)
SCF Change: DM 1.02916e-9; eev 1.26737e-5 Ha; etot 1.22213e-12 Ha
Energy:     -84.0300497577 Ha after   61 iterations (in       0.30 seconds).
SCF Change: DM 1.13957e-9; eev 1.62544e-5 Ha; etot -2.55795e-13 Ha
Energy:     -84.0300497577 Ha after   62 iterations (in       0.30 seconds).
Energy increase is detected. Turn on the linear mixing algorithm with (H[DIIS, i-1] + H[DIIS, i+1]).
Prev_Energies: (    -84.03004976,     -84.03004976)
SCF Change: DM 9.08050e-10; eev 1.29159e-5 Ha; etot 1.42109e-14 Ha
Energy:     -84.0300497577 Ha after   63 iterations (in       0.33 seconds).
SCF Change: DM 9.31573e-10; eev 1.30029e-5 Ha; etot -7.10543e-14 Ha
Energy:     -84.0300497577 Ha after   64 iterations (in       0.32 seconds).
SCF Change: DM 8.28119e-11; eev 7.99185e-7 Ha; etot -1.16529e-12 Ha
Energy:     -84.0300497577 Ha after   65 iterations (in       0.34 seconds).
Energy increase is detected. Turn on the linear mixing algorithm with (H[DIIS, i-1] + H[DIIS, i+1]).
Prev_Energies: (    -84.03004976,     -84.03004976)
SCF Change: DM 6.44374e-11; eev 6.33731e-7 Ha; etot 1.22213e-12 Ha
Energy:     -84.0300497577 Ha after   66 iterations (in       0.33 seconds).
Energy increase is detected. Turn on the linear mixing algorithm with (H[DIIS, i-1] + H[DIIS, i+1]).
Prev_Energies: (    -84.03004976,     -84.03004976)
SCF Change: DM 6.79985e-11; eev 6.32157e-7 Ha; etot 1.56319e-13 Ha
Energy:     -84.0300497577 Ha after   67 iterations (in       0.36 seconds).
SCF Change: DM 2.24857e-11; eev 1.70261e-7 Ha; etot -4.68958e-13 Ha
Energy:     -84.0300497577 Ha after   68 iterations (in       0.35 seconds).
Energy increase is detected. Turn on the linear mixing algorithm with (H[DIIS, i-1] + H[DIIS, i+1]).
Prev_Energies: (    -84.03004976,     -84.03004976)
SCF Change: DM 1.47083e-11; eev 8.50959e-8 Ha; etot 1.64846e-12 Ha
Energy:     -84.0300497577 Ha after   69 iterations (in       0.31 seconds).
SCF Change: DM 3.84293e-11; eev 3.90962e-7 Ha; etot -1.53477e-12 Ha
Energy:     -84.0300497577 Ha after   70 iterations (in       0.30 seconds).
SCF Change: DM 5.87262e-12; eev 2.26958e-8 Ha; etot -1.69109e-12 Ha
Energy:     -84.0300497577 Ha after   71 iterations (in       0.31 seconds).
Energy increase is detected. Turn on the linear mixing algorithm with (H[DIIS, i-1] + H[DIIS, i+1]).
Prev_Energies: (    -84.03004976,     -84.03004976)
SCF Change: DM 4.55442e-12; eev 2.51766e-8 Ha; etot 7.24754e-13 Ha
Energy:     -84.0300497577 Ha after   72 iterations (in       0.29 seconds).
SCF Change: DM 6.89126e-12; eev 6.40997e-8 Ha; etot -5.54223e-13 Ha
Energy:     -84.0300497577 Ha after   73 iterations (in       0.28 seconds).
Energy increase is detected. Turn on the linear mixing algorithm with (H[DIIS, i-1] + H[DIIS, i+1]).
Prev_Energies: (    -84.03004976,     -84.03004976)
SCF Change: DM 5.51415e-12; eev 5.35622e-8 Ha; etot 4.12115e-13 Ha
Energy:     -84.0300497577 Ha after   74 iterations (in       0.29 seconds).
SCF Change: DM 5.82146e-12; eev 4.60178e-8 Ha; etot -8.52651e-14 Ha
Energy:     -84.0300497577 Ha after   75 iterations (in       0.34 seconds).
Energy increase is detected. Turn on the linear mixing algorithm with (H[DIIS, i-1] + H[DIIS, i+1]).
Prev_Energies: (    -84.03004976,     -84.03004976)
SCF Change: DM 4.60119e-12; eev 3.69466e-8 Ha; etot 3.26850e-13 Ha
Energy:     -84.0300497577 Ha after   76 iterations (in       0.30 seconds).
Energy increase is detected. Turn on the linear mixing algorithm with (H[DIIS, i-1] + H[DIIS, i+1]).
Prev_Energies: (    -84.03004976,     -84.03004976)
SCF Change: DM 4.69356e-12; eev 3.61251e-8 Ha; etot 1.98952e-13 Ha
Energy:     -84.0300497577 Ha after   77 iterations (in       0.35 seconds).
SCF Change: DM 6.64128e-13; eev 9.09623e-9 Ha; etot -8.10019e-13 Ha
Energy:     -84.0300497577 Ha after   78 iterations (in       0.32 seconds).
SCF is converged after   78 iterations.
==========================================
Now evaluate the    PT2 correlation energy
==========================================
----------------------------------------------------------------------
Methods         :       Total Corr,          OS Corr,          SS Corr
----------------------------------------------------------------------
PT2             :      -1.54770929,      -1.13775989,      -0.40994940
----------------------------------------------------------------------
Fifth-rung correlation energy :      -0.496518417482 Ha
E[XYGJOS]=:     -83.90363247 Ha, Ex[HF]:     -13.14508605 Ha, Ec[PT2  ]:      -1.54770929 Ha
Mulliken population analysis:
  0-C  :  -0.802593
  1-H  :   0.193637
  2-Br :   0.202552
  3-Br :   0.203202
  4-Br :   0.203202

====================================================
              REST: Mission accomplished
====================================================
The SCF energy        :     -84.0300497577 Ha
The (R)-xDH energy    :     -83.9036324736 Ha
Detailed time report:
Overall   |:   31.741 s for the whole job
PT2       |:    0.542 s for the PT2 evaluation
SCF       |:   30.694 s for the scf procedure
