=========================================================
Input parameters for the REST calculation
=========================================================
Calculation type: Single-point energy
The exchange-correlation method: xygjos
Print level:                1
The number of threads used for parallelism:      4
The spheric-GTO basis set is taken from /home/symei/def2-TZVPP-mixed
The pruning method is nwchem
The radial grid generation method is treutler
ERI Type: ri_v
Turn on the basis pair symmetry for RI 3D-tensors
The spheric-GTO auxiliary basis set is taken from /home/symei/def2-SV(P)-JKFIT
Spin polarization: Off
Charge:   0; Spin:   1
min_num_angular_points: 110
max_num_angular_points: 590
hardness: 3
Grid generation level: 3
Even tempered basis generation: false
SCF convergency thresholds: 1e-8 for density matrix
                            1e-8 Ha. for sum of eigenvalues
                            1e-8 Ha. for total energy
Max. SCF cycle number:      250
The diis mixing with (param, max_vec_len) = (0.2, 8) is employed for the SCF procedure
Turn on the diis mixing after 1 step(s) of SCF iteractions with the linear mixing
The specified checkfile exists but is not loaded because the keyword 'external_init_guess' is specified
It will be updated after the SCF procedure 
(none)
Initial guess is prepared by (sad).
It is a finite cluster calculation
the scf functional for 'xygjos' contains
The density functional 'B3LYP' belongs to the 'Hybrid GGA' family and is defined in the reference(s):
(0): P. J. Stephens, F. J. Devlin, C. F. Chabalowski, and M. J. Frisch.,  J. Phys. Chem. 98, 11623 (1994)
the post-scf functional 'xygjos' is employed, which contains
The density functional 'Slater exchange' belongs to the 'LDA' family and is defined in the reference(s):
(0): P. A. M. Dirac.,  Math. Proc. Cambridge Philos. Soc. 26, 376 (1930)
(1): F. Bloch.,  Z. Phys. 57, 545 (1929)
The density functional 'Becke 88' belongs to the 'GGA' family and is defined in the reference(s):
(0): A. D. Becke.,  Phys. Rev. A 38, 3098 (1988)
The density functional 'Vosko, Wilk & Nusair (VWN5_RPA)' belongs to the 'LDA' family and is defined in the reference(s):
(0): S. H. Vosko, L. Wilk, and M. Nusair.,  Can. J. Phys. 58, 1200 (1980)
The density functional 'Lee, Yang & Parr' belongs to the 'GGA' family and is defined in the reference(s):
(0): C. Lee, W. Yang, and R. G. Parr.,  Phys. Rev. B 37, 785 (1988)
(1): B. Miehlich, A. Savin, H. Stoll, and H. Preuss.,  Chem. Phys. Lett. 157, 200 (1989)
<start_mo> for the frozen-core post-SCF methods 10 is smaller than the number of ecp orbitals 14. Set <start_mo> = 0
Libxc version used in REST: 7.0.0
nbas: 33, natm: 3 for standard basis sets
First valence state for the frozen-core algorithm:     0
final nbas: 124,final natm: 6
numbasis: 93, num_auxbas: 361
Molecule_name: hobr
Restricted Hartree-Fock (or Kohn-Sham) algorithm is invoked.
Nuc_energy:      22.11088467 Hartree
No ghost effective potential
No ghost point charges
Overlap matrix is nonsigular:
  Lowest eigenvalue:       0.00274634 with the total number of basis functions:     93
Grid size: 45190
Generate SAD of O
Generate SAD of H
Generate SAD of Br
Initial guess HF energy:     -90.9298447337021116
The total energy:       -90.7496651003 Ha by the initial guess
Energy:     -83.1173810525 Ha after    1 iterations (in       0.06 seconds).
SCF Change: DM 8.56860e-2; eev  6.84937e1 Ha; etot  1.39570e1 Ha
Energy:     -69.1603425765 Ha after    2 iterations (in       0.07 seconds).
SCF Change: DM 4.20924e-3; eev 7.31688e-1 Ha; etot  5.16444e0 Ha
Energy:     -63.9959007934 Ha after    3 iterations (in       0.07 seconds).
SCF Change: DM 2.81036e-3; eev 5.57390e-1 Ha; etot -2.09698e0 Ha
Energy:     -66.0928825824 Ha after    4 iterations (in       0.06 seconds).
SCF Change: DM 3.84559e-3; eev  1.17919e0 Ha; etot  1.45749e0 Ha
Energy:     -64.6353943090 Ha after    5 iterations (in       0.06 seconds).
SCF Change: DM 8.80766e-5; eev 3.09311e-2 Ha; etot -1.30165e-1 Ha
Energy:     -64.7655592093 Ha after    6 iterations (in       0.06 seconds).
SCF Change: DM 2.11226e-3; eev 1.04666e-1 Ha; etot -2.50474e-2 Ha
Energy:     -64.7906065765 Ha after    7 iterations (in       0.06 seconds).
SCF Change: DM 2.80072e-2; eev  2.08670e0 Ha; etot -1.91155e-1 Ha
Energy:     -64.9817615201 Ha after    8 iterations (in       0.06 seconds).
SCF Change: DM 2.94328e-2; eev  1.13784e1 Ha; etot -1.26364e0 Ha
Energy:     -66.2453985286 Ha after    9 iterations (in       0.06 seconds).
SCF Change: DM 7.66117e-2; eev  6.86145e1 Ha; etot -4.56323e0 Ha
Energy:     -70.8086240822 Ha after   10 iterations (in       0.06 seconds).
SCF Change: DM 6.86675e-2; eev  5.18519e1 Ha; etot  1.08737e1 Ha
Energy:     -59.9349437981 Ha after   11 iterations (in       0.06 seconds).
SCF Change: DM 4.34494e-2; eev  2.96852e1 Ha; etot -2.95293e1 Ha
Energy:     -89.4642172355 Ha after   12 iterations (in       0.06 seconds).
SCF Change: DM 1.00220e-2; eev  7.27067e0 Ha; etot  3.07719e0 Ha
Energy:     -86.3870237611 Ha after   13 iterations (in       0.06 seconds).
SCF Change: DM 8.89319e-3; eev  3.11716e0 Ha; etot  3.18905e0 Ha
Energy:     -83.1979730422 Ha after   14 iterations (in       0.06 seconds).
SCF Change: DM 5.07828e-3; eev 8.15364e-1 Ha; etot  3.79293e0 Ha
Energy:     -79.4050393722 Ha after   15 iterations (in       0.06 seconds).
SCF Change: DM 3.36728e-3; eev 1.93816e-1 Ha; etot -1.25920e0 Ha
Energy:     -80.6642359236 Ha after   16 iterations (in       0.06 seconds).
SCF Change: DM 1.66546e-3; eev  1.84114e0 Ha; etot 7.85841e-1 Ha
Energy:     -79.8783946704 Ha after   17 iterations (in       0.06 seconds).
SCF Change: DM 5.49496e-3; eev  2.24686e0 Ha; etot 3.92176e-1 Ha
Energy:     -79.4862186357 Ha after   18 iterations (in       0.06 seconds).
SCF Change: DM 3.59616e-2; eev  5.52559e0 Ha; etot 8.68074e-1 Ha
Energy:     -78.6181441564 Ha after   19 iterations (in       0.06 seconds).
SCF Change: DM 1.55114e-2; eev  1.80644e2 Ha; etot -1.20162e1 Ha
Energy:     -90.6343438761 Ha after   20 iterations (in       0.06 seconds).
Energy increase is detected. Turn on the linear mixing algorithm with (H[DIIS, i-1] + H[DIIS, i+1]).
Prev_Energies: (    -90.63434388,     -90.63214446)
SCF Change: DM 1.44273e-2; eev  1.64911e2 Ha; etot 2.19942e-3 Ha
Energy:     -90.6321444578 Ha after   21 iterations (in       0.06 seconds).
SCF Change: DM 5.83000e-3; eev  1.44495e2 Ha; etot -9.93363e-2 Ha
Energy:     -90.7314807566 Ha after   22 iterations (in       0.06 seconds).
SCF Change: DM 7.90835e-4; eev  1.10056e2 Ha; etot -1.96031e-1 Ha
Energy:     -90.9275114126 Ha after   23 iterations (in       0.06 seconds).
SCF Change: DM 6.06467e-4; eev 7.68120e-1 Ha; etot -1.51542e-3 Ha
Energy:     -90.9290268314 Ha after   24 iterations (in       0.06 seconds).
SCF Change: DM 3.13458e-4; eev  2.03436e1 Ha; etot -6.13233e-4 Ha
Energy:     -90.9296400643 Ha after   25 iterations (in       0.06 seconds).
SCF Change: DM 7.25408e-4; eev  1.30025e1 Ha; etot -3.29415e-4 Ha
Energy:     -90.9299694793 Ha after   26 iterations (in       0.06 seconds).
SCF Change: DM 1.55318e-3; eev  1.06813e1 Ha; etot -6.68718e-4 Ha
Energy:     -90.9306381977 Ha after   27 iterations (in       0.06 seconds).
SCF Change: DM 8.74753e-5; eev  8.90940e0 Ha; etot -1.22959e-3 Ha
Energy:     -90.9318677888 Ha after   28 iterations (in       0.06 seconds).
SCF Change: DM 4.28395e-3; eev  2.46775e1 Ha; etot -7.67569e-5 Ha
Energy:     -90.9319445457 Ha after   29 iterations (in       0.06 seconds).
Energy increase is detected. Turn on the linear mixing algorithm with (H[DIIS, i-1] + H[DIIS, i+1]).
Prev_Energies: (    -90.93194455,     -90.93189387)
SCF Change: DM 3.79556e-3; eev  1.92130e1 Ha; etot 5.06802e-5 Ha
Energy:     -90.9318938655 Ha after   30 iterations (in       0.06 seconds).
SCF Change: DM 3.85539e-3; eev  1.32064e1 Ha; etot -4.24395e-4 Ha
Energy:     -90.9323182607 Ha after   31 iterations (in       0.06 seconds).
SCF Change: DM 1.41196e-3; eev  7.58087e0 Ha; etot -5.36096e-4 Ha
Energy:     -90.9328543567 Ha after   32 iterations (in       0.06 seconds).
Energy increase is detected. Turn on the linear mixing algorithm with (H[DIIS, i-1] + H[DIIS, i+1]).
Prev_Energies: (    -90.93285436,     -90.93094180)
SCF Change: DM 1.46586e-3; eev  8.37394e0 Ha; etot 1.91255e-3 Ha
Energy:     -90.9309418031 Ha after   33 iterations (in       0.06 seconds).
SCF Change: DM 5.65742e-4; eev  1.47923e0 Ha; etot -2.09531e-3 Ha
Energy:     -90.9330371122 Ha after   34 iterations (in       0.06 seconds).
SCF Change: DM 2.37658e-4; eev  1.25521e0 Ha; etot -3.32924e-5 Ha
Energy:     -90.9330704046 Ha after   35 iterations (in       0.06 seconds).
Energy increase is detected. Turn on the linear mixing algorithm with (H[DIIS, i-1] + H[DIIS, i+1]).
Prev_Energies: (    -90.93307040,     -90.93279668)
SCF Change: DM 2.26773e-4; eev  1.22896e0 Ha; etot 2.73729e-4 Ha
Energy:     -90.9327966758 Ha after   36 iterations (in       0.06 seconds).
SCF Change: DM 1.79271e-3; eev  1.07478e1 Ha; etot -2.67544e-4 Ha
Energy:     -90.9330642199 Ha after   37 iterations (in       0.06 seconds).
SCF Change: DM 7.25988e-4; eev  2.03618e0 Ha; etot -7.12765e-4 Ha
Energy:     -90.9337769845 Ha after   38 iterations (in       0.06 seconds).
SCF Change: DM 4.28378e-5; eev 2.32320e-1 Ha; etot -1.13183e-4 Ha
Energy:     -90.9338901671 Ha after   39 iterations (in       0.08 seconds).
SCF Change: DM 1.82156e-5; eev 2.76789e-1 Ha; etot -2.00447e-6 Ha
Energy:     -90.9338921715 Ha after   40 iterations (in       0.07 seconds).
SCF Change: DM 2.28965e-5; eev 7.36667e-3 Ha; etot -5.48664e-7 Ha
Energy:     -90.9338927202 Ha after   41 iterations (in       0.06 seconds).
SCF Change: DM 9.56148e-6; eev 6.43689e-2 Ha; etot -3.45967e-7 Ha
Energy:     -90.9338930662 Ha after   42 iterations (in       0.06 seconds).
SCF Change: DM 2.27319e-5; eev 4.03035e-2 Ha; etot -1.11220e-7 Ha
Energy:     -90.9338931774 Ha after   43 iterations (in       0.06 seconds).
SCF Change: DM 6.55973e-6; eev 6.79033e-3 Ha; etot -1.38338e-7 Ha
Energy:     -90.9338933157 Ha after   44 iterations (in       0.05 seconds).
SCF Change: DM 1.06906e-5; eev 1.25169e-2 Ha; etot -3.05225e-8 Ha
Energy:     -90.9338933463 Ha after   45 iterations (in       0.06 seconds).
SCF Change: DM 3.18216e-6; eev 1.05092e-3 Ha; etot -3.16202e-8 Ha
Energy:     -90.9338933779 Ha after   46 iterations (in       0.06 seconds).
SCF Change: DM 1.08721e-6; eev 4.45288e-3 Ha; etot -4.04890e-9 Ha
Energy:     -90.9338933819 Ha after   47 iterations (in       0.06 seconds).
SCF Change: DM 7.55196e-8; eev 1.04941e-4 Ha; etot -9.94817e-10 Ha
Energy:     -90.9338933829 Ha after   48 iterations (in       0.06 seconds).
SCF Change: DM 9.56831e-7; eev 2.34432e-3 Ha; etot -1.07860e-10 Ha
Energy:     -90.9338933830 Ha after   49 iterations (in       0.06 seconds).
Energy increase is detected. Turn on the linear mixing algorithm with (H[DIIS, i-1] + H[DIIS, i+1]).
Prev_Energies: (    -90.93389338,     -90.93389338)
SCF Change: DM 5.91846e-7; eev 2.51560e-3 Ha; etot 9.35216e-10 Ha
Energy:     -90.9338933821 Ha after   50 iterations (in       0.06 seconds).
SCF Change: DM 1.53026e-6; eev 1.22061e-3 Ha; etot -5.07939e-10 Ha
Energy:     -90.9338933826 Ha after   51 iterations (in       0.06 seconds).
Energy increase is detected. Turn on the linear mixing algorithm with (H[DIIS, i-1] + H[DIIS, i+1]).
Prev_Energies: (    -90.93389338,     -90.93389338)
SCF Change: DM 1.22202e-6; eev 1.11447e-3 Ha; etot 8.17053e-10 Ha
Energy:     -90.9338933818 Ha after   52 iterations (in       0.06 seconds).
SCF Change: DM 1.21836e-6; eev 7.53273e-4 Ha; etot -5.28587e-10 Ha
Energy:     -90.9338933823 Ha after   53 iterations (in       0.06 seconds).
Energy increase is detected. Turn on the linear mixing algorithm with (H[DIIS, i-1] + H[DIIS, i+1]).
Prev_Energies: (    -90.93389338,     -90.93389338)
SCF Change: DM 9.73307e-7; eev 6.60043e-4 Ha; etot 5.16792e-10 Ha
Energy:     -90.9338933818 Ha after   54 iterations (in       0.06 seconds).
SCF Change: DM 9.78310e-7; eev 3.35265e-4 Ha; etot -3.31013e-10 Ha
Energy:     -90.9338933821 Ha after   55 iterations (in       0.06 seconds).
Energy increase is detected. Turn on the linear mixing algorithm with (H[DIIS, i-1] + H[DIIS, i+1]).
Prev_Energies: (    -90.93389338,     -90.93389338)
SCF Change: DM 7.83819e-7; eev 2.68326e-4 Ha; etot 3.30218e-10 Ha
Energy:     -90.9338933818 Ha after   56 iterations (in       0.06 seconds).
SCF Change: DM 7.81028e-7; eev 2.86221e-4 Ha; etot -2.13589e-10 Ha
Energy:     -90.9338933820 Ha after   57 iterations (in       0.06 seconds).
Energy increase is detected. Turn on the linear mixing algorithm with (H[DIIS, i-1] + H[DIIS, i+1]).
Prev_Energies: (    -90.93389338,     -90.93389338)
SCF Change: DM 6.25125e-7; eev 2.26927e-4 Ha; etot 2.13248e-10 Ha
Energy:     -90.9338933818 Ha after   58 iterations (in       0.06 seconds).
SCF Change: DM 6.23441e-7; eev 2.34506e-4 Ha; etot -1.35955e-10 Ha
Energy:     -90.9338933819 Ha after   59 iterations (in       0.06 seconds).
Energy increase is detected. Turn on the linear mixing algorithm with (H[DIIS, i-1] + H[DIIS, i+1]).
Prev_Energies: (    -90.93389338,     -90.93389338)
SCF Change: DM 4.98733e-7; eev 1.87654e-4 Ha; etot 1.35515e-10 Ha
Energy:     -90.9338933818 Ha after   60 iterations (in       0.06 seconds).
SCF Change: DM 4.98825e-7; eev 1.85519e-4 Ha; etot -8.68425e-11 Ha
Energy:     -90.9338933819 Ha after   61 iterations (in       0.06 seconds).
Energy increase is detected. Turn on the linear mixing algorithm with (H[DIIS, i-1] + H[DIIS, i+1]).
Prev_Energies: (    -90.93389338,     -90.93389338)
SCF Change: DM 3.99063e-7; eev 1.48436e-4 Ha; etot 8.72120e-11 Ha
Energy:     -90.9338933818 Ha after   62 iterations (in       0.06 seconds).
SCF Change: DM 3.99061e-7; eev 1.48171e-4 Ha; etot -5.42428e-11 Ha
Energy:     -90.9338933818 Ha after   63 iterations (in       0.06 seconds).
Energy increase is detected. Turn on the linear mixing algorithm with (H[DIIS, i-1] + H[DIIS, i+1]).
Prev_Energies: (    -90.93389338,     -90.93389338)
SCF Change: DM 3.19247e-7; eev 1.18526e-4 Ha; etot 5.36033e-11 Ha
Energy:     -90.9338933818 Ha after   64 iterations (in       0.06 seconds).
SCF Change: DM 3.19240e-7; eev 1.18632e-4 Ha; etot -3.44755e-11 Ha
Energy:     -90.9338933818 Ha after   65 iterations (in       0.06 seconds).
Energy increase is detected. Turn on the linear mixing algorithm with (H[DIIS, i-1] + H[DIIS, i+1]).
Prev_Energies: (    -90.93389338,     -90.93389338)
SCF Change: DM 2.55393e-7; eev 9.49059e-5 Ha; etot 3.52145e-11 Ha
Energy:     -90.9338933818 Ha after   66 iterations (in       0.06 seconds).
SCF Change: DM 2.55389e-7; eev 9.48612e-5 Ha; etot -2.27658e-11 Ha
Energy:     -90.9338933818 Ha after   67 iterations (in       0.06 seconds).
Energy increase is detected. Turn on the linear mixing algorithm with (H[DIIS, i-1] + H[DIIS, i+1]).
Prev_Energies: (    -90.93389338,     -90.93389338)
SCF Change: DM 2.04311e-7; eev 7.58846e-5 Ha; etot 2.28511e-11 Ha
Energy:     -90.9338933818 Ha after   68 iterations (in       0.06 seconds).
SCF Change: DM 2.04311e-7; eev 7.59174e-5 Ha; etot -1.46656e-11 Ha
Energy:     -90.9338933818 Ha after   69 iterations (in       0.06 seconds).
Energy increase is detected. Turn on the linear mixing algorithm with (H[DIIS, i-1] + H[DIIS, i+1]).
Prev_Energies: (    -90.93389338,     -90.93389338)
SCF Change: DM 1.63449e-7; eev 6.07396e-5 Ha; etot 1.44382e-11 Ha
Energy:     -90.9338933818 Ha after   70 iterations (in       0.06 seconds).
SCF Change: DM 1.63449e-7; eev 6.07339e-5 Ha; etot -9.09495e-12 Ha
Energy:     -90.9338933818 Ha after   71 iterations (in       0.06 seconds).
Energy increase is detected. Turn on the linear mixing algorithm with (H[DIIS, i-1] + H[DIIS, i+1]).
Prev_Energies: (    -90.93389338,     -90.93389338)
SCF Change: DM 1.30759e-7; eev 4.85885e-5 Ha; etot 9.16600e-12 Ha
Energy:     -90.9338933818 Ha after   72 iterations (in       0.06 seconds).
SCF Change: DM 1.30760e-7; eev 4.85931e-5 Ha; etot -6.06803e-12 Ha
Energy:     -90.9338933818 Ha after   73 iterations (in       0.06 seconds).
Energy increase is detected. Turn on the linear mixing algorithm with (H[DIIS, i-1] + H[DIIS, i+1]).
Prev_Energies: (    -90.93389338,     -90.93389338)
SCF Change: DM 1.04608e-7; eev 3.88751e-5 Ha; etot 5.75540e-12 Ha
Energy:     -90.9338933818 Ha after   74 iterations (in       0.06 seconds).
SCF Change: DM 1.04608e-7; eev 3.88693e-5 Ha; etot -3.09797e-12 Ha
Energy:     -90.9338933818 Ha after   75 iterations (in       0.06 seconds).
Energy increase is detected. Turn on the linear mixing algorithm with (H[DIIS, i-1] + H[DIIS, i+1]).
Prev_Energies: (    -90.93389338,     -90.93389338)
SCF Change: DM 8.36864e-8; eev 3.10950e-5 Ha; etot 3.02691e-12 Ha
Energy:     -90.9338933818 Ha after   76 iterations (in       0.06 seconds).
SCF Change: DM 8.36869e-8; eev 3.10983e-5 Ha; etot -1.57740e-12 Ha
Energy:     -90.9338933818 Ha after   77 iterations (in       0.06 seconds).
Energy increase is detected. Turn on the linear mixing algorithm with (H[DIIS, i-1] + H[DIIS, i+1]).
Prev_Energies: (    -90.93389338,     -90.93389338)
SCF Change: DM 6.69495e-8; eev 2.48786e-5 Ha; etot 2.25953e-12 Ha
Energy:     -90.9338933818 Ha after   78 iterations (in       0.06 seconds).
SCF Change: DM 6.69496e-8; eev 2.48765e-5 Ha; etot -1.19371e-12 Ha
Energy:     -90.9338933818 Ha after   79 iterations (in       0.06 seconds).
Energy increase is detected. Turn on the linear mixing algorithm with (H[DIIS, i-1] + H[DIIS, i+1]).
Prev_Energies: (    -90.93389338,     -90.93389338)
SCF Change: DM 5.35596e-8; eev 1.99010e-5 Ha; etot 7.10543e-13 Ha
Energy:     -90.9338933818 Ha after   80 iterations (in       0.06 seconds).
SCF Change: DM 5.35597e-8; eev 1.99023e-5 Ha; etot -3.97904e-13 Ha
Energy:     -90.9338933818 Ha after   81 iterations (in       0.06 seconds).
Energy increase is detected. Turn on the linear mixing algorithm with (H[DIIS, i-1] + H[DIIS, i+1]).
Prev_Energies: (    -90.93389338,     -90.93389338)
SCF Change: DM 4.28477e-8; eev 1.59218e-5 Ha; etot 4.83169e-13 Ha
Energy:     -90.9338933818 Ha after   82 iterations (in       0.06 seconds).
SCF Change: DM 4.28478e-8; eev 1.59213e-5 Ha; etot -8.95284e-13 Ha
Energy:     -90.9338933818 Ha after   83 iterations (in       0.06 seconds).
Energy increase is detected. Turn on the linear mixing algorithm with (H[DIIS, i-1] + H[DIIS, i+1]).
Prev_Energies: (    -90.93389338,     -90.93389338)
SCF Change: DM 3.42782e-8; eev 1.27371e-5 Ha; etot 9.80549e-13 Ha
Energy:     -90.9338933818 Ha after   84 iterations (in       0.06 seconds).
SCF Change: DM 3.42783e-8; eev 1.27367e-5 Ha; etot -1.70530e-13 Ha
Energy:     -90.9338933818 Ha after   85 iterations (in       0.06 seconds).
Energy increase is detected. Turn on the linear mixing algorithm with (H[DIIS, i-1] + H[DIIS, i+1]).
Prev_Energies: (    -90.93389338,     -90.93389338)
SCF Change: DM 2.74226e-8; eev 1.01893e-5 Ha; etot 1.13687e-13 Ha
Energy:     -90.9338933818 Ha after   86 iterations (in       0.06 seconds).
Energy increase is detected. Turn on the linear mixing algorithm with (H[DIIS, i-1] + H[DIIS, i+1]).
Prev_Energies: (    -90.93389338,     -90.93389338)
SCF Change: DM 2.74226e-8; eev 1.01894e-5 Ha; etot 1.70530e-13 Ha
Energy:     -90.9338933818 Ha after   87 iterations (in       0.06 seconds).
SCF Change: DM 1.60291e-12; eev 4.95248e-10 Ha; etot -9.94760e-14 Ha
Energy:     -90.9338933818 Ha after   88 iterations (in       0.08 seconds).
SCF is converged after   88 iterations.
==========================================
Now evaluate the    PT2 correlation energy
==========================================
----------------------------------------------------------------------
Methods         :       Total Corr,          OS Corr,          SS Corr
----------------------------------------------------------------------
PT2             :      -0.87219518,      -0.65563190,      -0.21656328
----------------------------------------------------------------------
Fifth-rung correlation energy :      -0.286117762953 Ha
E[XYGJOS]=:     -90.72884438 Ha, Ex[HF]:     -11.04818489 Ha, Ec[PT2  ]:      -0.87219518 Ha
Mulliken population analysis:
  0-O  :  -0.393827
  1-H  :   0.213049
  2-Br :   0.180778

====================================================
              REST: Mission accomplished
====================================================
The SCF energy        :     -90.9338933818 Ha
The (R)-xDH energy    :     -90.7288443773 Ha
Detailed time report:
SCF       |:    6.675 s for the scf procedure
Overall   |:    7.301 s for the whole job
PT2       |:    0.127 s for the PT2 evaluation
