=========================================================
Input parameters for the REST calculation
=========================================================
Calculation type: Single-point energy
The exchange-correlation method: xygjos
Print level:                1
The number of threads used for parallelism:      4
The spheric-GTO basis set is taken from /home/symei/def2-TZVPP-mixed
The pruning method is nwchem
The radial grid generation method is treutler
ERI Type: ri_v
Turn on the basis pair symmetry for RI 3D-tensors
The spheric-GTO auxiliary basis set is taken from /home/symei/def2-SV(P)-JKFIT
Spin polarization: Off
Charge:   0; Spin:   1
min_num_angular_points: 110
max_num_angular_points: 590
hardness: 3
Grid generation level: 3
Even tempered basis generation: false
SCF convergency thresholds: 1e-8 for density matrix
                            1e-8 Ha. for sum of eigenvalues
                            1e-8 Ha. for total energy
Max. SCF cycle number:      250
The diis mixing with (param, max_vec_len) = (0.2, 8) is employed for the SCF procedure
Turn on the diis mixing after 1 step(s) of SCF iteractions with the linear mixing
The specified checkfile exists but is not loaded because the keyword 'external_init_guess' is specified
It will be updated after the SCF procedure 
(none)
Initial guess is prepared by (sad).
It is a finite cluster calculation
the scf functional for 'xygjos' contains
The density functional 'B3LYP' belongs to the 'Hybrid GGA' family and is defined in the reference(s):
(0): P. J. Stephens, F. J. Devlin, C. F. Chabalowski, and M. J. Frisch.,  J. Phys. Chem. 98, 11623 (1994)
the post-scf functional 'xygjos' is employed, which contains
The density functional 'Slater exchange' belongs to the 'LDA' family and is defined in the reference(s):
(0): P. A. M. Dirac.,  Math. Proc. Cambridge Philos. Soc. 26, 376 (1930)
(1): F. Bloch.,  Z. Phys. 57, 545 (1929)
The density functional 'Becke 88' belongs to the 'GGA' family and is defined in the reference(s):
(0): A. D. Becke.,  Phys. Rev. A 38, 3098 (1988)
The density functional 'Vosko, Wilk & Nusair (VWN5_RPA)' belongs to the 'LDA' family and is defined in the reference(s):
(0): S. H. Vosko, L. Wilk, and M. Nusair.,  Can. J. Phys. 58, 1200 (1980)
The density functional 'Lee, Yang & Parr' belongs to the 'GGA' family and is defined in the reference(s):
(0): C. Lee, W. Yang, and R. G. Parr.,  Phys. Rev. B 37, 785 (1988)
(1): B. Miehlich, A. Savin, H. Stoll, and H. Preuss.,  Chem. Phys. Lett. 157, 200 (1989)
<start_mo> for the frozen-core post-SCF methods 15 is larger than the number of ecp orbitals 14. Take the <start_mo> -= ecp_orbitals
Libxc version used in REST: 7.0.0
nbas: 148, natm: 18 for standard basis sets
First valence state for the frozen-core algorithm:     1
final nbas: 424,final natm: 36
numbasis: 388, num_auxbas: 914
Molecule_name: ring-c6br1
Restricted Hartree-Fock (or Kohn-Sham) algorithm is invoked.
Nuc_energy:     298.16491839 Hartree
No ghost effective potential
No ghost point charges
Overlap matrix is nonsigular:
  Lowest eigenvalue:       0.00009141 with the total number of basis functions:    388
Grid size: 214580
Generate SAD of C
Generate SAD of H
Generate SAD of Br
Initial guess HF energy:    -251.9721535845172298
The total energy:      -249.7922616146 Ha by the initial guess
Energy:    -200.0342856500 Ha after    1 iterations (in       1.52 seconds).
SCF Change: DM 7.76944e-1; eev  7.52112e1 Ha; etot  4.25821e0 Ha
Energy:    -195.7760738249 Ha after    2 iterations (in       1.49 seconds).
SCF Change: DM 7.57169e-1; eev  1.48016e1 Ha; etot -2.70362e0 Ha
Energy:    -198.4796913940 Ha after    3 iterations (in       1.49 seconds).
SCF Change: DM 2.74596e-1; eev  6.78482e1 Ha; etot -2.10490e1 Ha
Energy:    -219.5287281812 Ha after    4 iterations (in       1.52 seconds).
SCF Change: DM 2.42593e-2; eev  4.01032e0 Ha; etot  3.86517e1 Ha
Energy:    -180.8769958394 Ha after    5 iterations (in       1.49 seconds).
SCF Change: DM 6.63311e-3; eev  4.01539e1 Ha; etot -6.85181e1 Ha
Energy:    -249.3950847020 Ha after    6 iterations (in       1.50 seconds).
SCF Change: DM 2.34274e-3; eev  3.03513e1 Ha; etot -9.10636e-1 Ha
Energy:    -250.3057203994 Ha after    7 iterations (in       1.53 seconds).
SCF Change: DM 1.86131e-3; eev  1.24821e2 Ha; etot -1.02413e-1 Ha
Energy:    -250.4081331948 Ha after    8 iterations (in       1.54 seconds).
SCF Change: DM 5.24577e-4; eev  2.74612e2 Ha; etot -5.90037e-2 Ha
Energy:    -250.4671368645 Ha after    9 iterations (in       1.55 seconds).
SCF Change: DM 2.92610e-4; eev  9.87164e0 Ha; etot -3.39438e-3 Ha
Energy:    -250.4705312438 Ha after   10 iterations (in       1.52 seconds).
SCF Change: DM 2.23251e-4; eev  1.90861e1 Ha; etot -2.82327e-3 Ha
Energy:    -250.4733545160 Ha after   11 iterations (in       1.53 seconds).
SCF Change: DM 5.85766e-5; eev  2.44968e1 Ha; etot -1.00881e-3 Ha
Energy:    -250.4743633210 Ha after   12 iterations (in       1.55 seconds).
SCF Change: DM 2.77227e-5; eev  7.38483e0 Ha; etot -5.43225e-5 Ha
Energy:    -250.4744176436 Ha after   13 iterations (in       1.59 seconds).
SCF Change: DM 2.11993e-5; eev  6.16718e0 Ha; etot -1.47836e-5 Ha
Energy:    -250.4744324272 Ha after   14 iterations (in       1.50 seconds).
SCF Change: DM 1.33908e-5; eev  1.36890e0 Ha; etot -7.28165e-6 Ha
Energy:    -250.4744397088 Ha after   15 iterations (in       1.49 seconds).
SCF Change: DM 2.39031e-5; eev  1.78627e0 Ha; etot -3.64737e-6 Ha
Energy:    -250.4744433562 Ha after   16 iterations (in       1.49 seconds).
SCF Change: DM 1.02820e-5; eev 3.62382e-1 Ha; etot -4.86196e-6 Ha
Energy:    -250.4744482181 Ha after   17 iterations (in       1.52 seconds).
SCF Change: DM 1.25053e-5; eev 5.00787e-1 Ha; etot -1.72228e-6 Ha
Energy:    -250.4744499404 Ha after   18 iterations (in       1.51 seconds).
SCF Change: DM 2.59282e-5; eev 6.08902e-1 Ha; etot -1.74637e-6 Ha
Energy:    -250.4744516868 Ha after   19 iterations (in       1.49 seconds).
SCF Change: DM 2.96937e-5; eev 9.16648e-1 Ha; etot -2.87459e-6 Ha
Energy:    -250.4744545614 Ha after   20 iterations (in       1.53 seconds).
SCF Change: DM 2.66521e-5; eev 5.23146e-1 Ha; etot -2.09857e-6 Ha
Energy:    -250.4744566599 Ha after   21 iterations (in       1.51 seconds).
SCF Change: DM 4.52130e-6; eev 2.30360e-1 Ha; etot -7.31187e-7 Ha
Energy:    -250.4744573911 Ha after   22 iterations (in       1.50 seconds).
SCF Change: DM 4.32902e-6; eev 8.32864e-2 Ha; etot -2.78412e-8 Ha
Energy:    -250.4744574190 Ha after   23 iterations (in       1.52 seconds).
SCF Change: DM 1.21611e-6; eev 4.06485e-2 Ha; etot -2.33047e-8 Ha
Energy:    -250.4744574423 Ha after   24 iterations (in       1.50 seconds).
SCF Change: DM 1.58380e-6; eev 1.50623e-2 Ha; etot -1.47487e-8 Ha
Energy:    -250.4744574570 Ha after   25 iterations (in       1.49 seconds).
SCF Change: DM 2.98341e-6; eev 4.36123e-3 Ha; etot -2.06303e-8 Ha
Energy:    -250.4744574777 Ha after   26 iterations (in       1.47 seconds).
SCF Change: DM 6.45202e-6; eev 6.49271e-2 Ha; etot -3.21594e-8 Ha
Energy:    -250.4744575098 Ha after   27 iterations (in       1.50 seconds).
SCF Change: DM 1.58495e-6; eev 3.19401e-3 Ha; etot -4.55857e-8 Ha
Energy:    -250.4744575554 Ha after   28 iterations (in       1.53 seconds).
SCF Change: DM 2.31479e-6; eev 2.42655e-3 Ha; etot -5.93184e-9 Ha
Energy:    -250.4744575613 Ha after   29 iterations (in       1.54 seconds).
SCF Change: DM 8.06523e-7; eev 8.58365e-3 Ha; etot -4.32425e-9 Ha
Energy:    -250.4744575657 Ha after   30 iterations (in       1.49 seconds).
SCF Change: DM 2.37584e-7; eev 1.29117e-2 Ha; etot -2.84217e-10 Ha
Energy:    -250.4744575659 Ha after   31 iterations (in       1.66 seconds).
SCF Change: DM 1.31152e-7; eev 1.40213e-3 Ha; etot -2.75179e-10 Ha
Energy:    -250.4744575662 Ha after   32 iterations (in       1.61 seconds).
SCF Change: DM 1.36680e-7; eev 8.25008e-3 Ha; etot -6.24709e-11 Ha
Energy:    -250.4744575663 Ha after   33 iterations (in       1.53 seconds).
SCF Change: DM 1.31999e-7; eev 5.53932e-3 Ha; etot -7.88418e-11 Ha
Energy:    -250.4744575664 Ha after   34 iterations (in       1.56 seconds).
SCF Change: DM 6.55660e-8; eev 1.82204e-3 Ha; etot -6.77005e-11 Ha
Energy:    -250.4744575664 Ha after   35 iterations (in       1.52 seconds).
SCF Change: DM 7.88770e-8; eev 2.78037e-3 Ha; etot -2.26237e-11 Ha
Energy:    -250.4744575664 Ha after   36 iterations (in       1.48 seconds).
Energy increase is detected. Turn on the linear mixing algorithm with (H[DIIS, i-1] + H[DIIS, i+1]).
Prev_Energies: (   -250.47445757,    -250.47445757)
SCF Change: DM 5.53118e-8; eev 2.05166e-3 Ha; etot 7.33280e-12 Ha
Energy:    -250.4744575664 Ha after   37 iterations (in       1.49 seconds).
SCF Change: DM 1.18833e-7; eev 3.32066e-3 Ha; etot -3.41061e-12 Ha
Energy:    -250.4744575664 Ha after   38 iterations (in       1.51 seconds).
SCF Change: DM 2.01174e-8; eev 4.14854e-4 Ha; etot -1.21076e-11 Ha
Energy:    -250.4744575665 Ha after   39 iterations (in       1.47 seconds).
SCF Change: DM 4.02794e-8; eev 9.58992e-4 Ha; etot -8.98126e-12 Ha
Energy:    -250.4744575665 Ha after   40 iterations (in       1.50 seconds).
SCF Change: DM 3.28961e-8; eev 4.75502e-4 Ha; etot -1.30171e-11 Ha
Energy:    -250.4744575665 Ha after   41 iterations (in       1.49 seconds).
Energy increase is detected. Turn on the linear mixing algorithm with (H[DIIS, i-1] + H[DIIS, i+1]).
Prev_Energies: (   -250.47445757,    -250.47445757)
SCF Change: DM 1.94970e-8; eev 4.95100e-4 Ha; etot 1.70530e-11 Ha
Energy:    -250.4744575665 Ha after   42 iterations (in       1.48 seconds).
SCF Change: DM 8.49929e-8; eev 9.75020e-5 Ha; etot -1.87583e-12 Ha
Energy:    -250.4744575665 Ha after   43 iterations (in       1.49 seconds).
SCF Change: DM 1.55899e-8; eev 4.48097e-4 Ha; etot -8.69704e-12 Ha
Energy:    -250.4744575665 Ha after   44 iterations (in       1.46 seconds).
Energy increase is detected. Turn on the linear mixing algorithm with (H[DIIS, i-1] + H[DIIS, i+1]).
Prev_Energies: (   -250.47445757,    -250.47445757)
SCF Change: DM 1.20094e-8; eev 3.58880e-4 Ha; etot 4.77485e-12 Ha
Energy:    -250.4744575665 Ha after   45 iterations (in       1.48 seconds).
Energy increase is detected. Turn on the linear mixing algorithm with (H[DIIS, i-1] + H[DIIS, i+1]).
Prev_Energies: (   -250.47445757,    -250.47445757)
SCF Change: DM 1.26462e-8; eev 3.62128e-4 Ha; etot 4.37694e-12 Ha
Energy:    -250.4744575665 Ha after   46 iterations (in       1.48 seconds).
SCF Change: DM 4.20923e-9; eev 4.56513e-6 Ha; etot -5.68434e-12 Ha
Energy:    -250.4744575665 Ha after   47 iterations (in       1.49 seconds).
SCF Change: DM 6.99814e-10; eev 2.29721e-5 Ha; etot -4.20641e-12 Ha
Energy:    -250.4744575665 Ha after   48 iterations (in       1.49 seconds).
Energy increase is detected. Turn on the linear mixing algorithm with (H[DIIS, i-1] + H[DIIS, i+1]).
Prev_Energies: (   -250.47445757,    -250.47445757)
SCF Change: DM 4.66479e-10; eev 1.43192e-5 Ha; etot 7.38964e-13 Ha
Energy:    -250.4744575665 Ha after   49 iterations (in       1.46 seconds).
SCF Change: DM 8.56860e-10; eev 3.68221e-5 Ha; etot -3.24007e-12 Ha
Energy:    -250.4744575665 Ha after   50 iterations (in       1.49 seconds).
Energy increase is detected. Turn on the linear mixing algorithm with (H[DIIS, i-1] + H[DIIS, i+1]).
Prev_Energies: (   -250.47445757,    -250.47445757)
SCF Change: DM 6.43226e-10; eev 2.85128e-5 Ha; etot 5.28644e-12 Ha
Energy:    -250.4744575665 Ha after   51 iterations (in       1.46 seconds).
SCF Change: DM 8.44589e-10; eev 3.47961e-5 Ha; etot -8.41283e-12 Ha
Energy:    -250.4744575665 Ha after   52 iterations (in       1.59 seconds).
Energy increase is detected. Turn on the linear mixing algorithm with (H[DIIS, i-1] + H[DIIS, i+1]).
Prev_Energies: (   -250.47445757,    -250.47445757)
SCF Change: DM 6.52457e-10; eev 2.73518e-5 Ha; etot 2.55795e-12 Ha
Energy:    -250.4744575665 Ha after   53 iterations (in       1.55 seconds).
Energy increase is detected. Turn on the linear mixing algorithm with (H[DIIS, i-1] + H[DIIS, i+1]).
Prev_Energies: (   -250.47445757,    -250.47445757)
SCF Change: DM 6.75065e-10; eev 2.79152e-5 Ha; etot 7.44649e-12 Ha
Energy:    -250.4744575665 Ha after   54 iterations (in       1.51 seconds).
Energy increase is detected. Turn on the linear mixing algorithm with (H[DIIS, i-1] + H[DIIS, i+1]).
Prev_Energies: (   -250.47445757,    -250.47445757)
SCF Change: DM 5.26730e-10; eev 2.19366e-5 Ha; etot 1.81899e-12 Ha
Energy:    -250.4744575665 Ha after   55 iterations (in       1.50 seconds).
SCF Change: DM 5.97273e-10; eev 2.41821e-5 Ha; etot -6.59384e-12 Ha
Energy:    -250.4744575665 Ha after   56 iterations (in       1.51 seconds).
SCF Change: DM 2.68733e-11; eev 1.06980e-7 Ha; etot -4.26326e-12 Ha
Energy:    -250.4744575665 Ha after   57 iterations (in       1.49 seconds).
SCF Change: DM 4.06174e-12; eev 7.33351e-9 Ha; etot -6.82121e-13 Ha
Energy:    -250.4744575665 Ha after   58 iterations (in       1.53 seconds).
SCF is converged after   58 iterations.
==========================================
Now evaluate the    PT2 correlation energy
==========================================
----------------------------------------------------------------------
Methods         :       Total Corr,          OS Corr,          SS Corr
----------------------------------------------------------------------
PT2             :      -1.99066400,      -1.51528101,      -0.47538299
----------------------------------------------------------------------
Fifth-rung correlation energy :      -0.661268631743 Ha
E[XYGJOS]=:    -249.81455569 Ha, Ex[HF]:     -37.64733305 Ha, Ec[PT2  ]:      -1.99066400 Ha
Mulliken population analysis:
  0-C  :  -0.070031
  1-C  :  -0.390925
  2-C  :  -0.070031
  3-C  :  -0.130790
  4-C  :  -0.108836
  5-C  :  -0.130790
  6-H  :   0.082369
  7-H  :   0.103095
  8-H  :   0.064658
  9-H  :   0.082369
 10-H  :   0.059919
 11-H  :   0.074704
 12-H  :   0.070495
 13-H  :   0.055338
 14-H  :   0.059919
 15-H  :   0.074705
 16-H  :   0.064658
 17-Br :   0.109175

====================================================
              REST: Mission accomplished
====================================================
The SCF energy        :    -250.4744575665 Ha
The (R)-xDH energy    :    -249.8145556944 Ha
Detailed time report:
PT2       |:    2.669 s for the PT2 evaluation
SCF       |:  104.614 s for the scf procedure
Overall   |:  107.800 s for the whole job
